[0.238s] Invoking command in '/home/wheeltec/wheeltec_ros2/build/wheeltec_gps_driver': CMAKE_PREFIX_PATH=${CMAKE_PREFIX_PATH}:/home/wheeltec/wheeltec_ros2/install/wheeltec_dual_rtk_driver:/home/wheeltec/wheeltec_ros2/install/ultralytics_ros2:/home/wheeltec/wheeltec_ros2/install/tf2_tools:/home/wheeltec/wheeltec_ros2/install/nav2_waypoint_cycle:/home/wheeltec/wheeltec_ros2/install/nav2_simple_commander:/home/wheeltec/wheeltec_ros2/install/auto_recharge_ros2:/home/wheeltec/autoware/install/autoware_wheeltec_interface:/home/wheeltec/autoware/install/ad_api_visualizers:/opt/ros/humble /usr/bin/cmake --build /home/wheeltec/wheeltec_ros2/build/wheeltec_gps_driver -- -j6 -l6
[0.361s] [35m[1mConsolidate compiler generated dependencies of target gps_path[0m
[0.407s] [100%] Built target gps_path
[0.432s] Invoked command in '/home/wheeltec/wheeltec_ros2/build/wheeltec_gps_driver' returned '0': CMAKE_PREFIX_PATH=${CMAKE_PREFIX_PATH}:/home/wheeltec/wheeltec_ros2/install/wheeltec_dual_rtk_driver:/home/wheeltec/wheeltec_ros2/install/ultralytics_ros2:/home/wheeltec/wheeltec_ros2/install/tf2_tools:/home/wheeltec/wheeltec_ros2/install/nav2_waypoint_cycle:/home/wheeltec/wheeltec_ros2/install/nav2_simple_commander:/home/wheeltec/wheeltec_ros2/install/auto_recharge_ros2:/home/wheeltec/autoware/install/autoware_wheeltec_interface:/home/wheeltec/autoware/install/ad_api_visualizers:/opt/ros/humble /usr/bin/cmake --build /home/wheeltec/wheeltec_ros2/build/wheeltec_gps_driver -- -j6 -l6
[0.440s] Invoking command in '/home/wheeltec/wheeltec_ros2/build/wheeltec_gps_driver': CMAKE_PREFIX_PATH=${CMAKE_PREFIX_PATH}:/home/wheeltec/wheeltec_ros2/install/wheeltec_dual_rtk_driver:/home/wheeltec/wheeltec_ros2/install/ultralytics_ros2:/home/wheeltec/wheeltec_ros2/install/tf2_tools:/home/wheeltec/wheeltec_ros2/install/nav2_waypoint_cycle:/home/wheeltec/wheeltec_ros2/install/nav2_simple_commander:/home/wheeltec/wheeltec_ros2/install/auto_recharge_ros2:/home/wheeltec/autoware/install/autoware_wheeltec_interface:/home/wheeltec/autoware/install/ad_api_visualizers:/opt/ros/humble /usr/bin/cmake --install /home/wheeltec/wheeltec_ros2/build/wheeltec_gps_driver
[0.462s] -- Install configuration: ""
[0.463s] -- Execute custom install script
[0.464s] -- Up-to-date symlink: /home/wheeltec/wheeltec_ros2/install/wheeltec_gps_driver/lib/wheeltec_gps_driver/gps_path
[0.468s] -- Up-to-date symlink: /home/wheeltec/wheeltec_ros2/install/wheeltec_gps_driver/share/wheeltec_gps_driver/launch/nmea_gps_path.launch.py
[0.471s] -- Up-to-date symlink: /home/wheeltec/wheeltec_ros2/install/wheeltec_gps_driver/share/wheeltec_gps_driver/launch/nmea_gps_path_dualrtk.launch.py
[0.471s] -- Up-to-date symlink: /home/wheeltec/wheeltec_ros2/install/wheeltec_gps_driver/share/wheeltec_gps_driver/launch/ublox_gps_path.launch.py
[0.471s] -- Up-to-date symlink: /home/wheeltec/wheeltec_ros2/install/wheeltec_gps_driver/share/wheeltec_gps_driver/launch/unicore_gps_path_dualrtk.launch.py
[0.471s] -- Up-to-date symlink: /home/wheeltec/wheeltec_ros2/install/wheeltec_gps_driver/share/wheeltec_gps_driver/launch/wheeltec_dual_rtk_driver_nmea.launch.py
[0.471s] -- Up-to-date symlink: /home/wheeltec/wheeltec_ros2/install/wheeltec_gps_driver/share/wheeltec_gps_driver/launch/wheeltec_dual_rtk_driver_unicore.launch.py
[0.472s] -- Up-to-date symlink: /home/wheeltec/wheeltec_ros2/install/wheeltec_gps_driver/share/wheeltec_gps_driver/launch/wheeltec_nmea_driver.launch.py
[0.472s] -- Up-to-date symlink: /home/wheeltec/wheeltec_ros2/install/wheeltec_gps_driver/share/wheeltec_gps_driver/launch/wheeltec_ublox_driver.launch.py
[0.473s] -- Up-to-date symlink: /home/wheeltec/wheeltec_ros2/install/wheeltec_gps_driver/share/wheeltec_gps_driver/config/nmea_serial_driver.yaml
[0.475s] -- Up-to-date symlink: /home/wheeltec/wheeltec_ros2/install/wheeltec_gps_driver/share/wheeltec_gps_driver/config/path.rviz
[0.477s] -- Up-to-date symlink: /home/wheeltec/wheeltec_ros2/install/wheeltec_gps_driver/share/wheeltec_gps_driver/config/ublox_serial_driver.yaml
[0.477s] -- Up-to-date symlink: /home/wheeltec/wheeltec_ros2/install/wheeltec_gps_driver/share/wheeltec_gps_driver/config/wheeltec_dual_rtk_nmea_serial_driver.yaml
[0.477s] -- Up-to-date symlink: /home/wheeltec/wheeltec_ros2/install/wheeltec_gps_driver/share/ament_index/resource_index/package_run_dependencies/wheeltec_gps_driver
[0.477s] -- Up-to-date symlink: /home/wheeltec/wheeltec_ros2/install/wheeltec_gps_driver/share/ament_index/resource_index/parent_prefix_path/wheeltec_gps_driver
[0.477s] -- Up-to-date symlink: /home/wheeltec/wheeltec_ros2/install/wheeltec_gps_driver/share/wheeltec_gps_driver/environment/ament_prefix_path.sh
[0.477s] -- Up-to-date symlink: /home/wheeltec/wheeltec_ros2/install/wheeltec_gps_driver/share/wheeltec_gps_driver/environment/ament_prefix_path.dsv
[0.478s] -- Up-to-date symlink: /home/wheeltec/wheeltec_ros2/install/wheeltec_gps_driver/share/wheeltec_gps_driver/environment/path.sh
[0.478s] -- Up-to-date symlink: /home/wheeltec/wheeltec_ros2/install/wheeltec_gps_driver/share/wheeltec_gps_driver/environment/path.dsv
[0.478s] -- Up-to-date symlink: /home/wheeltec/wheeltec_ros2/install/wheeltec_gps_driver/share/wheeltec_gps_driver/local_setup.bash
[0.478s] -- Up-to-date symlink: /home/wheeltec/wheeltec_ros2/install/wheeltec_gps_driver/share/wheeltec_gps_driver/local_setup.sh
[0.478s] -- Up-to-date symlink: /home/wheeltec/wheeltec_ros2/install/wheeltec_gps_driver/share/wheeltec_gps_driver/local_setup.zsh
[0.478s] -- Up-to-date symlink: /home/wheeltec/wheeltec_ros2/install/wheeltec_gps_driver/share/wheeltec_gps_driver/local_setup.dsv
[0.478s] -- Symlinking: /home/wheeltec/wheeltec_ros2/install/wheeltec_gps_driver/share/wheeltec_gps_driver/package.dsv
[0.508s] -- Up-to-date symlink: /home/wheeltec/wheeltec_ros2/install/wheeltec_gps_driver/share/ament_index/resource_index/packages/wheeltec_gps_driver
[0.508s] -- Up-to-date symlink: /home/wheeltec/wheeltec_ros2/install/wheeltec_gps_driver/share/wheeltec_gps_driver/cmake/wheeltec_gps_driverConfig.cmake
[0.509s] -- Up-to-date symlink: /home/wheeltec/wheeltec_ros2/install/wheeltec_gps_driver/share/wheeltec_gps_driver/cmake/wheeltec_gps_driverConfig-version.cmake
[0.509s] -- Up-to-date symlink: /home/wheeltec/wheeltec_ros2/install/wheeltec_gps_driver/share/wheeltec_gps_driver/package.xml
[0.514s] Invoked command in '/home/wheeltec/wheeltec_ros2/build/wheeltec_gps_driver' returned '0': CMAKE_PREFIX_PATH=${CMAKE_PREFIX_PATH}:/home/wheeltec/wheeltec_ros2/install/wheeltec_dual_rtk_driver:/home/wheeltec/wheeltec_ros2/install/ultralytics_ros2:/home/wheeltec/wheeltec_ros2/install/tf2_tools:/home/wheeltec/wheeltec_ros2/install/nav2_waypoint_cycle:/home/wheeltec/wheeltec_ros2/install/nav2_simple_commander:/home/wheeltec/wheeltec_ros2/install/auto_recharge_ros2:/home/wheeltec/autoware/install/autoware_wheeltec_interface:/home/wheeltec/autoware/install/ad_api_visualizers:/opt/ros/humble /usr/bin/cmake --install /home/wheeltec/wheeltec_ros2/build/wheeltec_gps_driver
