[0.554s] Invoking command in '/home/wheeltec/wheeltec_ros2/build/astra_camera_msgs': CMAKE_PREFIX_PATH=${CMAKE_PREFIX_PATH}:/home/wheeltec/wheeltec_ros2/install/simple_follower_ros2:/home/wheeltec/wheeltec_ros2/install/wheeltec_robot_keyboard:/home/wheeltec/wheeltec_ros2/install/wheeltec_dual_rtk_driver:/home/wheeltec/wheeltec_ros2/install/ultralytics_ros2:/home/wheeltec/wheeltec_ros2/install/tf2_tools:/home/wheeltec/wheeltec_ros2/install/ollama_ros_chat:/home/wheeltec/wheeltec_ros2/install/nmea_navsat_driver:/home/wheeltec/wheeltec_ros2/install/nav2_waypoint_cycle:/home/wheeltec/wheeltec_ros2/install/nav2_simple_commander:/home/wheeltec/wheeltec_ros2/install/largemodel:/home/wheeltec/wheeltec_ros2/install/auto_recharge_ros2:/home/wheeltec/autoware/install/autoware_wheeltec_interface:/home/wheeltec/autoware/install/autoware_multi_point:/home/wheeltec/autoware/install/ad_api_visualizers:/opt/ros/humble /usr/bin/cmake --build /home/wheeltec/wheeltec_ros2/build/astra_camera_msgs -- -j6 -l6
[0.869s] gmake: Warning: File 'Makefile' has modification time 1766048244 s in the future
[1.407s] gmake[1]: Warning: File 'CMakeFiles/Makefile2' has modification time 1766048243 s in the future
[1.458s] gmake[2]: Warning: File 'CMakeFiles/astra_camera_msgs__cpp.dir/progress.make' has modification time 1766048243 s in the future
[1.459s] gmake[2]: Warning: File 'CMakeFiles/ament_cmake_python_symlink_astra_camera_msgs.dir/progress.make' has modification time 1766048243 s in the future
[1.463s] gmake[2]: Warning: File 'CMakeFiles/astra_camera_msgs__rosidl_generator_c.dir/flags.make' has modification time 1766048243 s in the future
[1.633s] gmake[2]: warning:  Clock skew detected.  Your build may be incomplete.
[1.684s] gmake[2]: warning:  Clock skew detected.  Your build may be incomplete.
[1.701s] gmake[2]: Warning: File 'CMakeFiles/astra_camera_msgs__rosidl_generator_c.dir/flags.make' has modification time 1766048243 s in the future
[1.713s] gmake[2]: warning:  Clock skew detected.  Your build may be incomplete.
[1.724s] gmake[2]: Warning: File 'CMakeFiles/ament_cmake_python_symlink_astra_camera_msgs.dir/progress.make' has modification time 1766048243 s in the future
[1.736s] gmake[2]: warning:  Clock skew detected.  Your build may be incomplete.
[1.805s] gmake[2]: Warning: File 'CMakeFiles/astra_camera_msgs__cpp.dir/progress.make' has modification time 1766048243 s in the future
[1.813s] gmake[2]: warning:  Clock skew detected.  Your build may be incomplete.
[1.989s] gmake[2]: warning:  Clock skew detected.  Your build may be incomplete.
[2.077s] [ 11%] Built target astra_camera_msgs__rosidl_generator_c
[2.162s] gmake[2]: Warning: File 'CMakeFiles/astra_camera_msgs__rosidl_typesupport_fastrtps_c.dir/flags.make' has modification time 1766048242 s in the future
[2.163s] gmake[2]: Warning: File 'CMakeFiles/astra_camera_msgs__rosidl_typesupport_c.dir/flags.make' has modification time 1766048242 s in the future
[2.176s] gmake[2]: Warning: File 'CMakeFiles/astra_camera_msgs__rosidl_typesupport_introspection_c.dir/flags.make' has modification time 1766048242 s in the future
[2.227s] [ 12%] Built target astra_camera_msgs__cpp
[2.247s] [ 12%] Built target ament_cmake_python_symlink_astra_camera_msgs
[2.341s] gmake[2]: Warning: File 'CMakeFiles/astra_camera_msgs__rosidl_typesupport_fastrtps_cpp.dir/flags.make' has modification time 1766048242 s in the future
[2.355s] gmake[2]: Warning: File 'CMakeFiles/astra_camera_msgs__rosidl_typesupport_introspection_cpp.dir/flags.make' has modification time 1766048242 s in the future
[2.365s] gmake[2]: Warning: File 'CMakeFiles/astra_camera_msgs__rosidl_typesupport_cpp.dir/flags.make' has modification time 1766048242 s in the future
[2.519s] gmake[2]: warning:  Clock skew detected.  Your build may be incomplete.
[2.585s] gmake[2]: Warning: File 'CMakeFiles/astra_camera_msgs__rosidl_typesupport_fastrtps_c.dir/flags.make' has modification time 1766048242 s in the future
[2.599s] gmake[2]: warning:  Clock skew detected.  Your build may be incomplete.
[2.609s] gmake[2]: warning:  Clock skew detected.  Your build may be incomplete.
[2.682s] gmake[2]: Warning: File 'CMakeFiles/astra_camera_msgs__rosidl_typesupport_c.dir/flags.make' has modification time 1766048242 s in the future
[2.682s] gmake[2]: warning:  Clock skew detected.  Your build may be incomplete.
[2.689s] gmake[2]: warning:  Clock skew detected.  Your build may be incomplete.
[2.778s] gmake[2]: warning:  Clock skew detected.  Your build may be incomplete.
[2.785s] gmake[2]: Warning: File 'CMakeFiles/astra_camera_msgs__rosidl_typesupport_introspection_c.dir/flags.make' has modification time 1766048242 s in the future
[2.793s] gmake[2]: warning:  Clock skew detected.  Your build may be incomplete.
[2.815s] gmake[2]: warning:  Clock skew detected.  Your build may be incomplete.
[2.842s] gmake[2]: warning:  Clock skew detected.  Your build may be incomplete.
[2.854s] gmake[2]: Warning: File 'CMakeFiles/astra_camera_msgs__rosidl_typesupport_fastrtps_cpp.dir/flags.make' has modification time 1766048242 s in the future
[2.872s] gmake[2]: warning:  Clock skew detected.  Your build may be incomplete.
[2.919s] gmake[2]: Warning: File 'CMakeFiles/astra_camera_msgs__rosidl_typesupport_introspection_cpp.dir/flags.make' has modification time 1766048242 s in the future
[2.929s] gmake[2]: Warning: File 'CMakeFiles/astra_camera_msgs__rosidl_typesupport_cpp.dir/flags.make' has modification time 1766048242 s in the future
[2.951s] gmake[2]: warning:  Clock skew detected.  Your build may be incomplete.
[2.957s] gmake[2]: warning:  Clock skew detected.  Your build may be incomplete.
[3.011s] [ 24%] Built target astra_camera_msgs__rosidl_typesupport_fastrtps_c
[3.019s] [ 35%] Built target astra_camera_msgs__rosidl_typesupport_c
[3.106s] gmake[2]: Warning: File 'CMakeFiles/ament_cmake_python_build_astra_camera_msgs_egg.dir/progress.make' has modification time 1766048242 s in the future
[3.243s] [ 47%] Built target astra_camera_msgs__rosidl_typesupport_introspection_c
[3.373s] [ 66%] Built target astra_camera_msgs__rosidl_typesupport_introspection_cpp
[3.377s] [ 70%] Built target astra_camera_msgs__rosidl_typesupport_fastrtps_cpp
[3.382s] [ 82%] Built target astra_camera_msgs__rosidl_typesupport_cpp
[3.456s] gmake[2]: warning:  Clock skew detected.  Your build may be incomplete.
[3.457s] gmake[2]: Warning: File 'CMakeFiles/astra_camera_msgs.dir/progress.make' has modification time 1766048241 s in the future
[3.491s] gmake[2]: Warning: File 'CMakeFiles/ament_cmake_python_build_astra_camera_msgs_egg.dir/progress.make' has modification time 1766048241 s in the future
[3.830s] gmake[2]: warning:  Clock skew detected.  Your build may be incomplete.
[3.881s] gmake[2]: Warning: File 'CMakeFiles/astra_camera_msgs.dir/progress.make' has modification time 1766048241 s in the future
[3.881s] gmake[2]: warning:  Clock skew detected.  Your build may be incomplete.
[4.152s] [ 82%] Built target astra_camera_msgs
[4.233s] gmake[2]: Warning: File 'astra_camera_msgs__py/CMakeFiles/astra_camera_msgs__py.dir/progress.make' has modification time 1766048240 s in the future
[4.444s] gmake[2]: warning:  Clock skew detected.  Your build may be incomplete.
[4.480s] gmake[2]: Warning: File 'astra_camera_msgs__py/CMakeFiles/astra_camera_msgs__py.dir/progress.make' has modification time 1766048240 s in the future
[4.481s] gmake[2]: warning:  Clock skew detected.  Your build may be incomplete.
[4.717s] [ 83%] Built target astra_camera_msgs__py
[4.728s] gmake[2]: Warning: File 'CMakeFiles/astra_camera_msgs__rosidl_generator_py.dir/flags.make' has modification time 1766048240 s in the future
[4.920s] gmake[2]: warning:  Clock skew detected.  Your build may be incomplete.
[4.959s] gmake[2]: Warning: File 'CMakeFiles/astra_camera_msgs__rosidl_generator_py.dir/flags.make' has modification time 1766048240 s in the future
[4.976s] gmake[2]: warning:  Clock skew detected.  Your build may be incomplete.
[5.117s] [ 93%] Built target astra_camera_msgs__rosidl_generator_py
[5.163s] gmake[2]: Warning: File 'CMakeFiles/astra_camera_msgs__rosidl_typesupport_fastrtps_c__pyext.dir/flags.make' has modification time 1766048239 s in the future
[5.177s] gmake[2]: Warning: File 'CMakeFiles/astra_camera_msgs__rosidl_typesupport_introspection_c__pyext.dir/flags.make' has modification time 1766048239 s in the future
[5.195s] gmake[2]: Warning: File 'CMakeFiles/astra_camera_msgs__rosidl_typesupport_c__pyext.dir/flags.make' has modification time 1766048239 s in the future
[5.246s] running egg_info
[5.246s] writing astra_camera_msgs.egg-info/PKG-INFO
[5.247s] writing dependency_links to astra_camera_msgs.egg-info/dependency_links.txt
[5.247s] writing top-level names to astra_camera_msgs.egg-info/top_level.txt
[5.275s] reading manifest file 'astra_camera_msgs.egg-info/SOURCES.txt'
[5.288s] writing manifest file 'astra_camera_msgs.egg-info/SOURCES.txt'
[5.476s] gmake[2]: warning:  Clock skew detected.  Your build may be incomplete.
[5.478s] gmake[2]: warning:  Clock skew detected.  Your build may be incomplete.
[5.526s] gmake[2]: Warning: File 'CMakeFiles/astra_camera_msgs__rosidl_typesupport_fastrtps_c__pyext.dir/flags.make' has modification time 1766048239 s in the future
[5.534s] gmake[2]: warning:  Clock skew detected.  Your build may be incomplete.
[5.535s] gmake[2]: warning:  Clock skew detected.  Your build may be incomplete.
[5.550s] gmake[2]: warning:  Clock skew detected.  Your build may be incomplete.
[5.580s] gmake[2]: Warning: File 'CMakeFiles/astra_camera_msgs__rosidl_typesupport_introspection_c__pyext.dir/flags.make' has modification time 1766048239 s in the future
[5.587s] gmake[2]: warning:  Clock skew detected.  Your build may be incomplete.
[5.616s] gmake[2]: Warning: File 'CMakeFiles/astra_camera_msgs__rosidl_typesupport_c__pyext.dir/flags.make' has modification time 1766048239 s in the future
[5.628s] gmake[2]: warning:  Clock skew detected.  Your build may be incomplete.
[5.804s] [ 95%] Built target astra_camera_msgs__rosidl_typesupport_fastrtps_c__pyext
[5.821s] [ 95%] Built target ament_cmake_python_build_astra_camera_msgs_egg
[5.894s] [ 97%] Built target astra_camera_msgs__rosidl_typesupport_c__pyext
[5.899s] [100%] Built target astra_camera_msgs__rosidl_typesupport_introspection_c__pyext
[5.903s] gmake[1]: warning:  Clock skew detected.  Your build may be incomplete.
[6.151s] gmake: warning:  Clock skew detected.  Your build may be incomplete.
[7.555s] Invoked command in '/home/wheeltec/wheeltec_ros2/build/astra_camera_msgs' returned '0': CMAKE_PREFIX_PATH=${CMAKE_PREFIX_PATH}:/home/wheeltec/wheeltec_ros2/install/simple_follower_ros2:/home/wheeltec/wheeltec_ros2/install/wheeltec_robot_keyboard:/home/wheeltec/wheeltec_ros2/install/wheeltec_dual_rtk_driver:/home/wheeltec/wheeltec_ros2/install/ultralytics_ros2:/home/wheeltec/wheeltec_ros2/install/tf2_tools:/home/wheeltec/wheeltec_ros2/install/ollama_ros_chat:/home/wheeltec/wheeltec_ros2/install/nmea_navsat_driver:/home/wheeltec/wheeltec_ros2/install/nav2_waypoint_cycle:/home/wheeltec/wheeltec_ros2/install/nav2_simple_commander:/home/wheeltec/wheeltec_ros2/install/largemodel:/home/wheeltec/wheeltec_ros2/install/auto_recharge_ros2:/home/wheeltec/autoware/install/autoware_wheeltec_interface:/home/wheeltec/autoware/install/autoware_multi_point:/home/wheeltec/autoware/install/ad_api_visualizers:/opt/ros/humble /usr/bin/cmake --build /home/wheeltec/wheeltec_ros2/build/astra_camera_msgs -- -j6 -l6
[7.567s] Invoking command in '/home/wheeltec/wheeltec_ros2/build/astra_camera_msgs': CMAKE_PREFIX_PATH=${CMAKE_PREFIX_PATH}:/home/wheeltec/wheeltec_ros2/install/simple_follower_ros2:/home/wheeltec/wheeltec_ros2/install/wheeltec_robot_keyboard:/home/wheeltec/wheeltec_ros2/install/wheeltec_dual_rtk_driver:/home/wheeltec/wheeltec_ros2/install/ultralytics_ros2:/home/wheeltec/wheeltec_ros2/install/tf2_tools:/home/wheeltec/wheeltec_ros2/install/ollama_ros_chat:/home/wheeltec/wheeltec_ros2/install/nmea_navsat_driver:/home/wheeltec/wheeltec_ros2/install/nav2_waypoint_cycle:/home/wheeltec/wheeltec_ros2/install/nav2_simple_commander:/home/wheeltec/wheeltec_ros2/install/largemodel:/home/wheeltec/wheeltec_ros2/install/auto_recharge_ros2:/home/wheeltec/autoware/install/autoware_wheeltec_interface:/home/wheeltec/autoware/install/autoware_multi_point:/home/wheeltec/autoware/install/ad_api_visualizers:/opt/ros/humble /usr/bin/cmake --install /home/wheeltec/wheeltec_ros2/build/astra_camera_msgs
[7.665s] -- Install configuration: ""
[7.667s] -- Execute custom install script
[7.667s] -- Up-to-date symlink: /home/wheeltec/wheeltec_ros2/install/astra_camera_msgs/share/ament_index/resource_index/rosidl_interfaces/astra_camera_msgs
[7.669s] -- Up-to-date symlink: /home/wheeltec/wheeltec_ros2/install/astra_camera_msgs/include/astra_camera_msgs/astra_camera_msgs/msg/detail/device_info__functions.h
[7.669s] -- Up-to-date symlink: /home/wheeltec/wheeltec_ros2/install/astra_camera_msgs/include/astra_camera_msgs/astra_camera_msgs/msg/detail/device_info__struct.h
[7.670s] -- Up-to-date symlink: /home/wheeltec/wheeltec_ros2/install/astra_camera_msgs/include/astra_camera_msgs/astra_camera_msgs/msg/detail/device_info__type_support.h
[7.670s] -- Up-to-date symlink: /home/wheeltec/wheeltec_ros2/install/astra_camera_msgs/include/astra_camera_msgs/astra_camera_msgs/msg/detail/extrinsics__functions.h
[7.670s] -- Up-to-date symlink: /home/wheeltec/wheeltec_ros2/install/astra_camera_msgs/include/astra_camera_msgs/astra_camera_msgs/msg/detail/extrinsics__struct.h
[7.670s] -- Up-to-date symlink: /home/wheeltec/wheeltec_ros2/install/astra_camera_msgs/include/astra_camera_msgs/astra_camera_msgs/msg/detail/extrinsics__type_support.h
[7.670s] -- Up-to-date symlink: /home/wheeltec/wheeltec_ros2/install/astra_camera_msgs/include/astra_camera_msgs/astra_camera_msgs/msg/detail/metadata__functions.h
[7.671s] -- Up-to-date symlink: /home/wheeltec/wheeltec_ros2/install/astra_camera_msgs/include/astra_camera_msgs/astra_camera_msgs/msg/detail/metadata__struct.h
[7.671s] -- Up-to-date symlink: /home/wheeltec/wheeltec_ros2/install/astra_camera_msgs/include/astra_camera_msgs/astra_camera_msgs/msg/detail/metadata__type_support.h
[7.671s] -- Up-to-date symlink: /home/wheeltec/wheeltec_ros2/install/astra_camera_msgs/include/astra_camera_msgs/astra_camera_msgs/msg/device_info.h
[7.671s] -- Up-to-date symlink: /home/wheeltec/wheeltec_ros2/install/astra_camera_msgs/include/astra_camera_msgs/astra_camera_msgs/msg/extrinsics.h
[7.672s] -- Up-to-date symlink: /home/wheeltec/wheeltec_ros2/install/astra_camera_msgs/include/astra_camera_msgs/astra_camera_msgs/msg/metadata.h
[7.672s] -- Up-to-date symlink: /home/wheeltec/wheeltec_ros2/install/astra_camera_msgs/include/astra_camera_msgs/astra_camera_msgs/msg/rosidl_generator_c__visibility_control.h
[7.672s] -- Up-to-date symlink: /home/wheeltec/wheeltec_ros2/install/astra_camera_msgs/include/astra_camera_msgs/astra_camera_msgs/srv/detail/get_camera_info__functions.h
[7.672s] -- Up-to-date symlink: /home/wheeltec/wheeltec_ros2/install/astra_camera_msgs/include/astra_camera_msgs/astra_camera_msgs/srv/detail/get_camera_info__struct.h
[7.673s] -- Up-to-date symlink: /home/wheeltec/wheeltec_ros2/install/astra_camera_msgs/include/astra_camera_msgs/astra_camera_msgs/srv/detail/get_camera_info__type_support.h
[7.673s] -- Up-to-date symlink: /home/wheeltec/wheeltec_ros2/install/astra_camera_msgs/include/astra_camera_msgs/astra_camera_msgs/srv/detail/get_camera_params__functions.h
[7.673s] -- Up-to-date symlink: /home/wheeltec/wheeltec_ros2/install/astra_camera_msgs/include/astra_camera_msgs/astra_camera_msgs/srv/detail/get_camera_params__struct.h
[7.673s] -- Up-to-date symlink: /home/wheeltec/wheeltec_ros2/install/astra_camera_msgs/include/astra_camera_msgs/astra_camera_msgs/srv/detail/get_camera_params__type_support.h
[7.674s] -- Up-to-date symlink: /home/wheeltec/wheeltec_ros2/install/astra_camera_msgs/include/astra_camera_msgs/astra_camera_msgs/srv/detail/get_device_info__functions.h
[7.674s] -- Up-to-date symlink: /home/wheeltec/wheeltec_ros2/install/astra_camera_msgs/include/astra_camera_msgs/astra_camera_msgs/srv/detail/get_device_info__struct.h
[7.674s] -- Up-to-date symlink: /home/wheeltec/wheeltec_ros2/install/astra_camera_msgs/include/astra_camera_msgs/astra_camera_msgs/srv/detail/get_device_info__type_support.h
[7.674s] -- Up-to-date symlink: /home/wheeltec/wheeltec_ros2/install/astra_camera_msgs/include/astra_camera_msgs/astra_camera_msgs/srv/detail/get_int32__functions.h
[7.674s] -- Up-to-date symlink: /home/wheeltec/wheeltec_ros2/install/astra_camera_msgs/include/astra_camera_msgs/astra_camera_msgs/srv/detail/get_int32__struct.h
[7.675s] -- Up-to-date symlink: /home/wheeltec/wheeltec_ros2/install/astra_camera_msgs/include/astra_camera_msgs/astra_camera_msgs/srv/detail/get_int32__type_support.h
[7.675s] -- Up-to-date symlink: /home/wheeltec/wheeltec_ros2/install/astra_camera_msgs/include/astra_camera_msgs/astra_camera_msgs/srv/detail/get_string__functions.h
[7.675s] -- Up-to-date symlink: /home/wheeltec/wheeltec_ros2/install/astra_camera_msgs/include/astra_camera_msgs/astra_camera_msgs/srv/detail/get_string__struct.h
[7.675s] -- Up-to-date symlink: /home/wheeltec/wheeltec_ros2/install/astra_camera_msgs/include/astra_camera_msgs/astra_camera_msgs/srv/detail/get_string__type_support.h
[7.675s] -- Up-to-date symlink: /home/wheeltec/wheeltec_ros2/install/astra_camera_msgs/include/astra_camera_msgs/astra_camera_msgs/srv/detail/set_int32__functions.h
[7.676s] -- Up-to-date symlink: /home/wheeltec/wheeltec_ros2/install/astra_camera_msgs/include/astra_camera_msgs/astra_camera_msgs/srv/detail/set_int32__struct.h
[7.676s] -- Up-to-date symlink: /home/wheeltec/wheeltec_ros2/install/astra_camera_msgs/include/astra_camera_msgs/astra_camera_msgs/srv/detail/set_int32__type_support.h
[7.676s] -- Up-to-date symlink: /home/wheeltec/wheeltec_ros2/install/astra_camera_msgs/include/astra_camera_msgs/astra_camera_msgs/srv/get_camera_info.h
[7.676s] -- Up-to-date symlink: /home/wheeltec/wheeltec_ros2/install/astra_camera_msgs/include/astra_camera_msgs/astra_camera_msgs/srv/get_camera_params.h
[7.677s] -- Up-to-date symlink: /home/wheeltec/wheeltec_ros2/install/astra_camera_msgs/include/astra_camera_msgs/astra_camera_msgs/srv/get_device_info.h
[7.677s] -- Up-to-date symlink: /home/wheeltec/wheeltec_ros2/install/astra_camera_msgs/include/astra_camera_msgs/astra_camera_msgs/srv/get_int32.h
[7.677s] -- Up-to-date symlink: /home/wheeltec/wheeltec_ros2/install/astra_camera_msgs/include/astra_camera_msgs/astra_camera_msgs/srv/get_string.h
[7.677s] -- Up-to-date symlink: /home/wheeltec/wheeltec_ros2/install/astra_camera_msgs/include/astra_camera_msgs/astra_camera_msgs/srv/set_int32.h
[7.677s] -- Up-to-date symlink: /home/wheeltec/wheeltec_ros2/install/astra_camera_msgs/share/astra_camera_msgs/environment/library_path.sh
[7.678s] -- Up-to-date symlink: /home/wheeltec/wheeltec_ros2/install/astra_camera_msgs/share/astra_camera_msgs/environment/library_path.dsv
[7.679s] -- Up-to-date symlink: /home/wheeltec/wheeltec_ros2/install/astra_camera_msgs/include/astra_camera_msgs/astra_camera_msgs/msg/detail/device_info__rosidl_typesupport_fastrtps_c.h
[7.679s] -- Up-to-date symlink: /home/wheeltec/wheeltec_ros2/install/astra_camera_msgs/include/astra_camera_msgs/astra_camera_msgs/msg/detail/extrinsics__rosidl_typesupport_fastrtps_c.h
[7.680s] -- Up-to-date symlink: /home/wheeltec/wheeltec_ros2/install/astra_camera_msgs/include/astra_camera_msgs/astra_camera_msgs/msg/detail/metadata__rosidl_typesupport_fastrtps_c.h
[7.680s] -- Up-to-date symlink: /home/wheeltec/wheeltec_ros2/install/astra_camera_msgs/include/astra_camera_msgs/astra_camera_msgs/msg/rosidl_typesupport_fastrtps_c__visibility_control.h
[7.680s] -- Up-to-date symlink: /home/wheeltec/wheeltec_ros2/install/astra_camera_msgs/include/astra_camera_msgs/astra_camera_msgs/srv/detail/get_camera_info__rosidl_typesupport_fastrtps_c.h
[7.681s] -- Up-to-date symlink: /home/wheeltec/wheeltec_ros2/install/astra_camera_msgs/include/astra_camera_msgs/astra_camera_msgs/srv/detail/get_camera_params__rosidl_typesupport_fastrtps_c.h
[7.681s] -- Up-to-date symlink: /home/wheeltec/wheeltec_ros2/install/astra_camera_msgs/include/astra_camera_msgs/astra_camera_msgs/srv/detail/get_device_info__rosidl_typesupport_fastrtps_c.h
[7.681s] -- Up-to-date symlink: /home/wheeltec/wheeltec_ros2/install/astra_camera_msgs/include/astra_camera_msgs/astra_camera_msgs/srv/detail/get_int32__rosidl_typesupport_fastrtps_c.h
[7.681s] -- Up-to-date symlink: /home/wheeltec/wheeltec_ros2/install/astra_camera_msgs/include/astra_camera_msgs/astra_camera_msgs/srv/detail/get_string__rosidl_typesupport_fastrtps_c.h
[7.681s] -- Up-to-date symlink: /home/wheeltec/wheeltec_ros2/install/astra_camera_msgs/include/astra_camera_msgs/astra_camera_msgs/srv/detail/set_int32__rosidl_typesupport_fastrtps_c.h
[7.682s] -- Up-to-date symlink: /home/wheeltec/wheeltec_ros2/install/astra_camera_msgs/include/astra_camera_msgs/astra_camera_msgs/msg/detail/device_info__rosidl_typesupport_introspection_c.h
[7.683s] -- Up-to-date symlink: /home/wheeltec/wheeltec_ros2/install/astra_camera_msgs/include/astra_camera_msgs/astra_camera_msgs/msg/detail/extrinsics__rosidl_typesupport_introspection_c.h
[7.683s] -- Up-to-date symlink: /home/wheeltec/wheeltec_ros2/install/astra_camera_msgs/include/astra_camera_msgs/astra_camera_msgs/msg/detail/metadata__rosidl_typesupport_introspection_c.h
[7.683s] -- Up-to-date symlink: /home/wheeltec/wheeltec_ros2/install/astra_camera_msgs/include/astra_camera_msgs/astra_camera_msgs/msg/rosidl_typesupport_introspection_c__visibility_control.h
[7.683s] -- Up-to-date symlink: /home/wheeltec/wheeltec_ros2/install/astra_camera_msgs/include/astra_camera_msgs/astra_camera_msgs/srv/detail/get_camera_info__rosidl_typesupport_introspection_c.h
[7.683s] -- Up-to-date symlink: /home/wheeltec/wheeltec_ros2/install/astra_camera_msgs/include/astra_camera_msgs/astra_camera_msgs/srv/detail/get_camera_params__rosidl_typesupport_introspection_c.h
[7.684s] -- Up-to-date symlink: /home/wheeltec/wheeltec_ros2/install/astra_camera_msgs/include/astra_camera_msgs/astra_camera_msgs/srv/detail/get_device_info__rosidl_typesupport_introspection_c.h
[7.684s] -- Up-to-date symlink: /home/wheeltec/wheeltec_ros2/install/astra_camera_msgs/include/astra_camera_msgs/astra_camera_msgs/srv/detail/get_int32__rosidl_typesupport_introspection_c.h
[7.684s] -- Up-to-date symlink: /home/wheeltec/wheeltec_ros2/install/astra_camera_msgs/include/astra_camera_msgs/astra_camera_msgs/srv/detail/get_string__rosidl_typesupport_introspection_c.h
[7.684s] -- Up-to-date symlink: /home/wheeltec/wheeltec_ros2/install/astra_camera_msgs/include/astra_camera_msgs/astra_camera_msgs/srv/detail/set_int32__rosidl_typesupport_introspection_c.h
[7.686s] -- Up-to-date symlink: /home/wheeltec/wheeltec_ros2/install/astra_camera_msgs/include/astra_camera_msgs/astra_camera_msgs/msg/detail/device_info__builder.hpp
[7.686s] -- Up-to-date symlink: /home/wheeltec/wheeltec_ros2/install/astra_camera_msgs/include/astra_camera_msgs/astra_camera_msgs/msg/detail/device_info__struct.hpp
[7.686s] -- Up-to-date symlink: /home/wheeltec/wheeltec_ros2/install/astra_camera_msgs/include/astra_camera_msgs/astra_camera_msgs/msg/detail/device_info__traits.hpp
[7.686s] -- Up-to-date symlink: /home/wheeltec/wheeltec_ros2/install/astra_camera_msgs/include/astra_camera_msgs/astra_camera_msgs/msg/detail/device_info__type_support.hpp
[7.686s] -- Up-to-date symlink: /home/wheeltec/wheeltec_ros2/install/astra_camera_msgs/include/astra_camera_msgs/astra_camera_msgs/msg/detail/extrinsics__builder.hpp
[7.687s] -- Up-to-date symlink: /home/wheeltec/wheeltec_ros2/install/astra_camera_msgs/include/astra_camera_msgs/astra_camera_msgs/msg/detail/extrinsics__struct.hpp
[7.687s] -- Up-to-date symlink: /home/wheeltec/wheeltec_ros2/install/astra_camera_msgs/include/astra_camera_msgs/astra_camera_msgs/msg/detail/extrinsics__traits.hpp
[7.687s] -- Up-to-date symlink: /home/wheeltec/wheeltec_ros2/install/astra_camera_msgs/include/astra_camera_msgs/astra_camera_msgs/msg/detail/extrinsics__type_support.hpp
[7.687s] -- Up-to-date symlink: /home/wheeltec/wheeltec_ros2/install/astra_camera_msgs/include/astra_camera_msgs/astra_camera_msgs/msg/detail/metadata__builder.hpp
[7.688s] -- Up-to-date symlink: /home/wheeltec/wheeltec_ros2/install/astra_camera_msgs/include/astra_camera_msgs/astra_camera_msgs/msg/detail/metadata__struct.hpp
[7.688s] -- Up-to-date symlink: /home/wheeltec/wheeltec_ros2/install/astra_camera_msgs/include/astra_camera_msgs/astra_camera_msgs/msg/detail/metadata__traits.hpp
[7.688s] -- Up-to-date symlink: /home/wheeltec/wheeltec_ros2/install/astra_camera_msgs/include/astra_camera_msgs/astra_camera_msgs/msg/detail/metadata__type_support.hpp
[7.688s] -- Up-to-date symlink: /home/wheeltec/wheeltec_ros2/install/astra_camera_msgs/include/astra_camera_msgs/astra_camera_msgs/msg/device_info.hpp
[7.689s] -- Up-to-date symlink: /home/wheeltec/wheeltec_ros2/install/astra_camera_msgs/include/astra_camera_msgs/astra_camera_msgs/msg/extrinsics.hpp
[7.689s] -- Up-to-date symlink: /home/wheeltec/wheeltec_ros2/install/astra_camera_msgs/include/astra_camera_msgs/astra_camera_msgs/msg/metadata.hpp
[7.689s] -- Up-to-date symlink: /home/wheeltec/wheeltec_ros2/install/astra_camera_msgs/include/astra_camera_msgs/astra_camera_msgs/msg/rosidl_generator_cpp__visibility_control.hpp
[7.689s] -- Up-to-date symlink: /home/wheeltec/wheeltec_ros2/install/astra_camera_msgs/include/astra_camera_msgs/astra_camera_msgs/srv/detail/get_camera_info__builder.hpp
[7.690s] -- Up-to-date symlink: /home/wheeltec/wheeltec_ros2/install/astra_camera_msgs/include/astra_camera_msgs/astra_camera_msgs/srv/detail/get_camera_info__struct.hpp
[7.690s] -- Up-to-date symlink: /home/wheeltec/wheeltec_ros2/install/astra_camera_msgs/include/astra_camera_msgs/astra_camera_msgs/srv/detail/get_camera_info__traits.hpp
[7.691s] -- Up-to-date symlink: /home/wheeltec/wheeltec_ros2/install/astra_camera_msgs/include/astra_camera_msgs/astra_camera_msgs/srv/detail/get_camera_info__type_support.hpp
[7.704s] -- Up-to-date symlink: /home/wheeltec/wheeltec_ros2/install/astra_camera_msgs/include/astra_camera_msgs/astra_camera_msgs/srv/detail/get_camera_params__builder.hpp
[7.704s] -- Up-to-date symlink: /home/wheeltec/wheeltec_ros2/install/astra_camera_msgs/include/astra_camera_msgs/astra_camera_msgs/srv/detail/get_camera_params__struct.hpp
[7.704s] -- Up-to-date symlink: /home/wheeltec/wheeltec_ros2/install/astra_camera_msgs/include/astra_camera_msgs/astra_camera_msgs/srv/detail/get_camera_params__traits.hpp
[7.705s] -- Up-to-date symlink: /home/wheeltec/wheeltec_ros2/install/astra_camera_msgs/include/astra_camera_msgs/astra_camera_msgs/srv/detail/get_camera_params__type_support.hpp
[7.705s] -- Up-to-date symlink: /home/wheeltec/wheeltec_ros2/install/astra_camera_msgs/include/astra_camera_msgs/astra_camera_msgs/srv/detail/get_device_info__builder.hpp
[7.705s] -- Up-to-date symlink: /home/wheeltec/wheeltec_ros2/install/astra_camera_msgs/include/astra_camera_msgs/astra_camera_msgs/srv/detail/get_device_info__struct.hpp
[7.706s] -- Up-to-date symlink: /home/wheeltec/wheeltec_ros2/install/astra_camera_msgs/include/astra_camera_msgs/astra_camera_msgs/srv/detail/get_device_info__traits.hpp
[7.706s] -- Up-to-date symlink: /home/wheeltec/wheeltec_ros2/install/astra_camera_msgs/include/astra_camera_msgs/astra_camera_msgs/srv/detail/get_device_info__type_support.hpp
[7.706s] -- Up-to-date symlink: /home/wheeltec/wheeltec_ros2/install/astra_camera_msgs/include/astra_camera_msgs/astra_camera_msgs/srv/detail/get_int32__builder.hpp
[7.706s] -- Up-to-date symlink: /home/wheeltec/wheeltec_ros2/install/astra_camera_msgs/include/astra_camera_msgs/astra_camera_msgs/srv/detail/get_int32__struct.hpp
[7.706s] -- Up-to-date symlink: /home/wheeltec/wheeltec_ros2/install/astra_camera_msgs/include/astra_camera_msgs/astra_camera_msgs/srv/detail/get_int32__traits.hpp
[7.707s] -- Up-to-date symlink: /home/wheeltec/wheeltec_ros2/install/astra_camera_msgs/include/astra_camera_msgs/astra_camera_msgs/srv/detail/get_int32__type_support.hpp
[7.707s] -- Up-to-date symlink: /home/wheeltec/wheeltec_ros2/install/astra_camera_msgs/include/astra_camera_msgs/astra_camera_msgs/srv/detail/get_string__builder.hpp
[7.708s] -- Up-to-date symlink: /home/wheeltec/wheeltec_ros2/install/astra_camera_msgs/include/astra_camera_msgs/astra_camera_msgs/srv/detail/get_string__struct.hpp
[7.708s] -- Up-to-date symlink: /home/wheeltec/wheeltec_ros2/install/astra_camera_msgs/include/astra_camera_msgs/astra_camera_msgs/srv/detail/get_string__traits.hpp
[7.709s] -- Up-to-date symlink: /home/wheeltec/wheeltec_ros2/install/astra_camera_msgs/include/astra_camera_msgs/astra_camera_msgs/srv/detail/get_string__type_support.hpp
[7.709s] -- Up-to-date symlink: /home/wheeltec/wheeltec_ros2/install/astra_camera_msgs/include/astra_camera_msgs/astra_camera_msgs/srv/detail/set_int32__builder.hpp
[7.709s] -- Up-to-date symlink: /home/wheeltec/wheeltec_ros2/install/astra_camera_msgs/include/astra_camera_msgs/astra_camera_msgs/srv/detail/set_int32__struct.hpp
[7.709s] -- Up-to-date symlink: /home/wheeltec/wheeltec_ros2/install/astra_camera_msgs/include/astra_camera_msgs/astra_camera_msgs/srv/detail/set_int32__traits.hpp
[7.710s] -- Up-to-date symlink: /home/wheeltec/wheeltec_ros2/install/astra_camera_msgs/include/astra_camera_msgs/astra_camera_msgs/srv/detail/set_int32__type_support.hpp
[7.710s] -- Up-to-date symlink: /home/wheeltec/wheeltec_ros2/install/astra_camera_msgs/include/astra_camera_msgs/astra_camera_msgs/srv/get_camera_info.hpp
[7.711s] -- Up-to-date symlink: /home/wheeltec/wheeltec_ros2/install/astra_camera_msgs/include/astra_camera_msgs/astra_camera_msgs/srv/get_camera_params.hpp
[7.711s] -- Up-to-date symlink: /home/wheeltec/wheeltec_ros2/install/astra_camera_msgs/include/astra_camera_msgs/astra_camera_msgs/srv/get_device_info.hpp
[7.720s] -- Up-to-date symlink: /home/wheeltec/wheeltec_ros2/install/astra_camera_msgs/include/astra_camera_msgs/astra_camera_msgs/srv/get_int32.hpp
[7.721s] -- Up-to-date symlink: /home/wheeltec/wheeltec_ros2/install/astra_camera_msgs/include/astra_camera_msgs/astra_camera_msgs/srv/get_string.hpp
[7.721s] -- Up-to-date symlink: /home/wheeltec/wheeltec_ros2/install/astra_camera_msgs/include/astra_camera_msgs/astra_camera_msgs/srv/set_int32.hpp
[7.723s] -- Up-to-date symlink: /home/wheeltec/wheeltec_ros2/install/astra_camera_msgs/include/astra_camera_msgs/astra_camera_msgs/msg/detail/device_info__rosidl_typesupport_fastrtps_cpp.hpp
[7.723s] -- Up-to-date symlink: /home/wheeltec/wheeltec_ros2/install/astra_camera_msgs/include/astra_camera_msgs/astra_camera_msgs/msg/detail/extrinsics__rosidl_typesupport_fastrtps_cpp.hpp
[7.724s] -- Up-to-date symlink: /home/wheeltec/wheeltec_ros2/install/astra_camera_msgs/include/astra_camera_msgs/astra_camera_msgs/msg/detail/metadata__rosidl_typesupport_fastrtps_cpp.hpp
[7.724s] -- Up-to-date symlink: /home/wheeltec/wheeltec_ros2/install/astra_camera_msgs/include/astra_camera_msgs/astra_camera_msgs/msg/rosidl_typesupport_fastrtps_cpp__visibility_control.h
[7.725s] -- Up-to-date symlink: /home/wheeltec/wheeltec_ros2/install/astra_camera_msgs/include/astra_camera_msgs/astra_camera_msgs/srv/detail/get_camera_info__rosidl_typesupport_fastrtps_cpp.hpp
[7.725s] -- Up-to-date symlink: /home/wheeltec/wheeltec_ros2/install/astra_camera_msgs/include/astra_camera_msgs/astra_camera_msgs/srv/detail/get_camera_params__rosidl_typesupport_fastrtps_cpp.hpp
[7.725s] -- Up-to-date symlink: /home/wheeltec/wheeltec_ros2/install/astra_camera_msgs/include/astra_camera_msgs/astra_camera_msgs/srv/detail/get_device_info__rosidl_typesupport_fastrtps_cpp.hpp
[7.726s] -- Up-to-date symlink: /home/wheeltec/wheeltec_ros2/install/astra_camera_msgs/include/astra_camera_msgs/astra_camera_msgs/srv/detail/get_int32__rosidl_typesupport_fastrtps_cpp.hpp
[7.726s] -- Up-to-date symlink: /home/wheeltec/wheeltec_ros2/install/astra_camera_msgs/include/astra_camera_msgs/astra_camera_msgs/srv/detail/get_string__rosidl_typesupport_fastrtps_cpp.hpp
[7.726s] -- Up-to-date symlink: /home/wheeltec/wheeltec_ros2/install/astra_camera_msgs/include/astra_camera_msgs/astra_camera_msgs/srv/detail/set_int32__rosidl_typesupport_fastrtps_cpp.hpp
[7.726s] -- Up-to-date symlink: /home/wheeltec/wheeltec_ros2/install/astra_camera_msgs/include/astra_camera_msgs/astra_camera_msgs/msg/detail/device_info__rosidl_typesupport_introspection_cpp.hpp
[7.726s] -- Up-to-date symlink: /home/wheeltec/wheeltec_ros2/install/astra_camera_msgs/include/astra_camera_msgs/astra_camera_msgs/msg/detail/extrinsics__rosidl_typesupport_introspection_cpp.hpp
[7.727s] -- Up-to-date symlink: /home/wheeltec/wheeltec_ros2/install/astra_camera_msgs/include/astra_camera_msgs/astra_camera_msgs/msg/detail/metadata__rosidl_typesupport_introspection_cpp.hpp
[7.727s] -- Up-to-date symlink: /home/wheeltec/wheeltec_ros2/install/astra_camera_msgs/include/astra_camera_msgs/astra_camera_msgs/srv/detail/get_camera_info__rosidl_typesupport_introspection_cpp.hpp
[7.727s] -- Up-to-date symlink: /home/wheeltec/wheeltec_ros2/install/astra_camera_msgs/include/astra_camera_msgs/astra_camera_msgs/srv/detail/get_camera_params__rosidl_typesupport_introspection_cpp.hpp
[7.727s] -- Up-to-date symlink: /home/wheeltec/wheeltec_ros2/install/astra_camera_msgs/include/astra_camera_msgs/astra_camera_msgs/srv/detail/get_device_info__rosidl_typesupport_introspection_cpp.hpp
[7.727s] -- Up-to-date symlink: /home/wheeltec/wheeltec_ros2/install/astra_camera_msgs/include/astra_camera_msgs/astra_camera_msgs/srv/detail/get_int32__rosidl_typesupport_introspection_cpp.hpp
[7.736s] -- Up-to-date symlink: /home/wheeltec/wheeltec_ros2/install/astra_camera_msgs/include/astra_camera_msgs/astra_camera_msgs/srv/detail/get_string__rosidl_typesupport_introspection_cpp.hpp
[7.737s] -- Up-to-date symlink: /home/wheeltec/wheeltec_ros2/install/astra_camera_msgs/include/astra_camera_msgs/astra_camera_msgs/srv/detail/set_int32__rosidl_typesupport_introspection_cpp.hpp
[7.737s] -- Up-to-date symlink: /home/wheeltec/wheeltec_ros2/install/astra_camera_msgs/share/astra_camera_msgs/environment/pythonpath.sh
[7.737s] -- Up-to-date symlink: /home/wheeltec/wheeltec_ros2/install/astra_camera_msgs/share/astra_camera_msgs/environment/pythonpath.dsv
[7.737s] -- Up-to-date symlink: /home/wheeltec/wheeltec_ros2/install/astra_camera_msgs/local/lib/python3.10/dist-packages/astra_camera_msgs-1.0.1-py3.10.egg-info/PKG-INFO
[7.737s] -- Up-to-date symlink: /home/wheeltec/wheeltec_ros2/install/astra_camera_msgs/local/lib/python3.10/dist-packages/astra_camera_msgs-1.0.1-py3.10.egg-info/SOURCES.txt
[7.737s] -- Up-to-date symlink: /home/wheeltec/wheeltec_ros2/install/astra_camera_msgs/local/lib/python3.10/dist-packages/astra_camera_msgs-1.0.1-py3.10.egg-info/dependency_links.txt
[7.737s] -- Up-to-date symlink: /home/wheeltec/wheeltec_ros2/install/astra_camera_msgs/local/lib/python3.10/dist-packages/astra_camera_msgs-1.0.1-py3.10.egg-info/top_level.txt
[7.738s] -- Up-to-date symlink: /home/wheeltec/wheeltec_ros2/install/astra_camera_msgs/local/lib/python3.10/dist-packages/astra_camera_msgs/__init__.py
[7.738s] -- Up-to-date symlink: /home/wheeltec/wheeltec_ros2/install/astra_camera_msgs/local/lib/python3.10/dist-packages/astra_camera_msgs/_astra_camera_msgs_s.ep.rosidl_typesupport_c.c
[7.738s] -- Up-to-date symlink: /home/wheeltec/wheeltec_ros2/install/astra_camera_msgs/local/lib/python3.10/dist-packages/astra_camera_msgs/_astra_camera_msgs_s.ep.rosidl_typesupport_fastrtps_c.c
[7.738s] -- Up-to-date symlink: /home/wheeltec/wheeltec_ros2/install/astra_camera_msgs/local/lib/python3.10/dist-packages/astra_camera_msgs/_astra_camera_msgs_s.ep.rosidl_typesupport_introspection_c.c
[7.738s] -- Up-to-date symlink: /home/wheeltec/wheeltec_ros2/install/astra_camera_msgs/local/lib/python3.10/dist-packages/astra_camera_msgs/astra_camera_msgs_s__rosidl_typesupport_c.cpython-310-aarch64-linux-gnu.so
[7.738s] -- Up-to-date symlink: /home/wheeltec/wheeltec_ros2/install/astra_camera_msgs/local/lib/python3.10/dist-packages/astra_camera_msgs/astra_camera_msgs_s__rosidl_typesupport_fastrtps_c.cpython-310-aarch64-linux-gnu.so
[7.738s] -- Up-to-date symlink: /home/wheeltec/wheeltec_ros2/install/astra_camera_msgs/local/lib/python3.10/dist-packages/astra_camera_msgs/astra_camera_msgs_s__rosidl_typesupport_introspection_c.cpython-310-aarch64-linux-gnu.so
[7.738s] -- Up-to-date symlink: /home/wheeltec/wheeltec_ros2/install/astra_camera_msgs/local/lib/python3.10/dist-packages/astra_camera_msgs/libastra_camera_msgs__rosidl_generator_py.so
[7.738s] -- Up-to-date symlink: /home/wheeltec/wheeltec_ros2/install/astra_camera_msgs/local/lib/python3.10/dist-packages/astra_camera_msgs/msg/__init__.py
[7.739s] -- Up-to-date symlink: /home/wheeltec/wheeltec_ros2/install/astra_camera_msgs/local/lib/python3.10/dist-packages/astra_camera_msgs/msg/_device_info.py
[7.739s] -- Up-to-date symlink: /home/wheeltec/wheeltec_ros2/install/astra_camera_msgs/local/lib/python3.10/dist-packages/astra_camera_msgs/msg/_device_info_s.c
[7.739s] -- Up-to-date symlink: /home/wheeltec/wheeltec_ros2/install/astra_camera_msgs/local/lib/python3.10/dist-packages/astra_camera_msgs/msg/_extrinsics.py
[7.739s] -- Up-to-date symlink: /home/wheeltec/wheeltec_ros2/install/astra_camera_msgs/local/lib/python3.10/dist-packages/astra_camera_msgs/msg/_extrinsics_s.c
[7.739s] -- Up-to-date symlink: /home/wheeltec/wheeltec_ros2/install/astra_camera_msgs/local/lib/python3.10/dist-packages/astra_camera_msgs/msg/_metadata.py
[7.739s] -- Up-to-date symlink: /home/wheeltec/wheeltec_ros2/install/astra_camera_msgs/local/lib/python3.10/dist-packages/astra_camera_msgs/msg/_metadata_s.c
[7.739s] -- Up-to-date symlink: /home/wheeltec/wheeltec_ros2/install/astra_camera_msgs/local/lib/python3.10/dist-packages/astra_camera_msgs/srv/__init__.py
[7.739s] -- Up-to-date symlink: /home/wheeltec/wheeltec_ros2/install/astra_camera_msgs/local/lib/python3.10/dist-packages/astra_camera_msgs/srv/_get_camera_info.py
[7.740s] -- Up-to-date symlink: /home/wheeltec/wheeltec_ros2/install/astra_camera_msgs/local/lib/python3.10/dist-packages/astra_camera_msgs/srv/_get_camera_info_s.c
[7.740s] -- Up-to-date symlink: /home/wheeltec/wheeltec_ros2/install/astra_camera_msgs/local/lib/python3.10/dist-packages/astra_camera_msgs/srv/_get_camera_params.py
[7.740s] -- Up-to-date symlink: /home/wheeltec/wheeltec_ros2/install/astra_camera_msgs/local/lib/python3.10/dist-packages/astra_camera_msgs/srv/_get_camera_params_s.c
[7.740s] -- Up-to-date symlink: /home/wheeltec/wheeltec_ros2/install/astra_camera_msgs/local/lib/python3.10/dist-packages/astra_camera_msgs/srv/_get_device_info.py
[7.740s] -- Up-to-date symlink: /home/wheeltec/wheeltec_ros2/install/astra_camera_msgs/local/lib/python3.10/dist-packages/astra_camera_msgs/srv/_get_device_info_s.c
[7.740s] -- Up-to-date symlink: /home/wheeltec/wheeltec_ros2/install/astra_camera_msgs/local/lib/python3.10/dist-packages/astra_camera_msgs/srv/_get_int32.py
[7.740s] -- Up-to-date symlink: /home/wheeltec/wheeltec_ros2/install/astra_camera_msgs/local/lib/python3.10/dist-packages/astra_camera_msgs/srv/_get_int32_s.c
[7.740s] -- Up-to-date symlink: /home/wheeltec/wheeltec_ros2/install/astra_camera_msgs/local/lib/python3.10/dist-packages/astra_camera_msgs/srv/_get_string.py
[7.741s] -- Up-to-date symlink: /home/wheeltec/wheeltec_ros2/install/astra_camera_msgs/local/lib/python3.10/dist-packages/astra_camera_msgs/srv/_get_string_s.c
[7.741s] -- Up-to-date symlink: /home/wheeltec/wheeltec_ros2/install/astra_camera_msgs/local/lib/python3.10/dist-packages/astra_camera_msgs/srv/_set_int32.py
[7.741s] -- Up-to-date symlink: /home/wheeltec/wheeltec_ros2/install/astra_camera_msgs/local/lib/python3.10/dist-packages/astra_camera_msgs/srv/_set_int32_s.c
[7.741s] -- Up-to-date symlink: /home/wheeltec/wheeltec_ros2/install/astra_camera_msgs/local/lib/python3.10/dist-packages/astra_camera_msgs/astra_camera_msgs_s__rosidl_typesupport_fastrtps_c.cpython-310-aarch64-linux-gnu.so
[7.741s] -- Up-to-date symlink: /home/wheeltec/wheeltec_ros2/install/astra_camera_msgs/local/lib/python3.10/dist-packages/astra_camera_msgs/astra_camera_msgs_s__rosidl_typesupport_introspection_c.cpython-310-aarch64-linux-gnu.so
[7.741s] -- Up-to-date symlink: /home/wheeltec/wheeltec_ros2/install/astra_camera_msgs/local/lib/python3.10/dist-packages/astra_camera_msgs/astra_camera_msgs_s__rosidl_typesupport_c.cpython-310-aarch64-linux-gnu.so
[7.741s] -- Up-to-date symlink: /home/wheeltec/wheeltec_ros2/install/astra_camera_msgs/share/astra_camera_msgs/msg/DeviceInfo.idl
[7.741s] -- Up-to-date symlink: /home/wheeltec/wheeltec_ros2/install/astra_camera_msgs/share/astra_camera_msgs/msg/Extrinsics.idl
[7.741s] -- Up-to-date symlink: /home/wheeltec/wheeltec_ros2/install/astra_camera_msgs/share/astra_camera_msgs/msg/Metadata.idl
[7.742s] -- Up-to-date symlink: /home/wheeltec/wheeltec_ros2/install/astra_camera_msgs/share/astra_camera_msgs/srv/GetDeviceInfo.idl
[7.742s] -- Up-to-date symlink: /home/wheeltec/wheeltec_ros2/install/astra_camera_msgs/share/astra_camera_msgs/srv/GetCameraInfo.idl
[7.742s] -- Up-to-date symlink: /home/wheeltec/wheeltec_ros2/install/astra_camera_msgs/share/astra_camera_msgs/srv/GetCameraParams.idl
[7.742s] -- Up-to-date symlink: /home/wheeltec/wheeltec_ros2/install/astra_camera_msgs/share/astra_camera_msgs/srv/GetInt32.idl
[7.742s] -- Up-to-date symlink: /home/wheeltec/wheeltec_ros2/install/astra_camera_msgs/share/astra_camera_msgs/srv/GetString.idl
[7.742s] -- Up-to-date symlink: /home/wheeltec/wheeltec_ros2/install/astra_camera_msgs/share/astra_camera_msgs/srv/SetInt32.idl
[7.742s] -- Up-to-date symlink: /home/wheeltec/wheeltec_ros2/install/astra_camera_msgs/share/astra_camera_msgs/msg/DeviceInfo.msg
[7.742s] -- Up-to-date symlink: /home/wheeltec/wheeltec_ros2/install/astra_camera_msgs/share/astra_camera_msgs/msg/Extrinsics.msg
[7.742s] -- Up-to-date symlink: /home/wheeltec/wheeltec_ros2/install/astra_camera_msgs/share/astra_camera_msgs/msg/Metadata.msg
[7.743s] -- Up-to-date symlink: /home/wheeltec/wheeltec_ros2/install/astra_camera_msgs/share/astra_camera_msgs/srv/GetDeviceInfo.srv
[7.743s] -- Up-to-date symlink: /home/wheeltec/wheeltec_ros2/install/astra_camera_msgs/share/astra_camera_msgs/srv/GetDeviceInfo_Request.msg
[7.743s] -- Up-to-date symlink: /home/wheeltec/wheeltec_ros2/install/astra_camera_msgs/share/astra_camera_msgs/srv/GetDeviceInfo_Response.msg
[7.743s] -- Up-to-date symlink: /home/wheeltec/wheeltec_ros2/install/astra_camera_msgs/share/astra_camera_msgs/srv/GetCameraInfo.srv
[7.743s] -- Up-to-date symlink: /home/wheeltec/wheeltec_ros2/install/astra_camera_msgs/share/astra_camera_msgs/srv/GetCameraInfo_Request.msg
[7.743s] -- Up-to-date symlink: /home/wheeltec/wheeltec_ros2/install/astra_camera_msgs/share/astra_camera_msgs/srv/GetCameraInfo_Response.msg
[7.743s] -- Up-to-date symlink: /home/wheeltec/wheeltec_ros2/install/astra_camera_msgs/share/astra_camera_msgs/srv/GetCameraParams.srv
[7.743s] -- Up-to-date symlink: /home/wheeltec/wheeltec_ros2/install/astra_camera_msgs/share/astra_camera_msgs/srv/GetCameraParams_Request.msg
[7.744s] -- Up-to-date symlink: /home/wheeltec/wheeltec_ros2/install/astra_camera_msgs/share/astra_camera_msgs/srv/GetCameraParams_Response.msg
[7.744s] -- Up-to-date symlink: /home/wheeltec/wheeltec_ros2/install/astra_camera_msgs/share/astra_camera_msgs/srv/GetInt32.srv
[7.744s] -- Up-to-date symlink: /home/wheeltec/wheeltec_ros2/install/astra_camera_msgs/share/astra_camera_msgs/srv/GetInt32_Request.msg
[7.744s] -- Up-to-date symlink: /home/wheeltec/wheeltec_ros2/install/astra_camera_msgs/share/astra_camera_msgs/srv/GetInt32_Response.msg
[7.744s] -- Up-to-date symlink: /home/wheeltec/wheeltec_ros2/install/astra_camera_msgs/share/astra_camera_msgs/srv/GetString.srv
[7.744s] -- Up-to-date symlink: /home/wheeltec/wheeltec_ros2/install/astra_camera_msgs/share/astra_camera_msgs/srv/GetString_Request.msg
[7.744s] -- Up-to-date symlink: /home/wheeltec/wheeltec_ros2/install/astra_camera_msgs/share/astra_camera_msgs/srv/GetString_Response.msg
[7.745s] -- Up-to-date symlink: /home/wheeltec/wheeltec_ros2/install/astra_camera_msgs/share/astra_camera_msgs/srv/SetInt32.srv
[7.745s] -- Up-to-date symlink: /home/wheeltec/wheeltec_ros2/install/astra_camera_msgs/share/astra_camera_msgs/srv/SetInt32_Request.msg
[7.745s] -- Up-to-date symlink: /home/wheeltec/wheeltec_ros2/install/astra_camera_msgs/share/astra_camera_msgs/srv/SetInt32_Response.msg
[7.745s] -- Up-to-date symlink: /home/wheeltec/wheeltec_ros2/install/astra_camera_msgs/share/ament_index/resource_index/package_run_dependencies/astra_camera_msgs
[7.745s] -- Up-to-date symlink: /home/wheeltec/wheeltec_ros2/install/astra_camera_msgs/share/ament_index/resource_index/parent_prefix_path/astra_camera_msgs
[7.745s] -- Up-to-date symlink: /home/wheeltec/wheeltec_ros2/install/astra_camera_msgs/share/astra_camera_msgs/environment/ament_prefix_path.sh
[7.745s] -- Up-to-date symlink: /home/wheeltec/wheeltec_ros2/install/astra_camera_msgs/share/astra_camera_msgs/environment/ament_prefix_path.dsv
[7.745s] -- Up-to-date symlink: /home/wheeltec/wheeltec_ros2/install/astra_camera_msgs/share/astra_camera_msgs/environment/path.sh
[7.745s] -- Up-to-date symlink: /home/wheeltec/wheeltec_ros2/install/astra_camera_msgs/share/astra_camera_msgs/environment/path.dsv
[7.746s] -- Up-to-date symlink: /home/wheeltec/wheeltec_ros2/install/astra_camera_msgs/share/astra_camera_msgs/local_setup.bash
[7.746s] -- Up-to-date symlink: /home/wheeltec/wheeltec_ros2/install/astra_camera_msgs/share/astra_camera_msgs/local_setup.sh
[7.746s] -- Up-to-date symlink: /home/wheeltec/wheeltec_ros2/install/astra_camera_msgs/share/astra_camera_msgs/local_setup.zsh
[7.746s] -- Up-to-date symlink: /home/wheeltec/wheeltec_ros2/install/astra_camera_msgs/share/astra_camera_msgs/local_setup.dsv
[7.746s] -- Symlinking: /home/wheeltec/wheeltec_ros2/install/astra_camera_msgs/share/astra_camera_msgs/package.dsv
[7.852s] -- Up-to-date symlink: /home/wheeltec/wheeltec_ros2/install/astra_camera_msgs/share/ament_index/resource_index/packages/astra_camera_msgs
[7.852s] -- Up-to-date symlink: /home/wheeltec/wheeltec_ros2/install/astra_camera_msgs/share/astra_camera_msgs/cmake/rosidl_cmake-extras.cmake
[7.852s] -- Up-to-date symlink: /home/wheeltec/wheeltec_ros2/install/astra_camera_msgs/share/astra_camera_msgs/cmake/ament_cmake_export_dependencies-extras.cmake
[7.852s] -- Up-to-date symlink: /home/wheeltec/wheeltec_ros2/install/astra_camera_msgs/share/astra_camera_msgs/cmake/ament_cmake_export_include_directories-extras.cmake
[7.852s] -- Up-to-date symlink: /home/wheeltec/wheeltec_ros2/install/astra_camera_msgs/share/astra_camera_msgs/cmake/ament_cmake_export_libraries-extras.cmake
[7.852s] -- Up-to-date symlink: /home/wheeltec/wheeltec_ros2/install/astra_camera_msgs/share/astra_camera_msgs/cmake/ament_cmake_export_targets-extras.cmake
[7.853s] -- Up-to-date symlink: /home/wheeltec/wheeltec_ros2/install/astra_camera_msgs/share/astra_camera_msgs/cmake/rosidl_cmake_export_typesupport_targets-extras.cmake
[7.853s] -- Up-to-date symlink: /home/wheeltec/wheeltec_ros2/install/astra_camera_msgs/share/astra_camera_msgs/cmake/rosidl_cmake_export_typesupport_libraries-extras.cmake
[7.853s] -- Up-to-date symlink: /home/wheeltec/wheeltec_ros2/install/astra_camera_msgs/share/astra_camera_msgs/cmake/astra_camera_msgsConfig.cmake
[7.853s] -- Up-to-date symlink: /home/wheeltec/wheeltec_ros2/install/astra_camera_msgs/share/astra_camera_msgs/cmake/astra_camera_msgsConfig-version.cmake
[7.853s] -- Up-to-date symlink: /home/wheeltec/wheeltec_ros2/install/astra_camera_msgs/share/astra_camera_msgs/package.xml
[7.856s] -- Up-to-date: /home/wheeltec/wheeltec_ros2/install/astra_camera_msgs/lib/libastra_camera_msgs__rosidl_generator_c.so
[7.856s] -- Up-to-date: /home/wheeltec/wheeltec_ros2/install/astra_camera_msgs/lib/libastra_camera_msgs__rosidl_typesupport_fastrtps_c.so
[7.857s] -- Up-to-date: /home/wheeltec/wheeltec_ros2/install/astra_camera_msgs/lib/libastra_camera_msgs__rosidl_typesupport_introspection_c.so
[7.859s] -- Up-to-date: /home/wheeltec/wheeltec_ros2/install/astra_camera_msgs/lib/libastra_camera_msgs__rosidl_typesupport_c.so
[7.860s] -- Up-to-date: /home/wheeltec/wheeltec_ros2/install/astra_camera_msgs/lib/libastra_camera_msgs__rosidl_typesupport_fastrtps_cpp.so
[7.865s] -- Up-to-date: /home/wheeltec/wheeltec_ros2/install/astra_camera_msgs/lib/libastra_camera_msgs__rosidl_typesupport_introspection_cpp.so
[7.869s] -- Up-to-date: /home/wheeltec/wheeltec_ros2/install/astra_camera_msgs/lib/libastra_camera_msgs__rosidl_typesupport_cpp.so
[8.160s] Listing '/home/wheeltec/wheeltec_ros2/install/astra_camera_msgs/local/lib/python3.10/dist-packages/astra_camera_msgs'...
[8.161s] Listing '/home/wheeltec/wheeltec_ros2/install/astra_camera_msgs/local/lib/python3.10/dist-packages/astra_camera_msgs/msg'...
[8.161s] Listing '/home/wheeltec/wheeltec_ros2/install/astra_camera_msgs/local/lib/python3.10/dist-packages/astra_camera_msgs/srv'...
[8.174s] -- Up-to-date: /home/wheeltec/wheeltec_ros2/install/astra_camera_msgs/lib/libastra_camera_msgs__rosidl_generator_py.so
[8.175s] -- Up-to-date: /home/wheeltec/wheeltec_ros2/install/astra_camera_msgs/share/astra_camera_msgs/cmake/export_astra_camera_msgs__rosidl_generator_cExport.cmake
[8.175s] -- Up-to-date: /home/wheeltec/wheeltec_ros2/install/astra_camera_msgs/share/astra_camera_msgs/cmake/export_astra_camera_msgs__rosidl_generator_cExport-noconfig.cmake
[8.175s] -- Up-to-date: /home/wheeltec/wheeltec_ros2/install/astra_camera_msgs/share/astra_camera_msgs/cmake/export_astra_camera_msgs__rosidl_typesupport_fastrtps_cExport.cmake
[8.175s] -- Up-to-date: /home/wheeltec/wheeltec_ros2/install/astra_camera_msgs/share/astra_camera_msgs/cmake/export_astra_camera_msgs__rosidl_typesupport_fastrtps_cExport-noconfig.cmake
[8.176s] -- Up-to-date: /home/wheeltec/wheeltec_ros2/install/astra_camera_msgs/share/astra_camera_msgs/cmake/astra_camera_msgs__rosidl_typesupport_introspection_cExport.cmake
[8.176s] -- Up-to-date: /home/wheeltec/wheeltec_ros2/install/astra_camera_msgs/share/astra_camera_msgs/cmake/astra_camera_msgs__rosidl_typesupport_introspection_cExport-noconfig.cmake
[8.176s] -- Up-to-date: /home/wheeltec/wheeltec_ros2/install/astra_camera_msgs/share/astra_camera_msgs/cmake/astra_camera_msgs__rosidl_typesupport_cExport.cmake
[8.176s] -- Up-to-date: /home/wheeltec/wheeltec_ros2/install/astra_camera_msgs/share/astra_camera_msgs/cmake/astra_camera_msgs__rosidl_typesupport_cExport-noconfig.cmake
[8.177s] -- Up-to-date: /home/wheeltec/wheeltec_ros2/install/astra_camera_msgs/share/astra_camera_msgs/cmake/export_astra_camera_msgs__rosidl_generator_cppExport.cmake
[8.177s] -- Up-to-date: /home/wheeltec/wheeltec_ros2/install/astra_camera_msgs/share/astra_camera_msgs/cmake/export_astra_camera_msgs__rosidl_typesupport_fastrtps_cppExport.cmake
[8.177s] -- Up-to-date: /home/wheeltec/wheeltec_ros2/install/astra_camera_msgs/share/astra_camera_msgs/cmake/export_astra_camera_msgs__rosidl_typesupport_fastrtps_cppExport-noconfig.cmake
[8.178s] -- Up-to-date: /home/wheeltec/wheeltec_ros2/install/astra_camera_msgs/share/astra_camera_msgs/cmake/astra_camera_msgs__rosidl_typesupport_introspection_cppExport.cmake
[8.178s] -- Up-to-date: /home/wheeltec/wheeltec_ros2/install/astra_camera_msgs/share/astra_camera_msgs/cmake/astra_camera_msgs__rosidl_typesupport_introspection_cppExport-noconfig.cmake
[8.178s] -- Up-to-date: /home/wheeltec/wheeltec_ros2/install/astra_camera_msgs/share/astra_camera_msgs/cmake/astra_camera_msgs__rosidl_typesupport_cppExport.cmake
[8.178s] -- Up-to-date: /home/wheeltec/wheeltec_ros2/install/astra_camera_msgs/share/astra_camera_msgs/cmake/astra_camera_msgs__rosidl_typesupport_cppExport-noconfig.cmake
[8.179s] -- Up-to-date: /home/wheeltec/wheeltec_ros2/install/astra_camera_msgs/share/astra_camera_msgs/cmake/export_astra_camera_msgs__rosidl_generator_pyExport.cmake
[8.179s] -- Up-to-date: /home/wheeltec/wheeltec_ros2/install/astra_camera_msgs/share/astra_camera_msgs/cmake/export_astra_camera_msgs__rosidl_generator_pyExport-noconfig.cmake
[8.307s] Invoked command in '/home/wheeltec/wheeltec_ros2/build/astra_camera_msgs' returned '0': CMAKE_PREFIX_PATH=${CMAKE_PREFIX_PATH}:/home/wheeltec/wheeltec_ros2/install/simple_follower_ros2:/home/wheeltec/wheeltec_ros2/install/wheeltec_robot_keyboard:/home/wheeltec/wheeltec_ros2/install/wheeltec_dual_rtk_driver:/home/wheeltec/wheeltec_ros2/install/ultralytics_ros2:/home/wheeltec/wheeltec_ros2/install/tf2_tools:/home/wheeltec/wheeltec_ros2/install/ollama_ros_chat:/home/wheeltec/wheeltec_ros2/install/nmea_navsat_driver:/home/wheeltec/wheeltec_ros2/install/nav2_waypoint_cycle:/home/wheeltec/wheeltec_ros2/install/nav2_simple_commander:/home/wheeltec/wheeltec_ros2/install/largemodel:/home/wheeltec/wheeltec_ros2/install/auto_recharge_ros2:/home/wheeltec/autoware/install/autoware_wheeltec_interface:/home/wheeltec/autoware/install/autoware_multi_point:/home/wheeltec/autoware/install/ad_api_visualizers:/opt/ros/humble /usr/bin/cmake --install /home/wheeltec/wheeltec_ros2/build/astra_camera_msgs
