[0.229s] Invoking command in '/home/wheeltec/wheeltec_ros2/build/yesense_interface': CMAKE_PREFIX_PATH=${CMAKE_PREFIX_PATH}:/home/wheeltec/wheeltec_ros2/install/wheeltec_robot_keyboard:/home/wheeltec/wheeltec_ros2/install/wheeltec_dual_rtk_driver:/home/wheeltec/wheeltec_ros2/install/ultralytics_ros2:/home/wheeltec/wheeltec_ros2/install/tf2_tools:/home/wheeltec/wheeltec_ros2/install/nav2_waypoint_cycle:/home/wheeltec/wheeltec_ros2/install/nav2_simple_commander:/home/wheeltec/wheeltec_ros2/install/auto_recharge_ros2:/home/wheeltec/autoware/install/autoware_wheeltec_interface:/home/wheeltec/autoware/install/ad_api_visualizers:/opt/ros/humble /usr/bin/cmake --build /home/wheeltec/wheeltec_ros2/build/yesense_interface -- -j6 -l6
[0.595s] [  0%] Built target yesense_interface__cpp
[0.794s] [  0%] Built target ament_cmake_python_symlink_yesense_interface
[1.002s] [ 13%] Built target yesense_interface__rosidl_typesupport_introspection_cpp
[3.138s] running egg_info
[3.147s] writing yesense_interface.egg-info/PKG-INFO
[3.148s] writing dependency_links to yesense_interface.egg-info/dependency_links.txt
[3.149s] writing top-level names to yesense_interface.egg-info/top_level.txt
[3.174s] reading manifest file 'yesense_interface.egg-info/SOURCES.txt'
[3.186s] writing manifest file 'yesense_interface.egg-info/SOURCES.txt'
[3.356s] [ 13%] Built target ament_cmake_python_build_yesense_interface_egg
[3.502s] [ 25%] Built target yesense_interface__rosidl_typesupport_fastrtps_cpp
[3.664s] [ 37%] Built target yesense_interface__rosidl_typesupport_cpp
[3.850s] [ 49%] Built target yesense_interface__rosidl_generator_c
[4.049s] [ 61%] Built target yesense_interface__rosidl_typesupport_introspection_c
[4.224s] [ 73%] Built target yesense_interface__rosidl_typesupport_fastrtps_c
[4.372s] [ 85%] Built target yesense_interface__rosidl_typesupport_c
[4.552s] [ 85%] Built target yesense_interface
[4.705s] [ 86%] Built target yesense_interface__py
[4.911s] [ 97%] Built target yesense_interface__rosidl_generator_py
[5.039s] [ 98%] Built target yesense_interface__rosidl_typesupport_fastrtps_c__pyext
[5.189s] [ 99%] Built target yesense_interface__rosidl_typesupport_c__pyext
[5.334s] [100%] Built target yesense_interface__rosidl_typesupport_introspection_c__pyext
[5.528s] Invoked command in '/home/wheeltec/wheeltec_ros2/build/yesense_interface' returned '0': CMAKE_PREFIX_PATH=${CMAKE_PREFIX_PATH}:/home/wheeltec/wheeltec_ros2/install/wheeltec_robot_keyboard:/home/wheeltec/wheeltec_ros2/install/wheeltec_dual_rtk_driver:/home/wheeltec/wheeltec_ros2/install/ultralytics_ros2:/home/wheeltec/wheeltec_ros2/install/tf2_tools:/home/wheeltec/wheeltec_ros2/install/nav2_waypoint_cycle:/home/wheeltec/wheeltec_ros2/install/nav2_simple_commander:/home/wheeltec/wheeltec_ros2/install/auto_recharge_ros2:/home/wheeltec/autoware/install/autoware_wheeltec_interface:/home/wheeltec/autoware/install/ad_api_visualizers:/opt/ros/humble /usr/bin/cmake --build /home/wheeltec/wheeltec_ros2/build/yesense_interface -- -j6 -l6
[5.547s] Invoking command in '/home/wheeltec/wheeltec_ros2/build/yesense_interface': CMAKE_PREFIX_PATH=${CMAKE_PREFIX_PATH}:/home/wheeltec/wheeltec_ros2/install/wheeltec_robot_keyboard:/home/wheeltec/wheeltec_ros2/install/wheeltec_dual_rtk_driver:/home/wheeltec/wheeltec_ros2/install/ultralytics_ros2:/home/wheeltec/wheeltec_ros2/install/tf2_tools:/home/wheeltec/wheeltec_ros2/install/nav2_waypoint_cycle:/home/wheeltec/wheeltec_ros2/install/nav2_simple_commander:/home/wheeltec/wheeltec_ros2/install/auto_recharge_ros2:/home/wheeltec/autoware/install/autoware_wheeltec_interface:/home/wheeltec/autoware/install/ad_api_visualizers:/opt/ros/humble /usr/bin/cmake --install /home/wheeltec/wheeltec_ros2/build/yesense_interface
[5.576s] -- Install configuration: ""
[5.580s] -- Execute custom install script
[5.587s] -- Up-to-date symlink: /home/wheeltec/wheeltec_ros2/install/yesense_interface/share/ament_index/resource_index/rosidl_interfaces/yesense_interface
[5.590s] -- Up-to-date symlink: /home/wheeltec/wheeltec_ros2/install/yesense_interface/include/yesense_interface/yesense_interface/msg/attitude_all_data.h
[5.591s] -- Up-to-date symlink: /home/wheeltec/wheeltec_ros2/install/yesense_interface/include/yesense_interface/yesense_interface/msg/attitude_min_ahrs.h
[5.591s] -- Up-to-date symlink: /home/wheeltec/wheeltec_ros2/install/yesense_interface/include/yesense_interface/yesense_interface/msg/attitude_min_vru.h
[5.591s] -- Up-to-date symlink: /home/wheeltec/wheeltec_ros2/install/yesense_interface/include/yesense_interface/yesense_interface/msg/detail/attitude_all_data__functions.h
[5.592s] -- Up-to-date symlink: /home/wheeltec/wheeltec_ros2/install/yesense_interface/include/yesense_interface/yesense_interface/msg/detail/attitude_all_data__struct.h
[5.592s] -- Up-to-date symlink: /home/wheeltec/wheeltec_ros2/install/yesense_interface/include/yesense_interface/yesense_interface/msg/detail/attitude_all_data__type_support.h
[5.593s] -- Up-to-date symlink: /home/wheeltec/wheeltec_ros2/install/yesense_interface/include/yesense_interface/yesense_interface/msg/detail/attitude_min_ahrs__functions.h
[5.593s] -- Up-to-date symlink: /home/wheeltec/wheeltec_ros2/install/yesense_interface/include/yesense_interface/yesense_interface/msg/detail/attitude_min_ahrs__struct.h
[5.594s] -- Up-to-date symlink: /home/wheeltec/wheeltec_ros2/install/yesense_interface/include/yesense_interface/yesense_interface/msg/detail/attitude_min_ahrs__type_support.h
[5.594s] -- Up-to-date symlink: /home/wheeltec/wheeltec_ros2/install/yesense_interface/include/yesense_interface/yesense_interface/msg/detail/attitude_min_vru__functions.h
[5.595s] -- Up-to-date symlink: /home/wheeltec/wheeltec_ros2/install/yesense_interface/include/yesense_interface/yesense_interface/msg/detail/attitude_min_vru__struct.h
[5.595s] -- Up-to-date symlink: /home/wheeltec/wheeltec_ros2/install/yesense_interface/include/yesense_interface/yesense_interface/msg/detail/attitude_min_vru__type_support.h
[5.596s] -- Up-to-date symlink: /home/wheeltec/wheeltec_ros2/install/yesense_interface/include/yesense_interface/yesense_interface/msg/detail/euler_angle__functions.h
[5.596s] -- Up-to-date symlink: /home/wheeltec/wheeltec_ros2/install/yesense_interface/include/yesense_interface/yesense_interface/msg/detail/euler_angle__struct.h
[5.596s] -- Up-to-date symlink: /home/wheeltec/wheeltec_ros2/install/yesense_interface/include/yesense_interface/yesense_interface/msg/detail/euler_angle__type_support.h
[5.597s] -- Up-to-date symlink: /home/wheeltec/wheeltec_ros2/install/yesense_interface/include/yesense_interface/yesense_interface/msg/detail/euler_only__functions.h
[5.597s] -- Up-to-date symlink: /home/wheeltec/wheeltec_ros2/install/yesense_interface/include/yesense_interface/yesense_interface/msg/detail/euler_only__struct.h
[5.597s] -- Up-to-date symlink: /home/wheeltec/wheeltec_ros2/install/yesense_interface/include/yesense_interface/yesense_interface/msg/detail/euler_only__type_support.h
[5.606s] -- Up-to-date symlink: /home/wheeltec/wheeltec_ros2/install/yesense_interface/include/yesense_interface/yesense_interface/msg/detail/gnss_pos__functions.h
[5.607s] -- Up-to-date symlink: /home/wheeltec/wheeltec_ros2/install/yesense_interface/include/yesense_interface/yesense_interface/msg/detail/gnss_pos__struct.h
[5.607s] -- Up-to-date symlink: /home/wheeltec/wheeltec_ros2/install/yesense_interface/include/yesense_interface/yesense_interface/msg/detail/gnss_pos__type_support.h
[5.607s] -- Up-to-date symlink: /home/wheeltec/wheeltec_ros2/install/yesense_interface/include/yesense_interface/yesense_interface/msg/detail/imu_data__functions.h
[5.608s] -- Up-to-date symlink: /home/wheeltec/wheeltec_ros2/install/yesense_interface/include/yesense_interface/yesense_interface/msg/detail/imu_data__struct.h
[5.608s] -- Up-to-date symlink: /home/wheeltec/wheeltec_ros2/install/yesense_interface/include/yesense_interface/yesense_interface/msg/detail/imu_data__type_support.h
[5.608s] -- Up-to-date symlink: /home/wheeltec/wheeltec_ros2/install/yesense_interface/include/yesense_interface/yesense_interface/msg/detail/imu_data_ten_axis__functions.h
[5.609s] -- Up-to-date symlink: /home/wheeltec/wheeltec_ros2/install/yesense_interface/include/yesense_interface/yesense_interface/msg/detail/imu_data_ten_axis__struct.h
[5.609s] -- Up-to-date symlink: /home/wheeltec/wheeltec_ros2/install/yesense_interface/include/yesense_interface/yesense_interface/msg/detail/imu_data_ten_axis__type_support.h
[5.610s] -- Up-to-date symlink: /home/wheeltec/wheeltec_ros2/install/yesense_interface/include/yesense_interface/yesense_interface/msg/detail/nav_all__functions.h
[5.610s] -- Up-to-date symlink: /home/wheeltec/wheeltec_ros2/install/yesense_interface/include/yesense_interface/yesense_interface/msg/detail/nav_all__struct.h
[5.610s] -- Up-to-date symlink: /home/wheeltec/wheeltec_ros2/install/yesense_interface/include/yesense_interface/yesense_interface/msg/detail/nav_all__type_support.h
[5.611s] -- Up-to-date symlink: /home/wheeltec/wheeltec_ros2/install/yesense_interface/include/yesense_interface/yesense_interface/msg/detail/nav_min__functions.h
[5.611s] -- Up-to-date symlink: /home/wheeltec/wheeltec_ros2/install/yesense_interface/include/yesense_interface/yesense_interface/msg/detail/nav_min__struct.h
[5.611s] -- Up-to-date symlink: /home/wheeltec/wheeltec_ros2/install/yesense_interface/include/yesense_interface/yesense_interface/msg/detail/nav_min__type_support.h
[5.612s] -- Up-to-date symlink: /home/wheeltec/wheeltec_ros2/install/yesense_interface/include/yesense_interface/yesense_interface/msg/detail/nav_min_utc__functions.h
[5.612s] -- Up-to-date symlink: /home/wheeltec/wheeltec_ros2/install/yesense_interface/include/yesense_interface/yesense_interface/msg/detail/nav_min_utc__struct.h
[5.613s] -- Up-to-date symlink: /home/wheeltec/wheeltec_ros2/install/yesense_interface/include/yesense_interface/yesense_interface/msg/detail/nav_min_utc__type_support.h
[5.613s] -- Up-to-date symlink: /home/wheeltec/wheeltec_ros2/install/yesense_interface/include/yesense_interface/yesense_interface/msg/detail/nav_status__functions.h
[5.613s] -- Up-to-date symlink: /home/wheeltec/wheeltec_ros2/install/yesense_interface/include/yesense_interface/yesense_interface/msg/detail/nav_status__struct.h
[5.614s] -- Up-to-date symlink: /home/wheeltec/wheeltec_ros2/install/yesense_interface/include/yesense_interface/yesense_interface/msg/detail/nav_status__type_support.h
[5.614s] -- Up-to-date symlink: /home/wheeltec/wheeltec_ros2/install/yesense_interface/include/yesense_interface/yesense_interface/msg/detail/pos_only__functions.h
[5.615s] -- Up-to-date symlink: /home/wheeltec/wheeltec_ros2/install/yesense_interface/include/yesense_interface/yesense_interface/msg/detail/pos_only__struct.h
[5.615s] -- Up-to-date symlink: /home/wheeltec/wheeltec_ros2/install/yesense_interface/include/yesense_interface/yesense_interface/msg/detail/pos_only__type_support.h
[5.615s] -- Up-to-date symlink: /home/wheeltec/wheeltec_ros2/install/yesense_interface/include/yesense_interface/yesense_interface/msg/detail/pressure__functions.h
[5.616s] -- Up-to-date symlink: /home/wheeltec/wheeltec_ros2/install/yesense_interface/include/yesense_interface/yesense_interface/msg/detail/pressure__struct.h
[5.616s] -- Up-to-date symlink: /home/wheeltec/wheeltec_ros2/install/yesense_interface/include/yesense_interface/yesense_interface/msg/detail/pressure__type_support.h
[5.617s] -- Up-to-date symlink: /home/wheeltec/wheeltec_ros2/install/yesense_interface/include/yesense_interface/yesense_interface/msg/detail/quat__functions.h
[5.617s] -- Up-to-date symlink: /home/wheeltec/wheeltec_ros2/install/yesense_interface/include/yesense_interface/yesense_interface/msg/detail/quat__struct.h
[5.617s] -- Up-to-date symlink: /home/wheeltec/wheeltec_ros2/install/yesense_interface/include/yesense_interface/yesense_interface/msg/detail/quat__type_support.h
[5.618s] -- Up-to-date symlink: /home/wheeltec/wheeltec_ros2/install/yesense_interface/include/yesense_interface/yesense_interface/msg/detail/robot_lord__functions.h
[5.618s] -- Up-to-date symlink: /home/wheeltec/wheeltec_ros2/install/yesense_interface/include/yesense_interface/yesense_interface/msg/detail/robot_lord__struct.h
[5.619s] -- Up-to-date symlink: /home/wheeltec/wheeltec_ros2/install/yesense_interface/include/yesense_interface/yesense_interface/msg/detail/robot_lord__type_support.h
[5.619s] -- Up-to-date symlink: /home/wheeltec/wheeltec_ros2/install/yesense_interface/include/yesense_interface/yesense_interface/msg/detail/sample_timestamp__functions.h
[5.622s] -- Up-to-date symlink: /home/wheeltec/wheeltec_ros2/install/yesense_interface/include/yesense_interface/yesense_interface/msg/detail/sample_timestamp__struct.h
[5.630s] -- Up-to-date symlink: /home/wheeltec/wheeltec_ros2/install/yesense_interface/include/yesense_interface/yesense_interface/msg/detail/sample_timestamp__type_support.h
[5.631s] -- Up-to-date symlink: /home/wheeltec/wheeltec_ros2/install/yesense_interface/include/yesense_interface/yesense_interface/msg/detail/sensor_temp__functions.h
[5.631s] -- Up-to-date symlink: /home/wheeltec/wheeltec_ros2/install/yesense_interface/include/yesense_interface/yesense_interface/msg/detail/sensor_temp__struct.h
[5.631s] -- Up-to-date symlink: /home/wheeltec/wheeltec_ros2/install/yesense_interface/include/yesense_interface/yesense_interface/msg/detail/sensor_temp__type_support.h
[5.632s] -- Up-to-date symlink: /home/wheeltec/wheeltec_ros2/install/yesense_interface/include/yesense_interface/yesense_interface/msg/detail/three_axis__functions.h
[5.632s] -- Up-to-date symlink: /home/wheeltec/wheeltec_ros2/install/yesense_interface/include/yesense_interface/yesense_interface/msg/detail/three_axis__struct.h
[5.638s] -- Up-to-date symlink: /home/wheeltec/wheeltec_ros2/install/yesense_interface/include/yesense_interface/yesense_interface/msg/detail/three_axis__type_support.h
[5.638s] -- Up-to-date symlink: /home/wheeltec/wheeltec_ros2/install/yesense_interface/include/yesense_interface/yesense_interface/msg/detail/tid__functions.h
[5.639s] -- Up-to-date symlink: /home/wheeltec/wheeltec_ros2/install/yesense_interface/include/yesense_interface/yesense_interface/msg/detail/tid__struct.h
[5.639s] -- Up-to-date symlink: /home/wheeltec/wheeltec_ros2/install/yesense_interface/include/yesense_interface/yesense_interface/msg/detail/tid__type_support.h
[5.640s] -- Up-to-date symlink: /home/wheeltec/wheeltec_ros2/install/yesense_interface/include/yesense_interface/yesense_interface/msg/detail/utc__functions.h
[5.640s] -- Up-to-date symlink: /home/wheeltec/wheeltec_ros2/install/yesense_interface/include/yesense_interface/yesense_interface/msg/detail/utc__struct.h
[5.640s] -- Up-to-date symlink: /home/wheeltec/wheeltec_ros2/install/yesense_interface/include/yesense_interface/yesense_interface/msg/detail/utc__type_support.h
[5.641s] -- Up-to-date symlink: /home/wheeltec/wheeltec_ros2/install/yesense_interface/include/yesense_interface/yesense_interface/msg/detail/vel__functions.h
[5.641s] -- Up-to-date symlink: /home/wheeltec/wheeltec_ros2/install/yesense_interface/include/yesense_interface/yesense_interface/msg/detail/vel__struct.h
[5.642s] -- Up-to-date symlink: /home/wheeltec/wheeltec_ros2/install/yesense_interface/include/yesense_interface/yesense_interface/msg/detail/vel__type_support.h
[5.642s] -- Up-to-date symlink: /home/wheeltec/wheeltec_ros2/install/yesense_interface/include/yesense_interface/yesense_interface/msg/euler_angle.h
[5.642s] -- Up-to-date symlink: /home/wheeltec/wheeltec_ros2/install/yesense_interface/include/yesense_interface/yesense_interface/msg/euler_only.h
[5.642s] -- Up-to-date symlink: /home/wheeltec/wheeltec_ros2/install/yesense_interface/include/yesense_interface/yesense_interface/msg/gnss_pos.h
[5.643s] -- Up-to-date symlink: /home/wheeltec/wheeltec_ros2/install/yesense_interface/include/yesense_interface/yesense_interface/msg/imu_data.h
[5.643s] -- Up-to-date symlink: /home/wheeltec/wheeltec_ros2/install/yesense_interface/include/yesense_interface/yesense_interface/msg/imu_data_ten_axis.h
[5.644s] -- Up-to-date symlink: /home/wheeltec/wheeltec_ros2/install/yesense_interface/include/yesense_interface/yesense_interface/msg/nav_all.h
[5.644s] -- Up-to-date symlink: /home/wheeltec/wheeltec_ros2/install/yesense_interface/include/yesense_interface/yesense_interface/msg/nav_min.h
[5.644s] -- Up-to-date symlink: /home/wheeltec/wheeltec_ros2/install/yesense_interface/include/yesense_interface/yesense_interface/msg/nav_min_utc.h
[5.645s] -- Up-to-date symlink: /home/wheeltec/wheeltec_ros2/install/yesense_interface/include/yesense_interface/yesense_interface/msg/nav_status.h
[5.645s] -- Up-to-date symlink: /home/wheeltec/wheeltec_ros2/install/yesense_interface/include/yesense_interface/yesense_interface/msg/pos_only.h
[5.648s] -- Up-to-date symlink: /home/wheeltec/wheeltec_ros2/install/yesense_interface/include/yesense_interface/yesense_interface/msg/pressure.h
[5.648s] -- Up-to-date symlink: /home/wheeltec/wheeltec_ros2/install/yesense_interface/include/yesense_interface/yesense_interface/msg/quat.h
[5.648s] -- Up-to-date symlink: /home/wheeltec/wheeltec_ros2/install/yesense_interface/include/yesense_interface/yesense_interface/msg/robot_lord.h
[5.648s] -- Up-to-date symlink: /home/wheeltec/wheeltec_ros2/install/yesense_interface/include/yesense_interface/yesense_interface/msg/rosidl_generator_c__visibility_control.h
[5.654s] -- Up-to-date symlink: /home/wheeltec/wheeltec_ros2/install/yesense_interface/include/yesense_interface/yesense_interface/msg/sample_timestamp.h
[5.655s] -- Up-to-date symlink: /home/wheeltec/wheeltec_ros2/install/yesense_interface/include/yesense_interface/yesense_interface/msg/sensor_temp.h
[5.655s] -- Up-to-date symlink: /home/wheeltec/wheeltec_ros2/install/yesense_interface/include/yesense_interface/yesense_interface/msg/three_axis.h
[5.655s] -- Up-to-date symlink: /home/wheeltec/wheeltec_ros2/install/yesense_interface/include/yesense_interface/yesense_interface/msg/tid.h
[5.656s] -- Up-to-date symlink: /home/wheeltec/wheeltec_ros2/install/yesense_interface/include/yesense_interface/yesense_interface/msg/utc.h
[5.656s] -- Up-to-date symlink: /home/wheeltec/wheeltec_ros2/install/yesense_interface/include/yesense_interface/yesense_interface/msg/vel.h
[5.656s] -- Up-to-date symlink: /home/wheeltec/wheeltec_ros2/install/yesense_interface/share/yesense_interface/environment/library_path.sh
[5.657s] -- Up-to-date symlink: /home/wheeltec/wheeltec_ros2/install/yesense_interface/share/yesense_interface/environment/library_path.dsv
[5.659s] -- Up-to-date symlink: /home/wheeltec/wheeltec_ros2/install/yesense_interface/include/yesense_interface/yesense_interface/msg/detail/attitude_all_data__rosidl_typesupport_fastrtps_c.h
[5.660s] -- Up-to-date symlink: /home/wheeltec/wheeltec_ros2/install/yesense_interface/include/yesense_interface/yesense_interface/msg/detail/attitude_min_ahrs__rosidl_typesupport_fastrtps_c.h
[5.660s] -- Up-to-date symlink: /home/wheeltec/wheeltec_ros2/install/yesense_interface/include/yesense_interface/yesense_interface/msg/detail/attitude_min_vru__rosidl_typesupport_fastrtps_c.h
[5.660s] -- Up-to-date symlink: /home/wheeltec/wheeltec_ros2/install/yesense_interface/include/yesense_interface/yesense_interface/msg/detail/euler_angle__rosidl_typesupport_fastrtps_c.h
[5.660s] -- Up-to-date symlink: /home/wheeltec/wheeltec_ros2/install/yesense_interface/include/yesense_interface/yesense_interface/msg/detail/euler_only__rosidl_typesupport_fastrtps_c.h
[5.661s] -- Up-to-date symlink: /home/wheeltec/wheeltec_ros2/install/yesense_interface/include/yesense_interface/yesense_interface/msg/detail/gnss_pos__rosidl_typesupport_fastrtps_c.h
[5.661s] -- Up-to-date symlink: /home/wheeltec/wheeltec_ros2/install/yesense_interface/include/yesense_interface/yesense_interface/msg/detail/imu_data__rosidl_typesupport_fastrtps_c.h
[5.662s] -- Up-to-date symlink: /home/wheeltec/wheeltec_ros2/install/yesense_interface/include/yesense_interface/yesense_interface/msg/detail/imu_data_ten_axis__rosidl_typesupport_fastrtps_c.h
[5.663s] -- Up-to-date symlink: /home/wheeltec/wheeltec_ros2/install/yesense_interface/include/yesense_interface/yesense_interface/msg/detail/nav_all__rosidl_typesupport_fastrtps_c.h
[5.663s] -- Up-to-date symlink: /home/wheeltec/wheeltec_ros2/install/yesense_interface/include/yesense_interface/yesense_interface/msg/detail/nav_min__rosidl_typesupport_fastrtps_c.h
[5.663s] -- Up-to-date symlink: /home/wheeltec/wheeltec_ros2/install/yesense_interface/include/yesense_interface/yesense_interface/msg/detail/nav_min_utc__rosidl_typesupport_fastrtps_c.h
[5.663s] -- Up-to-date symlink: /home/wheeltec/wheeltec_ros2/install/yesense_interface/include/yesense_interface/yesense_interface/msg/detail/nav_status__rosidl_typesupport_fastrtps_c.h
[5.664s] -- Up-to-date symlink: /home/wheeltec/wheeltec_ros2/install/yesense_interface/include/yesense_interface/yesense_interface/msg/detail/pos_only__rosidl_typesupport_fastrtps_c.h
[5.665s] -- Up-to-date symlink: /home/wheeltec/wheeltec_ros2/install/yesense_interface/include/yesense_interface/yesense_interface/msg/detail/pressure__rosidl_typesupport_fastrtps_c.h
[5.665s] -- Up-to-date symlink: /home/wheeltec/wheeltec_ros2/install/yesense_interface/include/yesense_interface/yesense_interface/msg/detail/quat__rosidl_typesupport_fastrtps_c.h
[5.665s] -- Up-to-date symlink: /home/wheeltec/wheeltec_ros2/install/yesense_interface/include/yesense_interface/yesense_interface/msg/detail/robot_lord__rosidl_typesupport_fastrtps_c.h
[5.665s] -- Up-to-date symlink: /home/wheeltec/wheeltec_ros2/install/yesense_interface/include/yesense_interface/yesense_interface/msg/detail/sample_timestamp__rosidl_typesupport_fastrtps_c.h
[5.666s] -- Up-to-date symlink: /home/wheeltec/wheeltec_ros2/install/yesense_interface/include/yesense_interface/yesense_interface/msg/detail/sensor_temp__rosidl_typesupport_fastrtps_c.h
[5.674s] -- Up-to-date symlink: /home/wheeltec/wheeltec_ros2/install/yesense_interface/include/yesense_interface/yesense_interface/msg/detail/three_axis__rosidl_typesupport_fastrtps_c.h
[5.675s] -- Up-to-date symlink: /home/wheeltec/wheeltec_ros2/install/yesense_interface/include/yesense_interface/yesense_interface/msg/detail/tid__rosidl_typesupport_fastrtps_c.h
[5.675s] -- Up-to-date symlink: /home/wheeltec/wheeltec_ros2/install/yesense_interface/include/yesense_interface/yesense_interface/msg/detail/utc__rosidl_typesupport_fastrtps_c.h
[5.675s] -- Up-to-date symlink: /home/wheeltec/wheeltec_ros2/install/yesense_interface/include/yesense_interface/yesense_interface/msg/detail/vel__rosidl_typesupport_fastrtps_c.h
[5.676s] -- Up-to-date symlink: /home/wheeltec/wheeltec_ros2/install/yesense_interface/include/yesense_interface/yesense_interface/msg/rosidl_typesupport_fastrtps_c__visibility_control.h
[5.677s] -- Up-to-date symlink: /home/wheeltec/wheeltec_ros2/install/yesense_interface/include/yesense_interface/yesense_interface/msg/detail/attitude_all_data__rosidl_typesupport_introspection_c.h
[5.678s] -- Up-to-date symlink: /home/wheeltec/wheeltec_ros2/install/yesense_interface/include/yesense_interface/yesense_interface/msg/detail/attitude_min_ahrs__rosidl_typesupport_introspection_c.h
[5.678s] -- Up-to-date symlink: /home/wheeltec/wheeltec_ros2/install/yesense_interface/include/yesense_interface/yesense_interface/msg/detail/attitude_min_vru__rosidl_typesupport_introspection_c.h
[5.678s] -- Up-to-date symlink: /home/wheeltec/wheeltec_ros2/install/yesense_interface/include/yesense_interface/yesense_interface/msg/detail/euler_angle__rosidl_typesupport_introspection_c.h
[5.678s] -- Up-to-date symlink: /home/wheeltec/wheeltec_ros2/install/yesense_interface/include/yesense_interface/yesense_interface/msg/detail/euler_only__rosidl_typesupport_introspection_c.h
[5.679s] -- Up-to-date symlink: /home/wheeltec/wheeltec_ros2/install/yesense_interface/include/yesense_interface/yesense_interface/msg/detail/gnss_pos__rosidl_typesupport_introspection_c.h
[5.679s] -- Up-to-date symlink: /home/wheeltec/wheeltec_ros2/install/yesense_interface/include/yesense_interface/yesense_interface/msg/detail/imu_data__rosidl_typesupport_introspection_c.h
[5.679s] -- Up-to-date symlink: /home/wheeltec/wheeltec_ros2/install/yesense_interface/include/yesense_interface/yesense_interface/msg/detail/imu_data_ten_axis__rosidl_typesupport_introspection_c.h
[5.680s] -- Up-to-date symlink: /home/wheeltec/wheeltec_ros2/install/yesense_interface/include/yesense_interface/yesense_interface/msg/detail/nav_all__rosidl_typesupport_introspection_c.h
[5.680s] -- Up-to-date symlink: /home/wheeltec/wheeltec_ros2/install/yesense_interface/include/yesense_interface/yesense_interface/msg/detail/nav_min__rosidl_typesupport_introspection_c.h
[5.680s] -- Up-to-date symlink: /home/wheeltec/wheeltec_ros2/install/yesense_interface/include/yesense_interface/yesense_interface/msg/detail/nav_min_utc__rosidl_typesupport_introspection_c.h
[5.681s] -- Up-to-date symlink: /home/wheeltec/wheeltec_ros2/install/yesense_interface/include/yesense_interface/yesense_interface/msg/detail/nav_status__rosidl_typesupport_introspection_c.h
[5.681s] -- Up-to-date symlink: /home/wheeltec/wheeltec_ros2/install/yesense_interface/include/yesense_interface/yesense_interface/msg/detail/pos_only__rosidl_typesupport_introspection_c.h
[5.682s] -- Up-to-date symlink: /home/wheeltec/wheeltec_ros2/install/yesense_interface/include/yesense_interface/yesense_interface/msg/detail/pressure__rosidl_typesupport_introspection_c.h
[5.682s] -- Up-to-date symlink: /home/wheeltec/wheeltec_ros2/install/yesense_interface/include/yesense_interface/yesense_interface/msg/detail/quat__rosidl_typesupport_introspection_c.h
[5.682s] -- Up-to-date symlink: /home/wheeltec/wheeltec_ros2/install/yesense_interface/include/yesense_interface/yesense_interface/msg/detail/robot_lord__rosidl_typesupport_introspection_c.h
[5.683s] -- Up-to-date symlink: /home/wheeltec/wheeltec_ros2/install/yesense_interface/include/yesense_interface/yesense_interface/msg/detail/sample_timestamp__rosidl_typesupport_introspection_c.h
[5.683s] -- Up-to-date symlink: /home/wheeltec/wheeltec_ros2/install/yesense_interface/include/yesense_interface/yesense_interface/msg/detail/sensor_temp__rosidl_typesupport_introspection_c.h
[5.684s] -- Up-to-date symlink: /home/wheeltec/wheeltec_ros2/install/yesense_interface/include/yesense_interface/yesense_interface/msg/detail/three_axis__rosidl_typesupport_introspection_c.h
[5.684s] -- Up-to-date symlink: /home/wheeltec/wheeltec_ros2/install/yesense_interface/include/yesense_interface/yesense_interface/msg/detail/tid__rosidl_typesupport_introspection_c.h
[5.684s] -- Up-to-date symlink: /home/wheeltec/wheeltec_ros2/install/yesense_interface/include/yesense_interface/yesense_interface/msg/detail/utc__rosidl_typesupport_introspection_c.h
[5.685s] -- Up-to-date symlink: /home/wheeltec/wheeltec_ros2/install/yesense_interface/include/yesense_interface/yesense_interface/msg/detail/vel__rosidl_typesupport_introspection_c.h
[5.685s] -- Up-to-date symlink: /home/wheeltec/wheeltec_ros2/install/yesense_interface/include/yesense_interface/yesense_interface/msg/rosidl_typesupport_introspection_c__visibility_control.h
[5.691s] -- Up-to-date symlink: /home/wheeltec/wheeltec_ros2/install/yesense_interface/include/yesense_interface/yesense_interface/msg/attitude_all_data.hpp
[5.692s] -- Up-to-date symlink: /home/wheeltec/wheeltec_ros2/install/yesense_interface/include/yesense_interface/yesense_interface/msg/attitude_min_ahrs.hpp
[5.692s] -- Up-to-date symlink: /home/wheeltec/wheeltec_ros2/install/yesense_interface/include/yesense_interface/yesense_interface/msg/attitude_min_vru.hpp
[5.692s] -- Up-to-date symlink: /home/wheeltec/wheeltec_ros2/install/yesense_interface/include/yesense_interface/yesense_interface/msg/detail/attitude_all_data__builder.hpp
[5.693s] -- Up-to-date symlink: /home/wheeltec/wheeltec_ros2/install/yesense_interface/include/yesense_interface/yesense_interface/msg/detail/attitude_all_data__struct.hpp
[5.693s] -- Up-to-date symlink: /home/wheeltec/wheeltec_ros2/install/yesense_interface/include/yesense_interface/yesense_interface/msg/detail/attitude_all_data__traits.hpp
[5.694s] -- Up-to-date symlink: /home/wheeltec/wheeltec_ros2/install/yesense_interface/include/yesense_interface/yesense_interface/msg/detail/attitude_all_data__type_support.hpp
[5.694s] -- Up-to-date symlink: /home/wheeltec/wheeltec_ros2/install/yesense_interface/include/yesense_interface/yesense_interface/msg/detail/attitude_min_ahrs__builder.hpp
[5.694s] -- Up-to-date symlink: /home/wheeltec/wheeltec_ros2/install/yesense_interface/include/yesense_interface/yesense_interface/msg/detail/attitude_min_ahrs__struct.hpp
[5.702s] -- Up-to-date symlink: /home/wheeltec/wheeltec_ros2/install/yesense_interface/include/yesense_interface/yesense_interface/msg/detail/attitude_min_ahrs__traits.hpp
[5.703s] -- Up-to-date symlink: /home/wheeltec/wheeltec_ros2/install/yesense_interface/include/yesense_interface/yesense_interface/msg/detail/attitude_min_ahrs__type_support.hpp
[5.703s] -- Up-to-date symlink: /home/wheeltec/wheeltec_ros2/install/yesense_interface/include/yesense_interface/yesense_interface/msg/detail/attitude_min_vru__builder.hpp
[5.703s] -- Up-to-date symlink: /home/wheeltec/wheeltec_ros2/install/yesense_interface/include/yesense_interface/yesense_interface/msg/detail/attitude_min_vru__struct.hpp
[5.704s] -- Up-to-date symlink: /home/wheeltec/wheeltec_ros2/install/yesense_interface/include/yesense_interface/yesense_interface/msg/detail/attitude_min_vru__traits.hpp
[5.704s] -- Up-to-date symlink: /home/wheeltec/wheeltec_ros2/install/yesense_interface/include/yesense_interface/yesense_interface/msg/detail/attitude_min_vru__type_support.hpp
[5.705s] -- Up-to-date symlink: /home/wheeltec/wheeltec_ros2/install/yesense_interface/include/yesense_interface/yesense_interface/msg/detail/euler_angle__builder.hpp
[5.705s] -- Up-to-date symlink: /home/wheeltec/wheeltec_ros2/install/yesense_interface/include/yesense_interface/yesense_interface/msg/detail/euler_angle__struct.hpp
[5.705s] -- Up-to-date symlink: /home/wheeltec/wheeltec_ros2/install/yesense_interface/include/yesense_interface/yesense_interface/msg/detail/euler_angle__traits.hpp
[5.706s] -- Up-to-date symlink: /home/wheeltec/wheeltec_ros2/install/yesense_interface/include/yesense_interface/yesense_interface/msg/detail/euler_angle__type_support.hpp
[5.706s] -- Up-to-date symlink: /home/wheeltec/wheeltec_ros2/install/yesense_interface/include/yesense_interface/yesense_interface/msg/detail/euler_only__builder.hpp
[5.708s] -- Up-to-date symlink: /home/wheeltec/wheeltec_ros2/install/yesense_interface/include/yesense_interface/yesense_interface/msg/detail/euler_only__struct.hpp
[5.708s] -- Up-to-date symlink: /home/wheeltec/wheeltec_ros2/install/yesense_interface/include/yesense_interface/yesense_interface/msg/detail/euler_only__traits.hpp
[5.709s] -- Up-to-date symlink: /home/wheeltec/wheeltec_ros2/install/yesense_interface/include/yesense_interface/yesense_interface/msg/detail/euler_only__type_support.hpp
[5.709s] -- Up-to-date symlink: /home/wheeltec/wheeltec_ros2/install/yesense_interface/include/yesense_interface/yesense_interface/msg/detail/gnss_pos__builder.hpp
[5.709s] -- Up-to-date symlink: /home/wheeltec/wheeltec_ros2/install/yesense_interface/include/yesense_interface/yesense_interface/msg/detail/gnss_pos__struct.hpp
[5.710s] -- Up-to-date symlink: /home/wheeltec/wheeltec_ros2/install/yesense_interface/include/yesense_interface/yesense_interface/msg/detail/gnss_pos__traits.hpp
[5.710s] -- Up-to-date symlink: /home/wheeltec/wheeltec_ros2/install/yesense_interface/include/yesense_interface/yesense_interface/msg/detail/gnss_pos__type_support.hpp
[5.711s] -- Up-to-date symlink: /home/wheeltec/wheeltec_ros2/install/yesense_interface/include/yesense_interface/yesense_interface/msg/detail/imu_data__builder.hpp
[5.711s] -- Up-to-date symlink: /home/wheeltec/wheeltec_ros2/install/yesense_interface/include/yesense_interface/yesense_interface/msg/detail/imu_data__struct.hpp
[5.711s] -- Up-to-date symlink: /home/wheeltec/wheeltec_ros2/install/yesense_interface/include/yesense_interface/yesense_interface/msg/detail/imu_data__traits.hpp
[5.712s] -- Up-to-date symlink: /home/wheeltec/wheeltec_ros2/install/yesense_interface/include/yesense_interface/yesense_interface/msg/detail/imu_data__type_support.hpp
[5.712s] -- Up-to-date symlink: /home/wheeltec/wheeltec_ros2/install/yesense_interface/include/yesense_interface/yesense_interface/msg/detail/imu_data_ten_axis__builder.hpp
[5.712s] -- Up-to-date symlink: /home/wheeltec/wheeltec_ros2/install/yesense_interface/include/yesense_interface/yesense_interface/msg/detail/imu_data_ten_axis__struct.hpp
[5.713s] -- Up-to-date symlink: /home/wheeltec/wheeltec_ros2/install/yesense_interface/include/yesense_interface/yesense_interface/msg/detail/imu_data_ten_axis__traits.hpp
[5.713s] -- Up-to-date symlink: /home/wheeltec/wheeltec_ros2/install/yesense_interface/include/yesense_interface/yesense_interface/msg/detail/imu_data_ten_axis__type_support.hpp
[5.714s] -- Up-to-date symlink: /home/wheeltec/wheeltec_ros2/install/yesense_interface/include/yesense_interface/yesense_interface/msg/detail/nav_all__builder.hpp
[5.715s] -- Up-to-date symlink: /home/wheeltec/wheeltec_ros2/install/yesense_interface/include/yesense_interface/yesense_interface/msg/detail/nav_all__struct.hpp
[5.715s] -- Up-to-date symlink: /home/wheeltec/wheeltec_ros2/install/yesense_interface/include/yesense_interface/yesense_interface/msg/detail/nav_all__traits.hpp
[5.716s] -- Up-to-date symlink: /home/wheeltec/wheeltec_ros2/install/yesense_interface/include/yesense_interface/yesense_interface/msg/detail/nav_all__type_support.hpp
[5.726s] -- Up-to-date symlink: /home/wheeltec/wheeltec_ros2/install/yesense_interface/include/yesense_interface/yesense_interface/msg/detail/nav_min__builder.hpp
[5.728s] -- Up-to-date symlink: /home/wheeltec/wheeltec_ros2/install/yesense_interface/include/yesense_interface/yesense_interface/msg/detail/nav_min__struct.hpp
[5.728s] -- Up-to-date symlink: /home/wheeltec/wheeltec_ros2/install/yesense_interface/include/yesense_interface/yesense_interface/msg/detail/nav_min__traits.hpp
[5.729s] -- Up-to-date symlink: /home/wheeltec/wheeltec_ros2/install/yesense_interface/include/yesense_interface/yesense_interface/msg/detail/nav_min__type_support.hpp
[5.729s] -- Up-to-date symlink: /home/wheeltec/wheeltec_ros2/install/yesense_interface/include/yesense_interface/yesense_interface/msg/detail/nav_min_utc__builder.hpp
[5.730s] -- Up-to-date symlink: /home/wheeltec/wheeltec_ros2/install/yesense_interface/include/yesense_interface/yesense_interface/msg/detail/nav_min_utc__struct.hpp
[5.731s] -- Up-to-date symlink: /home/wheeltec/wheeltec_ros2/install/yesense_interface/include/yesense_interface/yesense_interface/msg/detail/nav_min_utc__traits.hpp
[5.731s] -- Up-to-date symlink: /home/wheeltec/wheeltec_ros2/install/yesense_interface/include/yesense_interface/yesense_interface/msg/detail/nav_min_utc__type_support.hpp
[5.732s] -- Up-to-date symlink: /home/wheeltec/wheeltec_ros2/install/yesense_interface/include/yesense_interface/yesense_interface/msg/detail/nav_status__builder.hpp
[5.732s] -- Up-to-date symlink: /home/wheeltec/wheeltec_ros2/install/yesense_interface/include/yesense_interface/yesense_interface/msg/detail/nav_status__struct.hpp
[5.733s] -- Up-to-date symlink: /home/wheeltec/wheeltec_ros2/install/yesense_interface/include/yesense_interface/yesense_interface/msg/detail/nav_status__traits.hpp
[5.733s] -- Up-to-date symlink: /home/wheeltec/wheeltec_ros2/install/yesense_interface/include/yesense_interface/yesense_interface/msg/detail/nav_status__type_support.hpp
[5.734s] -- Up-to-date symlink: /home/wheeltec/wheeltec_ros2/install/yesense_interface/include/yesense_interface/yesense_interface/msg/detail/pos_only__builder.hpp
[5.735s] -- Up-to-date symlink: /home/wheeltec/wheeltec_ros2/install/yesense_interface/include/yesense_interface/yesense_interface/msg/detail/pos_only__struct.hpp
[5.735s] -- Up-to-date symlink: /home/wheeltec/wheeltec_ros2/install/yesense_interface/include/yesense_interface/yesense_interface/msg/detail/pos_only__traits.hpp
[5.736s] -- Up-to-date symlink: /home/wheeltec/wheeltec_ros2/install/yesense_interface/include/yesense_interface/yesense_interface/msg/detail/pos_only__type_support.hpp
[5.737s] -- Up-to-date symlink: /home/wheeltec/wheeltec_ros2/install/yesense_interface/include/yesense_interface/yesense_interface/msg/detail/pressure__builder.hpp
[5.738s] -- Up-to-date symlink: /home/wheeltec/wheeltec_ros2/install/yesense_interface/include/yesense_interface/yesense_interface/msg/detail/pressure__struct.hpp
[5.738s] -- Up-to-date symlink: /home/wheeltec/wheeltec_ros2/install/yesense_interface/include/yesense_interface/yesense_interface/msg/detail/pressure__traits.hpp
[5.739s] -- Up-to-date symlink: /home/wheeltec/wheeltec_ros2/install/yesense_interface/include/yesense_interface/yesense_interface/msg/detail/pressure__type_support.hpp
[5.740s] -- Up-to-date symlink: /home/wheeltec/wheeltec_ros2/install/yesense_interface/include/yesense_interface/yesense_interface/msg/detail/quat__builder.hpp
[5.741s] -- Up-to-date symlink: /home/wheeltec/wheeltec_ros2/install/yesense_interface/include/yesense_interface/yesense_interface/msg/detail/quat__struct.hpp
[5.750s] -- Up-to-date symlink: /home/wheeltec/wheeltec_ros2/install/yesense_interface/include/yesense_interface/yesense_interface/msg/detail/quat__traits.hpp
[5.752s] -- Up-to-date symlink: /home/wheeltec/wheeltec_ros2/install/yesense_interface/include/yesense_interface/yesense_interface/msg/detail/quat__type_support.hpp
[5.753s] -- Up-to-date symlink: /home/wheeltec/wheeltec_ros2/install/yesense_interface/include/yesense_interface/yesense_interface/msg/detail/robot_lord__builder.hpp
[5.754s] -- Up-to-date symlink: /home/wheeltec/wheeltec_ros2/install/yesense_interface/include/yesense_interface/yesense_interface/msg/detail/robot_lord__struct.hpp
[5.755s] -- Up-to-date symlink: /home/wheeltec/wheeltec_ros2/install/yesense_interface/include/yesense_interface/yesense_interface/msg/detail/robot_lord__traits.hpp
[5.756s] -- Up-to-date symlink: /home/wheeltec/wheeltec_ros2/install/yesense_interface/include/yesense_interface/yesense_interface/msg/detail/robot_lord__type_support.hpp
[5.757s] -- Up-to-date symlink: /home/wheeltec/wheeltec_ros2/install/yesense_interface/include/yesense_interface/yesense_interface/msg/detail/sample_timestamp__builder.hpp
[5.757s] -- Up-to-date symlink: /home/wheeltec/wheeltec_ros2/install/yesense_interface/include/yesense_interface/yesense_interface/msg/detail/sample_timestamp__struct.hpp
[5.758s] -- Up-to-date symlink: /home/wheeltec/wheeltec_ros2/install/yesense_interface/include/yesense_interface/yesense_interface/msg/detail/sample_timestamp__traits.hpp
[5.759s] -- Up-to-date symlink: /home/wheeltec/wheeltec_ros2/install/yesense_interface/include/yesense_interface/yesense_interface/msg/detail/sample_timestamp__type_support.hpp
[5.759s] -- Up-to-date symlink: /home/wheeltec/wheeltec_ros2/install/yesense_interface/include/yesense_interface/yesense_interface/msg/detail/sensor_temp__builder.hpp
[5.760s] -- Up-to-date symlink: /home/wheeltec/wheeltec_ros2/install/yesense_interface/include/yesense_interface/yesense_interface/msg/detail/sensor_temp__struct.hpp
[5.761s] -- Up-to-date symlink: /home/wheeltec/wheeltec_ros2/install/yesense_interface/include/yesense_interface/yesense_interface/msg/detail/sensor_temp__traits.hpp
[5.762s] -- Up-to-date symlink: /home/wheeltec/wheeltec_ros2/install/yesense_interface/include/yesense_interface/yesense_interface/msg/detail/sensor_temp__type_support.hpp
[5.763s] -- Up-to-date symlink: /home/wheeltec/wheeltec_ros2/install/yesense_interface/include/yesense_interface/yesense_interface/msg/detail/three_axis__builder.hpp
[5.763s] -- Up-to-date symlink: /home/wheeltec/wheeltec_ros2/install/yesense_interface/include/yesense_interface/yesense_interface/msg/detail/three_axis__struct.hpp
[5.764s] -- Up-to-date symlink: /home/wheeltec/wheeltec_ros2/install/yesense_interface/include/yesense_interface/yesense_interface/msg/detail/three_axis__traits.hpp
[5.765s] -- Up-to-date symlink: /home/wheeltec/wheeltec_ros2/install/yesense_interface/include/yesense_interface/yesense_interface/msg/detail/three_axis__type_support.hpp
[5.766s] -- Up-to-date symlink: /home/wheeltec/wheeltec_ros2/install/yesense_interface/include/yesense_interface/yesense_interface/msg/detail/tid__builder.hpp
[5.774s] -- Up-to-date symlink: /home/wheeltec/wheeltec_ros2/install/yesense_interface/include/yesense_interface/yesense_interface/msg/detail/tid__struct.hpp
[5.776s] -- Up-to-date symlink: /home/wheeltec/wheeltec_ros2/install/yesense_interface/include/yesense_interface/yesense_interface/msg/detail/tid__traits.hpp
[5.776s] -- Up-to-date symlink: /home/wheeltec/wheeltec_ros2/install/yesense_interface/include/yesense_interface/yesense_interface/msg/detail/tid__type_support.hpp
[5.777s] -- Up-to-date symlink: /home/wheeltec/wheeltec_ros2/install/yesense_interface/include/yesense_interface/yesense_interface/msg/detail/utc__builder.hpp
[5.778s] -- Up-to-date symlink: /home/wheeltec/wheeltec_ros2/install/yesense_interface/include/yesense_interface/yesense_interface/msg/detail/utc__struct.hpp
[5.778s] -- Up-to-date symlink: /home/wheeltec/wheeltec_ros2/install/yesense_interface/include/yesense_interface/yesense_interface/msg/detail/utc__traits.hpp
[5.779s] -- Up-to-date symlink: /home/wheeltec/wheeltec_ros2/install/yesense_interface/include/yesense_interface/yesense_interface/msg/detail/utc__type_support.hpp
[5.779s] -- Up-to-date symlink: /home/wheeltec/wheeltec_ros2/install/yesense_interface/include/yesense_interface/yesense_interface/msg/detail/vel__builder.hpp
[5.780s] -- Up-to-date symlink: /home/wheeltec/wheeltec_ros2/install/yesense_interface/include/yesense_interface/yesense_interface/msg/detail/vel__struct.hpp
[5.780s] -- Up-to-date symlink: /home/wheeltec/wheeltec_ros2/install/yesense_interface/include/yesense_interface/yesense_interface/msg/detail/vel__traits.hpp
[5.781s] -- Up-to-date symlink: /home/wheeltec/wheeltec_ros2/install/yesense_interface/include/yesense_interface/yesense_interface/msg/detail/vel__type_support.hpp
[5.782s] -- Up-to-date symlink: /home/wheeltec/wheeltec_ros2/install/yesense_interface/include/yesense_interface/yesense_interface/msg/euler_angle.hpp
[5.782s] -- Up-to-date symlink: /home/wheeltec/wheeltec_ros2/install/yesense_interface/include/yesense_interface/yesense_interface/msg/euler_only.hpp
[5.783s] -- Up-to-date symlink: /home/wheeltec/wheeltec_ros2/install/yesense_interface/include/yesense_interface/yesense_interface/msg/gnss_pos.hpp
[5.784s] -- Up-to-date symlink: /home/wheeltec/wheeltec_ros2/install/yesense_interface/include/yesense_interface/yesense_interface/msg/imu_data.hpp
[5.784s] -- Up-to-date symlink: /home/wheeltec/wheeltec_ros2/install/yesense_interface/include/yesense_interface/yesense_interface/msg/imu_data_ten_axis.hpp
[5.785s] -- Up-to-date symlink: /home/wheeltec/wheeltec_ros2/install/yesense_interface/include/yesense_interface/yesense_interface/msg/nav_all.hpp
[5.786s] -- Up-to-date symlink: /home/wheeltec/wheeltec_ros2/install/yesense_interface/include/yesense_interface/yesense_interface/msg/nav_min.hpp
[5.787s] -- Up-to-date symlink: /home/wheeltec/wheeltec_ros2/install/yesense_interface/include/yesense_interface/yesense_interface/msg/nav_min_utc.hpp
[5.789s] -- Up-to-date symlink: /home/wheeltec/wheeltec_ros2/install/yesense_interface/include/yesense_interface/yesense_interface/msg/nav_status.hpp
[5.789s] -- Up-to-date symlink: /home/wheeltec/wheeltec_ros2/install/yesense_interface/include/yesense_interface/yesense_interface/msg/pos_only.hpp
[5.789s] -- Up-to-date symlink: /home/wheeltec/wheeltec_ros2/install/yesense_interface/include/yesense_interface/yesense_interface/msg/pressure.hpp
[5.790s] -- Up-to-date symlink: /home/wheeltec/wheeltec_ros2/install/yesense_interface/include/yesense_interface/yesense_interface/msg/quat.hpp
[5.792s] -- Up-to-date symlink: /home/wheeltec/wheeltec_ros2/install/yesense_interface/include/yesense_interface/yesense_interface/msg/robot_lord.hpp
[5.792s] -- Up-to-date symlink: /home/wheeltec/wheeltec_ros2/install/yesense_interface/include/yesense_interface/yesense_interface/msg/rosidl_generator_cpp__visibility_control.hpp
[5.793s] -- Up-to-date symlink: /home/wheeltec/wheeltec_ros2/install/yesense_interface/include/yesense_interface/yesense_interface/msg/sample_timestamp.hpp
[5.793s] -- Up-to-date symlink: /home/wheeltec/wheeltec_ros2/install/yesense_interface/include/yesense_interface/yesense_interface/msg/sensor_temp.hpp
[5.794s] -- Up-to-date symlink: /home/wheeltec/wheeltec_ros2/install/yesense_interface/include/yesense_interface/yesense_interface/msg/three_axis.hpp
[5.794s] -- Up-to-date symlink: /home/wheeltec/wheeltec_ros2/install/yesense_interface/include/yesense_interface/yesense_interface/msg/tid.hpp
[5.795s] -- Up-to-date symlink: /home/wheeltec/wheeltec_ros2/install/yesense_interface/include/yesense_interface/yesense_interface/msg/utc.hpp
[5.802s] -- Up-to-date symlink: /home/wheeltec/wheeltec_ros2/install/yesense_interface/include/yesense_interface/yesense_interface/msg/vel.hpp
[5.805s] -- Up-to-date symlink: /home/wheeltec/wheeltec_ros2/install/yesense_interface/include/yesense_interface/yesense_interface/msg/detail/attitude_all_data__rosidl_typesupport_fastrtps_cpp.hpp
[5.805s] -- Up-to-date symlink: /home/wheeltec/wheeltec_ros2/install/yesense_interface/include/yesense_interface/yesense_interface/msg/detail/attitude_min_ahrs__rosidl_typesupport_fastrtps_cpp.hpp
[5.806s] -- Up-to-date symlink: /home/wheeltec/wheeltec_ros2/install/yesense_interface/include/yesense_interface/yesense_interface/msg/detail/attitude_min_vru__rosidl_typesupport_fastrtps_cpp.hpp
[5.806s] -- Up-to-date symlink: /home/wheeltec/wheeltec_ros2/install/yesense_interface/include/yesense_interface/yesense_interface/msg/detail/euler_angle__rosidl_typesupport_fastrtps_cpp.hpp
[5.806s] -- Up-to-date symlink: /home/wheeltec/wheeltec_ros2/install/yesense_interface/include/yesense_interface/yesense_interface/msg/detail/euler_only__rosidl_typesupport_fastrtps_cpp.hpp
[5.807s] -- Up-to-date symlink: /home/wheeltec/wheeltec_ros2/install/yesense_interface/include/yesense_interface/yesense_interface/msg/detail/gnss_pos__rosidl_typesupport_fastrtps_cpp.hpp
[5.807s] -- Up-to-date symlink: /home/wheeltec/wheeltec_ros2/install/yesense_interface/include/yesense_interface/yesense_interface/msg/detail/imu_data__rosidl_typesupport_fastrtps_cpp.hpp
[5.808s] -- Up-to-date symlink: /home/wheeltec/wheeltec_ros2/install/yesense_interface/include/yesense_interface/yesense_interface/msg/detail/imu_data_ten_axis__rosidl_typesupport_fastrtps_cpp.hpp
[5.808s] -- Up-to-date symlink: /home/wheeltec/wheeltec_ros2/install/yesense_interface/include/yesense_interface/yesense_interface/msg/detail/nav_all__rosidl_typesupport_fastrtps_cpp.hpp
[5.808s] -- Up-to-date symlink: /home/wheeltec/wheeltec_ros2/install/yesense_interface/include/yesense_interface/yesense_interface/msg/detail/nav_min__rosidl_typesupport_fastrtps_cpp.hpp
[5.809s] -- Up-to-date symlink: /home/wheeltec/wheeltec_ros2/install/yesense_interface/include/yesense_interface/yesense_interface/msg/detail/nav_min_utc__rosidl_typesupport_fastrtps_cpp.hpp
[5.809s] -- Up-to-date symlink: /home/wheeltec/wheeltec_ros2/install/yesense_interface/include/yesense_interface/yesense_interface/msg/detail/nav_status__rosidl_typesupport_fastrtps_cpp.hpp
[5.810s] -- Up-to-date symlink: /home/wheeltec/wheeltec_ros2/install/yesense_interface/include/yesense_interface/yesense_interface/msg/detail/pos_only__rosidl_typesupport_fastrtps_cpp.hpp
[5.810s] -- Up-to-date symlink: /home/wheeltec/wheeltec_ros2/install/yesense_interface/include/yesense_interface/yesense_interface/msg/detail/pressure__rosidl_typesupport_fastrtps_cpp.hpp
[5.811s] -- Up-to-date symlink: /home/wheeltec/wheeltec_ros2/install/yesense_interface/include/yesense_interface/yesense_interface/msg/detail/quat__rosidl_typesupport_fastrtps_cpp.hpp
[5.812s] -- Up-to-date symlink: /home/wheeltec/wheeltec_ros2/install/yesense_interface/include/yesense_interface/yesense_interface/msg/detail/robot_lord__rosidl_typesupport_fastrtps_cpp.hpp
[5.812s] -- Up-to-date symlink: /home/wheeltec/wheeltec_ros2/install/yesense_interface/include/yesense_interface/yesense_interface/msg/detail/sample_timestamp__rosidl_typesupport_fastrtps_cpp.hpp
[5.812s] -- Up-to-date symlink: /home/wheeltec/wheeltec_ros2/install/yesense_interface/include/yesense_interface/yesense_interface/msg/detail/sensor_temp__rosidl_typesupport_fastrtps_cpp.hpp
[5.820s] -- Up-to-date symlink: /home/wheeltec/wheeltec_ros2/install/yesense_interface/include/yesense_interface/yesense_interface/msg/detail/three_axis__rosidl_typesupport_fastrtps_cpp.hpp
[5.821s] -- Up-to-date symlink: /home/wheeltec/wheeltec_ros2/install/yesense_interface/include/yesense_interface/yesense_interface/msg/detail/tid__rosidl_typesupport_fastrtps_cpp.hpp
[5.821s] -- Up-to-date symlink: /home/wheeltec/wheeltec_ros2/install/yesense_interface/include/yesense_interface/yesense_interface/msg/detail/utc__rosidl_typesupport_fastrtps_cpp.hpp
[5.821s] -- Up-to-date symlink: /home/wheeltec/wheeltec_ros2/install/yesense_interface/include/yesense_interface/yesense_interface/msg/detail/vel__rosidl_typesupport_fastrtps_cpp.hpp
[5.823s] -- Up-to-date symlink: /home/wheeltec/wheeltec_ros2/install/yesense_interface/include/yesense_interface/yesense_interface/msg/rosidl_typesupport_fastrtps_cpp__visibility_control.h
[5.823s] -- Up-to-date symlink: /home/wheeltec/wheeltec_ros2/install/yesense_interface/include/yesense_interface/yesense_interface/msg/detail/attitude_all_data__rosidl_typesupport_introspection_cpp.hpp
[5.823s] -- Up-to-date symlink: /home/wheeltec/wheeltec_ros2/install/yesense_interface/include/yesense_interface/yesense_interface/msg/detail/attitude_min_ahrs__rosidl_typesupport_introspection_cpp.hpp
[5.824s] -- Up-to-date symlink: /home/wheeltec/wheeltec_ros2/install/yesense_interface/include/yesense_interface/yesense_interface/msg/detail/attitude_min_vru__rosidl_typesupport_introspection_cpp.hpp
[5.824s] -- Up-to-date symlink: /home/wheeltec/wheeltec_ros2/install/yesense_interface/include/yesense_interface/yesense_interface/msg/detail/euler_angle__rosidl_typesupport_introspection_cpp.hpp
[5.824s] -- Up-to-date symlink: /home/wheeltec/wheeltec_ros2/install/yesense_interface/include/yesense_interface/yesense_interface/msg/detail/euler_only__rosidl_typesupport_introspection_cpp.hpp
[5.825s] -- Up-to-date symlink: /home/wheeltec/wheeltec_ros2/install/yesense_interface/include/yesense_interface/yesense_interface/msg/detail/gnss_pos__rosidl_typesupport_introspection_cpp.hpp
[5.825s] -- Up-to-date symlink: /home/wheeltec/wheeltec_ros2/install/yesense_interface/include/yesense_interface/yesense_interface/msg/detail/imu_data__rosidl_typesupport_introspection_cpp.hpp
[5.826s] -- Up-to-date symlink: /home/wheeltec/wheeltec_ros2/install/yesense_interface/include/yesense_interface/yesense_interface/msg/detail/imu_data_ten_axis__rosidl_typesupport_introspection_cpp.hpp
[5.826s] -- Up-to-date symlink: /home/wheeltec/wheeltec_ros2/install/yesense_interface/include/yesense_interface/yesense_interface/msg/detail/nav_all__rosidl_typesupport_introspection_cpp.hpp
[5.827s] -- Up-to-date symlink: /home/wheeltec/wheeltec_ros2/install/yesense_interface/include/yesense_interface/yesense_interface/msg/detail/nav_min__rosidl_typesupport_introspection_cpp.hpp
[5.827s] -- Up-to-date symlink: /home/wheeltec/wheeltec_ros2/install/yesense_interface/include/yesense_interface/yesense_interface/msg/detail/nav_min_utc__rosidl_typesupport_introspection_cpp.hpp
[5.828s] -- Up-to-date symlink: /home/wheeltec/wheeltec_ros2/install/yesense_interface/include/yesense_interface/yesense_interface/msg/detail/nav_status__rosidl_typesupport_introspection_cpp.hpp
[5.828s] -- Up-to-date symlink: /home/wheeltec/wheeltec_ros2/install/yesense_interface/include/yesense_interface/yesense_interface/msg/detail/pos_only__rosidl_typesupport_introspection_cpp.hpp
[5.828s] -- Up-to-date symlink: /home/wheeltec/wheeltec_ros2/install/yesense_interface/include/yesense_interface/yesense_interface/msg/detail/pressure__rosidl_typesupport_introspection_cpp.hpp
[5.829s] -- Up-to-date symlink: /home/wheeltec/wheeltec_ros2/install/yesense_interface/include/yesense_interface/yesense_interface/msg/detail/quat__rosidl_typesupport_introspection_cpp.hpp
[5.829s] -- Up-to-date symlink: /home/wheeltec/wheeltec_ros2/install/yesense_interface/include/yesense_interface/yesense_interface/msg/detail/robot_lord__rosidl_typesupport_introspection_cpp.hpp
[5.831s] -- Up-to-date symlink: /home/wheeltec/wheeltec_ros2/install/yesense_interface/include/yesense_interface/yesense_interface/msg/detail/sample_timestamp__rosidl_typesupport_introspection_cpp.hpp
[5.831s] -- Up-to-date symlink: /home/wheeltec/wheeltec_ros2/install/yesense_interface/include/yesense_interface/yesense_interface/msg/detail/sensor_temp__rosidl_typesupport_introspection_cpp.hpp
[5.832s] -- Up-to-date symlink: /home/wheeltec/wheeltec_ros2/install/yesense_interface/include/yesense_interface/yesense_interface/msg/detail/three_axis__rosidl_typesupport_introspection_cpp.hpp
[5.832s] -- Up-to-date symlink: /home/wheeltec/wheeltec_ros2/install/yesense_interface/include/yesense_interface/yesense_interface/msg/detail/tid__rosidl_typesupport_introspection_cpp.hpp
[5.842s] -- Up-to-date symlink: /home/wheeltec/wheeltec_ros2/install/yesense_interface/include/yesense_interface/yesense_interface/msg/detail/utc__rosidl_typesupport_introspection_cpp.hpp
[5.843s] -- Up-to-date symlink: /home/wheeltec/wheeltec_ros2/install/yesense_interface/include/yesense_interface/yesense_interface/msg/detail/vel__rosidl_typesupport_introspection_cpp.hpp
[5.844s] -- Up-to-date symlink: /home/wheeltec/wheeltec_ros2/install/yesense_interface/share/yesense_interface/environment/pythonpath.sh
[5.845s] -- Up-to-date symlink: /home/wheeltec/wheeltec_ros2/install/yesense_interface/share/yesense_interface/environment/pythonpath.dsv
[5.845s] -- Up-to-date symlink: /home/wheeltec/wheeltec_ros2/install/yesense_interface/local/lib/python3.10/dist-packages/yesense_interface-1.0.0-py3.10.egg-info/PKG-INFO
[5.845s] -- Up-to-date symlink: /home/wheeltec/wheeltec_ros2/install/yesense_interface/local/lib/python3.10/dist-packages/yesense_interface-1.0.0-py3.10.egg-info/SOURCES.txt
[5.850s] -- Up-to-date symlink: /home/wheeltec/wheeltec_ros2/install/yesense_interface/local/lib/python3.10/dist-packages/yesense_interface-1.0.0-py3.10.egg-info/dependency_links.txt
[5.850s] -- Up-to-date symlink: /home/wheeltec/wheeltec_ros2/install/yesense_interface/local/lib/python3.10/dist-packages/yesense_interface-1.0.0-py3.10.egg-info/top_level.txt
[5.850s] -- Up-to-date symlink: /home/wheeltec/wheeltec_ros2/install/yesense_interface/local/lib/python3.10/dist-packages/yesense_interface/__init__.py
[5.851s] -- Up-to-date symlink: /home/wheeltec/wheeltec_ros2/install/yesense_interface/local/lib/python3.10/dist-packages/yesense_interface/_yesense_interface_s.ep.rosidl_typesupport_c.c
[5.851s] -- Up-to-date symlink: /home/wheeltec/wheeltec_ros2/install/yesense_interface/local/lib/python3.10/dist-packages/yesense_interface/_yesense_interface_s.ep.rosidl_typesupport_fastrtps_c.c
[5.852s] -- Up-to-date symlink: /home/wheeltec/wheeltec_ros2/install/yesense_interface/local/lib/python3.10/dist-packages/yesense_interface/_yesense_interface_s.ep.rosidl_typesupport_introspection_c.c
[5.852s] -- Up-to-date symlink: /home/wheeltec/wheeltec_ros2/install/yesense_interface/local/lib/python3.10/dist-packages/yesense_interface/libyesense_interface__rosidl_generator_py.so
[5.853s] -- Up-to-date symlink: /home/wheeltec/wheeltec_ros2/install/yesense_interface/local/lib/python3.10/dist-packages/yesense_interface/msg/__init__.py
[5.853s] -- Up-to-date symlink: /home/wheeltec/wheeltec_ros2/install/yesense_interface/local/lib/python3.10/dist-packages/yesense_interface/msg/_attitude_all_data.py
[5.854s] -- Up-to-date symlink: /home/wheeltec/wheeltec_ros2/install/yesense_interface/local/lib/python3.10/dist-packages/yesense_interface/msg/_attitude_all_data_s.c
[5.854s] -- Up-to-date symlink: /home/wheeltec/wheeltec_ros2/install/yesense_interface/local/lib/python3.10/dist-packages/yesense_interface/msg/_attitude_min_ahrs.py
[5.855s] -- Up-to-date symlink: /home/wheeltec/wheeltec_ros2/install/yesense_interface/local/lib/python3.10/dist-packages/yesense_interface/msg/_attitude_min_ahrs_s.c
[5.858s] -- Up-to-date symlink: /home/wheeltec/wheeltec_ros2/install/yesense_interface/local/lib/python3.10/dist-packages/yesense_interface/msg/_attitude_min_vru.py
[5.859s] -- Up-to-date symlink: /home/wheeltec/wheeltec_ros2/install/yesense_interface/local/lib/python3.10/dist-packages/yesense_interface/msg/_attitude_min_vru_s.c
[5.859s] -- Up-to-date symlink: /home/wheeltec/wheeltec_ros2/install/yesense_interface/local/lib/python3.10/dist-packages/yesense_interface/msg/_euler_angle.py
[5.860s] -- Up-to-date symlink: /home/wheeltec/wheeltec_ros2/install/yesense_interface/local/lib/python3.10/dist-packages/yesense_interface/msg/_euler_angle_s.c
[5.860s] -- Up-to-date symlink: /home/wheeltec/wheeltec_ros2/install/yesense_interface/local/lib/python3.10/dist-packages/yesense_interface/msg/_euler_only.py
[5.860s] -- Up-to-date symlink: /home/wheeltec/wheeltec_ros2/install/yesense_interface/local/lib/python3.10/dist-packages/yesense_interface/msg/_euler_only_s.c
[5.861s] -- Up-to-date symlink: /home/wheeltec/wheeltec_ros2/install/yesense_interface/local/lib/python3.10/dist-packages/yesense_interface/msg/_gnss_pos.py
[5.861s] -- Up-to-date symlink: /home/wheeltec/wheeltec_ros2/install/yesense_interface/local/lib/python3.10/dist-packages/yesense_interface/msg/_gnss_pos_s.c
[5.862s] -- Up-to-date symlink: /home/wheeltec/wheeltec_ros2/install/yesense_interface/local/lib/python3.10/dist-packages/yesense_interface/msg/_imu_data.py
[5.862s] -- Up-to-date symlink: /home/wheeltec/wheeltec_ros2/install/yesense_interface/local/lib/python3.10/dist-packages/yesense_interface/msg/_imu_data_s.c
[5.865s] -- Up-to-date symlink: /home/wheeltec/wheeltec_ros2/install/yesense_interface/local/lib/python3.10/dist-packages/yesense_interface/msg/_imu_data_ten_axis.py
[5.865s] -- Up-to-date symlink: /home/wheeltec/wheeltec_ros2/install/yesense_interface/local/lib/python3.10/dist-packages/yesense_interface/msg/_imu_data_ten_axis_s.c
[5.866s] -- Up-to-date symlink: /home/wheeltec/wheeltec_ros2/install/yesense_interface/local/lib/python3.10/dist-packages/yesense_interface/msg/_nav_all.py
[5.866s] -- Up-to-date symlink: /home/wheeltec/wheeltec_ros2/install/yesense_interface/local/lib/python3.10/dist-packages/yesense_interface/msg/_nav_all_s.c
[5.867s] -- Up-to-date symlink: /home/wheeltec/wheeltec_ros2/install/yesense_interface/local/lib/python3.10/dist-packages/yesense_interface/msg/_nav_min.py
[5.867s] -- Up-to-date symlink: /home/wheeltec/wheeltec_ros2/install/yesense_interface/local/lib/python3.10/dist-packages/yesense_interface/msg/_nav_min_s.c
[5.868s] -- Up-to-date symlink: /home/wheeltec/wheeltec_ros2/install/yesense_interface/local/lib/python3.10/dist-packages/yesense_interface/msg/_nav_min_utc.py
[5.874s] -- Up-to-date symlink: /home/wheeltec/wheeltec_ros2/install/yesense_interface/local/lib/python3.10/dist-packages/yesense_interface/msg/_nav_min_utc_s.c
[5.875s] -- Up-to-date symlink: /home/wheeltec/wheeltec_ros2/install/yesense_interface/local/lib/python3.10/dist-packages/yesense_interface/msg/_nav_status.py
[5.875s] -- Up-to-date symlink: /home/wheeltec/wheeltec_ros2/install/yesense_interface/local/lib/python3.10/dist-packages/yesense_interface/msg/_nav_status_s.c
[5.876s] -- Up-to-date symlink: /home/wheeltec/wheeltec_ros2/install/yesense_interface/local/lib/python3.10/dist-packages/yesense_interface/msg/_pos_only.py
[5.876s] -- Up-to-date symlink: /home/wheeltec/wheeltec_ros2/install/yesense_interface/local/lib/python3.10/dist-packages/yesense_interface/msg/_pos_only_s.c
[5.876s] -- Up-to-date symlink: /home/wheeltec/wheeltec_ros2/install/yesense_interface/local/lib/python3.10/dist-packages/yesense_interface/msg/_pressure.py
[5.877s] -- Up-to-date symlink: /home/wheeltec/wheeltec_ros2/install/yesense_interface/local/lib/python3.10/dist-packages/yesense_interface/msg/_pressure_s.c
[5.877s] -- Up-to-date symlink: /home/wheeltec/wheeltec_ros2/install/yesense_interface/local/lib/python3.10/dist-packages/yesense_interface/msg/_quat.py
[5.877s] -- Up-to-date symlink: /home/wheeltec/wheeltec_ros2/install/yesense_interface/local/lib/python3.10/dist-packages/yesense_interface/msg/_quat_s.c
[5.878s] -- Up-to-date symlink: /home/wheeltec/wheeltec_ros2/install/yesense_interface/local/lib/python3.10/dist-packages/yesense_interface/msg/_robot_lord.py
[5.878s] -- Up-to-date symlink: /home/wheeltec/wheeltec_ros2/install/yesense_interface/local/lib/python3.10/dist-packages/yesense_interface/msg/_robot_lord_s.c
[5.879s] -- Up-to-date symlink: /home/wheeltec/wheeltec_ros2/install/yesense_interface/local/lib/python3.10/dist-packages/yesense_interface/msg/_sample_timestamp.py
[5.880s] -- Up-to-date symlink: /home/wheeltec/wheeltec_ros2/install/yesense_interface/local/lib/python3.10/dist-packages/yesense_interface/msg/_sample_timestamp_s.c
[5.880s] -- Up-to-date symlink: /home/wheeltec/wheeltec_ros2/install/yesense_interface/local/lib/python3.10/dist-packages/yesense_interface/msg/_sensor_temp.py
[5.880s] -- Up-to-date symlink: /home/wheeltec/wheeltec_ros2/install/yesense_interface/local/lib/python3.10/dist-packages/yesense_interface/msg/_sensor_temp_s.c
[5.881s] -- Up-to-date symlink: /home/wheeltec/wheeltec_ros2/install/yesense_interface/local/lib/python3.10/dist-packages/yesense_interface/msg/_three_axis.py
[5.881s] -- Up-to-date symlink: /home/wheeltec/wheeltec_ros2/install/yesense_interface/local/lib/python3.10/dist-packages/yesense_interface/msg/_three_axis_s.c
[5.882s] -- Up-to-date symlink: /home/wheeltec/wheeltec_ros2/install/yesense_interface/local/lib/python3.10/dist-packages/yesense_interface/msg/_tid.py
[5.882s] -- Up-to-date symlink: /home/wheeltec/wheeltec_ros2/install/yesense_interface/local/lib/python3.10/dist-packages/yesense_interface/msg/_tid_s.c
[5.883s] -- Up-to-date symlink: /home/wheeltec/wheeltec_ros2/install/yesense_interface/local/lib/python3.10/dist-packages/yesense_interface/msg/_utc.py
[5.883s] -- Up-to-date symlink: /home/wheeltec/wheeltec_ros2/install/yesense_interface/local/lib/python3.10/dist-packages/yesense_interface/msg/_utc_s.c
[5.884s] -- Up-to-date symlink: /home/wheeltec/wheeltec_ros2/install/yesense_interface/local/lib/python3.10/dist-packages/yesense_interface/msg/_vel.py
[5.884s] -- Up-to-date symlink: /home/wheeltec/wheeltec_ros2/install/yesense_interface/local/lib/python3.10/dist-packages/yesense_interface/msg/_vel_s.c
[5.885s] -- Up-to-date symlink: /home/wheeltec/wheeltec_ros2/install/yesense_interface/local/lib/python3.10/dist-packages/yesense_interface/yesense_interface_s__rosidl_typesupport_c.cpython-310-aarch64-linux-gnu.so
[5.890s] -- Up-to-date symlink: /home/wheeltec/wheeltec_ros2/install/yesense_interface/local/lib/python3.10/dist-packages/yesense_interface/yesense_interface_s__rosidl_typesupport_fastrtps_c.cpython-310-aarch64-linux-gnu.so
[5.891s] -- Up-to-date symlink: /home/wheeltec/wheeltec_ros2/install/yesense_interface/local/lib/python3.10/dist-packages/yesense_interface/yesense_interface_s__rosidl_typesupport_introspection_c.cpython-310-aarch64-linux-gnu.so
[5.891s] -- Up-to-date symlink: /home/wheeltec/wheeltec_ros2/install/yesense_interface/local/lib/python3.10/dist-packages/yesense_interface/yesense_interface_s__rosidl_typesupport_fastrtps_c.cpython-310-aarch64-linux-gnu.so
[5.892s] -- Up-to-date symlink: /home/wheeltec/wheeltec_ros2/install/yesense_interface/local/lib/python3.10/dist-packages/yesense_interface/yesense_interface_s__rosidl_typesupport_introspection_c.cpython-310-aarch64-linux-gnu.so
[5.893s] -- Up-to-date symlink: /home/wheeltec/wheeltec_ros2/install/yesense_interface/local/lib/python3.10/dist-packages/yesense_interface/yesense_interface_s__rosidl_typesupport_c.cpython-310-aarch64-linux-gnu.so
[5.894s] -- Up-to-date symlink: /home/wheeltec/wheeltec_ros2/install/yesense_interface/share/yesense_interface/msg/Tid.idl
[5.894s] -- Up-to-date symlink: /home/wheeltec/wheeltec_ros2/install/yesense_interface/share/yesense_interface/msg/ThreeAxis.idl
[5.895s] -- Up-to-date symlink: /home/wheeltec/wheeltec_ros2/install/yesense_interface/share/yesense_interface/msg/SensorTemp.idl
[5.895s] -- Up-to-date symlink: /home/wheeltec/wheeltec_ros2/install/yesense_interface/share/yesense_interface/msg/Pressure.idl
[5.896s] -- Up-to-date symlink: /home/wheeltec/wheeltec_ros2/install/yesense_interface/share/yesense_interface/msg/EulerAngle.idl
[5.897s] -- Up-to-date symlink: /home/wheeltec/wheeltec_ros2/install/yesense_interface/share/yesense_interface/msg/Quat.idl
[5.897s] -- Up-to-date symlink: /home/wheeltec/wheeltec_ros2/install/yesense_interface/share/yesense_interface/msg/GnssPos.idl
[5.897s] -- Up-to-date symlink: /home/wheeltec/wheeltec_ros2/install/yesense_interface/share/yesense_interface/msg/NavStatus.idl
[5.906s] -- Up-to-date symlink: /home/wheeltec/wheeltec_ros2/install/yesense_interface/share/yesense_interface/msg/Vel.idl
[5.909s] -- Up-to-date symlink: /home/wheeltec/wheeltec_ros2/install/yesense_interface/share/yesense_interface/msg/Utc.idl
[5.909s] -- Up-to-date symlink: /home/wheeltec/wheeltec_ros2/install/yesense_interface/share/yesense_interface/msg/SampleTimestamp.idl
[5.910s] -- Up-to-date symlink: /home/wheeltec/wheeltec_ros2/install/yesense_interface/share/yesense_interface/msg/ImuData.idl
[5.910s] -- Up-to-date symlink: /home/wheeltec/wheeltec_ros2/install/yesense_interface/share/yesense_interface/msg/ImuDataTenAxis.idl
[5.910s] -- Up-to-date symlink: /home/wheeltec/wheeltec_ros2/install/yesense_interface/share/yesense_interface/msg/EulerOnly.idl
[5.910s] -- Up-to-date symlink: /home/wheeltec/wheeltec_ros2/install/yesense_interface/share/yesense_interface/msg/RobotLord.idl
[5.910s] -- Up-to-date symlink: /home/wheeltec/wheeltec_ros2/install/yesense_interface/share/yesense_interface/msg/AttitudeMinVru.idl
[5.910s] -- Up-to-date symlink: /home/wheeltec/wheeltec_ros2/install/yesense_interface/share/yesense_interface/msg/AttitudeMinAhrs.idl
[5.911s] -- Up-to-date symlink: /home/wheeltec/wheeltec_ros2/install/yesense_interface/share/yesense_interface/msg/AttitudeAllData.idl
[5.911s] -- Up-to-date symlink: /home/wheeltec/wheeltec_ros2/install/yesense_interface/share/yesense_interface/msg/PosOnly.idl
[5.912s] -- Up-to-date symlink: /home/wheeltec/wheeltec_ros2/install/yesense_interface/share/yesense_interface/msg/NavMin.idl
[5.912s] -- Up-to-date symlink: /home/wheeltec/wheeltec_ros2/install/yesense_interface/share/yesense_interface/msg/NavMinUtc.idl
[5.913s] -- Up-to-date symlink: /home/wheeltec/wheeltec_ros2/install/yesense_interface/share/yesense_interface/msg/NavAll.idl
[5.913s] -- Up-to-date symlink: /home/wheeltec/wheeltec_ros2/install/yesense_interface/share/yesense_interface/msg/Tid.msg
[5.914s] -- Up-to-date symlink: /home/wheeltec/wheeltec_ros2/install/yesense_interface/share/yesense_interface/msg/ThreeAxis.msg
[5.914s] -- Up-to-date symlink: /home/wheeltec/wheeltec_ros2/install/yesense_interface/share/yesense_interface/msg/SensorTemp.msg
[5.915s] -- Up-to-date symlink: /home/wheeltec/wheeltec_ros2/install/yesense_interface/share/yesense_interface/msg/Pressure.msg
[5.915s] -- Up-to-date symlink: /home/wheeltec/wheeltec_ros2/install/yesense_interface/share/yesense_interface/msg/EulerAngle.msg
[5.916s] -- Up-to-date symlink: /home/wheeltec/wheeltec_ros2/install/yesense_interface/share/yesense_interface/msg/Quat.msg
[5.916s] -- Up-to-date symlink: /home/wheeltec/wheeltec_ros2/install/yesense_interface/share/yesense_interface/msg/GnssPos.msg
[5.920s] -- Up-to-date symlink: /home/wheeltec/wheeltec_ros2/install/yesense_interface/share/yesense_interface/msg/NavStatus.msg
[5.921s] -- Up-to-date symlink: /home/wheeltec/wheeltec_ros2/install/yesense_interface/share/yesense_interface/msg/Vel.msg
[5.921s] -- Up-to-date symlink: /home/wheeltec/wheeltec_ros2/install/yesense_interface/share/yesense_interface/msg/Utc.msg
[5.922s] -- Up-to-date symlink: /home/wheeltec/wheeltec_ros2/install/yesense_interface/share/yesense_interface/msg/SampleTimestamp.msg
[5.923s] -- Up-to-date symlink: /home/wheeltec/wheeltec_ros2/install/yesense_interface/share/yesense_interface/msg/ImuData.msg
[5.923s] -- Up-to-date symlink: /home/wheeltec/wheeltec_ros2/install/yesense_interface/share/yesense_interface/msg/ImuDataTenAxis.msg
[5.924s] -- Up-to-date symlink: /home/wheeltec/wheeltec_ros2/install/yesense_interface/share/yesense_interface/msg/EulerOnly.msg
[5.931s] -- Up-to-date symlink: /home/wheeltec/wheeltec_ros2/install/yesense_interface/share/yesense_interface/msg/RobotLord.msg
[5.932s] -- Up-to-date symlink: /home/wheeltec/wheeltec_ros2/install/yesense_interface/share/yesense_interface/msg/AttitudeMinVru.msg
[5.932s] -- Up-to-date symlink: /home/wheeltec/wheeltec_ros2/install/yesense_interface/share/yesense_interface/msg/AttitudeMinAhrs.msg
[5.933s] -- Up-to-date symlink: /home/wheeltec/wheeltec_ros2/install/yesense_interface/share/yesense_interface/msg/AttitudeAllData.msg
[5.933s] -- Up-to-date symlink: /home/wheeltec/wheeltec_ros2/install/yesense_interface/share/yesense_interface/msg/PosOnly.msg
[5.934s] -- Up-to-date symlink: /home/wheeltec/wheeltec_ros2/install/yesense_interface/share/yesense_interface/msg/NavMin.msg
[5.934s] -- Up-to-date symlink: /home/wheeltec/wheeltec_ros2/install/yesense_interface/share/yesense_interface/msg/NavMinUtc.msg
[5.934s] -- Up-to-date symlink: /home/wheeltec/wheeltec_ros2/install/yesense_interface/share/yesense_interface/msg/NavAll.msg
[5.935s] -- Up-to-date symlink: /home/wheeltec/wheeltec_ros2/install/yesense_interface/share/ament_index/resource_index/package_run_dependencies/yesense_interface
[5.935s] -- Up-to-date symlink: /home/wheeltec/wheeltec_ros2/install/yesense_interface/share/ament_index/resource_index/parent_prefix_path/yesense_interface
[5.936s] -- Up-to-date symlink: /home/wheeltec/wheeltec_ros2/install/yesense_interface/share/yesense_interface/environment/ament_prefix_path.sh
[5.937s] -- Up-to-date symlink: /home/wheeltec/wheeltec_ros2/install/yesense_interface/share/yesense_interface/environment/ament_prefix_path.dsv
[5.937s] -- Up-to-date symlink: /home/wheeltec/wheeltec_ros2/install/yesense_interface/share/yesense_interface/environment/path.sh
[5.938s] -- Up-to-date symlink: /home/wheeltec/wheeltec_ros2/install/yesense_interface/share/yesense_interface/environment/path.dsv
[5.938s] -- Up-to-date symlink: /home/wheeltec/wheeltec_ros2/install/yesense_interface/share/yesense_interface/local_setup.bash
[5.939s] -- Up-to-date symlink: /home/wheeltec/wheeltec_ros2/install/yesense_interface/share/yesense_interface/local_setup.sh
[5.939s] -- Up-to-date symlink: /home/wheeltec/wheeltec_ros2/install/yesense_interface/share/yesense_interface/local_setup.zsh
[5.949s] -- Up-to-date symlink: /home/wheeltec/wheeltec_ros2/install/yesense_interface/share/yesense_interface/local_setup.dsv
[5.949s] -- Symlinking: /home/wheeltec/wheeltec_ros2/install/yesense_interface/share/yesense_interface/package.dsv
[5.997s] -- Up-to-date symlink: /home/wheeltec/wheeltec_ros2/install/yesense_interface/share/ament_index/resource_index/packages/yesense_interface
[5.997s] -- Up-to-date symlink: /home/wheeltec/wheeltec_ros2/install/yesense_interface/share/yesense_interface/cmake/rosidl_cmake-extras.cmake
[5.997s] -- Up-to-date symlink: /home/wheeltec/wheeltec_ros2/install/yesense_interface/share/yesense_interface/cmake/ament_cmake_export_include_directories-extras.cmake
[5.998s] -- Up-to-date symlink: /home/wheeltec/wheeltec_ros2/install/yesense_interface/share/yesense_interface/cmake/ament_cmake_export_libraries-extras.cmake
[5.998s] -- Up-to-date symlink: /home/wheeltec/wheeltec_ros2/install/yesense_interface/share/yesense_interface/cmake/ament_cmake_export_targets-extras.cmake
[5.999s] -- Up-to-date symlink: /home/wheeltec/wheeltec_ros2/install/yesense_interface/share/yesense_interface/cmake/rosidl_cmake_export_typesupport_targets-extras.cmake
[5.999s] -- Up-to-date symlink: /home/wheeltec/wheeltec_ros2/install/yesense_interface/share/yesense_interface/cmake/ament_cmake_export_dependencies-extras.cmake
[6.000s] -- Up-to-date symlink: /home/wheeltec/wheeltec_ros2/install/yesense_interface/share/yesense_interface/cmake/rosidl_cmake_export_typesupport_libraries-extras.cmake
[6.001s] -- Up-to-date symlink: /home/wheeltec/wheeltec_ros2/install/yesense_interface/share/yesense_interface/cmake/yesense_interfaceConfig.cmake
[6.001s] -- Up-to-date symlink: /home/wheeltec/wheeltec_ros2/install/yesense_interface/share/yesense_interface/cmake/yesense_interfaceConfig-version.cmake
[6.001s] -- Up-to-date symlink: /home/wheeltec/wheeltec_ros2/install/yesense_interface/share/yesense_interface/package.xml
[6.003s] -- Up-to-date: /home/wheeltec/wheeltec_ros2/install/yesense_interface/lib/libyesense_interface__rosidl_generator_c.so
[6.004s] -- Up-to-date: /home/wheeltec/wheeltec_ros2/install/yesense_interface/lib/libyesense_interface__rosidl_typesupport_fastrtps_c.so
[6.005s] -- Up-to-date: /home/wheeltec/wheeltec_ros2/install/yesense_interface/lib/libyesense_interface__rosidl_typesupport_introspection_c.so
[6.006s] -- Up-to-date: /home/wheeltec/wheeltec_ros2/install/yesense_interface/lib/libyesense_interface__rosidl_typesupport_c.so
[6.009s] -- Up-to-date: /home/wheeltec/wheeltec_ros2/install/yesense_interface/lib/libyesense_interface__rosidl_typesupport_fastrtps_cpp.so
[6.009s] -- Up-to-date: /home/wheeltec/wheeltec_ros2/install/yesense_interface/lib/libyesense_interface__rosidl_typesupport_introspection_cpp.so
[6.011s] -- Up-to-date: /home/wheeltec/wheeltec_ros2/install/yesense_interface/lib/libyesense_interface__rosidl_typesupport_cpp.so
[6.414s] Listing '/home/wheeltec/wheeltec_ros2/install/yesense_interface/local/lib/python3.10/dist-packages/yesense_interface'...
[6.414s] Listing '/home/wheeltec/wheeltec_ros2/install/yesense_interface/local/lib/python3.10/dist-packages/yesense_interface/msg'...
[6.442s] -- Up-to-date: /home/wheeltec/wheeltec_ros2/install/yesense_interface/lib/libyesense_interface__rosidl_generator_py.so
[6.443s] -- Up-to-date: /home/wheeltec/wheeltec_ros2/install/yesense_interface/share/yesense_interface/cmake/export_yesense_interface__rosidl_generator_cExport.cmake
[6.443s] -- Up-to-date: /home/wheeltec/wheeltec_ros2/install/yesense_interface/share/yesense_interface/cmake/export_yesense_interface__rosidl_generator_cExport-noconfig.cmake
[6.444s] -- Up-to-date: /home/wheeltec/wheeltec_ros2/install/yesense_interface/share/yesense_interface/cmake/export_yesense_interface__rosidl_typesupport_fastrtps_cExport.cmake
[6.444s] -- Up-to-date: /home/wheeltec/wheeltec_ros2/install/yesense_interface/share/yesense_interface/cmake/export_yesense_interface__rosidl_typesupport_fastrtps_cExport-noconfig.cmake
[6.445s] -- Up-to-date: /home/wheeltec/wheeltec_ros2/install/yesense_interface/share/yesense_interface/cmake/yesense_interface__rosidl_typesupport_introspection_cExport.cmake
[6.445s] -- Up-to-date: /home/wheeltec/wheeltec_ros2/install/yesense_interface/share/yesense_interface/cmake/yesense_interface__rosidl_typesupport_introspection_cExport-noconfig.cmake
[6.446s] -- Up-to-date: /home/wheeltec/wheeltec_ros2/install/yesense_interface/share/yesense_interface/cmake/yesense_interface__rosidl_typesupport_cExport.cmake
[6.447s] -- Up-to-date: /home/wheeltec/wheeltec_ros2/install/yesense_interface/share/yesense_interface/cmake/yesense_interface__rosidl_typesupport_cExport-noconfig.cmake
[6.447s] -- Up-to-date: /home/wheeltec/wheeltec_ros2/install/yesense_interface/share/yesense_interface/cmake/export_yesense_interface__rosidl_generator_cppExport.cmake
[6.447s] -- Up-to-date: /home/wheeltec/wheeltec_ros2/install/yesense_interface/share/yesense_interface/cmake/export_yesense_interface__rosidl_typesupport_fastrtps_cppExport.cmake
[6.448s] -- Up-to-date: /home/wheeltec/wheeltec_ros2/install/yesense_interface/share/yesense_interface/cmake/export_yesense_interface__rosidl_typesupport_fastrtps_cppExport-noconfig.cmake
[6.448s] -- Up-to-date: /home/wheeltec/wheeltec_ros2/install/yesense_interface/share/yesense_interface/cmake/yesense_interface__rosidl_typesupport_introspection_cppExport.cmake
[6.448s] -- Up-to-date: /home/wheeltec/wheeltec_ros2/install/yesense_interface/share/yesense_interface/cmake/yesense_interface__rosidl_typesupport_introspection_cppExport-noconfig.cmake
[6.448s] -- Up-to-date: /home/wheeltec/wheeltec_ros2/install/yesense_interface/share/yesense_interface/cmake/yesense_interface__rosidl_typesupport_cppExport.cmake
[6.448s] -- Up-to-date: /home/wheeltec/wheeltec_ros2/install/yesense_interface/share/yesense_interface/cmake/yesense_interface__rosidl_typesupport_cppExport-noconfig.cmake
[6.448s] -- Up-to-date: /home/wheeltec/wheeltec_ros2/install/yesense_interface/share/yesense_interface/cmake/export_yesense_interface__rosidl_generator_pyExport.cmake
[6.448s] -- Up-to-date: /home/wheeltec/wheeltec_ros2/install/yesense_interface/share/yesense_interface/cmake/export_yesense_interface__rosidl_generator_pyExport-noconfig.cmake
[7.254s] Invoked command in '/home/wheeltec/wheeltec_ros2/build/yesense_interface' returned '0': CMAKE_PREFIX_PATH=${CMAKE_PREFIX_PATH}:/home/wheeltec/wheeltec_ros2/install/wheeltec_robot_keyboard:/home/wheeltec/wheeltec_ros2/install/wheeltec_dual_rtk_driver:/home/wheeltec/wheeltec_ros2/install/ultralytics_ros2:/home/wheeltec/wheeltec_ros2/install/tf2_tools:/home/wheeltec/wheeltec_ros2/install/nav2_waypoint_cycle:/home/wheeltec/wheeltec_ros2/install/nav2_simple_commander:/home/wheeltec/wheeltec_ros2/install/auto_recharge_ros2:/home/wheeltec/autoware/install/autoware_wheeltec_interface:/home/wheeltec/autoware/install/ad_api_visualizers:/opt/ros/humble /usr/bin/cmake --install /home/wheeltec/wheeltec_ros2/build/yesense_interface
