[0.092s] Invoking command in '/home/wheeltec/wheeltec_ros2/build/aruco_msgs': CMAKE_PREFIX_PATH=${CMAKE_PREFIX_PATH}:/home/wheeltec/autoware/install/autoware_wheeltec_interface:/home/wheeltec/autoware/install/ad_api_visualizers:/opt/ros/humble /usr/bin/cmake /home/wheeltec/wheeltec_ros2/src/aruco_ros-humble-devel/aruco_msgs -DAMENT_CMAKE_SYMLINK_INSTALL=1 -DCMAKE_INSTALL_PREFIX=/home/wheeltec/wheeltec_ros2/install/aruco_msgs
[4.090s] -- The C compiler identification is GNU 11.4.0
[4.090s] -- The CXX compiler identification is GNU 11.4.0
[4.091s] -- Detecting C compiler ABI info
[4.091s] -- Detecting C compiler ABI info - done
[4.091s] -- Check for working C compiler: /usr/bin/cc - skipped
[4.091s] -- Detecting C compile features
[4.091s] -- Detecting C compile features - done
[4.091s] -- Detecting CXX compiler ABI info
[4.091s] -- Detecting CXX compiler ABI info - done
[4.092s] -- Check for working CXX compiler: /usr/bin/c++ - skipped
[4.092s] -- Detecting CXX compile features
[4.092s] -- Detecting CXX compile features - done
[4.092s] -- Found ament_cmake: 1.3.7 (/home/wheeltec/autoware/install/ament_cmake/share/ament_cmake/cmake)
[4.092s] -- Found Python3: /usr/bin/python3.10 (found version "3.10.12") found components: Interpreter 
[4.092s] -- Override CMake install command with custom implementation using symlinks instead of copying resources
[4.092s] -- Found std_msgs: 4.2.4 (/opt/ros/humble/share/std_msgs/cmake)
[4.136s] -- Found rosidl_generator_c: 3.1.6 (/opt/ros/humble/share/rosidl_generator_c/cmake)
[4.245s] -- Found rosidl_adapter: 3.1.6 (/opt/ros/humble/share/rosidl_adapter/cmake)
[4.369s] -- Found rosidl_generator_cpp: 3.1.6 (/opt/ros/humble/share/rosidl_generator_cpp/cmake)
[4.545s] -- Using all available rosidl_typesupport_c: rosidl_typesupport_fastrtps_c;rosidl_typesupport_introspection_c
[4.780s] -- Using all available rosidl_typesupport_cpp: rosidl_typesupport_fastrtps_cpp;rosidl_typesupport_introspection_cpp
[5.038s] -- Found geometry_msgs: 4.2.4 (/opt/ros/humble/share/geometry_msgs/cmake)
[5.113s] -- Found rosidl_default_generators: 1.2.0 (/opt/ros/humble/share/rosidl_default_generators/cmake)
[6.522s] -- Found ament_cmake_ros: 0.10.0 (/opt/ros/humble/share/ament_cmake_ros/cmake)
[8.237s] -- Using all available rosidl_typesupport_c: rosidl_typesupport_fastrtps_c;rosidl_typesupport_introspection_c
[8.751s] -- Using all available rosidl_typesupport_cpp: rosidl_typesupport_fastrtps_cpp;rosidl_typesupport_introspection_cpp
[8.846s] -- Found PythonInterp: /usr/bin/python3 (found suitable version "3.10.12", minimum required is "3.6") 
[8.913s] -- Found python_cmake_module: 0.10.0 (/opt/ros/humble/share/python_cmake_module/cmake)
[9.045s] -- Found PythonLibs: /usr/lib/aarch64-linux-gnu/libpython3.10.so (found suitable version "3.10.12", minimum required is "3.5") 
[9.046s] -- Using PYTHON_EXECUTABLE: /usr/bin/python3
[9.046s] -- Using PYTHON_INCLUDE_DIRS: /usr/include/python3.10
[9.047s] -- Using PYTHON_LIBRARIES: /usr/lib/aarch64-linux-gnu/libpython3.10.so
[9.167s] -- Found PythonExtra: .so  
[10.537s] -- Found ament_lint_auto: 0.12.11 (/opt/ros/humble/share/ament_lint_auto/cmake)
[11.088s] -- Added test 'copyright' to check source files copyright and LICENSE
[11.106s] -- Added test 'lint_cmake' to check CMake code style
[11.119s] -- Added test 'xmllint' to check XML markup files
[11.150s] -- Configuring done
[11.218s] -- Generating done
[11.242s] -- Build files have been written to: /home/wheeltec/wheeltec_ros2/build/aruco_msgs
[11.274s] Invoked command in '/home/wheeltec/wheeltec_ros2/build/aruco_msgs' returned '0': CMAKE_PREFIX_PATH=${CMAKE_PREFIX_PATH}:/home/wheeltec/autoware/install/autoware_wheeltec_interface:/home/wheeltec/autoware/install/ad_api_visualizers:/opt/ros/humble /usr/bin/cmake /home/wheeltec/wheeltec_ros2/src/aruco_ros-humble-devel/aruco_msgs -DAMENT_CMAKE_SYMLINK_INSTALL=1 -DCMAKE_INSTALL_PREFIX=/home/wheeltec/wheeltec_ros2/install/aruco_msgs
[11.276s] Invoking command in '/home/wheeltec/wheeltec_ros2/build/aruco_msgs': CMAKE_PREFIX_PATH=${CMAKE_PREFIX_PATH}:/home/wheeltec/autoware/install/autoware_wheeltec_interface:/home/wheeltec/autoware/install/ad_api_visualizers:/opt/ros/humble /usr/bin/cmake --build /home/wheeltec/wheeltec_ros2/build/aruco_msgs -- -j6 -l6
[19.305s] [  2%] [34m[1mGenerating C code for ROS interfaces[0m
[19.305s] [  5%] [32mBuilding C object CMakeFiles/aruco_msgs__rosidl_generator_c.dir/rosidl_generator_c/aruco_msgs/msg/detail/marker__functions.c.o[0m
[19.305s] [  7%] [32mBuilding C object CMakeFiles/aruco_msgs__rosidl_generator_c.dir/rosidl_generator_c/aruco_msgs/msg/detail/marker_array__functions.c.o[0m
[19.305s] [ 10%] [32m[1mLinking C shared library libaruco_msgs__rosidl_generator_c.so[0m
[19.305s] [ 10%] Built target aruco_msgs__rosidl_generator_c
[19.305s] [ 10%] Built target ament_cmake_python_symlink_aruco_msgs
[19.305s] [ 12%] [34m[1mGenerating C type support dispatch for ROS interfaces[0m
[19.305s] [ 15%] [32mBuilding CXX object CMakeFiles/aruco_msgs__rosidl_typesupport_c.dir/rosidl_typesupport_c/aruco_msgs/msg/marker__type_support.cpp.o[0m
[19.306s] [ 17%] [32mBuilding CXX object CMakeFiles/aruco_msgs__rosidl_typesupport_c.dir/rosidl_typesupport_c/aruco_msgs/msg/marker_array__type_support.cpp.o[0m
[19.306s] [ 20%] [32m[1mLinking CXX shared library libaruco_msgs__rosidl_typesupport_c.so[0m
[19.306s] [ 20%] Built target aruco_msgs__rosidl_typesupport_c
[19.306s] running egg_info
[19.306s] creating aruco_msgs.egg-info
[19.306s] writing aruco_msgs.egg-info/PKG-INFO
[19.306s] writing dependency_links to aruco_msgs.egg-info/dependency_links.txt
[19.306s] writing top-level names to aruco_msgs.egg-info/top_level.txt
[19.306s] writing manifest file 'aruco_msgs.egg-info/SOURCES.txt'
[19.306s] reading manifest file 'aruco_msgs.egg-info/SOURCES.txt'
[19.306s] writing manifest file 'aruco_msgs.egg-info/SOURCES.txt'
[19.307s] [ 20%] Built target ament_cmake_python_build_aruco_msgs_egg
[19.307s] [ 23%] [34m[1mGenerating C introspection for ROS interfaces[0m
[19.307s] [ 25%] [32mBuilding C object CMakeFiles/aruco_msgs__rosidl_typesupport_introspection_c.dir/rosidl_typesupport_introspection_c/aruco_msgs/msg/detail/marker__type_support.c.o[0m
[19.307s] [ 28%] [32mBuilding C object CMakeFiles/aruco_msgs__rosidl_typesupport_introspection_c.dir/rosidl_typesupport_introspection_c/aruco_msgs/msg/detail/marker_array__type_support.c.o[0m
[19.307s] [ 30%] [32m[1mLinking C shared library libaruco_msgs__rosidl_typesupport_introspection_c.so[0m
[19.307s] [ 30%] Built target aruco_msgs__rosidl_typesupport_introspection_c
[19.307s] [ 33%] [34m[1mGenerating C type support for eProsima Fast-RTPS[0m
[19.686s] [ 35%] [32mBuilding CXX object CMakeFiles/aruco_msgs__rosidl_typesupport_fastrtps_c.dir/rosidl_typesupport_fastrtps_c/aruco_msgs/msg/detail/marker__type_support_c.cpp.o[0m
[20.389s] [ 38%] [32mBuilding CXX object CMakeFiles/aruco_msgs__rosidl_typesupport_fastrtps_c.dir/rosidl_typesupport_fastrtps_c/aruco_msgs/msg/detail/marker_array__type_support_c.cpp.o[0m
[21.255s] [ 41%] [32m[1mLinking CXX shared library libaruco_msgs__rosidl_typesupport_fastrtps_c.so[0m
[21.556s] [ 41%] Built target aruco_msgs__rosidl_typesupport_fastrtps_c
[21.750s] [ 43%] [34m[1mGenerating C++ code for ROS interfaces[0m
[23.047s] [ 43%] Built target aruco_msgs__cpp
[23.153s] [ 46%] [34m[1mGenerating C++ introspection for ROS interfaces[0m
[24.069s] [ 48%] [32mBuilding CXX object CMakeFiles/aruco_msgs__rosidl_typesupport_introspection_cpp.dir/rosidl_typesupport_introspection_cpp/aruco_msgs/msg/detail/marker__type_support.cpp.o[0m
[24.881s] [ 51%] [32mBuilding CXX object CMakeFiles/aruco_msgs__rosidl_typesupport_introspection_cpp.dir/rosidl_typesupport_introspection_cpp/aruco_msgs/msg/detail/marker_array__type_support.cpp.o[0m
[25.825s] [ 53%] [32m[1mLinking CXX shared library libaruco_msgs__rosidl_typesupport_introspection_cpp.so[0m
[26.163s] [ 53%] Built target aruco_msgs__rosidl_typesupport_introspection_cpp
[26.265s] [ 56%] [34m[1mGenerating C++ type support dispatch for ROS interfaces[0m
[26.984s] [ 58%] [32mBuilding CXX object CMakeFiles/aruco_msgs__rosidl_typesupport_cpp.dir/rosidl_typesupport_cpp/aruco_msgs/msg/marker__type_support.cpp.o[0m
[27.566s] [ 61%] [32mBuilding CXX object CMakeFiles/aruco_msgs__rosidl_typesupport_cpp.dir/rosidl_typesupport_cpp/aruco_msgs/msg/marker_array__type_support.cpp.o[0m
[28.173s] [ 64%] [32m[1mLinking CXX shared library libaruco_msgs__rosidl_typesupport_cpp.so[0m
[28.390s] [ 64%] Built target aruco_msgs__rosidl_typesupport_cpp
[28.509s] [ 66%] [34m[1mGenerating C++ type support for eProsima Fast-RTPS[0m
[29.451s] [ 69%] [32mBuilding CXX object CMakeFiles/aruco_msgs__rosidl_typesupport_fastrtps_cpp.dir/rosidl_typesupport_fastrtps_cpp/aruco_msgs/msg/detail/dds_fastrtps/marker__type_support.cpp.o[0m
[30.255s] [ 71%] [32mBuilding CXX object CMakeFiles/aruco_msgs__rosidl_typesupport_fastrtps_cpp.dir/rosidl_typesupport_fastrtps_cpp/aruco_msgs/msg/detail/dds_fastrtps/marker_array__type_support.cpp.o[0m
[31.205s] [ 74%] [32m[1mLinking CXX shared library libaruco_msgs__rosidl_typesupport_fastrtps_cpp.so[0m
[31.506s] [ 74%] Built target aruco_msgs__rosidl_typesupport_fastrtps_cpp
[31.696s] [ 74%] Built target aruco_msgs
[31.871s] [ 76%] [34m[1mGenerating Python code for ROS interfaces[0m
[33.137s] [ 76%] Built target aruco_msgs__py
[33.320s] [ 79%] [32mBuilding C object CMakeFiles/aruco_msgs__rosidl_generator_py.dir/rosidl_generator_py/aruco_msgs/msg/_marker_s.c.o[0m
[33.661s] [ 82%] [32mBuilding C object CMakeFiles/aruco_msgs__rosidl_generator_py.dir/rosidl_generator_py/aruco_msgs/msg/_marker_array_s.c.o[0m
[33.981s] [ 84%] [32m[1mLinking C shared library rosidl_generator_py/aruco_msgs/libaruco_msgs__rosidl_generator_py.so[0m
[34.217s] [ 84%] Built target aruco_msgs__rosidl_generator_py
[34.410s] [ 87%] [32mBuilding C object CMakeFiles/aruco_msgs__rosidl_typesupport_fastrtps_c__pyext.dir/rosidl_generator_py/aruco_msgs/_aruco_msgs_s.ep.rosidl_typesupport_fastrtps_c.c.o[0m
[34.697s] [ 89%] [32m[1mLinking C shared library rosidl_generator_py/aruco_msgs/aruco_msgs_s__rosidl_typesupport_fastrtps_c.cpython-310-aarch64-linux-gnu.so[0m
[34.895s] [ 89%] Built target aruco_msgs__rosidl_typesupport_fastrtps_c__pyext
[35.075s] [ 92%] [32mBuilding C object CMakeFiles/aruco_msgs__rosidl_typesupport_c__pyext.dir/rosidl_generator_py/aruco_msgs/_aruco_msgs_s.ep.rosidl_typesupport_c.c.o[0m
[35.347s] [ 94%] [32m[1mLinking C shared library rosidl_generator_py/aruco_msgs/aruco_msgs_s__rosidl_typesupport_c.cpython-310-aarch64-linux-gnu.so[0m
[35.569s] [ 94%] Built target aruco_msgs__rosidl_typesupport_c__pyext
[35.754s] [ 97%] [32mBuilding C object CMakeFiles/aruco_msgs__rosidl_typesupport_introspection_c__pyext.dir/rosidl_generator_py/aruco_msgs/_aruco_msgs_s.ep.rosidl_typesupport_introspection_c.c.o[0m
[36.026s] [100%] [32m[1mLinking C shared library rosidl_generator_py/aruco_msgs/aruco_msgs_s__rosidl_typesupport_introspection_c.cpython-310-aarch64-linux-gnu.so[0m
[36.253s] [100%] Built target aruco_msgs__rosidl_typesupport_introspection_c__pyext
[36.375s] Invoked command in '/home/wheeltec/wheeltec_ros2/build/aruco_msgs' returned '0': CMAKE_PREFIX_PATH=${CMAKE_PREFIX_PATH}:/home/wheeltec/autoware/install/autoware_wheeltec_interface:/home/wheeltec/autoware/install/ad_api_visualizers:/opt/ros/humble /usr/bin/cmake --build /home/wheeltec/wheeltec_ros2/build/aruco_msgs -- -j6 -l6
[36.377s] Invoking command in '/home/wheeltec/wheeltec_ros2/build/aruco_msgs': CMAKE_PREFIX_PATH=${CMAKE_PREFIX_PATH}:/home/wheeltec/autoware/install/autoware_wheeltec_interface:/home/wheeltec/autoware/install/ad_api_visualizers:/opt/ros/humble /usr/bin/cmake --install /home/wheeltec/wheeltec_ros2/build/aruco_msgs
[36.477s] -- Install configuration: ""
[36.478s] -- Execute custom install script
[36.479s] -- Symlinking: /home/wheeltec/wheeltec_ros2/install/aruco_msgs/share/ament_index/resource_index/rosidl_interfaces/aruco_msgs
[36.549s] -- Symlinking: /home/wheeltec/wheeltec_ros2/install/aruco_msgs/include/aruco_msgs/aruco_msgs/msg/detail/marker__functions.h
[36.619s] -- Symlinking: /home/wheeltec/wheeltec_ros2/install/aruco_msgs/include/aruco_msgs/aruco_msgs/msg/detail/marker__struct.h
[36.696s] -- Symlinking: /home/wheeltec/wheeltec_ros2/install/aruco_msgs/include/aruco_msgs/aruco_msgs/msg/detail/marker__type_support.h
[36.761s] -- Symlinking: /home/wheeltec/wheeltec_ros2/install/aruco_msgs/include/aruco_msgs/aruco_msgs/msg/detail/marker_array__functions.h
[36.845s] -- Symlinking: /home/wheeltec/wheeltec_ros2/install/aruco_msgs/include/aruco_msgs/aruco_msgs/msg/detail/marker_array__struct.h
[36.925s] -- Symlinking: /home/wheeltec/wheeltec_ros2/install/aruco_msgs/include/aruco_msgs/aruco_msgs/msg/detail/marker_array__type_support.h
[37.013s] -- Symlinking: /home/wheeltec/wheeltec_ros2/install/aruco_msgs/include/aruco_msgs/aruco_msgs/msg/marker.h
[37.103s] -- Symlinking: /home/wheeltec/wheeltec_ros2/install/aruco_msgs/include/aruco_msgs/aruco_msgs/msg/marker_array.h
[37.204s] -- Symlinking: /home/wheeltec/wheeltec_ros2/install/aruco_msgs/include/aruco_msgs/aruco_msgs/msg/rosidl_generator_c__visibility_control.h
[37.290s] -- Symlinking: /home/wheeltec/wheeltec_ros2/install/aruco_msgs/share/aruco_msgs/environment/library_path.sh
[37.370s] -- Symlinking: /home/wheeltec/wheeltec_ros2/install/aruco_msgs/share/aruco_msgs/environment/library_path.dsv
[37.457s] -- Symlinking: /home/wheeltec/wheeltec_ros2/install/aruco_msgs/include/aruco_msgs/aruco_msgs/msg/detail/marker__rosidl_typesupport_fastrtps_c.h
[37.546s] -- Symlinking: /home/wheeltec/wheeltec_ros2/install/aruco_msgs/include/aruco_msgs/aruco_msgs/msg/detail/marker_array__rosidl_typesupport_fastrtps_c.h
[37.626s] -- Symlinking: /home/wheeltec/wheeltec_ros2/install/aruco_msgs/include/aruco_msgs/aruco_msgs/msg/rosidl_typesupport_fastrtps_c__visibility_control.h
[37.708s] -- Symlinking: /home/wheeltec/wheeltec_ros2/install/aruco_msgs/include/aruco_msgs/aruco_msgs/msg/detail/marker__builder.hpp
[37.773s] -- Symlinking: /home/wheeltec/wheeltec_ros2/install/aruco_msgs/include/aruco_msgs/aruco_msgs/msg/detail/marker__struct.hpp
[37.839s] -- Symlinking: /home/wheeltec/wheeltec_ros2/install/aruco_msgs/include/aruco_msgs/aruco_msgs/msg/detail/marker__traits.hpp
[37.924s] -- Symlinking: /home/wheeltec/wheeltec_ros2/install/aruco_msgs/include/aruco_msgs/aruco_msgs/msg/detail/marker__type_support.hpp
[38.021s] -- Symlinking: /home/wheeltec/wheeltec_ros2/install/aruco_msgs/include/aruco_msgs/aruco_msgs/msg/detail/marker_array__builder.hpp
[38.088s] -- Symlinking: /home/wheeltec/wheeltec_ros2/install/aruco_msgs/include/aruco_msgs/aruco_msgs/msg/detail/marker_array__struct.hpp
[38.160s] -- Symlinking: /home/wheeltec/wheeltec_ros2/install/aruco_msgs/include/aruco_msgs/aruco_msgs/msg/detail/marker_array__traits.hpp
[38.226s] -- Symlinking: /home/wheeltec/wheeltec_ros2/install/aruco_msgs/include/aruco_msgs/aruco_msgs/msg/detail/marker_array__type_support.hpp
[38.298s] -- Symlinking: /home/wheeltec/wheeltec_ros2/install/aruco_msgs/include/aruco_msgs/aruco_msgs/msg/marker.hpp
[38.369s] -- Symlinking: /home/wheeltec/wheeltec_ros2/install/aruco_msgs/include/aruco_msgs/aruco_msgs/msg/marker_array.hpp
[38.443s] -- Symlinking: /home/wheeltec/wheeltec_ros2/install/aruco_msgs/include/aruco_msgs/aruco_msgs/msg/rosidl_generator_cpp__visibility_control.hpp
[38.518s] -- Symlinking: /home/wheeltec/wheeltec_ros2/install/aruco_msgs/include/aruco_msgs/aruco_msgs/msg/detail/marker__rosidl_typesupport_fastrtps_cpp.hpp
[38.583s] -- Symlinking: /home/wheeltec/wheeltec_ros2/install/aruco_msgs/include/aruco_msgs/aruco_msgs/msg/detail/marker_array__rosidl_typesupport_fastrtps_cpp.hpp
[38.652s] -- Symlinking: /home/wheeltec/wheeltec_ros2/install/aruco_msgs/include/aruco_msgs/aruco_msgs/msg/rosidl_typesupport_fastrtps_cpp__visibility_control.h
[38.740s] -- Symlinking: /home/wheeltec/wheeltec_ros2/install/aruco_msgs/include/aruco_msgs/aruco_msgs/msg/detail/marker__rosidl_typesupport_introspection_c.h
[38.850s] -- Symlinking: /home/wheeltec/wheeltec_ros2/install/aruco_msgs/include/aruco_msgs/aruco_msgs/msg/detail/marker_array__rosidl_typesupport_introspection_c.h
[38.934s] -- Symlinking: /home/wheeltec/wheeltec_ros2/install/aruco_msgs/include/aruco_msgs/aruco_msgs/msg/rosidl_typesupport_introspection_c__visibility_control.h
[39.021s] -- Symlinking: /home/wheeltec/wheeltec_ros2/install/aruco_msgs/include/aruco_msgs/aruco_msgs/msg/detail/marker__rosidl_typesupport_introspection_cpp.hpp
[39.097s] -- Symlinking: /home/wheeltec/wheeltec_ros2/install/aruco_msgs/include/aruco_msgs/aruco_msgs/msg/detail/marker_array__rosidl_typesupport_introspection_cpp.hpp
[39.162s] -- Symlinking: /home/wheeltec/wheeltec_ros2/install/aruco_msgs/share/aruco_msgs/environment/pythonpath.sh
[39.227s] -- Symlinking: /home/wheeltec/wheeltec_ros2/install/aruco_msgs/share/aruco_msgs/environment/pythonpath.dsv
[39.294s] -- Symlinking: /home/wheeltec/wheeltec_ros2/install/aruco_msgs/local/lib/python3.10/dist-packages/aruco_msgs-5.0.5-py3.10.egg-info/PKG-INFO
[39.359s] -- Symlinking: /home/wheeltec/wheeltec_ros2/install/aruco_msgs/local/lib/python3.10/dist-packages/aruco_msgs-5.0.5-py3.10.egg-info/SOURCES.txt
[39.429s] -- Symlinking: /home/wheeltec/wheeltec_ros2/install/aruco_msgs/local/lib/python3.10/dist-packages/aruco_msgs-5.0.5-py3.10.egg-info/dependency_links.txt
[39.494s] -- Symlinking: /home/wheeltec/wheeltec_ros2/install/aruco_msgs/local/lib/python3.10/dist-packages/aruco_msgs-5.0.5-py3.10.egg-info/top_level.txt
[39.560s] -- Symlinking: /home/wheeltec/wheeltec_ros2/install/aruco_msgs/local/lib/python3.10/dist-packages/aruco_msgs/__init__.py
[39.629s] -- Symlinking: /home/wheeltec/wheeltec_ros2/install/aruco_msgs/local/lib/python3.10/dist-packages/aruco_msgs/_aruco_msgs_s.ep.rosidl_typesupport_c.c
[39.696s] -- Symlinking: /home/wheeltec/wheeltec_ros2/install/aruco_msgs/local/lib/python3.10/dist-packages/aruco_msgs/_aruco_msgs_s.ep.rosidl_typesupport_fastrtps_c.c
[39.767s] -- Symlinking: /home/wheeltec/wheeltec_ros2/install/aruco_msgs/local/lib/python3.10/dist-packages/aruco_msgs/_aruco_msgs_s.ep.rosidl_typesupport_introspection_c.c
[39.855s] -- Symlinking: /home/wheeltec/wheeltec_ros2/install/aruco_msgs/local/lib/python3.10/dist-packages/aruco_msgs/aruco_msgs_s__rosidl_typesupport_c.cpython-310-aarch64-linux-gnu.so
[39.935s] -- Symlinking: /home/wheeltec/wheeltec_ros2/install/aruco_msgs/local/lib/python3.10/dist-packages/aruco_msgs/aruco_msgs_s__rosidl_typesupport_fastrtps_c.cpython-310-aarch64-linux-gnu.so
[40.008s] -- Symlinking: /home/wheeltec/wheeltec_ros2/install/aruco_msgs/local/lib/python3.10/dist-packages/aruco_msgs/aruco_msgs_s__rosidl_typesupport_introspection_c.cpython-310-aarch64-linux-gnu.so
[40.070s] -- Symlinking: /home/wheeltec/wheeltec_ros2/install/aruco_msgs/local/lib/python3.10/dist-packages/aruco_msgs/libaruco_msgs__rosidl_generator_py.so
[40.132s] -- Symlinking: /home/wheeltec/wheeltec_ros2/install/aruco_msgs/local/lib/python3.10/dist-packages/aruco_msgs/msg/__init__.py
[40.194s] -- Symlinking: /home/wheeltec/wheeltec_ros2/install/aruco_msgs/local/lib/python3.10/dist-packages/aruco_msgs/msg/_marker.py
[40.257s] -- Symlinking: /home/wheeltec/wheeltec_ros2/install/aruco_msgs/local/lib/python3.10/dist-packages/aruco_msgs/msg/_marker_array.py
[40.329s] -- Symlinking: /home/wheeltec/wheeltec_ros2/install/aruco_msgs/local/lib/python3.10/dist-packages/aruco_msgs/msg/_marker_array_s.c
[40.412s] -- Symlinking: /home/wheeltec/wheeltec_ros2/install/aruco_msgs/local/lib/python3.10/dist-packages/aruco_msgs/msg/_marker_s.c
[40.501s] -- Up-to-date symlink: /home/wheeltec/wheeltec_ros2/install/aruco_msgs/local/lib/python3.10/dist-packages/aruco_msgs/aruco_msgs_s__rosidl_typesupport_fastrtps_c.cpython-310-aarch64-linux-gnu.so
[40.501s] -- Up-to-date symlink: /home/wheeltec/wheeltec_ros2/install/aruco_msgs/local/lib/python3.10/dist-packages/aruco_msgs/aruco_msgs_s__rosidl_typesupport_introspection_c.cpython-310-aarch64-linux-gnu.so
[40.501s] -- Up-to-date symlink: /home/wheeltec/wheeltec_ros2/install/aruco_msgs/local/lib/python3.10/dist-packages/aruco_msgs/aruco_msgs_s__rosidl_typesupport_c.cpython-310-aarch64-linux-gnu.so
[40.501s] -- Symlinking: /home/wheeltec/wheeltec_ros2/install/aruco_msgs/share/aruco_msgs/msg/Marker.idl
[40.584s] -- Symlinking: /home/wheeltec/wheeltec_ros2/install/aruco_msgs/share/aruco_msgs/msg/MarkerArray.idl
[40.673s] -- Symlinking: /home/wheeltec/wheeltec_ros2/install/aruco_msgs/share/aruco_msgs/msg/Marker.msg
[40.752s] -- Symlinking: /home/wheeltec/wheeltec_ros2/install/aruco_msgs/share/aruco_msgs/msg/MarkerArray.msg
[40.819s] -- Symlinking: /home/wheeltec/wheeltec_ros2/install/aruco_msgs/share/ament_index/resource_index/package_run_dependencies/aruco_msgs
[40.888s] -- Symlinking: /home/wheeltec/wheeltec_ros2/install/aruco_msgs/share/ament_index/resource_index/parent_prefix_path/aruco_msgs
[40.962s] -- Symlinking: /home/wheeltec/wheeltec_ros2/install/aruco_msgs/share/aruco_msgs/environment/ament_prefix_path.sh
[41.037s] -- Symlinking: /home/wheeltec/wheeltec_ros2/install/aruco_msgs/share/aruco_msgs/environment/ament_prefix_path.dsv
[41.118s] -- Symlinking: /home/wheeltec/wheeltec_ros2/install/aruco_msgs/share/aruco_msgs/environment/path.sh
[41.209s] -- Symlinking: /home/wheeltec/wheeltec_ros2/install/aruco_msgs/share/aruco_msgs/environment/path.dsv
[41.333s] -- Symlinking: /home/wheeltec/wheeltec_ros2/install/aruco_msgs/share/aruco_msgs/local_setup.bash
[41.442s] -- Symlinking: /home/wheeltec/wheeltec_ros2/install/aruco_msgs/share/aruco_msgs/local_setup.sh
[41.523s] -- Symlinking: /home/wheeltec/wheeltec_ros2/install/aruco_msgs/share/aruco_msgs/local_setup.zsh
[41.585s] -- Symlinking: /home/wheeltec/wheeltec_ros2/install/aruco_msgs/share/aruco_msgs/local_setup.dsv
[41.650s] -- Symlinking: /home/wheeltec/wheeltec_ros2/install/aruco_msgs/share/aruco_msgs/package.dsv
[41.733s] -- Symlinking: /home/wheeltec/wheeltec_ros2/install/aruco_msgs/share/ament_index/resource_index/packages/aruco_msgs
[41.813s] -- Symlinking: /home/wheeltec/wheeltec_ros2/install/aruco_msgs/share/aruco_msgs/cmake/rosidl_cmake-extras.cmake
[41.888s] -- Symlinking: /home/wheeltec/wheeltec_ros2/install/aruco_msgs/share/aruco_msgs/cmake/ament_cmake_export_dependencies-extras.cmake
[41.956s] -- Symlinking: /home/wheeltec/wheeltec_ros2/install/aruco_msgs/share/aruco_msgs/cmake/ament_cmake_export_include_directories-extras.cmake
[42.045s] -- Symlinking: /home/wheeltec/wheeltec_ros2/install/aruco_msgs/share/aruco_msgs/cmake/ament_cmake_export_libraries-extras.cmake
[42.119s] -- Symlinking: /home/wheeltec/wheeltec_ros2/install/aruco_msgs/share/aruco_msgs/cmake/ament_cmake_export_targets-extras.cmake
[42.187s] -- Symlinking: /home/wheeltec/wheeltec_ros2/install/aruco_msgs/share/aruco_msgs/cmake/rosidl_cmake_export_typesupport_targets-extras.cmake
[42.253s] -- Symlinking: /home/wheeltec/wheeltec_ros2/install/aruco_msgs/share/aruco_msgs/cmake/rosidl_cmake_export_typesupport_libraries-extras.cmake
[42.326s] -- Symlinking: /home/wheeltec/wheeltec_ros2/install/aruco_msgs/share/aruco_msgs/cmake/aruco_msgsConfig.cmake
[42.402s] -- Symlinking: /home/wheeltec/wheeltec_ros2/install/aruco_msgs/share/aruco_msgs/cmake/aruco_msgsConfig-version.cmake
[42.475s] -- Symlinking: /home/wheeltec/wheeltec_ros2/install/aruco_msgs/share/aruco_msgs/package.xml
[42.559s] -- Installing: /home/wheeltec/wheeltec_ros2/install/aruco_msgs/lib/libaruco_msgs__rosidl_generator_c.so
[42.559s] -- Set runtime path of "/home/wheeltec/wheeltec_ros2/install/aruco_msgs/lib/libaruco_msgs__rosidl_generator_c.so" to ""
[42.560s] -- Installing: /home/wheeltec/wheeltec_ros2/install/aruco_msgs/lib/libaruco_msgs__rosidl_typesupport_fastrtps_c.so
[42.560s] -- Set runtime path of "/home/wheeltec/wheeltec_ros2/install/aruco_msgs/lib/libaruco_msgs__rosidl_typesupport_fastrtps_c.so" to ""
[42.560s] -- Installing: /home/wheeltec/wheeltec_ros2/install/aruco_msgs/lib/libaruco_msgs__rosidl_typesupport_fastrtps_cpp.so
[42.560s] -- Set runtime path of "/home/wheeltec/wheeltec_ros2/install/aruco_msgs/lib/libaruco_msgs__rosidl_typesupport_fastrtps_cpp.so" to ""
[42.560s] -- Installing: /home/wheeltec/wheeltec_ros2/install/aruco_msgs/lib/libaruco_msgs__rosidl_typesupport_introspection_c.so
[42.560s] -- Set runtime path of "/home/wheeltec/wheeltec_ros2/install/aruco_msgs/lib/libaruco_msgs__rosidl_typesupport_introspection_c.so" to ""
[42.560s] -- Installing: /home/wheeltec/wheeltec_ros2/install/aruco_msgs/lib/libaruco_msgs__rosidl_typesupport_c.so
[42.560s] -- Set runtime path of "/home/wheeltec/wheeltec_ros2/install/aruco_msgs/lib/libaruco_msgs__rosidl_typesupport_c.so" to ""
[42.560s] -- Installing: /home/wheeltec/wheeltec_ros2/install/aruco_msgs/lib/libaruco_msgs__rosidl_typesupport_introspection_cpp.so
[42.560s] -- Set runtime path of "/home/wheeltec/wheeltec_ros2/install/aruco_msgs/lib/libaruco_msgs__rosidl_typesupport_introspection_cpp.so" to ""
[42.561s] -- Installing: /home/wheeltec/wheeltec_ros2/install/aruco_msgs/lib/libaruco_msgs__rosidl_typesupport_cpp.so
[42.562s] -- Set runtime path of "/home/wheeltec/wheeltec_ros2/install/aruco_msgs/lib/libaruco_msgs__rosidl_typesupport_cpp.so" to ""
[42.706s] Listing '/home/wheeltec/wheeltec_ros2/install/aruco_msgs/local/lib/python3.10/dist-packages/aruco_msgs'...
[42.706s] Compiling '/home/wheeltec/wheeltec_ros2/install/aruco_msgs/local/lib/python3.10/dist-packages/aruco_msgs/__init__.py'...
[42.706s] Listing '/home/wheeltec/wheeltec_ros2/install/aruco_msgs/local/lib/python3.10/dist-packages/aruco_msgs/msg'...
[42.706s] Compiling '/home/wheeltec/wheeltec_ros2/install/aruco_msgs/local/lib/python3.10/dist-packages/aruco_msgs/msg/__init__.py'...
[42.706s] Compiling '/home/wheeltec/wheeltec_ros2/install/aruco_msgs/local/lib/python3.10/dist-packages/aruco_msgs/msg/_marker.py'...
[42.706s] Compiling '/home/wheeltec/wheeltec_ros2/install/aruco_msgs/local/lib/python3.10/dist-packages/aruco_msgs/msg/_marker_array.py'...
[42.724s] -- Installing: /home/wheeltec/wheeltec_ros2/install/aruco_msgs/lib/libaruco_msgs__rosidl_generator_py.so
[42.724s] -- Set runtime path of "/home/wheeltec/wheeltec_ros2/install/aruco_msgs/lib/libaruco_msgs__rosidl_generator_py.so" to ""
[42.724s] -- Installing: /home/wheeltec/wheeltec_ros2/install/aruco_msgs/share/aruco_msgs/cmake/export_aruco_msgs__rosidl_generator_cExport.cmake
[42.724s] -- Installing: /home/wheeltec/wheeltec_ros2/install/aruco_msgs/share/aruco_msgs/cmake/export_aruco_msgs__rosidl_generator_cExport-noconfig.cmake
[42.724s] -- Installing: /home/wheeltec/wheeltec_ros2/install/aruco_msgs/share/aruco_msgs/cmake/export_aruco_msgs__rosidl_typesupport_fastrtps_cExport.cmake
[42.724s] -- Installing: /home/wheeltec/wheeltec_ros2/install/aruco_msgs/share/aruco_msgs/cmake/export_aruco_msgs__rosidl_typesupport_fastrtps_cExport-noconfig.cmake
[42.724s] -- Installing: /home/wheeltec/wheeltec_ros2/install/aruco_msgs/share/aruco_msgs/cmake/export_aruco_msgs__rosidl_generator_cppExport.cmake
[42.724s] -- Installing: /home/wheeltec/wheeltec_ros2/install/aruco_msgs/share/aruco_msgs/cmake/export_aruco_msgs__rosidl_typesupport_fastrtps_cppExport.cmake
[42.724s] -- Installing: /home/wheeltec/wheeltec_ros2/install/aruco_msgs/share/aruco_msgs/cmake/export_aruco_msgs__rosidl_typesupport_fastrtps_cppExport-noconfig.cmake
[42.725s] -- Installing: /home/wheeltec/wheeltec_ros2/install/aruco_msgs/share/aruco_msgs/cmake/aruco_msgs__rosidl_typesupport_introspection_cExport.cmake
[42.725s] -- Installing: /home/wheeltec/wheeltec_ros2/install/aruco_msgs/share/aruco_msgs/cmake/aruco_msgs__rosidl_typesupport_introspection_cExport-noconfig.cmake
[42.725s] -- Installing: /home/wheeltec/wheeltec_ros2/install/aruco_msgs/share/aruco_msgs/cmake/aruco_msgs__rosidl_typesupport_cExport.cmake
[42.725s] -- Installing: /home/wheeltec/wheeltec_ros2/install/aruco_msgs/share/aruco_msgs/cmake/aruco_msgs__rosidl_typesupport_cExport-noconfig.cmake
[42.725s] -- Installing: /home/wheeltec/wheeltec_ros2/install/aruco_msgs/share/aruco_msgs/cmake/aruco_msgs__rosidl_typesupport_introspection_cppExport.cmake
[42.725s] -- Installing: /home/wheeltec/wheeltec_ros2/install/aruco_msgs/share/aruco_msgs/cmake/aruco_msgs__rosidl_typesupport_introspection_cppExport-noconfig.cmake
[42.725s] -- Installing: /home/wheeltec/wheeltec_ros2/install/aruco_msgs/share/aruco_msgs/cmake/aruco_msgs__rosidl_typesupport_cppExport.cmake
[42.725s] -- Installing: /home/wheeltec/wheeltec_ros2/install/aruco_msgs/share/aruco_msgs/cmake/aruco_msgs__rosidl_typesupport_cppExport-noconfig.cmake
[42.725s] -- Installing: /home/wheeltec/wheeltec_ros2/install/aruco_msgs/share/aruco_msgs/cmake/export_aruco_msgs__rosidl_generator_pyExport.cmake
[42.725s] -- Installing: /home/wheeltec/wheeltec_ros2/install/aruco_msgs/share/aruco_msgs/cmake/export_aruco_msgs__rosidl_generator_pyExport-noconfig.cmake
[42.756s] Invoked command in '/home/wheeltec/wheeltec_ros2/build/aruco_msgs' returned '0': CMAKE_PREFIX_PATH=${CMAKE_PREFIX_PATH}:/home/wheeltec/autoware/install/autoware_wheeltec_interface:/home/wheeltec/autoware/install/ad_api_visualizers:/opt/ros/humble /usr/bin/cmake --install /home/wheeltec/wheeltec_ros2/build/aruco_msgs
