[0.259s] Invoking command in '/home/wheeltec/wheeltec_ros2/build/ldlidar': CMAKE_PREFIX_PATH=${CMAKE_PREFIX_PATH}:/home/wheeltec/wheeltec_ros2/install/simple_follower_ros2:/home/wheeltec/wheeltec_ros2/install/wheeltec_robot_keyboard:/home/wheeltec/wheeltec_ros2/install/wheeltec_dual_rtk_driver:/home/wheeltec/wheeltec_ros2/install/ultralytics_ros2:/home/wheeltec/wheeltec_ros2/install/tf2_tools:/home/wheeltec/wheeltec_ros2/install/ollama_ros_chat:/home/wheeltec/wheeltec_ros2/install/nmea_navsat_driver:/home/wheeltec/wheeltec_ros2/install/nav2_waypoint_cycle:/home/wheeltec/wheeltec_ros2/install/nav2_simple_commander:/home/wheeltec/wheeltec_ros2/install/largemodel:/home/wheeltec/wheeltec_ros2/install/auto_recharge_ros2:/home/wheeltec/autoware/install/autoware_wheeltec_interface:/home/wheeltec/autoware/install/autoware_multi_point:/home/wheeltec/autoware/install/ad_api_visualizers:/opt/ros/humble /usr/bin/cmake --build /home/wheeltec/wheeltec_ros2/build/ldlidar -- -j6 -l6
[0.448s] gmake: Warning: File 'Makefile' has modification time 1766048665 s in the future
[0.762s] gmake[1]: Warning: File 'CMakeFiles/Makefile2' has modification time 1766048664 s in the future
[0.784s] gmake[2]: Warning: File 'CMakeFiles/ldlidar.dir/flags.make' has modification time 1766048664 s in the future
[0.953s] gmake[2]: warning:  Clock skew detected.  Your build may be incomplete.
[0.979s] gmake[2]: Warning: File 'CMakeFiles/ldlidar.dir/flags.make' has modification time 1766048664 s in the future
[0.981s] gmake[2]: warning:  Clock skew detected.  Your build may be incomplete.
[1.117s] [100%] Built target ldlidar
[1.119s] gmake[1]: warning:  Clock skew detected.  Your build may be incomplete.
[1.285s] gmake: warning:  Clock skew detected.  Your build may be incomplete.
[1.317s] Invoked command in '/home/wheeltec/wheeltec_ros2/build/ldlidar' returned '0': CMAKE_PREFIX_PATH=${CMAKE_PREFIX_PATH}:/home/wheeltec/wheeltec_ros2/install/simple_follower_ros2:/home/wheeltec/wheeltec_ros2/install/wheeltec_robot_keyboard:/home/wheeltec/wheeltec_ros2/install/wheeltec_dual_rtk_driver:/home/wheeltec/wheeltec_ros2/install/ultralytics_ros2:/home/wheeltec/wheeltec_ros2/install/tf2_tools:/home/wheeltec/wheeltec_ros2/install/ollama_ros_chat:/home/wheeltec/wheeltec_ros2/install/nmea_navsat_driver:/home/wheeltec/wheeltec_ros2/install/nav2_waypoint_cycle:/home/wheeltec/wheeltec_ros2/install/nav2_simple_commander:/home/wheeltec/wheeltec_ros2/install/largemodel:/home/wheeltec/wheeltec_ros2/install/auto_recharge_ros2:/home/wheeltec/autoware/install/autoware_wheeltec_interface:/home/wheeltec/autoware/install/autoware_multi_point:/home/wheeltec/autoware/install/ad_api_visualizers:/opt/ros/humble /usr/bin/cmake --build /home/wheeltec/wheeltec_ros2/build/ldlidar -- -j6 -l6
[1.320s] Invoking command in '/home/wheeltec/wheeltec_ros2/build/ldlidar': CMAKE_PREFIX_PATH=${CMAKE_PREFIX_PATH}:/home/wheeltec/wheeltec_ros2/install/simple_follower_ros2:/home/wheeltec/wheeltec_ros2/install/wheeltec_robot_keyboard:/home/wheeltec/wheeltec_ros2/install/wheeltec_dual_rtk_driver:/home/wheeltec/wheeltec_ros2/install/ultralytics_ros2:/home/wheeltec/wheeltec_ros2/install/tf2_tools:/home/wheeltec/wheeltec_ros2/install/ollama_ros_chat:/home/wheeltec/wheeltec_ros2/install/nmea_navsat_driver:/home/wheeltec/wheeltec_ros2/install/nav2_waypoint_cycle:/home/wheeltec/wheeltec_ros2/install/nav2_simple_commander:/home/wheeltec/wheeltec_ros2/install/largemodel:/home/wheeltec/wheeltec_ros2/install/auto_recharge_ros2:/home/wheeltec/autoware/install/autoware_wheeltec_interface:/home/wheeltec/autoware/install/autoware_multi_point:/home/wheeltec/autoware/install/ad_api_visualizers:/opt/ros/humble /usr/bin/cmake --install /home/wheeltec/wheeltec_ros2/build/ldlidar
[1.453s] -- Install configuration: ""
[1.454s] -- Execute custom install script
[1.454s] -- Up-to-date symlink: /home/wheeltec/wheeltec_ros2/install/ldlidar/lib/ldlidar/ldlidar
[1.455s] -- Up-to-date symlink: /home/wheeltec/wheeltec_ros2/install/ldlidar/share/ldlidar//launch/ld06.launch.py
[1.456s] -- Up-to-date symlink: /home/wheeltec/wheeltec_ros2/install/ldlidar/share/ldlidar//launch/ld06net.launch.py
[1.456s] -- Up-to-date symlink: /home/wheeltec/wheeltec_ros2/install/ldlidar/share/ldlidar//launch/ld19.launch.py
[1.456s] -- Up-to-date symlink: /home/wheeltec/wheeltec_ros2/install/ldlidar/share/ldlidar//launch/stl06n.launch.py
[1.456s] -- Up-to-date symlink: /home/wheeltec/wheeltec_ros2/install/ldlidar/share/ldlidar//launch/stl06nbj.launch.py
[1.457s] -- Up-to-date symlink: /home/wheeltec/wheeltec_ros2/install/ldlidar/share/ldlidar//launch/stl06nbjnet.launch.py
[1.457s] -- Up-to-date symlink: /home/wheeltec/wheeltec_ros2/install/ldlidar/share/ldlidar//launch/stl06nnet.launch.py
[1.457s] -- Up-to-date symlink: /home/wheeltec/wheeltec_ros2/install/ldlidar/share/ldlidar//launch/stl06p.launch.py
[1.457s] -- Up-to-date symlink: /home/wheeltec/wheeltec_ros2/install/ldlidar/share/ldlidar//launch/stl19n.launch.py
[1.457s] -- Symlinking: /home/wheeltec/wheeltec_ros2/install/ldlidar/share/ldlidar//launch/stl19nnet.launch.py
[1.568s] -- Up-to-date symlink: /home/wheeltec/wheeltec_ros2/install/ldlidar/share/ldlidar//launch/stl19p.launch.py
[1.568s] -- Up-to-date symlink: /home/wheeltec/wheeltec_ros2/install/ldlidar/share/ldlidar//launch/stl19pnet.launch.py
[1.569s] -- Up-to-date symlink: /home/wheeltec/wheeltec_ros2/install/ldlidar/share/ldlidar//launch/stl26.launch.py
[1.569s] -- Up-to-date symlink: /home/wheeltec/wheeltec_ros2/install/ldlidar/share/ldlidar//launch/stl27l.launch.py
[1.569s] -- Up-to-date symlink: /home/wheeltec/wheeltec_ros2/install/ldlidar/share/ldlidar//launch/viewer_ld06.launch.py
[1.569s] -- Up-to-date symlink: /home/wheeltec/wheeltec_ros2/install/ldlidar/share/ldlidar//launch/viewer_ld19.launch.py
[1.569s] -- Up-to-date symlink: /home/wheeltec/wheeltec_ros2/install/ldlidar/share/ldlidar//launch/viewer_stl06n.launch.py
[1.569s] -- Up-to-date symlink: /home/wheeltec/wheeltec_ros2/install/ldlidar/share/ldlidar//launch/viewer_stl06p.launch.py
[1.569s] -- Up-to-date symlink: /home/wheeltec/wheeltec_ros2/install/ldlidar/share/ldlidar//launch/viewer_stl26.launch.py
[1.570s] -- Up-to-date symlink: /home/wheeltec/wheeltec_ros2/install/ldlidar/share/ldlidar//launch/viewer_stl27l.launch.py
[1.570s] -- Up-to-date symlink: /home/wheeltec/wheeltec_ros2/install/ldlidar/share/ldlidar//rviz2/ldlidar.rviz
[1.571s] -- Up-to-date symlink: /home/wheeltec/wheeltec_ros2/install/ldlidar/share/ament_index/resource_index/package_run_dependencies/ldlidar
[1.571s] -- Up-to-date symlink: /home/wheeltec/wheeltec_ros2/install/ldlidar/share/ament_index/resource_index/parent_prefix_path/ldlidar
[1.571s] -- Up-to-date symlink: /home/wheeltec/wheeltec_ros2/install/ldlidar/share/ldlidar/environment/ament_prefix_path.sh
[1.572s] -- Up-to-date symlink: /home/wheeltec/wheeltec_ros2/install/ldlidar/share/ldlidar/environment/ament_prefix_path.dsv
[1.572s] -- Up-to-date symlink: /home/wheeltec/wheeltec_ros2/install/ldlidar/share/ldlidar/environment/path.sh
[1.572s] -- Up-to-date symlink: /home/wheeltec/wheeltec_ros2/install/ldlidar/share/ldlidar/environment/path.dsv
[1.573s] -- Up-to-date symlink: /home/wheeltec/wheeltec_ros2/install/ldlidar/share/ldlidar/local_setup.bash
[1.573s] -- Up-to-date symlink: /home/wheeltec/wheeltec_ros2/install/ldlidar/share/ldlidar/local_setup.sh
[1.573s] -- Up-to-date symlink: /home/wheeltec/wheeltec_ros2/install/ldlidar/share/ldlidar/local_setup.zsh
[1.573s] -- Up-to-date symlink: /home/wheeltec/wheeltec_ros2/install/ldlidar/share/ldlidar/local_setup.dsv
[1.574s] -- Symlinking: /home/wheeltec/wheeltec_ros2/install/ldlidar/share/ldlidar/package.dsv
[1.675s] -- Up-to-date symlink: /home/wheeltec/wheeltec_ros2/install/ldlidar/share/ament_index/resource_index/packages/ldlidar
[1.675s] -- Up-to-date symlink: /home/wheeltec/wheeltec_ros2/install/ldlidar/share/ldlidar/cmake/ldlidarConfig.cmake
[1.675s] -- Up-to-date symlink: /home/wheeltec/wheeltec_ros2/install/ldlidar/share/ldlidar/cmake/ldlidarConfig-version.cmake
[1.675s] -- Up-to-date symlink: /home/wheeltec/wheeltec_ros2/install/ldlidar/share/ldlidar/package.xml
[1.681s] Invoked command in '/home/wheeltec/wheeltec_ros2/build/ldlidar' returned '0': CMAKE_PREFIX_PATH=${CMAKE_PREFIX_PATH}:/home/wheeltec/wheeltec_ros2/install/simple_follower_ros2:/home/wheeltec/wheeltec_ros2/install/wheeltec_robot_keyboard:/home/wheeltec/wheeltec_ros2/install/wheeltec_dual_rtk_driver:/home/wheeltec/wheeltec_ros2/install/ultralytics_ros2:/home/wheeltec/wheeltec_ros2/install/tf2_tools:/home/wheeltec/wheeltec_ros2/install/ollama_ros_chat:/home/wheeltec/wheeltec_ros2/install/nmea_navsat_driver:/home/wheeltec/wheeltec_ros2/install/nav2_waypoint_cycle:/home/wheeltec/wheeltec_ros2/install/nav2_simple_commander:/home/wheeltec/wheeltec_ros2/install/largemodel:/home/wheeltec/wheeltec_ros2/install/auto_recharge_ros2:/home/wheeltec/autoware/install/autoware_wheeltec_interface:/home/wheeltec/autoware/install/autoware_multi_point:/home/wheeltec/autoware/install/ad_api_visualizers:/opt/ros/humble /usr/bin/cmake --install /home/wheeltec/wheeltec_ros2/build/ldlidar
