[0.103s] Invoking command in '/home/wheeltec/wheeltec_ros2/build/bodyreader_msg': CMAKE_PREFIX_PATH=${CMAKE_PREFIX_PATH}:/home/wheeltec/autoware/install/autoware_wheeltec_interface:/home/wheeltec/autoware/install/ad_api_visualizers:/opt/ros/humble /usr/bin/cmake /home/wheeltec/wheeltec_ros2/src/wheeltec_bodyreader/bodyreader_msg -DAMENT_CMAKE_SYMLINK_INSTALL=1 -DCMAKE_INSTALL_PREFIX=/home/wheeltec/wheeltec_ros2/install/bodyreader_msg
[4.462s] -- The C compiler identification is GNU 11.4.0
[4.463s] -- The CXX compiler identification is GNU 11.4.0
[4.463s] -- Detecting C compiler ABI info
[4.463s] -- Detecting C compiler ABI info - done
[4.463s] -- Check for working C compiler: /usr/bin/cc - skipped
[4.463s] -- Detecting C compile features
[4.463s] -- Detecting C compile features - done
[4.463s] -- Detecting CXX compiler ABI info
[4.463s] -- Detecting CXX compiler ABI info - done
[4.463s] -- Check for working CXX compiler: /usr/bin/c++ - skipped
[4.463s] -- Detecting CXX compile features
[4.463s] -- Detecting CXX compile features - done
[4.464s] -- Found ament_cmake: 1.3.7 (/home/wheeltec/autoware/install/ament_cmake/share/ament_cmake/cmake)
[4.464s] -- Found Python3: /usr/bin/python3.10 (found version "3.10.12") found components: Interpreter 
[4.464s] -- Override CMake install command with custom implementation using symlinks instead of copying resources
[4.464s] -- Found sensor_msgs: 4.2.4 (/opt/ros/humble/share/sensor_msgs/cmake)
[4.464s] -- Found rosidl_generator_c: 3.1.6 (/opt/ros/humble/share/rosidl_generator_c/cmake)
[4.464s] -- Found rosidl_adapter: 3.1.6 (/opt/ros/humble/share/rosidl_adapter/cmake)
[4.464s] -- Found rosidl_generator_cpp: 3.1.6 (/opt/ros/humble/share/rosidl_generator_cpp/cmake)
[4.464s] -- Using all available rosidl_typesupport_c: rosidl_typesupport_fastrtps_c;rosidl_typesupport_introspection_c
[4.480s] -- Using all available rosidl_typesupport_cpp: rosidl_typesupport_fastrtps_cpp;rosidl_typesupport_introspection_cpp
[4.869s] -- Found rosidl_default_generators: 1.2.0 (/opt/ros/humble/share/rosidl_default_generators/cmake)
[6.132s] -- Found ament_cmake_cppcheck: 0.12.11 (/opt/ros/humble/share/ament_cmake_cppcheck/cmake)
[6.231s] -- Found ament_cmake_cpplint: 0.12.11 (/opt/ros/humble/share/ament_cmake_cpplint/cmake)
[6.309s] -- Found ament_cmake_uncrustify: 0.12.11 (/opt/ros/humble/share/ament_cmake_uncrustify/cmake)
[6.380s] -- Found ament_cmake_ros: 0.10.0 (/opt/ros/humble/share/ament_cmake_ros/cmake)
[7.748s] -- Using all available rosidl_typesupport_c: rosidl_typesupport_fastrtps_c;rosidl_typesupport_introspection_c
[8.248s] -- Using all available rosidl_typesupport_cpp: rosidl_typesupport_fastrtps_cpp;rosidl_typesupport_introspection_cpp
[8.357s] -- Found PythonInterp: /usr/bin/python3 (found suitable version "3.10.12", minimum required is "3.6") 
[8.413s] -- Found python_cmake_module: 0.10.0 (/opt/ros/humble/share/python_cmake_module/cmake)
[8.538s] -- Found PythonLibs: /usr/lib/aarch64-linux-gnu/libpython3.10.so (found suitable version "3.10.12", minimum required is "3.5") 
[8.538s] -- Using PYTHON_EXECUTABLE: /usr/bin/python3
[8.539s] -- Using PYTHON_INCLUDE_DIRS: /usr/include/python3.10
[8.539s] -- Using PYTHON_LIBRARIES: /usr/lib/aarch64-linux-gnu/libpython3.10.so
[8.623s] -- Found PythonExtra: .so  
[9.737s] -- Found ament_cmake_flake8: 0.12.11 (/opt/ros/humble/share/ament_cmake_flake8/cmake)
[9.799s] -- Found ament_cmake_pep257: 0.12.11 (/opt/ros/humble/share/ament_cmake_pep257/cmake)
[9.830s] -- Configuring done
[9.904s] -- Generating done
[9.923s] -- Build files have been written to: /home/wheeltec/wheeltec_ros2/build/bodyreader_msg
[9.954s] Invoked command in '/home/wheeltec/wheeltec_ros2/build/bodyreader_msg' returned '0': CMAKE_PREFIX_PATH=${CMAKE_PREFIX_PATH}:/home/wheeltec/autoware/install/autoware_wheeltec_interface:/home/wheeltec/autoware/install/ad_api_visualizers:/opt/ros/humble /usr/bin/cmake /home/wheeltec/wheeltec_ros2/src/wheeltec_bodyreader/bodyreader_msg -DAMENT_CMAKE_SYMLINK_INSTALL=1 -DCMAKE_INSTALL_PREFIX=/home/wheeltec/wheeltec_ros2/install/bodyreader_msg
[9.956s] Invoking command in '/home/wheeltec/wheeltec_ros2/build/bodyreader_msg': CMAKE_PREFIX_PATH=${CMAKE_PREFIX_PATH}:/home/wheeltec/autoware/install/autoware_wheeltec_interface:/home/wheeltec/autoware/install/ad_api_visualizers:/opt/ros/humble /usr/bin/cmake --build /home/wheeltec/wheeltec_ros2/build/bodyreader_msg -- -j6 -l6
[19.424s] [  1%] [34m[1mGenerating C code for ROS interfaces[0m
[19.424s] [  2%] [32mBuilding C object CMakeFiles/bodyreader_msg__rosidl_generator_c.dir/rosidl_generator_c/bodyreader_msg/msg/detail/body__functions.c.o[0m
[19.424s] [  3%] [32mBuilding C object CMakeFiles/bodyreader_msg__rosidl_generator_c.dir/rosidl_generator_c/bodyreader_msg/msg/detail/joint__functions.c.o[0m
[19.424s] [  4%] [32mBuilding C object CMakeFiles/bodyreader_msg__rosidl_generator_c.dir/rosidl_generator_c/bodyreader_msg/msg/detail/lockedcharrgb__functions.c.o[0m
[19.425s] [  5%] [32mBuilding C object CMakeFiles/bodyreader_msg__rosidl_generator_c.dir/rosidl_generator_c/bodyreader_msg/msg/detail/lockedmaskwh__functions.c.o[0m
[19.425s] [  6%] [32mBuilding C object CMakeFiles/bodyreader_msg__rosidl_generator_c.dir/rosidl_generator_c/bodyreader_msg/msg/detail/maskdata__functions.c.o[0m
[19.425s] [  7%] [32mBuilding C object CMakeFiles/bodyreader_msg__rosidl_generator_c.dir/rosidl_generator_c/bodyreader_msg/msg/detail/vector2f__functions.c.o[0m
[19.425s] [  8%] [32mBuilding C object CMakeFiles/bodyreader_msg__rosidl_generator_c.dir/rosidl_generator_c/bodyreader_msg/msg/detail/vector3f__functions.c.o[0m
[19.425s] [  9%] [32mBuilding C object CMakeFiles/bodyreader_msg__rosidl_generator_c.dir/rosidl_generator_c/bodyreader_msg/msg/detail/bodyposture__functions.c.o[0m
[19.425s] [ 10%] [32mBuilding C object CMakeFiles/bodyreader_msg__rosidl_generator_c.dir/rosidl_generator_c/bodyreader_msg/msg/detail/bodylist__functions.c.o[0m
[19.425s] [ 11%] [32m[1mLinking C shared library libbodyreader_msg__rosidl_generator_c.so[0m
[19.425s] [ 11%] Built target bodyreader_msg__rosidl_generator_c
[19.425s] [ 11%] Built target ament_cmake_python_symlink_bodyreader_msg
[19.425s] [ 12%] [34m[1mGenerating C introspection for ROS interfaces[0m
[19.886s] [ 13%] [32mBuilding C object CMakeFiles/bodyreader_msg__rosidl_typesupport_introspection_c.dir/rosidl_typesupport_introspection_c/bodyreader_msg/msg/detail/body__type_support.c.o[0m
[20.068s] [ 14%] [32mBuilding C object CMakeFiles/bodyreader_msg__rosidl_typesupport_introspection_c.dir/rosidl_typesupport_introspection_c/bodyreader_msg/msg/detail/bodylist__type_support.c.o[0m
[20.242s] [ 15%] [32mBuilding C object CMakeFiles/bodyreader_msg__rosidl_typesupport_introspection_c.dir/rosidl_typesupport_introspection_c/bodyreader_msg/msg/detail/bodyposture__type_support.c.o[0m
[20.456s] [ 16%] [32mBuilding C object CMakeFiles/bodyreader_msg__rosidl_typesupport_introspection_c.dir/rosidl_typesupport_introspection_c/bodyreader_msg/msg/detail/joint__type_support.c.o[0m
[20.631s] [ 17%] [32mBuilding C object CMakeFiles/bodyreader_msg__rosidl_typesupport_introspection_c.dir/rosidl_typesupport_introspection_c/bodyreader_msg/msg/detail/lockedcharrgb__type_support.c.o[0m
[20.799s] [ 18%] [32mBuilding C object CMakeFiles/bodyreader_msg__rosidl_typesupport_introspection_c.dir/rosidl_typesupport_introspection_c/bodyreader_msg/msg/detail/lockedmaskwh__type_support.c.o[0m
[20.988s] [ 20%] [32mBuilding C object CMakeFiles/bodyreader_msg__rosidl_typesupport_introspection_c.dir/rosidl_typesupport_introspection_c/bodyreader_msg/msg/detail/maskdata__type_support.c.o[0m
[21.177s] [ 21%] [32mBuilding C object CMakeFiles/bodyreader_msg__rosidl_typesupport_introspection_c.dir/rosidl_typesupport_introspection_c/bodyreader_msg/msg/detail/vector2f__type_support.c.o[0m
[21.377s] [ 22%] [32mBuilding C object CMakeFiles/bodyreader_msg__rosidl_typesupport_introspection_c.dir/rosidl_typesupport_introspection_c/bodyreader_msg/msg/detail/vector3f__type_support.c.o[0m
[21.530s] [ 23%] [32m[1mLinking C shared library libbodyreader_msg__rosidl_typesupport_introspection_c.so[0m
[21.874s] [ 23%] Built target bodyreader_msg__rosidl_typesupport_introspection_c
[22.642s] running egg_info
[22.644s] creating bodyreader_msg.egg-info
[22.645s] writing bodyreader_msg.egg-info/PKG-INFO
[22.646s] writing dependency_links to bodyreader_msg.egg-info/dependency_links.txt
[22.646s] writing top-level names to bodyreader_msg.egg-info/top_level.txt
[22.652s] writing manifest file 'bodyreader_msg.egg-info/SOURCES.txt'
[22.657s] reading manifest file 'bodyreader_msg.egg-info/SOURCES.txt'
[22.659s] writing manifest file 'bodyreader_msg.egg-info/SOURCES.txt'
[22.812s] [ 23%] Built target ament_cmake_python_build_bodyreader_msg_egg
[22.909s] [ 24%] [34m[1mGenerating C type support for eProsima Fast-RTPS[0m
[25.263s] [ 25%] [32mBuilding CXX object CMakeFiles/bodyreader_msg__rosidl_typesupport_fastrtps_c.dir/rosidl_typesupport_fastrtps_c/bodyreader_msg/msg/detail/body__type_support_c.cpp.o[0m
[25.980s] [ 26%] [32mBuilding CXX object CMakeFiles/bodyreader_msg__rosidl_typesupport_fastrtps_c.dir/rosidl_typesupport_fastrtps_c/bodyreader_msg/msg/detail/joint__type_support_c.cpp.o[0m
[26.662s] [ 27%] [32mBuilding CXX object CMakeFiles/bodyreader_msg__rosidl_typesupport_fastrtps_c.dir/rosidl_typesupport_fastrtps_c/bodyreader_msg/msg/detail/lockedcharrgb__type_support_c.cpp.o[0m
[27.360s] [ 28%] [32mBuilding CXX object CMakeFiles/bodyreader_msg__rosidl_typesupport_fastrtps_c.dir/rosidl_typesupport_fastrtps_c/bodyreader_msg/msg/detail/lockedmaskwh__type_support_c.cpp.o[0m
[28.047s] [ 29%] [32mBuilding CXX object CMakeFiles/bodyreader_msg__rosidl_typesupport_fastrtps_c.dir/rosidl_typesupport_fastrtps_c/bodyreader_msg/msg/detail/maskdata__type_support_c.cpp.o[0m
[28.744s] [ 30%] [32mBuilding CXX object CMakeFiles/bodyreader_msg__rosidl_typesupport_fastrtps_c.dir/rosidl_typesupport_fastrtps_c/bodyreader_msg/msg/detail/vector2f__type_support_c.cpp.o[0m
[29.467s] [ 31%] [32mBuilding CXX object CMakeFiles/bodyreader_msg__rosidl_typesupport_fastrtps_c.dir/rosidl_typesupport_fastrtps_c/bodyreader_msg/msg/detail/vector3f__type_support_c.cpp.o[0m
[30.192s] [ 32%] [32mBuilding CXX object CMakeFiles/bodyreader_msg__rosidl_typesupport_fastrtps_c.dir/rosidl_typesupport_fastrtps_c/bodyreader_msg/msg/detail/bodyposture__type_support_c.cpp.o[0m
[30.908s] [ 33%] [32mBuilding CXX object CMakeFiles/bodyreader_msg__rosidl_typesupport_fastrtps_c.dir/rosidl_typesupport_fastrtps_c/bodyreader_msg/msg/detail/bodylist__type_support_c.cpp.o[0m
[31.612s] [ 34%] [32m[1mLinking CXX shared library libbodyreader_msg__rosidl_typesupport_fastrtps_c.so[0m
[31.911s] [ 34%] Built target bodyreader_msg__rosidl_typesupport_fastrtps_c
[31.996s] [ 35%] [34m[1mGenerating C type support dispatch for ROS interfaces[0m
[33.463s] [ 36%] [32mBuilding CXX object CMakeFiles/bodyreader_msg__rosidl_typesupport_c.dir/rosidl_typesupport_c/bodyreader_msg/msg/body__type_support.cpp.o[0m
[33.624s] [ 37%] [32mBuilding CXX object CMakeFiles/bodyreader_msg__rosidl_typesupport_c.dir/rosidl_typesupport_c/bodyreader_msg/msg/lockedcharrgb__type_support.cpp.o[0m
[33.793s] [ 38%] [32mBuilding CXX object CMakeFiles/bodyreader_msg__rosidl_typesupport_c.dir/rosidl_typesupport_c/bodyreader_msg/msg/lockedmaskwh__type_support.cpp.o[0m
[33.945s] [ 40%] [32mBuilding CXX object CMakeFiles/bodyreader_msg__rosidl_typesupport_c.dir/rosidl_typesupport_c/bodyreader_msg/msg/maskdata__type_support.cpp.o[0m
[34.112s] [ 41%] [32mBuilding CXX object CMakeFiles/bodyreader_msg__rosidl_typesupport_c.dir/rosidl_typesupport_c/bodyreader_msg/msg/vector2f__type_support.cpp.o[0m
[34.311s] [ 42%] [32mBuilding CXX object CMakeFiles/bodyreader_msg__rosidl_typesupport_c.dir/rosidl_typesupport_c/bodyreader_msg/msg/vector3f__type_support.cpp.o[0m
[34.498s] [ 43%] [32mBuilding CXX object CMakeFiles/bodyreader_msg__rosidl_typesupport_c.dir/rosidl_typesupport_c/bodyreader_msg/msg/joint__type_support.cpp.o[0m
[34.683s] [ 44%] [32mBuilding CXX object CMakeFiles/bodyreader_msg__rosidl_typesupport_c.dir/rosidl_typesupport_c/bodyreader_msg/msg/bodyposture__type_support.cpp.o[0m
[34.866s] [ 45%] [32mBuilding CXX object CMakeFiles/bodyreader_msg__rosidl_typesupport_c.dir/rosidl_typesupport_c/bodyreader_msg/msg/bodylist__type_support.cpp.o[0m
[35.048s] [ 46%] [32m[1mLinking CXX shared library libbodyreader_msg__rosidl_typesupport_c.so[0m
[35.263s] [ 46%] Built target bodyreader_msg__rosidl_typesupport_c
[35.453s] [ 47%] [34m[1mGenerating C++ code for ROS interfaces[0m
[39.648s] [ 47%] Built target bodyreader_msg__cpp
[39.762s] [ 48%] [34m[1mGenerating C++ introspection for ROS interfaces[0m
[41.989s] [ 49%] [32mBuilding CXX object CMakeFiles/bodyreader_msg__rosidl_typesupport_introspection_cpp.dir/rosidl_typesupport_introspection_cpp/bodyreader_msg/msg/detail/body__type_support.cpp.o[0m
[42.888s] [ 50%] [32mBuilding CXX object CMakeFiles/bodyreader_msg__rosidl_typesupport_introspection_cpp.dir/rosidl_typesupport_introspection_cpp/bodyreader_msg/msg/detail/joint__type_support.cpp.o[0m
[43.750s] [ 51%] [32mBuilding CXX object CMakeFiles/bodyreader_msg__rosidl_typesupport_introspection_cpp.dir/rosidl_typesupport_introspection_cpp/bodyreader_msg/msg/detail/lockedcharrgb__type_support.cpp.o[0m
[44.615s] [ 52%] [32mBuilding CXX object CMakeFiles/bodyreader_msg__rosidl_typesupport_introspection_cpp.dir/rosidl_typesupport_introspection_cpp/bodyreader_msg/msg/detail/lockedmaskwh__type_support.cpp.o[0m
[45.553s] [ 53%] [32mBuilding CXX object CMakeFiles/bodyreader_msg__rosidl_typesupport_introspection_cpp.dir/rosidl_typesupport_introspection_cpp/bodyreader_msg/msg/detail/maskdata__type_support.cpp.o[0m
[46.443s] [ 54%] [32mBuilding CXX object CMakeFiles/bodyreader_msg__rosidl_typesupport_introspection_cpp.dir/rosidl_typesupport_introspection_cpp/bodyreader_msg/msg/detail/vector2f__type_support.cpp.o[0m
[47.220s] [ 55%] [32mBuilding CXX object CMakeFiles/bodyreader_msg__rosidl_typesupport_introspection_cpp.dir/rosidl_typesupport_introspection_cpp/bodyreader_msg/msg/detail/vector3f__type_support.cpp.o[0m
[47.995s] [ 56%] [32mBuilding CXX object CMakeFiles/bodyreader_msg__rosidl_typesupport_introspection_cpp.dir/rosidl_typesupport_introspection_cpp/bodyreader_msg/msg/detail/bodyposture__type_support.cpp.o[0m
[48.751s] [ 57%] [32mBuilding CXX object CMakeFiles/bodyreader_msg__rosidl_typesupport_introspection_cpp.dir/rosidl_typesupport_introspection_cpp/bodyreader_msg/msg/detail/bodylist__type_support.cpp.o[0m
[49.544s] [ 58%] [32m[1mLinking CXX shared library libbodyreader_msg__rosidl_typesupport_introspection_cpp.so[0m
[49.835s] [ 58%] Built target bodyreader_msg__rosidl_typesupport_introspection_cpp
[49.931s] [ 60%] [34m[1mGenerating C++ type support for eProsima Fast-RTPS[0m
[52.236s] [ 61%] [32mBuilding CXX object CMakeFiles/bodyreader_msg__rosidl_typesupport_fastrtps_cpp.dir/rosidl_typesupport_fastrtps_cpp/bodyreader_msg/msg/detail/dds_fastrtps/body__type_support.cpp.o[0m
[53.024s] [ 62%] [32mBuilding CXX object CMakeFiles/bodyreader_msg__rosidl_typesupport_fastrtps_cpp.dir/rosidl_typesupport_fastrtps_cpp/bodyreader_msg/msg/detail/dds_fastrtps/lockedcharrgb__type_support.cpp.o[0m
[53.804s] [ 63%] [32mBuilding CXX object CMakeFiles/bodyreader_msg__rosidl_typesupport_fastrtps_cpp.dir/rosidl_typesupport_fastrtps_cpp/bodyreader_msg/msg/detail/dds_fastrtps/lockedmaskwh__type_support.cpp.o[0m
[54.603s] [ 64%] [32mBuilding CXX object CMakeFiles/bodyreader_msg__rosidl_typesupport_fastrtps_cpp.dir/rosidl_typesupport_fastrtps_cpp/bodyreader_msg/msg/detail/dds_fastrtps/maskdata__type_support.cpp.o[0m
[55.447s] [ 65%] [32mBuilding CXX object CMakeFiles/bodyreader_msg__rosidl_typesupport_fastrtps_cpp.dir/rosidl_typesupport_fastrtps_cpp/bodyreader_msg/msg/detail/dds_fastrtps/vector2f__type_support.cpp.o[0m
[56.263s] [ 66%] [32mBuilding CXX object CMakeFiles/bodyreader_msg__rosidl_typesupport_fastrtps_cpp.dir/rosidl_typesupport_fastrtps_cpp/bodyreader_msg/msg/detail/dds_fastrtps/vector3f__type_support.cpp.o[0m
[57.046s] [ 67%] [32mBuilding CXX object CMakeFiles/bodyreader_msg__rosidl_typesupport_fastrtps_cpp.dir/rosidl_typesupport_fastrtps_cpp/bodyreader_msg/msg/detail/dds_fastrtps/joint__type_support.cpp.o[0m
[57.917s] [ 68%] [32mBuilding CXX object CMakeFiles/bodyreader_msg__rosidl_typesupport_fastrtps_cpp.dir/rosidl_typesupport_fastrtps_cpp/bodyreader_msg/msg/detail/dds_fastrtps/bodyposture__type_support.cpp.o[0m
[58.748s] [ 69%] [32mBuilding CXX object CMakeFiles/bodyreader_msg__rosidl_typesupport_fastrtps_cpp.dir/rosidl_typesupport_fastrtps_cpp/bodyreader_msg/msg/detail/dds_fastrtps/bodylist__type_support.cpp.o[0m
[59.582s] [ 70%] [32m[1mLinking CXX shared library libbodyreader_msg__rosidl_typesupport_fastrtps_cpp.so[0m
[59.972s] [ 70%] Built target bodyreader_msg__rosidl_typesupport_fastrtps_cpp
[60.072s] [ 71%] [34m[1mGenerating C++ type support dispatch for ROS interfaces[0m
[61.628s] [ 72%] [32mBuilding CXX object CMakeFiles/bodyreader_msg__rosidl_typesupport_cpp.dir/rosidl_typesupport_cpp/bodyreader_msg/msg/body__type_support.cpp.o[0m
[62.216s] [ 73%] [32mBuilding CXX object CMakeFiles/bodyreader_msg__rosidl_typesupport_cpp.dir/rosidl_typesupport_cpp/bodyreader_msg/msg/lockedmaskwh__type_support.cpp.o[0m
[62.872s] [ 74%] [32mBuilding CXX object CMakeFiles/bodyreader_msg__rosidl_typesupport_cpp.dir/rosidl_typesupport_cpp/bodyreader_msg/msg/maskdata__type_support.cpp.o[0m
[63.429s] [ 75%] [32mBuilding CXX object CMakeFiles/bodyreader_msg__rosidl_typesupport_cpp.dir/rosidl_typesupport_cpp/bodyreader_msg/msg/vector2f__type_support.cpp.o[0m
[63.991s] [ 76%] [32mBuilding CXX object CMakeFiles/bodyreader_msg__rosidl_typesupport_cpp.dir/rosidl_typesupport_cpp/bodyreader_msg/msg/vector3f__type_support.cpp.o[0m
[64.555s] [ 77%] [32mBuilding CXX object CMakeFiles/bodyreader_msg__rosidl_typesupport_cpp.dir/rosidl_typesupport_cpp/bodyreader_msg/msg/lockedcharrgb__type_support.cpp.o[0m
[65.121s] [ 78%] [32mBuilding CXX object CMakeFiles/bodyreader_msg__rosidl_typesupport_cpp.dir/rosidl_typesupport_cpp/bodyreader_msg/msg/joint__type_support.cpp.o[0m
[65.734s] [ 80%] [32mBuilding CXX object CMakeFiles/bodyreader_msg__rosidl_typesupport_cpp.dir/rosidl_typesupport_cpp/bodyreader_msg/msg/bodyposture__type_support.cpp.o[0m
[66.314s] [ 81%] [32mBuilding CXX object CMakeFiles/bodyreader_msg__rosidl_typesupport_cpp.dir/rosidl_typesupport_cpp/bodyreader_msg/msg/bodylist__type_support.cpp.o[0m
[66.881s] [ 82%] [32m[1mLinking CXX shared library libbodyreader_msg__rosidl_typesupport_cpp.so[0m
[67.091s] [ 82%] Built target bodyreader_msg__rosidl_typesupport_cpp
[67.275s] [ 82%] Built target bodyreader_msg
[67.459s] [ 83%] [34m[1mGenerating Python code for ROS interfaces[0m
[70.715s] [ 83%] Built target bodyreader_msg__py
[70.898s] [ 84%] [32mBuilding C object CMakeFiles/bodyreader_msg__rosidl_generator_py.dir/rosidl_generator_py/bodyreader_msg/msg/_body_s.c.o[0m
[71.177s] [ 85%] [32mBuilding C object CMakeFiles/bodyreader_msg__rosidl_generator_py.dir/rosidl_generator_py/bodyreader_msg/msg/_lockedmaskwh_s.c.o[0m
[71.454s] [ 86%] [32mBuilding C object CMakeFiles/bodyreader_msg__rosidl_generator_py.dir/rosidl_generator_py/bodyreader_msg/msg/_maskdata_s.c.o[0m
[71.725s] [ 87%] [32mBuilding C object CMakeFiles/bodyreader_msg__rosidl_generator_py.dir/rosidl_generator_py/bodyreader_msg/msg/_vector2f_s.c.o[0m
[72.001s] [ 88%] [32mBuilding C object CMakeFiles/bodyreader_msg__rosidl_generator_py.dir/rosidl_generator_py/bodyreader_msg/msg/_vector3f_s.c.o[0m
[72.313s] [ 89%] [32mBuilding C object CMakeFiles/bodyreader_msg__rosidl_generator_py.dir/rosidl_generator_py/bodyreader_msg/msg/_lockedcharrgb_s.c.o[0m
[72.592s] [ 90%] [32mBuilding C object CMakeFiles/bodyreader_msg__rosidl_generator_py.dir/rosidl_generator_py/bodyreader_msg/msg/_joint_s.c.o[0m
[72.895s] [ 91%] [32mBuilding C object CMakeFiles/bodyreader_msg__rosidl_generator_py.dir/rosidl_generator_py/bodyreader_msg/msg/_bodyposture_s.c.o[0m
[73.201s] [ 92%] [32mBuilding C object CMakeFiles/bodyreader_msg__rosidl_generator_py.dir/rosidl_generator_py/bodyreader_msg/msg/_bodylist_s.c.o[0m
[73.478s] [ 93%] [32m[1mLinking C shared library rosidl_generator_py/bodyreader_msg/libbodyreader_msg__rosidl_generator_py.so[0m
[73.681s] [ 93%] Built target bodyreader_msg__rosidl_generator_py
[73.849s] [ 94%] [32mBuilding C object CMakeFiles/bodyreader_msg__rosidl_typesupport_fastrtps_c__pyext.dir/rosidl_generator_py/bodyreader_msg/_bodyreader_msg_s.ep.rosidl_typesupport_fastrtps_c.c.o[0m
[74.196s] [ 95%] [32m[1mLinking C shared library rosidl_generator_py/bodyreader_msg/bodyreader_msg_s__rosidl_typesupport_fastrtps_c.cpython-310-aarch64-linux-gnu.so[0m
[74.443s] [ 95%] Built target bodyreader_msg__rosidl_typesupport_fastrtps_c__pyext
[74.632s] [ 96%] [32mBuilding C object CMakeFiles/bodyreader_msg__rosidl_typesupport_c__pyext.dir/rosidl_generator_py/bodyreader_msg/_bodyreader_msg_s.ep.rosidl_typesupport_c.c.o[0m
[74.930s] [ 97%] [32m[1mLinking C shared library rosidl_generator_py/bodyreader_msg/bodyreader_msg_s__rosidl_typesupport_c.cpython-310-aarch64-linux-gnu.so[0m
[75.189s] [ 97%] Built target bodyreader_msg__rosidl_typesupport_c__pyext
[75.392s] [ 98%] [32mBuilding C object CMakeFiles/bodyreader_msg__rosidl_typesupport_introspection_c__pyext.dir/rosidl_generator_py/bodyreader_msg/_bodyreader_msg_s.ep.rosidl_typesupport_introspection_c.c.o[0m
[75.722s] [100%] [32m[1mLinking C shared library rosidl_generator_py/bodyreader_msg/bodyreader_msg_s__rosidl_typesupport_introspection_c.cpython-310-aarch64-linux-gnu.so[0m
[76.013s] [100%] Built target bodyreader_msg__rosidl_typesupport_introspection_c__pyext
[76.145s] Invoked command in '/home/wheeltec/wheeltec_ros2/build/bodyreader_msg' returned '0': CMAKE_PREFIX_PATH=${CMAKE_PREFIX_PATH}:/home/wheeltec/autoware/install/autoware_wheeltec_interface:/home/wheeltec/autoware/install/ad_api_visualizers:/opt/ros/humble /usr/bin/cmake --build /home/wheeltec/wheeltec_ros2/build/bodyreader_msg -- -j6 -l6
[76.147s] Invoking command in '/home/wheeltec/wheeltec_ros2/build/bodyreader_msg': CMAKE_PREFIX_PATH=${CMAKE_PREFIX_PATH}:/home/wheeltec/autoware/install/autoware_wheeltec_interface:/home/wheeltec/autoware/install/ad_api_visualizers:/opt/ros/humble /usr/bin/cmake --install /home/wheeltec/wheeltec_ros2/build/bodyreader_msg
[79.039s] -- Install configuration: ""
[79.039s] -- Execute custom install script
[79.039s] -- Symlinking: /home/wheeltec/wheeltec_ros2/install/bodyreader_msg/share/ament_index/resource_index/rosidl_interfaces/bodyreader_msg
[79.039s] -- Symlinking: /home/wheeltec/wheeltec_ros2/install/bodyreader_msg/include/bodyreader_msg/bodyreader_msg/msg/body.h
[79.039s] -- Symlinking: /home/wheeltec/wheeltec_ros2/install/bodyreader_msg/include/bodyreader_msg/bodyreader_msg/msg/bodylist.h
[79.039s] -- Symlinking: /home/wheeltec/wheeltec_ros2/install/bodyreader_msg/include/bodyreader_msg/bodyreader_msg/msg/bodyposture.h
[79.039s] -- Symlinking: /home/wheeltec/wheeltec_ros2/install/bodyreader_msg/include/bodyreader_msg/bodyreader_msg/msg/detail/body__functions.h
[79.039s] -- Symlinking: /home/wheeltec/wheeltec_ros2/install/bodyreader_msg/include/bodyreader_msg/bodyreader_msg/msg/detail/body__struct.h
[79.040s] -- Symlinking: /home/wheeltec/wheeltec_ros2/install/bodyreader_msg/include/bodyreader_msg/bodyreader_msg/msg/detail/body__type_support.h
[79.040s] -- Symlinking: /home/wheeltec/wheeltec_ros2/install/bodyreader_msg/include/bodyreader_msg/bodyreader_msg/msg/detail/bodylist__functions.h
[79.040s] -- Symlinking: /home/wheeltec/wheeltec_ros2/install/bodyreader_msg/include/bodyreader_msg/bodyreader_msg/msg/detail/bodylist__struct.h
[79.040s] -- Symlinking: /home/wheeltec/wheeltec_ros2/install/bodyreader_msg/include/bodyreader_msg/bodyreader_msg/msg/detail/bodylist__type_support.h
[79.040s] -- Symlinking: /home/wheeltec/wheeltec_ros2/install/bodyreader_msg/include/bodyreader_msg/bodyreader_msg/msg/detail/bodyposture__functions.h
[79.040s] -- Symlinking: /home/wheeltec/wheeltec_ros2/install/bodyreader_msg/include/bodyreader_msg/bodyreader_msg/msg/detail/bodyposture__struct.h
[79.040s] -- Symlinking: /home/wheeltec/wheeltec_ros2/install/bodyreader_msg/include/bodyreader_msg/bodyreader_msg/msg/detail/bodyposture__type_support.h
[79.040s] -- Symlinking: /home/wheeltec/wheeltec_ros2/install/bodyreader_msg/include/bodyreader_msg/bodyreader_msg/msg/detail/joint__functions.h
[79.040s] -- Symlinking: /home/wheeltec/wheeltec_ros2/install/bodyreader_msg/include/bodyreader_msg/bodyreader_msg/msg/detail/joint__struct.h
[79.040s] -- Symlinking: /home/wheeltec/wheeltec_ros2/install/bodyreader_msg/include/bodyreader_msg/bodyreader_msg/msg/detail/joint__type_support.h
[79.041s] -- Symlinking: /home/wheeltec/wheeltec_ros2/install/bodyreader_msg/include/bodyreader_msg/bodyreader_msg/msg/detail/lockedcharrgb__functions.h
[79.041s] -- Symlinking: /home/wheeltec/wheeltec_ros2/install/bodyreader_msg/include/bodyreader_msg/bodyreader_msg/msg/detail/lockedcharrgb__struct.h
[79.041s] -- Symlinking: /home/wheeltec/wheeltec_ros2/install/bodyreader_msg/include/bodyreader_msg/bodyreader_msg/msg/detail/lockedcharrgb__type_support.h
[79.041s] -- Symlinking: /home/wheeltec/wheeltec_ros2/install/bodyreader_msg/include/bodyreader_msg/bodyreader_msg/msg/detail/lockedmaskwh__functions.h
[79.041s] -- Symlinking: /home/wheeltec/wheeltec_ros2/install/bodyreader_msg/include/bodyreader_msg/bodyreader_msg/msg/detail/lockedmaskwh__struct.h
[79.041s] -- Symlinking: /home/wheeltec/wheeltec_ros2/install/bodyreader_msg/include/bodyreader_msg/bodyreader_msg/msg/detail/lockedmaskwh__type_support.h
[79.041s] -- Symlinking: /home/wheeltec/wheeltec_ros2/install/bodyreader_msg/include/bodyreader_msg/bodyreader_msg/msg/detail/maskdata__functions.h
[79.041s] -- Symlinking: /home/wheeltec/wheeltec_ros2/install/bodyreader_msg/include/bodyreader_msg/bodyreader_msg/msg/detail/maskdata__struct.h
[79.041s] -- Symlinking: /home/wheeltec/wheeltec_ros2/install/bodyreader_msg/include/bodyreader_msg/bodyreader_msg/msg/detail/maskdata__type_support.h
[79.041s] -- Symlinking: /home/wheeltec/wheeltec_ros2/install/bodyreader_msg/include/bodyreader_msg/bodyreader_msg/msg/detail/vector2f__functions.h
[79.041s] -- Symlinking: /home/wheeltec/wheeltec_ros2/install/bodyreader_msg/include/bodyreader_msg/bodyreader_msg/msg/detail/vector2f__struct.h
[79.041s] -- Symlinking: /home/wheeltec/wheeltec_ros2/install/bodyreader_msg/include/bodyreader_msg/bodyreader_msg/msg/detail/vector2f__type_support.h
[79.042s] -- Symlinking: /home/wheeltec/wheeltec_ros2/install/bodyreader_msg/include/bodyreader_msg/bodyreader_msg/msg/detail/vector3f__functions.h
[79.042s] -- Symlinking: /home/wheeltec/wheeltec_ros2/install/bodyreader_msg/include/bodyreader_msg/bodyreader_msg/msg/detail/vector3f__struct.h
[79.042s] -- Symlinking: /home/wheeltec/wheeltec_ros2/install/bodyreader_msg/include/bodyreader_msg/bodyreader_msg/msg/detail/vector3f__type_support.h
[79.043s] -- Symlinking: /home/wheeltec/wheeltec_ros2/install/bodyreader_msg/include/bodyreader_msg/bodyreader_msg/msg/joint.h
[79.043s] -- Symlinking: /home/wheeltec/wheeltec_ros2/install/bodyreader_msg/include/bodyreader_msg/bodyreader_msg/msg/lockedcharrgb.h
[79.125s] -- Symlinking: /home/wheeltec/wheeltec_ros2/install/bodyreader_msg/include/bodyreader_msg/bodyreader_msg/msg/lockedmaskwh.h
[79.209s] -- Symlinking: /home/wheeltec/wheeltec_ros2/install/bodyreader_msg/include/bodyreader_msg/bodyreader_msg/msg/maskdata.h
[79.304s] -- Symlinking: /home/wheeltec/wheeltec_ros2/install/bodyreader_msg/include/bodyreader_msg/bodyreader_msg/msg/rosidl_generator_c__visibility_control.h
[79.372s] -- Symlinking: /home/wheeltec/wheeltec_ros2/install/bodyreader_msg/include/bodyreader_msg/bodyreader_msg/msg/vector2f.h
[79.473s] -- Symlinking: /home/wheeltec/wheeltec_ros2/install/bodyreader_msg/include/bodyreader_msg/bodyreader_msg/msg/vector3f.h
[79.576s] -- Symlinking: /home/wheeltec/wheeltec_ros2/install/bodyreader_msg/share/bodyreader_msg/environment/library_path.sh
[79.674s] -- Symlinking: /home/wheeltec/wheeltec_ros2/install/bodyreader_msg/share/bodyreader_msg/environment/library_path.dsv
[79.754s] -- Symlinking: /home/wheeltec/wheeltec_ros2/install/bodyreader_msg/include/bodyreader_msg/bodyreader_msg/msg/detail/body__rosidl_typesupport_fastrtps_c.h
[79.844s] -- Symlinking: /home/wheeltec/wheeltec_ros2/install/bodyreader_msg/include/bodyreader_msg/bodyreader_msg/msg/detail/bodylist__rosidl_typesupport_fastrtps_c.h
[79.917s] -- Symlinking: /home/wheeltec/wheeltec_ros2/install/bodyreader_msg/include/bodyreader_msg/bodyreader_msg/msg/detail/bodyposture__rosidl_typesupport_fastrtps_c.h
[79.999s] -- Symlinking: /home/wheeltec/wheeltec_ros2/install/bodyreader_msg/include/bodyreader_msg/bodyreader_msg/msg/detail/joint__rosidl_typesupport_fastrtps_c.h
[80.072s] -- Symlinking: /home/wheeltec/wheeltec_ros2/install/bodyreader_msg/include/bodyreader_msg/bodyreader_msg/msg/detail/lockedcharrgb__rosidl_typesupport_fastrtps_c.h
[80.138s] -- Symlinking: /home/wheeltec/wheeltec_ros2/install/bodyreader_msg/include/bodyreader_msg/bodyreader_msg/msg/detail/lockedmaskwh__rosidl_typesupport_fastrtps_c.h
[80.216s] -- Symlinking: /home/wheeltec/wheeltec_ros2/install/bodyreader_msg/include/bodyreader_msg/bodyreader_msg/msg/detail/maskdata__rosidl_typesupport_fastrtps_c.h
[80.298s] -- Symlinking: /home/wheeltec/wheeltec_ros2/install/bodyreader_msg/include/bodyreader_msg/bodyreader_msg/msg/detail/vector2f__rosidl_typesupport_fastrtps_c.h
[80.372s] -- Symlinking: /home/wheeltec/wheeltec_ros2/install/bodyreader_msg/include/bodyreader_msg/bodyreader_msg/msg/detail/vector3f__rosidl_typesupport_fastrtps_c.h
[80.451s] -- Symlinking: /home/wheeltec/wheeltec_ros2/install/bodyreader_msg/include/bodyreader_msg/bodyreader_msg/msg/rosidl_typesupport_fastrtps_c__visibility_control.h
[80.518s] -- Symlinking: /home/wheeltec/wheeltec_ros2/install/bodyreader_msg/include/bodyreader_msg/bodyreader_msg/msg/body.hpp
[80.580s] -- Symlinking: /home/wheeltec/wheeltec_ros2/install/bodyreader_msg/include/bodyreader_msg/bodyreader_msg/msg/bodylist.hpp
[80.650s] -- Symlinking: /home/wheeltec/wheeltec_ros2/install/bodyreader_msg/include/bodyreader_msg/bodyreader_msg/msg/bodyposture.hpp
[80.727s] -- Symlinking: /home/wheeltec/wheeltec_ros2/install/bodyreader_msg/include/bodyreader_msg/bodyreader_msg/msg/detail/body__builder.hpp
[80.810s] -- Symlinking: /home/wheeltec/wheeltec_ros2/install/bodyreader_msg/include/bodyreader_msg/bodyreader_msg/msg/detail/body__struct.hpp
[80.870s] -- Symlinking: /home/wheeltec/wheeltec_ros2/install/bodyreader_msg/include/bodyreader_msg/bodyreader_msg/msg/detail/body__traits.hpp
[80.941s] -- Symlinking: /home/wheeltec/wheeltec_ros2/install/bodyreader_msg/include/bodyreader_msg/bodyreader_msg/msg/detail/body__type_support.hpp
[81.009s] -- Symlinking: /home/wheeltec/wheeltec_ros2/install/bodyreader_msg/include/bodyreader_msg/bodyreader_msg/msg/detail/bodylist__builder.hpp
[81.076s] -- Symlinking: /home/wheeltec/wheeltec_ros2/install/bodyreader_msg/include/bodyreader_msg/bodyreader_msg/msg/detail/bodylist__struct.hpp
[81.137s] -- Symlinking: /home/wheeltec/wheeltec_ros2/install/bodyreader_msg/include/bodyreader_msg/bodyreader_msg/msg/detail/bodylist__traits.hpp
[81.212s] -- Symlinking: /home/wheeltec/wheeltec_ros2/install/bodyreader_msg/include/bodyreader_msg/bodyreader_msg/msg/detail/bodylist__type_support.hpp
[81.289s] -- Symlinking: /home/wheeltec/wheeltec_ros2/install/bodyreader_msg/include/bodyreader_msg/bodyreader_msg/msg/detail/bodyposture__builder.hpp
[81.355s] -- Symlinking: /home/wheeltec/wheeltec_ros2/install/bodyreader_msg/include/bodyreader_msg/bodyreader_msg/msg/detail/bodyposture__struct.hpp
[81.436s] -- Symlinking: /home/wheeltec/wheeltec_ros2/install/bodyreader_msg/include/bodyreader_msg/bodyreader_msg/msg/detail/bodyposture__traits.hpp
[81.513s] -- Symlinking: /home/wheeltec/wheeltec_ros2/install/bodyreader_msg/include/bodyreader_msg/bodyreader_msg/msg/detail/bodyposture__type_support.hpp
[81.587s] -- Symlinking: /home/wheeltec/wheeltec_ros2/install/bodyreader_msg/include/bodyreader_msg/bodyreader_msg/msg/detail/joint__builder.hpp
[81.658s] -- Symlinking: /home/wheeltec/wheeltec_ros2/install/bodyreader_msg/include/bodyreader_msg/bodyreader_msg/msg/detail/joint__struct.hpp
[81.734s] -- Symlinking: /home/wheeltec/wheeltec_ros2/install/bodyreader_msg/include/bodyreader_msg/bodyreader_msg/msg/detail/joint__traits.hpp
[81.800s] -- Symlinking: /home/wheeltec/wheeltec_ros2/install/bodyreader_msg/include/bodyreader_msg/bodyreader_msg/msg/detail/joint__type_support.hpp
[81.857s] -- Symlinking: /home/wheeltec/wheeltec_ros2/install/bodyreader_msg/include/bodyreader_msg/bodyreader_msg/msg/detail/lockedcharrgb__builder.hpp
[81.925s] -- Symlinking: /home/wheeltec/wheeltec_ros2/install/bodyreader_msg/include/bodyreader_msg/bodyreader_msg/msg/detail/lockedcharrgb__struct.hpp
[81.999s] -- Symlinking: /home/wheeltec/wheeltec_ros2/install/bodyreader_msg/include/bodyreader_msg/bodyreader_msg/msg/detail/lockedcharrgb__traits.hpp
[82.107s] -- Symlinking: /home/wheeltec/wheeltec_ros2/install/bodyreader_msg/include/bodyreader_msg/bodyreader_msg/msg/detail/lockedcharrgb__type_support.hpp
[82.171s] -- Symlinking: /home/wheeltec/wheeltec_ros2/install/bodyreader_msg/include/bodyreader_msg/bodyreader_msg/msg/detail/lockedmaskwh__builder.hpp
[82.245s] -- Symlinking: /home/wheeltec/wheeltec_ros2/install/bodyreader_msg/include/bodyreader_msg/bodyreader_msg/msg/detail/lockedmaskwh__struct.hpp
[82.308s] -- Symlinking: /home/wheeltec/wheeltec_ros2/install/bodyreader_msg/include/bodyreader_msg/bodyreader_msg/msg/detail/lockedmaskwh__traits.hpp
[82.373s] -- Symlinking: /home/wheeltec/wheeltec_ros2/install/bodyreader_msg/include/bodyreader_msg/bodyreader_msg/msg/detail/lockedmaskwh__type_support.hpp
[82.439s] -- Symlinking: /home/wheeltec/wheeltec_ros2/install/bodyreader_msg/include/bodyreader_msg/bodyreader_msg/msg/detail/maskdata__builder.hpp
[82.512s] -- Symlinking: /home/wheeltec/wheeltec_ros2/install/bodyreader_msg/include/bodyreader_msg/bodyreader_msg/msg/detail/maskdata__struct.hpp
[82.593s] -- Symlinking: /home/wheeltec/wheeltec_ros2/install/bodyreader_msg/include/bodyreader_msg/bodyreader_msg/msg/detail/maskdata__traits.hpp
[82.683s] -- Symlinking: /home/wheeltec/wheeltec_ros2/install/bodyreader_msg/include/bodyreader_msg/bodyreader_msg/msg/detail/maskdata__type_support.hpp
[82.751s] -- Symlinking: /home/wheeltec/wheeltec_ros2/install/bodyreader_msg/include/bodyreader_msg/bodyreader_msg/msg/detail/vector2f__builder.hpp
[82.825s] -- Symlinking: /home/wheeltec/wheeltec_ros2/install/bodyreader_msg/include/bodyreader_msg/bodyreader_msg/msg/detail/vector2f__struct.hpp
[82.897s] -- Symlinking: /home/wheeltec/wheeltec_ros2/install/bodyreader_msg/include/bodyreader_msg/bodyreader_msg/msg/detail/vector2f__traits.hpp
[82.977s] -- Symlinking: /home/wheeltec/wheeltec_ros2/install/bodyreader_msg/include/bodyreader_msg/bodyreader_msg/msg/detail/vector2f__type_support.hpp
[83.050s] -- Symlinking: /home/wheeltec/wheeltec_ros2/install/bodyreader_msg/include/bodyreader_msg/bodyreader_msg/msg/detail/vector3f__builder.hpp
[83.116s] -- Symlinking: /home/wheeltec/wheeltec_ros2/install/bodyreader_msg/include/bodyreader_msg/bodyreader_msg/msg/detail/vector3f__struct.hpp
[83.187s] -- Symlinking: /home/wheeltec/wheeltec_ros2/install/bodyreader_msg/include/bodyreader_msg/bodyreader_msg/msg/detail/vector3f__traits.hpp
[83.258s] -- Symlinking: /home/wheeltec/wheeltec_ros2/install/bodyreader_msg/include/bodyreader_msg/bodyreader_msg/msg/detail/vector3f__type_support.hpp
[83.335s] -- Symlinking: /home/wheeltec/wheeltec_ros2/install/bodyreader_msg/include/bodyreader_msg/bodyreader_msg/msg/joint.hpp
[83.427s] -- Symlinking: /home/wheeltec/wheeltec_ros2/install/bodyreader_msg/include/bodyreader_msg/bodyreader_msg/msg/lockedcharrgb.hpp
[83.525s] -- Symlinking: /home/wheeltec/wheeltec_ros2/install/bodyreader_msg/include/bodyreader_msg/bodyreader_msg/msg/lockedmaskwh.hpp
[83.599s] -- Symlinking: /home/wheeltec/wheeltec_ros2/install/bodyreader_msg/include/bodyreader_msg/bodyreader_msg/msg/maskdata.hpp
[83.682s] -- Symlinking: /home/wheeltec/wheeltec_ros2/install/bodyreader_msg/include/bodyreader_msg/bodyreader_msg/msg/rosidl_generator_cpp__visibility_control.hpp
[83.758s] -- Symlinking: /home/wheeltec/wheeltec_ros2/install/bodyreader_msg/include/bodyreader_msg/bodyreader_msg/msg/vector2f.hpp
[83.850s] -- Symlinking: /home/wheeltec/wheeltec_ros2/install/bodyreader_msg/include/bodyreader_msg/bodyreader_msg/msg/vector3f.hpp
[83.924s] -- Symlinking: /home/wheeltec/wheeltec_ros2/install/bodyreader_msg/include/bodyreader_msg/bodyreader_msg/msg/detail/body__rosidl_typesupport_fastrtps_cpp.hpp
[83.996s] -- Symlinking: /home/wheeltec/wheeltec_ros2/install/bodyreader_msg/include/bodyreader_msg/bodyreader_msg/msg/detail/bodylist__rosidl_typesupport_fastrtps_cpp.hpp
[84.064s] -- Symlinking: /home/wheeltec/wheeltec_ros2/install/bodyreader_msg/include/bodyreader_msg/bodyreader_msg/msg/detail/bodyposture__rosidl_typesupport_fastrtps_cpp.hpp
[84.135s] -- Symlinking: /home/wheeltec/wheeltec_ros2/install/bodyreader_msg/include/bodyreader_msg/bodyreader_msg/msg/detail/joint__rosidl_typesupport_fastrtps_cpp.hpp
[84.211s] -- Symlinking: /home/wheeltec/wheeltec_ros2/install/bodyreader_msg/include/bodyreader_msg/bodyreader_msg/msg/detail/lockedcharrgb__rosidl_typesupport_fastrtps_cpp.hpp
[84.308s] -- Symlinking: /home/wheeltec/wheeltec_ros2/install/bodyreader_msg/include/bodyreader_msg/bodyreader_msg/msg/detail/lockedmaskwh__rosidl_typesupport_fastrtps_cpp.hpp
[84.398s] -- Symlinking: /home/wheeltec/wheeltec_ros2/install/bodyreader_msg/include/bodyreader_msg/bodyreader_msg/msg/detail/maskdata__rosidl_typesupport_fastrtps_cpp.hpp
[84.488s] -- Symlinking: /home/wheeltec/wheeltec_ros2/install/bodyreader_msg/include/bodyreader_msg/bodyreader_msg/msg/detail/vector2f__rosidl_typesupport_fastrtps_cpp.hpp
[84.575s] -- Symlinking: /home/wheeltec/wheeltec_ros2/install/bodyreader_msg/include/bodyreader_msg/bodyreader_msg/msg/detail/vector3f__rosidl_typesupport_fastrtps_cpp.hpp
[84.650s] -- Symlinking: /home/wheeltec/wheeltec_ros2/install/bodyreader_msg/include/bodyreader_msg/bodyreader_msg/msg/rosidl_typesupport_fastrtps_cpp__visibility_control.h
[84.736s] -- Symlinking: /home/wheeltec/wheeltec_ros2/install/bodyreader_msg/include/bodyreader_msg/bodyreader_msg/msg/detail/body__rosidl_typesupport_introspection_c.h
[84.816s] -- Symlinking: /home/wheeltec/wheeltec_ros2/install/bodyreader_msg/include/bodyreader_msg/bodyreader_msg/msg/detail/bodylist__rosidl_typesupport_introspection_c.h
[84.888s] -- Symlinking: /home/wheeltec/wheeltec_ros2/install/bodyreader_msg/include/bodyreader_msg/bodyreader_msg/msg/detail/bodyposture__rosidl_typesupport_introspection_c.h
[84.954s] -- Symlinking: /home/wheeltec/wheeltec_ros2/install/bodyreader_msg/include/bodyreader_msg/bodyreader_msg/msg/detail/joint__rosidl_typesupport_introspection_c.h
[85.023s] -- Symlinking: /home/wheeltec/wheeltec_ros2/install/bodyreader_msg/include/bodyreader_msg/bodyreader_msg/msg/detail/lockedcharrgb__rosidl_typesupport_introspection_c.h
[85.102s] -- Symlinking: /home/wheeltec/wheeltec_ros2/install/bodyreader_msg/include/bodyreader_msg/bodyreader_msg/msg/detail/lockedmaskwh__rosidl_typesupport_introspection_c.h
[85.165s] -- Symlinking: /home/wheeltec/wheeltec_ros2/install/bodyreader_msg/include/bodyreader_msg/bodyreader_msg/msg/detail/maskdata__rosidl_typesupport_introspection_c.h
[85.233s] -- Symlinking: /home/wheeltec/wheeltec_ros2/install/bodyreader_msg/include/bodyreader_msg/bodyreader_msg/msg/detail/vector2f__rosidl_typesupport_introspection_c.h
[85.304s] -- Symlinking: /home/wheeltec/wheeltec_ros2/install/bodyreader_msg/include/bodyreader_msg/bodyreader_msg/msg/detail/vector3f__rosidl_typesupport_introspection_c.h
[85.368s] -- Symlinking: /home/wheeltec/wheeltec_ros2/install/bodyreader_msg/include/bodyreader_msg/bodyreader_msg/msg/rosidl_typesupport_introspection_c__visibility_control.h
[85.451s] -- Symlinking: /home/wheeltec/wheeltec_ros2/install/bodyreader_msg/include/bodyreader_msg/bodyreader_msg/msg/detail/body__rosidl_typesupport_introspection_cpp.hpp
[85.526s] -- Symlinking: /home/wheeltec/wheeltec_ros2/install/bodyreader_msg/include/bodyreader_msg/bodyreader_msg/msg/detail/bodylist__rosidl_typesupport_introspection_cpp.hpp
[85.598s] -- Symlinking: /home/wheeltec/wheeltec_ros2/install/bodyreader_msg/include/bodyreader_msg/bodyreader_msg/msg/detail/bodyposture__rosidl_typesupport_introspection_cpp.hpp
[85.660s] -- Symlinking: /home/wheeltec/wheeltec_ros2/install/bodyreader_msg/include/bodyreader_msg/bodyreader_msg/msg/detail/joint__rosidl_typesupport_introspection_cpp.hpp
[85.731s] -- Symlinking: /home/wheeltec/wheeltec_ros2/install/bodyreader_msg/include/bodyreader_msg/bodyreader_msg/msg/detail/lockedcharrgb__rosidl_typesupport_introspection_cpp.hpp
[85.800s] -- Symlinking: /home/wheeltec/wheeltec_ros2/install/bodyreader_msg/include/bodyreader_msg/bodyreader_msg/msg/detail/lockedmaskwh__rosidl_typesupport_introspection_cpp.hpp
[85.901s] -- Symlinking: /home/wheeltec/wheeltec_ros2/install/bodyreader_msg/include/bodyreader_msg/bodyreader_msg/msg/detail/maskdata__rosidl_typesupport_introspection_cpp.hpp
[86.008s] -- Symlinking: /home/wheeltec/wheeltec_ros2/install/bodyreader_msg/include/bodyreader_msg/bodyreader_msg/msg/detail/vector2f__rosidl_typesupport_introspection_cpp.hpp
[86.110s] -- Symlinking: /home/wheeltec/wheeltec_ros2/install/bodyreader_msg/include/bodyreader_msg/bodyreader_msg/msg/detail/vector3f__rosidl_typesupport_introspection_cpp.hpp
[86.200s] -- Symlinking: /home/wheeltec/wheeltec_ros2/install/bodyreader_msg/share/bodyreader_msg/environment/pythonpath.sh
[86.276s] -- Symlinking: /home/wheeltec/wheeltec_ros2/install/bodyreader_msg/share/bodyreader_msg/environment/pythonpath.dsv
[86.348s] -- Symlinking: /home/wheeltec/wheeltec_ros2/install/bodyreader_msg/local/lib/python3.10/dist-packages/bodyreader_msg-0.0.0-py3.10.egg-info/PKG-INFO
[86.410s] -- Symlinking: /home/wheeltec/wheeltec_ros2/install/bodyreader_msg/local/lib/python3.10/dist-packages/bodyreader_msg-0.0.0-py3.10.egg-info/SOURCES.txt
[86.475s] -- Symlinking: /home/wheeltec/wheeltec_ros2/install/bodyreader_msg/local/lib/python3.10/dist-packages/bodyreader_msg-0.0.0-py3.10.egg-info/dependency_links.txt
[86.555s] -- Symlinking: /home/wheeltec/wheeltec_ros2/install/bodyreader_msg/local/lib/python3.10/dist-packages/bodyreader_msg-0.0.0-py3.10.egg-info/top_level.txt
[86.621s] -- Symlinking: /home/wheeltec/wheeltec_ros2/install/bodyreader_msg/local/lib/python3.10/dist-packages/bodyreader_msg/__init__.py
[86.700s] -- Symlinking: /home/wheeltec/wheeltec_ros2/install/bodyreader_msg/local/lib/python3.10/dist-packages/bodyreader_msg/_bodyreader_msg_s.ep.rosidl_typesupport_c.c
[86.796s] -- Symlinking: /home/wheeltec/wheeltec_ros2/install/bodyreader_msg/local/lib/python3.10/dist-packages/bodyreader_msg/_bodyreader_msg_s.ep.rosidl_typesupport_fastrtps_c.c
[86.860s] -- Symlinking: /home/wheeltec/wheeltec_ros2/install/bodyreader_msg/local/lib/python3.10/dist-packages/bodyreader_msg/_bodyreader_msg_s.ep.rosidl_typesupport_introspection_c.c
[86.929s] -- Symlinking: /home/wheeltec/wheeltec_ros2/install/bodyreader_msg/local/lib/python3.10/dist-packages/bodyreader_msg/bodyreader_msg_s__rosidl_typesupport_c.cpython-310-aarch64-linux-gnu.so
[86.995s] -- Symlinking: /home/wheeltec/wheeltec_ros2/install/bodyreader_msg/local/lib/python3.10/dist-packages/bodyreader_msg/bodyreader_msg_s__rosidl_typesupport_fastrtps_c.cpython-310-aarch64-linux-gnu.so
[87.094s] -- Symlinking: /home/wheeltec/wheeltec_ros2/install/bodyreader_msg/local/lib/python3.10/dist-packages/bodyreader_msg/bodyreader_msg_s__rosidl_typesupport_introspection_c.cpython-310-aarch64-linux-gnu.so
[87.159s] -- Symlinking: /home/wheeltec/wheeltec_ros2/install/bodyreader_msg/local/lib/python3.10/dist-packages/bodyreader_msg/libbodyreader_msg__rosidl_generator_py.so
[87.228s] -- Symlinking: /home/wheeltec/wheeltec_ros2/install/bodyreader_msg/local/lib/python3.10/dist-packages/bodyreader_msg/msg/__init__.py
[87.291s] -- Symlinking: /home/wheeltec/wheeltec_ros2/install/bodyreader_msg/local/lib/python3.10/dist-packages/bodyreader_msg/msg/_body.py
[87.352s] -- Symlinking: /home/wheeltec/wheeltec_ros2/install/bodyreader_msg/local/lib/python3.10/dist-packages/bodyreader_msg/msg/_body_s.c
[87.419s] -- Symlinking: /home/wheeltec/wheeltec_ros2/install/bodyreader_msg/local/lib/python3.10/dist-packages/bodyreader_msg/msg/_bodylist.py
[87.487s] -- Symlinking: /home/wheeltec/wheeltec_ros2/install/bodyreader_msg/local/lib/python3.10/dist-packages/bodyreader_msg/msg/_bodylist_s.c
[87.552s] -- Symlinking: /home/wheeltec/wheeltec_ros2/install/bodyreader_msg/local/lib/python3.10/dist-packages/bodyreader_msg/msg/_bodyposture.py
[87.628s] -- Symlinking: /home/wheeltec/wheeltec_ros2/install/bodyreader_msg/local/lib/python3.10/dist-packages/bodyreader_msg/msg/_bodyposture_s.c
[87.709s] -- Symlinking: /home/wheeltec/wheeltec_ros2/install/bodyreader_msg/local/lib/python3.10/dist-packages/bodyreader_msg/msg/_joint.py
[87.781s] -- Symlinking: /home/wheeltec/wheeltec_ros2/install/bodyreader_msg/local/lib/python3.10/dist-packages/bodyreader_msg/msg/_joint_s.c
[87.853s] -- Symlinking: /home/wheeltec/wheeltec_ros2/install/bodyreader_msg/local/lib/python3.10/dist-packages/bodyreader_msg/msg/_lockedcharrgb.py
[87.918s] -- Symlinking: /home/wheeltec/wheeltec_ros2/install/bodyreader_msg/local/lib/python3.10/dist-packages/bodyreader_msg/msg/_lockedcharrgb_s.c
[87.987s] -- Symlinking: /home/wheeltec/wheeltec_ros2/install/bodyreader_msg/local/lib/python3.10/dist-packages/bodyreader_msg/msg/_lockedmaskwh.py
[88.051s] -- Symlinking: /home/wheeltec/wheeltec_ros2/install/bodyreader_msg/local/lib/python3.10/dist-packages/bodyreader_msg/msg/_lockedmaskwh_s.c
[88.115s] -- Symlinking: /home/wheeltec/wheeltec_ros2/install/bodyreader_msg/local/lib/python3.10/dist-packages/bodyreader_msg/msg/_maskdata.py
[88.184s] -- Symlinking: /home/wheeltec/wheeltec_ros2/install/bodyreader_msg/local/lib/python3.10/dist-packages/bodyreader_msg/msg/_maskdata_s.c
[88.246s] -- Symlinking: /home/wheeltec/wheeltec_ros2/install/bodyreader_msg/local/lib/python3.10/dist-packages/bodyreader_msg/msg/_vector2f.py
[88.325s] -- Symlinking: /home/wheeltec/wheeltec_ros2/install/bodyreader_msg/local/lib/python3.10/dist-packages/bodyreader_msg/msg/_vector2f_s.c
[88.395s] -- Symlinking: /home/wheeltec/wheeltec_ros2/install/bodyreader_msg/local/lib/python3.10/dist-packages/bodyreader_msg/msg/_vector3f.py
[88.497s] -- Symlinking: /home/wheeltec/wheeltec_ros2/install/bodyreader_msg/local/lib/python3.10/dist-packages/bodyreader_msg/msg/_vector3f_s.c
[88.575s] -- Up-to-date symlink: /home/wheeltec/wheeltec_ros2/install/bodyreader_msg/local/lib/python3.10/dist-packages/bodyreader_msg/bodyreader_msg_s__rosidl_typesupport_fastrtps_c.cpython-310-aarch64-linux-gnu.so
[88.578s] -- Up-to-date symlink: /home/wheeltec/wheeltec_ros2/install/bodyreader_msg/local/lib/python3.10/dist-packages/bodyreader_msg/bodyreader_msg_s__rosidl_typesupport_introspection_c.cpython-310-aarch64-linux-gnu.so
[88.580s] -- Up-to-date symlink: /home/wheeltec/wheeltec_ros2/install/bodyreader_msg/local/lib/python3.10/dist-packages/bodyreader_msg/bodyreader_msg_s__rosidl_typesupport_c.cpython-310-aarch64-linux-gnu.so
[88.581s] -- Symlinking: /home/wheeltec/wheeltec_ros2/install/bodyreader_msg/share/bodyreader_msg/msg/Body.idl
[88.661s] -- Symlinking: /home/wheeltec/wheeltec_ros2/install/bodyreader_msg/share/bodyreader_msg/msg/Bodylist.idl
[88.726s] -- Symlinking: /home/wheeltec/wheeltec_ros2/install/bodyreader_msg/share/bodyreader_msg/msg/Bodyposture.idl
[88.795s] -- Symlinking: /home/wheeltec/wheeltec_ros2/install/bodyreader_msg/share/bodyreader_msg/msg/Joint.idl
[88.868s] -- Symlinking: /home/wheeltec/wheeltec_ros2/install/bodyreader_msg/share/bodyreader_msg/msg/Lockedcharrgb.idl
[88.942s] -- Symlinking: /home/wheeltec/wheeltec_ros2/install/bodyreader_msg/share/bodyreader_msg/msg/Lockedmaskwh.idl
[89.013s] -- Symlinking: /home/wheeltec/wheeltec_ros2/install/bodyreader_msg/share/bodyreader_msg/msg/Maskdata.idl
[89.081s] -- Symlinking: /home/wheeltec/wheeltec_ros2/install/bodyreader_msg/share/bodyreader_msg/msg/Vector2f.idl
[89.164s] -- Symlinking: /home/wheeltec/wheeltec_ros2/install/bodyreader_msg/share/bodyreader_msg/msg/Vector3f.idl
[89.249s] -- Symlinking: /home/wheeltec/wheeltec_ros2/install/bodyreader_msg/share/bodyreader_msg/msg/Body.msg
[89.334s] -- Symlinking: /home/wheeltec/wheeltec_ros2/install/bodyreader_msg/share/bodyreader_msg/msg/Bodylist.msg
[89.424s] -- Symlinking: /home/wheeltec/wheeltec_ros2/install/bodyreader_msg/share/bodyreader_msg/msg/Bodyposture.msg
[89.497s] -- Symlinking: /home/wheeltec/wheeltec_ros2/install/bodyreader_msg/share/bodyreader_msg/msg/Joint.msg
[89.558s] -- Symlinking: /home/wheeltec/wheeltec_ros2/install/bodyreader_msg/share/bodyreader_msg/msg/Lockedcharrgb.msg
[89.628s] -- Symlinking: /home/wheeltec/wheeltec_ros2/install/bodyreader_msg/share/bodyreader_msg/msg/Lockedmaskwh.msg
[89.703s] -- Symlinking: /home/wheeltec/wheeltec_ros2/install/bodyreader_msg/share/bodyreader_msg/msg/Maskdata.msg
[89.763s] -- Symlinking: /home/wheeltec/wheeltec_ros2/install/bodyreader_msg/share/bodyreader_msg/msg/Vector2f.msg
[89.830s] -- Symlinking: /home/wheeltec/wheeltec_ros2/install/bodyreader_msg/share/bodyreader_msg/msg/Vector3f.msg
[89.894s] -- Symlinking: /home/wheeltec/wheeltec_ros2/install/bodyreader_msg/share/ament_index/resource_index/package_run_dependencies/bodyreader_msg
[89.965s] -- Symlinking: /home/wheeltec/wheeltec_ros2/install/bodyreader_msg/share/ament_index/resource_index/parent_prefix_path/bodyreader_msg
[90.035s] -- Symlinking: /home/wheeltec/wheeltec_ros2/install/bodyreader_msg/share/bodyreader_msg/environment/ament_prefix_path.sh
[90.099s] -- Symlinking: /home/wheeltec/wheeltec_ros2/install/bodyreader_msg/share/bodyreader_msg/environment/ament_prefix_path.dsv
[90.181s] -- Symlinking: /home/wheeltec/wheeltec_ros2/install/bodyreader_msg/share/bodyreader_msg/environment/path.sh
[90.263s] -- Symlinking: /home/wheeltec/wheeltec_ros2/install/bodyreader_msg/share/bodyreader_msg/environment/path.dsv
[90.337s] -- Symlinking: /home/wheeltec/wheeltec_ros2/install/bodyreader_msg/share/bodyreader_msg/local_setup.bash
[90.404s] -- Symlinking: /home/wheeltec/wheeltec_ros2/install/bodyreader_msg/share/bodyreader_msg/local_setup.sh
[90.481s] -- Symlinking: /home/wheeltec/wheeltec_ros2/install/bodyreader_msg/share/bodyreader_msg/local_setup.zsh
[90.548s] -- Symlinking: /home/wheeltec/wheeltec_ros2/install/bodyreader_msg/share/bodyreader_msg/local_setup.dsv
[90.621s] -- Symlinking: /home/wheeltec/wheeltec_ros2/install/bodyreader_msg/share/bodyreader_msg/package.dsv
[90.686s] -- Symlinking: /home/wheeltec/wheeltec_ros2/install/bodyreader_msg/share/ament_index/resource_index/packages/bodyreader_msg
[90.746s] -- Symlinking: /home/wheeltec/wheeltec_ros2/install/bodyreader_msg/share/bodyreader_msg/cmake/rosidl_cmake-extras.cmake
[90.810s] -- Symlinking: /home/wheeltec/wheeltec_ros2/install/bodyreader_msg/share/bodyreader_msg/cmake/ament_cmake_export_dependencies-extras.cmake
[90.877s] -- Symlinking: /home/wheeltec/wheeltec_ros2/install/bodyreader_msg/share/bodyreader_msg/cmake/ament_cmake_export_include_directories-extras.cmake
[90.947s] -- Symlinking: /home/wheeltec/wheeltec_ros2/install/bodyreader_msg/share/bodyreader_msg/cmake/ament_cmake_export_libraries-extras.cmake
[91.014s] -- Symlinking: /home/wheeltec/wheeltec_ros2/install/bodyreader_msg/share/bodyreader_msg/cmake/ament_cmake_export_targets-extras.cmake
[91.109s] -- Symlinking: /home/wheeltec/wheeltec_ros2/install/bodyreader_msg/share/bodyreader_msg/cmake/rosidl_cmake_export_typesupport_targets-extras.cmake
[91.190s] -- Symlinking: /home/wheeltec/wheeltec_ros2/install/bodyreader_msg/share/bodyreader_msg/cmake/rosidl_cmake_export_typesupport_libraries-extras.cmake
[91.254s] -- Symlinking: /home/wheeltec/wheeltec_ros2/install/bodyreader_msg/share/bodyreader_msg/cmake/bodyreader_msgConfig.cmake
[91.327s] -- Symlinking: /home/wheeltec/wheeltec_ros2/install/bodyreader_msg/share/bodyreader_msg/cmake/bodyreader_msgConfig-version.cmake
[91.393s] -- Symlinking: /home/wheeltec/wheeltec_ros2/install/bodyreader_msg/share/bodyreader_msg/package.xml
[91.455s] -- Installing: /home/wheeltec/wheeltec_ros2/install/bodyreader_msg/lib/libbodyreader_msg__rosidl_generator_c.so
[91.462s] -- Set runtime path of "/home/wheeltec/wheeltec_ros2/install/bodyreader_msg/lib/libbodyreader_msg__rosidl_generator_c.so" to ""
[91.462s] -- Installing: /home/wheeltec/wheeltec_ros2/install/bodyreader_msg/lib/libbodyreader_msg__rosidl_typesupport_fastrtps_c.so
[91.462s] -- Set runtime path of "/home/wheeltec/wheeltec_ros2/install/bodyreader_msg/lib/libbodyreader_msg__rosidl_typesupport_fastrtps_c.so" to ""
[91.462s] -- Installing: /home/wheeltec/wheeltec_ros2/install/bodyreader_msg/lib/libbodyreader_msg__rosidl_typesupport_fastrtps_cpp.so
[91.462s] -- Set runtime path of "/home/wheeltec/wheeltec_ros2/install/bodyreader_msg/lib/libbodyreader_msg__rosidl_typesupport_fastrtps_cpp.so" to ""
[91.462s] -- Installing: /home/wheeltec/wheeltec_ros2/install/bodyreader_msg/lib/libbodyreader_msg__rosidl_typesupport_introspection_c.so
[91.462s] -- Set runtime path of "/home/wheeltec/wheeltec_ros2/install/bodyreader_msg/lib/libbodyreader_msg__rosidl_typesupport_introspection_c.so" to ""
[91.462s] -- Installing: /home/wheeltec/wheeltec_ros2/install/bodyreader_msg/lib/libbodyreader_msg__rosidl_typesupport_c.so
[91.463s] -- Set runtime path of "/home/wheeltec/wheeltec_ros2/install/bodyreader_msg/lib/libbodyreader_msg__rosidl_typesupport_c.so" to ""
[91.463s] -- Installing: /home/wheeltec/wheeltec_ros2/install/bodyreader_msg/lib/libbodyreader_msg__rosidl_typesupport_introspection_cpp.so
[91.463s] -- Set runtime path of "/home/wheeltec/wheeltec_ros2/install/bodyreader_msg/lib/libbodyreader_msg__rosidl_typesupport_introspection_cpp.so" to ""
[91.463s] -- Installing: /home/wheeltec/wheeltec_ros2/install/bodyreader_msg/lib/libbodyreader_msg__rosidl_typesupport_cpp.so
[91.463s] -- Set runtime path of "/home/wheeltec/wheeltec_ros2/install/bodyreader_msg/lib/libbodyreader_msg__rosidl_typesupport_cpp.so" to ""
[91.611s] Listing '/home/wheeltec/wheeltec_ros2/install/bodyreader_msg/local/lib/python3.10/dist-packages/bodyreader_msg'...
[91.611s] Compiling '/home/wheeltec/wheeltec_ros2/install/bodyreader_msg/local/lib/python3.10/dist-packages/bodyreader_msg/__init__.py'...
[91.611s] Listing '/home/wheeltec/wheeltec_ros2/install/bodyreader_msg/local/lib/python3.10/dist-packages/bodyreader_msg/msg'...
[91.611s] Compiling '/home/wheeltec/wheeltec_ros2/install/bodyreader_msg/local/lib/python3.10/dist-packages/bodyreader_msg/msg/__init__.py'...
[91.611s] Compiling '/home/wheeltec/wheeltec_ros2/install/bodyreader_msg/local/lib/python3.10/dist-packages/bodyreader_msg/msg/_body.py'...
[91.611s] Compiling '/home/wheeltec/wheeltec_ros2/install/bodyreader_msg/local/lib/python3.10/dist-packages/bodyreader_msg/msg/_bodylist.py'...
[91.611s] Compiling '/home/wheeltec/wheeltec_ros2/install/bodyreader_msg/local/lib/python3.10/dist-packages/bodyreader_msg/msg/_bodyposture.py'...
[91.611s] Compiling '/home/wheeltec/wheeltec_ros2/install/bodyreader_msg/local/lib/python3.10/dist-packages/bodyreader_msg/msg/_joint.py'...
[91.611s] Compiling '/home/wheeltec/wheeltec_ros2/install/bodyreader_msg/local/lib/python3.10/dist-packages/bodyreader_msg/msg/_lockedcharrgb.py'...
[91.612s] Compiling '/home/wheeltec/wheeltec_ros2/install/bodyreader_msg/local/lib/python3.10/dist-packages/bodyreader_msg/msg/_lockedmaskwh.py'...
[91.612s] Compiling '/home/wheeltec/wheeltec_ros2/install/bodyreader_msg/local/lib/python3.10/dist-packages/bodyreader_msg/msg/_maskdata.py'...
[91.612s] Compiling '/home/wheeltec/wheeltec_ros2/install/bodyreader_msg/local/lib/python3.10/dist-packages/bodyreader_msg/msg/_vector2f.py'...
[91.612s] Compiling '/home/wheeltec/wheeltec_ros2/install/bodyreader_msg/local/lib/python3.10/dist-packages/bodyreader_msg/msg/_vector3f.py'...
[91.626s] -- Installing: /home/wheeltec/wheeltec_ros2/install/bodyreader_msg/lib/libbodyreader_msg__rosidl_generator_py.so
[91.627s] -- Set runtime path of "/home/wheeltec/wheeltec_ros2/install/bodyreader_msg/lib/libbodyreader_msg__rosidl_generator_py.so" to ""
[91.627s] -- Installing: /home/wheeltec/wheeltec_ros2/install/bodyreader_msg/share/bodyreader_msg/cmake/export_bodyreader_msg__rosidl_generator_cExport.cmake
[91.627s] -- Installing: /home/wheeltec/wheeltec_ros2/install/bodyreader_msg/share/bodyreader_msg/cmake/export_bodyreader_msg__rosidl_generator_cExport-noconfig.cmake
[91.627s] -- Installing: /home/wheeltec/wheeltec_ros2/install/bodyreader_msg/share/bodyreader_msg/cmake/export_bodyreader_msg__rosidl_typesupport_fastrtps_cExport.cmake
[91.627s] -- Installing: /home/wheeltec/wheeltec_ros2/install/bodyreader_msg/share/bodyreader_msg/cmake/export_bodyreader_msg__rosidl_typesupport_fastrtps_cExport-noconfig.cmake
[91.627s] -- Installing: /home/wheeltec/wheeltec_ros2/install/bodyreader_msg/share/bodyreader_msg/cmake/export_bodyreader_msg__rosidl_generator_cppExport.cmake
[91.627s] -- Installing: /home/wheeltec/wheeltec_ros2/install/bodyreader_msg/share/bodyreader_msg/cmake/export_bodyreader_msg__rosidl_typesupport_fastrtps_cppExport.cmake
[91.628s] -- Installing: /home/wheeltec/wheeltec_ros2/install/bodyreader_msg/share/bodyreader_msg/cmake/export_bodyreader_msg__rosidl_typesupport_fastrtps_cppExport-noconfig.cmake
[91.628s] -- Installing: /home/wheeltec/wheeltec_ros2/install/bodyreader_msg/share/bodyreader_msg/cmake/bodyreader_msg__rosidl_typesupport_introspection_cExport.cmake
[91.628s] -- Installing: /home/wheeltec/wheeltec_ros2/install/bodyreader_msg/share/bodyreader_msg/cmake/bodyreader_msg__rosidl_typesupport_introspection_cExport-noconfig.cmake
[91.628s] -- Installing: /home/wheeltec/wheeltec_ros2/install/bodyreader_msg/share/bodyreader_msg/cmake/bodyreader_msg__rosidl_typesupport_cExport.cmake
[91.628s] -- Installing: /home/wheeltec/wheeltec_ros2/install/bodyreader_msg/share/bodyreader_msg/cmake/bodyreader_msg__rosidl_typesupport_cExport-noconfig.cmake
[91.628s] -- Installing: /home/wheeltec/wheeltec_ros2/install/bodyreader_msg/share/bodyreader_msg/cmake/bodyreader_msg__rosidl_typesupport_introspection_cppExport.cmake
[91.628s] -- Installing: /home/wheeltec/wheeltec_ros2/install/bodyreader_msg/share/bodyreader_msg/cmake/bodyreader_msg__rosidl_typesupport_introspection_cppExport-noconfig.cmake
[91.628s] -- Installing: /home/wheeltec/wheeltec_ros2/install/bodyreader_msg/share/bodyreader_msg/cmake/bodyreader_msg__rosidl_typesupport_cppExport.cmake
[91.629s] -- Installing: /home/wheeltec/wheeltec_ros2/install/bodyreader_msg/share/bodyreader_msg/cmake/bodyreader_msg__rosidl_typesupport_cppExport-noconfig.cmake
[91.630s] -- Installing: /home/wheeltec/wheeltec_ros2/install/bodyreader_msg/share/bodyreader_msg/cmake/export_bodyreader_msg__rosidl_generator_pyExport.cmake
[91.630s] -- Installing: /home/wheeltec/wheeltec_ros2/install/bodyreader_msg/share/bodyreader_msg/cmake/export_bodyreader_msg__rosidl_generator_pyExport-noconfig.cmake
[91.643s] Invoked command in '/home/wheeltec/wheeltec_ros2/build/bodyreader_msg' returned '0': CMAKE_PREFIX_PATH=${CMAKE_PREFIX_PATH}:/home/wheeltec/autoware/install/autoware_wheeltec_interface:/home/wheeltec/autoware/install/ad_api_visualizers:/opt/ros/humble /usr/bin/cmake --install /home/wheeltec/wheeltec_ros2/build/bodyreader_msg
