gmake: Warning: File 'Makefile' has modification time 1766048158 s in the future
gmake[1]: Warning: File 'CMakeFiles/Makefile2' has modification time 1766048158 s in the future
gmake[2]: Warning: File 'CMakeFiles/ackermann_msgs__cpp.dir/progress.make' has modification time 1766048158 s in the future
gmake[2]: Warning: File 'CMakeFiles/ackermann_msgs__rosidl_generator_c.dir/flags.make' has modification time 1766048158 s in the future
gmake[2]: Warning: File 'CMakeFiles/ament_cmake_python_symlink_ackermann_msgs.dir/progress.make' has modification time 1766048158 s in the future
gmake[2]: warning:  Clock skew detected.  Your build may be incomplete.
gmake[2]: warning:  Clock skew detected.  Your build may be incomplete.
gmake[2]: warning:  Clock skew detected.  Your build may be incomplete.
gmake[2]: Warning: File 'CMakeFiles/ament_cmake_python_symlink_ackermann_msgs.dir/progress.make' has modification time 1766048157 s in the future
gmake[2]: Warning: File 'CMakeFiles/ackermann_msgs__cpp.dir/progress.make' has modification time 1766048157 s in the future
gmake[2]: warning:  Clock skew detected.  Your build may be incomplete.
gmake[2]: Warning: File 'CMakeFiles/ackermann_msgs__rosidl_generator_c.dir/flags.make' has modification time 1766048157 s in the future
gmake[2]: warning:  Clock skew detected.  Your build may be incomplete.
gmake[2]: warning:  Clock skew detected.  Your build may be incomplete.
[ 10%] Built target ackermann_msgs__rosidl_generator_c
[ 12%] Built target ackermann_msgs__cpp
gmake[2]: Warning: File 'CMakeFiles/ackermann_msgs__rosidl_typesupport_fastrtps_c.dir/flags.make' has modification time 1766048157 s in the future
gmake[2]: Warning: File 'CMakeFiles/ackermann_msgs__rosidl_typesupport_introspection_c.dir/flags.make' has modification time 1766048157 s in the future
gmake[2]: Warning: File 'CMakeFiles/ackermann_msgs__rosidl_typesupport_c.dir/flags.make' has modification time 1766048157 s in the future
gmake[2]: Warning: File 'CMakeFiles/ackermann_msgs__rosidl_typesupport_fastrtps_cpp.dir/flags.make' has modification time 1766048157 s in the future
gmake[2]: Warning: File 'CMakeFiles/ackermann_msgs__rosidl_typesupport_introspection_cpp.dir/flags.make' has modification time 1766048157 s in the future
[ 12%] Built target ament_cmake_python_symlink_ackermann_msgs
gmake[2]: Warning: File 'CMakeFiles/ackermann_msgs__rosidl_typesupport_cpp.dir/flags.make' has modification time 1766048157 s in the future
gmake[2]: warning:  Clock skew detected.  Your build may be incomplete.
gmake[2]: warning:  Clock skew detected.  Your build may be incomplete.
gmake[2]: warning:  Clock skew detected.  Your build may be incomplete.
gmake[2]: Warning: File 'CMakeFiles/ackermann_msgs__rosidl_typesupport_fastrtps_c.dir/flags.make' has modification time 1766048156 s in the future
gmake[2]: warning:  Clock skew detected.  Your build may be incomplete.
gmake[2]: warning:  Clock skew detected.  Your build may be incomplete.
gmake[2]: Warning: File 'CMakeFiles/ackermann_msgs__rosidl_typesupport_introspection_c.dir/flags.make' has modification time 1766048156 s in the future
gmake[2]: warning:  Clock skew detected.  Your build may be incomplete.
gmake[2]: warning:  Clock skew detected.  Your build may be incomplete.
gmake[2]: Warning: File 'CMakeFiles/ackermann_msgs__rosidl_typesupport_fastrtps_cpp.dir/flags.make' has modification time 1766048156 s in the future
gmake[2]: warning:  Clock skew detected.  Your build may be incomplete.
gmake[2]: Warning: File 'CMakeFiles/ackermann_msgs__rosidl_typesupport_c.dir/flags.make' has modification time 1766048156 s in the future
gmake[2]: warning:  Clock skew detected.  Your build may be incomplete.
gmake[2]: Warning: File 'CMakeFiles/ackermann_msgs__rosidl_typesupport_introspection_cpp.dir/flags.make' has modification time 1766048156 s in the future
gmake[2]: warning:  Clock skew detected.  Your build may be incomplete.
gmake[2]: warning:  Clock skew detected.  Your build may be incomplete.
gmake[2]: Warning: File 'CMakeFiles/ackermann_msgs__rosidl_typesupport_cpp.dir/flags.make' has modification time 1766048156 s in the future
gmake[2]: warning:  Clock skew detected.  Your build may be incomplete.
[ 23%] Built target ackermann_msgs__rosidl_typesupport_c
[ 33%] Built target ackermann_msgs__rosidl_typesupport_fastrtps_c
gmake[2]: Warning: File 'CMakeFiles/ament_cmake_python_build_ackermann_msgs_egg.dir/progress.make' has modification time 1766048156 s in the future
[ 43%] Built target ackermann_msgs__rosidl_typesupport_introspection_cpp
[ 53%] Built target ackermann_msgs__rosidl_typesupport_introspection_c
[ 64%] Built target ackermann_msgs__rosidl_typesupport_fastrtps_cpp
[ 74%] Built target ackermann_msgs__rosidl_typesupport_cpp
gmake[2]: warning:  Clock skew detected.  Your build may be incomplete.
gmake[2]: Warning: File 'CMakeFiles/ackermann_msgs.dir/progress.make' has modification time 1766048156 s in the future
gmake[2]: Warning: File 'CMakeFiles/ament_cmake_python_build_ackermann_msgs_egg.dir/progress.make' has modification time 1766048156 s in the future
gmake[2]: warning:  Clock skew detected.  Your build may be incomplete.
gmake[2]: Warning: File 'CMakeFiles/ackermann_msgs.dir/progress.make' has modification time 1766048156 s in the future
gmake[2]: warning:  Clock skew detected.  Your build may be incomplete.
[ 74%] Built target ackermann_msgs
gmake[2]: Warning: File 'ackermann_msgs__py/CMakeFiles/ackermann_msgs__py.dir/progress.make' has modification time 1766048155 s in the future
gmake[2]: warning:  Clock skew detected.  Your build may be incomplete.
gmake[2]: Warning: File 'ackermann_msgs__py/CMakeFiles/ackermann_msgs__py.dir/progress.make' has modification time 1766048155 s in the future
gmake[2]: warning:  Clock skew detected.  Your build may be incomplete.
[ 76%] Built target ackermann_msgs__py
gmake[2]: Warning: File 'CMakeFiles/ackermann_msgs__rosidl_generator_py.dir/flags.make' has modification time 1766048155 s in the future
gmake[2]: warning:  Clock skew detected.  Your build may be incomplete.
gmake[2]: Warning: File 'CMakeFiles/ackermann_msgs__rosidl_generator_py.dir/flags.make' has modification time 1766048154 s in the future
gmake[2]: warning:  Clock skew detected.  Your build may be incomplete.
[ 84%] Built target ackermann_msgs__rosidl_generator_py
gmake[2]: Warning: File 'CMakeFiles/ackermann_msgs__rosidl_typesupport_fastrtps_c__pyext.dir/flags.make' has modification time 1766048154 s in the future
gmake[2]: Warning: File 'CMakeFiles/ackermann_msgs__rosidl_typesupport_introspection_c__pyext.dir/flags.make' has modification time 1766048154 s in the future
gmake[2]: Warning: File 'CMakeFiles/ackermann_msgs__rosidl_typesupport_c__pyext.dir/flags.make' has modification time 1766048154 s in the future
gmake[2]: warning:  Clock skew detected.  Your build may be incomplete.
gmake[2]: warning:  Clock skew detected.  Your build may be incomplete.
gmake[2]: Warning: File 'CMakeFiles/ackermann_msgs__rosidl_typesupport_fastrtps_c__pyext.dir/flags.make' has modification time 1766048153 s in the future
gmake[2]: warning:  Clock skew detected.  Your build may be incomplete.
gmake[2]: Warning: File 'CMakeFiles/ackermann_msgs__rosidl_typesupport_introspection_c__pyext.dir/flags.make' has modification time 1766048153 s in the future
gmake[2]: warning:  Clock skew detected.  Your build may be incomplete.
gmake[2]: warning:  Clock skew detected.  Your build may be incomplete.
gmake[2]: Warning: File 'CMakeFiles/ackermann_msgs__rosidl_typesupport_c__pyext.dir/flags.make' has modification time 1766048153 s in the future
gmake[2]: warning:  Clock skew detected.  Your build may be incomplete.
running egg_info
writing ackermann_msgs.egg-info/PKG-INFO
writing dependency_links to ackermann_msgs.egg-info/dependency_links.txt
writing top-level names to ackermann_msgs.egg-info/top_level.txt
reading manifest file 'ackermann_msgs.egg-info/SOURCES.txt'
writing manifest file 'ackermann_msgs.egg-info/SOURCES.txt'
[ 89%] Built target ackermann_msgs__rosidl_typesupport_fastrtps_c__pyext
[ 94%] Built target ackermann_msgs__rosidl_typesupport_introspection_c__pyext
[100%] Built target ackermann_msgs__rosidl_typesupport_c__pyext
gmake[2]: warning:  Clock skew detected.  Your build may be incomplete.
[100%] Built target ament_cmake_python_build_ackermann_msgs_egg
gmake[1]: warning:  Clock skew detected.  Your build may be incomplete.
gmake: warning:  Clock skew detected.  Your build may be incomplete.
-- Install configuration: ""
-- Execute custom install script
-- Up-to-date symlink: /home/wheeltec/wheeltec_ros2/install/ackermann_msgs/share/ament_index/resource_index/rosidl_interfaces/ackermann_msgs
-- Up-to-date symlink: /home/wheeltec/wheeltec_ros2/install/ackermann_msgs/include/ackermann_msgs/ackermann_msgs/msg/ackermann_drive.h
-- Up-to-date symlink: /home/wheeltec/wheeltec_ros2/install/ackermann_msgs/include/ackermann_msgs/ackermann_msgs/msg/ackermann_drive_stamped.h
-- Up-to-date symlink: /home/wheeltec/wheeltec_ros2/install/ackermann_msgs/include/ackermann_msgs/ackermann_msgs/msg/detail/ackermann_drive__functions.h
-- Up-to-date symlink: /home/wheeltec/wheeltec_ros2/install/ackermann_msgs/include/ackermann_msgs/ackermann_msgs/msg/detail/ackermann_drive__struct.h
-- Up-to-date symlink: /home/wheeltec/wheeltec_ros2/install/ackermann_msgs/include/ackermann_msgs/ackermann_msgs/msg/detail/ackermann_drive__type_support.h
-- Up-to-date symlink: /home/wheeltec/wheeltec_ros2/install/ackermann_msgs/include/ackermann_msgs/ackermann_msgs/msg/detail/ackermann_drive_stamped__functions.h
-- Up-to-date symlink: /home/wheeltec/wheeltec_ros2/install/ackermann_msgs/include/ackermann_msgs/ackermann_msgs/msg/detail/ackermann_drive_stamped__struct.h
-- Up-to-date symlink: /home/wheeltec/wheeltec_ros2/install/ackermann_msgs/include/ackermann_msgs/ackermann_msgs/msg/detail/ackermann_drive_stamped__type_support.h
-- Up-to-date symlink: /home/wheeltec/wheeltec_ros2/install/ackermann_msgs/include/ackermann_msgs/ackermann_msgs/msg/rosidl_generator_c__visibility_control.h
-- Up-to-date symlink: /home/wheeltec/wheeltec_ros2/install/ackermann_msgs/share/ackermann_msgs/environment/library_path.sh
-- Up-to-date symlink: /home/wheeltec/wheeltec_ros2/install/ackermann_msgs/share/ackermann_msgs/environment/library_path.dsv
-- Up-to-date symlink: /home/wheeltec/wheeltec_ros2/install/ackermann_msgs/include/ackermann_msgs/ackermann_msgs/msg/detail/ackermann_drive__rosidl_typesupport_fastrtps_c.h
-- Up-to-date symlink: /home/wheeltec/wheeltec_ros2/install/ackermann_msgs/include/ackermann_msgs/ackermann_msgs/msg/detail/ackermann_drive_stamped__rosidl_typesupport_fastrtps_c.h
-- Up-to-date symlink: /home/wheeltec/wheeltec_ros2/install/ackermann_msgs/include/ackermann_msgs/ackermann_msgs/msg/rosidl_typesupport_fastrtps_c__visibility_control.h
-- Up-to-date symlink: /home/wheeltec/wheeltec_ros2/install/ackermann_msgs/include/ackermann_msgs/ackermann_msgs/msg/detail/ackermann_drive__rosidl_typesupport_introspection_c.h
-- Up-to-date symlink: /home/wheeltec/wheeltec_ros2/install/ackermann_msgs/include/ackermann_msgs/ackermann_msgs/msg/detail/ackermann_drive_stamped__rosidl_typesupport_introspection_c.h
-- Up-to-date symlink: /home/wheeltec/wheeltec_ros2/install/ackermann_msgs/include/ackermann_msgs/ackermann_msgs/msg/rosidl_typesupport_introspection_c__visibility_control.h
-- Up-to-date symlink: /home/wheeltec/wheeltec_ros2/install/ackermann_msgs/include/ackermann_msgs/ackermann_msgs/msg/ackermann_drive.hpp
-- Up-to-date symlink: /home/wheeltec/wheeltec_ros2/install/ackermann_msgs/include/ackermann_msgs/ackermann_msgs/msg/ackermann_drive_stamped.hpp
-- Up-to-date symlink: /home/wheeltec/wheeltec_ros2/install/ackermann_msgs/include/ackermann_msgs/ackermann_msgs/msg/detail/ackermann_drive__builder.hpp
-- Up-to-date symlink: /home/wheeltec/wheeltec_ros2/install/ackermann_msgs/include/ackermann_msgs/ackermann_msgs/msg/detail/ackermann_drive__struct.hpp
-- Up-to-date symlink: /home/wheeltec/wheeltec_ros2/install/ackermann_msgs/include/ackermann_msgs/ackermann_msgs/msg/detail/ackermann_drive__traits.hpp
-- Up-to-date symlink: /home/wheeltec/wheeltec_ros2/install/ackermann_msgs/include/ackermann_msgs/ackermann_msgs/msg/detail/ackermann_drive__type_support.hpp
-- Up-to-date symlink: /home/wheeltec/wheeltec_ros2/install/ackermann_msgs/include/ackermann_msgs/ackermann_msgs/msg/detail/ackermann_drive_stamped__builder.hpp
-- Up-to-date symlink: /home/wheeltec/wheeltec_ros2/install/ackermann_msgs/include/ackermann_msgs/ackermann_msgs/msg/detail/ackermann_drive_stamped__struct.hpp
-- Up-to-date symlink: /home/wheeltec/wheeltec_ros2/install/ackermann_msgs/include/ackermann_msgs/ackermann_msgs/msg/detail/ackermann_drive_stamped__traits.hpp
-- Up-to-date symlink: /home/wheeltec/wheeltec_ros2/install/ackermann_msgs/include/ackermann_msgs/ackermann_msgs/msg/detail/ackermann_drive_stamped__type_support.hpp
-- Up-to-date symlink: /home/wheeltec/wheeltec_ros2/install/ackermann_msgs/include/ackermann_msgs/ackermann_msgs/msg/rosidl_generator_cpp__visibility_control.hpp
-- Up-to-date symlink: /home/wheeltec/wheeltec_ros2/install/ackermann_msgs/include/ackermann_msgs/ackermann_msgs/msg/detail/ackermann_drive__rosidl_typesupport_fastrtps_cpp.hpp
-- Up-to-date symlink: /home/wheeltec/wheeltec_ros2/install/ackermann_msgs/include/ackermann_msgs/ackermann_msgs/msg/detail/ackermann_drive_stamped__rosidl_typesupport_fastrtps_cpp.hpp
-- Up-to-date symlink: /home/wheeltec/wheeltec_ros2/install/ackermann_msgs/include/ackermann_msgs/ackermann_msgs/msg/rosidl_typesupport_fastrtps_cpp__visibility_control.h
-- Up-to-date symlink: /home/wheeltec/wheeltec_ros2/install/ackermann_msgs/include/ackermann_msgs/ackermann_msgs/msg/detail/ackermann_drive__rosidl_typesupport_introspection_cpp.hpp
-- Up-to-date symlink: /home/wheeltec/wheeltec_ros2/install/ackermann_msgs/include/ackermann_msgs/ackermann_msgs/msg/detail/ackermann_drive_stamped__rosidl_typesupport_introspection_cpp.hpp
-- Up-to-date symlink: /home/wheeltec/wheeltec_ros2/install/ackermann_msgs/share/ackermann_msgs/environment/pythonpath.sh
-- Up-to-date symlink: /home/wheeltec/wheeltec_ros2/install/ackermann_msgs/share/ackermann_msgs/environment/pythonpath.dsv
-- Up-to-date symlink: /home/wheeltec/wheeltec_ros2/install/ackermann_msgs/local/lib/python3.10/dist-packages/ackermann_msgs-2.0.2-py3.10.egg-info/PKG-INFO
-- Up-to-date symlink: /home/wheeltec/wheeltec_ros2/install/ackermann_msgs/local/lib/python3.10/dist-packages/ackermann_msgs-2.0.2-py3.10.egg-info/SOURCES.txt
-- Up-to-date symlink: /home/wheeltec/wheeltec_ros2/install/ackermann_msgs/local/lib/python3.10/dist-packages/ackermann_msgs-2.0.2-py3.10.egg-info/dependency_links.txt
-- Up-to-date symlink: /home/wheeltec/wheeltec_ros2/install/ackermann_msgs/local/lib/python3.10/dist-packages/ackermann_msgs-2.0.2-py3.10.egg-info/top_level.txt
-- Up-to-date symlink: /home/wheeltec/wheeltec_ros2/install/ackermann_msgs/local/lib/python3.10/dist-packages/ackermann_msgs/__init__.py
-- Up-to-date symlink: /home/wheeltec/wheeltec_ros2/install/ackermann_msgs/local/lib/python3.10/dist-packages/ackermann_msgs/_ackermann_msgs_s.ep.rosidl_typesupport_c.c
-- Up-to-date symlink: /home/wheeltec/wheeltec_ros2/install/ackermann_msgs/local/lib/python3.10/dist-packages/ackermann_msgs/_ackermann_msgs_s.ep.rosidl_typesupport_fastrtps_c.c
-- Up-to-date symlink: /home/wheeltec/wheeltec_ros2/install/ackermann_msgs/local/lib/python3.10/dist-packages/ackermann_msgs/_ackermann_msgs_s.ep.rosidl_typesupport_introspection_c.c
-- Up-to-date symlink: /home/wheeltec/wheeltec_ros2/install/ackermann_msgs/local/lib/python3.10/dist-packages/ackermann_msgs/ackermann_msgs_s__rosidl_typesupport_c.cpython-310-aarch64-linux-gnu.so
-- Up-to-date symlink: /home/wheeltec/wheeltec_ros2/install/ackermann_msgs/local/lib/python3.10/dist-packages/ackermann_msgs/ackermann_msgs_s__rosidl_typesupport_fastrtps_c.cpython-310-aarch64-linux-gnu.so
-- Up-to-date symlink: /home/wheeltec/wheeltec_ros2/install/ackermann_msgs/local/lib/python3.10/dist-packages/ackermann_msgs/ackermann_msgs_s__rosidl_typesupport_introspection_c.cpython-310-aarch64-linux-gnu.so
-- Up-to-date symlink: /home/wheeltec/wheeltec_ros2/install/ackermann_msgs/local/lib/python3.10/dist-packages/ackermann_msgs/libackermann_msgs__rosidl_generator_py.so
-- Up-to-date symlink: /home/wheeltec/wheeltec_ros2/install/ackermann_msgs/local/lib/python3.10/dist-packages/ackermann_msgs/msg/__init__.py
-- Up-to-date symlink: /home/wheeltec/wheeltec_ros2/install/ackermann_msgs/local/lib/python3.10/dist-packages/ackermann_msgs/msg/_ackermann_drive.py
-- Up-to-date symlink: /home/wheeltec/wheeltec_ros2/install/ackermann_msgs/local/lib/python3.10/dist-packages/ackermann_msgs/msg/_ackermann_drive_s.c
-- Up-to-date symlink: /home/wheeltec/wheeltec_ros2/install/ackermann_msgs/local/lib/python3.10/dist-packages/ackermann_msgs/msg/_ackermann_drive_stamped.py
-- Up-to-date symlink: /home/wheeltec/wheeltec_ros2/install/ackermann_msgs/local/lib/python3.10/dist-packages/ackermann_msgs/msg/_ackermann_drive_stamped_s.c
-- Up-to-date symlink: /home/wheeltec/wheeltec_ros2/install/ackermann_msgs/local/lib/python3.10/dist-packages/ackermann_msgs/ackermann_msgs_s__rosidl_typesupport_fastrtps_c.cpython-310-aarch64-linux-gnu.so
-- Up-to-date symlink: /home/wheeltec/wheeltec_ros2/install/ackermann_msgs/local/lib/python3.10/dist-packages/ackermann_msgs/ackermann_msgs_s__rosidl_typesupport_introspection_c.cpython-310-aarch64-linux-gnu.so
-- Up-to-date symlink: /home/wheeltec/wheeltec_ros2/install/ackermann_msgs/local/lib/python3.10/dist-packages/ackermann_msgs/ackermann_msgs_s__rosidl_typesupport_c.cpython-310-aarch64-linux-gnu.so
-- Up-to-date symlink: /home/wheeltec/wheeltec_ros2/install/ackermann_msgs/share/ackermann_msgs/msg/AckermannDrive.idl
-- Up-to-date symlink: /home/wheeltec/wheeltec_ros2/install/ackermann_msgs/share/ackermann_msgs/msg/AckermannDriveStamped.idl
-- Up-to-date symlink: /home/wheeltec/wheeltec_ros2/install/ackermann_msgs/share/ackermann_msgs/msg/AckermannDrive.msg
-- Up-to-date symlink: /home/wheeltec/wheeltec_ros2/install/ackermann_msgs/share/ackermann_msgs/msg/AckermannDriveStamped.msg
-- Up-to-date symlink: /home/wheeltec/wheeltec_ros2/install/ackermann_msgs/share/ament_index/resource_index/package_run_dependencies/ackermann_msgs
-- Up-to-date symlink: /home/wheeltec/wheeltec_ros2/install/ackermann_msgs/share/ament_index/resource_index/parent_prefix_path/ackermann_msgs
-- Up-to-date symlink: /home/wheeltec/wheeltec_ros2/install/ackermann_msgs/share/ackermann_msgs/environment/ament_prefix_path.sh
-- Up-to-date symlink: /home/wheeltec/wheeltec_ros2/install/ackermann_msgs/share/ackermann_msgs/environment/ament_prefix_path.dsv
-- Up-to-date symlink: /home/wheeltec/wheeltec_ros2/install/ackermann_msgs/share/ackermann_msgs/environment/path.sh
-- Up-to-date symlink: /home/wheeltec/wheeltec_ros2/install/ackermann_msgs/share/ackermann_msgs/environment/path.dsv
-- Up-to-date symlink: /home/wheeltec/wheeltec_ros2/install/ackermann_msgs/share/ackermann_msgs/local_setup.bash
-- Up-to-date symlink: /home/wheeltec/wheeltec_ros2/install/ackermann_msgs/share/ackermann_msgs/local_setup.sh
-- Up-to-date symlink: /home/wheeltec/wheeltec_ros2/install/ackermann_msgs/share/ackermann_msgs/local_setup.zsh
-- Up-to-date symlink: /home/wheeltec/wheeltec_ros2/install/ackermann_msgs/share/ackermann_msgs/local_setup.dsv
-- Symlinking: /home/wheeltec/wheeltec_ros2/install/ackermann_msgs/share/ackermann_msgs/package.dsv
-- Up-to-date symlink: /home/wheeltec/wheeltec_ros2/install/ackermann_msgs/share/ament_index/resource_index/packages/ackermann_msgs
-- Up-to-date symlink: /home/wheeltec/wheeltec_ros2/install/ackermann_msgs/share/ackermann_msgs/cmake/rosidl_cmake-extras.cmake
-- Up-to-date symlink: /home/wheeltec/wheeltec_ros2/install/ackermann_msgs/share/ackermann_msgs/cmake/ament_cmake_export_dependencies-extras.cmake
-- Up-to-date symlink: /home/wheeltec/wheeltec_ros2/install/ackermann_msgs/share/ackermann_msgs/cmake/ament_cmake_export_include_directories-extras.cmake
-- Up-to-date symlink: /home/wheeltec/wheeltec_ros2/install/ackermann_msgs/share/ackermann_msgs/cmake/ament_cmake_export_libraries-extras.cmake
-- Up-to-date symlink: /home/wheeltec/wheeltec_ros2/install/ackermann_msgs/share/ackermann_msgs/cmake/ament_cmake_export_targets-extras.cmake
-- Up-to-date symlink: /home/wheeltec/wheeltec_ros2/install/ackermann_msgs/share/ackermann_msgs/cmake/rosidl_cmake_export_typesupport_targets-extras.cmake
-- Up-to-date symlink: /home/wheeltec/wheeltec_ros2/install/ackermann_msgs/share/ackermann_msgs/cmake/rosidl_cmake_export_typesupport_libraries-extras.cmake
-- Up-to-date symlink: /home/wheeltec/wheeltec_ros2/install/ackermann_msgs/share/ackermann_msgs/cmake/ackermann_msgsConfig.cmake
-- Up-to-date symlink: /home/wheeltec/wheeltec_ros2/install/ackermann_msgs/share/ackermann_msgs/cmake/ackermann_msgsConfig-version.cmake
-- Up-to-date symlink: /home/wheeltec/wheeltec_ros2/install/ackermann_msgs/share/ackermann_msgs/package.xml
-- Up-to-date: /home/wheeltec/wheeltec_ros2/install/ackermann_msgs/lib/libackermann_msgs__rosidl_generator_c.so
-- Up-to-date: /home/wheeltec/wheeltec_ros2/install/ackermann_msgs/lib/libackermann_msgs__rosidl_typesupport_fastrtps_c.so
-- Up-to-date: /home/wheeltec/wheeltec_ros2/install/ackermann_msgs/lib/libackermann_msgs__rosidl_typesupport_introspection_c.so
-- Up-to-date: /home/wheeltec/wheeltec_ros2/install/ackermann_msgs/lib/libackermann_msgs__rosidl_typesupport_c.so
-- Up-to-date: /home/wheeltec/wheeltec_ros2/install/ackermann_msgs/lib/libackermann_msgs__rosidl_typesupport_fastrtps_cpp.so
-- Up-to-date: /home/wheeltec/wheeltec_ros2/install/ackermann_msgs/lib/libackermann_msgs__rosidl_typesupport_introspection_cpp.so
-- Up-to-date: /home/wheeltec/wheeltec_ros2/install/ackermann_msgs/lib/libackermann_msgs__rosidl_typesupport_cpp.so
Listing '/home/wheeltec/wheeltec_ros2/install/ackermann_msgs/local/lib/python3.10/dist-packages/ackermann_msgs'...
Listing '/home/wheeltec/wheeltec_ros2/install/ackermann_msgs/local/lib/python3.10/dist-packages/ackermann_msgs/msg'...
-- Up-to-date: /home/wheeltec/wheeltec_ros2/install/ackermann_msgs/lib/libackermann_msgs__rosidl_generator_py.so
-- Up-to-date: /home/wheeltec/wheeltec_ros2/install/ackermann_msgs/share/ackermann_msgs/cmake/export_ackermann_msgs__rosidl_generator_cExport.cmake
-- Up-to-date: /home/wheeltec/wheeltec_ros2/install/ackermann_msgs/share/ackermann_msgs/cmake/export_ackermann_msgs__rosidl_generator_cExport-noconfig.cmake
-- Up-to-date: /home/wheeltec/wheeltec_ros2/install/ackermann_msgs/share/ackermann_msgs/cmake/export_ackermann_msgs__rosidl_typesupport_fastrtps_cExport.cmake
-- Up-to-date: /home/wheeltec/wheeltec_ros2/install/ackermann_msgs/share/ackermann_msgs/cmake/export_ackermann_msgs__rosidl_typesupport_fastrtps_cExport-noconfig.cmake
-- Up-to-date: /home/wheeltec/wheeltec_ros2/install/ackermann_msgs/share/ackermann_msgs/cmake/ackermann_msgs__rosidl_typesupport_introspection_cExport.cmake
-- Up-to-date: /home/wheeltec/wheeltec_ros2/install/ackermann_msgs/share/ackermann_msgs/cmake/ackermann_msgs__rosidl_typesupport_introspection_cExport-noconfig.cmake
-- Up-to-date: /home/wheeltec/wheeltec_ros2/install/ackermann_msgs/share/ackermann_msgs/cmake/ackermann_msgs__rosidl_typesupport_cExport.cmake
-- Up-to-date: /home/wheeltec/wheeltec_ros2/install/ackermann_msgs/share/ackermann_msgs/cmake/ackermann_msgs__rosidl_typesupport_cExport-noconfig.cmake
-- Up-to-date: /home/wheeltec/wheeltec_ros2/install/ackermann_msgs/share/ackermann_msgs/cmake/export_ackermann_msgs__rosidl_generator_cppExport.cmake
-- Up-to-date: /home/wheeltec/wheeltec_ros2/install/ackermann_msgs/share/ackermann_msgs/cmake/export_ackermann_msgs__rosidl_typesupport_fastrtps_cppExport.cmake
-- Up-to-date: /home/wheeltec/wheeltec_ros2/install/ackermann_msgs/share/ackermann_msgs/cmake/export_ackermann_msgs__rosidl_typesupport_fastrtps_cppExport-noconfig.cmake
-- Up-to-date: /home/wheeltec/wheeltec_ros2/install/ackermann_msgs/share/ackermann_msgs/cmake/ackermann_msgs__rosidl_typesupport_introspection_cppExport.cmake
-- Up-to-date: /home/wheeltec/wheeltec_ros2/install/ackermann_msgs/share/ackermann_msgs/cmake/ackermann_msgs__rosidl_typesupport_introspection_cppExport-noconfig.cmake
-- Up-to-date: /home/wheeltec/wheeltec_ros2/install/ackermann_msgs/share/ackermann_msgs/cmake/ackermann_msgs__rosidl_typesupport_cppExport.cmake
-- Up-to-date: /home/wheeltec/wheeltec_ros2/install/ackermann_msgs/share/ackermann_msgs/cmake/ackermann_msgs__rosidl_typesupport_cppExport-noconfig.cmake
-- Up-to-date: /home/wheeltec/wheeltec_ros2/install/ackermann_msgs/share/ackermann_msgs/cmake/export_ackermann_msgs__rosidl_generator_pyExport.cmake
-- Up-to-date: /home/wheeltec/wheeltec_ros2/install/ackermann_msgs/share/ackermann_msgs/cmake/export_ackermann_msgs__rosidl_generator_pyExport-noconfig.cmake
