[0.232s] Invoking command in '/home/wheeltec/wheeltec_ros2/build/ackermann_msgs': CMAKE_PREFIX_PATH=${CMAKE_PREFIX_PATH}:/home/wheeltec/wheeltec_ros2/install/simple_follower_ros2:/home/wheeltec/wheeltec_ros2/install/wheeltec_robot_keyboard:/home/wheeltec/wheeltec_ros2/install/wheeltec_dual_rtk_driver:/home/wheeltec/wheeltec_ros2/install/ultralytics_ros2:/home/wheeltec/wheeltec_ros2/install/tf2_tools:/home/wheeltec/wheeltec_ros2/install/ollama_ros_chat:/home/wheeltec/wheeltec_ros2/install/nmea_navsat_driver:/home/wheeltec/wheeltec_ros2/install/nav2_waypoint_cycle:/home/wheeltec/wheeltec_ros2/install/nav2_simple_commander:/home/wheeltec/wheeltec_ros2/install/largemodel:/home/wheeltec/wheeltec_ros2/install/auto_recharge_ros2:/home/wheeltec/autoware/install/autoware_wheeltec_interface:/home/wheeltec/autoware/install/autoware_multi_point:/home/wheeltec/autoware/install/ad_api_visualizers:/opt/ros/humble /usr/bin/cmake --build /home/wheeltec/wheeltec_ros2/build/ackermann_msgs -- -j6 -l6
[0.694s] gmake: Warning: File 'Makefile' has modification time 1766048158 s in the future
[0.718s] gmake[1]: Warning: File 'CMakeFiles/Makefile2' has modification time 1766048158 s in the future
[0.756s] gmake[2]: Warning: File 'CMakeFiles/ackermann_msgs__cpp.dir/progress.make' has modification time 1766048158 s in the future
[0.756s] gmake[2]: Warning: File 'CMakeFiles/ackermann_msgs__rosidl_generator_c.dir/flags.make' has modification time 1766048158 s in the future
[0.780s] gmake[2]: Warning: File 'CMakeFiles/ament_cmake_python_symlink_ackermann_msgs.dir/progress.make' has modification time 1766048158 s in the future
[1.023s] gmake[2]: warning:  Clock skew detected.  Your build may be incomplete.
[1.046s] gmake[2]: warning:  Clock skew detected.  Your build may be incomplete.
[1.064s] gmake[2]: warning:  Clock skew detected.  Your build may be incomplete.
[1.069s] gmake[2]: Warning: File 'CMakeFiles/ament_cmake_python_symlink_ackermann_msgs.dir/progress.make' has modification time 1766048157 s in the future
[1.114s] gmake[2]: Warning: File 'CMakeFiles/ackermann_msgs__cpp.dir/progress.make' has modification time 1766048157 s in the future
[1.114s] gmake[2]: warning:  Clock skew detected.  Your build may be incomplete.
[1.129s] gmake[2]: Warning: File 'CMakeFiles/ackermann_msgs__rosidl_generator_c.dir/flags.make' has modification time 1766048157 s in the future
[1.130s] gmake[2]: warning:  Clock skew detected.  Your build may be incomplete.
[1.365s] gmake[2]: warning:  Clock skew detected.  Your build may be incomplete.
[1.585s] [ 10%] Built target ackermann_msgs__rosidl_generator_c
[1.602s] [ 12%] Built target ackermann_msgs__cpp
[1.675s] gmake[2]: Warning: File 'CMakeFiles/ackermann_msgs__rosidl_typesupport_fastrtps_c.dir/flags.make' has modification time 1766048157 s in the future
[1.683s] gmake[2]: Warning: File 'CMakeFiles/ackermann_msgs__rosidl_typesupport_introspection_c.dir/flags.make' has modification time 1766048157 s in the future
[1.703s] gmake[2]: Warning: File 'CMakeFiles/ackermann_msgs__rosidl_typesupport_c.dir/flags.make' has modification time 1766048157 s in the future
[1.708s] gmake[2]: Warning: File 'CMakeFiles/ackermann_msgs__rosidl_typesupport_fastrtps_cpp.dir/flags.make' has modification time 1766048157 s in the future
[1.760s] gmake[2]: Warning: File 'CMakeFiles/ackermann_msgs__rosidl_typesupport_introspection_cpp.dir/flags.make' has modification time 1766048157 s in the future
[1.782s] [ 12%] Built target ament_cmake_python_symlink_ackermann_msgs
[1.890s] gmake[2]: Warning: File 'CMakeFiles/ackermann_msgs__rosidl_typesupport_cpp.dir/flags.make' has modification time 1766048157 s in the future
[2.059s] gmake[2]: warning:  Clock skew detected.  Your build may be incomplete.
[2.085s] gmake[2]: warning:  Clock skew detected.  Your build may be incomplete.
[2.086s] gmake[2]: warning:  Clock skew detected.  Your build may be incomplete.
[2.115s] gmake[2]: Warning: File 'CMakeFiles/ackermann_msgs__rosidl_typesupport_fastrtps_c.dir/flags.make' has modification time 1766048156 s in the future
[2.116s] gmake[2]: warning:  Clock skew detected.  Your build may be incomplete.
[2.133s] gmake[2]: warning:  Clock skew detected.  Your build may be incomplete.
[2.144s] gmake[2]: Warning: File 'CMakeFiles/ackermann_msgs__rosidl_typesupport_introspection_c.dir/flags.make' has modification time 1766048156 s in the future
[2.144s] gmake[2]: warning:  Clock skew detected.  Your build may be incomplete.
[2.151s] gmake[2]: warning:  Clock skew detected.  Your build may be incomplete.
[2.155s] gmake[2]: Warning: File 'CMakeFiles/ackermann_msgs__rosidl_typesupport_fastrtps_cpp.dir/flags.make' has modification time 1766048156 s in the future
[2.159s] gmake[2]: warning:  Clock skew detected.  Your build may be incomplete.
[2.190s] gmake[2]: Warning: File 'CMakeFiles/ackermann_msgs__rosidl_typesupport_c.dir/flags.make' has modification time 1766048156 s in the future
[2.207s] gmake[2]: warning:  Clock skew detected.  Your build may be incomplete.
[2.220s] gmake[2]: Warning: File 'CMakeFiles/ackermann_msgs__rosidl_typesupport_introspection_cpp.dir/flags.make' has modification time 1766048156 s in the future
[2.220s] gmake[2]: warning:  Clock skew detected.  Your build may be incomplete.
[2.285s] gmake[2]: warning:  Clock skew detected.  Your build may be incomplete.
[2.314s] gmake[2]: Warning: File 'CMakeFiles/ackermann_msgs__rosidl_typesupport_cpp.dir/flags.make' has modification time 1766048156 s in the future
[2.316s] gmake[2]: warning:  Clock skew detected.  Your build may be incomplete.
[2.375s] [ 23%] Built target ackermann_msgs__rosidl_typesupport_c
[2.381s] [ 33%] Built target ackermann_msgs__rosidl_typesupport_fastrtps_c
[2.423s] gmake[2]: Warning: File 'CMakeFiles/ament_cmake_python_build_ackermann_msgs_egg.dir/progress.make' has modification time 1766048156 s in the future
[2.431s] [ 43%] Built target ackermann_msgs__rosidl_typesupport_introspection_cpp
[2.450s] [ 53%] Built target ackermann_msgs__rosidl_typesupport_introspection_c
[2.460s] [ 64%] Built target ackermann_msgs__rosidl_typesupport_fastrtps_cpp
[2.535s] [ 74%] Built target ackermann_msgs__rosidl_typesupport_cpp
[2.539s] gmake[2]: warning:  Clock skew detected.  Your build may be incomplete.
[2.565s] gmake[2]: Warning: File 'CMakeFiles/ackermann_msgs.dir/progress.make' has modification time 1766048156 s in the future
[2.580s] gmake[2]: Warning: File 'CMakeFiles/ament_cmake_python_build_ackermann_msgs_egg.dir/progress.make' has modification time 1766048156 s in the future
[2.757s] gmake[2]: warning:  Clock skew detected.  Your build may be incomplete.
[2.806s] gmake[2]: Warning: File 'CMakeFiles/ackermann_msgs.dir/progress.make' has modification time 1766048156 s in the future
[2.806s] gmake[2]: warning:  Clock skew detected.  Your build may be incomplete.
[2.977s] [ 74%] Built target ackermann_msgs
[3.020s] gmake[2]: Warning: File 'ackermann_msgs__py/CMakeFiles/ackermann_msgs__py.dir/progress.make' has modification time 1766048155 s in the future
[3.299s] gmake[2]: warning:  Clock skew detected.  Your build may be incomplete.
[3.361s] gmake[2]: Warning: File 'ackermann_msgs__py/CMakeFiles/ackermann_msgs__py.dir/progress.make' has modification time 1766048155 s in the future
[3.363s] gmake[2]: warning:  Clock skew detected.  Your build may be incomplete.
[3.685s] [ 76%] Built target ackermann_msgs__py
[3.776s] gmake[2]: Warning: File 'CMakeFiles/ackermann_msgs__rosidl_generator_py.dir/flags.make' has modification time 1766048155 s in the future
[4.140s] gmake[2]: warning:  Clock skew detected.  Your build may be incomplete.
[4.212s] gmake[2]: Warning: File 'CMakeFiles/ackermann_msgs__rosidl_generator_py.dir/flags.make' has modification time 1766048154 s in the future
[4.219s] gmake[2]: warning:  Clock skew detected.  Your build may be incomplete.
[4.549s] [ 84%] Built target ackermann_msgs__rosidl_generator_py
[4.617s] gmake[2]: Warning: File 'CMakeFiles/ackermann_msgs__rosidl_typesupport_fastrtps_c__pyext.dir/flags.make' has modification time 1766048154 s in the future
[4.640s] gmake[2]: Warning: File 'CMakeFiles/ackermann_msgs__rosidl_typesupport_introspection_c__pyext.dir/flags.make' has modification time 1766048154 s in the future
[4.664s] gmake[2]: Warning: File 'CMakeFiles/ackermann_msgs__rosidl_typesupport_c__pyext.dir/flags.make' has modification time 1766048154 s in the future
[5.034s] gmake[2]: warning:  Clock skew detected.  Your build may be incomplete.
[5.047s] gmake[2]: warning:  Clock skew detected.  Your build may be incomplete.
[5.083s] gmake[2]: Warning: File 'CMakeFiles/ackermann_msgs__rosidl_typesupport_fastrtps_c__pyext.dir/flags.make' has modification time 1766048153 s in the future
[5.091s] gmake[2]: warning:  Clock skew detected.  Your build may be incomplete.
[5.111s] gmake[2]: Warning: File 'CMakeFiles/ackermann_msgs__rosidl_typesupport_introspection_c__pyext.dir/flags.make' has modification time 1766048153 s in the future
[5.128s] gmake[2]: warning:  Clock skew detected.  Your build may be incomplete.
[5.135s] gmake[2]: warning:  Clock skew detected.  Your build may be incomplete.
[5.189s] gmake[2]: Warning: File 'CMakeFiles/ackermann_msgs__rosidl_typesupport_c__pyext.dir/flags.make' has modification time 1766048153 s in the future
[5.204s] gmake[2]: warning:  Clock skew detected.  Your build may be incomplete.
[5.347s] running egg_info
[5.351s] writing ackermann_msgs.egg-info/PKG-INFO
[5.352s] writing dependency_links to ackermann_msgs.egg-info/dependency_links.txt
[5.352s] writing top-level names to ackermann_msgs.egg-info/top_level.txt
[5.401s] reading manifest file 'ackermann_msgs.egg-info/SOURCES.txt'
[5.402s] writing manifest file 'ackermann_msgs.egg-info/SOURCES.txt'
[5.441s] [ 89%] Built target ackermann_msgs__rosidl_typesupport_fastrtps_c__pyext
[5.452s] [ 94%] Built target ackermann_msgs__rosidl_typesupport_introspection_c__pyext
[5.483s] [100%] Built target ackermann_msgs__rosidl_typesupport_c__pyext
[5.530s] gmake[2]: warning:  Clock skew detected.  Your build may be incomplete.
[5.672s] [100%] Built target ament_cmake_python_build_ackermann_msgs_egg
[5.674s] gmake[1]: warning:  Clock skew detected.  Your build may be incomplete.
[5.857s] gmake: warning:  Clock skew detected.  Your build may be incomplete.
[5.869s] Invoked command in '/home/wheeltec/wheeltec_ros2/build/ackermann_msgs' returned '0': CMAKE_PREFIX_PATH=${CMAKE_PREFIX_PATH}:/home/wheeltec/wheeltec_ros2/install/simple_follower_ros2:/home/wheeltec/wheeltec_ros2/install/wheeltec_robot_keyboard:/home/wheeltec/wheeltec_ros2/install/wheeltec_dual_rtk_driver:/home/wheeltec/wheeltec_ros2/install/ultralytics_ros2:/home/wheeltec/wheeltec_ros2/install/tf2_tools:/home/wheeltec/wheeltec_ros2/install/ollama_ros_chat:/home/wheeltec/wheeltec_ros2/install/nmea_navsat_driver:/home/wheeltec/wheeltec_ros2/install/nav2_waypoint_cycle:/home/wheeltec/wheeltec_ros2/install/nav2_simple_commander:/home/wheeltec/wheeltec_ros2/install/largemodel:/home/wheeltec/wheeltec_ros2/install/auto_recharge_ros2:/home/wheeltec/autoware/install/autoware_wheeltec_interface:/home/wheeltec/autoware/install/autoware_multi_point:/home/wheeltec/autoware/install/ad_api_visualizers:/opt/ros/humble /usr/bin/cmake --build /home/wheeltec/wheeltec_ros2/build/ackermann_msgs -- -j6 -l6
[5.889s] Invoking command in '/home/wheeltec/wheeltec_ros2/build/ackermann_msgs': CMAKE_PREFIX_PATH=${CMAKE_PREFIX_PATH}:/home/wheeltec/wheeltec_ros2/install/simple_follower_ros2:/home/wheeltec/wheeltec_ros2/install/wheeltec_robot_keyboard:/home/wheeltec/wheeltec_ros2/install/wheeltec_dual_rtk_driver:/home/wheeltec/wheeltec_ros2/install/ultralytics_ros2:/home/wheeltec/wheeltec_ros2/install/tf2_tools:/home/wheeltec/wheeltec_ros2/install/ollama_ros_chat:/home/wheeltec/wheeltec_ros2/install/nmea_navsat_driver:/home/wheeltec/wheeltec_ros2/install/nav2_waypoint_cycle:/home/wheeltec/wheeltec_ros2/install/nav2_simple_commander:/home/wheeltec/wheeltec_ros2/install/largemodel:/home/wheeltec/wheeltec_ros2/install/auto_recharge_ros2:/home/wheeltec/autoware/install/autoware_wheeltec_interface:/home/wheeltec/autoware/install/autoware_multi_point:/home/wheeltec/autoware/install/ad_api_visualizers:/opt/ros/humble /usr/bin/cmake --install /home/wheeltec/wheeltec_ros2/build/ackermann_msgs
[6.056s] -- Install configuration: ""
[6.058s] -- Execute custom install script
[6.058s] -- Up-to-date symlink: /home/wheeltec/wheeltec_ros2/install/ackermann_msgs/share/ament_index/resource_index/rosidl_interfaces/ackermann_msgs
[6.059s] -- Up-to-date symlink: /home/wheeltec/wheeltec_ros2/install/ackermann_msgs/include/ackermann_msgs/ackermann_msgs/msg/ackermann_drive.h
[6.059s] -- Up-to-date symlink: /home/wheeltec/wheeltec_ros2/install/ackermann_msgs/include/ackermann_msgs/ackermann_msgs/msg/ackermann_drive_stamped.h
[6.060s] -- Up-to-date symlink: /home/wheeltec/wheeltec_ros2/install/ackermann_msgs/include/ackermann_msgs/ackermann_msgs/msg/detail/ackermann_drive__functions.h
[6.060s] -- Up-to-date symlink: /home/wheeltec/wheeltec_ros2/install/ackermann_msgs/include/ackermann_msgs/ackermann_msgs/msg/detail/ackermann_drive__struct.h
[6.060s] -- Up-to-date symlink: /home/wheeltec/wheeltec_ros2/install/ackermann_msgs/include/ackermann_msgs/ackermann_msgs/msg/detail/ackermann_drive__type_support.h
[6.060s] -- Up-to-date symlink: /home/wheeltec/wheeltec_ros2/install/ackermann_msgs/include/ackermann_msgs/ackermann_msgs/msg/detail/ackermann_drive_stamped__functions.h
[6.060s] -- Up-to-date symlink: /home/wheeltec/wheeltec_ros2/install/ackermann_msgs/include/ackermann_msgs/ackermann_msgs/msg/detail/ackermann_drive_stamped__struct.h
[6.061s] -- Up-to-date symlink: /home/wheeltec/wheeltec_ros2/install/ackermann_msgs/include/ackermann_msgs/ackermann_msgs/msg/detail/ackermann_drive_stamped__type_support.h
[6.061s] -- Up-to-date symlink: /home/wheeltec/wheeltec_ros2/install/ackermann_msgs/include/ackermann_msgs/ackermann_msgs/msg/rosidl_generator_c__visibility_control.h
[6.061s] -- Up-to-date symlink: /home/wheeltec/wheeltec_ros2/install/ackermann_msgs/share/ackermann_msgs/environment/library_path.sh
[6.061s] -- Up-to-date symlink: /home/wheeltec/wheeltec_ros2/install/ackermann_msgs/share/ackermann_msgs/environment/library_path.dsv
[6.062s] -- Up-to-date symlink: /home/wheeltec/wheeltec_ros2/install/ackermann_msgs/include/ackermann_msgs/ackermann_msgs/msg/detail/ackermann_drive__rosidl_typesupport_fastrtps_c.h
[6.062s] -- Up-to-date symlink: /home/wheeltec/wheeltec_ros2/install/ackermann_msgs/include/ackermann_msgs/ackermann_msgs/msg/detail/ackermann_drive_stamped__rosidl_typesupport_fastrtps_c.h
[6.063s] -- Up-to-date symlink: /home/wheeltec/wheeltec_ros2/install/ackermann_msgs/include/ackermann_msgs/ackermann_msgs/msg/rosidl_typesupport_fastrtps_c__visibility_control.h
[6.064s] -- Up-to-date symlink: /home/wheeltec/wheeltec_ros2/install/ackermann_msgs/include/ackermann_msgs/ackermann_msgs/msg/detail/ackermann_drive__rosidl_typesupport_introspection_c.h
[6.064s] -- Up-to-date symlink: /home/wheeltec/wheeltec_ros2/install/ackermann_msgs/include/ackermann_msgs/ackermann_msgs/msg/detail/ackermann_drive_stamped__rosidl_typesupport_introspection_c.h
[6.065s] -- Up-to-date symlink: /home/wheeltec/wheeltec_ros2/install/ackermann_msgs/include/ackermann_msgs/ackermann_msgs/msg/rosidl_typesupport_introspection_c__visibility_control.h
[6.065s] -- Up-to-date symlink: /home/wheeltec/wheeltec_ros2/install/ackermann_msgs/include/ackermann_msgs/ackermann_msgs/msg/ackermann_drive.hpp
[6.065s] -- Up-to-date symlink: /home/wheeltec/wheeltec_ros2/install/ackermann_msgs/include/ackermann_msgs/ackermann_msgs/msg/ackermann_drive_stamped.hpp
[6.066s] -- Up-to-date symlink: /home/wheeltec/wheeltec_ros2/install/ackermann_msgs/include/ackermann_msgs/ackermann_msgs/msg/detail/ackermann_drive__builder.hpp
[6.066s] -- Up-to-date symlink: /home/wheeltec/wheeltec_ros2/install/ackermann_msgs/include/ackermann_msgs/ackermann_msgs/msg/detail/ackermann_drive__struct.hpp
[6.066s] -- Up-to-date symlink: /home/wheeltec/wheeltec_ros2/install/ackermann_msgs/include/ackermann_msgs/ackermann_msgs/msg/detail/ackermann_drive__traits.hpp
[6.066s] -- Up-to-date symlink: /home/wheeltec/wheeltec_ros2/install/ackermann_msgs/include/ackermann_msgs/ackermann_msgs/msg/detail/ackermann_drive__type_support.hpp
[6.066s] -- Up-to-date symlink: /home/wheeltec/wheeltec_ros2/install/ackermann_msgs/include/ackermann_msgs/ackermann_msgs/msg/detail/ackermann_drive_stamped__builder.hpp
[6.067s] -- Up-to-date symlink: /home/wheeltec/wheeltec_ros2/install/ackermann_msgs/include/ackermann_msgs/ackermann_msgs/msg/detail/ackermann_drive_stamped__struct.hpp
[6.067s] -- Up-to-date symlink: /home/wheeltec/wheeltec_ros2/install/ackermann_msgs/include/ackermann_msgs/ackermann_msgs/msg/detail/ackermann_drive_stamped__traits.hpp
[6.067s] -- Up-to-date symlink: /home/wheeltec/wheeltec_ros2/install/ackermann_msgs/include/ackermann_msgs/ackermann_msgs/msg/detail/ackermann_drive_stamped__type_support.hpp
[6.067s] -- Up-to-date symlink: /home/wheeltec/wheeltec_ros2/install/ackermann_msgs/include/ackermann_msgs/ackermann_msgs/msg/rosidl_generator_cpp__visibility_control.hpp
[6.070s] -- Up-to-date symlink: /home/wheeltec/wheeltec_ros2/install/ackermann_msgs/include/ackermann_msgs/ackermann_msgs/msg/detail/ackermann_drive__rosidl_typesupport_fastrtps_cpp.hpp
[6.070s] -- Up-to-date symlink: /home/wheeltec/wheeltec_ros2/install/ackermann_msgs/include/ackermann_msgs/ackermann_msgs/msg/detail/ackermann_drive_stamped__rosidl_typesupport_fastrtps_cpp.hpp
[6.070s] -- Up-to-date symlink: /home/wheeltec/wheeltec_ros2/install/ackermann_msgs/include/ackermann_msgs/ackermann_msgs/msg/rosidl_typesupport_fastrtps_cpp__visibility_control.h
[6.070s] -- Up-to-date symlink: /home/wheeltec/wheeltec_ros2/install/ackermann_msgs/include/ackermann_msgs/ackermann_msgs/msg/detail/ackermann_drive__rosidl_typesupport_introspection_cpp.hpp
[6.070s] -- Up-to-date symlink: /home/wheeltec/wheeltec_ros2/install/ackermann_msgs/include/ackermann_msgs/ackermann_msgs/msg/detail/ackermann_drive_stamped__rosidl_typesupport_introspection_cpp.hpp
[6.071s] -- Up-to-date symlink: /home/wheeltec/wheeltec_ros2/install/ackermann_msgs/share/ackermann_msgs/environment/pythonpath.sh
[6.071s] -- Up-to-date symlink: /home/wheeltec/wheeltec_ros2/install/ackermann_msgs/share/ackermann_msgs/environment/pythonpath.dsv
[6.071s] -- Up-to-date symlink: /home/wheeltec/wheeltec_ros2/install/ackermann_msgs/local/lib/python3.10/dist-packages/ackermann_msgs-2.0.2-py3.10.egg-info/PKG-INFO
[6.071s] -- Up-to-date symlink: /home/wheeltec/wheeltec_ros2/install/ackermann_msgs/local/lib/python3.10/dist-packages/ackermann_msgs-2.0.2-py3.10.egg-info/SOURCES.txt
[6.071s] -- Up-to-date symlink: /home/wheeltec/wheeltec_ros2/install/ackermann_msgs/local/lib/python3.10/dist-packages/ackermann_msgs-2.0.2-py3.10.egg-info/dependency_links.txt
[6.071s] -- Up-to-date symlink: /home/wheeltec/wheeltec_ros2/install/ackermann_msgs/local/lib/python3.10/dist-packages/ackermann_msgs-2.0.2-py3.10.egg-info/top_level.txt
[6.072s] -- Up-to-date symlink: /home/wheeltec/wheeltec_ros2/install/ackermann_msgs/local/lib/python3.10/dist-packages/ackermann_msgs/__init__.py
[6.072s] -- Up-to-date symlink: /home/wheeltec/wheeltec_ros2/install/ackermann_msgs/local/lib/python3.10/dist-packages/ackermann_msgs/_ackermann_msgs_s.ep.rosidl_typesupport_c.c
[6.072s] -- Up-to-date symlink: /home/wheeltec/wheeltec_ros2/install/ackermann_msgs/local/lib/python3.10/dist-packages/ackermann_msgs/_ackermann_msgs_s.ep.rosidl_typesupport_fastrtps_c.c
[6.073s] -- Up-to-date symlink: /home/wheeltec/wheeltec_ros2/install/ackermann_msgs/local/lib/python3.10/dist-packages/ackermann_msgs/_ackermann_msgs_s.ep.rosidl_typesupport_introspection_c.c
[6.073s] -- Up-to-date symlink: /home/wheeltec/wheeltec_ros2/install/ackermann_msgs/local/lib/python3.10/dist-packages/ackermann_msgs/ackermann_msgs_s__rosidl_typesupport_c.cpython-310-aarch64-linux-gnu.so
[6.073s] -- Up-to-date symlink: /home/wheeltec/wheeltec_ros2/install/ackermann_msgs/local/lib/python3.10/dist-packages/ackermann_msgs/ackermann_msgs_s__rosidl_typesupport_fastrtps_c.cpython-310-aarch64-linux-gnu.so
[6.073s] -- Up-to-date symlink: /home/wheeltec/wheeltec_ros2/install/ackermann_msgs/local/lib/python3.10/dist-packages/ackermann_msgs/ackermann_msgs_s__rosidl_typesupport_introspection_c.cpython-310-aarch64-linux-gnu.so
[6.074s] -- Up-to-date symlink: /home/wheeltec/wheeltec_ros2/install/ackermann_msgs/local/lib/python3.10/dist-packages/ackermann_msgs/libackermann_msgs__rosidl_generator_py.so
[6.074s] -- Up-to-date symlink: /home/wheeltec/wheeltec_ros2/install/ackermann_msgs/local/lib/python3.10/dist-packages/ackermann_msgs/msg/__init__.py
[6.074s] -- Up-to-date symlink: /home/wheeltec/wheeltec_ros2/install/ackermann_msgs/local/lib/python3.10/dist-packages/ackermann_msgs/msg/_ackermann_drive.py
[6.074s] -- Up-to-date symlink: /home/wheeltec/wheeltec_ros2/install/ackermann_msgs/local/lib/python3.10/dist-packages/ackermann_msgs/msg/_ackermann_drive_s.c
[6.075s] -- Up-to-date symlink: /home/wheeltec/wheeltec_ros2/install/ackermann_msgs/local/lib/python3.10/dist-packages/ackermann_msgs/msg/_ackermann_drive_stamped.py
[6.075s] -- Up-to-date symlink: /home/wheeltec/wheeltec_ros2/install/ackermann_msgs/local/lib/python3.10/dist-packages/ackermann_msgs/msg/_ackermann_drive_stamped_s.c
[6.088s] -- Up-to-date symlink: /home/wheeltec/wheeltec_ros2/install/ackermann_msgs/local/lib/python3.10/dist-packages/ackermann_msgs/ackermann_msgs_s__rosidl_typesupport_fastrtps_c.cpython-310-aarch64-linux-gnu.so
[6.096s] -- Up-to-date symlink: /home/wheeltec/wheeltec_ros2/install/ackermann_msgs/local/lib/python3.10/dist-packages/ackermann_msgs/ackermann_msgs_s__rosidl_typesupport_introspection_c.cpython-310-aarch64-linux-gnu.so
[6.097s] -- Up-to-date symlink: /home/wheeltec/wheeltec_ros2/install/ackermann_msgs/local/lib/python3.10/dist-packages/ackermann_msgs/ackermann_msgs_s__rosidl_typesupport_c.cpython-310-aarch64-linux-gnu.so
[6.097s] -- Up-to-date symlink: /home/wheeltec/wheeltec_ros2/install/ackermann_msgs/share/ackermann_msgs/msg/AckermannDrive.idl
[6.097s] -- Up-to-date symlink: /home/wheeltec/wheeltec_ros2/install/ackermann_msgs/share/ackermann_msgs/msg/AckermannDriveStamped.idl
[6.097s] -- Up-to-date symlink: /home/wheeltec/wheeltec_ros2/install/ackermann_msgs/share/ackermann_msgs/msg/AckermannDrive.msg
[6.097s] -- Up-to-date symlink: /home/wheeltec/wheeltec_ros2/install/ackermann_msgs/share/ackermann_msgs/msg/AckermannDriveStamped.msg
[6.098s] -- Up-to-date symlink: /home/wheeltec/wheeltec_ros2/install/ackermann_msgs/share/ament_index/resource_index/package_run_dependencies/ackermann_msgs
[6.098s] -- Up-to-date symlink: /home/wheeltec/wheeltec_ros2/install/ackermann_msgs/share/ament_index/resource_index/parent_prefix_path/ackermann_msgs
[6.098s] -- Up-to-date symlink: /home/wheeltec/wheeltec_ros2/install/ackermann_msgs/share/ackermann_msgs/environment/ament_prefix_path.sh
[6.099s] -- Up-to-date symlink: /home/wheeltec/wheeltec_ros2/install/ackermann_msgs/share/ackermann_msgs/environment/ament_prefix_path.dsv
[6.099s] -- Up-to-date symlink: /home/wheeltec/wheeltec_ros2/install/ackermann_msgs/share/ackermann_msgs/environment/path.sh
[6.099s] -- Up-to-date symlink: /home/wheeltec/wheeltec_ros2/install/ackermann_msgs/share/ackermann_msgs/environment/path.dsv
[6.100s] -- Up-to-date symlink: /home/wheeltec/wheeltec_ros2/install/ackermann_msgs/share/ackermann_msgs/local_setup.bash
[6.100s] -- Up-to-date symlink: /home/wheeltec/wheeltec_ros2/install/ackermann_msgs/share/ackermann_msgs/local_setup.sh
[6.100s] -- Up-to-date symlink: /home/wheeltec/wheeltec_ros2/install/ackermann_msgs/share/ackermann_msgs/local_setup.zsh
[6.100s] -- Up-to-date symlink: /home/wheeltec/wheeltec_ros2/install/ackermann_msgs/share/ackermann_msgs/local_setup.dsv
[6.101s] -- Symlinking: /home/wheeltec/wheeltec_ros2/install/ackermann_msgs/share/ackermann_msgs/package.dsv
[6.242s] -- Up-to-date symlink: /home/wheeltec/wheeltec_ros2/install/ackermann_msgs/share/ament_index/resource_index/packages/ackermann_msgs
[6.243s] -- Up-to-date symlink: /home/wheeltec/wheeltec_ros2/install/ackermann_msgs/share/ackermann_msgs/cmake/rosidl_cmake-extras.cmake
[6.243s] -- Up-to-date symlink: /home/wheeltec/wheeltec_ros2/install/ackermann_msgs/share/ackermann_msgs/cmake/ament_cmake_export_dependencies-extras.cmake
[6.243s] -- Up-to-date symlink: /home/wheeltec/wheeltec_ros2/install/ackermann_msgs/share/ackermann_msgs/cmake/ament_cmake_export_include_directories-extras.cmake
[6.243s] -- Up-to-date symlink: /home/wheeltec/wheeltec_ros2/install/ackermann_msgs/share/ackermann_msgs/cmake/ament_cmake_export_libraries-extras.cmake
[6.243s] -- Up-to-date symlink: /home/wheeltec/wheeltec_ros2/install/ackermann_msgs/share/ackermann_msgs/cmake/ament_cmake_export_targets-extras.cmake
[6.243s] -- Up-to-date symlink: /home/wheeltec/wheeltec_ros2/install/ackermann_msgs/share/ackermann_msgs/cmake/rosidl_cmake_export_typesupport_targets-extras.cmake
[6.244s] -- Up-to-date symlink: /home/wheeltec/wheeltec_ros2/install/ackermann_msgs/share/ackermann_msgs/cmake/rosidl_cmake_export_typesupport_libraries-extras.cmake
[6.244s] -- Up-to-date symlink: /home/wheeltec/wheeltec_ros2/install/ackermann_msgs/share/ackermann_msgs/cmake/ackermann_msgsConfig.cmake
[6.244s] -- Up-to-date symlink: /home/wheeltec/wheeltec_ros2/install/ackermann_msgs/share/ackermann_msgs/cmake/ackermann_msgsConfig-version.cmake
[6.244s] -- Up-to-date symlink: /home/wheeltec/wheeltec_ros2/install/ackermann_msgs/share/ackermann_msgs/package.xml
[6.246s] -- Up-to-date: /home/wheeltec/wheeltec_ros2/install/ackermann_msgs/lib/libackermann_msgs__rosidl_generator_c.so
[6.246s] -- Up-to-date: /home/wheeltec/wheeltec_ros2/install/ackermann_msgs/lib/libackermann_msgs__rosidl_typesupport_fastrtps_c.so
[6.246s] -- Up-to-date: /home/wheeltec/wheeltec_ros2/install/ackermann_msgs/lib/libackermann_msgs__rosidl_typesupport_introspection_c.so
[6.246s] -- Up-to-date: /home/wheeltec/wheeltec_ros2/install/ackermann_msgs/lib/libackermann_msgs__rosidl_typesupport_c.so
[6.246s] -- Up-to-date: /home/wheeltec/wheeltec_ros2/install/ackermann_msgs/lib/libackermann_msgs__rosidl_typesupport_fastrtps_cpp.so
[6.246s] -- Up-to-date: /home/wheeltec/wheeltec_ros2/install/ackermann_msgs/lib/libackermann_msgs__rosidl_typesupport_introspection_cpp.so
[6.255s] -- Up-to-date: /home/wheeltec/wheeltec_ros2/install/ackermann_msgs/lib/libackermann_msgs__rosidl_typesupport_cpp.so
[6.692s] Listing '/home/wheeltec/wheeltec_ros2/install/ackermann_msgs/local/lib/python3.10/dist-packages/ackermann_msgs'...
[6.692s] Listing '/home/wheeltec/wheeltec_ros2/install/ackermann_msgs/local/lib/python3.10/dist-packages/ackermann_msgs/msg'...
[6.726s] -- Up-to-date: /home/wheeltec/wheeltec_ros2/install/ackermann_msgs/lib/libackermann_msgs__rosidl_generator_py.so
[6.726s] -- Up-to-date: /home/wheeltec/wheeltec_ros2/install/ackermann_msgs/share/ackermann_msgs/cmake/export_ackermann_msgs__rosidl_generator_cExport.cmake
[6.726s] -- Up-to-date: /home/wheeltec/wheeltec_ros2/install/ackermann_msgs/share/ackermann_msgs/cmake/export_ackermann_msgs__rosidl_generator_cExport-noconfig.cmake
[6.726s] -- Up-to-date: /home/wheeltec/wheeltec_ros2/install/ackermann_msgs/share/ackermann_msgs/cmake/export_ackermann_msgs__rosidl_typesupport_fastrtps_cExport.cmake
[6.727s] -- Up-to-date: /home/wheeltec/wheeltec_ros2/install/ackermann_msgs/share/ackermann_msgs/cmake/export_ackermann_msgs__rosidl_typesupport_fastrtps_cExport-noconfig.cmake
[6.727s] -- Up-to-date: /home/wheeltec/wheeltec_ros2/install/ackermann_msgs/share/ackermann_msgs/cmake/ackermann_msgs__rosidl_typesupport_introspection_cExport.cmake
[6.727s] -- Up-to-date: /home/wheeltec/wheeltec_ros2/install/ackermann_msgs/share/ackermann_msgs/cmake/ackermann_msgs__rosidl_typesupport_introspection_cExport-noconfig.cmake
[6.727s] -- Up-to-date: /home/wheeltec/wheeltec_ros2/install/ackermann_msgs/share/ackermann_msgs/cmake/ackermann_msgs__rosidl_typesupport_cExport.cmake
[6.727s] -- Up-to-date: /home/wheeltec/wheeltec_ros2/install/ackermann_msgs/share/ackermann_msgs/cmake/ackermann_msgs__rosidl_typesupport_cExport-noconfig.cmake
[6.727s] -- Up-to-date: /home/wheeltec/wheeltec_ros2/install/ackermann_msgs/share/ackermann_msgs/cmake/export_ackermann_msgs__rosidl_generator_cppExport.cmake
[6.727s] -- Up-to-date: /home/wheeltec/wheeltec_ros2/install/ackermann_msgs/share/ackermann_msgs/cmake/export_ackermann_msgs__rosidl_typesupport_fastrtps_cppExport.cmake
[6.727s] -- Up-to-date: /home/wheeltec/wheeltec_ros2/install/ackermann_msgs/share/ackermann_msgs/cmake/export_ackermann_msgs__rosidl_typesupport_fastrtps_cppExport-noconfig.cmake
[6.728s] -- Up-to-date: /home/wheeltec/wheeltec_ros2/install/ackermann_msgs/share/ackermann_msgs/cmake/ackermann_msgs__rosidl_typesupport_introspection_cppExport.cmake
[6.728s] -- Up-to-date: /home/wheeltec/wheeltec_ros2/install/ackermann_msgs/share/ackermann_msgs/cmake/ackermann_msgs__rosidl_typesupport_introspection_cppExport-noconfig.cmake
[6.728s] -- Up-to-date: /home/wheeltec/wheeltec_ros2/install/ackermann_msgs/share/ackermann_msgs/cmake/ackermann_msgs__rosidl_typesupport_cppExport.cmake
[6.728s] -- Up-to-date: /home/wheeltec/wheeltec_ros2/install/ackermann_msgs/share/ackermann_msgs/cmake/ackermann_msgs__rosidl_typesupport_cppExport-noconfig.cmake
[6.728s] -- Up-to-date: /home/wheeltec/wheeltec_ros2/install/ackermann_msgs/share/ackermann_msgs/cmake/export_ackermann_msgs__rosidl_generator_pyExport.cmake
[6.728s] -- Up-to-date: /home/wheeltec/wheeltec_ros2/install/ackermann_msgs/share/ackermann_msgs/cmake/export_ackermann_msgs__rosidl_generator_pyExport-noconfig.cmake
[6.777s] Invoked command in '/home/wheeltec/wheeltec_ros2/build/ackermann_msgs' returned '0': CMAKE_PREFIX_PATH=${CMAKE_PREFIX_PATH}:/home/wheeltec/wheeltec_ros2/install/simple_follower_ros2:/home/wheeltec/wheeltec_ros2/install/wheeltec_robot_keyboard:/home/wheeltec/wheeltec_ros2/install/wheeltec_dual_rtk_driver:/home/wheeltec/wheeltec_ros2/install/ultralytics_ros2:/home/wheeltec/wheeltec_ros2/install/tf2_tools:/home/wheeltec/wheeltec_ros2/install/ollama_ros_chat:/home/wheeltec/wheeltec_ros2/install/nmea_navsat_driver:/home/wheeltec/wheeltec_ros2/install/nav2_waypoint_cycle:/home/wheeltec/wheeltec_ros2/install/nav2_simple_commander:/home/wheeltec/wheeltec_ros2/install/largemodel:/home/wheeltec/wheeltec_ros2/install/auto_recharge_ros2:/home/wheeltec/autoware/install/autoware_wheeltec_interface:/home/wheeltec/autoware/install/autoware_multi_point:/home/wheeltec/autoware/install/ad_api_visualizers:/opt/ros/humble /usr/bin/cmake --install /home/wheeltec/wheeltec_ros2/build/ackermann_msgs
