[01m[K/home/wheeltec/wheeltec_ros2/src/navigation2-humble/nav2_mppi_controller/test/noise_generator_test.cpp:[m[K In member function ‘[01m[Kvirtual void NoiseGeneratorTest_NoiseGeneratorLifecycle_Test::TestBody()[m[K’:
[01m[K/home/wheeltec/wheeltec_ros2/src/navigation2-humble/nav2_mppi_controller/test/noise_generator_test.cpp:45:23:[m[K [01;31m[Kerror: [m[Kno matching function for call to ‘[01m[Kmppi::NoiseGenerator::initialize(mppi::models::OptimizerSettings&, bool)[m[K’
   45 |   [01;31m[Kgenerator.initialize(settings, false)[m[K;
      |   [01;31m[K~~~~~~~~~~~~~~~~~~~~^~~~~~~~~~~~~~~~~[m[K
In file included from [01m[K/home/wheeltec/wheeltec_ros2/src/navigation2-humble/nav2_mppi_controller/test/noise_generator_test.cpp:20[m[K:
[01m[K/opt/ros/humble/include/nav2_mppi_controller/tools/noise_generator.hpp:54:8:[m[K [01;36m[Knote: [m[Kcandidate: ‘[01m[Kvoid mppi::NoiseGenerator::initialize(mppi::models::OptimizerSettings&, bool, const string&, mppi::ParametersHandler*)[m[K’
   54 |   void [01;36m[Kinitialize[m[K(
      |        [01;36m[K^~~~~~~~~~[m[K
[01m[K/opt/ros/humble/include/nav2_mppi_controller/tools/noise_generator.hpp:54:8:[m[K [01;36m[Knote: [m[K  candidate expects 4 arguments, 2 provided
[01m[K/home/wheeltec/wheeltec_ros2/src/navigation2-humble/nav2_mppi_controller/test/noise_generator_test.cpp:[m[K In member function ‘[01m[Kvirtual void NoiseGeneratorTest_NoiseGeneratorMain_Test::TestBody()[m[K’:
[01m[K/home/wheeltec/wheeltec_ros2/src/navigation2-humble/nav2_mppi_controller/test/noise_generator_test.cpp:73:23:[m[K [01;31m[Kerror: [m[Kno matching function for call to ‘[01m[Kmppi::NoiseGenerator::initialize(mppi::models::OptimizerSettings&, bool)[m[K’
   73 |   [01;31m[Kgenerator.initialize(settings, false)[m[K;
      |   [01;31m[K~~~~~~~~~~~~~~~~~~~~^~~~~~~~~~~~~~~~~[m[K
In file included from [01m[K/home/wheeltec/wheeltec_ros2/src/navigation2-humble/nav2_mppi_controller/test/noise_generator_test.cpp:20[m[K:
[01m[K/opt/ros/humble/include/nav2_mppi_controller/tools/noise_generator.hpp:54:8:[m[K [01;36m[Knote: [m[Kcandidate: ‘[01m[Kvoid mppi::NoiseGenerator::initialize(mppi::models::OptimizerSettings&, bool, const string&, mppi::ParametersHandler*)[m[K’
   54 |   void [01;36m[Kinitialize[m[K(
      |        [01;36m[K^~~~~~~~~~[m[K
[01m[K/opt/ros/humble/include/nav2_mppi_controller/tools/noise_generator.hpp:54:8:[m[K [01;36m[Knote: [m[K  candidate expects 4 arguments, 2 provided
gmake[2]: *** [test/CMakeFiles/noise_generator_test.dir/build.make:76: test/CMakeFiles/noise_generator_test.dir/noise_generator_test.cpp.o] Error 1
gmake[1]: *** [CMakeFiles/Makefile2:334: test/CMakeFiles/noise_generator_test.dir/all] Error 2
gmake[1]: *** Waiting for unfinished jobs....
gmake: *** [Makefile:146: all] Error 2
