[0.192s] Invoking command in '/home/wheeltec/wheeltec_ros2/build/lio_sam': CMAKE_PREFIX_PATH=${CMAKE_PREFIX_PATH}:/home/wheeltec/wheeltec_ros2/install/wheeltec_dual_rtk_driver:/home/wheeltec/wheeltec_ros2/install/ultralytics_ros2:/home/wheeltec/wheeltec_ros2/install/tf2_tools:/home/wheeltec/wheeltec_ros2/install/nav2_waypoint_cycle:/home/wheeltec/wheeltec_ros2/install/nav2_simple_commander:/home/wheeltec/wheeltec_ros2/install/auto_recharge_ros2:/home/wheeltec/autoware/install/autoware_wheeltec_interface:/home/wheeltec/autoware/install/ad_api_visualizers:/opt/ros/humble /usr/bin/cmake --build /home/wheeltec/wheeltec_ros2/build/lio_sam -- -j6 -l6
[0.439s] [35m[1mConsolidate compiler generated dependencies of target lio_sam__rosidl_generator_c[0m
[0.454s] [  2%] Built target lio_sam__cpp
[0.470s] [  2%] Built target ament_cmake_python_symlink_lio_sam
[0.499s] [ 10%] Built target lio_sam__rosidl_generator_c
[0.516s] [35m[1mConsolidate compiler generated dependencies of target lio_sam__rosidl_typesupport_fastrtps_cpp[0m
[0.527s] [35m[1mConsolidate compiler generated dependencies of target lio_sam__rosidl_typesupport_cpp[0m
[0.537s] [35m[1mConsolidate compiler generated dependencies of target lio_sam__rosidl_typesupport_introspection_cpp[0m
[0.555s] [35m[1mConsolidate compiler generated dependencies of target lio_sam__rosidl_typesupport_introspection_c[0m
[0.562s] [35m[1mConsolidate compiler generated dependencies of target lio_sam__rosidl_typesupport_fastrtps_c[0m
[0.602s] [ 18%] Built target lio_sam__rosidl_typesupport_fastrtps_cpp
[0.618s] [ 26%] Built target lio_sam__rosidl_typesupport_introspection_cpp
[0.626s] [ 34%] Built target lio_sam__rosidl_typesupport_cpp
[0.651s] [ 42%] Built target lio_sam__rosidl_typesupport_introspection_c
[0.666s] [ 51%] Built target lio_sam__rosidl_typesupport_fastrtps_c
[0.695s] [35m[1mConsolidate compiler generated dependencies of target lio_sam_featureExtraction[0m
[0.715s] [35m[1mConsolidate compiler generated dependencies of target lio_sam__rosidl_typesupport_c[0m
[0.737s] [35m[1mConsolidate compiler generated dependencies of target lio_sam_imuPreintegration[0m
[0.751s] [35m[1mConsolidate compiler generated dependencies of target lio_sam_imageProjection[0m
[0.777s] [ 59%] Built target lio_sam__rosidl_typesupport_c
[0.778s] [35m[1mConsolidate compiler generated dependencies of target lio_sam_mapOptimization[0m
[0.862s] [35m[1mConsolidate compiler generated dependencies of target lio_sam_simpleGpsOdom[0m
[0.917s] [ 63%] Built target lio_sam_imageProjection
[0.926s] [ 67%] Built target lio_sam_featureExtraction
[0.941s] [ 71%] Built target lio_sam_mapOptimization
[0.953s] [ 75%] Built target lio_sam_imuPreintegration
[1.029s] [ 79%] Built target lio_sam_simpleGpsOdom
[1.064s] [ 79%] Built target lio_sam
[1.150s] [ 81%] Built target lio_sam__py
[1.183s] [35m[1mConsolidate compiler generated dependencies of target lio_sam__rosidl_generator_py[0m
[1.211s] [ 87%] Built target lio_sam__rosidl_generator_py
[1.252s] [35m[1mConsolidate compiler generated dependencies of target lio_sam__rosidl_typesupport_introspection_c__pyext[0m
[1.277s] [ 91%] Built target lio_sam__rosidl_typesupport_introspection_c__pyext
[1.279s] [35m[1mConsolidate compiler generated dependencies of target lio_sam__rosidl_typesupport_fastrtps_c__pyext[0m
[1.294s] [35m[1mConsolidate compiler generated dependencies of target lio_sam__rosidl_typesupport_c__pyext[0m
[1.335s] [ 95%] Built target lio_sam__rosidl_typesupport_c__pyext
[1.339s] [100%] Built target lio_sam__rosidl_typesupport_fastrtps_c__pyext
[1.610s] running egg_info
[1.612s] writing lio_sam.egg-info/PKG-INFO
[1.612s] writing dependency_links to lio_sam.egg-info/dependency_links.txt
[1.613s] writing top-level names to lio_sam.egg-info/top_level.txt
[1.624s] reading manifest file 'lio_sam.egg-info/SOURCES.txt'
[1.626s] writing manifest file 'lio_sam.egg-info/SOURCES.txt'
[1.722s] [100%] Built target ament_cmake_python_build_lio_sam_egg
[1.753s] Invoked command in '/home/wheeltec/wheeltec_ros2/build/lio_sam' returned '0': CMAKE_PREFIX_PATH=${CMAKE_PREFIX_PATH}:/home/wheeltec/wheeltec_ros2/install/wheeltec_dual_rtk_driver:/home/wheeltec/wheeltec_ros2/install/ultralytics_ros2:/home/wheeltec/wheeltec_ros2/install/tf2_tools:/home/wheeltec/wheeltec_ros2/install/nav2_waypoint_cycle:/home/wheeltec/wheeltec_ros2/install/nav2_simple_commander:/home/wheeltec/wheeltec_ros2/install/auto_recharge_ros2:/home/wheeltec/autoware/install/autoware_wheeltec_interface:/home/wheeltec/autoware/install/ad_api_visualizers:/opt/ros/humble /usr/bin/cmake --build /home/wheeltec/wheeltec_ros2/build/lio_sam -- -j6 -l6
[1.765s] Invoking command in '/home/wheeltec/wheeltec_ros2/build/lio_sam': CMAKE_PREFIX_PATH=${CMAKE_PREFIX_PATH}:/home/wheeltec/wheeltec_ros2/install/wheeltec_dual_rtk_driver:/home/wheeltec/wheeltec_ros2/install/ultralytics_ros2:/home/wheeltec/wheeltec_ros2/install/tf2_tools:/home/wheeltec/wheeltec_ros2/install/nav2_waypoint_cycle:/home/wheeltec/wheeltec_ros2/install/nav2_simple_commander:/home/wheeltec/wheeltec_ros2/install/auto_recharge_ros2:/home/wheeltec/autoware/install/autoware_wheeltec_interface:/home/wheeltec/autoware/install/ad_api_visualizers:/opt/ros/humble /usr/bin/cmake --install /home/wheeltec/wheeltec_ros2/build/lio_sam
[1.780s] -- Install configuration: "Release"
[1.782s] -- Execute custom install script
[1.784s] -- Up-to-date symlink: /home/wheeltec/wheeltec_ros2/install/lio_sam/share/ament_index/resource_index/rosidl_interfaces/lio_sam
[1.793s] -- Up-to-date symlink: /home/wheeltec/wheeltec_ros2/install/lio_sam/include/lio_sam/lio_sam/msg/cloud_info.h
[1.793s] -- Up-to-date symlink: /home/wheeltec/wheeltec_ros2/install/lio_sam/include/lio_sam/lio_sam/msg/detail/cloud_info__functions.h
[1.794s] -- Up-to-date symlink: /home/wheeltec/wheeltec_ros2/install/lio_sam/include/lio_sam/lio_sam/msg/detail/cloud_info__struct.h
[1.794s] -- Up-to-date symlink: /home/wheeltec/wheeltec_ros2/install/lio_sam/include/lio_sam/lio_sam/msg/detail/cloud_info__type_support.h
[1.794s] -- Up-to-date symlink: /home/wheeltec/wheeltec_ros2/install/lio_sam/include/lio_sam/lio_sam/msg/rosidl_generator_c__visibility_control.h
[1.795s] -- Up-to-date symlink: /home/wheeltec/wheeltec_ros2/install/lio_sam/include/lio_sam/lio_sam/srv/detail/save_map__functions.h
[1.795s] -- Up-to-date symlink: /home/wheeltec/wheeltec_ros2/install/lio_sam/include/lio_sam/lio_sam/srv/detail/save_map__struct.h
[1.795s] -- Up-to-date symlink: /home/wheeltec/wheeltec_ros2/install/lio_sam/include/lio_sam/lio_sam/srv/detail/save_map__type_support.h
[1.796s] -- Up-to-date symlink: /home/wheeltec/wheeltec_ros2/install/lio_sam/include/lio_sam/lio_sam/srv/save_map.h
[1.796s] -- Up-to-date symlink: /home/wheeltec/wheeltec_ros2/install/lio_sam/share/lio_sam/environment/library_path.sh
[1.796s] -- Up-to-date symlink: /home/wheeltec/wheeltec_ros2/install/lio_sam/share/lio_sam/environment/library_path.dsv
[1.802s] -- Up-to-date symlink: /home/wheeltec/wheeltec_ros2/install/lio_sam/include/lio_sam/lio_sam/msg/detail/cloud_info__rosidl_typesupport_fastrtps_c.h
[1.802s] -- Up-to-date symlink: /home/wheeltec/wheeltec_ros2/install/lio_sam/include/lio_sam/lio_sam/msg/rosidl_typesupport_fastrtps_c__visibility_control.h
[1.803s] -- Up-to-date symlink: /home/wheeltec/wheeltec_ros2/install/lio_sam/include/lio_sam/lio_sam/srv/detail/save_map__rosidl_typesupport_fastrtps_c.h
[1.804s] -- Up-to-date symlink: /home/wheeltec/wheeltec_ros2/install/lio_sam/include/lio_sam/lio_sam/msg/detail/cloud_info__rosidl_typesupport_introspection_c.h
[1.804s] -- Up-to-date symlink: /home/wheeltec/wheeltec_ros2/install/lio_sam/include/lio_sam/lio_sam/msg/rosidl_typesupport_introspection_c__visibility_control.h
[1.804s] -- Up-to-date symlink: /home/wheeltec/wheeltec_ros2/install/lio_sam/include/lio_sam/lio_sam/srv/detail/save_map__rosidl_typesupport_introspection_c.h
[1.805s] -- Up-to-date symlink: /home/wheeltec/wheeltec_ros2/install/lio_sam/include/lio_sam/lio_sam/msg/cloud_info.hpp
[1.805s] -- Up-to-date symlink: /home/wheeltec/wheeltec_ros2/install/lio_sam/include/lio_sam/lio_sam/msg/detail/cloud_info__builder.hpp
[1.809s] -- Up-to-date symlink: /home/wheeltec/wheeltec_ros2/install/lio_sam/include/lio_sam/lio_sam/msg/detail/cloud_info__struct.hpp
[1.810s] -- Up-to-date symlink: /home/wheeltec/wheeltec_ros2/install/lio_sam/include/lio_sam/lio_sam/msg/detail/cloud_info__traits.hpp
[1.810s] -- Up-to-date symlink: /home/wheeltec/wheeltec_ros2/install/lio_sam/include/lio_sam/lio_sam/msg/detail/cloud_info__type_support.hpp
[1.811s] -- Up-to-date symlink: /home/wheeltec/wheeltec_ros2/install/lio_sam/include/lio_sam/lio_sam/msg/rosidl_generator_cpp__visibility_control.hpp
[1.811s] -- Up-to-date symlink: /home/wheeltec/wheeltec_ros2/install/lio_sam/include/lio_sam/lio_sam/srv/detail/save_map__builder.hpp
[1.811s] -- Up-to-date symlink: /home/wheeltec/wheeltec_ros2/install/lio_sam/include/lio_sam/lio_sam/srv/detail/save_map__struct.hpp
[1.812s] -- Up-to-date symlink: /home/wheeltec/wheeltec_ros2/install/lio_sam/include/lio_sam/lio_sam/srv/detail/save_map__traits.hpp
[1.812s] -- Up-to-date symlink: /home/wheeltec/wheeltec_ros2/install/lio_sam/include/lio_sam/lio_sam/srv/detail/save_map__type_support.hpp
[1.812s] -- Up-to-date symlink: /home/wheeltec/wheeltec_ros2/install/lio_sam/include/lio_sam/lio_sam/srv/save_map.hpp
[1.814s] -- Up-to-date symlink: /home/wheeltec/wheeltec_ros2/install/lio_sam/include/lio_sam/lio_sam/msg/detail/cloud_info__rosidl_typesupport_fastrtps_cpp.hpp
[1.818s] -- Up-to-date symlink: /home/wheeltec/wheeltec_ros2/install/lio_sam/include/lio_sam/lio_sam/msg/rosidl_typesupport_fastrtps_cpp__visibility_control.h
[1.819s] -- Up-to-date symlink: /home/wheeltec/wheeltec_ros2/install/lio_sam/include/lio_sam/lio_sam/srv/detail/save_map__rosidl_typesupport_fastrtps_cpp.hpp
[1.819s] -- Up-to-date symlink: /home/wheeltec/wheeltec_ros2/install/lio_sam/include/lio_sam/lio_sam/msg/detail/cloud_info__rosidl_typesupport_introspection_cpp.hpp
[1.820s] -- Up-to-date symlink: /home/wheeltec/wheeltec_ros2/install/lio_sam/include/lio_sam/lio_sam/srv/detail/save_map__rosidl_typesupport_introspection_cpp.hpp
[1.820s] -- Up-to-date symlink: /home/wheeltec/wheeltec_ros2/install/lio_sam/share/lio_sam/environment/pythonpath.sh
[1.820s] -- Up-to-date symlink: /home/wheeltec/wheeltec_ros2/install/lio_sam/share/lio_sam/environment/pythonpath.dsv
[1.821s] -- Up-to-date symlink: /home/wheeltec/wheeltec_ros2/install/lio_sam/local/lib/python3.10/dist-packages/lio_sam-1.0.0-py3.10.egg-info/PKG-INFO
[1.821s] -- Up-to-date symlink: /home/wheeltec/wheeltec_ros2/install/lio_sam/local/lib/python3.10/dist-packages/lio_sam-1.0.0-py3.10.egg-info/SOURCES.txt
[1.821s] -- Up-to-date symlink: /home/wheeltec/wheeltec_ros2/install/lio_sam/local/lib/python3.10/dist-packages/lio_sam-1.0.0-py3.10.egg-info/dependency_links.txt
[1.822s] -- Up-to-date symlink: /home/wheeltec/wheeltec_ros2/install/lio_sam/local/lib/python3.10/dist-packages/lio_sam-1.0.0-py3.10.egg-info/top_level.txt
[1.823s] -- Up-to-date symlink: /home/wheeltec/wheeltec_ros2/install/lio_sam/local/lib/python3.10/dist-packages/lio_sam/__init__.py
[1.823s] -- Up-to-date symlink: /home/wheeltec/wheeltec_ros2/install/lio_sam/local/lib/python3.10/dist-packages/lio_sam/_lio_sam_s.ep.rosidl_typesupport_c.c
[1.824s] -- Up-to-date symlink: /home/wheeltec/wheeltec_ros2/install/lio_sam/local/lib/python3.10/dist-packages/lio_sam/_lio_sam_s.ep.rosidl_typesupport_fastrtps_c.c
[1.824s] -- Up-to-date symlink: /home/wheeltec/wheeltec_ros2/install/lio_sam/local/lib/python3.10/dist-packages/lio_sam/_lio_sam_s.ep.rosidl_typesupport_introspection_c.c
[1.824s] -- Up-to-date symlink: /home/wheeltec/wheeltec_ros2/install/lio_sam/local/lib/python3.10/dist-packages/lio_sam/liblio_sam__rosidl_generator_py.so
[1.825s] -- Up-to-date symlink: /home/wheeltec/wheeltec_ros2/install/lio_sam/local/lib/python3.10/dist-packages/lio_sam/lio_sam_s__rosidl_typesupport_c.cpython-310-aarch64-linux-gnu.so
[1.825s] -- Up-to-date symlink: /home/wheeltec/wheeltec_ros2/install/lio_sam/local/lib/python3.10/dist-packages/lio_sam/lio_sam_s__rosidl_typesupport_fastrtps_c.cpython-310-aarch64-linux-gnu.so
[1.825s] -- Up-to-date symlink: /home/wheeltec/wheeltec_ros2/install/lio_sam/local/lib/python3.10/dist-packages/lio_sam/lio_sam_s__rosidl_typesupport_introspection_c.cpython-310-aarch64-linux-gnu.so
[1.826s] -- Up-to-date symlink: /home/wheeltec/wheeltec_ros2/install/lio_sam/local/lib/python3.10/dist-packages/lio_sam/msg/__init__.py
[1.827s] -- Up-to-date symlink: /home/wheeltec/wheeltec_ros2/install/lio_sam/local/lib/python3.10/dist-packages/lio_sam/msg/_cloud_info.py
[1.827s] -- Up-to-date symlink: /home/wheeltec/wheeltec_ros2/install/lio_sam/local/lib/python3.10/dist-packages/lio_sam/msg/_cloud_info_s.c
[1.828s] -- Up-to-date symlink: /home/wheeltec/wheeltec_ros2/install/lio_sam/local/lib/python3.10/dist-packages/lio_sam/srv/__init__.py
[1.828s] -- Up-to-date symlink: /home/wheeltec/wheeltec_ros2/install/lio_sam/local/lib/python3.10/dist-packages/lio_sam/srv/_save_map.py
[1.828s] -- Up-to-date symlink: /home/wheeltec/wheeltec_ros2/install/lio_sam/local/lib/python3.10/dist-packages/lio_sam/srv/_save_map_s.c
[1.829s] -- Up-to-date symlink: /home/wheeltec/wheeltec_ros2/install/lio_sam/local/lib/python3.10/dist-packages/lio_sam/lio_sam_s__rosidl_typesupport_fastrtps_c.cpython-310-aarch64-linux-gnu.so
[1.830s] -- Up-to-date symlink: /home/wheeltec/wheeltec_ros2/install/lio_sam/local/lib/python3.10/dist-packages/lio_sam/lio_sam_s__rosidl_typesupport_introspection_c.cpython-310-aarch64-linux-gnu.so
[1.830s] -- Up-to-date symlink: /home/wheeltec/wheeltec_ros2/install/lio_sam/local/lib/python3.10/dist-packages/lio_sam/lio_sam_s__rosidl_typesupport_c.cpython-310-aarch64-linux-gnu.so
[1.831s] -- Up-to-date symlink: /home/wheeltec/wheeltec_ros2/install/lio_sam/share/lio_sam/msg/CloudInfo.idl
[1.831s] -- Up-to-date symlink: /home/wheeltec/wheeltec_ros2/install/lio_sam/share/lio_sam/srv/SaveMap.idl
[1.832s] -- Up-to-date symlink: /home/wheeltec/wheeltec_ros2/install/lio_sam/share/lio_sam/msg/CloudInfo.msg
[1.833s] -- Up-to-date symlink: /home/wheeltec/wheeltec_ros2/install/lio_sam/share/lio_sam/srv/SaveMap.srv
[1.834s] -- Up-to-date symlink: /home/wheeltec/wheeltec_ros2/install/lio_sam/share/lio_sam/srv/SaveMap_Request.msg
[1.834s] -- Up-to-date symlink: /home/wheeltec/wheeltec_ros2/install/lio_sam/share/lio_sam/srv/SaveMap_Response.msg
[1.839s] -- Up-to-date symlink: /home/wheeltec/wheeltec_ros2/install/lio_sam/share/lio_sam//launch/include/turn_on_wheeltec_robot_lio.launch.py
[1.840s] -- Up-to-date symlink: /home/wheeltec/wheeltec_ros2/install/lio_sam/share/lio_sam//launch/include/wheeltec_sensors_liosam_g70.launch.py
[1.840s] -- Up-to-date symlink: /home/wheeltec/wheeltec_ros2/install/lio_sam/share/lio_sam//launch/include/wheeltec_sensors_liosam_g90.launch.py
[1.840s] -- Up-to-date symlink: /home/wheeltec/wheeltec_ros2/install/lio_sam/share/lio_sam//launch/run.launch.py
[1.841s] -- Up-to-date symlink: /home/wheeltec/wheeltec_ros2/install/lio_sam/share/lio_sam//launch/run_gnss.launch.py
[1.841s] -- Up-to-date symlink: /home/wheeltec/wheeltec_ros2/install/lio_sam/share/lio_sam//launch/run_offline.launch.py
[1.842s] -- Up-to-date symlink: /home/wheeltec/wheeltec_ros2/install/lio_sam/share/lio_sam//launch/run_offline_gnss.launch.py
[1.842s] -- Up-to-date symlink: /home/wheeltec/wheeltec_ros2/install/lio_sam/share/lio_sam//launch/run_usegnss.launch.py
[1.847s] -- Up-to-date symlink: /home/wheeltec/wheeltec_ros2/install/lio_sam/share/lio_sam//config/doc/demo.gif
[1.847s] -- Up-to-date symlink: /home/wheeltec/wheeltec_ros2/install/lio_sam/share/lio_sam//config/doc/device-boat.png
[1.847s] -- Up-to-date symlink: /home/wheeltec/wheeltec_ros2/install/lio_sam/share/lio_sam//config/doc/device-hand-2.png
[1.848s] -- Up-to-date symlink: /home/wheeltec/wheeltec_ros2/install/lio_sam/share/lio_sam//config/doc/device-hand.png
[1.849s] -- Up-to-date symlink: /home/wheeltec/wheeltec_ros2/install/lio_sam/share/lio_sam//config/doc/device-jackal.png
[1.849s] -- Up-to-date symlink: /home/wheeltec/wheeltec_ros2/install/lio_sam/share/lio_sam//config/doc/gps-demo.gif
[1.849s] -- Up-to-date symlink: /home/wheeltec/wheeltec_ros2/install/lio_sam/share/lio_sam//config/doc/imu-debug.gif
[1.850s] -- Up-to-date symlink: /home/wheeltec/wheeltec_ros2/install/lio_sam/share/lio_sam//config/doc/imu-transform.png
[1.850s] -- Up-to-date symlink: /home/wheeltec/wheeltec_ros2/install/lio_sam/share/lio_sam//config/doc/kitti-demo.gif
[1.850s] -- Up-to-date symlink: /home/wheeltec/wheeltec_ros2/install/lio_sam/share/lio_sam//config/doc/kitti-map.png
[1.851s] -- Up-to-date symlink: /home/wheeltec/wheeltec_ros2/install/lio_sam/share/lio_sam//config/doc/kitti2bag/README.md
[1.851s] -- Up-to-date symlink: /home/wheeltec/wheeltec_ros2/install/lio_sam/share/lio_sam//config/doc/kitti2bag/kitti2bag.py
[1.852s] -- Up-to-date symlink: /home/wheeltec/wheeltec_ros2/install/lio_sam/share/lio_sam//config/doc/loop-closure-2.gif
[1.852s] -- Up-to-date symlink: /home/wheeltec/wheeltec_ros2/install/lio_sam/share/lio_sam//config/doc/loop-closure.gif
[1.852s] -- Up-to-date symlink: /home/wheeltec/wheeltec_ros2/install/lio_sam/share/lio_sam//config/doc/ouster-demo.gif
[1.852s] -- Up-to-date symlink: /home/wheeltec/wheeltec_ros2/install/lio_sam/share/lio_sam//config/doc/ouster-device.jpg
[1.853s] -- Up-to-date symlink: /home/wheeltec/wheeltec_ros2/install/lio_sam/share/lio_sam//config/doc/paper.pdf
[1.853s] -- Up-to-date symlink: /home/wheeltec/wheeltec_ros2/install/lio_sam/share/lio_sam//config/doc/system.png
[1.853s] -- Up-to-date symlink: /home/wheeltec/wheeltec_ros2/install/lio_sam/share/lio_sam//config/params.yaml
[1.858s] -- Up-to-date symlink: /home/wheeltec/wheeltec_ros2/install/lio_sam/share/lio_sam//config/robot.urdf.xacro
[1.859s] -- Up-to-date symlink: /home/wheeltec/wheeltec_ros2/install/lio_sam/share/lio_sam//config/rviz2.rviz
[1.860s] -- Up-to-date symlink: /home/wheeltec/wheeltec_ros2/install/lio_sam/share/lio_sam//config/wheeltec_params.yaml
[1.862s] -- Up-to-date symlink: /home/wheeltec/wheeltec_ros2/install/lio_sam/lib/lio_sam/lio_sam_imageProjection
[1.863s] -- Up-to-date symlink: /home/wheeltec/wheeltec_ros2/install/lio_sam/lib/lio_sam/lio_sam_imuPreintegration
[1.864s] -- Up-to-date symlink: /home/wheeltec/wheeltec_ros2/install/lio_sam/lib/lio_sam/lio_sam_featureExtraction
[1.865s] -- Up-to-date symlink: /home/wheeltec/wheeltec_ros2/install/lio_sam/lib/lio_sam/lio_sam_mapOptimization
[1.867s] -- Up-to-date symlink: /home/wheeltec/wheeltec_ros2/install/lio_sam/lib/lio_sam/lio_sam_simpleGpsOdom
[1.868s] -- Up-to-date symlink: /home/wheeltec/wheeltec_ros2/install/lio_sam/include/lio_sam/gpsTools.hpp
[1.869s] -- Up-to-date symlink: /home/wheeltec/wheeltec_ros2/install/lio_sam/include/lio_sam/utility.hpp
[1.869s] -- Up-to-date symlink: /home/wheeltec/wheeltec_ros2/install/lio_sam/share/ament_index/resource_index/package_run_dependencies/lio_sam
[1.870s] -- Up-to-date symlink: /home/wheeltec/wheeltec_ros2/install/lio_sam/share/ament_index/resource_index/parent_prefix_path/lio_sam
[1.871s] -- Up-to-date symlink: /home/wheeltec/wheeltec_ros2/install/lio_sam/share/lio_sam/environment/ament_prefix_path.sh
[1.872s] -- Up-to-date symlink: /home/wheeltec/wheeltec_ros2/install/lio_sam/share/lio_sam/environment/ament_prefix_path.dsv
[1.874s] -- Up-to-date symlink: /home/wheeltec/wheeltec_ros2/install/lio_sam/share/lio_sam/environment/path.sh
[1.874s] -- Up-to-date symlink: /home/wheeltec/wheeltec_ros2/install/lio_sam/share/lio_sam/environment/path.dsv
[1.875s] -- Up-to-date symlink: /home/wheeltec/wheeltec_ros2/install/lio_sam/share/lio_sam/local_setup.bash
[1.877s] -- Up-to-date symlink: /home/wheeltec/wheeltec_ros2/install/lio_sam/share/lio_sam/local_setup.sh
[1.882s] -- Up-to-date symlink: /home/wheeltec/wheeltec_ros2/install/lio_sam/share/lio_sam/local_setup.zsh
[1.882s] -- Up-to-date symlink: /home/wheeltec/wheeltec_ros2/install/lio_sam/share/lio_sam/local_setup.dsv
[1.882s] -- Symlinking: /home/wheeltec/wheeltec_ros2/install/lio_sam/share/lio_sam/package.dsv
[1.926s] -- Up-to-date symlink: /home/wheeltec/wheeltec_ros2/install/lio_sam/share/ament_index/resource_index/packages/lio_sam
[1.927s] -- Up-to-date symlink: /home/wheeltec/wheeltec_ros2/install/lio_sam/share/lio_sam/cmake/rosidl_cmake-extras.cmake
[1.927s] -- Up-to-date symlink: /home/wheeltec/wheeltec_ros2/install/lio_sam/share/lio_sam/cmake/ament_cmake_export_dependencies-extras.cmake
[1.927s] -- Up-to-date symlink: /home/wheeltec/wheeltec_ros2/install/lio_sam/share/lio_sam/cmake/ament_cmake_export_include_directories-extras.cmake
[1.928s] -- Up-to-date symlink: /home/wheeltec/wheeltec_ros2/install/lio_sam/share/lio_sam/cmake/ament_cmake_export_libraries-extras.cmake
[1.928s] -- Up-to-date symlink: /home/wheeltec/wheeltec_ros2/install/lio_sam/share/lio_sam/cmake/ament_cmake_export_targets-extras.cmake
[1.928s] -- Up-to-date symlink: /home/wheeltec/wheeltec_ros2/install/lio_sam/share/lio_sam/cmake/rosidl_cmake_export_typesupport_targets-extras.cmake
[1.929s] -- Up-to-date symlink: /home/wheeltec/wheeltec_ros2/install/lio_sam/share/lio_sam/cmake/rosidl_cmake_export_typesupport_libraries-extras.cmake
[1.929s] -- Up-to-date symlink: /home/wheeltec/wheeltec_ros2/install/lio_sam/share/lio_sam/cmake/lio_samConfig.cmake
[1.929s] -- Up-to-date symlink: /home/wheeltec/wheeltec_ros2/install/lio_sam/share/lio_sam/cmake/lio_samConfig-version.cmake
[1.930s] -- Up-to-date symlink: /home/wheeltec/wheeltec_ros2/install/lio_sam/share/lio_sam/package.xml
[1.931s] -- Up-to-date: /home/wheeltec/wheeltec_ros2/install/lio_sam/lib/liblio_sam__rosidl_generator_c.so
[1.935s] -- Up-to-date: /home/wheeltec/wheeltec_ros2/install/lio_sam/lib/liblio_sam__rosidl_typesupport_fastrtps_c.so
[1.936s] -- Up-to-date: /home/wheeltec/wheeltec_ros2/install/lio_sam/lib/liblio_sam__rosidl_typesupport_introspection_c.so
[1.937s] -- Up-to-date: /home/wheeltec/wheeltec_ros2/install/lio_sam/lib/liblio_sam__rosidl_typesupport_c.so
[1.937s] -- Up-to-date: /home/wheeltec/wheeltec_ros2/install/lio_sam/lib/liblio_sam__rosidl_typesupport_fastrtps_cpp.so
[1.938s] -- Up-to-date: /home/wheeltec/wheeltec_ros2/install/lio_sam/lib/liblio_sam__rosidl_typesupport_introspection_cpp.so
[1.939s] -- Up-to-date: /home/wheeltec/wheeltec_ros2/install/lio_sam/lib/liblio_sam__rosidl_typesupport_cpp.so
[2.130s] Listing '/home/wheeltec/wheeltec_ros2/install/lio_sam/local/lib/python3.10/dist-packages/lio_sam'...
[2.130s] Listing '/home/wheeltec/wheeltec_ros2/install/lio_sam/local/lib/python3.10/dist-packages/lio_sam/msg'...
[2.130s] Listing '/home/wheeltec/wheeltec_ros2/install/lio_sam/local/lib/python3.10/dist-packages/lio_sam/srv'...
[2.148s] -- Up-to-date: /home/wheeltec/wheeltec_ros2/install/lio_sam/lib/liblio_sam__rosidl_generator_py.so
[2.149s] -- Up-to-date: /home/wheeltec/wheeltec_ros2/install/lio_sam/share/lio_sam/cmake/export_lio_sam__rosidl_generator_cExport.cmake
[2.149s] -- Up-to-date: /home/wheeltec/wheeltec_ros2/install/lio_sam/share/lio_sam/cmake/export_lio_sam__rosidl_generator_cExport-release.cmake
[2.150s] -- Up-to-date: /home/wheeltec/wheeltec_ros2/install/lio_sam/share/lio_sam/cmake/export_lio_sam__rosidl_typesupport_fastrtps_cExport.cmake
[2.150s] -- Up-to-date: /home/wheeltec/wheeltec_ros2/install/lio_sam/share/lio_sam/cmake/export_lio_sam__rosidl_typesupport_fastrtps_cExport-release.cmake
[2.151s] -- Up-to-date: /home/wheeltec/wheeltec_ros2/install/lio_sam/share/lio_sam/cmake/lio_sam__rosidl_typesupport_introspection_cExport.cmake
[2.151s] -- Up-to-date: /home/wheeltec/wheeltec_ros2/install/lio_sam/share/lio_sam/cmake/lio_sam__rosidl_typesupport_introspection_cExport-release.cmake
[2.152s] -- Up-to-date: /home/wheeltec/wheeltec_ros2/install/lio_sam/share/lio_sam/cmake/lio_sam__rosidl_typesupport_cExport.cmake
[2.152s] -- Up-to-date: /home/wheeltec/wheeltec_ros2/install/lio_sam/share/lio_sam/cmake/lio_sam__rosidl_typesupport_cExport-release.cmake
[2.153s] -- Up-to-date: /home/wheeltec/wheeltec_ros2/install/lio_sam/share/lio_sam/cmake/export_lio_sam__rosidl_generator_cppExport.cmake
[2.154s] -- Up-to-date: /home/wheeltec/wheeltec_ros2/install/lio_sam/share/lio_sam/cmake/export_lio_sam__rosidl_typesupport_fastrtps_cppExport.cmake
[2.154s] -- Up-to-date: /home/wheeltec/wheeltec_ros2/install/lio_sam/share/lio_sam/cmake/export_lio_sam__rosidl_typesupport_fastrtps_cppExport-release.cmake
[2.154s] -- Up-to-date: /home/wheeltec/wheeltec_ros2/install/lio_sam/share/lio_sam/cmake/lio_sam__rosidl_typesupport_introspection_cppExport.cmake
[2.155s] -- Up-to-date: /home/wheeltec/wheeltec_ros2/install/lio_sam/share/lio_sam/cmake/lio_sam__rosidl_typesupport_introspection_cppExport-release.cmake
[2.155s] -- Up-to-date: /home/wheeltec/wheeltec_ros2/install/lio_sam/share/lio_sam/cmake/lio_sam__rosidl_typesupport_cppExport.cmake
[2.156s] -- Up-to-date: /home/wheeltec/wheeltec_ros2/install/lio_sam/share/lio_sam/cmake/lio_sam__rosidl_typesupport_cppExport-release.cmake
[2.156s] -- Up-to-date: /home/wheeltec/wheeltec_ros2/install/lio_sam/share/lio_sam/cmake/export_lio_sam__rosidl_generator_pyExport.cmake
[2.157s] -- Up-to-date: /home/wheeltec/wheeltec_ros2/install/lio_sam/share/lio_sam/cmake/export_lio_sam__rosidl_generator_pyExport-release.cmake
[2.163s] Invoked command in '/home/wheeltec/wheeltec_ros2/build/lio_sam' returned '0': CMAKE_PREFIX_PATH=${CMAKE_PREFIX_PATH}:/home/wheeltec/wheeltec_ros2/install/wheeltec_dual_rtk_driver:/home/wheeltec/wheeltec_ros2/install/ultralytics_ros2:/home/wheeltec/wheeltec_ros2/install/tf2_tools:/home/wheeltec/wheeltec_ros2/install/nav2_waypoint_cycle:/home/wheeltec/wheeltec_ros2/install/nav2_simple_commander:/home/wheeltec/wheeltec_ros2/install/auto_recharge_ros2:/home/wheeltec/autoware/install/autoware_wheeltec_interface:/home/wheeltec/autoware/install/ad_api_visualizers:/opt/ros/humble /usr/bin/cmake --install /home/wheeltec/wheeltec_ros2/build/lio_sam
