[0.128s] Invoking command in '/home/wheeltec/wheeltec_ros2/build/openslam_gmapping': CMAKE_PREFIX_PATH=${CMAKE_PREFIX_PATH}:/home/wheeltec/wheeltec_ros2/install/auto_recharge_ros2:/home/wheeltec/autoware/install/autoware_wheeltec_interface:/home/wheeltec/autoware/install/ad_api_visualizers:/opt/ros/humble /usr/bin/cmake --build /home/wheeltec/wheeltec_ros2/build/openslam_gmapping -- -j6 -l6
[0.630s] [35m[1mConsolidate compiler generated dependencies of target utils[0m
[0.630s] [35m[1mConsolidate compiler generated dependencies of target sensor_base[0m
[0.631s] [ 13%] Built target utils
[0.631s] [ 27%] Built target sensor_base
[0.631s] [35m[1mConsolidate compiler generated dependencies of target sensor_odometry[0m
[0.631s] [35m[1mConsolidate compiler generated dependencies of target sensor_range[0m
[0.631s] [ 40%] Built target sensor_odometry
[0.631s] [ 54%] Built target sensor_range
[0.631s] [35m[1mConsolidate compiler generated dependencies of target scanmatcher[0m
[0.631s] [ 77%] Built target scanmatcher
[0.631s] [35m[1mConsolidate compiler generated dependencies of target gridfastslam[0m
[0.631s] [100%] Built target gridfastslam
[0.638s] Invoked command in '/home/wheeltec/wheeltec_ros2/build/openslam_gmapping' returned '0': CMAKE_PREFIX_PATH=${CMAKE_PREFIX_PATH}:/home/wheeltec/wheeltec_ros2/install/auto_recharge_ros2:/home/wheeltec/autoware/install/autoware_wheeltec_interface:/home/wheeltec/autoware/install/ad_api_visualizers:/opt/ros/humble /usr/bin/cmake --build /home/wheeltec/wheeltec_ros2/build/openslam_gmapping -- -j6 -l6
[0.642s] Invoking command in '/home/wheeltec/wheeltec_ros2/build/openslam_gmapping': CMAKE_PREFIX_PATH=${CMAKE_PREFIX_PATH}:/home/wheeltec/wheeltec_ros2/install/auto_recharge_ros2:/home/wheeltec/autoware/install/autoware_wheeltec_interface:/home/wheeltec/autoware/install/ad_api_visualizers:/opt/ros/humble /usr/bin/cmake --install /home/wheeltec/wheeltec_ros2/build/openslam_gmapping
[0.830s] -- Install configuration: ""
[0.831s] -- Execute custom install script
[0.831s] -- Up-to-date symlink: /home/wheeltec/wheeltec_ros2/install/openslam_gmapping/lib/libgridfastslam.a
[0.831s] -- Up-to-date symlink: /home/wheeltec/wheeltec_ros2/install/openslam_gmapping/lib/libscanmatcher.a
[0.831s] -- Up-to-date symlink: /home/wheeltec/wheeltec_ros2/install/openslam_gmapping/lib/libsensor_base.a
[0.831s] -- Up-to-date symlink: /home/wheeltec/wheeltec_ros2/install/openslam_gmapping/share/openslam_gmapping/environment/library_path.sh
[0.831s] -- Up-to-date symlink: /home/wheeltec/wheeltec_ros2/install/openslam_gmapping/share/openslam_gmapping/environment/library_path.dsv
[0.832s] -- Up-to-date symlink: /home/wheeltec/wheeltec_ros2/install/openslam_gmapping/share/openslam_gmapping/environment/library_path.sh
[0.832s] -- Up-to-date symlink: /home/wheeltec/wheeltec_ros2/install/openslam_gmapping/share/openslam_gmapping/environment/library_path.dsv
[0.832s] -- Up-to-date symlink: /home/wheeltec/wheeltec_ros2/install/openslam_gmapping/lib/libsensor_odometry.a
[0.832s] -- Up-to-date symlink: /home/wheeltec/wheeltec_ros2/install/openslam_gmapping/lib/libsensor_range.a
[0.832s] -- Up-to-date symlink: /home/wheeltec/wheeltec_ros2/install/openslam_gmapping/lib/libutils.a
[0.832s] -- Up-to-date symlink: /home/wheeltec/wheeltec_ros2/install/openslam_gmapping/share/openslam_gmapping/environment/library_path.sh
[0.832s] -- Up-to-date symlink: /home/wheeltec/wheeltec_ros2/install/openslam_gmapping/share/openslam_gmapping/environment/library_path.dsv
[0.832s] -- Up-to-date symlink: /home/wheeltec/wheeltec_ros2/install/openslam_gmapping/share/openslam_gmapping/environment/library_path.sh
[0.833s] -- Up-to-date symlink: /home/wheeltec/wheeltec_ros2/install/openslam_gmapping/share/openslam_gmapping/environment/library_path.dsv
[0.833s] -- Up-to-date symlink: /home/wheeltec/wheeltec_ros2/install/openslam_gmapping/include//gmapping/grid/accessstate.h
[0.833s] -- Up-to-date symlink: /home/wheeltec/wheeltec_ros2/install/openslam_gmapping/include//gmapping/grid/array2d.h
[0.833s] -- Up-to-date symlink: /home/wheeltec/wheeltec_ros2/install/openslam_gmapping/include//gmapping/grid/harray2d.h
[0.833s] -- Up-to-date symlink: /home/wheeltec/wheeltec_ros2/install/openslam_gmapping/include//gmapping/grid/map.h
[0.833s] -- Up-to-date symlink: /home/wheeltec/wheeltec_ros2/install/openslam_gmapping/include//gmapping/gridfastslam/gridslamprocessor.h
[0.833s] -- Up-to-date symlink: /home/wheeltec/wheeltec_ros2/install/openslam_gmapping/include//gmapping/gridfastslam/gridslamprocessor.hxx
[0.833s] -- Up-to-date symlink: /home/wheeltec/wheeltec_ros2/install/openslam_gmapping/include//gmapping/gridfastslam/motionmodel.h
[0.833s] -- Up-to-date symlink: /home/wheeltec/wheeltec_ros2/install/openslam_gmapping/include//gmapping/log/configuration.h
[0.833s] -- Up-to-date symlink: /home/wheeltec/wheeltec_ros2/install/openslam_gmapping/include//gmapping/log/sensorlog.h
[0.833s] -- Up-to-date symlink: /home/wheeltec/wheeltec_ros2/install/openslam_gmapping/include//gmapping/particlefilter/particlefilter.h
[0.834s] -- Up-to-date symlink: /home/wheeltec/wheeltec_ros2/install/openslam_gmapping/include//gmapping/scanmatcher/icp.h
[0.834s] -- Up-to-date symlink: /home/wheeltec/wheeltec_ros2/install/openslam_gmapping/include//gmapping/scanmatcher/scanmatcher.h
[0.834s] -- Up-to-date symlink: /home/wheeltec/wheeltec_ros2/install/openslam_gmapping/include//gmapping/scanmatcher/smmap.h
[0.834s] -- Up-to-date symlink: /home/wheeltec/wheeltec_ros2/install/openslam_gmapping/include//gmapping/sensor/sensor_base/sensor.h
[0.834s] -- Up-to-date symlink: /home/wheeltec/wheeltec_ros2/install/openslam_gmapping/include//gmapping/sensor/sensor_base/sensorreading.h
[0.834s] -- Up-to-date symlink: /home/wheeltec/wheeltec_ros2/install/openslam_gmapping/include//gmapping/sensor/sensor_odometry/odometryreading.h
[0.834s] -- Up-to-date symlink: /home/wheeltec/wheeltec_ros2/install/openslam_gmapping/include//gmapping/sensor/sensor_odometry/odometrysensor.h
[0.834s] -- Up-to-date symlink: /home/wheeltec/wheeltec_ros2/install/openslam_gmapping/include//gmapping/sensor/sensor_range/rangereading.h
[0.834s] -- Up-to-date symlink: /home/wheeltec/wheeltec_ros2/install/openslam_gmapping/include//gmapping/sensor/sensor_range/rangesensor.h
[0.843s] -- Up-to-date symlink: /home/wheeltec/wheeltec_ros2/install/openslam_gmapping/include//gmapping/utils/autoptr.h
[0.843s] -- Up-to-date symlink: /home/wheeltec/wheeltec_ros2/install/openslam_gmapping/include//gmapping/utils/commandline.h
[0.844s] -- Up-to-date symlink: /home/wheeltec/wheeltec_ros2/install/openslam_gmapping/include//gmapping/utils/gvalues.h
[0.845s] -- Up-to-date symlink: /home/wheeltec/wheeltec_ros2/install/openslam_gmapping/include//gmapping/utils/macro_params.h
[0.845s] -- Up-to-date symlink: /home/wheeltec/wheeltec_ros2/install/openslam_gmapping/include//gmapping/utils/point.h
[0.845s] -- Up-to-date symlink: /home/wheeltec/wheeltec_ros2/install/openslam_gmapping/include//gmapping/utils/stat.h
[0.845s] -- Up-to-date symlink: /home/wheeltec/wheeltec_ros2/install/openslam_gmapping/share/ament_index/resource_index/package_run_dependencies/openslam_gmapping
[0.846s] -- Up-to-date symlink: /home/wheeltec/wheeltec_ros2/install/openslam_gmapping/share/ament_index/resource_index/parent_prefix_path/openslam_gmapping
[0.846s] -- Up-to-date symlink: /home/wheeltec/wheeltec_ros2/install/openslam_gmapping/share/openslam_gmapping/environment/ament_prefix_path.sh
[0.846s] -- Up-to-date symlink: /home/wheeltec/wheeltec_ros2/install/openslam_gmapping/share/openslam_gmapping/environment/ament_prefix_path.dsv
[0.846s] -- Up-to-date symlink: /home/wheeltec/wheeltec_ros2/install/openslam_gmapping/share/openslam_gmapping/environment/path.sh
[0.846s] -- Up-to-date symlink: /home/wheeltec/wheeltec_ros2/install/openslam_gmapping/share/openslam_gmapping/environment/path.dsv
[0.846s] -- Up-to-date symlink: /home/wheeltec/wheeltec_ros2/install/openslam_gmapping/share/openslam_gmapping/local_setup.bash
[0.846s] -- Up-to-date symlink: /home/wheeltec/wheeltec_ros2/install/openslam_gmapping/share/openslam_gmapping/local_setup.sh
[0.846s] -- Up-to-date symlink: /home/wheeltec/wheeltec_ros2/install/openslam_gmapping/share/openslam_gmapping/local_setup.zsh
[0.846s] -- Up-to-date symlink: /home/wheeltec/wheeltec_ros2/install/openslam_gmapping/share/openslam_gmapping/local_setup.dsv
[0.846s] -- Symlinking: /home/wheeltec/wheeltec_ros2/install/openslam_gmapping/share/openslam_gmapping/package.dsv
[0.847s] -- Up-to-date symlink: /home/wheeltec/wheeltec_ros2/install/openslam_gmapping/share/ament_index/resource_index/packages/openslam_gmapping
[0.847s] -- Up-to-date symlink: /home/wheeltec/wheeltec_ros2/install/openslam_gmapping/share/openslam_gmapping/cmake/ament_cmake_export_libraries-extras.cmake
[0.848s] -- Up-to-date symlink: /home/wheeltec/wheeltec_ros2/install/openslam_gmapping/share/openslam_gmapping/cmake/ament_cmake_export_include_directories-extras.cmake
[0.848s] -- Up-to-date symlink: /home/wheeltec/wheeltec_ros2/install/openslam_gmapping/share/openslam_gmapping/cmake/openslam_gmappingConfig.cmake
[0.849s] -- Up-to-date symlink: /home/wheeltec/wheeltec_ros2/install/openslam_gmapping/share/openslam_gmapping/cmake/openslam_gmappingConfig-version.cmake
[0.850s] -- Up-to-date symlink: /home/wheeltec/wheeltec_ros2/install/openslam_gmapping/share/openslam_gmapping/package.xml
[0.947s] Invoked command in '/home/wheeltec/wheeltec_ros2/build/openslam_gmapping' returned '0': CMAKE_PREFIX_PATH=${CMAKE_PREFIX_PATH}:/home/wheeltec/wheeltec_ros2/install/auto_recharge_ros2:/home/wheeltec/autoware/install/autoware_wheeltec_interface:/home/wheeltec/autoware/install/ad_api_visualizers:/opt/ros/humble /usr/bin/cmake --install /home/wheeltec/wheeltec_ros2/build/openslam_gmapping
