[0.194s] Invoking command in '/home/wheeltec/wheeltec_ros2/build/nmea_msgs': CMAKE_PREFIX_PATH=${CMAKE_PREFIX_PATH}:/home/wheeltec/wheeltec_ros2/install/auto_recharge_ros2:/home/wheeltec/autoware/install/autoware_wheeltec_interface:/home/wheeltec/autoware/install/ad_api_visualizers:/opt/ros/humble /usr/bin/cmake --build /home/wheeltec/wheeltec_ros2/build/nmea_msgs -- -j6 -l6
[0.308s] [35m[1mConsolidate compiler generated dependencies of target nmea_msgs__rosidl_generator_c[0m
[0.362s] [ 11%] Built target nmea_msgs__rosidl_generator_c
[0.362s] [ 12%] Built target nmea_msgs__cpp
[0.385s] [ 12%] Built target ament_cmake_python_symlink_nmea_msgs
[0.395s] [35m[1mConsolidate compiler generated dependencies of target nmea_msgs__rosidl_typesupport_fastrtps_c[0m
[0.415s] [35m[1mConsolidate compiler generated dependencies of target nmea_msgs__rosidl_typesupport_introspection_c[0m
[0.428s] [35m[1mConsolidate compiler generated dependencies of target nmea_msgs__rosidl_typesupport_c[0m
[0.436s] [35m[1mConsolidate compiler generated dependencies of target nmea_msgs__rosidl_typesupport_fastrtps_cpp[0m
[0.445s] [35m[1mConsolidate compiler generated dependencies of target nmea_msgs__rosidl_typesupport_introspection_cpp[0m
[0.479s] [35m[1mConsolidate compiler generated dependencies of target nmea_msgs__rosidl_typesupport_cpp[0m
[0.492s] [ 24%] Built target nmea_msgs__rosidl_typesupport_introspection_c
[0.505s] [ 35%] Built target nmea_msgs__rosidl_typesupport_fastrtps_c
[0.511s] [ 46%] Built target nmea_msgs__rosidl_typesupport_c
[0.533s] [ 58%] Built target nmea_msgs__rosidl_typesupport_fastrtps_cpp
[0.548s] [ 69%] Built target nmea_msgs__rosidl_typesupport_introspection_cpp
[0.563s] [ 81%] Built target nmea_msgs__rosidl_typesupport_cpp
[0.636s] [ 81%] Built target nmea_msgs
[0.706s] [ 82%] Built target nmea_msgs__py
[0.739s] [35m[1mConsolidate compiler generated dependencies of target nmea_msgs__rosidl_generator_py[0m
[0.795s] [ 92%] Built target nmea_msgs__rosidl_generator_py
[0.832s] [35m[1mConsolidate compiler generated dependencies of target nmea_msgs__rosidl_typesupport_fastrtps_c__pyext[0m
[0.867s] [35m[1mConsolidate compiler generated dependencies of target nmea_msgs__rosidl_typesupport_c__pyext[0m
[0.878s] [ 94%] Built target nmea_msgs__rosidl_typesupport_fastrtps_c__pyext
[0.883s] [35m[1mConsolidate compiler generated dependencies of target nmea_msgs__rosidl_typesupport_introspection_c__pyext[0m
[0.920s] [ 97%] Built target nmea_msgs__rosidl_typesupport_c__pyext
[0.935s] [100%] Built target nmea_msgs__rosidl_typesupport_introspection_c__pyext
[1.587s] running egg_info
[1.589s] writing nmea_msgs.egg-info/PKG-INFO
[1.589s] writing dependency_links to nmea_msgs.egg-info/dependency_links.txt
[1.599s] writing top-level names to nmea_msgs.egg-info/top_level.txt
[1.628s] reading manifest file 'nmea_msgs.egg-info/SOURCES.txt'
[1.630s] writing manifest file 'nmea_msgs.egg-info/SOURCES.txt'
[1.818s] [100%] Built target ament_cmake_python_build_nmea_msgs_egg
[1.852s] Invoked command in '/home/wheeltec/wheeltec_ros2/build/nmea_msgs' returned '0': CMAKE_PREFIX_PATH=${CMAKE_PREFIX_PATH}:/home/wheeltec/wheeltec_ros2/install/auto_recharge_ros2:/home/wheeltec/autoware/install/autoware_wheeltec_interface:/home/wheeltec/autoware/install/ad_api_visualizers:/opt/ros/humble /usr/bin/cmake --build /home/wheeltec/wheeltec_ros2/build/nmea_msgs -- -j6 -l6
[1.854s] Invoking command in '/home/wheeltec/wheeltec_ros2/build/nmea_msgs': CMAKE_PREFIX_PATH=${CMAKE_PREFIX_PATH}:/home/wheeltec/wheeltec_ros2/install/auto_recharge_ros2:/home/wheeltec/autoware/install/autoware_wheeltec_interface:/home/wheeltec/autoware/install/ad_api_visualizers:/opt/ros/humble /usr/bin/cmake --install /home/wheeltec/wheeltec_ros2/build/nmea_msgs
[1.875s] -- Install configuration: ""
[1.876s] -- Execute custom install script
[1.876s] -- Up-to-date symlink: /home/wheeltec/wheeltec_ros2/install/nmea_msgs/share/ament_index/resource_index/rosidl_interfaces/nmea_msgs
[1.877s] -- Up-to-date symlink: /home/wheeltec/wheeltec_ros2/install/nmea_msgs/include/nmea_msgs/nmea_msgs/msg/detail/gpgga__functions.h
[1.877s] -- Up-to-date symlink: /home/wheeltec/wheeltec_ros2/install/nmea_msgs/include/nmea_msgs/nmea_msgs/msg/detail/gpgga__struct.h
[1.878s] -- Up-to-date symlink: /home/wheeltec/wheeltec_ros2/install/nmea_msgs/include/nmea_msgs/nmea_msgs/msg/detail/gpgga__type_support.h
[1.878s] -- Up-to-date symlink: /home/wheeltec/wheeltec_ros2/install/nmea_msgs/include/nmea_msgs/nmea_msgs/msg/detail/gpgsa__functions.h
[1.878s] -- Up-to-date symlink: /home/wheeltec/wheeltec_ros2/install/nmea_msgs/include/nmea_msgs/nmea_msgs/msg/detail/gpgsa__struct.h
[1.879s] -- Up-to-date symlink: /home/wheeltec/wheeltec_ros2/install/nmea_msgs/include/nmea_msgs/nmea_msgs/msg/detail/gpgsa__type_support.h
[1.879s] -- Up-to-date symlink: /home/wheeltec/wheeltec_ros2/install/nmea_msgs/include/nmea_msgs/nmea_msgs/msg/detail/gpgst__functions.h
[1.879s] -- Up-to-date symlink: /home/wheeltec/wheeltec_ros2/install/nmea_msgs/include/nmea_msgs/nmea_msgs/msg/detail/gpgst__struct.h
[1.879s] -- Up-to-date symlink: /home/wheeltec/wheeltec_ros2/install/nmea_msgs/include/nmea_msgs/nmea_msgs/msg/detail/gpgst__type_support.h
[1.880s] -- Up-to-date symlink: /home/wheeltec/wheeltec_ros2/install/nmea_msgs/include/nmea_msgs/nmea_msgs/msg/detail/gpgsv__functions.h
[1.881s] -- Up-to-date symlink: /home/wheeltec/wheeltec_ros2/install/nmea_msgs/include/nmea_msgs/nmea_msgs/msg/detail/gpgsv__struct.h
[1.882s] -- Up-to-date symlink: /home/wheeltec/wheeltec_ros2/install/nmea_msgs/include/nmea_msgs/nmea_msgs/msg/detail/gpgsv__type_support.h
[1.882s] -- Up-to-date symlink: /home/wheeltec/wheeltec_ros2/install/nmea_msgs/include/nmea_msgs/nmea_msgs/msg/detail/gpgsv_satellite__functions.h
[1.882s] -- Up-to-date symlink: /home/wheeltec/wheeltec_ros2/install/nmea_msgs/include/nmea_msgs/nmea_msgs/msg/detail/gpgsv_satellite__struct.h
[1.882s] -- Up-to-date symlink: /home/wheeltec/wheeltec_ros2/install/nmea_msgs/include/nmea_msgs/nmea_msgs/msg/detail/gpgsv_satellite__type_support.h
[1.882s] -- Up-to-date symlink: /home/wheeltec/wheeltec_ros2/install/nmea_msgs/include/nmea_msgs/nmea_msgs/msg/detail/gprmc__functions.h
[1.883s] -- Up-to-date symlink: /home/wheeltec/wheeltec_ros2/install/nmea_msgs/include/nmea_msgs/nmea_msgs/msg/detail/gprmc__struct.h
[1.883s] -- Up-to-date symlink: /home/wheeltec/wheeltec_ros2/install/nmea_msgs/include/nmea_msgs/nmea_msgs/msg/detail/gprmc__type_support.h
[1.883s] -- Up-to-date symlink: /home/wheeltec/wheeltec_ros2/install/nmea_msgs/include/nmea_msgs/nmea_msgs/msg/detail/sentence__functions.h
[1.883s] -- Up-to-date symlink: /home/wheeltec/wheeltec_ros2/install/nmea_msgs/include/nmea_msgs/nmea_msgs/msg/detail/sentence__struct.h
[1.884s] -- Up-to-date symlink: /home/wheeltec/wheeltec_ros2/install/nmea_msgs/include/nmea_msgs/nmea_msgs/msg/detail/sentence__type_support.h
[1.884s] -- Up-to-date symlink: /home/wheeltec/wheeltec_ros2/install/nmea_msgs/include/nmea_msgs/nmea_msgs/msg/gpgga.h
[1.884s] -- Up-to-date symlink: /home/wheeltec/wheeltec_ros2/install/nmea_msgs/include/nmea_msgs/nmea_msgs/msg/gpgsa.h
[1.884s] -- Up-to-date symlink: /home/wheeltec/wheeltec_ros2/install/nmea_msgs/include/nmea_msgs/nmea_msgs/msg/gpgst.h
[1.884s] -- Up-to-date symlink: /home/wheeltec/wheeltec_ros2/install/nmea_msgs/include/nmea_msgs/nmea_msgs/msg/gpgsv.h
[1.884s] -- Up-to-date symlink: /home/wheeltec/wheeltec_ros2/install/nmea_msgs/include/nmea_msgs/nmea_msgs/msg/gpgsv_satellite.h
[1.885s] -- Up-to-date symlink: /home/wheeltec/wheeltec_ros2/install/nmea_msgs/include/nmea_msgs/nmea_msgs/msg/gprmc.h
[1.885s] -- Up-to-date symlink: /home/wheeltec/wheeltec_ros2/install/nmea_msgs/include/nmea_msgs/nmea_msgs/msg/rosidl_generator_c__visibility_control.h
[1.885s] -- Up-to-date symlink: /home/wheeltec/wheeltec_ros2/install/nmea_msgs/include/nmea_msgs/nmea_msgs/msg/sentence.h
[1.885s] -- Up-to-date symlink: /home/wheeltec/wheeltec_ros2/install/nmea_msgs/share/nmea_msgs/environment/library_path.sh
[1.886s] -- Up-to-date symlink: /home/wheeltec/wheeltec_ros2/install/nmea_msgs/share/nmea_msgs/environment/library_path.dsv
[1.886s] -- Up-to-date symlink: /home/wheeltec/wheeltec_ros2/install/nmea_msgs/include/nmea_msgs/nmea_msgs/msg/detail/gpgga__rosidl_typesupport_fastrtps_c.h
[1.886s] -- Up-to-date symlink: /home/wheeltec/wheeltec_ros2/install/nmea_msgs/include/nmea_msgs/nmea_msgs/msg/detail/gpgsa__rosidl_typesupport_fastrtps_c.h
[1.886s] -- Up-to-date symlink: /home/wheeltec/wheeltec_ros2/install/nmea_msgs/include/nmea_msgs/nmea_msgs/msg/detail/gpgst__rosidl_typesupport_fastrtps_c.h
[1.886s] -- Up-to-date symlink: /home/wheeltec/wheeltec_ros2/install/nmea_msgs/include/nmea_msgs/nmea_msgs/msg/detail/gpgsv__rosidl_typesupport_fastrtps_c.h
[1.886s] -- Up-to-date symlink: /home/wheeltec/wheeltec_ros2/install/nmea_msgs/include/nmea_msgs/nmea_msgs/msg/detail/gpgsv_satellite__rosidl_typesupport_fastrtps_c.h
[1.886s] -- Up-to-date symlink: /home/wheeltec/wheeltec_ros2/install/nmea_msgs/include/nmea_msgs/nmea_msgs/msg/detail/gprmc__rosidl_typesupport_fastrtps_c.h
[1.887s] -- Up-to-date symlink: /home/wheeltec/wheeltec_ros2/install/nmea_msgs/include/nmea_msgs/nmea_msgs/msg/detail/sentence__rosidl_typesupport_fastrtps_c.h
[1.887s] -- Up-to-date symlink: /home/wheeltec/wheeltec_ros2/install/nmea_msgs/include/nmea_msgs/nmea_msgs/msg/rosidl_typesupport_fastrtps_c__visibility_control.h
[1.887s] -- Up-to-date symlink: /home/wheeltec/wheeltec_ros2/install/nmea_msgs/include/nmea_msgs/nmea_msgs/msg/detail/gpgga__rosidl_typesupport_introspection_c.h
[1.887s] -- Up-to-date symlink: /home/wheeltec/wheeltec_ros2/install/nmea_msgs/include/nmea_msgs/nmea_msgs/msg/detail/gpgsa__rosidl_typesupport_introspection_c.h
[1.887s] -- Up-to-date symlink: /home/wheeltec/wheeltec_ros2/install/nmea_msgs/include/nmea_msgs/nmea_msgs/msg/detail/gpgst__rosidl_typesupport_introspection_c.h
[1.887s] -- Up-to-date symlink: /home/wheeltec/wheeltec_ros2/install/nmea_msgs/include/nmea_msgs/nmea_msgs/msg/detail/gpgsv__rosidl_typesupport_introspection_c.h
[1.887s] -- Up-to-date symlink: /home/wheeltec/wheeltec_ros2/install/nmea_msgs/include/nmea_msgs/nmea_msgs/msg/detail/gpgsv_satellite__rosidl_typesupport_introspection_c.h
[1.888s] -- Up-to-date symlink: /home/wheeltec/wheeltec_ros2/install/nmea_msgs/include/nmea_msgs/nmea_msgs/msg/detail/gprmc__rosidl_typesupport_introspection_c.h
[1.888s] -- Up-to-date symlink: /home/wheeltec/wheeltec_ros2/install/nmea_msgs/include/nmea_msgs/nmea_msgs/msg/detail/sentence__rosidl_typesupport_introspection_c.h
[1.888s] -- Up-to-date symlink: /home/wheeltec/wheeltec_ros2/install/nmea_msgs/include/nmea_msgs/nmea_msgs/msg/rosidl_typesupport_introspection_c__visibility_control.h
[1.889s] -- Up-to-date symlink: /home/wheeltec/wheeltec_ros2/install/nmea_msgs/include/nmea_msgs/nmea_msgs/msg/detail/gpgga__builder.hpp
[1.889s] -- Up-to-date symlink: /home/wheeltec/wheeltec_ros2/install/nmea_msgs/include/nmea_msgs/nmea_msgs/msg/detail/gpgga__struct.hpp
[1.889s] -- Up-to-date symlink: /home/wheeltec/wheeltec_ros2/install/nmea_msgs/include/nmea_msgs/nmea_msgs/msg/detail/gpgga__traits.hpp
[1.889s] -- Up-to-date symlink: /home/wheeltec/wheeltec_ros2/install/nmea_msgs/include/nmea_msgs/nmea_msgs/msg/detail/gpgga__type_support.hpp
[1.889s] -- Up-to-date symlink: /home/wheeltec/wheeltec_ros2/install/nmea_msgs/include/nmea_msgs/nmea_msgs/msg/detail/gpgsa__builder.hpp
[1.890s] -- Up-to-date symlink: /home/wheeltec/wheeltec_ros2/install/nmea_msgs/include/nmea_msgs/nmea_msgs/msg/detail/gpgsa__struct.hpp
[1.890s] -- Up-to-date symlink: /home/wheeltec/wheeltec_ros2/install/nmea_msgs/include/nmea_msgs/nmea_msgs/msg/detail/gpgsa__traits.hpp
[1.890s] -- Up-to-date symlink: /home/wheeltec/wheeltec_ros2/install/nmea_msgs/include/nmea_msgs/nmea_msgs/msg/detail/gpgsa__type_support.hpp
[1.890s] -- Up-to-date symlink: /home/wheeltec/wheeltec_ros2/install/nmea_msgs/include/nmea_msgs/nmea_msgs/msg/detail/gpgst__builder.hpp
[1.890s] -- Up-to-date symlink: /home/wheeltec/wheeltec_ros2/install/nmea_msgs/include/nmea_msgs/nmea_msgs/msg/detail/gpgst__struct.hpp
[1.890s] -- Up-to-date symlink: /home/wheeltec/wheeltec_ros2/install/nmea_msgs/include/nmea_msgs/nmea_msgs/msg/detail/gpgst__traits.hpp
[1.891s] -- Up-to-date symlink: /home/wheeltec/wheeltec_ros2/install/nmea_msgs/include/nmea_msgs/nmea_msgs/msg/detail/gpgst__type_support.hpp
[1.891s] -- Up-to-date symlink: /home/wheeltec/wheeltec_ros2/install/nmea_msgs/include/nmea_msgs/nmea_msgs/msg/detail/gpgsv__builder.hpp
[1.891s] -- Up-to-date symlink: /home/wheeltec/wheeltec_ros2/install/nmea_msgs/include/nmea_msgs/nmea_msgs/msg/detail/gpgsv__struct.hpp
[1.892s] -- Up-to-date symlink: /home/wheeltec/wheeltec_ros2/install/nmea_msgs/include/nmea_msgs/nmea_msgs/msg/detail/gpgsv__traits.hpp
[1.892s] -- Up-to-date symlink: /home/wheeltec/wheeltec_ros2/install/nmea_msgs/include/nmea_msgs/nmea_msgs/msg/detail/gpgsv__type_support.hpp
[1.892s] -- Up-to-date symlink: /home/wheeltec/wheeltec_ros2/install/nmea_msgs/include/nmea_msgs/nmea_msgs/msg/detail/gpgsv_satellite__builder.hpp
[1.892s] -- Up-to-date symlink: /home/wheeltec/wheeltec_ros2/install/nmea_msgs/include/nmea_msgs/nmea_msgs/msg/detail/gpgsv_satellite__struct.hpp
[1.892s] -- Up-to-date symlink: /home/wheeltec/wheeltec_ros2/install/nmea_msgs/include/nmea_msgs/nmea_msgs/msg/detail/gpgsv_satellite__traits.hpp
[1.892s] -- Up-to-date symlink: /home/wheeltec/wheeltec_ros2/install/nmea_msgs/include/nmea_msgs/nmea_msgs/msg/detail/gpgsv_satellite__type_support.hpp
[1.893s] -- Up-to-date symlink: /home/wheeltec/wheeltec_ros2/install/nmea_msgs/include/nmea_msgs/nmea_msgs/msg/detail/gprmc__builder.hpp
[1.893s] -- Up-to-date symlink: /home/wheeltec/wheeltec_ros2/install/nmea_msgs/include/nmea_msgs/nmea_msgs/msg/detail/gprmc__struct.hpp
[1.893s] -- Up-to-date symlink: /home/wheeltec/wheeltec_ros2/install/nmea_msgs/include/nmea_msgs/nmea_msgs/msg/detail/gprmc__traits.hpp
[1.894s] -- Up-to-date symlink: /home/wheeltec/wheeltec_ros2/install/nmea_msgs/include/nmea_msgs/nmea_msgs/msg/detail/gprmc__type_support.hpp
[1.895s] -- Up-to-date symlink: /home/wheeltec/wheeltec_ros2/install/nmea_msgs/include/nmea_msgs/nmea_msgs/msg/detail/sentence__builder.hpp
[1.895s] -- Up-to-date symlink: /home/wheeltec/wheeltec_ros2/install/nmea_msgs/include/nmea_msgs/nmea_msgs/msg/detail/sentence__struct.hpp
[1.895s] -- Up-to-date symlink: /home/wheeltec/wheeltec_ros2/install/nmea_msgs/include/nmea_msgs/nmea_msgs/msg/detail/sentence__traits.hpp
[1.896s] -- Up-to-date symlink: /home/wheeltec/wheeltec_ros2/install/nmea_msgs/include/nmea_msgs/nmea_msgs/msg/detail/sentence__type_support.hpp
[1.896s] -- Up-to-date symlink: /home/wheeltec/wheeltec_ros2/install/nmea_msgs/include/nmea_msgs/nmea_msgs/msg/gpgga.hpp
[1.896s] -- Up-to-date symlink: /home/wheeltec/wheeltec_ros2/install/nmea_msgs/include/nmea_msgs/nmea_msgs/msg/gpgsa.hpp
[1.896s] -- Up-to-date symlink: /home/wheeltec/wheeltec_ros2/install/nmea_msgs/include/nmea_msgs/nmea_msgs/msg/gpgst.hpp
[1.896s] -- Up-to-date symlink: /home/wheeltec/wheeltec_ros2/install/nmea_msgs/include/nmea_msgs/nmea_msgs/msg/gpgsv.hpp
[1.896s] -- Up-to-date symlink: /home/wheeltec/wheeltec_ros2/install/nmea_msgs/include/nmea_msgs/nmea_msgs/msg/gpgsv_satellite.hpp
[1.896s] -- Up-to-date symlink: /home/wheeltec/wheeltec_ros2/install/nmea_msgs/include/nmea_msgs/nmea_msgs/msg/gprmc.hpp
[1.896s] -- Up-to-date symlink: /home/wheeltec/wheeltec_ros2/install/nmea_msgs/include/nmea_msgs/nmea_msgs/msg/rosidl_generator_cpp__visibility_control.hpp
[1.896s] -- Up-to-date symlink: /home/wheeltec/wheeltec_ros2/install/nmea_msgs/include/nmea_msgs/nmea_msgs/msg/sentence.hpp
[1.897s] -- Up-to-date symlink: /home/wheeltec/wheeltec_ros2/install/nmea_msgs/include/nmea_msgs/nmea_msgs/msg/detail/gpgga__rosidl_typesupport_fastrtps_cpp.hpp
[1.897s] -- Up-to-date symlink: /home/wheeltec/wheeltec_ros2/install/nmea_msgs/include/nmea_msgs/nmea_msgs/msg/detail/gpgsa__rosidl_typesupport_fastrtps_cpp.hpp
[1.897s] -- Up-to-date symlink: /home/wheeltec/wheeltec_ros2/install/nmea_msgs/include/nmea_msgs/nmea_msgs/msg/detail/gpgst__rosidl_typesupport_fastrtps_cpp.hpp
[1.897s] -- Up-to-date symlink: /home/wheeltec/wheeltec_ros2/install/nmea_msgs/include/nmea_msgs/nmea_msgs/msg/detail/gpgsv__rosidl_typesupport_fastrtps_cpp.hpp
[1.897s] -- Up-to-date symlink: /home/wheeltec/wheeltec_ros2/install/nmea_msgs/include/nmea_msgs/nmea_msgs/msg/detail/gpgsv_satellite__rosidl_typesupport_fastrtps_cpp.hpp
[1.897s] -- Up-to-date symlink: /home/wheeltec/wheeltec_ros2/install/nmea_msgs/include/nmea_msgs/nmea_msgs/msg/detail/gprmc__rosidl_typesupport_fastrtps_cpp.hpp
[1.897s] -- Up-to-date symlink: /home/wheeltec/wheeltec_ros2/install/nmea_msgs/include/nmea_msgs/nmea_msgs/msg/detail/sentence__rosidl_typesupport_fastrtps_cpp.hpp
[1.897s] -- Up-to-date symlink: /home/wheeltec/wheeltec_ros2/install/nmea_msgs/include/nmea_msgs/nmea_msgs/msg/rosidl_typesupport_fastrtps_cpp__visibility_control.h
[1.898s] -- Up-to-date symlink: /home/wheeltec/wheeltec_ros2/install/nmea_msgs/include/nmea_msgs/nmea_msgs/msg/detail/gpgga__rosidl_typesupport_introspection_cpp.hpp
[1.898s] -- Up-to-date symlink: /home/wheeltec/wheeltec_ros2/install/nmea_msgs/include/nmea_msgs/nmea_msgs/msg/detail/gpgsa__rosidl_typesupport_introspection_cpp.hpp
[1.899s] -- Up-to-date symlink: /home/wheeltec/wheeltec_ros2/install/nmea_msgs/include/nmea_msgs/nmea_msgs/msg/detail/gpgst__rosidl_typesupport_introspection_cpp.hpp
[1.899s] -- Up-to-date symlink: /home/wheeltec/wheeltec_ros2/install/nmea_msgs/include/nmea_msgs/nmea_msgs/msg/detail/gpgsv__rosidl_typesupport_introspection_cpp.hpp
[1.899s] -- Up-to-date symlink: /home/wheeltec/wheeltec_ros2/install/nmea_msgs/include/nmea_msgs/nmea_msgs/msg/detail/gpgsv_satellite__rosidl_typesupport_introspection_cpp.hpp
[1.899s] -- Up-to-date symlink: /home/wheeltec/wheeltec_ros2/install/nmea_msgs/include/nmea_msgs/nmea_msgs/msg/detail/gprmc__rosidl_typesupport_introspection_cpp.hpp
[1.900s] -- Up-to-date symlink: /home/wheeltec/wheeltec_ros2/install/nmea_msgs/include/nmea_msgs/nmea_msgs/msg/detail/sentence__rosidl_typesupport_introspection_cpp.hpp
[1.900s] -- Up-to-date symlink: /home/wheeltec/wheeltec_ros2/install/nmea_msgs/share/nmea_msgs/environment/pythonpath.sh
[1.900s] -- Up-to-date symlink: /home/wheeltec/wheeltec_ros2/install/nmea_msgs/share/nmea_msgs/environment/pythonpath.dsv
[1.901s] -- Up-to-date symlink: /home/wheeltec/wheeltec_ros2/install/nmea_msgs/local/lib/python3.10/dist-packages/nmea_msgs-2.0.0-py3.10.egg-info/PKG-INFO
[1.901s] -- Up-to-date symlink: /home/wheeltec/wheeltec_ros2/install/nmea_msgs/local/lib/python3.10/dist-packages/nmea_msgs-2.0.0-py3.10.egg-info/SOURCES.txt
[1.901s] -- Up-to-date symlink: /home/wheeltec/wheeltec_ros2/install/nmea_msgs/local/lib/python3.10/dist-packages/nmea_msgs-2.0.0-py3.10.egg-info/dependency_links.txt
[1.902s] -- Up-to-date symlink: /home/wheeltec/wheeltec_ros2/install/nmea_msgs/local/lib/python3.10/dist-packages/nmea_msgs-2.0.0-py3.10.egg-info/top_level.txt
[1.903s] -- Up-to-date symlink: /home/wheeltec/wheeltec_ros2/install/nmea_msgs/local/lib/python3.10/dist-packages/nmea_msgs/__init__.py
[1.903s] -- Up-to-date symlink: /home/wheeltec/wheeltec_ros2/install/nmea_msgs/local/lib/python3.10/dist-packages/nmea_msgs/_nmea_msgs_s.ep.rosidl_typesupport_c.c
[1.903s] -- Up-to-date symlink: /home/wheeltec/wheeltec_ros2/install/nmea_msgs/local/lib/python3.10/dist-packages/nmea_msgs/_nmea_msgs_s.ep.rosidl_typesupport_fastrtps_c.c
[1.903s] -- Up-to-date symlink: /home/wheeltec/wheeltec_ros2/install/nmea_msgs/local/lib/python3.10/dist-packages/nmea_msgs/_nmea_msgs_s.ep.rosidl_typesupport_introspection_c.c
[1.904s] -- Up-to-date symlink: /home/wheeltec/wheeltec_ros2/install/nmea_msgs/local/lib/python3.10/dist-packages/nmea_msgs/libnmea_msgs__rosidl_generator_py.so
[1.904s] -- Up-to-date symlink: /home/wheeltec/wheeltec_ros2/install/nmea_msgs/local/lib/python3.10/dist-packages/nmea_msgs/msg/__init__.py
[1.904s] -- Up-to-date symlink: /home/wheeltec/wheeltec_ros2/install/nmea_msgs/local/lib/python3.10/dist-packages/nmea_msgs/msg/_gpgga.py
[1.904s] -- Up-to-date symlink: /home/wheeltec/wheeltec_ros2/install/nmea_msgs/local/lib/python3.10/dist-packages/nmea_msgs/msg/_gpgga_s.c
[1.905s] -- Up-to-date symlink: /home/wheeltec/wheeltec_ros2/install/nmea_msgs/local/lib/python3.10/dist-packages/nmea_msgs/msg/_gpgsa.py
[1.905s] -- Up-to-date symlink: /home/wheeltec/wheeltec_ros2/install/nmea_msgs/local/lib/python3.10/dist-packages/nmea_msgs/msg/_gpgsa_s.c
[1.905s] -- Up-to-date symlink: /home/wheeltec/wheeltec_ros2/install/nmea_msgs/local/lib/python3.10/dist-packages/nmea_msgs/msg/_gpgst.py
[1.905s] -- Up-to-date symlink: /home/wheeltec/wheeltec_ros2/install/nmea_msgs/local/lib/python3.10/dist-packages/nmea_msgs/msg/_gpgst_s.c
[1.906s] -- Up-to-date symlink: /home/wheeltec/wheeltec_ros2/install/nmea_msgs/local/lib/python3.10/dist-packages/nmea_msgs/msg/_gpgsv.py
[1.906s] -- Up-to-date symlink: /home/wheeltec/wheeltec_ros2/install/nmea_msgs/local/lib/python3.10/dist-packages/nmea_msgs/msg/_gpgsv_s.c
[1.906s] -- Up-to-date symlink: /home/wheeltec/wheeltec_ros2/install/nmea_msgs/local/lib/python3.10/dist-packages/nmea_msgs/msg/_gpgsv_satellite.py
[1.906s] -- Up-to-date symlink: /home/wheeltec/wheeltec_ros2/install/nmea_msgs/local/lib/python3.10/dist-packages/nmea_msgs/msg/_gpgsv_satellite_s.c
[1.907s] -- Up-to-date symlink: /home/wheeltec/wheeltec_ros2/install/nmea_msgs/local/lib/python3.10/dist-packages/nmea_msgs/msg/_gprmc.py
[1.907s] -- Up-to-date symlink: /home/wheeltec/wheeltec_ros2/install/nmea_msgs/local/lib/python3.10/dist-packages/nmea_msgs/msg/_gprmc_s.c
[1.907s] -- Up-to-date symlink: /home/wheeltec/wheeltec_ros2/install/nmea_msgs/local/lib/python3.10/dist-packages/nmea_msgs/msg/_sentence.py
[1.907s] -- Up-to-date symlink: /home/wheeltec/wheeltec_ros2/install/nmea_msgs/local/lib/python3.10/dist-packages/nmea_msgs/msg/_sentence_s.c
[1.908s] -- Up-to-date symlink: /home/wheeltec/wheeltec_ros2/install/nmea_msgs/local/lib/python3.10/dist-packages/nmea_msgs/nmea_msgs_s__rosidl_typesupport_c.cpython-310-aarch64-linux-gnu.so
[1.908s] -- Up-to-date symlink: /home/wheeltec/wheeltec_ros2/install/nmea_msgs/local/lib/python3.10/dist-packages/nmea_msgs/nmea_msgs_s__rosidl_typesupport_fastrtps_c.cpython-310-aarch64-linux-gnu.so
[1.908s] -- Up-to-date symlink: /home/wheeltec/wheeltec_ros2/install/nmea_msgs/local/lib/python3.10/dist-packages/nmea_msgs/nmea_msgs_s__rosidl_typesupport_introspection_c.cpython-310-aarch64-linux-gnu.so
[1.909s] -- Up-to-date symlink: /home/wheeltec/wheeltec_ros2/install/nmea_msgs/local/lib/python3.10/dist-packages/nmea_msgs/nmea_msgs_s__rosidl_typesupport_fastrtps_c.cpython-310-aarch64-linux-gnu.so
[1.909s] -- Up-to-date symlink: /home/wheeltec/wheeltec_ros2/install/nmea_msgs/local/lib/python3.10/dist-packages/nmea_msgs/nmea_msgs_s__rosidl_typesupport_introspection_c.cpython-310-aarch64-linux-gnu.so
[1.910s] -- Up-to-date symlink: /home/wheeltec/wheeltec_ros2/install/nmea_msgs/local/lib/python3.10/dist-packages/nmea_msgs/nmea_msgs_s__rosidl_typesupport_c.cpython-310-aarch64-linux-gnu.so
[1.910s] -- Up-to-date symlink: /home/wheeltec/wheeltec_ros2/install/nmea_msgs/share/nmea_msgs/msg/Sentence.idl
[1.910s] -- Up-to-date symlink: /home/wheeltec/wheeltec_ros2/install/nmea_msgs/share/nmea_msgs/msg/Gpgga.idl
[1.911s] -- Up-to-date symlink: /home/wheeltec/wheeltec_ros2/install/nmea_msgs/share/nmea_msgs/msg/Gpgsa.idl
[1.911s] -- Up-to-date symlink: /home/wheeltec/wheeltec_ros2/install/nmea_msgs/share/nmea_msgs/msg/Gpgst.idl
[1.911s] -- Up-to-date symlink: /home/wheeltec/wheeltec_ros2/install/nmea_msgs/share/nmea_msgs/msg/Gpgsv.idl
[1.911s] -- Up-to-date symlink: /home/wheeltec/wheeltec_ros2/install/nmea_msgs/share/nmea_msgs/msg/GpgsvSatellite.idl
[1.912s] -- Up-to-date symlink: /home/wheeltec/wheeltec_ros2/install/nmea_msgs/share/nmea_msgs/msg/Gprmc.idl
[1.912s] -- Up-to-date symlink: /home/wheeltec/wheeltec_ros2/install/nmea_msgs/share/nmea_msgs/msg/Sentence.msg
[1.912s] -- Up-to-date symlink: /home/wheeltec/wheeltec_ros2/install/nmea_msgs/share/nmea_msgs/msg/Gpgga.msg
[1.913s] -- Up-to-date symlink: /home/wheeltec/wheeltec_ros2/install/nmea_msgs/share/nmea_msgs/msg/Gpgsa.msg
[1.913s] -- Up-to-date symlink: /home/wheeltec/wheeltec_ros2/install/nmea_msgs/share/nmea_msgs/msg/Gpgst.msg
[1.913s] -- Up-to-date symlink: /home/wheeltec/wheeltec_ros2/install/nmea_msgs/share/nmea_msgs/msg/Gpgsv.msg
[1.914s] -- Up-to-date symlink: /home/wheeltec/wheeltec_ros2/install/nmea_msgs/share/nmea_msgs/msg/GpgsvSatellite.msg
[1.914s] -- Up-to-date symlink: /home/wheeltec/wheeltec_ros2/install/nmea_msgs/share/nmea_msgs/msg/Gprmc.msg
[1.914s] -- Up-to-date symlink: /home/wheeltec/wheeltec_ros2/install/nmea_msgs/share/ament_index/resource_index/package_run_dependencies/nmea_msgs
[1.915s] -- Up-to-date symlink: /home/wheeltec/wheeltec_ros2/install/nmea_msgs/share/ament_index/resource_index/parent_prefix_path/nmea_msgs
[1.915s] -- Up-to-date symlink: /home/wheeltec/wheeltec_ros2/install/nmea_msgs/share/nmea_msgs/environment/ament_prefix_path.sh
[1.915s] -- Up-to-date symlink: /home/wheeltec/wheeltec_ros2/install/nmea_msgs/share/nmea_msgs/environment/ament_prefix_path.dsv
[1.916s] -- Up-to-date symlink: /home/wheeltec/wheeltec_ros2/install/nmea_msgs/share/nmea_msgs/environment/path.sh
[1.916s] -- Up-to-date symlink: /home/wheeltec/wheeltec_ros2/install/nmea_msgs/share/nmea_msgs/environment/path.dsv
[1.916s] -- Up-to-date symlink: /home/wheeltec/wheeltec_ros2/install/nmea_msgs/share/nmea_msgs/local_setup.bash
[1.917s] -- Up-to-date symlink: /home/wheeltec/wheeltec_ros2/install/nmea_msgs/share/nmea_msgs/local_setup.sh
[1.917s] -- Up-to-date symlink: /home/wheeltec/wheeltec_ros2/install/nmea_msgs/share/nmea_msgs/local_setup.zsh
[1.917s] -- Up-to-date symlink: /home/wheeltec/wheeltec_ros2/install/nmea_msgs/share/nmea_msgs/local_setup.dsv
[1.917s] -- Symlinking: /home/wheeltec/wheeltec_ros2/install/nmea_msgs/share/nmea_msgs/package.dsv
[1.939s] -- Up-to-date symlink: /home/wheeltec/wheeltec_ros2/install/nmea_msgs/share/ament_index/resource_index/packages/nmea_msgs
[1.942s] -- Up-to-date symlink: /home/wheeltec/wheeltec_ros2/install/nmea_msgs/share/nmea_msgs/cmake/rosidl_cmake-extras.cmake
[1.943s] -- Up-to-date symlink: /home/wheeltec/wheeltec_ros2/install/nmea_msgs/share/nmea_msgs/cmake/ament_cmake_export_dependencies-extras.cmake
[1.943s] -- Up-to-date symlink: /home/wheeltec/wheeltec_ros2/install/nmea_msgs/share/nmea_msgs/cmake/ament_cmake_export_include_directories-extras.cmake
[1.943s] -- Up-to-date symlink: /home/wheeltec/wheeltec_ros2/install/nmea_msgs/share/nmea_msgs/cmake/ament_cmake_export_libraries-extras.cmake
[1.943s] -- Up-to-date symlink: /home/wheeltec/wheeltec_ros2/install/nmea_msgs/share/nmea_msgs/cmake/ament_cmake_export_targets-extras.cmake
[1.944s] -- Up-to-date symlink: /home/wheeltec/wheeltec_ros2/install/nmea_msgs/share/nmea_msgs/cmake/rosidl_cmake_export_typesupport_targets-extras.cmake
[1.944s] -- Up-to-date symlink: /home/wheeltec/wheeltec_ros2/install/nmea_msgs/share/nmea_msgs/cmake/rosidl_cmake_export_typesupport_libraries-extras.cmake
[1.944s] -- Up-to-date symlink: /home/wheeltec/wheeltec_ros2/install/nmea_msgs/share/nmea_msgs/cmake/nmea_msgsConfig.cmake
[1.944s] -- Up-to-date symlink: /home/wheeltec/wheeltec_ros2/install/nmea_msgs/share/nmea_msgs/cmake/nmea_msgsConfig-version.cmake
[1.944s] -- Up-to-date symlink: /home/wheeltec/wheeltec_ros2/install/nmea_msgs/share/nmea_msgs/package.xml
[1.945s] -- Up-to-date: /home/wheeltec/wheeltec_ros2/install/nmea_msgs/lib/libnmea_msgs__rosidl_generator_c.so
[1.946s] -- Up-to-date: /home/wheeltec/wheeltec_ros2/install/nmea_msgs/lib/libnmea_msgs__rosidl_typesupport_fastrtps_c.so
[1.946s] -- Up-to-date: /home/wheeltec/wheeltec_ros2/install/nmea_msgs/lib/libnmea_msgs__rosidl_typesupport_introspection_c.so
[1.946s] -- Up-to-date: /home/wheeltec/wheeltec_ros2/install/nmea_msgs/lib/libnmea_msgs__rosidl_typesupport_c.so
[1.946s] -- Up-to-date: /home/wheeltec/wheeltec_ros2/install/nmea_msgs/lib/libnmea_msgs__rosidl_typesupport_fastrtps_cpp.so
[1.946s] -- Up-to-date: /home/wheeltec/wheeltec_ros2/install/nmea_msgs/lib/libnmea_msgs__rosidl_typesupport_introspection_cpp.so
[1.946s] -- Up-to-date: /home/wheeltec/wheeltec_ros2/install/nmea_msgs/lib/libnmea_msgs__rosidl_typesupport_cpp.so
[2.105s] Listing '/home/wheeltec/wheeltec_ros2/install/nmea_msgs/local/lib/python3.10/dist-packages/nmea_msgs'...
[2.105s] Listing '/home/wheeltec/wheeltec_ros2/install/nmea_msgs/local/lib/python3.10/dist-packages/nmea_msgs/msg'...
[2.113s] -- Up-to-date: /home/wheeltec/wheeltec_ros2/install/nmea_msgs/lib/libnmea_msgs__rosidl_generator_py.so
[2.113s] -- Up-to-date: /home/wheeltec/wheeltec_ros2/install/nmea_msgs/share/nmea_msgs/cmake/export_nmea_msgs__rosidl_generator_cExport.cmake
[2.115s] -- Up-to-date: /home/wheeltec/wheeltec_ros2/install/nmea_msgs/share/nmea_msgs/cmake/export_nmea_msgs__rosidl_generator_cExport-noconfig.cmake
[2.115s] -- Up-to-date: /home/wheeltec/wheeltec_ros2/install/nmea_msgs/share/nmea_msgs/cmake/export_nmea_msgs__rosidl_typesupport_fastrtps_cExport.cmake
[2.116s] -- Up-to-date: /home/wheeltec/wheeltec_ros2/install/nmea_msgs/share/nmea_msgs/cmake/export_nmea_msgs__rosidl_typesupport_fastrtps_cExport-noconfig.cmake
[2.116s] -- Up-to-date: /home/wheeltec/wheeltec_ros2/install/nmea_msgs/share/nmea_msgs/cmake/nmea_msgs__rosidl_typesupport_introspection_cExport.cmake
[2.116s] -- Up-to-date: /home/wheeltec/wheeltec_ros2/install/nmea_msgs/share/nmea_msgs/cmake/nmea_msgs__rosidl_typesupport_introspection_cExport-noconfig.cmake
[2.116s] -- Up-to-date: /home/wheeltec/wheeltec_ros2/install/nmea_msgs/share/nmea_msgs/cmake/nmea_msgs__rosidl_typesupport_cExport.cmake
[2.116s] -- Up-to-date: /home/wheeltec/wheeltec_ros2/install/nmea_msgs/share/nmea_msgs/cmake/nmea_msgs__rosidl_typesupport_cExport-noconfig.cmake
[2.116s] -- Up-to-date: /home/wheeltec/wheeltec_ros2/install/nmea_msgs/share/nmea_msgs/cmake/export_nmea_msgs__rosidl_generator_cppExport.cmake
[2.116s] -- Up-to-date: /home/wheeltec/wheeltec_ros2/install/nmea_msgs/share/nmea_msgs/cmake/export_nmea_msgs__rosidl_typesupport_fastrtps_cppExport.cmake
[2.117s] -- Up-to-date: /home/wheeltec/wheeltec_ros2/install/nmea_msgs/share/nmea_msgs/cmake/export_nmea_msgs__rosidl_typesupport_fastrtps_cppExport-noconfig.cmake
[2.117s] -- Up-to-date: /home/wheeltec/wheeltec_ros2/install/nmea_msgs/share/nmea_msgs/cmake/nmea_msgs__rosidl_typesupport_introspection_cppExport.cmake
[2.117s] -- Up-to-date: /home/wheeltec/wheeltec_ros2/install/nmea_msgs/share/nmea_msgs/cmake/nmea_msgs__rosidl_typesupport_introspection_cppExport-noconfig.cmake
[2.117s] -- Up-to-date: /home/wheeltec/wheeltec_ros2/install/nmea_msgs/share/nmea_msgs/cmake/nmea_msgs__rosidl_typesupport_cppExport.cmake
[2.117s] -- Up-to-date: /home/wheeltec/wheeltec_ros2/install/nmea_msgs/share/nmea_msgs/cmake/nmea_msgs__rosidl_typesupport_cppExport-noconfig.cmake
[2.117s] -- Up-to-date: /home/wheeltec/wheeltec_ros2/install/nmea_msgs/share/nmea_msgs/cmake/export_nmea_msgs__rosidl_generator_pyExport.cmake
[2.117s] -- Up-to-date: /home/wheeltec/wheeltec_ros2/install/nmea_msgs/share/nmea_msgs/cmake/export_nmea_msgs__rosidl_generator_pyExport-noconfig.cmake
[2.132s] Invoked command in '/home/wheeltec/wheeltec_ros2/build/nmea_msgs' returned '0': CMAKE_PREFIX_PATH=${CMAKE_PREFIX_PATH}:/home/wheeltec/wheeltec_ros2/install/auto_recharge_ros2:/home/wheeltec/autoware/install/autoware_wheeltec_interface:/home/wheeltec/autoware/install/ad_api_visualizers:/opt/ros/humble /usr/bin/cmake --install /home/wheeltec/wheeltec_ros2/build/nmea_msgs
