gmake: Warning: File 'Makefile' has modification time 1766050478 s in the future
gmake[1]: Warning: File 'CMakeFiles/Makefile2' has modification time 1766050478 s in the future
gmake[1]: warning:  Clock skew detected.  Your build may be incomplete.
gmake: warning:  Clock skew detected.  Your build may be incomplete.
-- Install configuration: ""
-- Execute custom install script
-- Up-to-date symlink: /home/wheeltec/wheeltec_ros2/install/nav2_dwb_controller/share/ament_index/resource_index/package_run_dependencies/nav2_dwb_controller
-- Up-to-date symlink: /home/wheeltec/wheeltec_ros2/install/nav2_dwb_controller/share/ament_index/resource_index/parent_prefix_path/nav2_dwb_controller
-- Up-to-date symlink: /home/wheeltec/wheeltec_ros2/install/nav2_dwb_controller/share/nav2_dwb_controller/environment/ament_prefix_path.sh
-- Up-to-date symlink: /home/wheeltec/wheeltec_ros2/install/nav2_dwb_controller/share/nav2_dwb_controller/environment/ament_prefix_path.dsv
-- Up-to-date symlink: /home/wheeltec/wheeltec_ros2/install/nav2_dwb_controller/share/nav2_dwb_controller/environment/path.sh
-- Up-to-date symlink: /home/wheeltec/wheeltec_ros2/install/nav2_dwb_controller/share/nav2_dwb_controller/environment/path.dsv
-- Up-to-date symlink: /home/wheeltec/wheeltec_ros2/install/nav2_dwb_controller/share/nav2_dwb_controller/local_setup.bash
-- Up-to-date symlink: /home/wheeltec/wheeltec_ros2/install/nav2_dwb_controller/share/nav2_dwb_controller/local_setup.sh
-- Up-to-date symlink: /home/wheeltec/wheeltec_ros2/install/nav2_dwb_controller/share/nav2_dwb_controller/local_setup.zsh
-- Up-to-date symlink: /home/wheeltec/wheeltec_ros2/install/nav2_dwb_controller/share/nav2_dwb_controller/local_setup.dsv
-- Symlinking: /home/wheeltec/wheeltec_ros2/install/nav2_dwb_controller/share/nav2_dwb_controller/package.dsv
-- Up-to-date symlink: /home/wheeltec/wheeltec_ros2/install/nav2_dwb_controller/share/ament_index/resource_index/packages/nav2_dwb_controller
-- Up-to-date symlink: /home/wheeltec/wheeltec_ros2/install/nav2_dwb_controller/share/nav2_dwb_controller/cmake/nav2_dwb_controllerConfig.cmake
-- Up-to-date symlink: /home/wheeltec/wheeltec_ros2/install/nav2_dwb_controller/share/nav2_dwb_controller/cmake/nav2_dwb_controllerConfig-version.cmake
-- Up-to-date symlink: /home/wheeltec/wheeltec_ros2/install/nav2_dwb_controller/share/nav2_dwb_controller/package.xml
