[0.097s] Invoking command in '/home/wheeltec/wheeltec_ros2/build/cloud_msgs': CMAKE_PREFIX_PATH=${CMAKE_PREFIX_PATH}:/home/wheeltec/wheeltec_ros2/install/wheeltec_robot_keyboard:/home/wheeltec/wheeltec_ros2/install/wheeltec_dual_rtk_driver:/home/wheeltec/wheeltec_ros2/install/ultralytics_ros2:/home/wheeltec/wheeltec_ros2/install/tf2_tools:/home/wheeltec/wheeltec_ros2/install/nav2_waypoint_cycle:/home/wheeltec/wheeltec_ros2/install/nav2_simple_commander:/home/wheeltec/wheeltec_ros2/install/auto_recharge_ros2:/home/wheeltec/autoware/install/autoware_wheeltec_interface:/home/wheeltec/autoware/install/ad_api_visualizers:/opt/ros/humble /usr/bin/cmake --build /home/wheeltec/wheeltec_ros2/build/cloud_msgs -- -j6 -l6
[0.386s] [  3%] Built target cloud_msgs__cpp
[0.389s] [ 12%] Built target cloud_msgs__rosidl_generator_c
[0.423s] [ 12%] Built target ament_cmake_python_symlink_cloud_msgs
[0.550s] [ 22%] Built target cloud_msgs__rosidl_typesupport_cpp
[0.568s] [ 32%] Built target cloud_msgs__rosidl_typesupport_introspection_cpp
[0.573s] [ 41%] Built target cloud_msgs__rosidl_typesupport_c
[0.581s] [ 51%] Built target cloud_msgs__rosidl_typesupport_introspection_c
[0.591s] [ 61%] Built target cloud_msgs__rosidl_typesupport_fastrtps_cpp
[0.594s] [ 70%] Built target cloud_msgs__rosidl_typesupport_fastrtps_c
[0.703s] [ 70%] Built target cloud_msgs
[0.845s] [ 74%] Built target cloud_msgs__py
[1.000s] [ 80%] Built target cloud_msgs__rosidl_generator_py
[1.101s] [ 87%] Built target cloud_msgs__rosidl_typesupport_fastrtps_c__pyext
[1.140s] [ 93%] Built target cloud_msgs__rosidl_typesupport_introspection_c__pyext
[1.140s] [100%] Built target cloud_msgs__rosidl_typesupport_c__pyext
[1.525s] running egg_info
[1.526s] writing cloud_msgs.egg-info/PKG-INFO
[1.527s] writing dependency_links to cloud_msgs.egg-info/dependency_links.txt
[1.527s] writing top-level names to cloud_msgs.egg-info/top_level.txt
[1.539s] reading manifest file 'cloud_msgs.egg-info/SOURCES.txt'
[1.541s] writing manifest file 'cloud_msgs.egg-info/SOURCES.txt'
[1.621s] [100%] Built target ament_cmake_python_build_cloud_msgs_egg
[2.026s] Invoked command in '/home/wheeltec/wheeltec_ros2/build/cloud_msgs' returned '0': CMAKE_PREFIX_PATH=${CMAKE_PREFIX_PATH}:/home/wheeltec/wheeltec_ros2/install/wheeltec_robot_keyboard:/home/wheeltec/wheeltec_ros2/install/wheeltec_dual_rtk_driver:/home/wheeltec/wheeltec_ros2/install/ultralytics_ros2:/home/wheeltec/wheeltec_ros2/install/tf2_tools:/home/wheeltec/wheeltec_ros2/install/nav2_waypoint_cycle:/home/wheeltec/wheeltec_ros2/install/nav2_simple_commander:/home/wheeltec/wheeltec_ros2/install/auto_recharge_ros2:/home/wheeltec/autoware/install/autoware_wheeltec_interface:/home/wheeltec/autoware/install/ad_api_visualizers:/opt/ros/humble /usr/bin/cmake --build /home/wheeltec/wheeltec_ros2/build/cloud_msgs -- -j6 -l6
[2.031s] Invoking command in '/home/wheeltec/wheeltec_ros2/build/cloud_msgs': CMAKE_PREFIX_PATH=${CMAKE_PREFIX_PATH}:/home/wheeltec/wheeltec_ros2/install/wheeltec_robot_keyboard:/home/wheeltec/wheeltec_ros2/install/wheeltec_dual_rtk_driver:/home/wheeltec/wheeltec_ros2/install/ultralytics_ros2:/home/wheeltec/wheeltec_ros2/install/tf2_tools:/home/wheeltec/wheeltec_ros2/install/nav2_waypoint_cycle:/home/wheeltec/wheeltec_ros2/install/nav2_simple_commander:/home/wheeltec/wheeltec_ros2/install/auto_recharge_ros2:/home/wheeltec/autoware/install/autoware_wheeltec_interface:/home/wheeltec/autoware/install/ad_api_visualizers:/opt/ros/humble /usr/bin/cmake --install /home/wheeltec/wheeltec_ros2/build/cloud_msgs
[2.078s] -- Install configuration: ""
[2.083s] -- Execute custom install script
[2.084s] -- Up-to-date symlink: /home/wheeltec/wheeltec_ros2/install/cloud_msgs/share/ament_index/resource_index/rosidl_interfaces/cloud_msgs
[2.104s] -- Up-to-date symlink: /home/wheeltec/wheeltec_ros2/install/cloud_msgs/include/cloud_msgs/cloud_msgs/msg/cloud_info.h
[2.106s] -- Up-to-date symlink: /home/wheeltec/wheeltec_ros2/install/cloud_msgs/include/cloud_msgs/cloud_msgs/msg/detail/cloud_info__functions.h
[2.111s] -- Up-to-date symlink: /home/wheeltec/wheeltec_ros2/install/cloud_msgs/include/cloud_msgs/cloud_msgs/msg/detail/cloud_info__struct.h
[2.111s] -- Up-to-date symlink: /home/wheeltec/wheeltec_ros2/install/cloud_msgs/include/cloud_msgs/cloud_msgs/msg/detail/cloud_info__type_support.h
[2.114s] -- Up-to-date symlink: /home/wheeltec/wheeltec_ros2/install/cloud_msgs/include/cloud_msgs/cloud_msgs/msg/rosidl_generator_c__visibility_control.h
[2.115s] -- Up-to-date symlink: /home/wheeltec/wheeltec_ros2/install/cloud_msgs/share/cloud_msgs/environment/library_path.sh
[2.125s] -- Up-to-date symlink: /home/wheeltec/wheeltec_ros2/install/cloud_msgs/share/cloud_msgs/environment/library_path.dsv
[2.125s] -- Up-to-date symlink: /home/wheeltec/wheeltec_ros2/install/cloud_msgs/include/cloud_msgs/cloud_msgs/msg/detail/cloud_info__rosidl_typesupport_fastrtps_c.h
[2.125s] -- Up-to-date symlink: /home/wheeltec/wheeltec_ros2/install/cloud_msgs/include/cloud_msgs/cloud_msgs/msg/rosidl_typesupport_fastrtps_c__visibility_control.h
[2.125s] -- Up-to-date symlink: /home/wheeltec/wheeltec_ros2/install/cloud_msgs/include/cloud_msgs/cloud_msgs/msg/cloud_info.hpp
[2.125s] -- Up-to-date symlink: /home/wheeltec/wheeltec_ros2/install/cloud_msgs/include/cloud_msgs/cloud_msgs/msg/detail/cloud_info__builder.hpp
[2.126s] -- Up-to-date symlink: /home/wheeltec/wheeltec_ros2/install/cloud_msgs/include/cloud_msgs/cloud_msgs/msg/detail/cloud_info__struct.hpp
[2.127s] -- Up-to-date symlink: /home/wheeltec/wheeltec_ros2/install/cloud_msgs/include/cloud_msgs/cloud_msgs/msg/detail/cloud_info__traits.hpp
[2.133s] -- Up-to-date symlink: /home/wheeltec/wheeltec_ros2/install/cloud_msgs/include/cloud_msgs/cloud_msgs/msg/detail/cloud_info__type_support.hpp
[2.133s] -- Up-to-date symlink: /home/wheeltec/wheeltec_ros2/install/cloud_msgs/include/cloud_msgs/cloud_msgs/msg/rosidl_generator_cpp__visibility_control.hpp
[2.137s] -- Up-to-date symlink: /home/wheeltec/wheeltec_ros2/install/cloud_msgs/include/cloud_msgs/cloud_msgs/msg/detail/cloud_info__rosidl_typesupport_fastrtps_cpp.hpp
[2.138s] -- Up-to-date symlink: /home/wheeltec/wheeltec_ros2/install/cloud_msgs/include/cloud_msgs/cloud_msgs/msg/rosidl_typesupport_fastrtps_cpp__visibility_control.h
[2.139s] -- Up-to-date symlink: /home/wheeltec/wheeltec_ros2/install/cloud_msgs/include/cloud_msgs/cloud_msgs/msg/detail/cloud_info__rosidl_typesupport_introspection_c.h
[2.139s] -- Up-to-date symlink: /home/wheeltec/wheeltec_ros2/install/cloud_msgs/include/cloud_msgs/cloud_msgs/msg/rosidl_typesupport_introspection_c__visibility_control.h
[2.141s] -- Up-to-date symlink: /home/wheeltec/wheeltec_ros2/install/cloud_msgs/include/cloud_msgs/cloud_msgs/msg/detail/cloud_info__rosidl_typesupport_introspection_cpp.hpp
[2.142s] -- Up-to-date symlink: /home/wheeltec/wheeltec_ros2/install/cloud_msgs/share/cloud_msgs/environment/pythonpath.sh
[2.142s] -- Up-to-date symlink: /home/wheeltec/wheeltec_ros2/install/cloud_msgs/share/cloud_msgs/environment/pythonpath.dsv
[2.142s] -- Up-to-date symlink: /home/wheeltec/wheeltec_ros2/install/cloud_msgs/local/lib/python3.10/dist-packages/cloud_msgs-1.0.0-py3.10.egg-info/PKG-INFO
[2.142s] -- Up-to-date symlink: /home/wheeltec/wheeltec_ros2/install/cloud_msgs/local/lib/python3.10/dist-packages/cloud_msgs-1.0.0-py3.10.egg-info/SOURCES.txt
[2.143s] -- Up-to-date symlink: /home/wheeltec/wheeltec_ros2/install/cloud_msgs/local/lib/python3.10/dist-packages/cloud_msgs-1.0.0-py3.10.egg-info/dependency_links.txt
[2.143s] -- Up-to-date symlink: /home/wheeltec/wheeltec_ros2/install/cloud_msgs/local/lib/python3.10/dist-packages/cloud_msgs-1.0.0-py3.10.egg-info/top_level.txt
[2.149s] -- Up-to-date symlink: /home/wheeltec/wheeltec_ros2/install/cloud_msgs/local/lib/python3.10/dist-packages/cloud_msgs/__init__.py
[2.160s] -- Up-to-date symlink: /home/wheeltec/wheeltec_ros2/install/cloud_msgs/local/lib/python3.10/dist-packages/cloud_msgs/_cloud_msgs_s.ep.rosidl_typesupport_c.c
[2.164s] -- Up-to-date symlink: /home/wheeltec/wheeltec_ros2/install/cloud_msgs/local/lib/python3.10/dist-packages/cloud_msgs/_cloud_msgs_s.ep.rosidl_typesupport_fastrtps_c.c
[2.165s] -- Up-to-date symlink: /home/wheeltec/wheeltec_ros2/install/cloud_msgs/local/lib/python3.10/dist-packages/cloud_msgs/_cloud_msgs_s.ep.rosidl_typesupport_introspection_c.c
[2.180s] -- Up-to-date symlink: /home/wheeltec/wheeltec_ros2/install/cloud_msgs/local/lib/python3.10/dist-packages/cloud_msgs/cloud_msgs_s__rosidl_typesupport_c.cpython-310-aarch64-linux-gnu.so
[2.180s] -- Up-to-date symlink: /home/wheeltec/wheeltec_ros2/install/cloud_msgs/local/lib/python3.10/dist-packages/cloud_msgs/cloud_msgs_s__rosidl_typesupport_fastrtps_c.cpython-310-aarch64-linux-gnu.so
[2.180s] -- Up-to-date symlink: /home/wheeltec/wheeltec_ros2/install/cloud_msgs/local/lib/python3.10/dist-packages/cloud_msgs/cloud_msgs_s__rosidl_typesupport_introspection_c.cpython-310-aarch64-linux-gnu.so
[2.181s] -- Up-to-date symlink: /home/wheeltec/wheeltec_ros2/install/cloud_msgs/local/lib/python3.10/dist-packages/cloud_msgs/libcloud_msgs__rosidl_generator_py.so
[2.182s] -- Up-to-date symlink: /home/wheeltec/wheeltec_ros2/install/cloud_msgs/local/lib/python3.10/dist-packages/cloud_msgs/msg/__init__.py
[2.182s] -- Up-to-date symlink: /home/wheeltec/wheeltec_ros2/install/cloud_msgs/local/lib/python3.10/dist-packages/cloud_msgs/msg/_cloud_info.py
[2.182s] -- Up-to-date symlink: /home/wheeltec/wheeltec_ros2/install/cloud_msgs/local/lib/python3.10/dist-packages/cloud_msgs/msg/_cloud_info_s.c
[2.183s] -- Up-to-date symlink: /home/wheeltec/wheeltec_ros2/install/cloud_msgs/local/lib/python3.10/dist-packages/cloud_msgs/cloud_msgs_s__rosidl_typesupport_fastrtps_c.cpython-310-aarch64-linux-gnu.so
[2.183s] -- Up-to-date symlink: /home/wheeltec/wheeltec_ros2/install/cloud_msgs/local/lib/python3.10/dist-packages/cloud_msgs/cloud_msgs_s__rosidl_typesupport_introspection_c.cpython-310-aarch64-linux-gnu.so
[2.200s] -- Up-to-date symlink: /home/wheeltec/wheeltec_ros2/install/cloud_msgs/local/lib/python3.10/dist-packages/cloud_msgs/cloud_msgs_s__rosidl_typesupport_c.cpython-310-aarch64-linux-gnu.so
[2.200s] -- Up-to-date symlink: /home/wheeltec/wheeltec_ros2/install/cloud_msgs/share/cloud_msgs/msg/CloudInfo.idl
[2.200s] -- Up-to-date symlink: /home/wheeltec/wheeltec_ros2/install/cloud_msgs/share/cloud_msgs/msg/CloudInfo.msg
[2.200s] -- Up-to-date symlink: /home/wheeltec/wheeltec_ros2/install/cloud_msgs/share/ament_index/resource_index/package_run_dependencies/cloud_msgs
[2.201s] -- Up-to-date symlink: /home/wheeltec/wheeltec_ros2/install/cloud_msgs/share/ament_index/resource_index/parent_prefix_path/cloud_msgs
[2.202s] -- Up-to-date symlink: /home/wheeltec/wheeltec_ros2/install/cloud_msgs/share/cloud_msgs/environment/ament_prefix_path.sh
[2.202s] -- Up-to-date symlink: /home/wheeltec/wheeltec_ros2/install/cloud_msgs/share/cloud_msgs/environment/ament_prefix_path.dsv
[2.202s] -- Up-to-date symlink: /home/wheeltec/wheeltec_ros2/install/cloud_msgs/share/cloud_msgs/environment/path.sh
[2.203s] -- Up-to-date symlink: /home/wheeltec/wheeltec_ros2/install/cloud_msgs/share/cloud_msgs/environment/path.dsv
[2.203s] -- Up-to-date symlink: /home/wheeltec/wheeltec_ros2/install/cloud_msgs/share/cloud_msgs/local_setup.bash
[2.203s] -- Up-to-date symlink: /home/wheeltec/wheeltec_ros2/install/cloud_msgs/share/cloud_msgs/local_setup.sh
[2.204s] -- Up-to-date symlink: /home/wheeltec/wheeltec_ros2/install/cloud_msgs/share/cloud_msgs/local_setup.zsh
[2.205s] -- Up-to-date symlink: /home/wheeltec/wheeltec_ros2/install/cloud_msgs/share/cloud_msgs/local_setup.dsv
[2.205s] -- Symlinking: /home/wheeltec/wheeltec_ros2/install/cloud_msgs/share/cloud_msgs/package.dsv
[2.234s] -- Up-to-date symlink: /home/wheeltec/wheeltec_ros2/install/cloud_msgs/share/ament_index/resource_index/packages/cloud_msgs
[2.234s] -- Up-to-date symlink: /home/wheeltec/wheeltec_ros2/install/cloud_msgs/share/cloud_msgs/cmake/rosidl_cmake-extras.cmake
[2.234s] -- Up-to-date symlink: /home/wheeltec/wheeltec_ros2/install/cloud_msgs/share/cloud_msgs/cmake/ament_cmake_export_dependencies-extras.cmake
[2.234s] -- Up-to-date symlink: /home/wheeltec/wheeltec_ros2/install/cloud_msgs/share/cloud_msgs/cmake/ament_cmake_export_include_directories-extras.cmake
[2.235s] -- Up-to-date symlink: /home/wheeltec/wheeltec_ros2/install/cloud_msgs/share/cloud_msgs/cmake/ament_cmake_export_libraries-extras.cmake
[2.235s] -- Up-to-date symlink: /home/wheeltec/wheeltec_ros2/install/cloud_msgs/share/cloud_msgs/cmake/ament_cmake_export_targets-extras.cmake
[2.235s] -- Up-to-date symlink: /home/wheeltec/wheeltec_ros2/install/cloud_msgs/share/cloud_msgs/cmake/rosidl_cmake_export_typesupport_targets-extras.cmake
[2.235s] -- Up-to-date symlink: /home/wheeltec/wheeltec_ros2/install/cloud_msgs/share/cloud_msgs/cmake/rosidl_cmake_export_typesupport_libraries-extras.cmake
[2.235s] -- Up-to-date symlink: /home/wheeltec/wheeltec_ros2/install/cloud_msgs/share/cloud_msgs/cmake/cloud_msgsConfig.cmake
[2.235s] -- Up-to-date symlink: /home/wheeltec/wheeltec_ros2/install/cloud_msgs/share/cloud_msgs/cmake/cloud_msgsConfig-version.cmake
[2.235s] -- Up-to-date symlink: /home/wheeltec/wheeltec_ros2/install/cloud_msgs/share/cloud_msgs/package.xml
[2.236s] -- Up-to-date: /home/wheeltec/wheeltec_ros2/install/cloud_msgs/lib/libcloud_msgs__rosidl_generator_c.so
[2.236s] -- Up-to-date: /home/wheeltec/wheeltec_ros2/install/cloud_msgs/lib/libcloud_msgs__rosidl_typesupport_fastrtps_c.so
[2.236s] -- Up-to-date: /home/wheeltec/wheeltec_ros2/install/cloud_msgs/lib/libcloud_msgs__rosidl_typesupport_fastrtps_cpp.so
[2.236s] -- Up-to-date: /home/wheeltec/wheeltec_ros2/install/cloud_msgs/lib/libcloud_msgs__rosidl_typesupport_introspection_c.so
[2.237s] -- Up-to-date: /home/wheeltec/wheeltec_ros2/install/cloud_msgs/lib/libcloud_msgs__rosidl_typesupport_c.so
[2.237s] -- Up-to-date: /home/wheeltec/wheeltec_ros2/install/cloud_msgs/lib/libcloud_msgs__rosidl_typesupport_introspection_cpp.so
[2.237s] -- Up-to-date: /home/wheeltec/wheeltec_ros2/install/cloud_msgs/lib/libcloud_msgs__rosidl_typesupport_cpp.so
[2.297s] Listing '/home/wheeltec/wheeltec_ros2/install/cloud_msgs/local/lib/python3.10/dist-packages/cloud_msgs'...
[2.297s] Listing '/home/wheeltec/wheeltec_ros2/install/cloud_msgs/local/lib/python3.10/dist-packages/cloud_msgs/msg'...
[2.309s] -- Up-to-date: /home/wheeltec/wheeltec_ros2/install/cloud_msgs/lib/libcloud_msgs__rosidl_generator_py.so
[2.309s] -- Up-to-date: /home/wheeltec/wheeltec_ros2/install/cloud_msgs/share/cloud_msgs/cmake/export_cloud_msgs__rosidl_generator_cExport.cmake
[2.310s] -- Up-to-date: /home/wheeltec/wheeltec_ros2/install/cloud_msgs/share/cloud_msgs/cmake/export_cloud_msgs__rosidl_generator_cExport-noconfig.cmake
[2.310s] -- Up-to-date: /home/wheeltec/wheeltec_ros2/install/cloud_msgs/share/cloud_msgs/cmake/export_cloud_msgs__rosidl_typesupport_fastrtps_cExport.cmake
[2.310s] -- Up-to-date: /home/wheeltec/wheeltec_ros2/install/cloud_msgs/share/cloud_msgs/cmake/export_cloud_msgs__rosidl_typesupport_fastrtps_cExport-noconfig.cmake
[2.311s] -- Up-to-date: /home/wheeltec/wheeltec_ros2/install/cloud_msgs/share/cloud_msgs/cmake/export_cloud_msgs__rosidl_generator_cppExport.cmake
[2.311s] -- Up-to-date: /home/wheeltec/wheeltec_ros2/install/cloud_msgs/share/cloud_msgs/cmake/export_cloud_msgs__rosidl_typesupport_fastrtps_cppExport.cmake
[2.312s] -- Up-to-date: /home/wheeltec/wheeltec_ros2/install/cloud_msgs/share/cloud_msgs/cmake/export_cloud_msgs__rosidl_typesupport_fastrtps_cppExport-noconfig.cmake
[2.312s] -- Up-to-date: /home/wheeltec/wheeltec_ros2/install/cloud_msgs/share/cloud_msgs/cmake/cloud_msgs__rosidl_typesupport_introspection_cExport.cmake
[2.312s] -- Up-to-date: /home/wheeltec/wheeltec_ros2/install/cloud_msgs/share/cloud_msgs/cmake/cloud_msgs__rosidl_typesupport_introspection_cExport-noconfig.cmake
[2.312s] -- Up-to-date: /home/wheeltec/wheeltec_ros2/install/cloud_msgs/share/cloud_msgs/cmake/cloud_msgs__rosidl_typesupport_cExport.cmake
[2.312s] -- Up-to-date: /home/wheeltec/wheeltec_ros2/install/cloud_msgs/share/cloud_msgs/cmake/cloud_msgs__rosidl_typesupport_cExport-noconfig.cmake
[2.317s] -- Up-to-date: /home/wheeltec/wheeltec_ros2/install/cloud_msgs/share/cloud_msgs/cmake/cloud_msgs__rosidl_typesupport_introspection_cppExport.cmake
[2.317s] -- Up-to-date: /home/wheeltec/wheeltec_ros2/install/cloud_msgs/share/cloud_msgs/cmake/cloud_msgs__rosidl_typesupport_introspection_cppExport-noconfig.cmake
[2.317s] -- Up-to-date: /home/wheeltec/wheeltec_ros2/install/cloud_msgs/share/cloud_msgs/cmake/cloud_msgs__rosidl_typesupport_cppExport.cmake
[2.317s] -- Up-to-date: /home/wheeltec/wheeltec_ros2/install/cloud_msgs/share/cloud_msgs/cmake/cloud_msgs__rosidl_typesupport_cppExport-noconfig.cmake
[2.317s] -- Up-to-date: /home/wheeltec/wheeltec_ros2/install/cloud_msgs/share/cloud_msgs/cmake/export_cloud_msgs__rosidl_generator_pyExport.cmake
[2.318s] -- Up-to-date: /home/wheeltec/wheeltec_ros2/install/cloud_msgs/share/cloud_msgs/cmake/export_cloud_msgs__rosidl_generator_pyExport-noconfig.cmake
[2.325s] Invoked command in '/home/wheeltec/wheeltec_ros2/build/cloud_msgs' returned '0': CMAKE_PREFIX_PATH=${CMAKE_PREFIX_PATH}:/home/wheeltec/wheeltec_ros2/install/wheeltec_robot_keyboard:/home/wheeltec/wheeltec_ros2/install/wheeltec_dual_rtk_driver:/home/wheeltec/wheeltec_ros2/install/ultralytics_ros2:/home/wheeltec/wheeltec_ros2/install/tf2_tools:/home/wheeltec/wheeltec_ros2/install/nav2_waypoint_cycle:/home/wheeltec/wheeltec_ros2/install/nav2_simple_commander:/home/wheeltec/wheeltec_ros2/install/auto_recharge_ros2:/home/wheeltec/autoware/install/autoware_wheeltec_interface:/home/wheeltec/autoware/install/ad_api_visualizers:/opt/ros/humble /usr/bin/cmake --install /home/wheeltec/wheeltec_ros2/build/cloud_msgs
