[1.032s] Invoking command in '/home/wheeltec/wheeltec_ros2/build/tts': CMAKE_PREFIX_PATH=${CMAKE_PREFIX_PATH}:/home/wheeltec/wheeltec_ros2/install/simple_follower_ros2:/home/wheeltec/wheeltec_ros2/install/wheeltec_robot_keyboard:/home/wheeltec/wheeltec_ros2/install/wheeltec_dual_rtk_driver:/home/wheeltec/wheeltec_ros2/install/ultralytics_ros2:/home/wheeltec/wheeltec_ros2/install/tf2_tools:/home/wheeltec/wheeltec_ros2/install/ollama_ros_chat:/home/wheeltec/wheeltec_ros2/install/nmea_navsat_driver:/home/wheeltec/wheeltec_ros2/install/nav2_waypoint_cycle:/home/wheeltec/wheeltec_ros2/install/nav2_simple_commander:/home/wheeltec/wheeltec_ros2/install/largemodel:/home/wheeltec/wheeltec_ros2/install/auto_recharge_ros2:/home/wheeltec/autoware/install/autoware_wheeltec_interface:/home/wheeltec/autoware/install/ad_api_visualizers:/opt/ros/humble /usr/bin/cmake --build /home/wheeltec/wheeltec_ros2/build/tts -- -j6 -l6
[1.491s] [100%] Built target tts_node
[2.005s] Invoked command in '/home/wheeltec/wheeltec_ros2/build/tts' returned '0': CMAKE_PREFIX_PATH=${CMAKE_PREFIX_PATH}:/home/wheeltec/wheeltec_ros2/install/simple_follower_ros2:/home/wheeltec/wheeltec_ros2/install/wheeltec_robot_keyboard:/home/wheeltec/wheeltec_ros2/install/wheeltec_dual_rtk_driver:/home/wheeltec/wheeltec_ros2/install/ultralytics_ros2:/home/wheeltec/wheeltec_ros2/install/tf2_tools:/home/wheeltec/wheeltec_ros2/install/ollama_ros_chat:/home/wheeltec/wheeltec_ros2/install/nmea_navsat_driver:/home/wheeltec/wheeltec_ros2/install/nav2_waypoint_cycle:/home/wheeltec/wheeltec_ros2/install/nav2_simple_commander:/home/wheeltec/wheeltec_ros2/install/largemodel:/home/wheeltec/wheeltec_ros2/install/auto_recharge_ros2:/home/wheeltec/autoware/install/autoware_wheeltec_interface:/home/wheeltec/autoware/install/ad_api_visualizers:/opt/ros/humble /usr/bin/cmake --build /home/wheeltec/wheeltec_ros2/build/tts -- -j6 -l6
[2.007s] Invoking command in '/home/wheeltec/wheeltec_ros2/build/tts': CMAKE_PREFIX_PATH=${CMAKE_PREFIX_PATH}:/home/wheeltec/wheeltec_ros2/install/simple_follower_ros2:/home/wheeltec/wheeltec_ros2/install/wheeltec_robot_keyboard:/home/wheeltec/wheeltec_ros2/install/wheeltec_dual_rtk_driver:/home/wheeltec/wheeltec_ros2/install/ultralytics_ros2:/home/wheeltec/wheeltec_ros2/install/tf2_tools:/home/wheeltec/wheeltec_ros2/install/ollama_ros_chat:/home/wheeltec/wheeltec_ros2/install/nmea_navsat_driver:/home/wheeltec/wheeltec_ros2/install/nav2_waypoint_cycle:/home/wheeltec/wheeltec_ros2/install/nav2_simple_commander:/home/wheeltec/wheeltec_ros2/install/largemodel:/home/wheeltec/wheeltec_ros2/install/auto_recharge_ros2:/home/wheeltec/autoware/install/autoware_wheeltec_interface:/home/wheeltec/autoware/install/ad_api_visualizers:/opt/ros/humble /usr/bin/cmake --install /home/wheeltec/wheeltec_ros2/build/tts
[2.081s] -- Install configuration: ""
[2.081s] -- Up-to-date: /home/wheeltec/wheeltec_ros2/install/tts/share/tts/launch
[2.082s] -- Up-to-date: /home/wheeltec/wheeltec_ros2/install/tts/share/tts/launch/tts_make.launch.py
[2.082s] -- Up-to-date: /home/wheeltec/wheeltec_ros2/install/tts/share/tts/config
[2.082s] -- Up-to-date: /home/wheeltec/wheeltec_ros2/install/tts/share/tts/config/bin
[2.083s] -- Up-to-date: /home/wheeltec/wheeltec_ros2/install/tts/share/tts/config/bin/msc
[2.083s] -- Up-to-date: /home/wheeltec/wheeltec_ros2/install/tts/share/tts/config/bin/msc/msc.cfg
[2.084s] -- Up-to-date: /home/wheeltec/wheeltec_ros2/install/tts/share/tts/config/bin/msc/res
[2.084s] -- Up-to-date: /home/wheeltec/wheeltec_ros2/install/tts/share/tts/config/bin/msc/res/tts
[2.084s] -- Up-to-date: /home/wheeltec/wheeltec_ros2/install/tts/share/tts/config/bin/msc/res/tts/xiaofeng.jet
[2.084s] -- Up-to-date: /home/wheeltec/wheeltec_ros2/install/tts/share/tts/config/bin/msc/res/tts/common.jet
[2.084s] -- Up-to-date: /home/wheeltec/wheeltec_ros2/install/tts/share/tts/config/bin/msc/res/tts/xiaoyan.jet
[2.085s] -- Up-to-date: /home/wheeltec/wheeltec_ros2/install/tts/share/tts/config/bin/msc/res/xtts
[2.085s] -- Up-to-date: /home/wheeltec/wheeltec_ros2/install/tts/share/tts/config/bin/msc/res/xtts/xiaofeng.jet
[2.085s] -- Up-to-date: /home/wheeltec/wheeltec_ros2/install/tts/share/tts/config/bin/msc/res/xtts/common_en.jet
[2.085s] -- Up-to-date: /home/wheeltec/wheeltec_ros2/install/tts/share/tts/config/bin/msc/res/xtts/common.jet
[2.085s] -- Up-to-date: /home/wheeltec/wheeltec_ros2/install/tts/share/tts/config/bin/msc/res/xtts/xiaoyan.jet
[2.086s] -- Up-to-date: /home/wheeltec/wheeltec_ros2/install/tts/share/tts/config/tts_params.yaml
[2.087s] -- Execute custom install script
[2.087s] -- Up-to-date symlink: /home/wheeltec/wheeltec_ros2/install/tts/lib/tts/tts_node
[2.088s] -- Up-to-date symlink: /home/wheeltec/wheeltec_ros2/install/tts/share/ament_index/resource_index/package_run_dependencies/tts
[2.088s] -- Up-to-date symlink: /home/wheeltec/wheeltec_ros2/install/tts/share/ament_index/resource_index/parent_prefix_path/tts
[2.089s] -- Up-to-date symlink: /home/wheeltec/wheeltec_ros2/install/tts/share/tts/environment/ament_prefix_path.sh
[2.089s] -- Up-to-date symlink: /home/wheeltec/wheeltec_ros2/install/tts/share/tts/environment/ament_prefix_path.dsv
[2.090s] -- Up-to-date symlink: /home/wheeltec/wheeltec_ros2/install/tts/share/tts/environment/path.sh
[2.091s] -- Up-to-date symlink: /home/wheeltec/wheeltec_ros2/install/tts/share/tts/environment/path.dsv
[2.091s] -- Up-to-date symlink: /home/wheeltec/wheeltec_ros2/install/tts/share/tts/local_setup.bash
[2.092s] -- Up-to-date symlink: /home/wheeltec/wheeltec_ros2/install/tts/share/tts/local_setup.sh
[2.092s] -- Up-to-date symlink: /home/wheeltec/wheeltec_ros2/install/tts/share/tts/local_setup.zsh
[2.092s] -- Up-to-date symlink: /home/wheeltec/wheeltec_ros2/install/tts/share/tts/local_setup.dsv
[2.093s] -- Symlinking: /home/wheeltec/wheeltec_ros2/install/tts/share/tts/package.dsv
[2.174s] -- Up-to-date symlink: /home/wheeltec/wheeltec_ros2/install/tts/share/ament_index/resource_index/packages/tts
[2.174s] -- Up-to-date symlink: /home/wheeltec/wheeltec_ros2/install/tts/share/tts/cmake/ttsConfig.cmake
[2.174s] -- Up-to-date symlink: /home/wheeltec/wheeltec_ros2/install/tts/share/tts/cmake/ttsConfig-version.cmake
[2.174s] -- Up-to-date symlink: /home/wheeltec/wheeltec_ros2/install/tts/share/tts/package.xml
[2.186s] Invoked command in '/home/wheeltec/wheeltec_ros2/build/tts' returned '0': CMAKE_PREFIX_PATH=${CMAKE_PREFIX_PATH}:/home/wheeltec/wheeltec_ros2/install/simple_follower_ros2:/home/wheeltec/wheeltec_ros2/install/wheeltec_robot_keyboard:/home/wheeltec/wheeltec_ros2/install/wheeltec_dual_rtk_driver:/home/wheeltec/wheeltec_ros2/install/ultralytics_ros2:/home/wheeltec/wheeltec_ros2/install/tf2_tools:/home/wheeltec/wheeltec_ros2/install/ollama_ros_chat:/home/wheeltec/wheeltec_ros2/install/nmea_navsat_driver:/home/wheeltec/wheeltec_ros2/install/nav2_waypoint_cycle:/home/wheeltec/wheeltec_ros2/install/nav2_simple_commander:/home/wheeltec/wheeltec_ros2/install/largemodel:/home/wheeltec/wheeltec_ros2/install/auto_recharge_ros2:/home/wheeltec/autoware/install/autoware_wheeltec_interface:/home/wheeltec/autoware/install/ad_api_visualizers:/opt/ros/humble /usr/bin/cmake --install /home/wheeltec/wheeltec_ros2/build/tts
