[0.134s] Invoking command in '/home/wheeltec/wheeltec_ros2/build/pointcloud_to_laserscan': CMAKE_PREFIX_PATH=${CMAKE_PREFIX_PATH}:/home/wheeltec/wheeltec_ros2/install/auto_recharge_ros2:/home/wheeltec/autoware/install/autoware_wheeltec_interface:/home/wheeltec/autoware/install/ad_api_visualizers:/opt/ros/humble /usr/bin/cmake /home/wheeltec/wheeltec_ros2/src/wheeltec_lidar_ros2/pointcloud_to_laserscan-humble -DAMENT_CMAKE_SYMLINK_INSTALL=1 -DCMAKE_INSTALL_PREFIX=/home/wheeltec/wheeltec_ros2/install/pointcloud_to_laserscan
[15.283s] -- The C compiler identification is GNU 11.4.0
[15.283s] -- The CXX compiler identification is GNU 11.4.0
[15.283s] -- Detecting C compiler ABI info
[15.283s] -- Detecting C compiler ABI info - done
[15.283s] -- Check for working C compiler: /usr/bin/cc - skipped
[15.283s] -- Detecting C compile features
[15.283s] -- Detecting C compile features - done
[15.284s] -- Detecting CXX compiler ABI info
[15.284s] -- Detecting CXX compiler ABI info - done
[15.284s] -- Check for working CXX compiler: /usr/bin/c++ - skipped
[15.284s] -- Detecting CXX compile features
[15.284s] -- Detecting CXX compile features - done
[15.284s] -- Found ament_cmake_auto: 1.3.7 (/home/wheeltec/autoware/install/ament_cmake_auto/share/ament_cmake_auto/cmake)
[15.284s] -- Found Python3: /usr/bin/python3.10 (found version "3.10.12") found components: Interpreter 
[15.284s] -- Override CMake install command with custom implementation using symlinks instead of copying resources
[15.284s] -- Found rosidl_generator_c: 3.1.6 (/opt/ros/humble/share/rosidl_generator_c/cmake)
[15.284s] -- Found rosidl_adapter: 3.1.6 (/opt/ros/humble/share/rosidl_adapter/cmake)
[15.284s] -- Found rosidl_generator_cpp: 3.1.6 (/opt/ros/humble/share/rosidl_generator_cpp/cmake)
[15.285s] -- Using all available rosidl_typesupport_c: rosidl_typesupport_fastrtps_c;rosidl_typesupport_introspection_c
[15.285s] -- Using all available rosidl_typesupport_cpp: rosidl_typesupport_fastrtps_cpp;rosidl_typesupport_introspection_cpp
[15.285s] -- Found rmw_implementation_cmake: 6.1.2 (/opt/ros/humble/share/rmw_implementation_cmake/cmake)
[15.285s] -- Found rmw_fastrtps_cpp: 6.2.7 (/opt/ros/humble/share/rmw_fastrtps_cpp/cmake)
[15.285s] -- Found OpenSSL: /usr/lib/aarch64-linux-gnu/libcrypto.so (found version "3.0.2")  
[15.285s] -- Found FastRTPS: /opt/ros/humble/include  
[15.285s] -- Using RMW implementation 'rmw_fastrtps_cpp' as default
[15.285s] -- Looking for pthread.h
[15.285s] -- Looking for pthread.h - found
[15.285s] -- Performing Test CMAKE_HAVE_LIBC_PTHREAD
[15.285s] -- Performing Test CMAKE_HAVE_LIBC_PTHREAD - Success
[15.285s] -- Found Threads: TRUE  
[15.286s] -- Found ament_lint_auto: 0.12.11 (/opt/ros/humble/share/ament_lint_auto/cmake)
[15.286s] -- Added test 'cppcheck' to perform static code analysis on C / C++ code
[15.286s] -- Configured cppcheck include dirs: /home/wheeltec/wheeltec_ros2/src/wheeltec_lidar_ros2/pointcloud_to_laserscan-humble/include
[15.286s] -- Configured cppcheck exclude dirs and/or files: 
[15.286s] -- Added test 'cpplint' to check C / C++ code against the Google style
[15.286s] -- Configured cpplint exclude dirs and/or files: 
[15.286s] -- Added test 'flake8' to check Python code syntax and style conventions
[15.286s] -- Added test 'lint_cmake' to check CMake code style
[15.286s] -- Added test 'pep257' to check Python code against some of the docstring style conventions in PEP 257
[15.286s] -- Added test 'uncrustify' to check C / C++ code style
[15.286s] -- Configured uncrustify additional arguments: 
[15.287s] -- Added test 'xmllint' to check XML markup files
[15.287s] -- Configuring done
[15.287s] -- Generating done
[15.287s] -- Build files have been written to: /home/wheeltec/wheeltec_ros2/build/pointcloud_to_laserscan
[15.292s] Invoked command in '/home/wheeltec/wheeltec_ros2/build/pointcloud_to_laserscan' returned '0': CMAKE_PREFIX_PATH=${CMAKE_PREFIX_PATH}:/home/wheeltec/wheeltec_ros2/install/auto_recharge_ros2:/home/wheeltec/autoware/install/autoware_wheeltec_interface:/home/wheeltec/autoware/install/ad_api_visualizers:/opt/ros/humble /usr/bin/cmake /home/wheeltec/wheeltec_ros2/src/wheeltec_lidar_ros2/pointcloud_to_laserscan-humble -DAMENT_CMAKE_SYMLINK_INSTALL=1 -DCMAKE_INSTALL_PREFIX=/home/wheeltec/wheeltec_ros2/install/pointcloud_to_laserscan
[15.293s] Invoking command in '/home/wheeltec/wheeltec_ros2/build/pointcloud_to_laserscan': CMAKE_PREFIX_PATH=${CMAKE_PREFIX_PATH}:/home/wheeltec/wheeltec_ros2/install/auto_recharge_ros2:/home/wheeltec/autoware/install/autoware_wheeltec_interface:/home/wheeltec/autoware/install/ad_api_visualizers:/opt/ros/humble /usr/bin/cmake --build /home/wheeltec/wheeltec_ros2/build/pointcloud_to_laserscan -- -j6 -l6
[17.899s] [ 10%] [32mBuilding CXX object CMakeFiles/laserscan_to_pointcloud.dir/src/laserscan_to_pointcloud_node.cpp.o[0m
[44.404s] [ 20%] [32m[1mLinking CXX shared library liblaserscan_to_pointcloud.so[0m
[45.762s] [ 20%] Built target laserscan_to_pointcloud
[45.806s] [ 30%] [32mBuilding CXX object CMakeFiles/pointcloud_to_laserscan_node.dir/rclcpp_components/node_main_pointcloud_to_laserscan_node.cpp.o[0m
[53.117s] [ 40%] [32m[1mLinking CXX executable pointcloud_to_laserscan_node[0m
[53.370s] [ 40%] Built target pointcloud_to_laserscan_node
[53.416s] [ 50%] [32mBuilding CXX object CMakeFiles/pointcloud_to_laserscan.dir/src/pointcloud_to_laserscan_node.cpp.o[0m
[81.046s] [ 60%] [32m[1mLinking CXX shared library libpointcloud_to_laserscan.so[0m
[82.493s] [ 60%] Built target pointcloud_to_laserscan
[82.575s] [ 70%] [32mBuilding CXX object CMakeFiles/laserscan_to_pointcloud_node.dir/rclcpp_components/node_main_laserscan_to_pointcloud_node.cpp.o[0m
[89.482s] [ 80%] [32m[1mLinking CXX executable laserscan_to_pointcloud_node[0m
[89.767s] [ 80%] Built target laserscan_to_pointcloud_node
[89.832s] [ 90%] [32mBuilding CXX object CMakeFiles/dummy_pointcloud_publisher.dir/src/dummy_pointcloud_publisher.cpp.o[0m
[99.179s] [100%] [32m[1mLinking CXX executable dummy_pointcloud_publisher[0m
[99.651s] [100%] Built target dummy_pointcloud_publisher
[99.693s] Invoked command in '/home/wheeltec/wheeltec_ros2/build/pointcloud_to_laserscan' returned '0': CMAKE_PREFIX_PATH=${CMAKE_PREFIX_PATH}:/home/wheeltec/wheeltec_ros2/install/auto_recharge_ros2:/home/wheeltec/autoware/install/autoware_wheeltec_interface:/home/wheeltec/autoware/install/ad_api_visualizers:/opt/ros/humble /usr/bin/cmake --build /home/wheeltec/wheeltec_ros2/build/pointcloud_to_laserscan -- -j6 -l6
[99.712s] Invoking command in '/home/wheeltec/wheeltec_ros2/build/pointcloud_to_laserscan': CMAKE_PREFIX_PATH=${CMAKE_PREFIX_PATH}:/home/wheeltec/wheeltec_ros2/install/auto_recharge_ros2:/home/wheeltec/autoware/install/autoware_wheeltec_interface:/home/wheeltec/autoware/install/ad_api_visualizers:/opt/ros/humble /usr/bin/cmake --install /home/wheeltec/wheeltec_ros2/build/pointcloud_to_laserscan
[99.724s] -- Install configuration: ""
[99.729s] -- Execute custom install script
[99.732s] -- Symlinking: /home/wheeltec/wheeltec_ros2/install/pointcloud_to_laserscan/lib/pointcloud_to_laserscan/laserscan_to_pointcloud_node
[99.752s] -- Symlinking: /home/wheeltec/wheeltec_ros2/install/pointcloud_to_laserscan/lib/pointcloud_to_laserscan/pointcloud_to_laserscan_node
[99.784s] -- Symlinking: /home/wheeltec/wheeltec_ros2/install/pointcloud_to_laserscan/include/pointcloud_to_laserscan/laserscan_to_pointcloud_node.hpp
[99.804s] -- Symlinking: /home/wheeltec/wheeltec_ros2/install/pointcloud_to_laserscan/include/pointcloud_to_laserscan/pointcloud_to_laserscan_node.hpp
[99.826s] -- Symlinking: /home/wheeltec/wheeltec_ros2/install/pointcloud_to_laserscan/include/pointcloud_to_laserscan/visibility_control.h
[99.847s] -- Symlinking: /home/wheeltec/wheeltec_ros2/install/pointcloud_to_laserscan/share/pointcloud_to_laserscan/environment/library_path.sh
[99.904s] -- Symlinking: /home/wheeltec/wheeltec_ros2/install/pointcloud_to_laserscan/share/pointcloud_to_laserscan/environment/library_path.dsv
[99.942s] -- Symlinking: /home/wheeltec/wheeltec_ros2/install/pointcloud_to_laserscan/lib/liblaserscan_to_pointcloud.so
[99.961s] -- Symlinking: /home/wheeltec/wheeltec_ros2/install/pointcloud_to_laserscan/lib/libpointcloud_to_laserscan.so
[99.981s] -- Symlinking: /home/wheeltec/wheeltec_ros2/install/pointcloud_to_laserscan/lib/pointcloud_to_laserscan/dummy_pointcloud_publisher
[100.025s] -- Symlinking: /home/wheeltec/wheeltec_ros2/install/pointcloud_to_laserscan/share/pointcloud_to_laserscan/launch/pointcloud_to_laserscan_launch.py
[100.047s] -- Symlinking: /home/wheeltec/wheeltec_ros2/install/pointcloud_to_laserscan/share/pointcloud_to_laserscan/launch/sample_laserscan_to_pointcloud_launch.py
[100.073s] -- Symlinking: /home/wheeltec/wheeltec_ros2/install/pointcloud_to_laserscan/share/pointcloud_to_laserscan/launch/sample_pointcloud_to_laserscan_launch.py
[100.092s] -- Symlinking: /home/wheeltec/wheeltec_ros2/install/pointcloud_to_laserscan/share/ament_index/resource_index/package_run_dependencies/pointcloud_to_laserscan
[100.114s] -- Symlinking: /home/wheeltec/wheeltec_ros2/install/pointcloud_to_laserscan/share/ament_index/resource_index/parent_prefix_path/pointcloud_to_laserscan
[100.134s] -- Symlinking: /home/wheeltec/wheeltec_ros2/install/pointcloud_to_laserscan/share/pointcloud_to_laserscan/environment/ament_prefix_path.sh
[100.158s] -- Symlinking: /home/wheeltec/wheeltec_ros2/install/pointcloud_to_laserscan/share/pointcloud_to_laserscan/environment/ament_prefix_path.dsv
[100.178s] -- Symlinking: /home/wheeltec/wheeltec_ros2/install/pointcloud_to_laserscan/share/pointcloud_to_laserscan/environment/path.sh
[100.198s] -- Symlinking: /home/wheeltec/wheeltec_ros2/install/pointcloud_to_laserscan/share/pointcloud_to_laserscan/environment/path.dsv
[100.217s] -- Symlinking: /home/wheeltec/wheeltec_ros2/install/pointcloud_to_laserscan/share/pointcloud_to_laserscan/local_setup.bash
[100.237s] -- Symlinking: /home/wheeltec/wheeltec_ros2/install/pointcloud_to_laserscan/share/pointcloud_to_laserscan/local_setup.sh
[100.255s] -- Symlinking: /home/wheeltec/wheeltec_ros2/install/pointcloud_to_laserscan/share/pointcloud_to_laserscan/local_setup.zsh
[100.274s] -- Symlinking: /home/wheeltec/wheeltec_ros2/install/pointcloud_to_laserscan/share/pointcloud_to_laserscan/local_setup.dsv
[100.290s] -- Symlinking: /home/wheeltec/wheeltec_ros2/install/pointcloud_to_laserscan/share/pointcloud_to_laserscan/package.dsv
[100.307s] -- Symlinking: /home/wheeltec/wheeltec_ros2/install/pointcloud_to_laserscan/share/ament_index/resource_index/packages/pointcloud_to_laserscan
[100.324s] -- Symlinking: /home/wheeltec/wheeltec_ros2/install/pointcloud_to_laserscan/share/ament_index/resource_index/rclcpp_components/pointcloud_to_laserscan
[100.344s] -- Symlinking: /home/wheeltec/wheeltec_ros2/install/pointcloud_to_laserscan/share/pointcloud_to_laserscan/cmake/ament_cmake_export_dependencies-extras.cmake
[100.373s] -- Symlinking: /home/wheeltec/wheeltec_ros2/install/pointcloud_to_laserscan/share/pointcloud_to_laserscan/cmake/ament_cmake_export_include_directories-extras.cmake
[100.396s] -- Symlinking: /home/wheeltec/wheeltec_ros2/install/pointcloud_to_laserscan/share/pointcloud_to_laserscan/cmake/ament_cmake_export_libraries-extras.cmake
[100.414s] -- Symlinking: /home/wheeltec/wheeltec_ros2/install/pointcloud_to_laserscan/share/pointcloud_to_laserscan/cmake/pointcloud_to_laserscanConfig.cmake
[100.434s] -- Symlinking: /home/wheeltec/wheeltec_ros2/install/pointcloud_to_laserscan/share/pointcloud_to_laserscan/cmake/pointcloud_to_laserscanConfig-version.cmake
[100.457s] -- Symlinking: /home/wheeltec/wheeltec_ros2/install/pointcloud_to_laserscan/share/pointcloud_to_laserscan/package.xml
[100.482s] Invoked command in '/home/wheeltec/wheeltec_ros2/build/pointcloud_to_laserscan' returned '0': CMAKE_PREFIX_PATH=${CMAKE_PREFIX_PATH}:/home/wheeltec/wheeltec_ros2/install/auto_recharge_ros2:/home/wheeltec/autoware/install/autoware_wheeltec_interface:/home/wheeltec/autoware/install/ad_api_visualizers:/opt/ros/humble /usr/bin/cmake --install /home/wheeltec/wheeltec_ros2/build/pointcloud_to_laserscan
