[0.232s] Invoking command in '/home/wheeltec/wheeltec_ros2/build/lslidar_msgs': CMAKE_PREFIX_PATH=${CMAKE_PREFIX_PATH}:/home/wheeltec/wheeltec_ros2/install/simple_follower_ros2:/home/wheeltec/wheeltec_ros2/install/wheeltec_robot_keyboard:/home/wheeltec/wheeltec_ros2/install/wheeltec_dual_rtk_driver:/home/wheeltec/wheeltec_ros2/install/ultralytics_ros2:/home/wheeltec/wheeltec_ros2/install/tf2_tools:/home/wheeltec/wheeltec_ros2/install/ollama_ros_chat:/home/wheeltec/wheeltec_ros2/install/nmea_navsat_driver:/home/wheeltec/wheeltec_ros2/install/nav2_waypoint_cycle:/home/wheeltec/wheeltec_ros2/install/nav2_simple_commander:/home/wheeltec/wheeltec_ros2/install/auto_recharge_ros2:/home/wheeltec/autoware/install/autoware_wheeltec_interface:/home/wheeltec/autoware/install/ad_api_visualizers:/opt/ros/humble /usr/bin/cmake --build /home/wheeltec/wheeltec_ros2/build/lslidar_msgs -- -j6 -l6
[0.735s] [  0%] Built target lslidar_msgs__cpp
[0.743s] [ 12%] Built target lslidar_msgs__rosidl_generator_c
[0.903s] [ 12%] Built target ament_cmake_python_symlink_lslidar_msgs
[1.124s] [ 24%] Built target lslidar_msgs__rosidl_typesupport_fastrtps_cpp
[1.194s] [ 36%] Built target lslidar_msgs__rosidl_typesupport_cpp
[1.280s] [ 48%] Built target lslidar_msgs__rosidl_typesupport_introspection_cpp
[1.330s] [ 60%] Built target lslidar_msgs__rosidl_typesupport_c
[1.358s] [ 72%] Built target lslidar_msgs__rosidl_typesupport_fastrtps_c
[1.392s] [ 84%] Built target lslidar_msgs__rosidl_typesupport_introspection_c
[1.956s] [ 84%] Built target lslidar_msgs
[2.697s] [ 85%] Built target lslidar_msgs__py
[3.151s] [ 96%] Built target lslidar_msgs__rosidl_generator_py
[3.553s] [ 97%] Built target lslidar_msgs__rosidl_typesupport_fastrtps_c__pyext
[3.608s] [ 98%] Built target lslidar_msgs__rosidl_typesupport_c__pyext
[3.700s] [100%] Built target lslidar_msgs__rosidl_typesupport_introspection_c__pyext
[3.719s] running egg_info
[3.722s] writing lslidar_msgs.egg-info/PKG-INFO
[3.723s] writing dependency_links to lslidar_msgs.egg-info/dependency_links.txt
[3.723s] writing top-level names to lslidar_msgs.egg-info/top_level.txt
[3.741s] reading manifest file 'lslidar_msgs.egg-info/SOURCES.txt'
[3.742s] writing manifest file 'lslidar_msgs.egg-info/SOURCES.txt'
[4.090s] [100%] Built target ament_cmake_python_build_lslidar_msgs_egg
[4.267s] Invoked command in '/home/wheeltec/wheeltec_ros2/build/lslidar_msgs' returned '0': CMAKE_PREFIX_PATH=${CMAKE_PREFIX_PATH}:/home/wheeltec/wheeltec_ros2/install/simple_follower_ros2:/home/wheeltec/wheeltec_ros2/install/wheeltec_robot_keyboard:/home/wheeltec/wheeltec_ros2/install/wheeltec_dual_rtk_driver:/home/wheeltec/wheeltec_ros2/install/ultralytics_ros2:/home/wheeltec/wheeltec_ros2/install/tf2_tools:/home/wheeltec/wheeltec_ros2/install/ollama_ros_chat:/home/wheeltec/wheeltec_ros2/install/nmea_navsat_driver:/home/wheeltec/wheeltec_ros2/install/nav2_waypoint_cycle:/home/wheeltec/wheeltec_ros2/install/nav2_simple_commander:/home/wheeltec/wheeltec_ros2/install/auto_recharge_ros2:/home/wheeltec/autoware/install/autoware_wheeltec_interface:/home/wheeltec/autoware/install/ad_api_visualizers:/opt/ros/humble /usr/bin/cmake --build /home/wheeltec/wheeltec_ros2/build/lslidar_msgs -- -j6 -l6
[4.275s] Invoking command in '/home/wheeltec/wheeltec_ros2/build/lslidar_msgs': CMAKE_PREFIX_PATH=${CMAKE_PREFIX_PATH}:/home/wheeltec/wheeltec_ros2/install/simple_follower_ros2:/home/wheeltec/wheeltec_ros2/install/wheeltec_robot_keyboard:/home/wheeltec/wheeltec_ros2/install/wheeltec_dual_rtk_driver:/home/wheeltec/wheeltec_ros2/install/ultralytics_ros2:/home/wheeltec/wheeltec_ros2/install/tf2_tools:/home/wheeltec/wheeltec_ros2/install/ollama_ros_chat:/home/wheeltec/wheeltec_ros2/install/nmea_navsat_driver:/home/wheeltec/wheeltec_ros2/install/nav2_waypoint_cycle:/home/wheeltec/wheeltec_ros2/install/nav2_simple_commander:/home/wheeltec/wheeltec_ros2/install/auto_recharge_ros2:/home/wheeltec/autoware/install/autoware_wheeltec_interface:/home/wheeltec/autoware/install/ad_api_visualizers:/opt/ros/humble /usr/bin/cmake --install /home/wheeltec/wheeltec_ros2/build/lslidar_msgs
[4.414s] -- Install configuration: ""
[4.417s] -- Execute custom install script
[4.420s] -- Up-to-date symlink: /home/wheeltec/wheeltec_ros2/install/lslidar_msgs/share/ament_index/resource_index/rosidl_interfaces/lslidar_msgs
[4.426s] -- Up-to-date symlink: /home/wheeltec/wheeltec_ros2/install/lslidar_msgs/include/lslidar_msgs/lslidar_msgs/msg/detail/lslidar_information__functions.h
[4.427s] -- Up-to-date symlink: /home/wheeltec/wheeltec_ros2/install/lslidar_msgs/include/lslidar_msgs/lslidar_msgs/msg/detail/lslidar_information__struct.h
[4.427s] -- Up-to-date symlink: /home/wheeltec/wheeltec_ros2/install/lslidar_msgs/include/lslidar_msgs/lslidar_msgs/msg/detail/lslidar_information__type_support.h
[4.427s] -- Up-to-date symlink: /home/wheeltec/wheeltec_ros2/install/lslidar_msgs/include/lslidar_msgs/lslidar_msgs/msg/detail/lslidar_packet__functions.h
[4.428s] -- Up-to-date symlink: /home/wheeltec/wheeltec_ros2/install/lslidar_msgs/include/lslidar_msgs/lslidar_msgs/msg/detail/lslidar_packet__struct.h
[4.428s] -- Up-to-date symlink: /home/wheeltec/wheeltec_ros2/install/lslidar_msgs/include/lslidar_msgs/lslidar_msgs/msg/detail/lslidar_packet__type_support.h
[4.428s] -- Up-to-date symlink: /home/wheeltec/wheeltec_ros2/install/lslidar_msgs/include/lslidar_msgs/lslidar_msgs/msg/lslidar_information.h
[4.429s] -- Up-to-date symlink: /home/wheeltec/wheeltec_ros2/install/lslidar_msgs/include/lslidar_msgs/lslidar_msgs/msg/lslidar_packet.h
[4.429s] -- Up-to-date symlink: /home/wheeltec/wheeltec_ros2/install/lslidar_msgs/include/lslidar_msgs/lslidar_msgs/msg/rosidl_generator_c__visibility_control.h
[4.430s] -- Up-to-date symlink: /home/wheeltec/wheeltec_ros2/install/lslidar_msgs/include/lslidar_msgs/lslidar_msgs/srv/angle_distortion_correction.h
[4.431s] -- Up-to-date symlink: /home/wheeltec/wheeltec_ros2/install/lslidar_msgs/include/lslidar_msgs/lslidar_msgs/srv/detail/angle_distortion_correction__functions.h
[4.436s] -- Up-to-date symlink: /home/wheeltec/wheeltec_ros2/install/lslidar_msgs/include/lslidar_msgs/lslidar_msgs/srv/detail/angle_distortion_correction__struct.h
[4.437s] -- Up-to-date symlink: /home/wheeltec/wheeltec_ros2/install/lslidar_msgs/include/lslidar_msgs/lslidar_msgs/srv/detail/angle_distortion_correction__type_support.h
[4.437s] -- Up-to-date symlink: /home/wheeltec/wheeltec_ros2/install/lslidar_msgs/include/lslidar_msgs/lslidar_msgs/srv/detail/frame_rate__functions.h
[4.437s] -- Up-to-date symlink: /home/wheeltec/wheeltec_ros2/install/lslidar_msgs/include/lslidar_msgs/lslidar_msgs/srv/detail/frame_rate__struct.h
[4.437s] -- Up-to-date symlink: /home/wheeltec/wheeltec_ros2/install/lslidar_msgs/include/lslidar_msgs/lslidar_msgs/srv/detail/frame_rate__type_support.h
[4.437s] -- Up-to-date symlink: /home/wheeltec/wheeltec_ros2/install/lslidar_msgs/include/lslidar_msgs/lslidar_msgs/srv/detail/invalid_data__functions.h
[4.437s] -- Up-to-date symlink: /home/wheeltec/wheeltec_ros2/install/lslidar_msgs/include/lslidar_msgs/lslidar_msgs/srv/detail/invalid_data__struct.h
[4.437s] -- Up-to-date symlink: /home/wheeltec/wheeltec_ros2/install/lslidar_msgs/include/lslidar_msgs/lslidar_msgs/srv/detail/invalid_data__type_support.h
[4.438s] -- Up-to-date symlink: /home/wheeltec/wheeltec_ros2/install/lslidar_msgs/include/lslidar_msgs/lslidar_msgs/srv/detail/ip_and_port__functions.h
[4.438s] -- Up-to-date symlink: /home/wheeltec/wheeltec_ros2/install/lslidar_msgs/include/lslidar_msgs/lslidar_msgs/srv/detail/ip_and_port__struct.h
[4.441s] -- Up-to-date symlink: /home/wheeltec/wheeltec_ros2/install/lslidar_msgs/include/lslidar_msgs/lslidar_msgs/srv/detail/ip_and_port__type_support.h
[4.441s] -- Up-to-date symlink: /home/wheeltec/wheeltec_ros2/install/lslidar_msgs/include/lslidar_msgs/lslidar_msgs/srv/detail/motor_control__functions.h
[4.442s] -- Up-to-date symlink: /home/wheeltec/wheeltec_ros2/install/lslidar_msgs/include/lslidar_msgs/lslidar_msgs/srv/detail/motor_control__struct.h
[4.442s] -- Up-to-date symlink: /home/wheeltec/wheeltec_ros2/install/lslidar_msgs/include/lslidar_msgs/lslidar_msgs/srv/detail/motor_control__type_support.h
[4.442s] -- Up-to-date symlink: /home/wheeltec/wheeltec_ros2/install/lslidar_msgs/include/lslidar_msgs/lslidar_msgs/srv/detail/motor_speed__functions.h
[4.443s] -- Up-to-date symlink: /home/wheeltec/wheeltec_ros2/install/lslidar_msgs/include/lslidar_msgs/lslidar_msgs/srv/detail/motor_speed__struct.h
[4.443s] -- Up-to-date symlink: /home/wheeltec/wheeltec_ros2/install/lslidar_msgs/include/lslidar_msgs/lslidar_msgs/srv/detail/motor_speed__type_support.h
[4.443s] -- Up-to-date symlink: /home/wheeltec/wheeltec_ros2/install/lslidar_msgs/include/lslidar_msgs/lslidar_msgs/srv/detail/power_control__functions.h
[4.444s] -- Up-to-date symlink: /home/wheeltec/wheeltec_ros2/install/lslidar_msgs/include/lslidar_msgs/lslidar_msgs/srv/detail/power_control__struct.h
[4.444s] -- Up-to-date symlink: /home/wheeltec/wheeltec_ros2/install/lslidar_msgs/include/lslidar_msgs/lslidar_msgs/srv/detail/power_control__type_support.h
[4.444s] -- Up-to-date symlink: /home/wheeltec/wheeltec_ros2/install/lslidar_msgs/include/lslidar_msgs/lslidar_msgs/srv/detail/rfd_removal__functions.h
[4.445s] -- Up-to-date symlink: /home/wheeltec/wheeltec_ros2/install/lslidar_msgs/include/lslidar_msgs/lslidar_msgs/srv/detail/rfd_removal__struct.h
[4.445s] -- Up-to-date symlink: /home/wheeltec/wheeltec_ros2/install/lslidar_msgs/include/lslidar_msgs/lslidar_msgs/srv/detail/rfd_removal__type_support.h
[4.446s] -- Up-to-date symlink: /home/wheeltec/wheeltec_ros2/install/lslidar_msgs/include/lslidar_msgs/lslidar_msgs/srv/detail/standby_mode__functions.h
[4.446s] -- Up-to-date symlink: /home/wheeltec/wheeltec_ros2/install/lslidar_msgs/include/lslidar_msgs/lslidar_msgs/srv/detail/standby_mode__struct.h
[4.447s] -- Up-to-date symlink: /home/wheeltec/wheeltec_ros2/install/lslidar_msgs/include/lslidar_msgs/lslidar_msgs/srv/detail/standby_mode__type_support.h
[4.450s] -- Up-to-date symlink: /home/wheeltec/wheeltec_ros2/install/lslidar_msgs/include/lslidar_msgs/lslidar_msgs/srv/detail/tail_removal__functions.h
[4.450s] -- Up-to-date symlink: /home/wheeltec/wheeltec_ros2/install/lslidar_msgs/include/lslidar_msgs/lslidar_msgs/srv/detail/tail_removal__struct.h
[4.450s] -- Up-to-date symlink: /home/wheeltec/wheeltec_ros2/install/lslidar_msgs/include/lslidar_msgs/lslidar_msgs/srv/detail/tail_removal__type_support.h
[4.451s] -- Up-to-date symlink: /home/wheeltec/wheeltec_ros2/install/lslidar_msgs/include/lslidar_msgs/lslidar_msgs/srv/detail/time_mode__functions.h
[4.454s] -- Up-to-date symlink: /home/wheeltec/wheeltec_ros2/install/lslidar_msgs/include/lslidar_msgs/lslidar_msgs/srv/detail/time_mode__struct.h
[4.455s] -- Up-to-date symlink: /home/wheeltec/wheeltec_ros2/install/lslidar_msgs/include/lslidar_msgs/lslidar_msgs/srv/detail/time_mode__type_support.h
[4.455s] -- Up-to-date symlink: /home/wheeltec/wheeltec_ros2/install/lslidar_msgs/include/lslidar_msgs/lslidar_msgs/srv/frame_rate.h
[4.455s] -- Up-to-date symlink: /home/wheeltec/wheeltec_ros2/install/lslidar_msgs/include/lslidar_msgs/lslidar_msgs/srv/invalid_data.h
[4.456s] -- Up-to-date symlink: /home/wheeltec/wheeltec_ros2/install/lslidar_msgs/include/lslidar_msgs/lslidar_msgs/srv/ip_and_port.h
[4.456s] -- Up-to-date symlink: /home/wheeltec/wheeltec_ros2/install/lslidar_msgs/include/lslidar_msgs/lslidar_msgs/srv/motor_control.h
[4.456s] -- Up-to-date symlink: /home/wheeltec/wheeltec_ros2/install/lslidar_msgs/include/lslidar_msgs/lslidar_msgs/srv/motor_speed.h
[4.457s] -- Up-to-date symlink: /home/wheeltec/wheeltec_ros2/install/lslidar_msgs/include/lslidar_msgs/lslidar_msgs/srv/power_control.h
[4.457s] -- Up-to-date symlink: /home/wheeltec/wheeltec_ros2/install/lslidar_msgs/include/lslidar_msgs/lslidar_msgs/srv/rfd_removal.h
[4.457s] -- Up-to-date symlink: /home/wheeltec/wheeltec_ros2/install/lslidar_msgs/include/lslidar_msgs/lslidar_msgs/srv/standby_mode.h
[4.457s] -- Up-to-date symlink: /home/wheeltec/wheeltec_ros2/install/lslidar_msgs/include/lslidar_msgs/lslidar_msgs/srv/tail_removal.h
[4.457s] -- Up-to-date symlink: /home/wheeltec/wheeltec_ros2/install/lslidar_msgs/include/lslidar_msgs/lslidar_msgs/srv/time_mode.h
[4.458s] -- Up-to-date symlink: /home/wheeltec/wheeltec_ros2/install/lslidar_msgs/share/lslidar_msgs/environment/library_path.sh
[4.458s] -- Up-to-date symlink: /home/wheeltec/wheeltec_ros2/install/lslidar_msgs/share/lslidar_msgs/environment/library_path.dsv
[4.461s] -- Up-to-date symlink: /home/wheeltec/wheeltec_ros2/install/lslidar_msgs/include/lslidar_msgs/lslidar_msgs/msg/detail/lslidar_information__rosidl_typesupport_fastrtps_c.h
[4.465s] -- Up-to-date symlink: /home/wheeltec/wheeltec_ros2/install/lslidar_msgs/include/lslidar_msgs/lslidar_msgs/msg/detail/lslidar_packet__rosidl_typesupport_fastrtps_c.h
[4.465s] -- Up-to-date symlink: /home/wheeltec/wheeltec_ros2/install/lslidar_msgs/include/lslidar_msgs/lslidar_msgs/msg/rosidl_typesupport_fastrtps_c__visibility_control.h
[4.465s] -- Up-to-date symlink: /home/wheeltec/wheeltec_ros2/install/lslidar_msgs/include/lslidar_msgs/lslidar_msgs/srv/detail/angle_distortion_correction__rosidl_typesupport_fastrtps_c.h
[4.470s] -- Up-to-date symlink: /home/wheeltec/wheeltec_ros2/install/lslidar_msgs/include/lslidar_msgs/lslidar_msgs/srv/detail/frame_rate__rosidl_typesupport_fastrtps_c.h
[4.471s] -- Up-to-date symlink: /home/wheeltec/wheeltec_ros2/install/lslidar_msgs/include/lslidar_msgs/lslidar_msgs/srv/detail/invalid_data__rosidl_typesupport_fastrtps_c.h
[4.472s] -- Up-to-date symlink: /home/wheeltec/wheeltec_ros2/install/lslidar_msgs/include/lslidar_msgs/lslidar_msgs/srv/detail/ip_and_port__rosidl_typesupport_fastrtps_c.h
[4.473s] -- Up-to-date symlink: /home/wheeltec/wheeltec_ros2/install/lslidar_msgs/include/lslidar_msgs/lslidar_msgs/srv/detail/motor_control__rosidl_typesupport_fastrtps_c.h
[4.475s] -- Up-to-date symlink: /home/wheeltec/wheeltec_ros2/install/lslidar_msgs/include/lslidar_msgs/lslidar_msgs/srv/detail/motor_speed__rosidl_typesupport_fastrtps_c.h
[4.476s] -- Up-to-date symlink: /home/wheeltec/wheeltec_ros2/install/lslidar_msgs/include/lslidar_msgs/lslidar_msgs/srv/detail/power_control__rosidl_typesupport_fastrtps_c.h
[4.477s] -- Up-to-date symlink: /home/wheeltec/wheeltec_ros2/install/lslidar_msgs/include/lslidar_msgs/lslidar_msgs/srv/detail/rfd_removal__rosidl_typesupport_fastrtps_c.h
[4.477s] -- Up-to-date symlink: /home/wheeltec/wheeltec_ros2/install/lslidar_msgs/include/lslidar_msgs/lslidar_msgs/srv/detail/standby_mode__rosidl_typesupport_fastrtps_c.h
[4.478s] -- Up-to-date symlink: /home/wheeltec/wheeltec_ros2/install/lslidar_msgs/include/lslidar_msgs/lslidar_msgs/srv/detail/tail_removal__rosidl_typesupport_fastrtps_c.h
[4.480s] -- Up-to-date symlink: /home/wheeltec/wheeltec_ros2/install/lslidar_msgs/include/lslidar_msgs/lslidar_msgs/srv/detail/time_mode__rosidl_typesupport_fastrtps_c.h
[4.482s] -- Up-to-date symlink: /home/wheeltec/wheeltec_ros2/install/lslidar_msgs/include/lslidar_msgs/lslidar_msgs/msg/detail/lslidar_information__rosidl_typesupport_introspection_c.h
[4.482s] -- Up-to-date symlink: /home/wheeltec/wheeltec_ros2/install/lslidar_msgs/include/lslidar_msgs/lslidar_msgs/msg/detail/lslidar_packet__rosidl_typesupport_introspection_c.h
[4.489s] -- Up-to-date symlink: /home/wheeltec/wheeltec_ros2/install/lslidar_msgs/include/lslidar_msgs/lslidar_msgs/msg/rosidl_typesupport_introspection_c__visibility_control.h
[4.490s] -- Up-to-date symlink: /home/wheeltec/wheeltec_ros2/install/lslidar_msgs/include/lslidar_msgs/lslidar_msgs/srv/detail/angle_distortion_correction__rosidl_typesupport_introspection_c.h
[4.490s] -- Up-to-date symlink: /home/wheeltec/wheeltec_ros2/install/lslidar_msgs/include/lslidar_msgs/lslidar_msgs/srv/detail/frame_rate__rosidl_typesupport_introspection_c.h
[4.491s] -- Up-to-date symlink: /home/wheeltec/wheeltec_ros2/install/lslidar_msgs/include/lslidar_msgs/lslidar_msgs/srv/detail/invalid_data__rosidl_typesupport_introspection_c.h
[4.492s] -- Up-to-date symlink: /home/wheeltec/wheeltec_ros2/install/lslidar_msgs/include/lslidar_msgs/lslidar_msgs/srv/detail/ip_and_port__rosidl_typesupport_introspection_c.h
[4.493s] -- Up-to-date symlink: /home/wheeltec/wheeltec_ros2/install/lslidar_msgs/include/lslidar_msgs/lslidar_msgs/srv/detail/motor_control__rosidl_typesupport_introspection_c.h
[4.493s] -- Up-to-date symlink: /home/wheeltec/wheeltec_ros2/install/lslidar_msgs/include/lslidar_msgs/lslidar_msgs/srv/detail/motor_speed__rosidl_typesupport_introspection_c.h
[4.499s] -- Up-to-date symlink: /home/wheeltec/wheeltec_ros2/install/lslidar_msgs/include/lslidar_msgs/lslidar_msgs/srv/detail/power_control__rosidl_typesupport_introspection_c.h
[4.500s] -- Up-to-date symlink: /home/wheeltec/wheeltec_ros2/install/lslidar_msgs/include/lslidar_msgs/lslidar_msgs/srv/detail/rfd_removal__rosidl_typesupport_introspection_c.h
[4.501s] -- Up-to-date symlink: /home/wheeltec/wheeltec_ros2/install/lslidar_msgs/include/lslidar_msgs/lslidar_msgs/srv/detail/standby_mode__rosidl_typesupport_introspection_c.h
[4.501s] -- Up-to-date symlink: /home/wheeltec/wheeltec_ros2/install/lslidar_msgs/include/lslidar_msgs/lslidar_msgs/srv/detail/tail_removal__rosidl_typesupport_introspection_c.h
[4.502s] -- Up-to-date symlink: /home/wheeltec/wheeltec_ros2/install/lslidar_msgs/include/lslidar_msgs/lslidar_msgs/srv/detail/time_mode__rosidl_typesupport_introspection_c.h
[4.504s] -- Up-to-date symlink: /home/wheeltec/wheeltec_ros2/install/lslidar_msgs/include/lslidar_msgs/lslidar_msgs/msg/detail/lslidar_information__builder.hpp
[4.505s] -- Up-to-date symlink: /home/wheeltec/wheeltec_ros2/install/lslidar_msgs/include/lslidar_msgs/lslidar_msgs/msg/detail/lslidar_information__struct.hpp
[4.506s] -- Up-to-date symlink: /home/wheeltec/wheeltec_ros2/install/lslidar_msgs/include/lslidar_msgs/lslidar_msgs/msg/detail/lslidar_information__traits.hpp
[4.506s] -- Up-to-date symlink: /home/wheeltec/wheeltec_ros2/install/lslidar_msgs/include/lslidar_msgs/lslidar_msgs/msg/detail/lslidar_information__type_support.hpp
[4.507s] -- Up-to-date symlink: /home/wheeltec/wheeltec_ros2/install/lslidar_msgs/include/lslidar_msgs/lslidar_msgs/msg/detail/lslidar_packet__builder.hpp
[4.508s] -- Up-to-date symlink: /home/wheeltec/wheeltec_ros2/install/lslidar_msgs/include/lslidar_msgs/lslidar_msgs/msg/detail/lslidar_packet__struct.hpp
[4.508s] -- Up-to-date symlink: /home/wheeltec/wheeltec_ros2/install/lslidar_msgs/include/lslidar_msgs/lslidar_msgs/msg/detail/lslidar_packet__traits.hpp
[4.514s] -- Up-to-date symlink: /home/wheeltec/wheeltec_ros2/install/lslidar_msgs/include/lslidar_msgs/lslidar_msgs/msg/detail/lslidar_packet__type_support.hpp
[4.515s] -- Up-to-date symlink: /home/wheeltec/wheeltec_ros2/install/lslidar_msgs/include/lslidar_msgs/lslidar_msgs/msg/lslidar_information.hpp
[4.516s] -- Up-to-date symlink: /home/wheeltec/wheeltec_ros2/install/lslidar_msgs/include/lslidar_msgs/lslidar_msgs/msg/lslidar_packet.hpp
[4.517s] -- Up-to-date symlink: /home/wheeltec/wheeltec_ros2/install/lslidar_msgs/include/lslidar_msgs/lslidar_msgs/msg/rosidl_generator_cpp__visibility_control.hpp
[4.517s] -- Up-to-date symlink: /home/wheeltec/wheeltec_ros2/install/lslidar_msgs/include/lslidar_msgs/lslidar_msgs/srv/angle_distortion_correction.hpp
[4.517s] -- Up-to-date symlink: /home/wheeltec/wheeltec_ros2/install/lslidar_msgs/include/lslidar_msgs/lslidar_msgs/srv/detail/angle_distortion_correction__builder.hpp
[4.518s] -- Up-to-date symlink: /home/wheeltec/wheeltec_ros2/install/lslidar_msgs/include/lslidar_msgs/lslidar_msgs/srv/detail/angle_distortion_correction__struct.hpp
[4.519s] -- Up-to-date symlink: /home/wheeltec/wheeltec_ros2/install/lslidar_msgs/include/lslidar_msgs/lslidar_msgs/srv/detail/angle_distortion_correction__traits.hpp
[4.519s] -- Up-to-date symlink: /home/wheeltec/wheeltec_ros2/install/lslidar_msgs/include/lslidar_msgs/lslidar_msgs/srv/detail/angle_distortion_correction__type_support.hpp
[4.520s] -- Up-to-date symlink: /home/wheeltec/wheeltec_ros2/install/lslidar_msgs/include/lslidar_msgs/lslidar_msgs/srv/detail/frame_rate__builder.hpp
[4.521s] -- Up-to-date symlink: /home/wheeltec/wheeltec_ros2/install/lslidar_msgs/include/lslidar_msgs/lslidar_msgs/srv/detail/frame_rate__struct.hpp
[4.522s] -- Up-to-date symlink: /home/wheeltec/wheeltec_ros2/install/lslidar_msgs/include/lslidar_msgs/lslidar_msgs/srv/detail/frame_rate__traits.hpp
[4.522s] -- Up-to-date symlink: /home/wheeltec/wheeltec_ros2/install/lslidar_msgs/include/lslidar_msgs/lslidar_msgs/srv/detail/frame_rate__type_support.hpp
[4.523s] -- Up-to-date symlink: /home/wheeltec/wheeltec_ros2/install/lslidar_msgs/include/lslidar_msgs/lslidar_msgs/srv/detail/invalid_data__builder.hpp
[4.524s] -- Up-to-date symlink: /home/wheeltec/wheeltec_ros2/install/lslidar_msgs/include/lslidar_msgs/lslidar_msgs/srv/detail/invalid_data__struct.hpp
[4.525s] -- Up-to-date symlink: /home/wheeltec/wheeltec_ros2/install/lslidar_msgs/include/lslidar_msgs/lslidar_msgs/srv/detail/invalid_data__traits.hpp
[4.525s] -- Up-to-date symlink: /home/wheeltec/wheeltec_ros2/install/lslidar_msgs/include/lslidar_msgs/lslidar_msgs/srv/detail/invalid_data__type_support.hpp
[4.530s] -- Up-to-date symlink: /home/wheeltec/wheeltec_ros2/install/lslidar_msgs/include/lslidar_msgs/lslidar_msgs/srv/detail/ip_and_port__builder.hpp
[4.531s] -- Up-to-date symlink: /home/wheeltec/wheeltec_ros2/install/lslidar_msgs/include/lslidar_msgs/lslidar_msgs/srv/detail/ip_and_port__struct.hpp
[4.532s] -- Up-to-date symlink: /home/wheeltec/wheeltec_ros2/install/lslidar_msgs/include/lslidar_msgs/lslidar_msgs/srv/detail/ip_and_port__traits.hpp
[4.533s] -- Up-to-date symlink: /home/wheeltec/wheeltec_ros2/install/lslidar_msgs/include/lslidar_msgs/lslidar_msgs/srv/detail/ip_and_port__type_support.hpp
[4.534s] -- Up-to-date symlink: /home/wheeltec/wheeltec_ros2/install/lslidar_msgs/include/lslidar_msgs/lslidar_msgs/srv/detail/motor_control__builder.hpp
[4.535s] -- Up-to-date symlink: /home/wheeltec/wheeltec_ros2/install/lslidar_msgs/include/lslidar_msgs/lslidar_msgs/srv/detail/motor_control__struct.hpp
[4.537s] -- Up-to-date symlink: /home/wheeltec/wheeltec_ros2/install/lslidar_msgs/include/lslidar_msgs/lslidar_msgs/srv/detail/motor_control__traits.hpp
[4.537s] -- Up-to-date symlink: /home/wheeltec/wheeltec_ros2/install/lslidar_msgs/include/lslidar_msgs/lslidar_msgs/srv/detail/motor_control__type_support.hpp
[4.538s] -- Up-to-date symlink: /home/wheeltec/wheeltec_ros2/install/lslidar_msgs/include/lslidar_msgs/lslidar_msgs/srv/detail/motor_speed__builder.hpp
[4.539s] -- Up-to-date symlink: /home/wheeltec/wheeltec_ros2/install/lslidar_msgs/include/lslidar_msgs/lslidar_msgs/srv/detail/motor_speed__struct.hpp
[4.539s] -- Up-to-date symlink: /home/wheeltec/wheeltec_ros2/install/lslidar_msgs/include/lslidar_msgs/lslidar_msgs/srv/detail/motor_speed__traits.hpp
[4.540s] -- Up-to-date symlink: /home/wheeltec/wheeltec_ros2/install/lslidar_msgs/include/lslidar_msgs/lslidar_msgs/srv/detail/motor_speed__type_support.hpp
[4.541s] -- Up-to-date symlink: /home/wheeltec/wheeltec_ros2/install/lslidar_msgs/include/lslidar_msgs/lslidar_msgs/srv/detail/power_control__builder.hpp
[4.542s] -- Up-to-date symlink: /home/wheeltec/wheeltec_ros2/install/lslidar_msgs/include/lslidar_msgs/lslidar_msgs/srv/detail/power_control__struct.hpp
[4.542s] -- Up-to-date symlink: /home/wheeltec/wheeltec_ros2/install/lslidar_msgs/include/lslidar_msgs/lslidar_msgs/srv/detail/power_control__traits.hpp
[4.543s] -- Up-to-date symlink: /home/wheeltec/wheeltec_ros2/install/lslidar_msgs/include/lslidar_msgs/lslidar_msgs/srv/detail/power_control__type_support.hpp
[4.544s] -- Up-to-date symlink: /home/wheeltec/wheeltec_ros2/install/lslidar_msgs/include/lslidar_msgs/lslidar_msgs/srv/detail/rfd_removal__builder.hpp
[4.544s] -- Up-to-date symlink: /home/wheeltec/wheeltec_ros2/install/lslidar_msgs/include/lslidar_msgs/lslidar_msgs/srv/detail/rfd_removal__struct.hpp
[4.545s] -- Up-to-date symlink: /home/wheeltec/wheeltec_ros2/install/lslidar_msgs/include/lslidar_msgs/lslidar_msgs/srv/detail/rfd_removal__traits.hpp
[4.546s] -- Up-to-date symlink: /home/wheeltec/wheeltec_ros2/install/lslidar_msgs/include/lslidar_msgs/lslidar_msgs/srv/detail/rfd_removal__type_support.hpp
[4.546s] -- Up-to-date symlink: /home/wheeltec/wheeltec_ros2/install/lslidar_msgs/include/lslidar_msgs/lslidar_msgs/srv/detail/standby_mode__builder.hpp
[4.548s] -- Up-to-date symlink: /home/wheeltec/wheeltec_ros2/install/lslidar_msgs/include/lslidar_msgs/lslidar_msgs/srv/detail/standby_mode__struct.hpp
[4.550s] -- Up-to-date symlink: /home/wheeltec/wheeltec_ros2/install/lslidar_msgs/include/lslidar_msgs/lslidar_msgs/srv/detail/standby_mode__traits.hpp
[4.550s] -- Up-to-date symlink: /home/wheeltec/wheeltec_ros2/install/lslidar_msgs/include/lslidar_msgs/lslidar_msgs/srv/detail/standby_mode__type_support.hpp
[4.551s] -- Up-to-date symlink: /home/wheeltec/wheeltec_ros2/install/lslidar_msgs/include/lslidar_msgs/lslidar_msgs/srv/detail/tail_removal__builder.hpp
[4.555s] -- Up-to-date symlink: /home/wheeltec/wheeltec_ros2/install/lslidar_msgs/include/lslidar_msgs/lslidar_msgs/srv/detail/tail_removal__struct.hpp
[4.556s] -- Up-to-date symlink: /home/wheeltec/wheeltec_ros2/install/lslidar_msgs/include/lslidar_msgs/lslidar_msgs/srv/detail/tail_removal__traits.hpp
[4.557s] -- Up-to-date symlink: /home/wheeltec/wheeltec_ros2/install/lslidar_msgs/include/lslidar_msgs/lslidar_msgs/srv/detail/tail_removal__type_support.hpp
[4.558s] -- Up-to-date symlink: /home/wheeltec/wheeltec_ros2/install/lslidar_msgs/include/lslidar_msgs/lslidar_msgs/srv/detail/time_mode__builder.hpp
[4.558s] -- Up-to-date symlink: /home/wheeltec/wheeltec_ros2/install/lslidar_msgs/include/lslidar_msgs/lslidar_msgs/srv/detail/time_mode__struct.hpp
[4.559s] -- Up-to-date symlink: /home/wheeltec/wheeltec_ros2/install/lslidar_msgs/include/lslidar_msgs/lslidar_msgs/srv/detail/time_mode__traits.hpp
[4.560s] -- Up-to-date symlink: /home/wheeltec/wheeltec_ros2/install/lslidar_msgs/include/lslidar_msgs/lslidar_msgs/srv/detail/time_mode__type_support.hpp
[4.560s] -- Up-to-date symlink: /home/wheeltec/wheeltec_ros2/install/lslidar_msgs/include/lslidar_msgs/lslidar_msgs/srv/frame_rate.hpp
[4.561s] -- Up-to-date symlink: /home/wheeltec/wheeltec_ros2/install/lslidar_msgs/include/lslidar_msgs/lslidar_msgs/srv/invalid_data.hpp
[4.562s] -- Up-to-date symlink: /home/wheeltec/wheeltec_ros2/install/lslidar_msgs/include/lslidar_msgs/lslidar_msgs/srv/ip_and_port.hpp
[4.562s] -- Up-to-date symlink: /home/wheeltec/wheeltec_ros2/install/lslidar_msgs/include/lslidar_msgs/lslidar_msgs/srv/motor_control.hpp
[4.563s] -- Up-to-date symlink: /home/wheeltec/wheeltec_ros2/install/lslidar_msgs/include/lslidar_msgs/lslidar_msgs/srv/motor_speed.hpp
[4.564s] -- Up-to-date symlink: /home/wheeltec/wheeltec_ros2/install/lslidar_msgs/include/lslidar_msgs/lslidar_msgs/srv/power_control.hpp
[4.565s] -- Up-to-date symlink: /home/wheeltec/wheeltec_ros2/install/lslidar_msgs/include/lslidar_msgs/lslidar_msgs/srv/rfd_removal.hpp
[4.570s] -- Up-to-date symlink: /home/wheeltec/wheeltec_ros2/install/lslidar_msgs/include/lslidar_msgs/lslidar_msgs/srv/standby_mode.hpp
[4.571s] -- Up-to-date symlink: /home/wheeltec/wheeltec_ros2/install/lslidar_msgs/include/lslidar_msgs/lslidar_msgs/srv/tail_removal.hpp
[4.573s] -- Up-to-date symlink: /home/wheeltec/wheeltec_ros2/install/lslidar_msgs/include/lslidar_msgs/lslidar_msgs/srv/time_mode.hpp
[4.573s] -- Up-to-date symlink: /home/wheeltec/wheeltec_ros2/install/lslidar_msgs/include/lslidar_msgs/lslidar_msgs/msg/detail/lslidar_information__rosidl_typesupport_fastrtps_cpp.hpp
[4.574s] -- Up-to-date symlink: /home/wheeltec/wheeltec_ros2/install/lslidar_msgs/include/lslidar_msgs/lslidar_msgs/msg/detail/lslidar_packet__rosidl_typesupport_fastrtps_cpp.hpp
[4.575s] -- Up-to-date symlink: /home/wheeltec/wheeltec_ros2/install/lslidar_msgs/include/lslidar_msgs/lslidar_msgs/msg/rosidl_typesupport_fastrtps_cpp__visibility_control.h
[4.575s] -- Up-to-date symlink: /home/wheeltec/wheeltec_ros2/install/lslidar_msgs/include/lslidar_msgs/lslidar_msgs/srv/detail/angle_distortion_correction__rosidl_typesupport_fastrtps_cpp.hpp
[4.576s] -- Up-to-date symlink: /home/wheeltec/wheeltec_ros2/install/lslidar_msgs/include/lslidar_msgs/lslidar_msgs/srv/detail/frame_rate__rosidl_typesupport_fastrtps_cpp.hpp
[4.577s] -- Up-to-date symlink: /home/wheeltec/wheeltec_ros2/install/lslidar_msgs/include/lslidar_msgs/lslidar_msgs/srv/detail/invalid_data__rosidl_typesupport_fastrtps_cpp.hpp
[4.577s] -- Up-to-date symlink: /home/wheeltec/wheeltec_ros2/install/lslidar_msgs/include/lslidar_msgs/lslidar_msgs/srv/detail/ip_and_port__rosidl_typesupport_fastrtps_cpp.hpp
[4.578s] -- Up-to-date symlink: /home/wheeltec/wheeltec_ros2/install/lslidar_msgs/include/lslidar_msgs/lslidar_msgs/srv/detail/motor_control__rosidl_typesupport_fastrtps_cpp.hpp
[4.579s] -- Up-to-date symlink: /home/wheeltec/wheeltec_ros2/install/lslidar_msgs/include/lslidar_msgs/lslidar_msgs/srv/detail/motor_speed__rosidl_typesupport_fastrtps_cpp.hpp
[4.579s] -- Up-to-date symlink: /home/wheeltec/wheeltec_ros2/install/lslidar_msgs/include/lslidar_msgs/lslidar_msgs/srv/detail/power_control__rosidl_typesupport_fastrtps_cpp.hpp
[4.580s] -- Up-to-date symlink: /home/wheeltec/wheeltec_ros2/install/lslidar_msgs/include/lslidar_msgs/lslidar_msgs/srv/detail/rfd_removal__rosidl_typesupport_fastrtps_cpp.hpp
[4.586s] -- Up-to-date symlink: /home/wheeltec/wheeltec_ros2/install/lslidar_msgs/include/lslidar_msgs/lslidar_msgs/srv/detail/standby_mode__rosidl_typesupport_fastrtps_cpp.hpp
[4.591s] -- Up-to-date symlink: /home/wheeltec/wheeltec_ros2/install/lslidar_msgs/include/lslidar_msgs/lslidar_msgs/srv/detail/tail_removal__rosidl_typesupport_fastrtps_cpp.hpp
[4.592s] -- Up-to-date symlink: /home/wheeltec/wheeltec_ros2/install/lslidar_msgs/include/lslidar_msgs/lslidar_msgs/srv/detail/time_mode__rosidl_typesupport_fastrtps_cpp.hpp
[4.593s] -- Up-to-date symlink: /home/wheeltec/wheeltec_ros2/install/lslidar_msgs/include/lslidar_msgs/lslidar_msgs/msg/detail/lslidar_information__rosidl_typesupport_introspection_cpp.hpp
[4.594s] -- Up-to-date symlink: /home/wheeltec/wheeltec_ros2/install/lslidar_msgs/include/lslidar_msgs/lslidar_msgs/msg/detail/lslidar_packet__rosidl_typesupport_introspection_cpp.hpp
[4.595s] -- Up-to-date symlink: /home/wheeltec/wheeltec_ros2/install/lslidar_msgs/include/lslidar_msgs/lslidar_msgs/srv/detail/angle_distortion_correction__rosidl_typesupport_introspection_cpp.hpp
[4.595s] -- Up-to-date symlink: /home/wheeltec/wheeltec_ros2/install/lslidar_msgs/include/lslidar_msgs/lslidar_msgs/srv/detail/frame_rate__rosidl_typesupport_introspection_cpp.hpp
[4.596s] -- Up-to-date symlink: /home/wheeltec/wheeltec_ros2/install/lslidar_msgs/include/lslidar_msgs/lslidar_msgs/srv/detail/invalid_data__rosidl_typesupport_introspection_cpp.hpp
[4.601s] -- Up-to-date symlink: /home/wheeltec/wheeltec_ros2/install/lslidar_msgs/include/lslidar_msgs/lslidar_msgs/srv/detail/ip_and_port__rosidl_typesupport_introspection_cpp.hpp
[4.606s] -- Up-to-date symlink: /home/wheeltec/wheeltec_ros2/install/lslidar_msgs/include/lslidar_msgs/lslidar_msgs/srv/detail/motor_control__rosidl_typesupport_introspection_cpp.hpp
[4.607s] -- Up-to-date symlink: /home/wheeltec/wheeltec_ros2/install/lslidar_msgs/include/lslidar_msgs/lslidar_msgs/srv/detail/motor_speed__rosidl_typesupport_introspection_cpp.hpp
[4.608s] -- Up-to-date symlink: /home/wheeltec/wheeltec_ros2/install/lslidar_msgs/include/lslidar_msgs/lslidar_msgs/srv/detail/power_control__rosidl_typesupport_introspection_cpp.hpp
[4.608s] -- Up-to-date symlink: /home/wheeltec/wheeltec_ros2/install/lslidar_msgs/include/lslidar_msgs/lslidar_msgs/srv/detail/rfd_removal__rosidl_typesupport_introspection_cpp.hpp
[4.609s] -- Up-to-date symlink: /home/wheeltec/wheeltec_ros2/install/lslidar_msgs/include/lslidar_msgs/lslidar_msgs/srv/detail/standby_mode__rosidl_typesupport_introspection_cpp.hpp
[4.610s] -- Up-to-date symlink: /home/wheeltec/wheeltec_ros2/install/lslidar_msgs/include/lslidar_msgs/lslidar_msgs/srv/detail/tail_removal__rosidl_typesupport_introspection_cpp.hpp
[4.610s] -- Up-to-date symlink: /home/wheeltec/wheeltec_ros2/install/lslidar_msgs/include/lslidar_msgs/lslidar_msgs/srv/detail/time_mode__rosidl_typesupport_introspection_cpp.hpp
[4.611s] -- Up-to-date symlink: /home/wheeltec/wheeltec_ros2/install/lslidar_msgs/share/lslidar_msgs/environment/pythonpath.sh
[4.612s] -- Up-to-date symlink: /home/wheeltec/wheeltec_ros2/install/lslidar_msgs/share/lslidar_msgs/environment/pythonpath.dsv
[4.612s] -- Up-to-date symlink: /home/wheeltec/wheeltec_ros2/install/lslidar_msgs/local/lib/python3.10/dist-packages/lslidar_msgs-5.1.1-py3.10.egg-info/PKG-INFO
[4.616s] -- Up-to-date symlink: /home/wheeltec/wheeltec_ros2/install/lslidar_msgs/local/lib/python3.10/dist-packages/lslidar_msgs-5.1.1-py3.10.egg-info/SOURCES.txt
[4.622s] -- Up-to-date symlink: /home/wheeltec/wheeltec_ros2/install/lslidar_msgs/local/lib/python3.10/dist-packages/lslidar_msgs-5.1.1-py3.10.egg-info/dependency_links.txt
[4.622s] -- Up-to-date symlink: /home/wheeltec/wheeltec_ros2/install/lslidar_msgs/local/lib/python3.10/dist-packages/lslidar_msgs-5.1.1-py3.10.egg-info/top_level.txt
[4.625s] -- Up-to-date symlink: /home/wheeltec/wheeltec_ros2/install/lslidar_msgs/local/lib/python3.10/dist-packages/lslidar_msgs/__init__.py
[4.625s] -- Up-to-date symlink: /home/wheeltec/wheeltec_ros2/install/lslidar_msgs/local/lib/python3.10/dist-packages/lslidar_msgs/_lslidar_msgs_s.ep.rosidl_typesupport_c.c
[4.629s] -- Up-to-date symlink: /home/wheeltec/wheeltec_ros2/install/lslidar_msgs/local/lib/python3.10/dist-packages/lslidar_msgs/_lslidar_msgs_s.ep.rosidl_typesupport_fastrtps_c.c
[4.630s] -- Up-to-date symlink: /home/wheeltec/wheeltec_ros2/install/lslidar_msgs/local/lib/python3.10/dist-packages/lslidar_msgs/_lslidar_msgs_s.ep.rosidl_typesupport_introspection_c.c
[4.630s] -- Up-to-date symlink: /home/wheeltec/wheeltec_ros2/install/lslidar_msgs/local/lib/python3.10/dist-packages/lslidar_msgs/liblslidar_msgs__rosidl_generator_py.so
[4.631s] -- Up-to-date symlink: /home/wheeltec/wheeltec_ros2/install/lslidar_msgs/local/lib/python3.10/dist-packages/lslidar_msgs/lslidar_msgs_s__rosidl_typesupport_c.cpython-310-aarch64-linux-gnu.so
[4.636s] -- Up-to-date symlink: /home/wheeltec/wheeltec_ros2/install/lslidar_msgs/local/lib/python3.10/dist-packages/lslidar_msgs/lslidar_msgs_s__rosidl_typesupport_fastrtps_c.cpython-310-aarch64-linux-gnu.so
[4.637s] -- Up-to-date symlink: /home/wheeltec/wheeltec_ros2/install/lslidar_msgs/local/lib/python3.10/dist-packages/lslidar_msgs/lslidar_msgs_s__rosidl_typesupport_introspection_c.cpython-310-aarch64-linux-gnu.so
[4.638s] -- Up-to-date symlink: /home/wheeltec/wheeltec_ros2/install/lslidar_msgs/local/lib/python3.10/dist-packages/lslidar_msgs/msg/__init__.py
[4.639s] -- Up-to-date symlink: /home/wheeltec/wheeltec_ros2/install/lslidar_msgs/local/lib/python3.10/dist-packages/lslidar_msgs/msg/_lslidar_information.py
[4.639s] -- Up-to-date symlink: /home/wheeltec/wheeltec_ros2/install/lslidar_msgs/local/lib/python3.10/dist-packages/lslidar_msgs/msg/_lslidar_information_s.c
[4.640s] -- Up-to-date symlink: /home/wheeltec/wheeltec_ros2/install/lslidar_msgs/local/lib/python3.10/dist-packages/lslidar_msgs/msg/_lslidar_packet.py
[4.640s] -- Up-to-date symlink: /home/wheeltec/wheeltec_ros2/install/lslidar_msgs/local/lib/python3.10/dist-packages/lslidar_msgs/msg/_lslidar_packet_s.c
[4.641s] -- Up-to-date symlink: /home/wheeltec/wheeltec_ros2/install/lslidar_msgs/local/lib/python3.10/dist-packages/lslidar_msgs/srv/__init__.py
[4.642s] -- Up-to-date symlink: /home/wheeltec/wheeltec_ros2/install/lslidar_msgs/local/lib/python3.10/dist-packages/lslidar_msgs/srv/_angle_distortion_correction.py
[4.643s] -- Up-to-date symlink: /home/wheeltec/wheeltec_ros2/install/lslidar_msgs/local/lib/python3.10/dist-packages/lslidar_msgs/srv/_angle_distortion_correction_s.c
[4.643s] -- Up-to-date symlink: /home/wheeltec/wheeltec_ros2/install/lslidar_msgs/local/lib/python3.10/dist-packages/lslidar_msgs/srv/_frame_rate.py
[4.644s] -- Up-to-date symlink: /home/wheeltec/wheeltec_ros2/install/lslidar_msgs/local/lib/python3.10/dist-packages/lslidar_msgs/srv/_frame_rate_s.c
[4.645s] -- Up-to-date symlink: /home/wheeltec/wheeltec_ros2/install/lslidar_msgs/local/lib/python3.10/dist-packages/lslidar_msgs/srv/_invalid_data.py
[4.645s] -- Up-to-date symlink: /home/wheeltec/wheeltec_ros2/install/lslidar_msgs/local/lib/python3.10/dist-packages/lslidar_msgs/srv/_invalid_data_s.c
[4.646s] -- Up-to-date symlink: /home/wheeltec/wheeltec_ros2/install/lslidar_msgs/local/lib/python3.10/dist-packages/lslidar_msgs/srv/_ip_and_port.py
[4.652s] -- Up-to-date symlink: /home/wheeltec/wheeltec_ros2/install/lslidar_msgs/local/lib/python3.10/dist-packages/lslidar_msgs/srv/_ip_and_port_s.c
[4.657s] -- Up-to-date symlink: /home/wheeltec/wheeltec_ros2/install/lslidar_msgs/local/lib/python3.10/dist-packages/lslidar_msgs/srv/_motor_control.py
[4.658s] -- Up-to-date symlink: /home/wheeltec/wheeltec_ros2/install/lslidar_msgs/local/lib/python3.10/dist-packages/lslidar_msgs/srv/_motor_control_s.c
[4.658s] -- Up-to-date symlink: /home/wheeltec/wheeltec_ros2/install/lslidar_msgs/local/lib/python3.10/dist-packages/lslidar_msgs/srv/_motor_speed.py
[4.659s] -- Up-to-date symlink: /home/wheeltec/wheeltec_ros2/install/lslidar_msgs/local/lib/python3.10/dist-packages/lslidar_msgs/srv/_motor_speed_s.c
[4.660s] -- Up-to-date symlink: /home/wheeltec/wheeltec_ros2/install/lslidar_msgs/local/lib/python3.10/dist-packages/lslidar_msgs/srv/_power_control.py
[4.660s] -- Up-to-date symlink: /home/wheeltec/wheeltec_ros2/install/lslidar_msgs/local/lib/python3.10/dist-packages/lslidar_msgs/srv/_power_control_s.c
[4.661s] -- Up-to-date symlink: /home/wheeltec/wheeltec_ros2/install/lslidar_msgs/local/lib/python3.10/dist-packages/lslidar_msgs/srv/_rfd_removal.py
[4.662s] -- Up-to-date symlink: /home/wheeltec/wheeltec_ros2/install/lslidar_msgs/local/lib/python3.10/dist-packages/lslidar_msgs/srv/_rfd_removal_s.c
[4.662s] -- Up-to-date symlink: /home/wheeltec/wheeltec_ros2/install/lslidar_msgs/local/lib/python3.10/dist-packages/lslidar_msgs/srv/_standby_mode.py
[4.663s] -- Up-to-date symlink: /home/wheeltec/wheeltec_ros2/install/lslidar_msgs/local/lib/python3.10/dist-packages/lslidar_msgs/srv/_standby_mode_s.c
[4.664s] -- Up-to-date symlink: /home/wheeltec/wheeltec_ros2/install/lslidar_msgs/local/lib/python3.10/dist-packages/lslidar_msgs/srv/_tail_removal.py
[4.664s] -- Up-to-date symlink: /home/wheeltec/wheeltec_ros2/install/lslidar_msgs/local/lib/python3.10/dist-packages/lslidar_msgs/srv/_tail_removal_s.c
[4.665s] -- Up-to-date symlink: /home/wheeltec/wheeltec_ros2/install/lslidar_msgs/local/lib/python3.10/dist-packages/lslidar_msgs/srv/_time_mode.py
[4.667s] -- Up-to-date symlink: /home/wheeltec/wheeltec_ros2/install/lslidar_msgs/local/lib/python3.10/dist-packages/lslidar_msgs/srv/_time_mode_s.c
[4.674s] -- Up-to-date symlink: /home/wheeltec/wheeltec_ros2/install/lslidar_msgs/local/lib/python3.10/dist-packages/lslidar_msgs/lslidar_msgs_s__rosidl_typesupport_fastrtps_c.cpython-310-aarch64-linux-gnu.so
[4.677s] -- Up-to-date symlink: /home/wheeltec/wheeltec_ros2/install/lslidar_msgs/local/lib/python3.10/dist-packages/lslidar_msgs/lslidar_msgs_s__rosidl_typesupport_introspection_c.cpython-310-aarch64-linux-gnu.so
[4.678s] -- Up-to-date symlink: /home/wheeltec/wheeltec_ros2/install/lslidar_msgs/local/lib/python3.10/dist-packages/lslidar_msgs/lslidar_msgs_s__rosidl_typesupport_c.cpython-310-aarch64-linux-gnu.so
[4.679s] -- Up-to-date symlink: /home/wheeltec/wheeltec_ros2/install/lslidar_msgs/share/lslidar_msgs/msg/LslidarInformation.idl
[4.680s] -- Up-to-date symlink: /home/wheeltec/wheeltec_ros2/install/lslidar_msgs/share/lslidar_msgs/msg/LslidarPacket.idl
[4.681s] -- Up-to-date symlink: /home/wheeltec/wheeltec_ros2/install/lslidar_msgs/share/lslidar_msgs/srv/AngleDistortionCorrection.idl
[4.682s] -- Up-to-date symlink: /home/wheeltec/wheeltec_ros2/install/lslidar_msgs/share/lslidar_msgs/srv/FrameRate.idl
[4.687s] -- Up-to-date symlink: /home/wheeltec/wheeltec_ros2/install/lslidar_msgs/share/lslidar_msgs/srv/InvalidData.idl
[4.690s] -- Up-to-date symlink: /home/wheeltec/wheeltec_ros2/install/lslidar_msgs/share/lslidar_msgs/srv/IpAndPort.idl
[4.691s] -- Up-to-date symlink: /home/wheeltec/wheeltec_ros2/install/lslidar_msgs/share/lslidar_msgs/srv/MotorControl.idl
[4.691s] -- Up-to-date symlink: /home/wheeltec/wheeltec_ros2/install/lslidar_msgs/share/lslidar_msgs/srv/MotorSpeed.idl
[4.693s] -- Up-to-date symlink: /home/wheeltec/wheeltec_ros2/install/lslidar_msgs/share/lslidar_msgs/srv/PowerControl.idl
[4.694s] -- Up-to-date symlink: /home/wheeltec/wheeltec_ros2/install/lslidar_msgs/share/lslidar_msgs/srv/RfdRemoval.idl
[4.694s] -- Up-to-date symlink: /home/wheeltec/wheeltec_ros2/install/lslidar_msgs/share/lslidar_msgs/srv/StandbyMode.idl
[4.695s] -- Up-to-date symlink: /home/wheeltec/wheeltec_ros2/install/lslidar_msgs/share/lslidar_msgs/srv/TailRemoval.idl
[4.696s] -- Up-to-date symlink: /home/wheeltec/wheeltec_ros2/install/lslidar_msgs/share/lslidar_msgs/srv/TimeMode.idl
[4.697s] -- Up-to-date symlink: /home/wheeltec/wheeltec_ros2/install/lslidar_msgs/share/lslidar_msgs/msg/LslidarInformation.msg
[4.697s] -- Up-to-date symlink: /home/wheeltec/wheeltec_ros2/install/lslidar_msgs/share/lslidar_msgs/msg/LslidarPacket.msg
[4.698s] -- Up-to-date symlink: /home/wheeltec/wheeltec_ros2/install/lslidar_msgs/share/lslidar_msgs/srv/AngleDistortionCorrection.srv
[4.699s] -- Up-to-date symlink: /home/wheeltec/wheeltec_ros2/install/lslidar_msgs/share/lslidar_msgs/srv/AngleDistortionCorrection_Request.msg
[4.700s] -- Up-to-date symlink: /home/wheeltec/wheeltec_ros2/install/lslidar_msgs/share/lslidar_msgs/srv/AngleDistortionCorrection_Response.msg
[4.703s] -- Up-to-date symlink: /home/wheeltec/wheeltec_ros2/install/lslidar_msgs/share/lslidar_msgs/srv/FrameRate.srv
[4.704s] -- Up-to-date symlink: /home/wheeltec/wheeltec_ros2/install/lslidar_msgs/share/lslidar_msgs/srv/FrameRate_Request.msg
[4.704s] -- Up-to-date symlink: /home/wheeltec/wheeltec_ros2/install/lslidar_msgs/share/lslidar_msgs/srv/FrameRate_Response.msg
[4.705s] -- Up-to-date symlink: /home/wheeltec/wheeltec_ros2/install/lslidar_msgs/share/lslidar_msgs/srv/InvalidData.srv
[4.706s] -- Up-to-date symlink: /home/wheeltec/wheeltec_ros2/install/lslidar_msgs/share/lslidar_msgs/srv/InvalidData_Request.msg
[4.706s] -- Up-to-date symlink: /home/wheeltec/wheeltec_ros2/install/lslidar_msgs/share/lslidar_msgs/srv/InvalidData_Response.msg
[4.707s] -- Up-to-date symlink: /home/wheeltec/wheeltec_ros2/install/lslidar_msgs/share/lslidar_msgs/srv/IpAndPort.srv
[4.708s] -- Up-to-date symlink: /home/wheeltec/wheeltec_ros2/install/lslidar_msgs/share/lslidar_msgs/srv/IpAndPort_Request.msg
[4.713s] -- Up-to-date symlink: /home/wheeltec/wheeltec_ros2/install/lslidar_msgs/share/lslidar_msgs/srv/IpAndPort_Response.msg
[4.715s] -- Up-to-date symlink: /home/wheeltec/wheeltec_ros2/install/lslidar_msgs/share/lslidar_msgs/srv/MotorControl.srv
[4.716s] -- Up-to-date symlink: /home/wheeltec/wheeltec_ros2/install/lslidar_msgs/share/lslidar_msgs/srv/MotorControl_Request.msg
[4.716s] -- Up-to-date symlink: /home/wheeltec/wheeltec_ros2/install/lslidar_msgs/share/lslidar_msgs/srv/MotorControl_Response.msg
[4.717s] -- Up-to-date symlink: /home/wheeltec/wheeltec_ros2/install/lslidar_msgs/share/lslidar_msgs/srv/MotorSpeed.srv
[4.718s] -- Up-to-date symlink: /home/wheeltec/wheeltec_ros2/install/lslidar_msgs/share/lslidar_msgs/srv/MotorSpeed_Request.msg
[4.718s] -- Up-to-date symlink: /home/wheeltec/wheeltec_ros2/install/lslidar_msgs/share/lslidar_msgs/srv/MotorSpeed_Response.msg
[4.719s] -- Up-to-date symlink: /home/wheeltec/wheeltec_ros2/install/lslidar_msgs/share/lslidar_msgs/srv/PowerControl.srv
[4.720s] -- Up-to-date symlink: /home/wheeltec/wheeltec_ros2/install/lslidar_msgs/share/lslidar_msgs/srv/PowerControl_Request.msg
[4.721s] -- Up-to-date symlink: /home/wheeltec/wheeltec_ros2/install/lslidar_msgs/share/lslidar_msgs/srv/PowerControl_Response.msg
[4.723s] -- Up-to-date symlink: /home/wheeltec/wheeltec_ros2/install/lslidar_msgs/share/lslidar_msgs/srv/RfdRemoval.srv
[4.723s] -- Up-to-date symlink: /home/wheeltec/wheeltec_ros2/install/lslidar_msgs/share/lslidar_msgs/srv/RfdRemoval_Request.msg
[4.724s] -- Up-to-date symlink: /home/wheeltec/wheeltec_ros2/install/lslidar_msgs/share/lslidar_msgs/srv/RfdRemoval_Response.msg
[4.725s] -- Up-to-date symlink: /home/wheeltec/wheeltec_ros2/install/lslidar_msgs/share/lslidar_msgs/srv/StandbyMode.srv
[4.729s] -- Up-to-date symlink: /home/wheeltec/wheeltec_ros2/install/lslidar_msgs/share/lslidar_msgs/srv/StandbyMode_Request.msg
[4.730s] -- Up-to-date symlink: /home/wheeltec/wheeltec_ros2/install/lslidar_msgs/share/lslidar_msgs/srv/StandbyMode_Response.msg
[4.731s] -- Up-to-date symlink: /home/wheeltec/wheeltec_ros2/install/lslidar_msgs/share/lslidar_msgs/srv/TailRemoval.srv
[4.731s] -- Up-to-date symlink: /home/wheeltec/wheeltec_ros2/install/lslidar_msgs/share/lslidar_msgs/srv/TailRemoval_Request.msg
[4.732s] -- Up-to-date symlink: /home/wheeltec/wheeltec_ros2/install/lslidar_msgs/share/lslidar_msgs/srv/TailRemoval_Response.msg
[4.733s] -- Up-to-date symlink: /home/wheeltec/wheeltec_ros2/install/lslidar_msgs/share/lslidar_msgs/srv/TimeMode.srv
[4.734s] -- Up-to-date symlink: /home/wheeltec/wheeltec_ros2/install/lslidar_msgs/share/lslidar_msgs/srv/TimeMode_Request.msg
[4.734s] -- Up-to-date symlink: /home/wheeltec/wheeltec_ros2/install/lslidar_msgs/share/lslidar_msgs/srv/TimeMode_Response.msg
[4.735s] -- Up-to-date symlink: /home/wheeltec/wheeltec_ros2/install/lslidar_msgs/share/ament_index/resource_index/package_run_dependencies/lslidar_msgs
[4.740s] -- Up-to-date symlink: /home/wheeltec/wheeltec_ros2/install/lslidar_msgs/share/ament_index/resource_index/parent_prefix_path/lslidar_msgs
[4.740s] -- Up-to-date symlink: /home/wheeltec/wheeltec_ros2/install/lslidar_msgs/share/lslidar_msgs/environment/ament_prefix_path.sh
[4.741s] -- Up-to-date symlink: /home/wheeltec/wheeltec_ros2/install/lslidar_msgs/share/lslidar_msgs/environment/ament_prefix_path.dsv
[4.742s] -- Up-to-date symlink: /home/wheeltec/wheeltec_ros2/install/lslidar_msgs/share/lslidar_msgs/environment/path.sh
[4.742s] -- Up-to-date symlink: /home/wheeltec/wheeltec_ros2/install/lslidar_msgs/share/lslidar_msgs/environment/path.dsv
[4.743s] -- Up-to-date symlink: /home/wheeltec/wheeltec_ros2/install/lslidar_msgs/share/lslidar_msgs/local_setup.bash
[4.744s] -- Up-to-date symlink: /home/wheeltec/wheeltec_ros2/install/lslidar_msgs/share/lslidar_msgs/local_setup.sh
[4.745s] -- Up-to-date symlink: /home/wheeltec/wheeltec_ros2/install/lslidar_msgs/share/lslidar_msgs/local_setup.zsh
[4.745s] -- Up-to-date symlink: /home/wheeltec/wheeltec_ros2/install/lslidar_msgs/share/lslidar_msgs/local_setup.dsv
[4.745s] -- Symlinking: /home/wheeltec/wheeltec_ros2/install/lslidar_msgs/share/lslidar_msgs/package.dsv
[4.916s] -- Up-to-date symlink: /home/wheeltec/wheeltec_ros2/install/lslidar_msgs/share/ament_index/resource_index/packages/lslidar_msgs
[4.916s] -- Up-to-date symlink: /home/wheeltec/wheeltec_ros2/install/lslidar_msgs/share/lslidar_msgs/cmake/rosidl_cmake-extras.cmake
[4.917s] -- Up-to-date symlink: /home/wheeltec/wheeltec_ros2/install/lslidar_msgs/share/lslidar_msgs/cmake/ament_cmake_export_dependencies-extras.cmake
[4.917s] -- Up-to-date symlink: /home/wheeltec/wheeltec_ros2/install/lslidar_msgs/share/lslidar_msgs/cmake/ament_cmake_export_include_directories-extras.cmake
[4.917s] -- Up-to-date symlink: /home/wheeltec/wheeltec_ros2/install/lslidar_msgs/share/lslidar_msgs/cmake/ament_cmake_export_libraries-extras.cmake
[4.918s] -- Up-to-date symlink: /home/wheeltec/wheeltec_ros2/install/lslidar_msgs/share/lslidar_msgs/cmake/ament_cmake_export_targets-extras.cmake
[4.918s] -- Up-to-date symlink: /home/wheeltec/wheeltec_ros2/install/lslidar_msgs/share/lslidar_msgs/cmake/rosidl_cmake_export_typesupport_targets-extras.cmake
[4.918s] -- Up-to-date symlink: /home/wheeltec/wheeltec_ros2/install/lslidar_msgs/share/lslidar_msgs/cmake/rosidl_cmake_export_typesupport_libraries-extras.cmake
[4.920s] -- Up-to-date symlink: /home/wheeltec/wheeltec_ros2/install/lslidar_msgs/share/lslidar_msgs/cmake/lslidar_msgsConfig.cmake
[4.920s] -- Up-to-date symlink: /home/wheeltec/wheeltec_ros2/install/lslidar_msgs/share/lslidar_msgs/cmake/lslidar_msgsConfig-version.cmake
[4.920s] -- Up-to-date symlink: /home/wheeltec/wheeltec_ros2/install/lslidar_msgs/share/lslidar_msgs/package.xml
[4.923s] -- Up-to-date: /home/wheeltec/wheeltec_ros2/install/lslidar_msgs/lib/liblslidar_msgs__rosidl_generator_c.so
[4.923s] -- Up-to-date: /home/wheeltec/wheeltec_ros2/install/lslidar_msgs/lib/liblslidar_msgs__rosidl_typesupport_fastrtps_c.so
[4.925s] -- Up-to-date: /home/wheeltec/wheeltec_ros2/install/lslidar_msgs/lib/liblslidar_msgs__rosidl_typesupport_introspection_c.so
[4.926s] -- Up-to-date: /home/wheeltec/wheeltec_ros2/install/lslidar_msgs/lib/liblslidar_msgs__rosidl_typesupport_c.so
[4.927s] -- Up-to-date: /home/wheeltec/wheeltec_ros2/install/lslidar_msgs/lib/liblslidar_msgs__rosidl_typesupport_fastrtps_cpp.so
[4.930s] -- Up-to-date: /home/wheeltec/wheeltec_ros2/install/lslidar_msgs/lib/liblslidar_msgs__rosidl_typesupport_introspection_cpp.so
[4.930s] -- Up-to-date: /home/wheeltec/wheeltec_ros2/install/lslidar_msgs/lib/liblslidar_msgs__rosidl_typesupport_cpp.so
[5.338s] Listing '/home/wheeltec/wheeltec_ros2/install/lslidar_msgs/local/lib/python3.10/dist-packages/lslidar_msgs'...
[5.338s] Listing '/home/wheeltec/wheeltec_ros2/install/lslidar_msgs/local/lib/python3.10/dist-packages/lslidar_msgs/msg'...
[5.338s] Listing '/home/wheeltec/wheeltec_ros2/install/lslidar_msgs/local/lib/python3.10/dist-packages/lslidar_msgs/srv'...
[5.369s] -- Up-to-date: /home/wheeltec/wheeltec_ros2/install/lslidar_msgs/lib/liblslidar_msgs__rosidl_generator_py.so
[5.370s] -- Up-to-date: /home/wheeltec/wheeltec_ros2/install/lslidar_msgs/share/lslidar_msgs/cmake/export_lslidar_msgs__rosidl_generator_cExport.cmake
[5.371s] -- Up-to-date: /home/wheeltec/wheeltec_ros2/install/lslidar_msgs/share/lslidar_msgs/cmake/export_lslidar_msgs__rosidl_generator_cExport-noconfig.cmake
[5.371s] -- Up-to-date: /home/wheeltec/wheeltec_ros2/install/lslidar_msgs/share/lslidar_msgs/cmake/export_lslidar_msgs__rosidl_typesupport_fastrtps_cExport.cmake
[5.371s] -- Up-to-date: /home/wheeltec/wheeltec_ros2/install/lslidar_msgs/share/lslidar_msgs/cmake/export_lslidar_msgs__rosidl_typesupport_fastrtps_cExport-noconfig.cmake
[5.372s] -- Up-to-date: /home/wheeltec/wheeltec_ros2/install/lslidar_msgs/share/lslidar_msgs/cmake/lslidar_msgs__rosidl_typesupport_introspection_cExport.cmake
[5.374s] -- Up-to-date: /home/wheeltec/wheeltec_ros2/install/lslidar_msgs/share/lslidar_msgs/cmake/lslidar_msgs__rosidl_typesupport_introspection_cExport-noconfig.cmake
[5.375s] -- Up-to-date: /home/wheeltec/wheeltec_ros2/install/lslidar_msgs/share/lslidar_msgs/cmake/lslidar_msgs__rosidl_typesupport_cExport.cmake
[5.375s] -- Up-to-date: /home/wheeltec/wheeltec_ros2/install/lslidar_msgs/share/lslidar_msgs/cmake/lslidar_msgs__rosidl_typesupport_cExport-noconfig.cmake
[5.375s] -- Up-to-date: /home/wheeltec/wheeltec_ros2/install/lslidar_msgs/share/lslidar_msgs/cmake/export_lslidar_msgs__rosidl_generator_cppExport.cmake
[5.375s] -- Up-to-date: /home/wheeltec/wheeltec_ros2/install/lslidar_msgs/share/lslidar_msgs/cmake/export_lslidar_msgs__rosidl_typesupport_fastrtps_cppExport.cmake
[5.375s] -- Up-to-date: /home/wheeltec/wheeltec_ros2/install/lslidar_msgs/share/lslidar_msgs/cmake/export_lslidar_msgs__rosidl_typesupport_fastrtps_cppExport-noconfig.cmake
[5.375s] -- Up-to-date: /home/wheeltec/wheeltec_ros2/install/lslidar_msgs/share/lslidar_msgs/cmake/lslidar_msgs__rosidl_typesupport_introspection_cppExport.cmake
[5.375s] -- Up-to-date: /home/wheeltec/wheeltec_ros2/install/lslidar_msgs/share/lslidar_msgs/cmake/lslidar_msgs__rosidl_typesupport_introspection_cppExport-noconfig.cmake
[5.375s] -- Up-to-date: /home/wheeltec/wheeltec_ros2/install/lslidar_msgs/share/lslidar_msgs/cmake/lslidar_msgs__rosidl_typesupport_cppExport.cmake
[5.375s] -- Up-to-date: /home/wheeltec/wheeltec_ros2/install/lslidar_msgs/share/lslidar_msgs/cmake/lslidar_msgs__rosidl_typesupport_cppExport-noconfig.cmake
[5.376s] -- Up-to-date: /home/wheeltec/wheeltec_ros2/install/lslidar_msgs/share/lslidar_msgs/cmake/export_lslidar_msgs__rosidl_generator_pyExport.cmake
[5.376s] -- Up-to-date: /home/wheeltec/wheeltec_ros2/install/lslidar_msgs/share/lslidar_msgs/cmake/export_lslidar_msgs__rosidl_generator_pyExport-noconfig.cmake
[5.383s] Invoked command in '/home/wheeltec/wheeltec_ros2/build/lslidar_msgs' returned '0': CMAKE_PREFIX_PATH=${CMAKE_PREFIX_PATH}:/home/wheeltec/wheeltec_ros2/install/simple_follower_ros2:/home/wheeltec/wheeltec_ros2/install/wheeltec_robot_keyboard:/home/wheeltec/wheeltec_ros2/install/wheeltec_dual_rtk_driver:/home/wheeltec/wheeltec_ros2/install/ultralytics_ros2:/home/wheeltec/wheeltec_ros2/install/tf2_tools:/home/wheeltec/wheeltec_ros2/install/ollama_ros_chat:/home/wheeltec/wheeltec_ros2/install/nmea_navsat_driver:/home/wheeltec/wheeltec_ros2/install/nav2_waypoint_cycle:/home/wheeltec/wheeltec_ros2/install/nav2_simple_commander:/home/wheeltec/wheeltec_ros2/install/auto_recharge_ros2:/home/wheeltec/autoware/install/autoware_wheeltec_interface:/home/wheeltec/autoware/install/ad_api_visualizers:/opt/ros/humble /usr/bin/cmake --install /home/wheeltec/wheeltec_ros2/build/lslidar_msgs
