[0.320s] Invoking command in '/home/wheeltec/wheeltec_ros2/build/wheeltec_robot_rtab': CMAKE_PREFIX_PATH=${CMAKE_PREFIX_PATH}:/home/wheeltec/wheeltec_ros2/install/wheeltec_robot_keyboard:/home/wheeltec/wheeltec_ros2/install/wheeltec_dual_rtk_driver:/home/wheeltec/wheeltec_ros2/install/ultralytics_ros2:/home/wheeltec/wheeltec_ros2/install/tf2_tools:/home/wheeltec/wheeltec_ros2/install/nav2_waypoint_cycle:/home/wheeltec/wheeltec_ros2/install/nav2_simple_commander:/home/wheeltec/wheeltec_ros2/install/auto_recharge_ros2:/home/wheeltec/autoware/install/autoware_wheeltec_interface:/home/wheeltec/autoware/install/ad_api_visualizers:/opt/ros/humble /usr/bin/cmake /home/wheeltec/wheeltec_ros2/src/wheeltec_robot_rtab -DAMENT_CMAKE_SYMLINK_INSTALL=1 -DCMAKE_INSTALL_PREFIX=/home/wheeltec/wheeltec_ros2/install/wheeltec_robot_rtab
[0.852s] -- The C compiler identification is GNU 11.4.0
[1.097s] -- The CXX compiler identification is GNU 11.4.0
[1.121s] -- Detecting C compiler ABI info
[1.586s] -- Detecting C compiler ABI info - done
[1.609s] -- Check for working C compiler: /usr/bin/cc - skipped
[1.610s] -- Detecting C compile features
[1.611s] -- Detecting C compile features - done
[1.636s] -- Detecting CXX compiler ABI info
[2.191s] -- Detecting CXX compiler ABI info - done
[2.198s] -- Check for working CXX compiler: /usr/bin/c++ - skipped
[2.208s] -- Detecting CXX compile features
[2.209s] -- Detecting CXX compile features - done
[2.330s] -- Found ament_cmake: 1.3.7 (/home/wheeltec/autoware/install/ament_cmake/share/ament_cmake/cmake)
[4.331s] -- Found Python3: /usr/bin/python3.10 (found version "3.10.12") found components: Interpreter 
[4.750s] -- Override CMake install command with custom implementation using symlinks instead of copying resources
[6.034s] -- Found ament_lint_auto: 0.12.11 (/opt/ros/humble/share/ament_lint_auto/cmake)
[7.185s] -- Added test 'copyright' to check source files copyright and LICENSE
[7.221s] -- Added test 'flake8' to check Python code syntax and style conventions
[7.249s] -- Added test 'lint_cmake' to check CMake code style
[7.271s] -- Added test 'pep257' to check Python code against some of the docstring style conventions in PEP 257
[7.296s] -- Added test 'xmllint' to check XML markup files
[7.342s] -- Configuring done
[7.350s] -- Generating done
[7.354s] -- Build files have been written to: /home/wheeltec/wheeltec_ros2/build/wheeltec_robot_rtab
[7.372s] Invoked command in '/home/wheeltec/wheeltec_ros2/build/wheeltec_robot_rtab' returned '0': CMAKE_PREFIX_PATH=${CMAKE_PREFIX_PATH}:/home/wheeltec/wheeltec_ros2/install/wheeltec_robot_keyboard:/home/wheeltec/wheeltec_ros2/install/wheeltec_dual_rtk_driver:/home/wheeltec/wheeltec_ros2/install/ultralytics_ros2:/home/wheeltec/wheeltec_ros2/install/tf2_tools:/home/wheeltec/wheeltec_ros2/install/nav2_waypoint_cycle:/home/wheeltec/wheeltec_ros2/install/nav2_simple_commander:/home/wheeltec/wheeltec_ros2/install/auto_recharge_ros2:/home/wheeltec/autoware/install/autoware_wheeltec_interface:/home/wheeltec/autoware/install/ad_api_visualizers:/opt/ros/humble /usr/bin/cmake /home/wheeltec/wheeltec_ros2/src/wheeltec_robot_rtab -DAMENT_CMAKE_SYMLINK_INSTALL=1 -DCMAKE_INSTALL_PREFIX=/home/wheeltec/wheeltec_ros2/install/wheeltec_robot_rtab
[7.374s] Invoking command in '/home/wheeltec/wheeltec_ros2/build/wheeltec_robot_rtab': CMAKE_PREFIX_PATH=${CMAKE_PREFIX_PATH}:/home/wheeltec/wheeltec_ros2/install/wheeltec_robot_keyboard:/home/wheeltec/wheeltec_ros2/install/wheeltec_dual_rtk_driver:/home/wheeltec/wheeltec_ros2/install/ultralytics_ros2:/home/wheeltec/wheeltec_ros2/install/tf2_tools:/home/wheeltec/wheeltec_ros2/install/nav2_waypoint_cycle:/home/wheeltec/wheeltec_ros2/install/nav2_simple_commander:/home/wheeltec/wheeltec_ros2/install/auto_recharge_ros2:/home/wheeltec/autoware/install/autoware_wheeltec_interface:/home/wheeltec/autoware/install/ad_api_visualizers:/opt/ros/humble /usr/bin/cmake --build /home/wheeltec/wheeltec_ros2/build/wheeltec_robot_rtab -- -j6 -l6
[7.548s] Invoked command in '/home/wheeltec/wheeltec_ros2/build/wheeltec_robot_rtab' returned '0': CMAKE_PREFIX_PATH=${CMAKE_PREFIX_PATH}:/home/wheeltec/wheeltec_ros2/install/wheeltec_robot_keyboard:/home/wheeltec/wheeltec_ros2/install/wheeltec_dual_rtk_driver:/home/wheeltec/wheeltec_ros2/install/ultralytics_ros2:/home/wheeltec/wheeltec_ros2/install/tf2_tools:/home/wheeltec/wheeltec_ros2/install/nav2_waypoint_cycle:/home/wheeltec/wheeltec_ros2/install/nav2_simple_commander:/home/wheeltec/wheeltec_ros2/install/auto_recharge_ros2:/home/wheeltec/autoware/install/autoware_wheeltec_interface:/home/wheeltec/autoware/install/ad_api_visualizers:/opt/ros/humble /usr/bin/cmake --build /home/wheeltec/wheeltec_ros2/build/wheeltec_robot_rtab -- -j6 -l6
[7.560s] Invoking command in '/home/wheeltec/wheeltec_ros2/build/wheeltec_robot_rtab': CMAKE_PREFIX_PATH=${CMAKE_PREFIX_PATH}:/home/wheeltec/wheeltec_ros2/install/wheeltec_robot_keyboard:/home/wheeltec/wheeltec_ros2/install/wheeltec_dual_rtk_driver:/home/wheeltec/wheeltec_ros2/install/ultralytics_ros2:/home/wheeltec/wheeltec_ros2/install/tf2_tools:/home/wheeltec/wheeltec_ros2/install/nav2_waypoint_cycle:/home/wheeltec/wheeltec_ros2/install/nav2_simple_commander:/home/wheeltec/wheeltec_ros2/install/auto_recharge_ros2:/home/wheeltec/autoware/install/autoware_wheeltec_interface:/home/wheeltec/autoware/install/ad_api_visualizers:/opt/ros/humble /usr/bin/cmake --install /home/wheeltec/wheeltec_ros2/build/wheeltec_robot_rtab
[7.770s] -- Install configuration: ""
[7.770s] -- Execute custom install script
[7.770s] -- Symlinking: /home/wheeltec/wheeltec_ros2/install/wheeltec_robot_rtab/share/wheeltec_robot_rtab/launch/rtabmap.launch.py
[7.771s] -- Symlinking: /home/wheeltec/wheeltec_ros2/install/wheeltec_robot_rtab/share/wheeltec_robot_rtab/launch/rtabmap_localization.launch.py
[7.771s] -- Symlinking: /home/wheeltec/wheeltec_ros2/install/wheeltec_robot_rtab/share/wheeltec_robot_rtab/launch/rtabmap_localization_pure3d.launch.py
[7.771s] -- Symlinking: /home/wheeltec/wheeltec_ros2/install/wheeltec_robot_rtab/share/wheeltec_robot_rtab/launch/wheeltec_nav2_rtab.launch.py
[7.771s] -- Symlinking: /home/wheeltec/wheeltec_ros2/install/wheeltec_robot_rtab/share/wheeltec_robot_rtab/launch/wheeltec_nav2_rtab_pure3d.launch.py
[7.816s] -- Symlinking: /home/wheeltec/wheeltec_ros2/install/wheeltec_robot_rtab/share/wheeltec_robot_rtab/launch/wheeltec_slam_rtab.launch.py
[7.850s] -- Symlinking: /home/wheeltec/wheeltec_ros2/install/wheeltec_robot_rtab/share/wheeltec_robot_rtab/launch/wheeltec_slam_rtab_pure3d.launch.py
[7.893s] -- Symlinking: /home/wheeltec/wheeltec_ros2/install/wheeltec_robot_rtab/share/wheeltec_robot_rtab/params/rtabmap_nav_params.yaml
[7.942s] -- Symlinking: /home/wheeltec/wheeltec_ros2/install/wheeltec_robot_rtab/share/wheeltec_robot_rtab/params/rtabmap_nav_params_pure3d.yaml
[7.983s] -- Symlinking: /home/wheeltec/wheeltec_ros2/install/wheeltec_robot_rtab/share/ament_index/resource_index/package_run_dependencies/wheeltec_robot_rtab
[8.024s] -- Symlinking: /home/wheeltec/wheeltec_ros2/install/wheeltec_robot_rtab/share/ament_index/resource_index/parent_prefix_path/wheeltec_robot_rtab
[8.070s] -- Symlinking: /home/wheeltec/wheeltec_ros2/install/wheeltec_robot_rtab/share/wheeltec_robot_rtab/environment/ament_prefix_path.sh
[8.091s] -- Symlinking: /home/wheeltec/wheeltec_ros2/install/wheeltec_robot_rtab/share/wheeltec_robot_rtab/environment/ament_prefix_path.dsv
[8.122s] -- Symlinking: /home/wheeltec/wheeltec_ros2/install/wheeltec_robot_rtab/share/wheeltec_robot_rtab/environment/path.sh
[8.161s] -- Symlinking: /home/wheeltec/wheeltec_ros2/install/wheeltec_robot_rtab/share/wheeltec_robot_rtab/environment/path.dsv
[8.188s] -- Symlinking: /home/wheeltec/wheeltec_ros2/install/wheeltec_robot_rtab/share/wheeltec_robot_rtab/local_setup.bash
[8.205s] -- Symlinking: /home/wheeltec/wheeltec_ros2/install/wheeltec_robot_rtab/share/wheeltec_robot_rtab/local_setup.sh
[8.225s] -- Symlinking: /home/wheeltec/wheeltec_ros2/install/wheeltec_robot_rtab/share/wheeltec_robot_rtab/local_setup.zsh
[8.266s] -- Symlinking: /home/wheeltec/wheeltec_ros2/install/wheeltec_robot_rtab/share/wheeltec_robot_rtab/local_setup.dsv
[8.315s] -- Symlinking: /home/wheeltec/wheeltec_ros2/install/wheeltec_robot_rtab/share/wheeltec_robot_rtab/package.dsv
[8.372s] -- Symlinking: /home/wheeltec/wheeltec_ros2/install/wheeltec_robot_rtab/share/ament_index/resource_index/packages/wheeltec_robot_rtab
[8.405s] -- Symlinking: /home/wheeltec/wheeltec_ros2/install/wheeltec_robot_rtab/share/wheeltec_robot_rtab/cmake/wheeltec_robot_rtabConfig.cmake
[8.448s] -- Symlinking: /home/wheeltec/wheeltec_ros2/install/wheeltec_robot_rtab/share/wheeltec_robot_rtab/cmake/wheeltec_robot_rtabConfig-version.cmake
[8.495s] -- Symlinking: /home/wheeltec/wheeltec_ros2/install/wheeltec_robot_rtab/share/wheeltec_robot_rtab/package.xml
[8.553s] Invoked command in '/home/wheeltec/wheeltec_ros2/build/wheeltec_robot_rtab' returned '0': CMAKE_PREFIX_PATH=${CMAKE_PREFIX_PATH}:/home/wheeltec/wheeltec_ros2/install/wheeltec_robot_keyboard:/home/wheeltec/wheeltec_ros2/install/wheeltec_dual_rtk_driver:/home/wheeltec/wheeltec_ros2/install/ultralytics_ros2:/home/wheeltec/wheeltec_ros2/install/tf2_tools:/home/wheeltec/wheeltec_ros2/install/nav2_waypoint_cycle:/home/wheeltec/wheeltec_ros2/install/nav2_simple_commander:/home/wheeltec/wheeltec_ros2/install/auto_recharge_ros2:/home/wheeltec/autoware/install/autoware_wheeltec_interface:/home/wheeltec/autoware/install/ad_api_visualizers:/opt/ros/humble /usr/bin/cmake --install /home/wheeltec/wheeltec_ros2/build/wheeltec_robot_rtab
