[0.264s] Invoking command in '/home/wheeltec/wheeltec_ros2/build/aruco': CMAKE_PREFIX_PATH=${CMAKE_PREFIX_PATH}:/home/wheeltec/wheeltec_ros2/install/simple_follower_ros2:/home/wheeltec/wheeltec_ros2/install/wheeltec_robot_keyboard:/home/wheeltec/wheeltec_ros2/install/wheeltec_dual_rtk_driver:/home/wheeltec/wheeltec_ros2/install/ultralytics_ros2:/home/wheeltec/wheeltec_ros2/install/tf2_tools:/home/wheeltec/wheeltec_ros2/install/ollama_ros_chat:/home/wheeltec/wheeltec_ros2/install/nmea_navsat_driver:/home/wheeltec/wheeltec_ros2/install/nav2_waypoint_cycle:/home/wheeltec/wheeltec_ros2/install/nav2_simple_commander:/home/wheeltec/wheeltec_ros2/install/auto_recharge_ros2:/home/wheeltec/autoware/install/autoware_wheeltec_interface:/home/wheeltec/autoware/install/ad_api_visualizers:/opt/ros/humble /usr/bin/cmake --build /home/wheeltec/wheeltec_ros2/build/aruco -- -j6 -l6
[1.159s] [100%] Built target aruco
[1.349s] Invoked command in '/home/wheeltec/wheeltec_ros2/build/aruco' returned '0': CMAKE_PREFIX_PATH=${CMAKE_PREFIX_PATH}:/home/wheeltec/wheeltec_ros2/install/simple_follower_ros2:/home/wheeltec/wheeltec_ros2/install/wheeltec_robot_keyboard:/home/wheeltec/wheeltec_ros2/install/wheeltec_dual_rtk_driver:/home/wheeltec/wheeltec_ros2/install/ultralytics_ros2:/home/wheeltec/wheeltec_ros2/install/tf2_tools:/home/wheeltec/wheeltec_ros2/install/ollama_ros_chat:/home/wheeltec/wheeltec_ros2/install/nmea_navsat_driver:/home/wheeltec/wheeltec_ros2/install/nav2_waypoint_cycle:/home/wheeltec/wheeltec_ros2/install/nav2_simple_commander:/home/wheeltec/wheeltec_ros2/install/auto_recharge_ros2:/home/wheeltec/autoware/install/autoware_wheeltec_interface:/home/wheeltec/autoware/install/ad_api_visualizers:/opt/ros/humble /usr/bin/cmake --build /home/wheeltec/wheeltec_ros2/build/aruco -- -j6 -l6
[1.370s] Invoking command in '/home/wheeltec/wheeltec_ros2/build/aruco': CMAKE_PREFIX_PATH=${CMAKE_PREFIX_PATH}:/home/wheeltec/wheeltec_ros2/install/simple_follower_ros2:/home/wheeltec/wheeltec_ros2/install/wheeltec_robot_keyboard:/home/wheeltec/wheeltec_ros2/install/wheeltec_dual_rtk_driver:/home/wheeltec/wheeltec_ros2/install/ultralytics_ros2:/home/wheeltec/wheeltec_ros2/install/tf2_tools:/home/wheeltec/wheeltec_ros2/install/ollama_ros_chat:/home/wheeltec/wheeltec_ros2/install/nmea_navsat_driver:/home/wheeltec/wheeltec_ros2/install/nav2_waypoint_cycle:/home/wheeltec/wheeltec_ros2/install/nav2_simple_commander:/home/wheeltec/wheeltec_ros2/install/auto_recharge_ros2:/home/wheeltec/autoware/install/autoware_wheeltec_interface:/home/wheeltec/autoware/install/ad_api_visualizers:/opt/ros/humble /usr/bin/cmake --install /home/wheeltec/wheeltec_ros2/build/aruco
[1.545s] -- Install configuration: ""
[1.545s] -- Execute custom install script
[1.546s] -- Up-to-date symlink: /home/wheeltec/wheeltec_ros2/install/aruco/lib/libaruco.so
[1.546s] -- Up-to-date symlink: /home/wheeltec/wheeltec_ros2/install/aruco/include/aruco/aruco.h
[1.546s] -- Up-to-date symlink: /home/wheeltec/wheeltec_ros2/install/aruco/include/aruco/aruco_cvversioning.h
[1.546s] -- Up-to-date symlink: /home/wheeltec/wheeltec_ros2/install/aruco/include/aruco/aruco_export.h
[1.546s] -- Up-to-date symlink: /home/wheeltec/wheeltec_ros2/install/aruco/include/aruco/cameraparameters.h
[1.546s] -- Up-to-date symlink: /home/wheeltec/wheeltec_ros2/install/aruco/include/aruco/cvdrawingutils.h
[1.546s] -- Up-to-date symlink: /home/wheeltec/wheeltec_ros2/install/aruco/include/aruco/debug.h
[1.546s] -- Up-to-date symlink: /home/wheeltec/wheeltec_ros2/install/aruco/include/aruco/dictionary.h
[1.546s] -- Up-to-date symlink: /home/wheeltec/wheeltec_ros2/install/aruco/include/aruco/dictionary_based.h
[1.546s] -- Up-to-date symlink: /home/wheeltec/wheeltec_ros2/install/aruco/include/aruco/fractaldetector.h
[1.546s] -- Up-to-date symlink: /home/wheeltec/wheeltec_ros2/install/aruco/include/aruco/fractallabelers/fractallabeler.h
[1.546s] -- Up-to-date symlink: /home/wheeltec/wheeltec_ros2/install/aruco/include/aruco/fractallabelers/fractalmarker.h
[1.547s] -- Up-to-date symlink: /home/wheeltec/wheeltec_ros2/install/aruco/include/aruco/fractallabelers/fractalmarkerset.h
[1.547s] -- Up-to-date symlink: /home/wheeltec/wheeltec_ros2/install/aruco/include/aruco/fractallabelers/fractalposetracker.h
[1.547s] -- Up-to-date symlink: /home/wheeltec/wheeltec_ros2/install/aruco/include/aruco/ippe.h
[1.547s] -- Up-to-date symlink: /home/wheeltec/wheeltec_ros2/install/aruco/include/aruco/levmarq.h
[1.547s] -- Up-to-date symlink: /home/wheeltec/wheeltec_ros2/install/aruco/include/aruco/marker.h
[1.548s] -- Up-to-date symlink: /home/wheeltec/wheeltec_ros2/install/aruco/include/aruco/markerdetector.h
[1.548s] -- Up-to-date symlink: /home/wheeltec/wheeltec_ros2/install/aruco/include/aruco/markerdetector_impl.h
[1.548s] -- Up-to-date symlink: /home/wheeltec/wheeltec_ros2/install/aruco/include/aruco/markerlabeler.h
[1.548s] -- Up-to-date symlink: /home/wheeltec/wheeltec_ros2/install/aruco/include/aruco/markermap.h
[1.548s] -- Up-to-date symlink: /home/wheeltec/wheeltec_ros2/install/aruco/include/aruco/picoflann.h
[1.548s] -- Up-to-date symlink: /home/wheeltec/wheeltec_ros2/install/aruco/include/aruco/posetracker.h
[1.548s] -- Up-to-date symlink: /home/wheeltec/wheeltec_ros2/install/aruco/include/aruco/timers.h
[1.548s] -- Up-to-date symlink: /home/wheeltec/wheeltec_ros2/install/aruco/share/aruco/environment/library_path.sh
[1.549s] -- Up-to-date symlink: /home/wheeltec/wheeltec_ros2/install/aruco/share/aruco/environment/library_path.dsv
[1.549s] -- Up-to-date symlink: /home/wheeltec/wheeltec_ros2/install/aruco/share/ament_index/resource_index/package_run_dependencies/aruco
[1.550s] -- Up-to-date symlink: /home/wheeltec/wheeltec_ros2/install/aruco/share/ament_index/resource_index/parent_prefix_path/aruco
[1.550s] -- Up-to-date symlink: /home/wheeltec/wheeltec_ros2/install/aruco/share/aruco/environment/ament_prefix_path.sh
[1.551s] -- Up-to-date symlink: /home/wheeltec/wheeltec_ros2/install/aruco/share/aruco/environment/ament_prefix_path.dsv
[1.551s] -- Up-to-date symlink: /home/wheeltec/wheeltec_ros2/install/aruco/share/aruco/environment/path.sh
[1.552s] -- Up-to-date symlink: /home/wheeltec/wheeltec_ros2/install/aruco/share/aruco/environment/path.dsv
[1.552s] -- Up-to-date symlink: /home/wheeltec/wheeltec_ros2/install/aruco/share/aruco/local_setup.bash
[1.552s] -- Up-to-date symlink: /home/wheeltec/wheeltec_ros2/install/aruco/share/aruco/local_setup.sh
[1.553s] -- Up-to-date symlink: /home/wheeltec/wheeltec_ros2/install/aruco/share/aruco/local_setup.zsh
[1.553s] -- Up-to-date symlink: /home/wheeltec/wheeltec_ros2/install/aruco/share/aruco/local_setup.dsv
[1.553s] -- Symlinking: /home/wheeltec/wheeltec_ros2/install/aruco/share/aruco/package.dsv
[1.649s] -- Up-to-date symlink: /home/wheeltec/wheeltec_ros2/install/aruco/share/ament_index/resource_index/packages/aruco
[1.650s] -- Up-to-date symlink: /home/wheeltec/wheeltec_ros2/install/aruco/share/aruco/cmake/ament_cmake_export_include_directories-extras.cmake
[1.653s] -- Up-to-date symlink: /home/wheeltec/wheeltec_ros2/install/aruco/share/aruco/cmake/ament_cmake_export_libraries-extras.cmake
[1.654s] -- Up-to-date symlink: /home/wheeltec/wheeltec_ros2/install/aruco/share/aruco/cmake/arucoConfig.cmake
[1.654s] -- Up-to-date symlink: /home/wheeltec/wheeltec_ros2/install/aruco/share/aruco/cmake/arucoConfig-version.cmake
[1.655s] -- Up-to-date symlink: /home/wheeltec/wheeltec_ros2/install/aruco/share/aruco/package.xml
[1.773s] Invoked command in '/home/wheeltec/wheeltec_ros2/build/aruco' returned '0': CMAKE_PREFIX_PATH=${CMAKE_PREFIX_PATH}:/home/wheeltec/wheeltec_ros2/install/simple_follower_ros2:/home/wheeltec/wheeltec_ros2/install/wheeltec_robot_keyboard:/home/wheeltec/wheeltec_ros2/install/wheeltec_dual_rtk_driver:/home/wheeltec/wheeltec_ros2/install/ultralytics_ros2:/home/wheeltec/wheeltec_ros2/install/tf2_tools:/home/wheeltec/wheeltec_ros2/install/ollama_ros_chat:/home/wheeltec/wheeltec_ros2/install/nmea_navsat_driver:/home/wheeltec/wheeltec_ros2/install/nav2_waypoint_cycle:/home/wheeltec/wheeltec_ros2/install/nav2_simple_commander:/home/wheeltec/wheeltec_ros2/install/auto_recharge_ros2:/home/wheeltec/autoware/install/autoware_wheeltec_interface:/home/wheeltec/autoware/install/ad_api_visualizers:/opt/ros/humble /usr/bin/cmake --install /home/wheeltec/wheeltec_ros2/build/aruco
