[0.130s] Invoking command in '/home/wheeltec/wheeltec_ros2/build/lslidar_msgs': CMAKE_PREFIX_PATH=${CMAKE_PREFIX_PATH}:/home/wheeltec/wheeltec_ros2/install/wheeltec_robot_keyboard:/home/wheeltec/wheeltec_ros2/install/wheeltec_dual_rtk_driver:/home/wheeltec/wheeltec_ros2/install/ultralytics_ros2:/home/wheeltec/wheeltec_ros2/install/tf2_tools:/home/wheeltec/wheeltec_ros2/install/nav2_waypoint_cycle:/home/wheeltec/wheeltec_ros2/install/nav2_simple_commander:/home/wheeltec/wheeltec_ros2/install/auto_recharge_ros2:/home/wheeltec/autoware/install/autoware_wheeltec_interface:/home/wheeltec/autoware/install/ad_api_visualizers:/opt/ros/humble /usr/bin/cmake --build /home/wheeltec/wheeltec_ros2/build/lslidar_msgs -- -j6 -l6
[0.426s] [  0%] Built target lslidar_msgs__cpp
[0.427s] [ 12%] Built target lslidar_msgs__rosidl_generator_c
[0.427s] [ 12%] Built target ament_cmake_python_symlink_lslidar_msgs
[0.535s] [ 24%] Built target lslidar_msgs__rosidl_typesupport_fastrtps_cpp
[0.568s] [ 36%] Built target lslidar_msgs__rosidl_typesupport_introspection_cpp
[0.592s] [ 48%] Built target lslidar_msgs__rosidl_typesupport_c
[0.598s] [ 60%] Built target lslidar_msgs__rosidl_typesupport_cpp
[0.603s] [ 76%] Built target lslidar_msgs__rosidl_typesupport_introspection_c
[0.606s] [ 84%] Built target lslidar_msgs__rosidl_typesupport_fastrtps_c
[0.734s] [ 84%] Built target lslidar_msgs
[0.864s] [ 85%] Built target lslidar_msgs__py
[1.091s] [ 96%] Built target lslidar_msgs__rosidl_generator_py
[1.190s] [ 97%] Built target lslidar_msgs__rosidl_typesupport_fastrtps_c__pyext
[1.279s] [ 99%] Built target lslidar_msgs__rosidl_typesupport_introspection_c__pyext
[1.301s] [100%] Built target lslidar_msgs__rosidl_typesupport_c__pyext
[2.080s] running egg_info
[2.082s] writing lslidar_msgs.egg-info/PKG-INFO
[2.082s] writing dependency_links to lslidar_msgs.egg-info/dependency_links.txt
[2.083s] writing top-level names to lslidar_msgs.egg-info/top_level.txt
[2.094s] reading manifest file 'lslidar_msgs.egg-info/SOURCES.txt'
[2.096s] writing manifest file 'lslidar_msgs.egg-info/SOURCES.txt'
[2.177s] [100%] Built target ament_cmake_python_build_lslidar_msgs_egg
[2.201s] Invoked command in '/home/wheeltec/wheeltec_ros2/build/lslidar_msgs' returned '0': CMAKE_PREFIX_PATH=${CMAKE_PREFIX_PATH}:/home/wheeltec/wheeltec_ros2/install/wheeltec_robot_keyboard:/home/wheeltec/wheeltec_ros2/install/wheeltec_dual_rtk_driver:/home/wheeltec/wheeltec_ros2/install/ultralytics_ros2:/home/wheeltec/wheeltec_ros2/install/tf2_tools:/home/wheeltec/wheeltec_ros2/install/nav2_waypoint_cycle:/home/wheeltec/wheeltec_ros2/install/nav2_simple_commander:/home/wheeltec/wheeltec_ros2/install/auto_recharge_ros2:/home/wheeltec/autoware/install/autoware_wheeltec_interface:/home/wheeltec/autoware/install/ad_api_visualizers:/opt/ros/humble /usr/bin/cmake --build /home/wheeltec/wheeltec_ros2/build/lslidar_msgs -- -j6 -l6
[2.206s] Invoking command in '/home/wheeltec/wheeltec_ros2/build/lslidar_msgs': CMAKE_PREFIX_PATH=${CMAKE_PREFIX_PATH}:/home/wheeltec/wheeltec_ros2/install/wheeltec_robot_keyboard:/home/wheeltec/wheeltec_ros2/install/wheeltec_dual_rtk_driver:/home/wheeltec/wheeltec_ros2/install/ultralytics_ros2:/home/wheeltec/wheeltec_ros2/install/tf2_tools:/home/wheeltec/wheeltec_ros2/install/nav2_waypoint_cycle:/home/wheeltec/wheeltec_ros2/install/nav2_simple_commander:/home/wheeltec/wheeltec_ros2/install/auto_recharge_ros2:/home/wheeltec/autoware/install/autoware_wheeltec_interface:/home/wheeltec/autoware/install/ad_api_visualizers:/opt/ros/humble /usr/bin/cmake --install /home/wheeltec/wheeltec_ros2/build/lslidar_msgs
[2.227s] -- Install configuration: ""
[2.227s] -- Execute custom install script
[2.227s] -- Up-to-date symlink: /home/wheeltec/wheeltec_ros2/install/lslidar_msgs/share/ament_index/resource_index/rosidl_interfaces/lslidar_msgs
[2.227s] -- Up-to-date symlink: /home/wheeltec/wheeltec_ros2/install/lslidar_msgs/include/lslidar_msgs/lslidar_msgs/msg/detail/lslidar_information__functions.h
[2.227s] -- Up-to-date symlink: /home/wheeltec/wheeltec_ros2/install/lslidar_msgs/include/lslidar_msgs/lslidar_msgs/msg/detail/lslidar_information__struct.h
[2.227s] -- Up-to-date symlink: /home/wheeltec/wheeltec_ros2/install/lslidar_msgs/include/lslidar_msgs/lslidar_msgs/msg/detail/lslidar_information__type_support.h
[2.228s] -- Up-to-date symlink: /home/wheeltec/wheeltec_ros2/install/lslidar_msgs/include/lslidar_msgs/lslidar_msgs/msg/detail/lslidar_packet__functions.h
[2.229s] -- Up-to-date symlink: /home/wheeltec/wheeltec_ros2/install/lslidar_msgs/include/lslidar_msgs/lslidar_msgs/msg/detail/lslidar_packet__struct.h
[2.229s] -- Up-to-date symlink: /home/wheeltec/wheeltec_ros2/install/lslidar_msgs/include/lslidar_msgs/lslidar_msgs/msg/detail/lslidar_packet__type_support.h
[2.231s] -- Up-to-date symlink: /home/wheeltec/wheeltec_ros2/install/lslidar_msgs/include/lslidar_msgs/lslidar_msgs/msg/lslidar_information.h
[2.233s] -- Up-to-date symlink: /home/wheeltec/wheeltec_ros2/install/lslidar_msgs/include/lslidar_msgs/lslidar_msgs/msg/lslidar_packet.h
[2.234s] -- Up-to-date symlink: /home/wheeltec/wheeltec_ros2/install/lslidar_msgs/include/lslidar_msgs/lslidar_msgs/msg/rosidl_generator_c__visibility_control.h
[2.234s] -- Up-to-date symlink: /home/wheeltec/wheeltec_ros2/install/lslidar_msgs/include/lslidar_msgs/lslidar_msgs/srv/angle_distortion_correction.h
[2.234s] -- Up-to-date symlink: /home/wheeltec/wheeltec_ros2/install/lslidar_msgs/include/lslidar_msgs/lslidar_msgs/srv/detail/angle_distortion_correction__functions.h
[2.234s] -- Up-to-date symlink: /home/wheeltec/wheeltec_ros2/install/lslidar_msgs/include/lslidar_msgs/lslidar_msgs/srv/detail/angle_distortion_correction__struct.h
[2.235s] -- Up-to-date symlink: /home/wheeltec/wheeltec_ros2/install/lslidar_msgs/include/lslidar_msgs/lslidar_msgs/srv/detail/angle_distortion_correction__type_support.h
[2.235s] -- Up-to-date symlink: /home/wheeltec/wheeltec_ros2/install/lslidar_msgs/include/lslidar_msgs/lslidar_msgs/srv/detail/frame_rate__functions.h
[2.235s] -- Up-to-date symlink: /home/wheeltec/wheeltec_ros2/install/lslidar_msgs/include/lslidar_msgs/lslidar_msgs/srv/detail/frame_rate__struct.h
[2.235s] -- Up-to-date symlink: /home/wheeltec/wheeltec_ros2/install/lslidar_msgs/include/lslidar_msgs/lslidar_msgs/srv/detail/frame_rate__type_support.h
[2.235s] -- Up-to-date symlink: /home/wheeltec/wheeltec_ros2/install/lslidar_msgs/include/lslidar_msgs/lslidar_msgs/srv/detail/invalid_data__functions.h
[2.236s] -- Up-to-date symlink: /home/wheeltec/wheeltec_ros2/install/lslidar_msgs/include/lslidar_msgs/lslidar_msgs/srv/detail/invalid_data__struct.h
[2.236s] -- Up-to-date symlink: /home/wheeltec/wheeltec_ros2/install/lslidar_msgs/include/lslidar_msgs/lslidar_msgs/srv/detail/invalid_data__type_support.h
[2.236s] -- Up-to-date symlink: /home/wheeltec/wheeltec_ros2/install/lslidar_msgs/include/lslidar_msgs/lslidar_msgs/srv/detail/ip_and_port__functions.h
[2.236s] -- Up-to-date symlink: /home/wheeltec/wheeltec_ros2/install/lslidar_msgs/include/lslidar_msgs/lslidar_msgs/srv/detail/ip_and_port__struct.h
[2.246s] -- Up-to-date symlink: /home/wheeltec/wheeltec_ros2/install/lslidar_msgs/include/lslidar_msgs/lslidar_msgs/srv/detail/ip_and_port__type_support.h
[2.248s] -- Up-to-date symlink: /home/wheeltec/wheeltec_ros2/install/lslidar_msgs/include/lslidar_msgs/lslidar_msgs/srv/detail/motor_control__functions.h
[2.249s] -- Up-to-date symlink: /home/wheeltec/wheeltec_ros2/install/lslidar_msgs/include/lslidar_msgs/lslidar_msgs/srv/detail/motor_control__struct.h
[2.249s] -- Up-to-date symlink: /home/wheeltec/wheeltec_ros2/install/lslidar_msgs/include/lslidar_msgs/lslidar_msgs/srv/detail/motor_control__type_support.h
[2.249s] -- Up-to-date symlink: /home/wheeltec/wheeltec_ros2/install/lslidar_msgs/include/lslidar_msgs/lslidar_msgs/srv/detail/motor_speed__functions.h
[2.250s] -- Up-to-date symlink: /home/wheeltec/wheeltec_ros2/install/lslidar_msgs/include/lslidar_msgs/lslidar_msgs/srv/detail/motor_speed__struct.h
[2.250s] -- Up-to-date symlink: /home/wheeltec/wheeltec_ros2/install/lslidar_msgs/include/lslidar_msgs/lslidar_msgs/srv/detail/motor_speed__type_support.h
[2.251s] -- Up-to-date symlink: /home/wheeltec/wheeltec_ros2/install/lslidar_msgs/include/lslidar_msgs/lslidar_msgs/srv/detail/power_control__functions.h
[2.251s] -- Up-to-date symlink: /home/wheeltec/wheeltec_ros2/install/lslidar_msgs/include/lslidar_msgs/lslidar_msgs/srv/detail/power_control__struct.h
[2.251s] -- Up-to-date symlink: /home/wheeltec/wheeltec_ros2/install/lslidar_msgs/include/lslidar_msgs/lslidar_msgs/srv/detail/power_control__type_support.h
[2.252s] -- Up-to-date symlink: /home/wheeltec/wheeltec_ros2/install/lslidar_msgs/include/lslidar_msgs/lslidar_msgs/srv/detail/rfd_removal__functions.h
[2.252s] -- Up-to-date symlink: /home/wheeltec/wheeltec_ros2/install/lslidar_msgs/include/lslidar_msgs/lslidar_msgs/srv/detail/rfd_removal__struct.h
[2.253s] -- Up-to-date symlink: /home/wheeltec/wheeltec_ros2/install/lslidar_msgs/include/lslidar_msgs/lslidar_msgs/srv/detail/rfd_removal__type_support.h
[2.258s] -- Up-to-date symlink: /home/wheeltec/wheeltec_ros2/install/lslidar_msgs/include/lslidar_msgs/lslidar_msgs/srv/detail/standby_mode__functions.h
[2.258s] -- Up-to-date symlink: /home/wheeltec/wheeltec_ros2/install/lslidar_msgs/include/lslidar_msgs/lslidar_msgs/srv/detail/standby_mode__struct.h
[2.258s] -- Up-to-date symlink: /home/wheeltec/wheeltec_ros2/install/lslidar_msgs/include/lslidar_msgs/lslidar_msgs/srv/detail/standby_mode__type_support.h
[2.259s] -- Up-to-date symlink: /home/wheeltec/wheeltec_ros2/install/lslidar_msgs/include/lslidar_msgs/lslidar_msgs/srv/detail/tail_removal__functions.h
[2.259s] -- Up-to-date symlink: /home/wheeltec/wheeltec_ros2/install/lslidar_msgs/include/lslidar_msgs/lslidar_msgs/srv/detail/tail_removal__struct.h
[2.259s] -- Up-to-date symlink: /home/wheeltec/wheeltec_ros2/install/lslidar_msgs/include/lslidar_msgs/lslidar_msgs/srv/detail/tail_removal__type_support.h
[2.259s] -- Up-to-date symlink: /home/wheeltec/wheeltec_ros2/install/lslidar_msgs/include/lslidar_msgs/lslidar_msgs/srv/detail/time_mode__functions.h
[2.259s] -- Up-to-date symlink: /home/wheeltec/wheeltec_ros2/install/lslidar_msgs/include/lslidar_msgs/lslidar_msgs/srv/detail/time_mode__struct.h
[2.259s] -- Up-to-date symlink: /home/wheeltec/wheeltec_ros2/install/lslidar_msgs/include/lslidar_msgs/lslidar_msgs/srv/detail/time_mode__type_support.h
[2.260s] -- Up-to-date symlink: /home/wheeltec/wheeltec_ros2/install/lslidar_msgs/include/lslidar_msgs/lslidar_msgs/srv/frame_rate.h
[2.260s] -- Up-to-date symlink: /home/wheeltec/wheeltec_ros2/install/lslidar_msgs/include/lslidar_msgs/lslidar_msgs/srv/invalid_data.h
[2.260s] -- Up-to-date symlink: /home/wheeltec/wheeltec_ros2/install/lslidar_msgs/include/lslidar_msgs/lslidar_msgs/srv/ip_and_port.h
[2.260s] -- Up-to-date symlink: /home/wheeltec/wheeltec_ros2/install/lslidar_msgs/include/lslidar_msgs/lslidar_msgs/srv/motor_control.h
[2.260s] -- Up-to-date symlink: /home/wheeltec/wheeltec_ros2/install/lslidar_msgs/include/lslidar_msgs/lslidar_msgs/srv/motor_speed.h
[2.260s] -- Up-to-date symlink: /home/wheeltec/wheeltec_ros2/install/lslidar_msgs/include/lslidar_msgs/lslidar_msgs/srv/power_control.h
[2.260s] -- Up-to-date symlink: /home/wheeltec/wheeltec_ros2/install/lslidar_msgs/include/lslidar_msgs/lslidar_msgs/srv/rfd_removal.h
[2.260s] -- Up-to-date symlink: /home/wheeltec/wheeltec_ros2/install/lslidar_msgs/include/lslidar_msgs/lslidar_msgs/srv/standby_mode.h
[2.260s] -- Up-to-date symlink: /home/wheeltec/wheeltec_ros2/install/lslidar_msgs/include/lslidar_msgs/lslidar_msgs/srv/tail_removal.h
[2.260s] -- Up-to-date symlink: /home/wheeltec/wheeltec_ros2/install/lslidar_msgs/include/lslidar_msgs/lslidar_msgs/srv/time_mode.h
[2.261s] -- Up-to-date symlink: /home/wheeltec/wheeltec_ros2/install/lslidar_msgs/share/lslidar_msgs/environment/library_path.sh
[2.261s] -- Up-to-date symlink: /home/wheeltec/wheeltec_ros2/install/lslidar_msgs/share/lslidar_msgs/environment/library_path.dsv
[2.261s] -- Up-to-date symlink: /home/wheeltec/wheeltec_ros2/install/lslidar_msgs/include/lslidar_msgs/lslidar_msgs/msg/detail/lslidar_information__rosidl_typesupport_fastrtps_c.h
[2.261s] -- Up-to-date symlink: /home/wheeltec/wheeltec_ros2/install/lslidar_msgs/include/lslidar_msgs/lslidar_msgs/msg/detail/lslidar_packet__rosidl_typesupport_fastrtps_c.h
[2.261s] -- Up-to-date symlink: /home/wheeltec/wheeltec_ros2/install/lslidar_msgs/include/lslidar_msgs/lslidar_msgs/msg/rosidl_typesupport_fastrtps_c__visibility_control.h
[2.261s] -- Up-to-date symlink: /home/wheeltec/wheeltec_ros2/install/lslidar_msgs/include/lslidar_msgs/lslidar_msgs/srv/detail/angle_distortion_correction__rosidl_typesupport_fastrtps_c.h
[2.261s] -- Up-to-date symlink: /home/wheeltec/wheeltec_ros2/install/lslidar_msgs/include/lslidar_msgs/lslidar_msgs/srv/detail/frame_rate__rosidl_typesupport_fastrtps_c.h
[2.261s] -- Up-to-date symlink: /home/wheeltec/wheeltec_ros2/install/lslidar_msgs/include/lslidar_msgs/lslidar_msgs/srv/detail/invalid_data__rosidl_typesupport_fastrtps_c.h
[2.261s] -- Up-to-date symlink: /home/wheeltec/wheeltec_ros2/install/lslidar_msgs/include/lslidar_msgs/lslidar_msgs/srv/detail/ip_and_port__rosidl_typesupport_fastrtps_c.h
[2.261s] -- Up-to-date symlink: /home/wheeltec/wheeltec_ros2/install/lslidar_msgs/include/lslidar_msgs/lslidar_msgs/srv/detail/motor_control__rosidl_typesupport_fastrtps_c.h
[2.261s] -- Up-to-date symlink: /home/wheeltec/wheeltec_ros2/install/lslidar_msgs/include/lslidar_msgs/lslidar_msgs/srv/detail/motor_speed__rosidl_typesupport_fastrtps_c.h
[2.262s] -- Up-to-date symlink: /home/wheeltec/wheeltec_ros2/install/lslidar_msgs/include/lslidar_msgs/lslidar_msgs/srv/detail/power_control__rosidl_typesupport_fastrtps_c.h
[2.262s] -- Up-to-date symlink: /home/wheeltec/wheeltec_ros2/install/lslidar_msgs/include/lslidar_msgs/lslidar_msgs/srv/detail/rfd_removal__rosidl_typesupport_fastrtps_c.h
[2.262s] -- Up-to-date symlink: /home/wheeltec/wheeltec_ros2/install/lslidar_msgs/include/lslidar_msgs/lslidar_msgs/srv/detail/standby_mode__rosidl_typesupport_fastrtps_c.h
[2.262s] -- Up-to-date symlink: /home/wheeltec/wheeltec_ros2/install/lslidar_msgs/include/lslidar_msgs/lslidar_msgs/srv/detail/tail_removal__rosidl_typesupport_fastrtps_c.h
[2.262s] -- Up-to-date symlink: /home/wheeltec/wheeltec_ros2/install/lslidar_msgs/include/lslidar_msgs/lslidar_msgs/srv/detail/time_mode__rosidl_typesupport_fastrtps_c.h
[2.262s] -- Up-to-date symlink: /home/wheeltec/wheeltec_ros2/install/lslidar_msgs/include/lslidar_msgs/lslidar_msgs/msg/detail/lslidar_information__rosidl_typesupport_introspection_c.h
[2.262s] -- Up-to-date symlink: /home/wheeltec/wheeltec_ros2/install/lslidar_msgs/include/lslidar_msgs/lslidar_msgs/msg/detail/lslidar_packet__rosidl_typesupport_introspection_c.h
[2.262s] -- Up-to-date symlink: /home/wheeltec/wheeltec_ros2/install/lslidar_msgs/include/lslidar_msgs/lslidar_msgs/msg/rosidl_typesupport_introspection_c__visibility_control.h
[2.262s] -- Up-to-date symlink: /home/wheeltec/wheeltec_ros2/install/lslidar_msgs/include/lslidar_msgs/lslidar_msgs/srv/detail/angle_distortion_correction__rosidl_typesupport_introspection_c.h
[2.262s] -- Up-to-date symlink: /home/wheeltec/wheeltec_ros2/install/lslidar_msgs/include/lslidar_msgs/lslidar_msgs/srv/detail/frame_rate__rosidl_typesupport_introspection_c.h
[2.263s] -- Up-to-date symlink: /home/wheeltec/wheeltec_ros2/install/lslidar_msgs/include/lslidar_msgs/lslidar_msgs/srv/detail/invalid_data__rosidl_typesupport_introspection_c.h
[2.263s] -- Up-to-date symlink: /home/wheeltec/wheeltec_ros2/install/lslidar_msgs/include/lslidar_msgs/lslidar_msgs/srv/detail/ip_and_port__rosidl_typesupport_introspection_c.h
[2.265s] -- Up-to-date symlink: /home/wheeltec/wheeltec_ros2/install/lslidar_msgs/include/lslidar_msgs/lslidar_msgs/srv/detail/motor_control__rosidl_typesupport_introspection_c.h
[2.265s] -- Up-to-date symlink: /home/wheeltec/wheeltec_ros2/install/lslidar_msgs/include/lslidar_msgs/lslidar_msgs/srv/detail/motor_speed__rosidl_typesupport_introspection_c.h
[2.265s] -- Up-to-date symlink: /home/wheeltec/wheeltec_ros2/install/lslidar_msgs/include/lslidar_msgs/lslidar_msgs/srv/detail/power_control__rosidl_typesupport_introspection_c.h
[2.267s] -- Up-to-date symlink: /home/wheeltec/wheeltec_ros2/install/lslidar_msgs/include/lslidar_msgs/lslidar_msgs/srv/detail/rfd_removal__rosidl_typesupport_introspection_c.h
[2.268s] -- Up-to-date symlink: /home/wheeltec/wheeltec_ros2/install/lslidar_msgs/include/lslidar_msgs/lslidar_msgs/srv/detail/standby_mode__rosidl_typesupport_introspection_c.h
[2.268s] -- Up-to-date symlink: /home/wheeltec/wheeltec_ros2/install/lslidar_msgs/include/lslidar_msgs/lslidar_msgs/srv/detail/tail_removal__rosidl_typesupport_introspection_c.h
[2.268s] -- Up-to-date symlink: /home/wheeltec/wheeltec_ros2/install/lslidar_msgs/include/lslidar_msgs/lslidar_msgs/srv/detail/time_mode__rosidl_typesupport_introspection_c.h
[2.268s] -- Up-to-date symlink: /home/wheeltec/wheeltec_ros2/install/lslidar_msgs/include/lslidar_msgs/lslidar_msgs/msg/detail/lslidar_information__builder.hpp
[2.268s] -- Up-to-date symlink: /home/wheeltec/wheeltec_ros2/install/lslidar_msgs/include/lslidar_msgs/lslidar_msgs/msg/detail/lslidar_information__struct.hpp
[2.268s] -- Up-to-date symlink: /home/wheeltec/wheeltec_ros2/install/lslidar_msgs/include/lslidar_msgs/lslidar_msgs/msg/detail/lslidar_information__traits.hpp
[2.268s] -- Up-to-date symlink: /home/wheeltec/wheeltec_ros2/install/lslidar_msgs/include/lslidar_msgs/lslidar_msgs/msg/detail/lslidar_information__type_support.hpp
[2.268s] -- Up-to-date symlink: /home/wheeltec/wheeltec_ros2/install/lslidar_msgs/include/lslidar_msgs/lslidar_msgs/msg/detail/lslidar_packet__builder.hpp
[2.269s] -- Up-to-date symlink: /home/wheeltec/wheeltec_ros2/install/lslidar_msgs/include/lslidar_msgs/lslidar_msgs/msg/detail/lslidar_packet__struct.hpp
[2.269s] -- Up-to-date symlink: /home/wheeltec/wheeltec_ros2/install/lslidar_msgs/include/lslidar_msgs/lslidar_msgs/msg/detail/lslidar_packet__traits.hpp
[2.269s] -- Up-to-date symlink: /home/wheeltec/wheeltec_ros2/install/lslidar_msgs/include/lslidar_msgs/lslidar_msgs/msg/detail/lslidar_packet__type_support.hpp
[2.269s] -- Up-to-date symlink: /home/wheeltec/wheeltec_ros2/install/lslidar_msgs/include/lslidar_msgs/lslidar_msgs/msg/lslidar_information.hpp
[2.270s] -- Up-to-date symlink: /home/wheeltec/wheeltec_ros2/install/lslidar_msgs/include/lslidar_msgs/lslidar_msgs/msg/lslidar_packet.hpp
[2.271s] -- Up-to-date symlink: /home/wheeltec/wheeltec_ros2/install/lslidar_msgs/include/lslidar_msgs/lslidar_msgs/msg/rosidl_generator_cpp__visibility_control.hpp
[2.271s] -- Up-to-date symlink: /home/wheeltec/wheeltec_ros2/install/lslidar_msgs/include/lslidar_msgs/lslidar_msgs/srv/angle_distortion_correction.hpp
[2.271s] -- Up-to-date symlink: /home/wheeltec/wheeltec_ros2/install/lslidar_msgs/include/lslidar_msgs/lslidar_msgs/srv/detail/angle_distortion_correction__builder.hpp
[2.271s] -- Up-to-date symlink: /home/wheeltec/wheeltec_ros2/install/lslidar_msgs/include/lslidar_msgs/lslidar_msgs/srv/detail/angle_distortion_correction__struct.hpp
[2.271s] -- Up-to-date symlink: /home/wheeltec/wheeltec_ros2/install/lslidar_msgs/include/lslidar_msgs/lslidar_msgs/srv/detail/angle_distortion_correction__traits.hpp
[2.271s] -- Up-to-date symlink: /home/wheeltec/wheeltec_ros2/install/lslidar_msgs/include/lslidar_msgs/lslidar_msgs/srv/detail/angle_distortion_correction__type_support.hpp
[2.271s] -- Up-to-date symlink: /home/wheeltec/wheeltec_ros2/install/lslidar_msgs/include/lslidar_msgs/lslidar_msgs/srv/detail/frame_rate__builder.hpp
[2.283s] -- Up-to-date symlink: /home/wheeltec/wheeltec_ros2/install/lslidar_msgs/include/lslidar_msgs/lslidar_msgs/srv/detail/frame_rate__struct.hpp
[2.284s] -- Up-to-date symlink: /home/wheeltec/wheeltec_ros2/install/lslidar_msgs/include/lslidar_msgs/lslidar_msgs/srv/detail/frame_rate__traits.hpp
[2.284s] -- Up-to-date symlink: /home/wheeltec/wheeltec_ros2/install/lslidar_msgs/include/lslidar_msgs/lslidar_msgs/srv/detail/frame_rate__type_support.hpp
[2.284s] -- Up-to-date symlink: /home/wheeltec/wheeltec_ros2/install/lslidar_msgs/include/lslidar_msgs/lslidar_msgs/srv/detail/invalid_data__builder.hpp
[2.284s] -- Up-to-date symlink: /home/wheeltec/wheeltec_ros2/install/lslidar_msgs/include/lslidar_msgs/lslidar_msgs/srv/detail/invalid_data__struct.hpp
[2.284s] -- Up-to-date symlink: /home/wheeltec/wheeltec_ros2/install/lslidar_msgs/include/lslidar_msgs/lslidar_msgs/srv/detail/invalid_data__traits.hpp
[2.284s] -- Up-to-date symlink: /home/wheeltec/wheeltec_ros2/install/lslidar_msgs/include/lslidar_msgs/lslidar_msgs/srv/detail/invalid_data__type_support.hpp
[2.284s] -- Up-to-date symlink: /home/wheeltec/wheeltec_ros2/install/lslidar_msgs/include/lslidar_msgs/lslidar_msgs/srv/detail/ip_and_port__builder.hpp
[2.285s] -- Up-to-date symlink: /home/wheeltec/wheeltec_ros2/install/lslidar_msgs/include/lslidar_msgs/lslidar_msgs/srv/detail/ip_and_port__struct.hpp
[2.285s] -- Up-to-date symlink: /home/wheeltec/wheeltec_ros2/install/lslidar_msgs/include/lslidar_msgs/lslidar_msgs/srv/detail/ip_and_port__traits.hpp
[2.285s] -- Up-to-date symlink: /home/wheeltec/wheeltec_ros2/install/lslidar_msgs/include/lslidar_msgs/lslidar_msgs/srv/detail/ip_and_port__type_support.hpp
[2.285s] -- Up-to-date symlink: /home/wheeltec/wheeltec_ros2/install/lslidar_msgs/include/lslidar_msgs/lslidar_msgs/srv/detail/motor_control__builder.hpp
[2.285s] -- Up-to-date symlink: /home/wheeltec/wheeltec_ros2/install/lslidar_msgs/include/lslidar_msgs/lslidar_msgs/srv/detail/motor_control__struct.hpp
[2.285s] -- Up-to-date symlink: /home/wheeltec/wheeltec_ros2/install/lslidar_msgs/include/lslidar_msgs/lslidar_msgs/srv/detail/motor_control__traits.hpp
[2.285s] -- Up-to-date symlink: /home/wheeltec/wheeltec_ros2/install/lslidar_msgs/include/lslidar_msgs/lslidar_msgs/srv/detail/motor_control__type_support.hpp
[2.285s] -- Up-to-date symlink: /home/wheeltec/wheeltec_ros2/install/lslidar_msgs/include/lslidar_msgs/lslidar_msgs/srv/detail/motor_speed__builder.hpp
[2.285s] -- Up-to-date symlink: /home/wheeltec/wheeltec_ros2/install/lslidar_msgs/include/lslidar_msgs/lslidar_msgs/srv/detail/motor_speed__struct.hpp
[2.286s] -- Up-to-date symlink: /home/wheeltec/wheeltec_ros2/install/lslidar_msgs/include/lslidar_msgs/lslidar_msgs/srv/detail/motor_speed__traits.hpp
[2.286s] -- Up-to-date symlink: /home/wheeltec/wheeltec_ros2/install/lslidar_msgs/include/lslidar_msgs/lslidar_msgs/srv/detail/motor_speed__type_support.hpp
[2.286s] -- Up-to-date symlink: /home/wheeltec/wheeltec_ros2/install/lslidar_msgs/include/lslidar_msgs/lslidar_msgs/srv/detail/power_control__builder.hpp
[2.286s] -- Up-to-date symlink: /home/wheeltec/wheeltec_ros2/install/lslidar_msgs/include/lslidar_msgs/lslidar_msgs/srv/detail/power_control__struct.hpp
[2.287s] -- Up-to-date symlink: /home/wheeltec/wheeltec_ros2/install/lslidar_msgs/include/lslidar_msgs/lslidar_msgs/srv/detail/power_control__traits.hpp
[2.287s] -- Up-to-date symlink: /home/wheeltec/wheeltec_ros2/install/lslidar_msgs/include/lslidar_msgs/lslidar_msgs/srv/detail/power_control__type_support.hpp
[2.287s] -- Up-to-date symlink: /home/wheeltec/wheeltec_ros2/install/lslidar_msgs/include/lslidar_msgs/lslidar_msgs/srv/detail/rfd_removal__builder.hpp
[2.287s] -- Up-to-date symlink: /home/wheeltec/wheeltec_ros2/install/lslidar_msgs/include/lslidar_msgs/lslidar_msgs/srv/detail/rfd_removal__struct.hpp
[2.287s] -- Up-to-date symlink: /home/wheeltec/wheeltec_ros2/install/lslidar_msgs/include/lslidar_msgs/lslidar_msgs/srv/detail/rfd_removal__traits.hpp
[2.287s] -- Up-to-date symlink: /home/wheeltec/wheeltec_ros2/install/lslidar_msgs/include/lslidar_msgs/lslidar_msgs/srv/detail/rfd_removal__type_support.hpp
[2.287s] -- Up-to-date symlink: /home/wheeltec/wheeltec_ros2/install/lslidar_msgs/include/lslidar_msgs/lslidar_msgs/srv/detail/standby_mode__builder.hpp
[2.288s] -- Up-to-date symlink: /home/wheeltec/wheeltec_ros2/install/lslidar_msgs/include/lslidar_msgs/lslidar_msgs/srv/detail/standby_mode__struct.hpp
[2.288s] -- Up-to-date symlink: /home/wheeltec/wheeltec_ros2/install/lslidar_msgs/include/lslidar_msgs/lslidar_msgs/srv/detail/standby_mode__traits.hpp
[2.288s] -- Up-to-date symlink: /home/wheeltec/wheeltec_ros2/install/lslidar_msgs/include/lslidar_msgs/lslidar_msgs/srv/detail/standby_mode__type_support.hpp
[2.288s] -- Up-to-date symlink: /home/wheeltec/wheeltec_ros2/install/lslidar_msgs/include/lslidar_msgs/lslidar_msgs/srv/detail/tail_removal__builder.hpp
[2.288s] -- Up-to-date symlink: /home/wheeltec/wheeltec_ros2/install/lslidar_msgs/include/lslidar_msgs/lslidar_msgs/srv/detail/tail_removal__struct.hpp
[2.288s] -- Up-to-date symlink: /home/wheeltec/wheeltec_ros2/install/lslidar_msgs/include/lslidar_msgs/lslidar_msgs/srv/detail/tail_removal__traits.hpp
[2.289s] -- Up-to-date symlink: /home/wheeltec/wheeltec_ros2/install/lslidar_msgs/include/lslidar_msgs/lslidar_msgs/srv/detail/tail_removal__type_support.hpp
[2.289s] -- Up-to-date symlink: /home/wheeltec/wheeltec_ros2/install/lslidar_msgs/include/lslidar_msgs/lslidar_msgs/srv/detail/time_mode__builder.hpp
[2.289s] -- Up-to-date symlink: /home/wheeltec/wheeltec_ros2/install/lslidar_msgs/include/lslidar_msgs/lslidar_msgs/srv/detail/time_mode__struct.hpp
[2.289s] -- Up-to-date symlink: /home/wheeltec/wheeltec_ros2/install/lslidar_msgs/include/lslidar_msgs/lslidar_msgs/srv/detail/time_mode__traits.hpp
[2.289s] -- Up-to-date symlink: /home/wheeltec/wheeltec_ros2/install/lslidar_msgs/include/lslidar_msgs/lslidar_msgs/srv/detail/time_mode__type_support.hpp
[2.289s] -- Up-to-date symlink: /home/wheeltec/wheeltec_ros2/install/lslidar_msgs/include/lslidar_msgs/lslidar_msgs/srv/frame_rate.hpp
[2.289s] -- Up-to-date symlink: /home/wheeltec/wheeltec_ros2/install/lslidar_msgs/include/lslidar_msgs/lslidar_msgs/srv/invalid_data.hpp
[2.289s] -- Up-to-date symlink: /home/wheeltec/wheeltec_ros2/install/lslidar_msgs/include/lslidar_msgs/lslidar_msgs/srv/ip_and_port.hpp
[2.289s] -- Up-to-date symlink: /home/wheeltec/wheeltec_ros2/install/lslidar_msgs/include/lslidar_msgs/lslidar_msgs/srv/motor_control.hpp
[2.290s] -- Up-to-date symlink: /home/wheeltec/wheeltec_ros2/install/lslidar_msgs/include/lslidar_msgs/lslidar_msgs/srv/motor_speed.hpp
[2.290s] -- Up-to-date symlink: /home/wheeltec/wheeltec_ros2/install/lslidar_msgs/include/lslidar_msgs/lslidar_msgs/srv/power_control.hpp
[2.290s] -- Up-to-date symlink: /home/wheeltec/wheeltec_ros2/install/lslidar_msgs/include/lslidar_msgs/lslidar_msgs/srv/rfd_removal.hpp
[2.290s] -- Up-to-date symlink: /home/wheeltec/wheeltec_ros2/install/lslidar_msgs/include/lslidar_msgs/lslidar_msgs/srv/standby_mode.hpp
[2.290s] -- Up-to-date symlink: /home/wheeltec/wheeltec_ros2/install/lslidar_msgs/include/lslidar_msgs/lslidar_msgs/srv/tail_removal.hpp
[2.290s] -- Up-to-date symlink: /home/wheeltec/wheeltec_ros2/install/lslidar_msgs/include/lslidar_msgs/lslidar_msgs/srv/time_mode.hpp
[2.290s] -- Up-to-date symlink: /home/wheeltec/wheeltec_ros2/install/lslidar_msgs/include/lslidar_msgs/lslidar_msgs/msg/detail/lslidar_information__rosidl_typesupport_fastrtps_cpp.hpp
[2.290s] -- Up-to-date symlink: /home/wheeltec/wheeltec_ros2/install/lslidar_msgs/include/lslidar_msgs/lslidar_msgs/msg/detail/lslidar_packet__rosidl_typesupport_fastrtps_cpp.hpp
[2.291s] -- Up-to-date symlink: /home/wheeltec/wheeltec_ros2/install/lslidar_msgs/include/lslidar_msgs/lslidar_msgs/msg/rosidl_typesupport_fastrtps_cpp__visibility_control.h
[2.291s] -- Up-to-date symlink: /home/wheeltec/wheeltec_ros2/install/lslidar_msgs/include/lslidar_msgs/lslidar_msgs/srv/detail/angle_distortion_correction__rosidl_typesupport_fastrtps_cpp.hpp
[2.298s] -- Up-to-date symlink: /home/wheeltec/wheeltec_ros2/install/lslidar_msgs/include/lslidar_msgs/lslidar_msgs/srv/detail/frame_rate__rosidl_typesupport_fastrtps_cpp.hpp
[2.298s] -- Up-to-date symlink: /home/wheeltec/wheeltec_ros2/install/lslidar_msgs/include/lslidar_msgs/lslidar_msgs/srv/detail/invalid_data__rosidl_typesupport_fastrtps_cpp.hpp
[2.298s] -- Up-to-date symlink: /home/wheeltec/wheeltec_ros2/install/lslidar_msgs/include/lslidar_msgs/lslidar_msgs/srv/detail/ip_and_port__rosidl_typesupport_fastrtps_cpp.hpp
[2.298s] -- Up-to-date symlink: /home/wheeltec/wheeltec_ros2/install/lslidar_msgs/include/lslidar_msgs/lslidar_msgs/srv/detail/motor_control__rosidl_typesupport_fastrtps_cpp.hpp
[2.298s] -- Up-to-date symlink: /home/wheeltec/wheeltec_ros2/install/lslidar_msgs/include/lslidar_msgs/lslidar_msgs/srv/detail/motor_speed__rosidl_typesupport_fastrtps_cpp.hpp
[2.298s] -- Up-to-date symlink: /home/wheeltec/wheeltec_ros2/install/lslidar_msgs/include/lslidar_msgs/lslidar_msgs/srv/detail/power_control__rosidl_typesupport_fastrtps_cpp.hpp
[2.298s] -- Up-to-date symlink: /home/wheeltec/wheeltec_ros2/install/lslidar_msgs/include/lslidar_msgs/lslidar_msgs/srv/detail/rfd_removal__rosidl_typesupport_fastrtps_cpp.hpp
[2.298s] -- Up-to-date symlink: /home/wheeltec/wheeltec_ros2/install/lslidar_msgs/include/lslidar_msgs/lslidar_msgs/srv/detail/standby_mode__rosidl_typesupport_fastrtps_cpp.hpp
[2.299s] -- Up-to-date symlink: /home/wheeltec/wheeltec_ros2/install/lslidar_msgs/include/lslidar_msgs/lslidar_msgs/srv/detail/tail_removal__rosidl_typesupport_fastrtps_cpp.hpp
[2.299s] -- Up-to-date symlink: /home/wheeltec/wheeltec_ros2/install/lslidar_msgs/include/lslidar_msgs/lslidar_msgs/srv/detail/time_mode__rosidl_typesupport_fastrtps_cpp.hpp
[2.299s] -- Up-to-date symlink: /home/wheeltec/wheeltec_ros2/install/lslidar_msgs/include/lslidar_msgs/lslidar_msgs/msg/detail/lslidar_information__rosidl_typesupport_introspection_cpp.hpp
[2.299s] -- Up-to-date symlink: /home/wheeltec/wheeltec_ros2/install/lslidar_msgs/include/lslidar_msgs/lslidar_msgs/msg/detail/lslidar_packet__rosidl_typesupport_introspection_cpp.hpp
[2.299s] -- Up-to-date symlink: /home/wheeltec/wheeltec_ros2/install/lslidar_msgs/include/lslidar_msgs/lslidar_msgs/srv/detail/angle_distortion_correction__rosidl_typesupport_introspection_cpp.hpp
[2.299s] -- Up-to-date symlink: /home/wheeltec/wheeltec_ros2/install/lslidar_msgs/include/lslidar_msgs/lslidar_msgs/srv/detail/frame_rate__rosidl_typesupport_introspection_cpp.hpp
[2.301s] -- Up-to-date symlink: /home/wheeltec/wheeltec_ros2/install/lslidar_msgs/include/lslidar_msgs/lslidar_msgs/srv/detail/invalid_data__rosidl_typesupport_introspection_cpp.hpp
[2.301s] -- Up-to-date symlink: /home/wheeltec/wheeltec_ros2/install/lslidar_msgs/include/lslidar_msgs/lslidar_msgs/srv/detail/ip_and_port__rosidl_typesupport_introspection_cpp.hpp
[2.302s] -- Up-to-date symlink: /home/wheeltec/wheeltec_ros2/install/lslidar_msgs/include/lslidar_msgs/lslidar_msgs/srv/detail/motor_control__rosidl_typesupport_introspection_cpp.hpp
[2.302s] -- Up-to-date symlink: /home/wheeltec/wheeltec_ros2/install/lslidar_msgs/include/lslidar_msgs/lslidar_msgs/srv/detail/motor_speed__rosidl_typesupport_introspection_cpp.hpp
[2.303s] -- Up-to-date symlink: /home/wheeltec/wheeltec_ros2/install/lslidar_msgs/include/lslidar_msgs/lslidar_msgs/srv/detail/power_control__rosidl_typesupport_introspection_cpp.hpp
[2.304s] -- Up-to-date symlink: /home/wheeltec/wheeltec_ros2/install/lslidar_msgs/include/lslidar_msgs/lslidar_msgs/srv/detail/rfd_removal__rosidl_typesupport_introspection_cpp.hpp
[2.309s] -- Up-to-date symlink: /home/wheeltec/wheeltec_ros2/install/lslidar_msgs/include/lslidar_msgs/lslidar_msgs/srv/detail/standby_mode__rosidl_typesupport_introspection_cpp.hpp
[2.309s] -- Up-to-date symlink: /home/wheeltec/wheeltec_ros2/install/lslidar_msgs/include/lslidar_msgs/lslidar_msgs/srv/detail/tail_removal__rosidl_typesupport_introspection_cpp.hpp
[2.313s] -- Up-to-date symlink: /home/wheeltec/wheeltec_ros2/install/lslidar_msgs/include/lslidar_msgs/lslidar_msgs/srv/detail/time_mode__rosidl_typesupport_introspection_cpp.hpp
[2.314s] -- Up-to-date symlink: /home/wheeltec/wheeltec_ros2/install/lslidar_msgs/share/lslidar_msgs/environment/pythonpath.sh
[2.314s] -- Up-to-date symlink: /home/wheeltec/wheeltec_ros2/install/lslidar_msgs/share/lslidar_msgs/environment/pythonpath.dsv
[2.315s] -- Up-to-date symlink: /home/wheeltec/wheeltec_ros2/install/lslidar_msgs/local/lib/python3.10/dist-packages/lslidar_msgs-5.1.1-py3.10.egg-info/PKG-INFO
[2.316s] -- Up-to-date symlink: /home/wheeltec/wheeltec_ros2/install/lslidar_msgs/local/lib/python3.10/dist-packages/lslidar_msgs-5.1.1-py3.10.egg-info/SOURCES.txt
[2.316s] -- Up-to-date symlink: /home/wheeltec/wheeltec_ros2/install/lslidar_msgs/local/lib/python3.10/dist-packages/lslidar_msgs-5.1.1-py3.10.egg-info/dependency_links.txt
[2.316s] -- Up-to-date symlink: /home/wheeltec/wheeltec_ros2/install/lslidar_msgs/local/lib/python3.10/dist-packages/lslidar_msgs-5.1.1-py3.10.egg-info/top_level.txt
[2.317s] -- Up-to-date symlink: /home/wheeltec/wheeltec_ros2/install/lslidar_msgs/local/lib/python3.10/dist-packages/lslidar_msgs/__init__.py
[2.318s] -- Up-to-date symlink: /home/wheeltec/wheeltec_ros2/install/lslidar_msgs/local/lib/python3.10/dist-packages/lslidar_msgs/_lslidar_msgs_s.ep.rosidl_typesupport_c.c
[2.318s] -- Up-to-date symlink: /home/wheeltec/wheeltec_ros2/install/lslidar_msgs/local/lib/python3.10/dist-packages/lslidar_msgs/_lslidar_msgs_s.ep.rosidl_typesupport_fastrtps_c.c
[2.318s] -- Up-to-date symlink: /home/wheeltec/wheeltec_ros2/install/lslidar_msgs/local/lib/python3.10/dist-packages/lslidar_msgs/_lslidar_msgs_s.ep.rosidl_typesupport_introspection_c.c
[2.319s] -- Up-to-date symlink: /home/wheeltec/wheeltec_ros2/install/lslidar_msgs/local/lib/python3.10/dist-packages/lslidar_msgs/liblslidar_msgs__rosidl_generator_py.so
[2.319s] -- Up-to-date symlink: /home/wheeltec/wheeltec_ros2/install/lslidar_msgs/local/lib/python3.10/dist-packages/lslidar_msgs/lslidar_msgs_s__rosidl_typesupport_c.cpython-310-aarch64-linux-gnu.so
[2.319s] -- Up-to-date symlink: /home/wheeltec/wheeltec_ros2/install/lslidar_msgs/local/lib/python3.10/dist-packages/lslidar_msgs/lslidar_msgs_s__rosidl_typesupport_fastrtps_c.cpython-310-aarch64-linux-gnu.so
[2.319s] -- Up-to-date symlink: /home/wheeltec/wheeltec_ros2/install/lslidar_msgs/local/lib/python3.10/dist-packages/lslidar_msgs/lslidar_msgs_s__rosidl_typesupport_introspection_c.cpython-310-aarch64-linux-gnu.so
[2.321s] -- Up-to-date symlink: /home/wheeltec/wheeltec_ros2/install/lslidar_msgs/local/lib/python3.10/dist-packages/lslidar_msgs/msg/__init__.py
[2.321s] -- Up-to-date symlink: /home/wheeltec/wheeltec_ros2/install/lslidar_msgs/local/lib/python3.10/dist-packages/lslidar_msgs/msg/_lslidar_information.py
[2.322s] -- Up-to-date symlink: /home/wheeltec/wheeltec_ros2/install/lslidar_msgs/local/lib/python3.10/dist-packages/lslidar_msgs/msg/_lslidar_information_s.c
[2.322s] -- Up-to-date symlink: /home/wheeltec/wheeltec_ros2/install/lslidar_msgs/local/lib/python3.10/dist-packages/lslidar_msgs/msg/_lslidar_packet.py
[2.322s] -- Up-to-date symlink: /home/wheeltec/wheeltec_ros2/install/lslidar_msgs/local/lib/python3.10/dist-packages/lslidar_msgs/msg/_lslidar_packet_s.c
[2.322s] -- Up-to-date symlink: /home/wheeltec/wheeltec_ros2/install/lslidar_msgs/local/lib/python3.10/dist-packages/lslidar_msgs/srv/__init__.py
[2.322s] -- Up-to-date symlink: /home/wheeltec/wheeltec_ros2/install/lslidar_msgs/local/lib/python3.10/dist-packages/lslidar_msgs/srv/_angle_distortion_correction.py
[2.322s] -- Up-to-date symlink: /home/wheeltec/wheeltec_ros2/install/lslidar_msgs/local/lib/python3.10/dist-packages/lslidar_msgs/srv/_angle_distortion_correction_s.c
[2.324s] -- Up-to-date symlink: /home/wheeltec/wheeltec_ros2/install/lslidar_msgs/local/lib/python3.10/dist-packages/lslidar_msgs/srv/_frame_rate.py
[2.324s] -- Up-to-date symlink: /home/wheeltec/wheeltec_ros2/install/lslidar_msgs/local/lib/python3.10/dist-packages/lslidar_msgs/srv/_frame_rate_s.c
[2.324s] -- Up-to-date symlink: /home/wheeltec/wheeltec_ros2/install/lslidar_msgs/local/lib/python3.10/dist-packages/lslidar_msgs/srv/_invalid_data.py
[2.324s] -- Up-to-date symlink: /home/wheeltec/wheeltec_ros2/install/lslidar_msgs/local/lib/python3.10/dist-packages/lslidar_msgs/srv/_invalid_data_s.c
[2.324s] -- Up-to-date symlink: /home/wheeltec/wheeltec_ros2/install/lslidar_msgs/local/lib/python3.10/dist-packages/lslidar_msgs/srv/_ip_and_port.py
[2.324s] -- Up-to-date symlink: /home/wheeltec/wheeltec_ros2/install/lslidar_msgs/local/lib/python3.10/dist-packages/lslidar_msgs/srv/_ip_and_port_s.c
[2.325s] -- Up-to-date symlink: /home/wheeltec/wheeltec_ros2/install/lslidar_msgs/local/lib/python3.10/dist-packages/lslidar_msgs/srv/_motor_control.py
[2.325s] -- Up-to-date symlink: /home/wheeltec/wheeltec_ros2/install/lslidar_msgs/local/lib/python3.10/dist-packages/lslidar_msgs/srv/_motor_control_s.c
[2.325s] -- Up-to-date symlink: /home/wheeltec/wheeltec_ros2/install/lslidar_msgs/local/lib/python3.10/dist-packages/lslidar_msgs/srv/_motor_speed.py
[2.326s] -- Up-to-date symlink: /home/wheeltec/wheeltec_ros2/install/lslidar_msgs/local/lib/python3.10/dist-packages/lslidar_msgs/srv/_motor_speed_s.c
[2.329s] -- Up-to-date symlink: /home/wheeltec/wheeltec_ros2/install/lslidar_msgs/local/lib/python3.10/dist-packages/lslidar_msgs/srv/_power_control.py
[2.329s] -- Up-to-date symlink: /home/wheeltec/wheeltec_ros2/install/lslidar_msgs/local/lib/python3.10/dist-packages/lslidar_msgs/srv/_power_control_s.c
[2.330s] -- Up-to-date symlink: /home/wheeltec/wheeltec_ros2/install/lslidar_msgs/local/lib/python3.10/dist-packages/lslidar_msgs/srv/_rfd_removal.py
[2.330s] -- Up-to-date symlink: /home/wheeltec/wheeltec_ros2/install/lslidar_msgs/local/lib/python3.10/dist-packages/lslidar_msgs/srv/_rfd_removal_s.c
[2.330s] -- Up-to-date symlink: /home/wheeltec/wheeltec_ros2/install/lslidar_msgs/local/lib/python3.10/dist-packages/lslidar_msgs/srv/_standby_mode.py
[2.330s] -- Up-to-date symlink: /home/wheeltec/wheeltec_ros2/install/lslidar_msgs/local/lib/python3.10/dist-packages/lslidar_msgs/srv/_standby_mode_s.c
[2.330s] -- Up-to-date symlink: /home/wheeltec/wheeltec_ros2/install/lslidar_msgs/local/lib/python3.10/dist-packages/lslidar_msgs/srv/_tail_removal.py
[2.330s] -- Up-to-date symlink: /home/wheeltec/wheeltec_ros2/install/lslidar_msgs/local/lib/python3.10/dist-packages/lslidar_msgs/srv/_tail_removal_s.c
[2.330s] -- Up-to-date symlink: /home/wheeltec/wheeltec_ros2/install/lslidar_msgs/local/lib/python3.10/dist-packages/lslidar_msgs/srv/_time_mode.py
[2.330s] -- Up-to-date symlink: /home/wheeltec/wheeltec_ros2/install/lslidar_msgs/local/lib/python3.10/dist-packages/lslidar_msgs/srv/_time_mode_s.c
[2.339s] -- Up-to-date symlink: /home/wheeltec/wheeltec_ros2/install/lslidar_msgs/local/lib/python3.10/dist-packages/lslidar_msgs/lslidar_msgs_s__rosidl_typesupport_fastrtps_c.cpython-310-aarch64-linux-gnu.so
[2.339s] -- Up-to-date symlink: /home/wheeltec/wheeltec_ros2/install/lslidar_msgs/local/lib/python3.10/dist-packages/lslidar_msgs/lslidar_msgs_s__rosidl_typesupport_introspection_c.cpython-310-aarch64-linux-gnu.so
[2.340s] -- Up-to-date symlink: /home/wheeltec/wheeltec_ros2/install/lslidar_msgs/local/lib/python3.10/dist-packages/lslidar_msgs/lslidar_msgs_s__rosidl_typesupport_c.cpython-310-aarch64-linux-gnu.so
[2.341s] -- Up-to-date symlink: /home/wheeltec/wheeltec_ros2/install/lslidar_msgs/share/lslidar_msgs/msg/LslidarInformation.idl
[2.341s] -- Up-to-date symlink: /home/wheeltec/wheeltec_ros2/install/lslidar_msgs/share/lslidar_msgs/msg/LslidarPacket.idl
[2.342s] -- Up-to-date symlink: /home/wheeltec/wheeltec_ros2/install/lslidar_msgs/share/lslidar_msgs/srv/AngleDistortionCorrection.idl
[2.342s] -- Up-to-date symlink: /home/wheeltec/wheeltec_ros2/install/lslidar_msgs/share/lslidar_msgs/srv/FrameRate.idl
[2.343s] -- Up-to-date symlink: /home/wheeltec/wheeltec_ros2/install/lslidar_msgs/share/lslidar_msgs/srv/InvalidData.idl
[2.343s] -- Up-to-date symlink: /home/wheeltec/wheeltec_ros2/install/lslidar_msgs/share/lslidar_msgs/srv/IpAndPort.idl
[2.343s] -- Up-to-date symlink: /home/wheeltec/wheeltec_ros2/install/lslidar_msgs/share/lslidar_msgs/srv/MotorControl.idl
[2.344s] -- Up-to-date symlink: /home/wheeltec/wheeltec_ros2/install/lslidar_msgs/share/lslidar_msgs/srv/MotorSpeed.idl
[2.344s] -- Up-to-date symlink: /home/wheeltec/wheeltec_ros2/install/lslidar_msgs/share/lslidar_msgs/srv/PowerControl.idl
[2.344s] -- Up-to-date symlink: /home/wheeltec/wheeltec_ros2/install/lslidar_msgs/share/lslidar_msgs/srv/RfdRemoval.idl
[2.345s] -- Up-to-date symlink: /home/wheeltec/wheeltec_ros2/install/lslidar_msgs/share/lslidar_msgs/srv/StandbyMode.idl
[2.345s] -- Up-to-date symlink: /home/wheeltec/wheeltec_ros2/install/lslidar_msgs/share/lslidar_msgs/srv/TailRemoval.idl
[2.346s] -- Up-to-date symlink: /home/wheeltec/wheeltec_ros2/install/lslidar_msgs/share/lslidar_msgs/srv/TimeMode.idl
[2.346s] -- Up-to-date symlink: /home/wheeltec/wheeltec_ros2/install/lslidar_msgs/share/lslidar_msgs/msg/LslidarInformation.msg
[2.346s] -- Up-to-date symlink: /home/wheeltec/wheeltec_ros2/install/lslidar_msgs/share/lslidar_msgs/msg/LslidarPacket.msg
[2.347s] -- Up-to-date symlink: /home/wheeltec/wheeltec_ros2/install/lslidar_msgs/share/lslidar_msgs/srv/AngleDistortionCorrection.srv
[2.347s] -- Up-to-date symlink: /home/wheeltec/wheeltec_ros2/install/lslidar_msgs/share/lslidar_msgs/srv/AngleDistortionCorrection_Request.msg
[2.347s] -- Up-to-date symlink: /home/wheeltec/wheeltec_ros2/install/lslidar_msgs/share/lslidar_msgs/srv/AngleDistortionCorrection_Response.msg
[2.348s] -- Up-to-date symlink: /home/wheeltec/wheeltec_ros2/install/lslidar_msgs/share/lslidar_msgs/srv/FrameRate.srv
[2.348s] -- Up-to-date symlink: /home/wheeltec/wheeltec_ros2/install/lslidar_msgs/share/lslidar_msgs/srv/FrameRate_Request.msg
[2.349s] -- Up-to-date symlink: /home/wheeltec/wheeltec_ros2/install/lslidar_msgs/share/lslidar_msgs/srv/FrameRate_Response.msg
[2.349s] -- Up-to-date symlink: /home/wheeltec/wheeltec_ros2/install/lslidar_msgs/share/lslidar_msgs/srv/InvalidData.srv
[2.349s] -- Up-to-date symlink: /home/wheeltec/wheeltec_ros2/install/lslidar_msgs/share/lslidar_msgs/srv/InvalidData_Request.msg
[2.350s] -- Up-to-date symlink: /home/wheeltec/wheeltec_ros2/install/lslidar_msgs/share/lslidar_msgs/srv/InvalidData_Response.msg
[2.350s] -- Up-to-date symlink: /home/wheeltec/wheeltec_ros2/install/lslidar_msgs/share/lslidar_msgs/srv/IpAndPort.srv
[2.350s] -- Up-to-date symlink: /home/wheeltec/wheeltec_ros2/install/lslidar_msgs/share/lslidar_msgs/srv/IpAndPort_Request.msg
[2.351s] -- Up-to-date symlink: /home/wheeltec/wheeltec_ros2/install/lslidar_msgs/share/lslidar_msgs/srv/IpAndPort_Response.msg
[2.352s] -- Up-to-date symlink: /home/wheeltec/wheeltec_ros2/install/lslidar_msgs/share/lslidar_msgs/srv/MotorControl.srv
[2.352s] -- Up-to-date symlink: /home/wheeltec/wheeltec_ros2/install/lslidar_msgs/share/lslidar_msgs/srv/MotorControl_Request.msg
[2.352s] -- Up-to-date symlink: /home/wheeltec/wheeltec_ros2/install/lslidar_msgs/share/lslidar_msgs/srv/MotorControl_Response.msg
[2.352s] -- Up-to-date symlink: /home/wheeltec/wheeltec_ros2/install/lslidar_msgs/share/lslidar_msgs/srv/MotorSpeed.srv
[2.353s] -- Up-to-date symlink: /home/wheeltec/wheeltec_ros2/install/lslidar_msgs/share/lslidar_msgs/srv/MotorSpeed_Request.msg
[2.353s] -- Up-to-date symlink: /home/wheeltec/wheeltec_ros2/install/lslidar_msgs/share/lslidar_msgs/srv/MotorSpeed_Response.msg
[2.354s] -- Up-to-date symlink: /home/wheeltec/wheeltec_ros2/install/lslidar_msgs/share/lslidar_msgs/srv/PowerControl.srv
[2.358s] -- Up-to-date symlink: /home/wheeltec/wheeltec_ros2/install/lslidar_msgs/share/lslidar_msgs/srv/PowerControl_Request.msg
[2.358s] -- Up-to-date symlink: /home/wheeltec/wheeltec_ros2/install/lslidar_msgs/share/lslidar_msgs/srv/PowerControl_Response.msg
[2.358s] -- Up-to-date symlink: /home/wheeltec/wheeltec_ros2/install/lslidar_msgs/share/lslidar_msgs/srv/RfdRemoval.srv
[2.359s] -- Up-to-date symlink: /home/wheeltec/wheeltec_ros2/install/lslidar_msgs/share/lslidar_msgs/srv/RfdRemoval_Request.msg
[2.359s] -- Up-to-date symlink: /home/wheeltec/wheeltec_ros2/install/lslidar_msgs/share/lslidar_msgs/srv/RfdRemoval_Response.msg
[2.359s] -- Up-to-date symlink: /home/wheeltec/wheeltec_ros2/install/lslidar_msgs/share/lslidar_msgs/srv/StandbyMode.srv
[2.360s] -- Up-to-date symlink: /home/wheeltec/wheeltec_ros2/install/lslidar_msgs/share/lslidar_msgs/srv/StandbyMode_Request.msg
[2.360s] -- Up-to-date symlink: /home/wheeltec/wheeltec_ros2/install/lslidar_msgs/share/lslidar_msgs/srv/StandbyMode_Response.msg
[2.361s] -- Up-to-date symlink: /home/wheeltec/wheeltec_ros2/install/lslidar_msgs/share/lslidar_msgs/srv/TailRemoval.srv
[2.361s] -- Up-to-date symlink: /home/wheeltec/wheeltec_ros2/install/lslidar_msgs/share/lslidar_msgs/srv/TailRemoval_Request.msg
[2.362s] -- Up-to-date symlink: /home/wheeltec/wheeltec_ros2/install/lslidar_msgs/share/lslidar_msgs/srv/TailRemoval_Response.msg
[2.362s] -- Up-to-date symlink: /home/wheeltec/wheeltec_ros2/install/lslidar_msgs/share/lslidar_msgs/srv/TimeMode.srv
[2.362s] -- Up-to-date symlink: /home/wheeltec/wheeltec_ros2/install/lslidar_msgs/share/lslidar_msgs/srv/TimeMode_Request.msg
[2.363s] -- Up-to-date symlink: /home/wheeltec/wheeltec_ros2/install/lslidar_msgs/share/lslidar_msgs/srv/TimeMode_Response.msg
[2.363s] -- Up-to-date symlink: /home/wheeltec/wheeltec_ros2/install/lslidar_msgs/share/ament_index/resource_index/package_run_dependencies/lslidar_msgs
[2.363s] -- Up-to-date symlink: /home/wheeltec/wheeltec_ros2/install/lslidar_msgs/share/ament_index/resource_index/parent_prefix_path/lslidar_msgs
[2.364s] -- Up-to-date symlink: /home/wheeltec/wheeltec_ros2/install/lslidar_msgs/share/lslidar_msgs/environment/ament_prefix_path.sh
[2.364s] -- Up-to-date symlink: /home/wheeltec/wheeltec_ros2/install/lslidar_msgs/share/lslidar_msgs/environment/ament_prefix_path.dsv
[2.365s] -- Up-to-date symlink: /home/wheeltec/wheeltec_ros2/install/lslidar_msgs/share/lslidar_msgs/environment/path.sh
[2.365s] -- Up-to-date symlink: /home/wheeltec/wheeltec_ros2/install/lslidar_msgs/share/lslidar_msgs/environment/path.dsv
[2.365s] -- Up-to-date symlink: /home/wheeltec/wheeltec_ros2/install/lslidar_msgs/share/lslidar_msgs/local_setup.bash
[2.366s] -- Up-to-date symlink: /home/wheeltec/wheeltec_ros2/install/lslidar_msgs/share/lslidar_msgs/local_setup.sh
[2.366s] -- Up-to-date symlink: /home/wheeltec/wheeltec_ros2/install/lslidar_msgs/share/lslidar_msgs/local_setup.zsh
[2.366s] -- Up-to-date symlink: /home/wheeltec/wheeltec_ros2/install/lslidar_msgs/share/lslidar_msgs/local_setup.dsv
[2.367s] -- Symlinking: /home/wheeltec/wheeltec_ros2/install/lslidar_msgs/share/lslidar_msgs/package.dsv
[2.385s] -- Up-to-date symlink: /home/wheeltec/wheeltec_ros2/install/lslidar_msgs/share/ament_index/resource_index/packages/lslidar_msgs
[2.386s] -- Up-to-date symlink: /home/wheeltec/wheeltec_ros2/install/lslidar_msgs/share/lslidar_msgs/cmake/rosidl_cmake-extras.cmake
[2.386s] -- Up-to-date symlink: /home/wheeltec/wheeltec_ros2/install/lslidar_msgs/share/lslidar_msgs/cmake/ament_cmake_export_dependencies-extras.cmake
[2.386s] -- Up-to-date symlink: /home/wheeltec/wheeltec_ros2/install/lslidar_msgs/share/lslidar_msgs/cmake/ament_cmake_export_include_directories-extras.cmake
[2.387s] -- Up-to-date symlink: /home/wheeltec/wheeltec_ros2/install/lslidar_msgs/share/lslidar_msgs/cmake/ament_cmake_export_libraries-extras.cmake
[2.387s] -- Up-to-date symlink: /home/wheeltec/wheeltec_ros2/install/lslidar_msgs/share/lslidar_msgs/cmake/ament_cmake_export_targets-extras.cmake
[2.388s] -- Up-to-date symlink: /home/wheeltec/wheeltec_ros2/install/lslidar_msgs/share/lslidar_msgs/cmake/rosidl_cmake_export_typesupport_targets-extras.cmake
[2.388s] -- Up-to-date symlink: /home/wheeltec/wheeltec_ros2/install/lslidar_msgs/share/lslidar_msgs/cmake/rosidl_cmake_export_typesupport_libraries-extras.cmake
[2.388s] -- Up-to-date symlink: /home/wheeltec/wheeltec_ros2/install/lslidar_msgs/share/lslidar_msgs/cmake/lslidar_msgsConfig.cmake
[2.388s] -- Up-to-date symlink: /home/wheeltec/wheeltec_ros2/install/lslidar_msgs/share/lslidar_msgs/cmake/lslidar_msgsConfig-version.cmake
[2.389s] -- Up-to-date symlink: /home/wheeltec/wheeltec_ros2/install/lslidar_msgs/share/lslidar_msgs/package.xml
[2.390s] -- Up-to-date: /home/wheeltec/wheeltec_ros2/install/lslidar_msgs/lib/liblslidar_msgs__rosidl_generator_c.so
[2.391s] -- Up-to-date: /home/wheeltec/wheeltec_ros2/install/lslidar_msgs/lib/liblslidar_msgs__rosidl_typesupport_fastrtps_c.so
[2.392s] -- Up-to-date: /home/wheeltec/wheeltec_ros2/install/lslidar_msgs/lib/liblslidar_msgs__rosidl_typesupport_introspection_c.so
[2.393s] -- Up-to-date: /home/wheeltec/wheeltec_ros2/install/lslidar_msgs/lib/liblslidar_msgs__rosidl_typesupport_c.so
[2.394s] -- Up-to-date: /home/wheeltec/wheeltec_ros2/install/lslidar_msgs/lib/liblslidar_msgs__rosidl_typesupport_fastrtps_cpp.so
[2.395s] -- Up-to-date: /home/wheeltec/wheeltec_ros2/install/lslidar_msgs/lib/liblslidar_msgs__rosidl_typesupport_introspection_cpp.so
[2.395s] -- Up-to-date: /home/wheeltec/wheeltec_ros2/install/lslidar_msgs/lib/liblslidar_msgs__rosidl_typesupport_cpp.so
[2.564s] Listing '/home/wheeltec/wheeltec_ros2/install/lslidar_msgs/local/lib/python3.10/dist-packages/lslidar_msgs'...
[2.565s] Listing '/home/wheeltec/wheeltec_ros2/install/lslidar_msgs/local/lib/python3.10/dist-packages/lslidar_msgs/msg'...
[2.565s] Listing '/home/wheeltec/wheeltec_ros2/install/lslidar_msgs/local/lib/python3.10/dist-packages/lslidar_msgs/srv'...
[2.577s] -- Up-to-date: /home/wheeltec/wheeltec_ros2/install/lslidar_msgs/lib/liblslidar_msgs__rosidl_generator_py.so
[2.578s] -- Up-to-date: /home/wheeltec/wheeltec_ros2/install/lslidar_msgs/share/lslidar_msgs/cmake/export_lslidar_msgs__rosidl_generator_cExport.cmake
[2.578s] -- Up-to-date: /home/wheeltec/wheeltec_ros2/install/lslidar_msgs/share/lslidar_msgs/cmake/export_lslidar_msgs__rosidl_generator_cExport-noconfig.cmake
[2.579s] -- Up-to-date: /home/wheeltec/wheeltec_ros2/install/lslidar_msgs/share/lslidar_msgs/cmake/export_lslidar_msgs__rosidl_typesupport_fastrtps_cExport.cmake
[2.579s] -- Up-to-date: /home/wheeltec/wheeltec_ros2/install/lslidar_msgs/share/lslidar_msgs/cmake/export_lslidar_msgs__rosidl_typesupport_fastrtps_cExport-noconfig.cmake
[2.579s] -- Up-to-date: /home/wheeltec/wheeltec_ros2/install/lslidar_msgs/share/lslidar_msgs/cmake/lslidar_msgs__rosidl_typesupport_introspection_cExport.cmake
[2.579s] -- Up-to-date: /home/wheeltec/wheeltec_ros2/install/lslidar_msgs/share/lslidar_msgs/cmake/lslidar_msgs__rosidl_typesupport_introspection_cExport-noconfig.cmake
[2.580s] -- Up-to-date: /home/wheeltec/wheeltec_ros2/install/lslidar_msgs/share/lslidar_msgs/cmake/lslidar_msgs__rosidl_typesupport_cExport.cmake
[2.580s] -- Up-to-date: /home/wheeltec/wheeltec_ros2/install/lslidar_msgs/share/lslidar_msgs/cmake/lslidar_msgs__rosidl_typesupport_cExport-noconfig.cmake
[2.580s] -- Up-to-date: /home/wheeltec/wheeltec_ros2/install/lslidar_msgs/share/lslidar_msgs/cmake/export_lslidar_msgs__rosidl_generator_cppExport.cmake
[2.581s] -- Up-to-date: /home/wheeltec/wheeltec_ros2/install/lslidar_msgs/share/lslidar_msgs/cmake/export_lslidar_msgs__rosidl_typesupport_fastrtps_cppExport.cmake
[2.581s] -- Up-to-date: /home/wheeltec/wheeltec_ros2/install/lslidar_msgs/share/lslidar_msgs/cmake/export_lslidar_msgs__rosidl_typesupport_fastrtps_cppExport-noconfig.cmake
[2.581s] -- Up-to-date: /home/wheeltec/wheeltec_ros2/install/lslidar_msgs/share/lslidar_msgs/cmake/lslidar_msgs__rosidl_typesupport_introspection_cppExport.cmake
[2.581s] -- Up-to-date: /home/wheeltec/wheeltec_ros2/install/lslidar_msgs/share/lslidar_msgs/cmake/lslidar_msgs__rosidl_typesupport_introspection_cppExport-noconfig.cmake
[2.582s] -- Up-to-date: /home/wheeltec/wheeltec_ros2/install/lslidar_msgs/share/lslidar_msgs/cmake/lslidar_msgs__rosidl_typesupport_cppExport.cmake
[2.582s] -- Up-to-date: /home/wheeltec/wheeltec_ros2/install/lslidar_msgs/share/lslidar_msgs/cmake/lslidar_msgs__rosidl_typesupport_cppExport-noconfig.cmake
[2.582s] -- Up-to-date: /home/wheeltec/wheeltec_ros2/install/lslidar_msgs/share/lslidar_msgs/cmake/export_lslidar_msgs__rosidl_generator_pyExport.cmake
[2.582s] -- Up-to-date: /home/wheeltec/wheeltec_ros2/install/lslidar_msgs/share/lslidar_msgs/cmake/export_lslidar_msgs__rosidl_generator_pyExport-noconfig.cmake
[2.693s] Invoked command in '/home/wheeltec/wheeltec_ros2/build/lslidar_msgs' returned '0': CMAKE_PREFIX_PATH=${CMAKE_PREFIX_PATH}:/home/wheeltec/wheeltec_ros2/install/wheeltec_robot_keyboard:/home/wheeltec/wheeltec_ros2/install/wheeltec_dual_rtk_driver:/home/wheeltec/wheeltec_ros2/install/ultralytics_ros2:/home/wheeltec/wheeltec_ros2/install/tf2_tools:/home/wheeltec/wheeltec_ros2/install/nav2_waypoint_cycle:/home/wheeltec/wheeltec_ros2/install/nav2_simple_commander:/home/wheeltec/wheeltec_ros2/install/auto_recharge_ros2:/home/wheeltec/autoware/install/autoware_wheeltec_interface:/home/wheeltec/autoware/install/ad_api_visualizers:/opt/ros/humble /usr/bin/cmake --install /home/wheeltec/wheeltec_ros2/build/lslidar_msgs
