[0.086s] Invoking command in '/home/wheeltec/wheeltec_ros2/build/usb_cam': CMAKE_PREFIX_PATH=${CMAKE_PREFIX_PATH}:/home/wheeltec/wheeltec_ros2/install/auto_recharge_ros2:/home/wheeltec/autoware/install/autoware_wheeltec_interface:/home/wheeltec/autoware/install/ad_api_visualizers:/opt/ros/humble /usr/bin/cmake /home/wheeltec/wheeltec_ros2/src/usb_cam-ros2 -DAMENT_CMAKE_SYMLINK_INSTALL=1 -DCMAKE_INSTALL_PREFIX=/home/wheeltec/wheeltec_ros2/install/usb_cam
[0.627s] -- The C compiler identification is GNU 11.4.0
[0.627s] -- The CXX compiler identification is GNU 11.4.0
[0.627s] -- Detecting C compiler ABI info
[0.627s] -- Detecting C compiler ABI info - done
[0.627s] -- Check for working C compiler: /usr/bin/cc - skipped
[0.627s] -- Detecting C compile features
[0.627s] -- Detecting C compile features - done
[0.627s] -- Detecting CXX compiler ABI info
[0.827s] -- Detecting CXX compiler ABI info - done
[0.838s] -- Check for working CXX compiler: /usr/bin/c++ - skipped
[0.838s] -- Detecting CXX compile features
[0.838s] -- Detecting CXX compile features - done
[0.897s] -- Found ament_cmake_auto: 1.3.7 (/home/wheeltec/autoware/install/ament_cmake_auto/share/ament_cmake_auto/cmake)
[2.193s] -- Found Python3: /usr/bin/python3.10 (found version "3.10.12") found components: Interpreter 
[2.454s] -- Override CMake install command with custom implementation using symlinks instead of copying resources
[3.810s] -- Looking for pthread.h
[3.981s] -- Looking for pthread.h - found
[3.981s] -- Performing Test CMAKE_HAVE_LIBC_PTHREAD
[4.165s] -- Performing Test CMAKE_HAVE_LIBC_PTHREAD - Success
[4.167s] -- Found Threads: TRUE  
[4.308s] -- Found CUDA: /usr/local/cuda (found suitable exact version "12.6") 
[4.942s] -- Found rosidl_generator_c: 3.1.6 (/opt/ros/humble/share/rosidl_generator_c/cmake)
[5.062s] -- Found rosidl_adapter: 3.1.6 (/opt/ros/humble/share/rosidl_adapter/cmake)
[5.187s] -- Found rosidl_generator_cpp: 3.1.6 (/opt/ros/humble/share/rosidl_generator_cpp/cmake)
[5.375s] -- Using all available rosidl_typesupport_c: rosidl_typesupport_fastrtps_c;rosidl_typesupport_introspection_c
[5.630s] -- Using all available rosidl_typesupport_cpp: rosidl_typesupport_fastrtps_cpp;rosidl_typesupport_introspection_cpp
[6.834s] -- Found rmw_implementation_cmake: 6.1.2 (/opt/ros/humble/share/rmw_implementation_cmake/cmake)
[6.950s] -- Found rmw_fastrtps_cpp: 6.2.7 (/opt/ros/humble/share/rmw_fastrtps_cpp/cmake)
[7.567s] -- Found OpenSSL: /usr/lib/aarch64-linux-gnu/libcrypto.so (found version "3.0.2")  
[7.715s] -- Found FastRTPS: /opt/ros/humble/include  
[7.979s] -- Using RMW implementation 'rmw_fastrtps_cpp' as default
[10.405s] -- Found OpenCV: /usr/local (found version "4.10.0") 
[10.423s] -- Found PkgConfig: /usr/bin/pkg-config (found version "0.29.2") 
[10.425s] -- Checking for module 'libavcodec'
[10.529s] --   Found libavcodec, version 58.134.100
[10.699s] -- Checking for module 'libavutil'
[10.773s] --   Found libavutil, version 56.70.100
[10.850s] -- Checking for module 'libswscale'
[10.994s] --   Found libswscale, version 5.9.100
[11.728s] -- Found ament_lint_auto: 0.12.11 (/opt/ros/humble/share/ament_lint_auto/cmake)
[12.452s] -- Found gtest sources under '/opt/ros/humble/src/gtest_vendor': C++ tests using 'Google Test' will be built
[12.483s] -- Added test 'copyright' to check source files copyright and LICENSE
[12.530s] -- Added test 'cppcheck' to perform static code analysis on C / C++ code
[12.530s] -- Configured cppcheck include dirs: /home/wheeltec/wheeltec_ros2/src/usb_cam-ros2/include
[12.530s] -- Configured cppcheck exclude dirs and/or files: 
[12.547s] -- Added test 'cpplint' to check C / C++ code against the Google style
[12.547s] -- Configured cpplint exclude dirs and/or files: 
[12.569s] -- Added test 'flake8' to check Python code syntax and style conventions
[12.591s] -- Added test 'lint_cmake' to check CMake code style
[12.602s] -- Added test 'pep257' to check Python code against some of the docstring style conventions in PEP 257
[12.621s] -- Added test 'uncrustify' to check C / C++ code style
[12.621s] -- Configured uncrustify additional arguments: 
[12.637s] -- Added test 'xmllint' to check XML markup files
[12.672s] -- Configuring done
[12.748s] -- Generating done
[12.773s] -- Build files have been written to: /home/wheeltec/wheeltec_ros2/build/usb_cam
[12.833s] Invoked command in '/home/wheeltec/wheeltec_ros2/build/usb_cam' returned '0': CMAKE_PREFIX_PATH=${CMAKE_PREFIX_PATH}:/home/wheeltec/wheeltec_ros2/install/auto_recharge_ros2:/home/wheeltec/autoware/install/autoware_wheeltec_interface:/home/wheeltec/autoware/install/ad_api_visualizers:/opt/ros/humble /usr/bin/cmake /home/wheeltec/wheeltec_ros2/src/usb_cam-ros2 -DAMENT_CMAKE_SYMLINK_INSTALL=1 -DCMAKE_INSTALL_PREFIX=/home/wheeltec/wheeltec_ros2/install/usb_cam
[12.835s] Invoking command in '/home/wheeltec/wheeltec_ros2/build/usb_cam': CMAKE_PREFIX_PATH=${CMAKE_PREFIX_PATH}:/home/wheeltec/wheeltec_ros2/install/auto_recharge_ros2:/home/wheeltec/autoware/install/autoware_wheeltec_interface:/home/wheeltec/autoware/install/ad_api_visualizers:/opt/ros/humble /usr/bin/cmake --build /home/wheeltec/wheeltec_ros2/build/usb_cam -- -j6 -l6
[13.777s] [  7%] [32mBuilding CXX object CMakeFiles/usb_cam.dir/src/usb_cam.cpp.o[0m
[16.059s] [ 14%] [32m[1mLinking CXX shared library libusb_cam.so[0m
[16.437s] [ 14%] Built target usb_cam
[16.479s] [ 21%] [32mBuilding CXX object gtest/CMakeFiles/gtest.dir/src/gtest-all.cc.o[0m
[21.960s] [ 28%] [32m[1mLinking CXX static library libgtest.a[0m
[22.117s] [ 28%] Built target gtest
[22.183s] [ 35%] [32mBuilding CXX object CMakeFiles/usb_cam_node.dir/src/usb_cam_node.cpp.o[0m
[35.180s] [ 42%] [32m[1mLinking CXX shared library libusb_cam_node.so[0m
[36.555s] [ 42%] Built target usb_cam_node
[36.599s] [ 50%] [32mBuilding CXX object gtest/CMakeFiles/gtest_main.dir/src/gtest_main.cc.o[0m
[37.853s] [ 57%] [32m[1mLinking CXX static library libgtest_main.a[0m
[37.926s] [ 57%] Built target gtest_main
[37.970s] [ 64%] [32mBuilding CXX object CMakeFiles/usb_cam_node_exe.dir/rclcpp_components/node_main_usb_cam_node_exe.cpp.o[0m
[44.451s] [ 71%] [32m[1mLinking CXX executable usb_cam_node_exe[0m
[44.780s] [ 71%] Built target usb_cam_node_exe
[44.843s] [ 78%] [32mBuilding CXX object CMakeFiles/test_pixel_formats.dir/test/test_pixel_formats.cpp.o[0m
[46.476s] [ 85%] [32m[1mLinking CXX executable test_pixel_formats[0m
[47.729s] [ 85%] Built target test_pixel_formats
[47.833s] [ 92%] [32mBuilding CXX object CMakeFiles/test_usb_cam_utils.dir/test/test_usb_cam_utils.cpp.o[0m
[50.013s] [100%] [32m[1mLinking CXX executable test_usb_cam_utils[0m
[51.427s] [100%] Built target test_usb_cam_utils
[51.474s] Invoked command in '/home/wheeltec/wheeltec_ros2/build/usb_cam' returned '0': CMAKE_PREFIX_PATH=${CMAKE_PREFIX_PATH}:/home/wheeltec/wheeltec_ros2/install/auto_recharge_ros2:/home/wheeltec/autoware/install/autoware_wheeltec_interface:/home/wheeltec/autoware/install/ad_api_visualizers:/opt/ros/humble /usr/bin/cmake --build /home/wheeltec/wheeltec_ros2/build/usb_cam -- -j6 -l6
[51.475s] Invoking command in '/home/wheeltec/wheeltec_ros2/build/usb_cam': CMAKE_PREFIX_PATH=${CMAKE_PREFIX_PATH}:/home/wheeltec/wheeltec_ros2/install/auto_recharge_ros2:/home/wheeltec/autoware/install/autoware_wheeltec_interface:/home/wheeltec/autoware/install/ad_api_visualizers:/opt/ros/humble /usr/bin/cmake --install /home/wheeltec/wheeltec_ros2/build/usb_cam
[63.417s] -- Install configuration: ""
[63.418s] -- Execute custom install script
[63.418s] -- Symlinking: /home/wheeltec/wheeltec_ros2/install/usb_cam/share/usb_cam/environment/library_path.sh
[63.418s] -- Symlinking: /home/wheeltec/wheeltec_ros2/install/usb_cam/share/usb_cam/environment/library_path.dsv
[63.418s] -- Symlinking: /home/wheeltec/wheeltec_ros2/install/usb_cam/lib/usb_cam/usb_cam_node_exe
[63.419s] -- Symlinking: /home/wheeltec/wheeltec_ros2/install/usb_cam/lib/usb_cam/show_image.py
[63.419s] -- Symlinking: /home/wheeltec/wheeltec_ros2/install/usb_cam/lib/libusb_cam.so
[63.419s] -- Symlinking: /home/wheeltec/wheeltec_ros2/install/usb_cam/lib/libusb_cam_node.so
[63.419s] -- Symlinking: /home/wheeltec/wheeltec_ros2/install/usb_cam/include/usb_cam/constants.hpp
[63.419s] -- Symlinking: /home/wheeltec/wheeltec_ros2/install/usb_cam/include/usb_cam/conversions.hpp
[63.419s] -- Symlinking: /home/wheeltec/wheeltec_ros2/install/usb_cam/include/usb_cam/formats/m420.hpp
[63.419s] -- Symlinking: /home/wheeltec/wheeltec_ros2/install/usb_cam/include/usb_cam/formats/mjpeg.hpp
[63.419s] -- Symlinking: /home/wheeltec/wheeltec_ros2/install/usb_cam/include/usb_cam/formats/mono.hpp
[63.419s] -- Symlinking: /home/wheeltec/wheeltec_ros2/install/usb_cam/include/usb_cam/formats/pixel_format_base.hpp
[63.419s] -- Symlinking: /home/wheeltec/wheeltec_ros2/install/usb_cam/include/usb_cam/formats/rgb.hpp
[63.419s] -- Symlinking: /home/wheeltec/wheeltec_ros2/install/usb_cam/include/usb_cam/formats/utils.hpp
[63.420s] -- Symlinking: /home/wheeltec/wheeltec_ros2/install/usb_cam/include/usb_cam/formats/uyvy.hpp
[63.420s] -- Symlinking: /home/wheeltec/wheeltec_ros2/install/usb_cam/include/usb_cam/formats/yuyv.hpp
[63.420s] -- Symlinking: /home/wheeltec/wheeltec_ros2/install/usb_cam/include/usb_cam/usb_cam.hpp
[63.420s] -- Symlinking: /home/wheeltec/wheeltec_ros2/install/usb_cam/include/usb_cam/usb_cam_node.hpp
[63.420s] -- Symlinking: /home/wheeltec/wheeltec_ros2/install/usb_cam/include/usb_cam/utils.hpp
[63.420s] -- Up-to-date symlink: /home/wheeltec/wheeltec_ros2/install/usb_cam/lib/libusb_cam_node.so
[63.420s] -- Symlinking: /home/wheeltec/wheeltec_ros2/install/usb_cam/share/usb_cam/launch/demo.launch.py
[63.420s] -- Symlinking: /home/wheeltec/wheeltec_ros2/install/usb_cam/share/usb_cam/launch/usb_cam_launch.py
[63.420s] -- Symlinking: /home/wheeltec/wheeltec_ros2/install/usb_cam/share/usb_cam/config/camera_info.yaml
[63.421s] -- Symlinking: /home/wheeltec/wheeltec_ros2/install/usb_cam/share/usb_cam/config/params.yaml
[63.421s] -- Symlinking: /home/wheeltec/wheeltec_ros2/install/usb_cam/share/ament_index/resource_index/package_run_dependencies/usb_cam
[63.421s] -- Symlinking: /home/wheeltec/wheeltec_ros2/install/usb_cam/share/ament_index/resource_index/parent_prefix_path/usb_cam
[63.421s] -- Symlinking: /home/wheeltec/wheeltec_ros2/install/usb_cam/share/usb_cam/environment/ament_prefix_path.sh
[63.421s] -- Symlinking: /home/wheeltec/wheeltec_ros2/install/usb_cam/share/usb_cam/environment/ament_prefix_path.dsv
[63.421s] -- Symlinking: /home/wheeltec/wheeltec_ros2/install/usb_cam/share/usb_cam/environment/path.sh
[63.421s] -- Symlinking: /home/wheeltec/wheeltec_ros2/install/usb_cam/share/usb_cam/environment/path.dsv
[63.421s] -- Symlinking: /home/wheeltec/wheeltec_ros2/install/usb_cam/share/usb_cam/local_setup.bash
[63.422s] -- Symlinking: /home/wheeltec/wheeltec_ros2/install/usb_cam/share/usb_cam/local_setup.sh
[63.422s] -- Symlinking: /home/wheeltec/wheeltec_ros2/install/usb_cam/share/usb_cam/local_setup.zsh
[63.422s] -- Symlinking: /home/wheeltec/wheeltec_ros2/install/usb_cam/share/usb_cam/local_setup.dsv
[63.422s] -- Symlinking: /home/wheeltec/wheeltec_ros2/install/usb_cam/share/usb_cam/package.dsv
[63.422s] -- Symlinking: /home/wheeltec/wheeltec_ros2/install/usb_cam/share/ament_index/resource_index/packages/usb_cam
[63.422s] -- Symlinking: /home/wheeltec/wheeltec_ros2/install/usb_cam/share/ament_index/resource_index/rclcpp_components/usb_cam
[63.422s] -- Symlinking: /home/wheeltec/wheeltec_ros2/install/usb_cam/share/usb_cam/cmake/ament_cmake_export_libraries-extras.cmake
[63.422s] -- Symlinking: /home/wheeltec/wheeltec_ros2/install/usb_cam/share/usb_cam/cmake/ament_cmake_export_dependencies-extras.cmake
[63.423s] -- Symlinking: /home/wheeltec/wheeltec_ros2/install/usb_cam/share/usb_cam/cmake/ament_cmake_export_include_directories-extras.cmake
[63.423s] -- Symlinking: /home/wheeltec/wheeltec_ros2/install/usb_cam/share/usb_cam/cmake/usb_camConfig.cmake
[63.423s] -- Symlinking: /home/wheeltec/wheeltec_ros2/install/usb_cam/share/usb_cam/cmake/usb_camConfig-version.cmake
[63.423s] -- Symlinking: /home/wheeltec/wheeltec_ros2/install/usb_cam/share/usb_cam/package.xml
[63.437s] Invoked command in '/home/wheeltec/wheeltec_ros2/build/usb_cam' returned '0': CMAKE_PREFIX_PATH=${CMAKE_PREFIX_PATH}:/home/wheeltec/wheeltec_ros2/install/auto_recharge_ros2:/home/wheeltec/autoware/install/autoware_wheeltec_interface:/home/wheeltec/autoware/install/ad_api_visualizers:/opt/ros/humble /usr/bin/cmake --install /home/wheeltec/wheeltec_ros2/build/usb_cam
