[0.156s] Invoking command in '/home/wheeltec/wheeltec_ros2/build/wheeltec_mic_msg': CMAKE_PREFIX_PATH=${CMAKE_PREFIX_PATH}:/home/wheeltec/wheeltec_ros2/install/wheeltec_robot_keyboard:/home/wheeltec/wheeltec_ros2/install/wheeltec_dual_rtk_driver:/home/wheeltec/wheeltec_ros2/install/ultralytics_ros2:/home/wheeltec/wheeltec_ros2/install/tf2_tools:/home/wheeltec/wheeltec_ros2/install/nav2_waypoint_cycle:/home/wheeltec/wheeltec_ros2/install/nav2_simple_commander:/home/wheeltec/wheeltec_ros2/install/auto_recharge_ros2:/home/wheeltec/autoware/install/autoware_wheeltec_interface:/home/wheeltec/autoware/install/ad_api_visualizers:/opt/ros/humble /usr/bin/cmake --build /home/wheeltec/wheeltec_ros2/build/wheeltec_mic_msg -- -j6 -l6
[0.292s] [  1%] Built target wheeltec_mic_msg__cpp
[0.324s] [ 12%] Built target wheeltec_mic_msg__rosidl_generator_c
[0.345s] [ 12%] Built target ament_cmake_python_symlink_wheeltec_mic_msg
[0.425s] [ 34%] Built target wheeltec_mic_msg__rosidl_typesupport_fastrtps_cpp
[0.425s] [ 35%] Built target wheeltec_mic_msg__rosidl_typesupport_fastrtps_c
[0.428s] [ 46%] Built target wheeltec_mic_msg__rosidl_typesupport_cpp
[0.432s] [ 58%] Built target wheeltec_mic_msg__rosidl_typesupport_introspection_cpp
[0.476s] [ 69%] Built target wheeltec_mic_msg__rosidl_typesupport_introspection_c
[0.482s] [ 81%] Built target wheeltec_mic_msg__rosidl_typesupport_c
[0.545s] [ 81%] Built target wheeltec_mic_msg
[0.632s] [ 82%] Built target wheeltec_mic_msg__py
[0.704s] [ 92%] Built target wheeltec_mic_msg__rosidl_generator_py
[0.823s] [ 94%] Built target wheeltec_mic_msg__rosidl_typesupport_introspection_c__pyext
[0.827s] [ 97%] Built target wheeltec_mic_msg__rosidl_typesupport_fastrtps_c__pyext
[0.836s] [100%] Built target wheeltec_mic_msg__rosidl_typesupport_c__pyext
[1.378s] running egg_info
[1.379s] writing wheeltec_mic_msg.egg-info/PKG-INFO
[1.380s] writing dependency_links to wheeltec_mic_msg.egg-info/dependency_links.txt
[1.380s] writing top-level names to wheeltec_mic_msg.egg-info/top_level.txt
[1.392s] reading manifest file 'wheeltec_mic_msg.egg-info/SOURCES.txt'
[1.393s] writing manifest file 'wheeltec_mic_msg.egg-info/SOURCES.txt'
[1.503s] [100%] Built target ament_cmake_python_build_wheeltec_mic_msg_egg
[1.538s] Invoked command in '/home/wheeltec/wheeltec_ros2/build/wheeltec_mic_msg' returned '0': CMAKE_PREFIX_PATH=${CMAKE_PREFIX_PATH}:/home/wheeltec/wheeltec_ros2/install/wheeltec_robot_keyboard:/home/wheeltec/wheeltec_ros2/install/wheeltec_dual_rtk_driver:/home/wheeltec/wheeltec_ros2/install/ultralytics_ros2:/home/wheeltec/wheeltec_ros2/install/tf2_tools:/home/wheeltec/wheeltec_ros2/install/nav2_waypoint_cycle:/home/wheeltec/wheeltec_ros2/install/nav2_simple_commander:/home/wheeltec/wheeltec_ros2/install/auto_recharge_ros2:/home/wheeltec/autoware/install/autoware_wheeltec_interface:/home/wheeltec/autoware/install/ad_api_visualizers:/opt/ros/humble /usr/bin/cmake --build /home/wheeltec/wheeltec_ros2/build/wheeltec_mic_msg -- -j6 -l6
[1.542s] Invoking command in '/home/wheeltec/wheeltec_ros2/build/wheeltec_mic_msg': CMAKE_PREFIX_PATH=${CMAKE_PREFIX_PATH}:/home/wheeltec/wheeltec_ros2/install/wheeltec_robot_keyboard:/home/wheeltec/wheeltec_ros2/install/wheeltec_dual_rtk_driver:/home/wheeltec/wheeltec_ros2/install/ultralytics_ros2:/home/wheeltec/wheeltec_ros2/install/tf2_tools:/home/wheeltec/wheeltec_ros2/install/nav2_waypoint_cycle:/home/wheeltec/wheeltec_ros2/install/nav2_simple_commander:/home/wheeltec/wheeltec_ros2/install/auto_recharge_ros2:/home/wheeltec/autoware/install/autoware_wheeltec_interface:/home/wheeltec/autoware/install/ad_api_visualizers:/opt/ros/humble /usr/bin/cmake --install /home/wheeltec/wheeltec_ros2/build/wheeltec_mic_msg
[1.563s] -- Install configuration: ""
[1.567s] -- Execute custom install script
[1.567s] -- Up-to-date symlink: /home/wheeltec/wheeltec_ros2/install/wheeltec_mic_msg/share/ament_index/resource_index/rosidl_interfaces/wheeltec_mic_msg
[1.567s] -- Up-to-date symlink: /home/wheeltec/wheeltec_ros2/install/wheeltec_mic_msg/include/wheeltec_mic_msg/wheeltec_mic_msg/msg/detail/motion_control__functions.h
[1.568s] -- Up-to-date symlink: /home/wheeltec/wheeltec_ros2/install/wheeltec_mic_msg/include/wheeltec_mic_msg/wheeltec_mic_msg/msg/detail/motion_control__struct.h
[1.568s] -- Up-to-date symlink: /home/wheeltec/wheeltec_ros2/install/wheeltec_mic_msg/include/wheeltec_mic_msg/wheeltec_mic_msg/msg/detail/motion_control__type_support.h
[1.568s] -- Up-to-date symlink: /home/wheeltec/wheeltec_ros2/install/wheeltec_mic_msg/include/wheeltec_mic_msg/wheeltec_mic_msg/msg/detail/pcm_msg__functions.h
[1.568s] -- Up-to-date symlink: /home/wheeltec/wheeltec_ros2/install/wheeltec_mic_msg/include/wheeltec_mic_msg/wheeltec_mic_msg/msg/detail/pcm_msg__struct.h
[1.569s] -- Up-to-date symlink: /home/wheeltec/wheeltec_ros2/install/wheeltec_mic_msg/include/wheeltec_mic_msg/wheeltec_mic_msg/msg/detail/pcm_msg__type_support.h
[1.569s] -- Up-to-date symlink: /home/wheeltec/wheeltec_ros2/install/wheeltec_mic_msg/include/wheeltec_mic_msg/wheeltec_mic_msg/msg/motion_control.h
[1.569s] -- Up-to-date symlink: /home/wheeltec/wheeltec_ros2/install/wheeltec_mic_msg/include/wheeltec_mic_msg/wheeltec_mic_msg/msg/pcm_msg.h
[1.569s] -- Up-to-date symlink: /home/wheeltec/wheeltec_ros2/install/wheeltec_mic_msg/include/wheeltec_mic_msg/wheeltec_mic_msg/msg/rosidl_generator_c__visibility_control.h
[1.569s] -- Up-to-date symlink: /home/wheeltec/wheeltec_ros2/install/wheeltec_mic_msg/include/wheeltec_mic_msg/wheeltec_mic_msg/srv/detail/get_device_type__functions.h
[1.570s] -- Up-to-date symlink: /home/wheeltec/wheeltec_ros2/install/wheeltec_mic_msg/include/wheeltec_mic_msg/wheeltec_mic_msg/srv/detail/get_device_type__struct.h
[1.570s] -- Up-to-date symlink: /home/wheeltec/wheeltec_ros2/install/wheeltec_mic_msg/include/wheeltec_mic_msg/wheeltec_mic_msg/srv/detail/get_device_type__type_support.h
[1.571s] -- Up-to-date symlink: /home/wheeltec/wheeltec_ros2/install/wheeltec_mic_msg/include/wheeltec_mic_msg/wheeltec_mic_msg/srv/detail/get_offline_result__functions.h
[1.571s] -- Up-to-date symlink: /home/wheeltec/wheeltec_ros2/install/wheeltec_mic_msg/include/wheeltec_mic_msg/wheeltec_mic_msg/srv/detail/get_offline_result__struct.h
[1.571s] -- Up-to-date symlink: /home/wheeltec/wheeltec_ros2/install/wheeltec_mic_msg/include/wheeltec_mic_msg/wheeltec_mic_msg/srv/detail/get_offline_result__type_support.h
[1.571s] -- Up-to-date symlink: /home/wheeltec/wheeltec_ros2/install/wheeltec_mic_msg/include/wheeltec_mic_msg/wheeltec_mic_msg/srv/detail/set_awake_word__functions.h
[1.572s] -- Up-to-date symlink: /home/wheeltec/wheeltec_ros2/install/wheeltec_mic_msg/include/wheeltec_mic_msg/wheeltec_mic_msg/srv/detail/set_awake_word__struct.h
[1.572s] -- Up-to-date symlink: /home/wheeltec/wheeltec_ros2/install/wheeltec_mic_msg/include/wheeltec_mic_msg/wheeltec_mic_msg/srv/detail/set_awake_word__type_support.h
[1.573s] -- Up-to-date symlink: /home/wheeltec/wheeltec_ros2/install/wheeltec_mic_msg/include/wheeltec_mic_msg/wheeltec_mic_msg/srv/detail/set_major_mic__functions.h
[1.573s] -- Up-to-date symlink: /home/wheeltec/wheeltec_ros2/install/wheeltec_mic_msg/include/wheeltec_mic_msg/wheeltec_mic_msg/srv/detail/set_major_mic__struct.h
[1.573s] -- Up-to-date symlink: /home/wheeltec/wheeltec_ros2/install/wheeltec_mic_msg/include/wheeltec_mic_msg/wheeltec_mic_msg/srv/detail/set_major_mic__type_support.h
[1.574s] -- Up-to-date symlink: /home/wheeltec/wheeltec_ros2/install/wheeltec_mic_msg/include/wheeltec_mic_msg/wheeltec_mic_msg/srv/detail/switch_mic__functions.h
[1.574s] -- Up-to-date symlink: /home/wheeltec/wheeltec_ros2/install/wheeltec_mic_msg/include/wheeltec_mic_msg/wheeltec_mic_msg/srv/detail/switch_mic__struct.h
[1.574s] -- Up-to-date symlink: /home/wheeltec/wheeltec_ros2/install/wheeltec_mic_msg/include/wheeltec_mic_msg/wheeltec_mic_msg/srv/detail/switch_mic__type_support.h
[1.575s] -- Up-to-date symlink: /home/wheeltec/wheeltec_ros2/install/wheeltec_mic_msg/include/wheeltec_mic_msg/wheeltec_mic_msg/srv/get_device_type.h
[1.575s] -- Up-to-date symlink: /home/wheeltec/wheeltec_ros2/install/wheeltec_mic_msg/include/wheeltec_mic_msg/wheeltec_mic_msg/srv/get_offline_result.h
[1.575s] -- Up-to-date symlink: /home/wheeltec/wheeltec_ros2/install/wheeltec_mic_msg/include/wheeltec_mic_msg/wheeltec_mic_msg/srv/set_awake_word.h
[1.575s] -- Up-to-date symlink: /home/wheeltec/wheeltec_ros2/install/wheeltec_mic_msg/include/wheeltec_mic_msg/wheeltec_mic_msg/srv/set_major_mic.h
[1.576s] -- Up-to-date symlink: /home/wheeltec/wheeltec_ros2/install/wheeltec_mic_msg/include/wheeltec_mic_msg/wheeltec_mic_msg/srv/switch_mic.h
[1.577s] -- Up-to-date symlink: /home/wheeltec/wheeltec_ros2/install/wheeltec_mic_msg/share/wheeltec_mic_msg/environment/library_path.sh
[1.577s] -- Up-to-date symlink: /home/wheeltec/wheeltec_ros2/install/wheeltec_mic_msg/share/wheeltec_mic_msg/environment/library_path.dsv
[1.578s] -- Up-to-date symlink: /home/wheeltec/wheeltec_ros2/install/wheeltec_mic_msg/include/wheeltec_mic_msg/wheeltec_mic_msg/msg/detail/motion_control__rosidl_typesupport_fastrtps_c.h
[1.579s] -- Up-to-date symlink: /home/wheeltec/wheeltec_ros2/install/wheeltec_mic_msg/include/wheeltec_mic_msg/wheeltec_mic_msg/msg/detail/pcm_msg__rosidl_typesupport_fastrtps_c.h
[1.580s] -- Up-to-date symlink: /home/wheeltec/wheeltec_ros2/install/wheeltec_mic_msg/include/wheeltec_mic_msg/wheeltec_mic_msg/msg/rosidl_typesupport_fastrtps_c__visibility_control.h
[1.581s] -- Up-to-date symlink: /home/wheeltec/wheeltec_ros2/install/wheeltec_mic_msg/include/wheeltec_mic_msg/wheeltec_mic_msg/srv/detail/get_device_type__rosidl_typesupport_fastrtps_c.h
[1.581s] -- Up-to-date symlink: /home/wheeltec/wheeltec_ros2/install/wheeltec_mic_msg/include/wheeltec_mic_msg/wheeltec_mic_msg/srv/detail/get_offline_result__rosidl_typesupport_fastrtps_c.h
[1.581s] -- Up-to-date symlink: /home/wheeltec/wheeltec_ros2/install/wheeltec_mic_msg/include/wheeltec_mic_msg/wheeltec_mic_msg/srv/detail/set_awake_word__rosidl_typesupport_fastrtps_c.h
[1.581s] -- Up-to-date symlink: /home/wheeltec/wheeltec_ros2/install/wheeltec_mic_msg/include/wheeltec_mic_msg/wheeltec_mic_msg/srv/detail/set_major_mic__rosidl_typesupport_fastrtps_c.h
[1.581s] -- Up-to-date symlink: /home/wheeltec/wheeltec_ros2/install/wheeltec_mic_msg/include/wheeltec_mic_msg/wheeltec_mic_msg/srv/detail/switch_mic__rosidl_typesupport_fastrtps_c.h
[1.582s] -- Up-to-date symlink: /home/wheeltec/wheeltec_ros2/install/wheeltec_mic_msg/include/wheeltec_mic_msg/wheeltec_mic_msg/msg/detail/motion_control__builder.hpp
[1.583s] -- Up-to-date symlink: /home/wheeltec/wheeltec_ros2/install/wheeltec_mic_msg/include/wheeltec_mic_msg/wheeltec_mic_msg/msg/detail/motion_control__struct.hpp
[1.584s] -- Up-to-date symlink: /home/wheeltec/wheeltec_ros2/install/wheeltec_mic_msg/include/wheeltec_mic_msg/wheeltec_mic_msg/msg/detail/motion_control__traits.hpp
[1.584s] -- Up-to-date symlink: /home/wheeltec/wheeltec_ros2/install/wheeltec_mic_msg/include/wheeltec_mic_msg/wheeltec_mic_msg/msg/detail/motion_control__type_support.hpp
[1.585s] -- Up-to-date symlink: /home/wheeltec/wheeltec_ros2/install/wheeltec_mic_msg/include/wheeltec_mic_msg/wheeltec_mic_msg/msg/detail/pcm_msg__builder.hpp
[1.585s] -- Up-to-date symlink: /home/wheeltec/wheeltec_ros2/install/wheeltec_mic_msg/include/wheeltec_mic_msg/wheeltec_mic_msg/msg/detail/pcm_msg__struct.hpp
[1.587s] -- Up-to-date symlink: /home/wheeltec/wheeltec_ros2/install/wheeltec_mic_msg/include/wheeltec_mic_msg/wheeltec_mic_msg/msg/detail/pcm_msg__traits.hpp
[1.588s] -- Up-to-date symlink: /home/wheeltec/wheeltec_ros2/install/wheeltec_mic_msg/include/wheeltec_mic_msg/wheeltec_mic_msg/msg/detail/pcm_msg__type_support.hpp
[1.589s] -- Up-to-date symlink: /home/wheeltec/wheeltec_ros2/install/wheeltec_mic_msg/include/wheeltec_mic_msg/wheeltec_mic_msg/msg/motion_control.hpp
[1.589s] -- Up-to-date symlink: /home/wheeltec/wheeltec_ros2/install/wheeltec_mic_msg/include/wheeltec_mic_msg/wheeltec_mic_msg/msg/pcm_msg.hpp
[1.589s] -- Up-to-date symlink: /home/wheeltec/wheeltec_ros2/install/wheeltec_mic_msg/include/wheeltec_mic_msg/wheeltec_mic_msg/msg/rosidl_generator_cpp__visibility_control.hpp
[1.590s] -- Up-to-date symlink: /home/wheeltec/wheeltec_ros2/install/wheeltec_mic_msg/include/wheeltec_mic_msg/wheeltec_mic_msg/srv/detail/get_device_type__builder.hpp
[1.590s] -- Up-to-date symlink: /home/wheeltec/wheeltec_ros2/install/wheeltec_mic_msg/include/wheeltec_mic_msg/wheeltec_mic_msg/srv/detail/get_device_type__struct.hpp
[1.590s] -- Up-to-date symlink: /home/wheeltec/wheeltec_ros2/install/wheeltec_mic_msg/include/wheeltec_mic_msg/wheeltec_mic_msg/srv/detail/get_device_type__traits.hpp
[1.591s] -- Up-to-date symlink: /home/wheeltec/wheeltec_ros2/install/wheeltec_mic_msg/include/wheeltec_mic_msg/wheeltec_mic_msg/srv/detail/get_device_type__type_support.hpp
[1.591s] -- Up-to-date symlink: /home/wheeltec/wheeltec_ros2/install/wheeltec_mic_msg/include/wheeltec_mic_msg/wheeltec_mic_msg/srv/detail/get_offline_result__builder.hpp
[1.591s] -- Up-to-date symlink: /home/wheeltec/wheeltec_ros2/install/wheeltec_mic_msg/include/wheeltec_mic_msg/wheeltec_mic_msg/srv/detail/get_offline_result__struct.hpp
[1.591s] -- Up-to-date symlink: /home/wheeltec/wheeltec_ros2/install/wheeltec_mic_msg/include/wheeltec_mic_msg/wheeltec_mic_msg/srv/detail/get_offline_result__traits.hpp
[1.592s] -- Up-to-date symlink: /home/wheeltec/wheeltec_ros2/install/wheeltec_mic_msg/include/wheeltec_mic_msg/wheeltec_mic_msg/srv/detail/get_offline_result__type_support.hpp
[1.592s] -- Up-to-date symlink: /home/wheeltec/wheeltec_ros2/install/wheeltec_mic_msg/include/wheeltec_mic_msg/wheeltec_mic_msg/srv/detail/set_awake_word__builder.hpp
[1.592s] -- Up-to-date symlink: /home/wheeltec/wheeltec_ros2/install/wheeltec_mic_msg/include/wheeltec_mic_msg/wheeltec_mic_msg/srv/detail/set_awake_word__struct.hpp
[1.592s] -- Up-to-date symlink: /home/wheeltec/wheeltec_ros2/install/wheeltec_mic_msg/include/wheeltec_mic_msg/wheeltec_mic_msg/srv/detail/set_awake_word__traits.hpp
[1.593s] -- Up-to-date symlink: /home/wheeltec/wheeltec_ros2/install/wheeltec_mic_msg/include/wheeltec_mic_msg/wheeltec_mic_msg/srv/detail/set_awake_word__type_support.hpp
[1.593s] -- Up-to-date symlink: /home/wheeltec/wheeltec_ros2/install/wheeltec_mic_msg/include/wheeltec_mic_msg/wheeltec_mic_msg/srv/detail/set_major_mic__builder.hpp
[1.593s] -- Up-to-date symlink: /home/wheeltec/wheeltec_ros2/install/wheeltec_mic_msg/include/wheeltec_mic_msg/wheeltec_mic_msg/srv/detail/set_major_mic__struct.hpp
[1.593s] -- Up-to-date symlink: /home/wheeltec/wheeltec_ros2/install/wheeltec_mic_msg/include/wheeltec_mic_msg/wheeltec_mic_msg/srv/detail/set_major_mic__traits.hpp
[1.593s] -- Up-to-date symlink: /home/wheeltec/wheeltec_ros2/install/wheeltec_mic_msg/include/wheeltec_mic_msg/wheeltec_mic_msg/srv/detail/set_major_mic__type_support.hpp
[1.594s] -- Up-to-date symlink: /home/wheeltec/wheeltec_ros2/install/wheeltec_mic_msg/include/wheeltec_mic_msg/wheeltec_mic_msg/srv/detail/switch_mic__builder.hpp
[1.594s] -- Up-to-date symlink: /home/wheeltec/wheeltec_ros2/install/wheeltec_mic_msg/include/wheeltec_mic_msg/wheeltec_mic_msg/srv/detail/switch_mic__struct.hpp
[1.594s] -- Up-to-date symlink: /home/wheeltec/wheeltec_ros2/install/wheeltec_mic_msg/include/wheeltec_mic_msg/wheeltec_mic_msg/srv/detail/switch_mic__traits.hpp
[1.595s] -- Up-to-date symlink: /home/wheeltec/wheeltec_ros2/install/wheeltec_mic_msg/include/wheeltec_mic_msg/wheeltec_mic_msg/srv/detail/switch_mic__type_support.hpp
[1.595s] -- Up-to-date symlink: /home/wheeltec/wheeltec_ros2/install/wheeltec_mic_msg/include/wheeltec_mic_msg/wheeltec_mic_msg/srv/get_device_type.hpp
[1.595s] -- Up-to-date symlink: /home/wheeltec/wheeltec_ros2/install/wheeltec_mic_msg/include/wheeltec_mic_msg/wheeltec_mic_msg/srv/get_offline_result.hpp
[1.595s] -- Up-to-date symlink: /home/wheeltec/wheeltec_ros2/install/wheeltec_mic_msg/include/wheeltec_mic_msg/wheeltec_mic_msg/srv/set_awake_word.hpp
[1.596s] -- Up-to-date symlink: /home/wheeltec/wheeltec_ros2/install/wheeltec_mic_msg/include/wheeltec_mic_msg/wheeltec_mic_msg/srv/set_major_mic.hpp
[1.598s] -- Up-to-date symlink: /home/wheeltec/wheeltec_ros2/install/wheeltec_mic_msg/include/wheeltec_mic_msg/wheeltec_mic_msg/srv/switch_mic.hpp
[1.598s] -- Up-to-date symlink: /home/wheeltec/wheeltec_ros2/install/wheeltec_mic_msg/include/wheeltec_mic_msg/wheeltec_mic_msg/msg/detail/motion_control__rosidl_typesupport_fastrtps_cpp.hpp
[1.598s] -- Up-to-date symlink: /home/wheeltec/wheeltec_ros2/install/wheeltec_mic_msg/include/wheeltec_mic_msg/wheeltec_mic_msg/msg/detail/pcm_msg__rosidl_typesupport_fastrtps_cpp.hpp
[1.598s] -- Up-to-date symlink: /home/wheeltec/wheeltec_ros2/install/wheeltec_mic_msg/include/wheeltec_mic_msg/wheeltec_mic_msg/msg/rosidl_typesupport_fastrtps_cpp__visibility_control.h
[1.598s] -- Up-to-date symlink: /home/wheeltec/wheeltec_ros2/install/wheeltec_mic_msg/include/wheeltec_mic_msg/wheeltec_mic_msg/srv/detail/get_device_type__rosidl_typesupport_fastrtps_cpp.hpp
[1.598s] -- Up-to-date symlink: /home/wheeltec/wheeltec_ros2/install/wheeltec_mic_msg/include/wheeltec_mic_msg/wheeltec_mic_msg/srv/detail/get_offline_result__rosidl_typesupport_fastrtps_cpp.hpp
[1.598s] -- Up-to-date symlink: /home/wheeltec/wheeltec_ros2/install/wheeltec_mic_msg/include/wheeltec_mic_msg/wheeltec_mic_msg/srv/detail/set_awake_word__rosidl_typesupport_fastrtps_cpp.hpp
[1.599s] -- Up-to-date symlink: /home/wheeltec/wheeltec_ros2/install/wheeltec_mic_msg/include/wheeltec_mic_msg/wheeltec_mic_msg/srv/detail/set_major_mic__rosidl_typesupport_fastrtps_cpp.hpp
[1.599s] -- Up-to-date symlink: /home/wheeltec/wheeltec_ros2/install/wheeltec_mic_msg/include/wheeltec_mic_msg/wheeltec_mic_msg/srv/detail/switch_mic__rosidl_typesupport_fastrtps_cpp.hpp
[1.600s] -- Up-to-date symlink: /home/wheeltec/wheeltec_ros2/install/wheeltec_mic_msg/include/wheeltec_mic_msg/wheeltec_mic_msg/msg/detail/motion_control__rosidl_typesupport_introspection_c.h
[1.600s] -- Up-to-date symlink: /home/wheeltec/wheeltec_ros2/install/wheeltec_mic_msg/include/wheeltec_mic_msg/wheeltec_mic_msg/msg/detail/pcm_msg__rosidl_typesupport_introspection_c.h
[1.600s] -- Up-to-date symlink: /home/wheeltec/wheeltec_ros2/install/wheeltec_mic_msg/include/wheeltec_mic_msg/wheeltec_mic_msg/msg/rosidl_typesupport_introspection_c__visibility_control.h
[1.600s] -- Up-to-date symlink: /home/wheeltec/wheeltec_ros2/install/wheeltec_mic_msg/include/wheeltec_mic_msg/wheeltec_mic_msg/srv/detail/get_device_type__rosidl_typesupport_introspection_c.h
[1.600s] -- Up-to-date symlink: /home/wheeltec/wheeltec_ros2/install/wheeltec_mic_msg/include/wheeltec_mic_msg/wheeltec_mic_msg/srv/detail/get_offline_result__rosidl_typesupport_introspection_c.h
[1.601s] -- Up-to-date symlink: /home/wheeltec/wheeltec_ros2/install/wheeltec_mic_msg/include/wheeltec_mic_msg/wheeltec_mic_msg/srv/detail/set_awake_word__rosidl_typesupport_introspection_c.h
[1.601s] -- Up-to-date symlink: /home/wheeltec/wheeltec_ros2/install/wheeltec_mic_msg/include/wheeltec_mic_msg/wheeltec_mic_msg/srv/detail/set_major_mic__rosidl_typesupport_introspection_c.h
[1.601s] -- Up-to-date symlink: /home/wheeltec/wheeltec_ros2/install/wheeltec_mic_msg/include/wheeltec_mic_msg/wheeltec_mic_msg/srv/detail/switch_mic__rosidl_typesupport_introspection_c.h
[1.602s] -- Up-to-date symlink: /home/wheeltec/wheeltec_ros2/install/wheeltec_mic_msg/include/wheeltec_mic_msg/wheeltec_mic_msg/msg/detail/motion_control__rosidl_typesupport_introspection_cpp.hpp
[1.602s] -- Up-to-date symlink: /home/wheeltec/wheeltec_ros2/install/wheeltec_mic_msg/include/wheeltec_mic_msg/wheeltec_mic_msg/msg/detail/pcm_msg__rosidl_typesupport_introspection_cpp.hpp
[1.602s] -- Up-to-date symlink: /home/wheeltec/wheeltec_ros2/install/wheeltec_mic_msg/include/wheeltec_mic_msg/wheeltec_mic_msg/srv/detail/get_device_type__rosidl_typesupport_introspection_cpp.hpp
[1.602s] -- Up-to-date symlink: /home/wheeltec/wheeltec_ros2/install/wheeltec_mic_msg/include/wheeltec_mic_msg/wheeltec_mic_msg/srv/detail/get_offline_result__rosidl_typesupport_introspection_cpp.hpp
[1.603s] -- Up-to-date symlink: /home/wheeltec/wheeltec_ros2/install/wheeltec_mic_msg/include/wheeltec_mic_msg/wheeltec_mic_msg/srv/detail/set_awake_word__rosidl_typesupport_introspection_cpp.hpp
[1.603s] -- Up-to-date symlink: /home/wheeltec/wheeltec_ros2/install/wheeltec_mic_msg/include/wheeltec_mic_msg/wheeltec_mic_msg/srv/detail/set_major_mic__rosidl_typesupport_introspection_cpp.hpp
[1.603s] -- Up-to-date symlink: /home/wheeltec/wheeltec_ros2/install/wheeltec_mic_msg/include/wheeltec_mic_msg/wheeltec_mic_msg/srv/detail/switch_mic__rosidl_typesupport_introspection_cpp.hpp
[1.603s] -- Up-to-date symlink: /home/wheeltec/wheeltec_ros2/install/wheeltec_mic_msg/share/wheeltec_mic_msg/environment/pythonpath.sh
[1.604s] -- Up-to-date symlink: /home/wheeltec/wheeltec_ros2/install/wheeltec_mic_msg/share/wheeltec_mic_msg/environment/pythonpath.dsv
[1.604s] -- Up-to-date symlink: /home/wheeltec/wheeltec_ros2/install/wheeltec_mic_msg/local/lib/python3.10/dist-packages/wheeltec_mic_msg-0.0.0-py3.10.egg-info/PKG-INFO
[1.605s] -- Up-to-date symlink: /home/wheeltec/wheeltec_ros2/install/wheeltec_mic_msg/local/lib/python3.10/dist-packages/wheeltec_mic_msg-0.0.0-py3.10.egg-info/SOURCES.txt
[1.605s] -- Up-to-date symlink: /home/wheeltec/wheeltec_ros2/install/wheeltec_mic_msg/local/lib/python3.10/dist-packages/wheeltec_mic_msg-0.0.0-py3.10.egg-info/dependency_links.txt
[1.605s] -- Up-to-date symlink: /home/wheeltec/wheeltec_ros2/install/wheeltec_mic_msg/local/lib/python3.10/dist-packages/wheeltec_mic_msg-0.0.0-py3.10.egg-info/top_level.txt
[1.606s] -- Up-to-date symlink: /home/wheeltec/wheeltec_ros2/install/wheeltec_mic_msg/local/lib/python3.10/dist-packages/wheeltec_mic_msg/__init__.py
[1.607s] -- Up-to-date symlink: /home/wheeltec/wheeltec_ros2/install/wheeltec_mic_msg/local/lib/python3.10/dist-packages/wheeltec_mic_msg/_wheeltec_mic_msg_s.ep.rosidl_typesupport_c.c
[1.607s] -- Up-to-date symlink: /home/wheeltec/wheeltec_ros2/install/wheeltec_mic_msg/local/lib/python3.10/dist-packages/wheeltec_mic_msg/_wheeltec_mic_msg_s.ep.rosidl_typesupport_fastrtps_c.c
[1.607s] -- Up-to-date symlink: /home/wheeltec/wheeltec_ros2/install/wheeltec_mic_msg/local/lib/python3.10/dist-packages/wheeltec_mic_msg/_wheeltec_mic_msg_s.ep.rosidl_typesupport_introspection_c.c
[1.607s] -- Up-to-date symlink: /home/wheeltec/wheeltec_ros2/install/wheeltec_mic_msg/local/lib/python3.10/dist-packages/wheeltec_mic_msg/libwheeltec_mic_msg__rosidl_generator_py.so
[1.608s] -- Up-to-date symlink: /home/wheeltec/wheeltec_ros2/install/wheeltec_mic_msg/local/lib/python3.10/dist-packages/wheeltec_mic_msg/msg/__init__.py
[1.608s] -- Up-to-date symlink: /home/wheeltec/wheeltec_ros2/install/wheeltec_mic_msg/local/lib/python3.10/dist-packages/wheeltec_mic_msg/msg/_motion_control.py
[1.608s] -- Up-to-date symlink: /home/wheeltec/wheeltec_ros2/install/wheeltec_mic_msg/local/lib/python3.10/dist-packages/wheeltec_mic_msg/msg/_motion_control_s.c
[1.609s] -- Up-to-date symlink: /home/wheeltec/wheeltec_ros2/install/wheeltec_mic_msg/local/lib/python3.10/dist-packages/wheeltec_mic_msg/msg/_pcm_msg.py
[1.609s] -- Up-to-date symlink: /home/wheeltec/wheeltec_ros2/install/wheeltec_mic_msg/local/lib/python3.10/dist-packages/wheeltec_mic_msg/msg/_pcm_msg_s.c
[1.609s] -- Up-to-date symlink: /home/wheeltec/wheeltec_ros2/install/wheeltec_mic_msg/local/lib/python3.10/dist-packages/wheeltec_mic_msg/srv/__init__.py
[1.610s] -- Up-to-date symlink: /home/wheeltec/wheeltec_ros2/install/wheeltec_mic_msg/local/lib/python3.10/dist-packages/wheeltec_mic_msg/srv/_get_device_type.py
[1.610s] -- Up-to-date symlink: /home/wheeltec/wheeltec_ros2/install/wheeltec_mic_msg/local/lib/python3.10/dist-packages/wheeltec_mic_msg/srv/_get_device_type_s.c
[1.610s] -- Up-to-date symlink: /home/wheeltec/wheeltec_ros2/install/wheeltec_mic_msg/local/lib/python3.10/dist-packages/wheeltec_mic_msg/srv/_get_offline_result.py
[1.611s] -- Up-to-date symlink: /home/wheeltec/wheeltec_ros2/install/wheeltec_mic_msg/local/lib/python3.10/dist-packages/wheeltec_mic_msg/srv/_get_offline_result_s.c
[1.611s] -- Up-to-date symlink: /home/wheeltec/wheeltec_ros2/install/wheeltec_mic_msg/local/lib/python3.10/dist-packages/wheeltec_mic_msg/srv/_set_awake_word.py
[1.611s] -- Up-to-date symlink: /home/wheeltec/wheeltec_ros2/install/wheeltec_mic_msg/local/lib/python3.10/dist-packages/wheeltec_mic_msg/srv/_set_awake_word_s.c
[1.611s] -- Up-to-date symlink: /home/wheeltec/wheeltec_ros2/install/wheeltec_mic_msg/local/lib/python3.10/dist-packages/wheeltec_mic_msg/srv/_set_major_mic.py
[1.613s] -- Up-to-date symlink: /home/wheeltec/wheeltec_ros2/install/wheeltec_mic_msg/local/lib/python3.10/dist-packages/wheeltec_mic_msg/srv/_set_major_mic_s.c
[1.613s] -- Up-to-date symlink: /home/wheeltec/wheeltec_ros2/install/wheeltec_mic_msg/local/lib/python3.10/dist-packages/wheeltec_mic_msg/srv/_switch_mic.py
[1.613s] -- Up-to-date symlink: /home/wheeltec/wheeltec_ros2/install/wheeltec_mic_msg/local/lib/python3.10/dist-packages/wheeltec_mic_msg/srv/_switch_mic_s.c
[1.613s] -- Up-to-date symlink: /home/wheeltec/wheeltec_ros2/install/wheeltec_mic_msg/local/lib/python3.10/dist-packages/wheeltec_mic_msg/wheeltec_mic_msg_s__rosidl_typesupport_c.cpython-310-aarch64-linux-gnu.so
[1.613s] -- Up-to-date symlink: /home/wheeltec/wheeltec_ros2/install/wheeltec_mic_msg/local/lib/python3.10/dist-packages/wheeltec_mic_msg/wheeltec_mic_msg_s__rosidl_typesupport_fastrtps_c.cpython-310-aarch64-linux-gnu.so
[1.613s] -- Up-to-date symlink: /home/wheeltec/wheeltec_ros2/install/wheeltec_mic_msg/local/lib/python3.10/dist-packages/wheeltec_mic_msg/wheeltec_mic_msg_s__rosidl_typesupport_introspection_c.cpython-310-aarch64-linux-gnu.so
[1.614s] -- Up-to-date symlink: /home/wheeltec/wheeltec_ros2/install/wheeltec_mic_msg/local/lib/python3.10/dist-packages/wheeltec_mic_msg/wheeltec_mic_msg_s__rosidl_typesupport_fastrtps_c.cpython-310-aarch64-linux-gnu.so
[1.615s] -- Up-to-date symlink: /home/wheeltec/wheeltec_ros2/install/wheeltec_mic_msg/local/lib/python3.10/dist-packages/wheeltec_mic_msg/wheeltec_mic_msg_s__rosidl_typesupport_introspection_c.cpython-310-aarch64-linux-gnu.so
[1.615s] -- Up-to-date symlink: /home/wheeltec/wheeltec_ros2/install/wheeltec_mic_msg/local/lib/python3.10/dist-packages/wheeltec_mic_msg/wheeltec_mic_msg_s__rosidl_typesupport_c.cpython-310-aarch64-linux-gnu.so
[1.615s] -- Up-to-date symlink: /home/wheeltec/wheeltec_ros2/install/wheeltec_mic_msg/share/wheeltec_mic_msg/msg/PcmMsg.idl
[1.616s] -- Up-to-date symlink: /home/wheeltec/wheeltec_ros2/install/wheeltec_mic_msg/share/wheeltec_mic_msg/msg/MotionControl.idl
[1.616s] -- Up-to-date symlink: /home/wheeltec/wheeltec_ros2/install/wheeltec_mic_msg/share/wheeltec_mic_msg/srv/GetDeviceType.idl
[1.616s] -- Up-to-date symlink: /home/wheeltec/wheeltec_ros2/install/wheeltec_mic_msg/share/wheeltec_mic_msg/srv/GetOfflineResult.idl
[1.617s] -- Up-to-date symlink: /home/wheeltec/wheeltec_ros2/install/wheeltec_mic_msg/share/wheeltec_mic_msg/srv/SetAwakeWord.idl
[1.617s] -- Up-to-date symlink: /home/wheeltec/wheeltec_ros2/install/wheeltec_mic_msg/share/wheeltec_mic_msg/srv/SetMajorMic.idl
[1.617s] -- Up-to-date symlink: /home/wheeltec/wheeltec_ros2/install/wheeltec_mic_msg/share/wheeltec_mic_msg/srv/SwitchMic.idl
[1.618s] -- Up-to-date symlink: /home/wheeltec/wheeltec_ros2/install/wheeltec_mic_msg/share/wheeltec_mic_msg/msg/PcmMsg.msg
[1.618s] -- Up-to-date symlink: /home/wheeltec/wheeltec_ros2/install/wheeltec_mic_msg/share/wheeltec_mic_msg/msg/MotionControl.msg
[1.619s] -- Up-to-date symlink: /home/wheeltec/wheeltec_ros2/install/wheeltec_mic_msg/share/wheeltec_mic_msg/srv/GetDeviceType.srv
[1.619s] -- Up-to-date symlink: /home/wheeltec/wheeltec_ros2/install/wheeltec_mic_msg/share/wheeltec_mic_msg/srv/GetDeviceType_Request.msg
[1.619s] -- Up-to-date symlink: /home/wheeltec/wheeltec_ros2/install/wheeltec_mic_msg/share/wheeltec_mic_msg/srv/GetDeviceType_Response.msg
[1.620s] -- Up-to-date symlink: /home/wheeltec/wheeltec_ros2/install/wheeltec_mic_msg/share/wheeltec_mic_msg/srv/GetOfflineResult.srv
[1.620s] -- Up-to-date symlink: /home/wheeltec/wheeltec_ros2/install/wheeltec_mic_msg/share/wheeltec_mic_msg/srv/GetOfflineResult_Request.msg
[1.620s] -- Up-to-date symlink: /home/wheeltec/wheeltec_ros2/install/wheeltec_mic_msg/share/wheeltec_mic_msg/srv/GetOfflineResult_Response.msg
[1.621s] -- Up-to-date symlink: /home/wheeltec/wheeltec_ros2/install/wheeltec_mic_msg/share/wheeltec_mic_msg/srv/SetAwakeWord.srv
[1.621s] -- Up-to-date symlink: /home/wheeltec/wheeltec_ros2/install/wheeltec_mic_msg/share/wheeltec_mic_msg/srv/SetAwakeWord_Request.msg
[1.621s] -- Up-to-date symlink: /home/wheeltec/wheeltec_ros2/install/wheeltec_mic_msg/share/wheeltec_mic_msg/srv/SetAwakeWord_Response.msg
[1.622s] -- Up-to-date symlink: /home/wheeltec/wheeltec_ros2/install/wheeltec_mic_msg/share/wheeltec_mic_msg/srv/SetMajorMic.srv
[1.622s] -- Up-to-date symlink: /home/wheeltec/wheeltec_ros2/install/wheeltec_mic_msg/share/wheeltec_mic_msg/srv/SetMajorMic_Request.msg
[1.622s] -- Up-to-date symlink: /home/wheeltec/wheeltec_ros2/install/wheeltec_mic_msg/share/wheeltec_mic_msg/srv/SetMajorMic_Response.msg
[1.622s] -- Up-to-date symlink: /home/wheeltec/wheeltec_ros2/install/wheeltec_mic_msg/share/wheeltec_mic_msg/srv/SwitchMic.srv
[1.623s] -- Up-to-date symlink: /home/wheeltec/wheeltec_ros2/install/wheeltec_mic_msg/share/wheeltec_mic_msg/srv/SwitchMic_Request.msg
[1.623s] -- Up-to-date symlink: /home/wheeltec/wheeltec_ros2/install/wheeltec_mic_msg/share/wheeltec_mic_msg/srv/SwitchMic_Response.msg
[1.623s] -- Up-to-date symlink: /home/wheeltec/wheeltec_ros2/install/wheeltec_mic_msg/share/ament_index/resource_index/package_run_dependencies/wheeltec_mic_msg
[1.625s] -- Up-to-date symlink: /home/wheeltec/wheeltec_ros2/install/wheeltec_mic_msg/share/ament_index/resource_index/parent_prefix_path/wheeltec_mic_msg
[1.625s] -- Up-to-date symlink: /home/wheeltec/wheeltec_ros2/install/wheeltec_mic_msg/share/wheeltec_mic_msg/environment/ament_prefix_path.sh
[1.626s] -- Up-to-date symlink: /home/wheeltec/wheeltec_ros2/install/wheeltec_mic_msg/share/wheeltec_mic_msg/environment/ament_prefix_path.dsv
[1.626s] -- Up-to-date symlink: /home/wheeltec/wheeltec_ros2/install/wheeltec_mic_msg/share/wheeltec_mic_msg/environment/path.sh
[1.626s] -- Up-to-date symlink: /home/wheeltec/wheeltec_ros2/install/wheeltec_mic_msg/share/wheeltec_mic_msg/environment/path.dsv
[1.627s] -- Up-to-date symlink: /home/wheeltec/wheeltec_ros2/install/wheeltec_mic_msg/share/wheeltec_mic_msg/local_setup.bash
[1.627s] -- Up-to-date symlink: /home/wheeltec/wheeltec_ros2/install/wheeltec_mic_msg/share/wheeltec_mic_msg/local_setup.sh
[1.627s] -- Up-to-date symlink: /home/wheeltec/wheeltec_ros2/install/wheeltec_mic_msg/share/wheeltec_mic_msg/local_setup.zsh
[1.628s] -- Up-to-date symlink: /home/wheeltec/wheeltec_ros2/install/wheeltec_mic_msg/share/wheeltec_mic_msg/local_setup.dsv
[1.628s] -- Symlinking: /home/wheeltec/wheeltec_ros2/install/wheeltec_mic_msg/share/wheeltec_mic_msg/package.dsv
[1.646s] -- Up-to-date symlink: /home/wheeltec/wheeltec_ros2/install/wheeltec_mic_msg/share/ament_index/resource_index/packages/wheeltec_mic_msg
[1.646s] -- Up-to-date symlink: /home/wheeltec/wheeltec_ros2/install/wheeltec_mic_msg/share/wheeltec_mic_msg/cmake/rosidl_cmake-extras.cmake
[1.646s] -- Up-to-date symlink: /home/wheeltec/wheeltec_ros2/install/wheeltec_mic_msg/share/wheeltec_mic_msg/cmake/ament_cmake_export_dependencies-extras.cmake
[1.646s] -- Up-to-date symlink: /home/wheeltec/wheeltec_ros2/install/wheeltec_mic_msg/share/wheeltec_mic_msg/cmake/ament_cmake_export_include_directories-extras.cmake
[1.647s] -- Up-to-date symlink: /home/wheeltec/wheeltec_ros2/install/wheeltec_mic_msg/share/wheeltec_mic_msg/cmake/ament_cmake_export_libraries-extras.cmake
[1.647s] -- Up-to-date symlink: /home/wheeltec/wheeltec_ros2/install/wheeltec_mic_msg/share/wheeltec_mic_msg/cmake/ament_cmake_export_targets-extras.cmake
[1.647s] -- Up-to-date symlink: /home/wheeltec/wheeltec_ros2/install/wheeltec_mic_msg/share/wheeltec_mic_msg/cmake/rosidl_cmake_export_typesupport_targets-extras.cmake
[1.648s] -- Up-to-date symlink: /home/wheeltec/wheeltec_ros2/install/wheeltec_mic_msg/share/wheeltec_mic_msg/cmake/rosidl_cmake_export_typesupport_libraries-extras.cmake
[1.648s] -- Up-to-date symlink: /home/wheeltec/wheeltec_ros2/install/wheeltec_mic_msg/share/wheeltec_mic_msg/cmake/wheeltec_mic_msgConfig.cmake
[1.648s] -- Up-to-date symlink: /home/wheeltec/wheeltec_ros2/install/wheeltec_mic_msg/share/wheeltec_mic_msg/cmake/wheeltec_mic_msgConfig-version.cmake
[1.649s] -- Up-to-date symlink: /home/wheeltec/wheeltec_ros2/install/wheeltec_mic_msg/share/wheeltec_mic_msg/package.xml
[1.650s] -- Up-to-date: /home/wheeltec/wheeltec_ros2/install/wheeltec_mic_msg/lib/libwheeltec_mic_msg__rosidl_generator_c.so
[1.651s] -- Up-to-date: /home/wheeltec/wheeltec_ros2/install/wheeltec_mic_msg/lib/libwheeltec_mic_msg__rosidl_typesupport_fastrtps_c.so
[1.652s] -- Up-to-date: /home/wheeltec/wheeltec_ros2/install/wheeltec_mic_msg/lib/libwheeltec_mic_msg__rosidl_typesupport_fastrtps_cpp.so
[1.652s] -- Up-to-date: /home/wheeltec/wheeltec_ros2/install/wheeltec_mic_msg/lib/libwheeltec_mic_msg__rosidl_typesupport_introspection_c.so
[1.653s] -- Up-to-date: /home/wheeltec/wheeltec_ros2/install/wheeltec_mic_msg/lib/libwheeltec_mic_msg__rosidl_typesupport_c.so
[1.654s] -- Up-to-date: /home/wheeltec/wheeltec_ros2/install/wheeltec_mic_msg/lib/libwheeltec_mic_msg__rosidl_typesupport_introspection_cpp.so
[1.655s] -- Up-to-date: /home/wheeltec/wheeltec_ros2/install/wheeltec_mic_msg/lib/libwheeltec_mic_msg__rosidl_typesupport_cpp.so
[1.809s] Listing '/home/wheeltec/wheeltec_ros2/install/wheeltec_mic_msg/local/lib/python3.10/dist-packages/wheeltec_mic_msg'...
[1.810s] Listing '/home/wheeltec/wheeltec_ros2/install/wheeltec_mic_msg/local/lib/python3.10/dist-packages/wheeltec_mic_msg/msg'...
[1.810s] Listing '/home/wheeltec/wheeltec_ros2/install/wheeltec_mic_msg/local/lib/python3.10/dist-packages/wheeltec_mic_msg/srv'...
[1.821s] -- Up-to-date: /home/wheeltec/wheeltec_ros2/install/wheeltec_mic_msg/lib/libwheeltec_mic_msg__rosidl_generator_py.so
[1.822s] -- Up-to-date: /home/wheeltec/wheeltec_ros2/install/wheeltec_mic_msg/share/wheeltec_mic_msg/cmake/export_wheeltec_mic_msg__rosidl_generator_cExport.cmake
[1.822s] -- Up-to-date: /home/wheeltec/wheeltec_ros2/install/wheeltec_mic_msg/share/wheeltec_mic_msg/cmake/export_wheeltec_mic_msg__rosidl_generator_cExport-noconfig.cmake
[1.823s] -- Up-to-date: /home/wheeltec/wheeltec_ros2/install/wheeltec_mic_msg/share/wheeltec_mic_msg/cmake/export_wheeltec_mic_msg__rosidl_typesupport_fastrtps_cExport.cmake
[1.823s] -- Up-to-date: /home/wheeltec/wheeltec_ros2/install/wheeltec_mic_msg/share/wheeltec_mic_msg/cmake/export_wheeltec_mic_msg__rosidl_typesupport_fastrtps_cExport-noconfig.cmake
[1.823s] -- Up-to-date: /home/wheeltec/wheeltec_ros2/install/wheeltec_mic_msg/share/wheeltec_mic_msg/cmake/export_wheeltec_mic_msg__rosidl_generator_cppExport.cmake
[1.824s] -- Up-to-date: /home/wheeltec/wheeltec_ros2/install/wheeltec_mic_msg/share/wheeltec_mic_msg/cmake/export_wheeltec_mic_msg__rosidl_typesupport_fastrtps_cppExport.cmake
[1.824s] -- Up-to-date: /home/wheeltec/wheeltec_ros2/install/wheeltec_mic_msg/share/wheeltec_mic_msg/cmake/export_wheeltec_mic_msg__rosidl_typesupport_fastrtps_cppExport-noconfig.cmake
[1.825s] -- Up-to-date: /home/wheeltec/wheeltec_ros2/install/wheeltec_mic_msg/share/wheeltec_mic_msg/cmake/wheeltec_mic_msg__rosidl_typesupport_introspection_cExport.cmake
[1.825s] -- Up-to-date: /home/wheeltec/wheeltec_ros2/install/wheeltec_mic_msg/share/wheeltec_mic_msg/cmake/wheeltec_mic_msg__rosidl_typesupport_introspection_cExport-noconfig.cmake
[1.825s] -- Up-to-date: /home/wheeltec/wheeltec_ros2/install/wheeltec_mic_msg/share/wheeltec_mic_msg/cmake/wheeltec_mic_msg__rosidl_typesupport_cExport.cmake
[1.826s] -- Up-to-date: /home/wheeltec/wheeltec_ros2/install/wheeltec_mic_msg/share/wheeltec_mic_msg/cmake/wheeltec_mic_msg__rosidl_typesupport_cExport-noconfig.cmake
[1.826s] -- Up-to-date: /home/wheeltec/wheeltec_ros2/install/wheeltec_mic_msg/share/wheeltec_mic_msg/cmake/wheeltec_mic_msg__rosidl_typesupport_introspection_cppExport.cmake
[1.826s] -- Up-to-date: /home/wheeltec/wheeltec_ros2/install/wheeltec_mic_msg/share/wheeltec_mic_msg/cmake/wheeltec_mic_msg__rosidl_typesupport_introspection_cppExport-noconfig.cmake
[1.827s] -- Up-to-date: /home/wheeltec/wheeltec_ros2/install/wheeltec_mic_msg/share/wheeltec_mic_msg/cmake/wheeltec_mic_msg__rosidl_typesupport_cppExport.cmake
[1.827s] -- Up-to-date: /home/wheeltec/wheeltec_ros2/install/wheeltec_mic_msg/share/wheeltec_mic_msg/cmake/wheeltec_mic_msg__rosidl_typesupport_cppExport-noconfig.cmake
[1.828s] -- Up-to-date: /home/wheeltec/wheeltec_ros2/install/wheeltec_mic_msg/share/wheeltec_mic_msg/cmake/export_wheeltec_mic_msg__rosidl_generator_pyExport.cmake
[1.828s] -- Up-to-date: /home/wheeltec/wheeltec_ros2/install/wheeltec_mic_msg/share/wheeltec_mic_msg/cmake/export_wheeltec_mic_msg__rosidl_generator_pyExport-noconfig.cmake
[1.874s] Invoked command in '/home/wheeltec/wheeltec_ros2/build/wheeltec_mic_msg' returned '0': CMAKE_PREFIX_PATH=${CMAKE_PREFIX_PATH}:/home/wheeltec/wheeltec_ros2/install/wheeltec_robot_keyboard:/home/wheeltec/wheeltec_ros2/install/wheeltec_dual_rtk_driver:/home/wheeltec/wheeltec_ros2/install/ultralytics_ros2:/home/wheeltec/wheeltec_ros2/install/tf2_tools:/home/wheeltec/wheeltec_ros2/install/nav2_waypoint_cycle:/home/wheeltec/wheeltec_ros2/install/nav2_simple_commander:/home/wheeltec/wheeltec_ros2/install/auto_recharge_ros2:/home/wheeltec/autoware/install/autoware_wheeltec_interface:/home/wheeltec/autoware/install/ad_api_visualizers:/opt/ros/humble /usr/bin/cmake --install /home/wheeltec/wheeltec_ros2/build/wheeltec_mic_msg
