gmake: Warning: File 'Makefile' has modification time 1766050422 s in the future
gmake[1]: Warning: File 'CMakeFiles/Makefile2' has modification time 1766050421 s in the future
gmake[2]: Warning: File 'CMakeFiles/waypoint_follower_core.dir/flags.make' has modification time 1766050421 s in the future
gmake[2]: warning:  Clock skew detected.  Your build may be incomplete.
gmake[2]: Warning: File 'CMakeFiles/waypoint_follower_core.dir/flags.make' has modification time 1766050421 s in the future
gmake[2]: warning:  Clock skew detected.  Your build may be incomplete.
[ 11%] Built target waypoint_follower_core
gmake[2]: Warning: File 'gtest/CMakeFiles/gtest.dir/flags.make' has modification time 1766050421 s in the future
gmake[2]: warning:  Clock skew detected.  Your build may be incomplete.
gmake[2]: Warning: File 'gtest/CMakeFiles/gtest.dir/flags.make' has modification time 1766050421 s in the future
gmake[2]: warning:  Clock skew detected.  Your build may be incomplete.
[ 22%] Built target gtest
gmake[2]: Warning: File 'CMakeFiles/waypoint_follower.dir/flags.make' has modification time 1766050420 s in the future
gmake[2]: warning:  Clock skew detected.  Your build may be incomplete.
gmake[2]: Warning: File 'CMakeFiles/waypoint_follower.dir/flags.make' has modification time 1766050420 s in the future
gmake[2]: warning:  Clock skew detected.  Your build may be incomplete.
[ 33%] Built target waypoint_follower
gmake[2]: Warning: File 'gtest/CMakeFiles/gtest_main.dir/flags.make' has modification time 1766050420 s in the future
gmake[2]: warning:  Clock skew detected.  Your build may be incomplete.
gmake[2]: Warning: File 'gtest/CMakeFiles/gtest_main.dir/flags.make' has modification time 1766050420 s in the future
gmake[2]: warning:  Clock skew detected.  Your build may be incomplete.
[ 44%] Built target gtest_main
gmake[2]: Warning: File 'CMakeFiles/input_at_waypoint.dir/flags.make' has modification time 1766050420 s in the future
gmake[2]: warning:  Clock skew detected.  Your build may be incomplete.
gmake[2]: Warning: File 'CMakeFiles/input_at_waypoint.dir/flags.make' has modification time 1766050420 s in the future
gmake[2]: warning:  Clock skew detected.  Your build may be incomplete.
[ 55%] Built target input_at_waypoint
gmake[2]: Warning: File 'test/CMakeFiles/test_dynamic_parameters.dir/flags.make' has modification time 1766050420 s in the future
gmake[2]: warning:  Clock skew detected.  Your build may be incomplete.
gmake[2]: Warning: File 'test/CMakeFiles/test_dynamic_parameters.dir/flags.make' has modification time 1766050420 s in the future
gmake[2]: warning:  Clock skew detected.  Your build may be incomplete.
[ 66%] Built target test_dynamic_parameters
gmake[2]: Warning: File 'CMakeFiles/photo_at_waypoint.dir/flags.make' has modification time 1766050419 s in the future
gmake[2]: warning:  Clock skew detected.  Your build may be incomplete.
gmake[2]: Warning: File 'CMakeFiles/photo_at_waypoint.dir/flags.make' has modification time 1766050419 s in the future
gmake[2]: warning:  Clock skew detected.  Your build may be incomplete.
[ 77%] Built target photo_at_waypoint
gmake[2]: Warning: File 'CMakeFiles/wait_at_waypoint.dir/flags.make' has modification time 1766050419 s in the future
gmake[2]: warning:  Clock skew detected.  Your build may be incomplete.
gmake[2]: Warning: File 'CMakeFiles/wait_at_waypoint.dir/flags.make' has modification time 1766050419 s in the future
gmake[2]: warning:  Clock skew detected.  Your build may be incomplete.
[ 88%] Built target wait_at_waypoint
gmake[2]: Warning: File 'test/CMakeFiles/test_task_executors.dir/flags.make' has modification time 1766050419 s in the future
gmake[2]: warning:  Clock skew detected.  Your build may be incomplete.
gmake[2]: Warning: File 'test/CMakeFiles/test_task_executors.dir/flags.make' has modification time 1766050419 s in the future
gmake[2]: warning:  Clock skew detected.  Your build may be incomplete.
[100%] Built target test_task_executors
gmake[1]: warning:  Clock skew detected.  Your build may be incomplete.
gmake: warning:  Clock skew detected.  Your build may be incomplete.
-- Install configuration: "Release"
-- Execute custom install script
-- Up-to-date symlink: /home/wheeltec/wheeltec_ros2/install/nav2_waypoint_follower/lib/libwaypoint_follower_core.so
-- Up-to-date symlink: /home/wheeltec/wheeltec_ros2/install/nav2_waypoint_follower/lib/libwait_at_waypoint.so
-- Up-to-date symlink: /home/wheeltec/wheeltec_ros2/install/nav2_waypoint_follower/lib/libphoto_at_waypoint.so
-- Up-to-date symlink: /home/wheeltec/wheeltec_ros2/install/nav2_waypoint_follower/lib/libinput_at_waypoint.so
-- Up-to-date symlink: /home/wheeltec/wheeltec_ros2/install/nav2_waypoint_follower/lib/nav2_waypoint_follower/waypoint_follower
-- Up-to-date symlink: /home/wheeltec/wheeltec_ros2/install/nav2_waypoint_follower/include//nav2_waypoint_follower/plugins/input_at_waypoint.hpp
-- Up-to-date symlink: /home/wheeltec/wheeltec_ros2/install/nav2_waypoint_follower/include//nav2_waypoint_follower/plugins/photo_at_waypoint.hpp
-- Up-to-date symlink: /home/wheeltec/wheeltec_ros2/install/nav2_waypoint_follower/include//nav2_waypoint_follower/plugins/wait_at_waypoint.hpp
-- Up-to-date symlink: /home/wheeltec/wheeltec_ros2/install/nav2_waypoint_follower/include//nav2_waypoint_follower/waypoint_follower.hpp
-- Up-to-date symlink: /home/wheeltec/wheeltec_ros2/install/nav2_waypoint_follower/share/nav2_waypoint_follower/environment/library_path.sh
-- Up-to-date symlink: /home/wheeltec/wheeltec_ros2/install/nav2_waypoint_follower/share/nav2_waypoint_follower/environment/library_path.dsv
-- Up-to-date symlink: /home/wheeltec/wheeltec_ros2/install/nav2_waypoint_follower/share/nav2_waypoint_follower//plugins.xml
-- Up-to-date symlink: /home/wheeltec/wheeltec_ros2/install/nav2_waypoint_follower/share/ament_index/resource_index/package_run_dependencies/nav2_waypoint_follower
-- Up-to-date symlink: /home/wheeltec/wheeltec_ros2/install/nav2_waypoint_follower/share/ament_index/resource_index/parent_prefix_path/nav2_waypoint_follower
-- Up-to-date symlink: /home/wheeltec/wheeltec_ros2/install/nav2_waypoint_follower/share/nav2_waypoint_follower/environment/ament_prefix_path.sh
-- Up-to-date symlink: /home/wheeltec/wheeltec_ros2/install/nav2_waypoint_follower/share/nav2_waypoint_follower/environment/ament_prefix_path.dsv
-- Up-to-date symlink: /home/wheeltec/wheeltec_ros2/install/nav2_waypoint_follower/share/nav2_waypoint_follower/environment/path.sh
-- Up-to-date symlink: /home/wheeltec/wheeltec_ros2/install/nav2_waypoint_follower/share/nav2_waypoint_follower/environment/path.dsv
-- Up-to-date symlink: /home/wheeltec/wheeltec_ros2/install/nav2_waypoint_follower/share/nav2_waypoint_follower/local_setup.bash
-- Up-to-date symlink: /home/wheeltec/wheeltec_ros2/install/nav2_waypoint_follower/share/nav2_waypoint_follower/local_setup.sh
-- Up-to-date symlink: /home/wheeltec/wheeltec_ros2/install/nav2_waypoint_follower/share/nav2_waypoint_follower/local_setup.zsh
-- Up-to-date symlink: /home/wheeltec/wheeltec_ros2/install/nav2_waypoint_follower/share/nav2_waypoint_follower/local_setup.dsv
-- Symlinking: /home/wheeltec/wheeltec_ros2/install/nav2_waypoint_follower/share/nav2_waypoint_follower/package.dsv
-- Up-to-date symlink: /home/wheeltec/wheeltec_ros2/install/nav2_waypoint_follower/share/ament_index/resource_index/packages/nav2_waypoint_follower
-- Up-to-date symlink: /home/wheeltec/wheeltec_ros2/install/nav2_waypoint_follower/share/ament_index/resource_index/nav2_waypoint_follower__pluginlib__plugin/nav2_waypoint_follower
-- Up-to-date symlink: /home/wheeltec/wheeltec_ros2/install/nav2_waypoint_follower/share/ament_index/resource_index/rclcpp_components/nav2_waypoint_follower
-- Up-to-date symlink: /home/wheeltec/wheeltec_ros2/install/nav2_waypoint_follower/share/nav2_waypoint_follower/cmake/ament_cmake_export_include_directories-extras.cmake
-- Up-to-date symlink: /home/wheeltec/wheeltec_ros2/install/nav2_waypoint_follower/share/nav2_waypoint_follower/cmake/ament_cmake_export_libraries-extras.cmake
-- Up-to-date symlink: /home/wheeltec/wheeltec_ros2/install/nav2_waypoint_follower/share/nav2_waypoint_follower/cmake/ament_cmake_export_dependencies-extras.cmake
-- Up-to-date symlink: /home/wheeltec/wheeltec_ros2/install/nav2_waypoint_follower/share/nav2_waypoint_follower/cmake/nav2_waypoint_followerConfig.cmake
-- Up-to-date symlink: /home/wheeltec/wheeltec_ros2/install/nav2_waypoint_follower/share/nav2_waypoint_follower/cmake/nav2_waypoint_followerConfig-version.cmake
-- Up-to-date symlink: /home/wheeltec/wheeltec_ros2/install/nav2_waypoint_follower/share/nav2_waypoint_follower/package.xml
