[0.082s] Invoking command in '/home/wheeltec/wheeltec_ros2/build/pointcloud_to_laserscan': CMAKE_PREFIX_PATH=${CMAKE_PREFIX_PATH}:/home/wheeltec/wheeltec_ros2/install/wheeltec_dual_rtk_driver:/home/wheeltec/wheeltec_ros2/install/ultralytics_ros2:/home/wheeltec/wheeltec_ros2/install/tf2_tools:/home/wheeltec/wheeltec_ros2/install/nav2_waypoint_cycle:/home/wheeltec/wheeltec_ros2/install/nav2_simple_commander:/home/wheeltec/wheeltec_ros2/install/auto_recharge_ros2:/home/wheeltec/autoware/install/autoware_wheeltec_interface:/home/wheeltec/autoware/install/ad_api_visualizers:/opt/ros/humble /usr/bin/cmake --build /home/wheeltec/wheeltec_ros2/build/pointcloud_to_laserscan -- -j6 -l6
[0.270s] [35m[1mConsolidate compiler generated dependencies of target laserscan_to_pointcloud_node[0m
[0.280s] [35m[1mConsolidate compiler generated dependencies of target laserscan_to_pointcloud[0m
[0.317s] [35m[1mConsolidate compiler generated dependencies of target pointcloud_to_laserscan_node[0m
[0.330s] [ 20%] Built target laserscan_to_pointcloud_node
[0.334s] [ 40%] Built target laserscan_to_pointcloud
[0.394s] [35m[1mConsolidate compiler generated dependencies of target pointcloud_to_laserscan[0m
[0.417s] [ 60%] Built target pointcloud_to_laserscan_node
[0.454s] [ 80%] Built target pointcloud_to_laserscan
[0.477s] [35m[1mConsolidate compiler generated dependencies of target dummy_pointcloud_publisher[0m
[0.510s] [100%] Built target dummy_pointcloud_publisher
[0.532s] Invoked command in '/home/wheeltec/wheeltec_ros2/build/pointcloud_to_laserscan' returned '0': CMAKE_PREFIX_PATH=${CMAKE_PREFIX_PATH}:/home/wheeltec/wheeltec_ros2/install/wheeltec_dual_rtk_driver:/home/wheeltec/wheeltec_ros2/install/ultralytics_ros2:/home/wheeltec/wheeltec_ros2/install/tf2_tools:/home/wheeltec/wheeltec_ros2/install/nav2_waypoint_cycle:/home/wheeltec/wheeltec_ros2/install/nav2_simple_commander:/home/wheeltec/wheeltec_ros2/install/auto_recharge_ros2:/home/wheeltec/autoware/install/autoware_wheeltec_interface:/home/wheeltec/autoware/install/ad_api_visualizers:/opt/ros/humble /usr/bin/cmake --build /home/wheeltec/wheeltec_ros2/build/pointcloud_to_laserscan -- -j6 -l6
[0.537s] Invoking command in '/home/wheeltec/wheeltec_ros2/build/pointcloud_to_laserscan': CMAKE_PREFIX_PATH=${CMAKE_PREFIX_PATH}:/home/wheeltec/wheeltec_ros2/install/wheeltec_dual_rtk_driver:/home/wheeltec/wheeltec_ros2/install/ultralytics_ros2:/home/wheeltec/wheeltec_ros2/install/tf2_tools:/home/wheeltec/wheeltec_ros2/install/nav2_waypoint_cycle:/home/wheeltec/wheeltec_ros2/install/nav2_simple_commander:/home/wheeltec/wheeltec_ros2/install/auto_recharge_ros2:/home/wheeltec/autoware/install/autoware_wheeltec_interface:/home/wheeltec/autoware/install/ad_api_visualizers:/opt/ros/humble /usr/bin/cmake --install /home/wheeltec/wheeltec_ros2/build/pointcloud_to_laserscan
[0.555s] -- Install configuration: ""
[0.557s] -- Execute custom install script
[0.558s] -- Up-to-date symlink: /home/wheeltec/wheeltec_ros2/install/pointcloud_to_laserscan/lib/pointcloud_to_laserscan/laserscan_to_pointcloud_node
[0.559s] -- Up-to-date symlink: /home/wheeltec/wheeltec_ros2/install/pointcloud_to_laserscan/lib/pointcloud_to_laserscan/pointcloud_to_laserscan_node
[0.561s] -- Up-to-date symlink: /home/wheeltec/wheeltec_ros2/install/pointcloud_to_laserscan/include/pointcloud_to_laserscan/laserscan_to_pointcloud_node.hpp
[0.562s] -- Up-to-date symlink: /home/wheeltec/wheeltec_ros2/install/pointcloud_to_laserscan/include/pointcloud_to_laserscan/pointcloud_to_laserscan_node.hpp
[0.562s] -- Up-to-date symlink: /home/wheeltec/wheeltec_ros2/install/pointcloud_to_laserscan/include/pointcloud_to_laserscan/visibility_control.h
[0.563s] -- Up-to-date symlink: /home/wheeltec/wheeltec_ros2/install/pointcloud_to_laserscan/share/pointcloud_to_laserscan/environment/library_path.sh
[0.564s] -- Up-to-date symlink: /home/wheeltec/wheeltec_ros2/install/pointcloud_to_laserscan/share/pointcloud_to_laserscan/environment/library_path.dsv
[0.565s] -- Up-to-date symlink: /home/wheeltec/wheeltec_ros2/install/pointcloud_to_laserscan/lib/liblaserscan_to_pointcloud.so
[0.566s] -- Up-to-date symlink: /home/wheeltec/wheeltec_ros2/install/pointcloud_to_laserscan/lib/libpointcloud_to_laserscan.so
[0.567s] -- Up-to-date symlink: /home/wheeltec/wheeltec_ros2/install/pointcloud_to_laserscan/lib/pointcloud_to_laserscan/dummy_pointcloud_publisher
[0.568s] -- Up-to-date symlink: /home/wheeltec/wheeltec_ros2/install/pointcloud_to_laserscan/share/pointcloud_to_laserscan/launch/pointcloud_to_laserscan_launch.py
[0.569s] -- Up-to-date symlink: /home/wheeltec/wheeltec_ros2/install/pointcloud_to_laserscan/share/pointcloud_to_laserscan/launch/sample_laserscan_to_pointcloud_launch.py
[0.570s] -- Up-to-date symlink: /home/wheeltec/wheeltec_ros2/install/pointcloud_to_laserscan/share/pointcloud_to_laserscan/launch/sample_pointcloud_to_laserscan_launch.py
[0.570s] -- Up-to-date symlink: /home/wheeltec/wheeltec_ros2/install/pointcloud_to_laserscan/share/ament_index/resource_index/package_run_dependencies/pointcloud_to_laserscan
[0.571s] -- Up-to-date symlink: /home/wheeltec/wheeltec_ros2/install/pointcloud_to_laserscan/share/ament_index/resource_index/parent_prefix_path/pointcloud_to_laserscan
[0.572s] -- Up-to-date symlink: /home/wheeltec/wheeltec_ros2/install/pointcloud_to_laserscan/share/pointcloud_to_laserscan/environment/ament_prefix_path.sh
[0.573s] -- Up-to-date symlink: /home/wheeltec/wheeltec_ros2/install/pointcloud_to_laserscan/share/pointcloud_to_laserscan/environment/ament_prefix_path.dsv
[0.573s] -- Up-to-date symlink: /home/wheeltec/wheeltec_ros2/install/pointcloud_to_laserscan/share/pointcloud_to_laserscan/environment/path.sh
[0.574s] -- Up-to-date symlink: /home/wheeltec/wheeltec_ros2/install/pointcloud_to_laserscan/share/pointcloud_to_laserscan/environment/path.dsv
[0.575s] -- Up-to-date symlink: /home/wheeltec/wheeltec_ros2/install/pointcloud_to_laserscan/share/pointcloud_to_laserscan/local_setup.bash
[0.575s] -- Up-to-date symlink: /home/wheeltec/wheeltec_ros2/install/pointcloud_to_laserscan/share/pointcloud_to_laserscan/local_setup.sh
[0.576s] -- Up-to-date symlink: /home/wheeltec/wheeltec_ros2/install/pointcloud_to_laserscan/share/pointcloud_to_laserscan/local_setup.zsh
[0.576s] -- Up-to-date symlink: /home/wheeltec/wheeltec_ros2/install/pointcloud_to_laserscan/share/pointcloud_to_laserscan/local_setup.dsv
[0.577s] -- Symlinking: /home/wheeltec/wheeltec_ros2/install/pointcloud_to_laserscan/share/pointcloud_to_laserscan/package.dsv
[0.595s] -- Up-to-date symlink: /home/wheeltec/wheeltec_ros2/install/pointcloud_to_laserscan/share/ament_index/resource_index/packages/pointcloud_to_laserscan
[0.596s] -- Up-to-date symlink: /home/wheeltec/wheeltec_ros2/install/pointcloud_to_laserscan/share/ament_index/resource_index/rclcpp_components/pointcloud_to_laserscan
[0.597s] -- Up-to-date symlink: /home/wheeltec/wheeltec_ros2/install/pointcloud_to_laserscan/share/pointcloud_to_laserscan/cmake/ament_cmake_export_dependencies-extras.cmake
[0.598s] -- Up-to-date symlink: /home/wheeltec/wheeltec_ros2/install/pointcloud_to_laserscan/share/pointcloud_to_laserscan/cmake/ament_cmake_export_include_directories-extras.cmake
[0.598s] -- Up-to-date symlink: /home/wheeltec/wheeltec_ros2/install/pointcloud_to_laserscan/share/pointcloud_to_laserscan/cmake/ament_cmake_export_libraries-extras.cmake
[0.599s] -- Up-to-date symlink: /home/wheeltec/wheeltec_ros2/install/pointcloud_to_laserscan/share/pointcloud_to_laserscan/cmake/pointcloud_to_laserscanConfig.cmake
[0.599s] -- Up-to-date symlink: /home/wheeltec/wheeltec_ros2/install/pointcloud_to_laserscan/share/pointcloud_to_laserscan/cmake/pointcloud_to_laserscanConfig-version.cmake
[0.600s] -- Up-to-date symlink: /home/wheeltec/wheeltec_ros2/install/pointcloud_to_laserscan/share/pointcloud_to_laserscan/package.xml
[0.605s] Invoked command in '/home/wheeltec/wheeltec_ros2/build/pointcloud_to_laserscan' returned '0': CMAKE_PREFIX_PATH=${CMAKE_PREFIX_PATH}:/home/wheeltec/wheeltec_ros2/install/wheeltec_dual_rtk_driver:/home/wheeltec/wheeltec_ros2/install/ultralytics_ros2:/home/wheeltec/wheeltec_ros2/install/tf2_tools:/home/wheeltec/wheeltec_ros2/install/nav2_waypoint_cycle:/home/wheeltec/wheeltec_ros2/install/nav2_simple_commander:/home/wheeltec/wheeltec_ros2/install/auto_recharge_ros2:/home/wheeltec/autoware/install/autoware_wheeltec_interface:/home/wheeltec/autoware/install/ad_api_visualizers:/opt/ros/humble /usr/bin/cmake --install /home/wheeltec/wheeltec_ros2/build/pointcloud_to_laserscan
