[3.832s] Invoking command in '/home/wheeltec/wheeltec_ros2/build/wheeltec_dual_rtk_driver': PYTHONPATH=/home/wheeltec/wheeltec_ros2/build/wheeltec_dual_rtk_driver/prefix_override:/usr/lib/python3/dist-packages/colcon_core/task/python/colcon_distutils_commands:/home/wheeltec/wheeltec_ros2/install/wheeltec_dual_rtk_driver/lib/python3.10/site-packages:${PYTHONPATH} /usr/bin/python3 -W ignore:setup.py install is deprecated -W ignore:easy_install command is deprecated setup.py develop --editable --build-directory /home/wheeltec/wheeltec_ros2/build/wheeltec_dual_rtk_driver/build --no-deps symlink_data
[4.692s] running develop
[5.319s] running egg_info
[5.319s] creating wheeltec_dual_rtk_driver.egg-info
[5.319s] writing wheeltec_dual_rtk_driver.egg-info/PKG-INFO
[5.325s] writing dependency_links to wheeltec_dual_rtk_driver.egg-info/dependency_links.txt
[5.325s] writing entry points to wheeltec_dual_rtk_driver.egg-info/entry_points.txt
[5.325s] writing requirements to wheeltec_dual_rtk_driver.egg-info/requires.txt
[5.325s] writing top-level names to wheeltec_dual_rtk_driver.egg-info/top_level.txt
[5.365s] writing manifest file 'wheeltec_dual_rtk_driver.egg-info/SOURCES.txt'
[5.371s] reading manifest file 'wheeltec_dual_rtk_driver.egg-info/SOURCES.txt'
[5.375s] writing manifest file 'wheeltec_dual_rtk_driver.egg-info/SOURCES.txt'
[5.382s] running build_ext
[5.383s] Creating /home/wheeltec/wheeltec_ros2/install/wheeltec_dual_rtk_driver/lib/python3.10/site-packages/wheeltec-dual-rtk-driver.egg-link (link to .)
[5.385s] Installing dual_rtk_driver_node script to /home/wheeltec/wheeltec_ros2/install/wheeltec_dual_rtk_driver/lib/wheeltec_dual_rtk_driver
[5.386s] Installing serial_demo_node script to /home/wheeltec/wheeltec_ros2/install/wheeltec_dual_rtk_driver/lib/wheeltec_dual_rtk_driver
[5.387s] 
[5.387s] Installed /home/wheeltec/wheeltec_ros2/build/wheeltec_dual_rtk_driver
[5.388s] running symlink_data
[5.388s] creating /home/wheeltec/wheeltec_ros2/install/wheeltec_dual_rtk_driver/share/ament_index
[5.389s] creating /home/wheeltec/wheeltec_ros2/install/wheeltec_dual_rtk_driver/share/ament_index/resource_index
[5.389s] creating /home/wheeltec/wheeltec_ros2/install/wheeltec_dual_rtk_driver/share/ament_index/resource_index/packages
[5.390s] symbolically linking /home/wheeltec/wheeltec_ros2/build/wheeltec_dual_rtk_driver/resource/wheeltec_dual_rtk_driver -> /home/wheeltec/wheeltec_ros2/install/wheeltec_dual_rtk_driver/share/ament_index/resource_index/packages
[5.390s] symbolically linking /home/wheeltec/wheeltec_ros2/build/wheeltec_dual_rtk_driver/launch/wheeltec_dual_rtk_driver_unicore.launch.py -> /home/wheeltec/wheeltec_ros2/install/wheeltec_dual_rtk_driver/share/wheeltec_dual_rtk_driver
[5.391s] symbolically linking /home/wheeltec/wheeltec_ros2/build/wheeltec_dual_rtk_driver/package.xml -> /home/wheeltec/wheeltec_ros2/install/wheeltec_dual_rtk_driver/share/wheeltec_dual_rtk_driver
[5.529s] Invoked command in '/home/wheeltec/wheeltec_ros2/build/wheeltec_dual_rtk_driver' returned '0': PYTHONPATH=/home/wheeltec/wheeltec_ros2/build/wheeltec_dual_rtk_driver/prefix_override:/usr/lib/python3/dist-packages/colcon_core/task/python/colcon_distutils_commands:/home/wheeltec/wheeltec_ros2/install/wheeltec_dual_rtk_driver/lib/python3.10/site-packages:${PYTHONPATH} /usr/bin/python3 -W ignore:setup.py install is deprecated -W ignore:easy_install command is deprecated setup.py develop --editable --build-directory /home/wheeltec/wheeltec_ros2/build/wheeltec_dual_rtk_driver/build --no-deps symlink_data
