[0.429s] Invoking command in '/home/wheeltec/wheeltec_ros2/build/astra_camera_msgs': CMAKE_PREFIX_PATH=${CMAKE_PREFIX_PATH}:/home/wheeltec/wheeltec_ros2/install/wheeltec_robot_keyboard:/home/wheeltec/wheeltec_ros2/install/wheeltec_dual_rtk_driver:/home/wheeltec/wheeltec_ros2/install/ultralytics_ros2:/home/wheeltec/wheeltec_ros2/install/tf2_tools:/home/wheeltec/wheeltec_ros2/install/nav2_waypoint_cycle:/home/wheeltec/wheeltec_ros2/install/nav2_simple_commander:/home/wheeltec/wheeltec_ros2/install/auto_recharge_ros2:/home/wheeltec/autoware/install/autoware_wheeltec_interface:/home/wheeltec/autoware/install/ad_api_visualizers:/opt/ros/humble /usr/bin/cmake --build /home/wheeltec/wheeltec_ros2/build/astra_camera_msgs -- -j6 -l6
[0.671s] [ 11%] Built target astra_camera_msgs__rosidl_generator_c
[0.672s] [ 12%] Built target astra_camera_msgs__cpp
[0.740s] [ 12%] Built target ament_cmake_python_symlink_astra_camera_msgs
[0.855s] [ 24%] Built target astra_camera_msgs__rosidl_typesupport_c
[0.862s] [ 35%] Built target astra_camera_msgs__rosidl_typesupport_introspection_c
[0.865s] [ 47%] Built target astra_camera_msgs__rosidl_typesupport_fastrtps_c
[0.899s] [ 58%] Built target astra_camera_msgs__rosidl_typesupport_introspection_cpp
[0.900s] [ 70%] Built target astra_camera_msgs__rosidl_typesupport_fastrtps_cpp
[0.918s] [ 82%] Built target astra_camera_msgs__rosidl_typesupport_cpp
[1.046s] [ 82%] Built target astra_camera_msgs
[1.168s] [ 83%] Built target astra_camera_msgs__py
[1.344s] [ 93%] Built target astra_camera_msgs__rosidl_generator_py
[1.470s] [ 95%] Built target astra_camera_msgs__rosidl_typesupport_fastrtps_c__pyext
[1.497s] [ 97%] Built target astra_camera_msgs__rosidl_typesupport_introspection_c__pyext
[1.513s] [100%] Built target astra_camera_msgs__rosidl_typesupport_c__pyext
[1.909s] running egg_info
[1.910s] writing astra_camera_msgs.egg-info/PKG-INFO
[1.911s] writing dependency_links to astra_camera_msgs.egg-info/dependency_links.txt
[1.911s] writing top-level names to astra_camera_msgs.egg-info/top_level.txt
[1.922s] reading manifest file 'astra_camera_msgs.egg-info/SOURCES.txt'
[1.983s] writing manifest file 'astra_camera_msgs.egg-info/SOURCES.txt'
[2.063s] [100%] Built target ament_cmake_python_build_astra_camera_msgs_egg
[2.522s] Invoked command in '/home/wheeltec/wheeltec_ros2/build/astra_camera_msgs' returned '0': CMAKE_PREFIX_PATH=${CMAKE_PREFIX_PATH}:/home/wheeltec/wheeltec_ros2/install/wheeltec_robot_keyboard:/home/wheeltec/wheeltec_ros2/install/wheeltec_dual_rtk_driver:/home/wheeltec/wheeltec_ros2/install/ultralytics_ros2:/home/wheeltec/wheeltec_ros2/install/tf2_tools:/home/wheeltec/wheeltec_ros2/install/nav2_waypoint_cycle:/home/wheeltec/wheeltec_ros2/install/nav2_simple_commander:/home/wheeltec/wheeltec_ros2/install/auto_recharge_ros2:/home/wheeltec/autoware/install/autoware_wheeltec_interface:/home/wheeltec/autoware/install/ad_api_visualizers:/opt/ros/humble /usr/bin/cmake --build /home/wheeltec/wheeltec_ros2/build/astra_camera_msgs -- -j6 -l6
[2.537s] Invoking command in '/home/wheeltec/wheeltec_ros2/build/astra_camera_msgs': CMAKE_PREFIX_PATH=${CMAKE_PREFIX_PATH}:/home/wheeltec/wheeltec_ros2/install/wheeltec_robot_keyboard:/home/wheeltec/wheeltec_ros2/install/wheeltec_dual_rtk_driver:/home/wheeltec/wheeltec_ros2/install/ultralytics_ros2:/home/wheeltec/wheeltec_ros2/install/tf2_tools:/home/wheeltec/wheeltec_ros2/install/nav2_waypoint_cycle:/home/wheeltec/wheeltec_ros2/install/nav2_simple_commander:/home/wheeltec/wheeltec_ros2/install/auto_recharge_ros2:/home/wheeltec/autoware/install/autoware_wheeltec_interface:/home/wheeltec/autoware/install/ad_api_visualizers:/opt/ros/humble /usr/bin/cmake --install /home/wheeltec/wheeltec_ros2/build/astra_camera_msgs
[2.588s] -- Install configuration: ""
[2.595s] -- Execute custom install script
[2.595s] -- Up-to-date symlink: /home/wheeltec/wheeltec_ros2/install/astra_camera_msgs/share/ament_index/resource_index/rosidl_interfaces/astra_camera_msgs
[2.598s] -- Up-to-date symlink: /home/wheeltec/wheeltec_ros2/install/astra_camera_msgs/include/astra_camera_msgs/astra_camera_msgs/msg/detail/device_info__functions.h
[2.598s] -- Up-to-date symlink: /home/wheeltec/wheeltec_ros2/install/astra_camera_msgs/include/astra_camera_msgs/astra_camera_msgs/msg/detail/device_info__struct.h
[2.603s] -- Up-to-date symlink: /home/wheeltec/wheeltec_ros2/install/astra_camera_msgs/include/astra_camera_msgs/astra_camera_msgs/msg/detail/device_info__type_support.h
[2.609s] -- Up-to-date symlink: /home/wheeltec/wheeltec_ros2/install/astra_camera_msgs/include/astra_camera_msgs/astra_camera_msgs/msg/detail/extrinsics__functions.h
[2.613s] -- Up-to-date symlink: /home/wheeltec/wheeltec_ros2/install/astra_camera_msgs/include/astra_camera_msgs/astra_camera_msgs/msg/detail/extrinsics__struct.h
[2.613s] -- Up-to-date symlink: /home/wheeltec/wheeltec_ros2/install/astra_camera_msgs/include/astra_camera_msgs/astra_camera_msgs/msg/detail/extrinsics__type_support.h
[2.615s] -- Up-to-date symlink: /home/wheeltec/wheeltec_ros2/install/astra_camera_msgs/include/astra_camera_msgs/astra_camera_msgs/msg/detail/metadata__functions.h
[2.617s] -- Up-to-date symlink: /home/wheeltec/wheeltec_ros2/install/astra_camera_msgs/include/astra_camera_msgs/astra_camera_msgs/msg/detail/metadata__struct.h
[2.618s] -- Up-to-date symlink: /home/wheeltec/wheeltec_ros2/install/astra_camera_msgs/include/astra_camera_msgs/astra_camera_msgs/msg/detail/metadata__type_support.h
[2.621s] -- Up-to-date symlink: /home/wheeltec/wheeltec_ros2/install/astra_camera_msgs/include/astra_camera_msgs/astra_camera_msgs/msg/device_info.h
[2.621s] -- Up-to-date symlink: /home/wheeltec/wheeltec_ros2/install/astra_camera_msgs/include/astra_camera_msgs/astra_camera_msgs/msg/extrinsics.h
[2.621s] -- Up-to-date symlink: /home/wheeltec/wheeltec_ros2/install/astra_camera_msgs/include/astra_camera_msgs/astra_camera_msgs/msg/metadata.h
[2.621s] -- Up-to-date symlink: /home/wheeltec/wheeltec_ros2/install/astra_camera_msgs/include/astra_camera_msgs/astra_camera_msgs/msg/rosidl_generator_c__visibility_control.h
[2.622s] -- Up-to-date symlink: /home/wheeltec/wheeltec_ros2/install/astra_camera_msgs/include/astra_camera_msgs/astra_camera_msgs/srv/detail/get_camera_info__functions.h
[2.625s] -- Up-to-date symlink: /home/wheeltec/wheeltec_ros2/install/astra_camera_msgs/include/astra_camera_msgs/astra_camera_msgs/srv/detail/get_camera_info__struct.h
[2.627s] -- Up-to-date symlink: /home/wheeltec/wheeltec_ros2/install/astra_camera_msgs/include/astra_camera_msgs/astra_camera_msgs/srv/detail/get_camera_info__type_support.h
[2.627s] -- Up-to-date symlink: /home/wheeltec/wheeltec_ros2/install/astra_camera_msgs/include/astra_camera_msgs/astra_camera_msgs/srv/detail/get_camera_params__functions.h
[2.628s] -- Up-to-date symlink: /home/wheeltec/wheeltec_ros2/install/astra_camera_msgs/include/astra_camera_msgs/astra_camera_msgs/srv/detail/get_camera_params__struct.h
[2.629s] -- Up-to-date symlink: /home/wheeltec/wheeltec_ros2/install/astra_camera_msgs/include/astra_camera_msgs/astra_camera_msgs/srv/detail/get_camera_params__type_support.h
[2.629s] -- Up-to-date symlink: /home/wheeltec/wheeltec_ros2/install/astra_camera_msgs/include/astra_camera_msgs/astra_camera_msgs/srv/detail/get_device_info__functions.h
[2.630s] -- Up-to-date symlink: /home/wheeltec/wheeltec_ros2/install/astra_camera_msgs/include/astra_camera_msgs/astra_camera_msgs/srv/detail/get_device_info__struct.h
[2.635s] -- Up-to-date symlink: /home/wheeltec/wheeltec_ros2/install/astra_camera_msgs/include/astra_camera_msgs/astra_camera_msgs/srv/detail/get_device_info__type_support.h
[2.636s] -- Up-to-date symlink: /home/wheeltec/wheeltec_ros2/install/astra_camera_msgs/include/astra_camera_msgs/astra_camera_msgs/srv/detail/get_int32__functions.h
[2.636s] -- Up-to-date symlink: /home/wheeltec/wheeltec_ros2/install/astra_camera_msgs/include/astra_camera_msgs/astra_camera_msgs/srv/detail/get_int32__struct.h
[2.636s] -- Up-to-date symlink: /home/wheeltec/wheeltec_ros2/install/astra_camera_msgs/include/astra_camera_msgs/astra_camera_msgs/srv/detail/get_int32__type_support.h
[2.636s] -- Up-to-date symlink: /home/wheeltec/wheeltec_ros2/install/astra_camera_msgs/include/astra_camera_msgs/astra_camera_msgs/srv/detail/get_string__functions.h
[2.636s] -- Up-to-date symlink: /home/wheeltec/wheeltec_ros2/install/astra_camera_msgs/include/astra_camera_msgs/astra_camera_msgs/srv/detail/get_string__struct.h
[2.636s] -- Up-to-date symlink: /home/wheeltec/wheeltec_ros2/install/astra_camera_msgs/include/astra_camera_msgs/astra_camera_msgs/srv/detail/get_string__type_support.h
[2.637s] -- Up-to-date symlink: /home/wheeltec/wheeltec_ros2/install/astra_camera_msgs/include/astra_camera_msgs/astra_camera_msgs/srv/detail/set_int32__functions.h
[2.637s] -- Up-to-date symlink: /home/wheeltec/wheeltec_ros2/install/astra_camera_msgs/include/astra_camera_msgs/astra_camera_msgs/srv/detail/set_int32__struct.h
[2.637s] -- Up-to-date symlink: /home/wheeltec/wheeltec_ros2/install/astra_camera_msgs/include/astra_camera_msgs/astra_camera_msgs/srv/detail/set_int32__type_support.h
[2.637s] -- Up-to-date symlink: /home/wheeltec/wheeltec_ros2/install/astra_camera_msgs/include/astra_camera_msgs/astra_camera_msgs/srv/get_camera_info.h
[2.639s] -- Up-to-date symlink: /home/wheeltec/wheeltec_ros2/install/astra_camera_msgs/include/astra_camera_msgs/astra_camera_msgs/srv/get_camera_params.h
[2.639s] -- Up-to-date symlink: /home/wheeltec/wheeltec_ros2/install/astra_camera_msgs/include/astra_camera_msgs/astra_camera_msgs/srv/get_device_info.h
[2.640s] -- Up-to-date symlink: /home/wheeltec/wheeltec_ros2/install/astra_camera_msgs/include/astra_camera_msgs/astra_camera_msgs/srv/get_int32.h
[2.640s] -- Up-to-date symlink: /home/wheeltec/wheeltec_ros2/install/astra_camera_msgs/include/astra_camera_msgs/astra_camera_msgs/srv/get_string.h
[2.641s] -- Up-to-date symlink: /home/wheeltec/wheeltec_ros2/install/astra_camera_msgs/include/astra_camera_msgs/astra_camera_msgs/srv/set_int32.h
[2.646s] -- Up-to-date symlink: /home/wheeltec/wheeltec_ros2/install/astra_camera_msgs/share/astra_camera_msgs/environment/library_path.sh
[2.647s] -- Up-to-date symlink: /home/wheeltec/wheeltec_ros2/install/astra_camera_msgs/share/astra_camera_msgs/environment/library_path.dsv
[2.647s] -- Up-to-date symlink: /home/wheeltec/wheeltec_ros2/install/astra_camera_msgs/include/astra_camera_msgs/astra_camera_msgs/msg/detail/device_info__rosidl_typesupport_fastrtps_c.h
[2.648s] -- Up-to-date symlink: /home/wheeltec/wheeltec_ros2/install/astra_camera_msgs/include/astra_camera_msgs/astra_camera_msgs/msg/detail/extrinsics__rosidl_typesupport_fastrtps_c.h
[2.649s] -- Up-to-date symlink: /home/wheeltec/wheeltec_ros2/install/astra_camera_msgs/include/astra_camera_msgs/astra_camera_msgs/msg/detail/metadata__rosidl_typesupport_fastrtps_c.h
[2.649s] -- Up-to-date symlink: /home/wheeltec/wheeltec_ros2/install/astra_camera_msgs/include/astra_camera_msgs/astra_camera_msgs/msg/rosidl_typesupport_fastrtps_c__visibility_control.h
[2.653s] -- Up-to-date symlink: /home/wheeltec/wheeltec_ros2/install/astra_camera_msgs/include/astra_camera_msgs/astra_camera_msgs/srv/detail/get_camera_info__rosidl_typesupport_fastrtps_c.h
[2.653s] -- Up-to-date symlink: /home/wheeltec/wheeltec_ros2/install/astra_camera_msgs/include/astra_camera_msgs/astra_camera_msgs/srv/detail/get_camera_params__rosidl_typesupport_fastrtps_c.h
[2.653s] -- Up-to-date symlink: /home/wheeltec/wheeltec_ros2/install/astra_camera_msgs/include/astra_camera_msgs/astra_camera_msgs/srv/detail/get_device_info__rosidl_typesupport_fastrtps_c.h
[2.653s] -- Up-to-date symlink: /home/wheeltec/wheeltec_ros2/install/astra_camera_msgs/include/astra_camera_msgs/astra_camera_msgs/srv/detail/get_int32__rosidl_typesupport_fastrtps_c.h
[2.653s] -- Up-to-date symlink: /home/wheeltec/wheeltec_ros2/install/astra_camera_msgs/include/astra_camera_msgs/astra_camera_msgs/srv/detail/get_string__rosidl_typesupport_fastrtps_c.h
[2.653s] -- Up-to-date symlink: /home/wheeltec/wheeltec_ros2/install/astra_camera_msgs/include/astra_camera_msgs/astra_camera_msgs/srv/detail/set_int32__rosidl_typesupport_fastrtps_c.h
[2.653s] -- Up-to-date symlink: /home/wheeltec/wheeltec_ros2/install/astra_camera_msgs/include/astra_camera_msgs/astra_camera_msgs/msg/detail/device_info__rosidl_typesupport_introspection_c.h
[2.653s] -- Up-to-date symlink: /home/wheeltec/wheeltec_ros2/install/astra_camera_msgs/include/astra_camera_msgs/astra_camera_msgs/msg/detail/extrinsics__rosidl_typesupport_introspection_c.h
[2.654s] -- Up-to-date symlink: /home/wheeltec/wheeltec_ros2/install/astra_camera_msgs/include/astra_camera_msgs/astra_camera_msgs/msg/detail/metadata__rosidl_typesupport_introspection_c.h
[2.654s] -- Up-to-date symlink: /home/wheeltec/wheeltec_ros2/install/astra_camera_msgs/include/astra_camera_msgs/astra_camera_msgs/msg/rosidl_typesupport_introspection_c__visibility_control.h
[2.654s] -- Up-to-date symlink: /home/wheeltec/wheeltec_ros2/install/astra_camera_msgs/include/astra_camera_msgs/astra_camera_msgs/srv/detail/get_camera_info__rosidl_typesupport_introspection_c.h
[2.654s] -- Up-to-date symlink: /home/wheeltec/wheeltec_ros2/install/astra_camera_msgs/include/astra_camera_msgs/astra_camera_msgs/srv/detail/get_camera_params__rosidl_typesupport_introspection_c.h
[2.655s] -- Up-to-date symlink: /home/wheeltec/wheeltec_ros2/install/astra_camera_msgs/include/astra_camera_msgs/astra_camera_msgs/srv/detail/get_device_info__rosidl_typesupport_introspection_c.h
[2.655s] -- Up-to-date symlink: /home/wheeltec/wheeltec_ros2/install/astra_camera_msgs/include/astra_camera_msgs/astra_camera_msgs/srv/detail/get_int32__rosidl_typesupport_introspection_c.h
[2.655s] -- Up-to-date symlink: /home/wheeltec/wheeltec_ros2/install/astra_camera_msgs/include/astra_camera_msgs/astra_camera_msgs/srv/detail/get_string__rosidl_typesupport_introspection_c.h
[2.655s] -- Up-to-date symlink: /home/wheeltec/wheeltec_ros2/install/astra_camera_msgs/include/astra_camera_msgs/astra_camera_msgs/srv/detail/set_int32__rosidl_typesupport_introspection_c.h
[2.656s] -- Up-to-date symlink: /home/wheeltec/wheeltec_ros2/install/astra_camera_msgs/include/astra_camera_msgs/astra_camera_msgs/msg/detail/device_info__builder.hpp
[2.656s] -- Up-to-date symlink: /home/wheeltec/wheeltec_ros2/install/astra_camera_msgs/include/astra_camera_msgs/astra_camera_msgs/msg/detail/device_info__struct.hpp
[2.656s] -- Up-to-date symlink: /home/wheeltec/wheeltec_ros2/install/astra_camera_msgs/include/astra_camera_msgs/astra_camera_msgs/msg/detail/device_info__traits.hpp
[2.656s] -- Up-to-date symlink: /home/wheeltec/wheeltec_ros2/install/astra_camera_msgs/include/astra_camera_msgs/astra_camera_msgs/msg/detail/device_info__type_support.hpp
[2.656s] -- Up-to-date symlink: /home/wheeltec/wheeltec_ros2/install/astra_camera_msgs/include/astra_camera_msgs/astra_camera_msgs/msg/detail/extrinsics__builder.hpp
[2.657s] -- Up-to-date symlink: /home/wheeltec/wheeltec_ros2/install/astra_camera_msgs/include/astra_camera_msgs/astra_camera_msgs/msg/detail/extrinsics__struct.hpp
[2.658s] -- Up-to-date symlink: /home/wheeltec/wheeltec_ros2/install/astra_camera_msgs/include/astra_camera_msgs/astra_camera_msgs/msg/detail/extrinsics__traits.hpp
[2.661s] -- Up-to-date symlink: /home/wheeltec/wheeltec_ros2/install/astra_camera_msgs/include/astra_camera_msgs/astra_camera_msgs/msg/detail/extrinsics__type_support.hpp
[2.661s] -- Up-to-date symlink: /home/wheeltec/wheeltec_ros2/install/astra_camera_msgs/include/astra_camera_msgs/astra_camera_msgs/msg/detail/metadata__builder.hpp
[2.662s] -- Up-to-date symlink: /home/wheeltec/wheeltec_ros2/install/astra_camera_msgs/include/astra_camera_msgs/astra_camera_msgs/msg/detail/metadata__struct.hpp
[2.662s] -- Up-to-date symlink: /home/wheeltec/wheeltec_ros2/install/astra_camera_msgs/include/astra_camera_msgs/astra_camera_msgs/msg/detail/metadata__traits.hpp
[2.662s] -- Up-to-date symlink: /home/wheeltec/wheeltec_ros2/install/astra_camera_msgs/include/astra_camera_msgs/astra_camera_msgs/msg/detail/metadata__type_support.hpp
[2.662s] -- Up-to-date symlink: /home/wheeltec/wheeltec_ros2/install/astra_camera_msgs/include/astra_camera_msgs/astra_camera_msgs/msg/device_info.hpp
[2.662s] -- Up-to-date symlink: /home/wheeltec/wheeltec_ros2/install/astra_camera_msgs/include/astra_camera_msgs/astra_camera_msgs/msg/extrinsics.hpp
[2.662s] -- Up-to-date symlink: /home/wheeltec/wheeltec_ros2/install/astra_camera_msgs/include/astra_camera_msgs/astra_camera_msgs/msg/metadata.hpp
[2.662s] -- Up-to-date symlink: /home/wheeltec/wheeltec_ros2/install/astra_camera_msgs/include/astra_camera_msgs/astra_camera_msgs/msg/rosidl_generator_cpp__visibility_control.hpp
[2.662s] -- Up-to-date symlink: /home/wheeltec/wheeltec_ros2/install/astra_camera_msgs/include/astra_camera_msgs/astra_camera_msgs/srv/detail/get_camera_info__builder.hpp
[2.663s] -- Up-to-date symlink: /home/wheeltec/wheeltec_ros2/install/astra_camera_msgs/include/astra_camera_msgs/astra_camera_msgs/srv/detail/get_camera_info__struct.hpp
[2.669s] -- Up-to-date symlink: /home/wheeltec/wheeltec_ros2/install/astra_camera_msgs/include/astra_camera_msgs/astra_camera_msgs/srv/detail/get_camera_info__traits.hpp
[2.671s] -- Up-to-date symlink: /home/wheeltec/wheeltec_ros2/install/astra_camera_msgs/include/astra_camera_msgs/astra_camera_msgs/srv/detail/get_camera_info__type_support.hpp
[2.671s] -- Up-to-date symlink: /home/wheeltec/wheeltec_ros2/install/astra_camera_msgs/include/astra_camera_msgs/astra_camera_msgs/srv/detail/get_camera_params__builder.hpp
[2.672s] -- Up-to-date symlink: /home/wheeltec/wheeltec_ros2/install/astra_camera_msgs/include/astra_camera_msgs/astra_camera_msgs/srv/detail/get_camera_params__struct.hpp
[2.676s] -- Up-to-date symlink: /home/wheeltec/wheeltec_ros2/install/astra_camera_msgs/include/astra_camera_msgs/astra_camera_msgs/srv/detail/get_camera_params__traits.hpp
[2.676s] -- Up-to-date symlink: /home/wheeltec/wheeltec_ros2/install/astra_camera_msgs/include/astra_camera_msgs/astra_camera_msgs/srv/detail/get_camera_params__type_support.hpp
[2.677s] -- Up-to-date symlink: /home/wheeltec/wheeltec_ros2/install/astra_camera_msgs/include/astra_camera_msgs/astra_camera_msgs/srv/detail/get_device_info__builder.hpp
[2.677s] -- Up-to-date symlink: /home/wheeltec/wheeltec_ros2/install/astra_camera_msgs/include/astra_camera_msgs/astra_camera_msgs/srv/detail/get_device_info__struct.hpp
[2.677s] -- Up-to-date symlink: /home/wheeltec/wheeltec_ros2/install/astra_camera_msgs/include/astra_camera_msgs/astra_camera_msgs/srv/detail/get_device_info__traits.hpp
[2.678s] -- Up-to-date symlink: /home/wheeltec/wheeltec_ros2/install/astra_camera_msgs/include/astra_camera_msgs/astra_camera_msgs/srv/detail/get_device_info__type_support.hpp
[2.678s] -- Up-to-date symlink: /home/wheeltec/wheeltec_ros2/install/astra_camera_msgs/include/astra_camera_msgs/astra_camera_msgs/srv/detail/get_int32__builder.hpp
[2.678s] -- Up-to-date symlink: /home/wheeltec/wheeltec_ros2/install/astra_camera_msgs/include/astra_camera_msgs/astra_camera_msgs/srv/detail/get_int32__struct.hpp
[2.679s] -- Up-to-date symlink: /home/wheeltec/wheeltec_ros2/install/astra_camera_msgs/include/astra_camera_msgs/astra_camera_msgs/srv/detail/get_int32__traits.hpp
[2.679s] -- Up-to-date symlink: /home/wheeltec/wheeltec_ros2/install/astra_camera_msgs/include/astra_camera_msgs/astra_camera_msgs/srv/detail/get_int32__type_support.hpp
[2.679s] -- Up-to-date symlink: /home/wheeltec/wheeltec_ros2/install/astra_camera_msgs/include/astra_camera_msgs/astra_camera_msgs/srv/detail/get_string__builder.hpp
[2.691s] -- Up-to-date symlink: /home/wheeltec/wheeltec_ros2/install/astra_camera_msgs/include/astra_camera_msgs/astra_camera_msgs/srv/detail/get_string__struct.hpp
[2.692s] -- Up-to-date symlink: /home/wheeltec/wheeltec_ros2/install/astra_camera_msgs/include/astra_camera_msgs/astra_camera_msgs/srv/detail/get_string__traits.hpp
[2.693s] -- Up-to-date symlink: /home/wheeltec/wheeltec_ros2/install/astra_camera_msgs/include/astra_camera_msgs/astra_camera_msgs/srv/detail/get_string__type_support.hpp
[2.693s] -- Up-to-date symlink: /home/wheeltec/wheeltec_ros2/install/astra_camera_msgs/include/astra_camera_msgs/astra_camera_msgs/srv/detail/set_int32__builder.hpp
[2.693s] -- Up-to-date symlink: /home/wheeltec/wheeltec_ros2/install/astra_camera_msgs/include/astra_camera_msgs/astra_camera_msgs/srv/detail/set_int32__struct.hpp
[2.694s] -- Up-to-date symlink: /home/wheeltec/wheeltec_ros2/install/astra_camera_msgs/include/astra_camera_msgs/astra_camera_msgs/srv/detail/set_int32__traits.hpp
[2.694s] -- Up-to-date symlink: /home/wheeltec/wheeltec_ros2/install/astra_camera_msgs/include/astra_camera_msgs/astra_camera_msgs/srv/detail/set_int32__type_support.hpp
[2.694s] -- Up-to-date symlink: /home/wheeltec/wheeltec_ros2/install/astra_camera_msgs/include/astra_camera_msgs/astra_camera_msgs/srv/get_camera_info.hpp
[2.694s] -- Up-to-date symlink: /home/wheeltec/wheeltec_ros2/install/astra_camera_msgs/include/astra_camera_msgs/astra_camera_msgs/srv/get_camera_params.hpp
[2.694s] -- Up-to-date symlink: /home/wheeltec/wheeltec_ros2/install/astra_camera_msgs/include/astra_camera_msgs/astra_camera_msgs/srv/get_device_info.hpp
[2.694s] -- Up-to-date symlink: /home/wheeltec/wheeltec_ros2/install/astra_camera_msgs/include/astra_camera_msgs/astra_camera_msgs/srv/get_int32.hpp
[2.694s] -- Up-to-date symlink: /home/wheeltec/wheeltec_ros2/install/astra_camera_msgs/include/astra_camera_msgs/astra_camera_msgs/srv/get_string.hpp
[2.695s] -- Up-to-date symlink: /home/wheeltec/wheeltec_ros2/install/astra_camera_msgs/include/astra_camera_msgs/astra_camera_msgs/srv/set_int32.hpp
[2.695s] -- Up-to-date symlink: /home/wheeltec/wheeltec_ros2/install/astra_camera_msgs/include/astra_camera_msgs/astra_camera_msgs/msg/detail/device_info__rosidl_typesupport_fastrtps_cpp.hpp
[2.695s] -- Up-to-date symlink: /home/wheeltec/wheeltec_ros2/install/astra_camera_msgs/include/astra_camera_msgs/astra_camera_msgs/msg/detail/extrinsics__rosidl_typesupport_fastrtps_cpp.hpp
[2.695s] -- Up-to-date symlink: /home/wheeltec/wheeltec_ros2/install/astra_camera_msgs/include/astra_camera_msgs/astra_camera_msgs/msg/detail/metadata__rosidl_typesupport_fastrtps_cpp.hpp
[2.695s] -- Up-to-date symlink: /home/wheeltec/wheeltec_ros2/install/astra_camera_msgs/include/astra_camera_msgs/astra_camera_msgs/msg/rosidl_typesupport_fastrtps_cpp__visibility_control.h
[2.696s] -- Up-to-date symlink: /home/wheeltec/wheeltec_ros2/install/astra_camera_msgs/include/astra_camera_msgs/astra_camera_msgs/srv/detail/get_camera_info__rosidl_typesupport_fastrtps_cpp.hpp
[2.696s] -- Up-to-date symlink: /home/wheeltec/wheeltec_ros2/install/astra_camera_msgs/include/astra_camera_msgs/astra_camera_msgs/srv/detail/get_camera_params__rosidl_typesupport_fastrtps_cpp.hpp
[2.712s] -- Up-to-date symlink: /home/wheeltec/wheeltec_ros2/install/astra_camera_msgs/include/astra_camera_msgs/astra_camera_msgs/srv/detail/get_device_info__rosidl_typesupport_fastrtps_cpp.hpp
[2.713s] -- Up-to-date symlink: /home/wheeltec/wheeltec_ros2/install/astra_camera_msgs/include/astra_camera_msgs/astra_camera_msgs/srv/detail/get_int32__rosidl_typesupport_fastrtps_cpp.hpp
[2.713s] -- Up-to-date symlink: /home/wheeltec/wheeltec_ros2/install/astra_camera_msgs/include/astra_camera_msgs/astra_camera_msgs/srv/detail/get_string__rosidl_typesupport_fastrtps_cpp.hpp
[2.713s] -- Up-to-date symlink: /home/wheeltec/wheeltec_ros2/install/astra_camera_msgs/include/astra_camera_msgs/astra_camera_msgs/srv/detail/set_int32__rosidl_typesupport_fastrtps_cpp.hpp
[2.714s] -- Up-to-date symlink: /home/wheeltec/wheeltec_ros2/install/astra_camera_msgs/include/astra_camera_msgs/astra_camera_msgs/msg/detail/device_info__rosidl_typesupport_introspection_cpp.hpp
[2.714s] -- Up-to-date symlink: /home/wheeltec/wheeltec_ros2/install/astra_camera_msgs/include/astra_camera_msgs/astra_camera_msgs/msg/detail/extrinsics__rosidl_typesupport_introspection_cpp.hpp
[2.714s] -- Up-to-date symlink: /home/wheeltec/wheeltec_ros2/install/astra_camera_msgs/include/astra_camera_msgs/astra_camera_msgs/msg/detail/metadata__rosidl_typesupport_introspection_cpp.hpp
[2.714s] -- Up-to-date symlink: /home/wheeltec/wheeltec_ros2/install/astra_camera_msgs/include/astra_camera_msgs/astra_camera_msgs/srv/detail/get_camera_info__rosidl_typesupport_introspection_cpp.hpp
[2.714s] -- Up-to-date symlink: /home/wheeltec/wheeltec_ros2/install/astra_camera_msgs/include/astra_camera_msgs/astra_camera_msgs/srv/detail/get_camera_params__rosidl_typesupport_introspection_cpp.hpp
[2.714s] -- Up-to-date symlink: /home/wheeltec/wheeltec_ros2/install/astra_camera_msgs/include/astra_camera_msgs/astra_camera_msgs/srv/detail/get_device_info__rosidl_typesupport_introspection_cpp.hpp
[2.715s] -- Up-to-date symlink: /home/wheeltec/wheeltec_ros2/install/astra_camera_msgs/include/astra_camera_msgs/astra_camera_msgs/srv/detail/get_int32__rosidl_typesupport_introspection_cpp.hpp
[2.715s] -- Up-to-date symlink: /home/wheeltec/wheeltec_ros2/install/astra_camera_msgs/include/astra_camera_msgs/astra_camera_msgs/srv/detail/get_string__rosidl_typesupport_introspection_cpp.hpp
[2.715s] -- Up-to-date symlink: /home/wheeltec/wheeltec_ros2/install/astra_camera_msgs/include/astra_camera_msgs/astra_camera_msgs/srv/detail/set_int32__rosidl_typesupport_introspection_cpp.hpp
[2.715s] -- Up-to-date symlink: /home/wheeltec/wheeltec_ros2/install/astra_camera_msgs/share/astra_camera_msgs/environment/pythonpath.sh
[2.715s] -- Up-to-date symlink: /home/wheeltec/wheeltec_ros2/install/astra_camera_msgs/share/astra_camera_msgs/environment/pythonpath.dsv
[2.715s] -- Up-to-date symlink: /home/wheeltec/wheeltec_ros2/install/astra_camera_msgs/local/lib/python3.10/dist-packages/astra_camera_msgs-1.0.1-py3.10.egg-info/PKG-INFO
[2.716s] -- Up-to-date symlink: /home/wheeltec/wheeltec_ros2/install/astra_camera_msgs/local/lib/python3.10/dist-packages/astra_camera_msgs-1.0.1-py3.10.egg-info/SOURCES.txt
[2.716s] -- Up-to-date symlink: /home/wheeltec/wheeltec_ros2/install/astra_camera_msgs/local/lib/python3.10/dist-packages/astra_camera_msgs-1.0.1-py3.10.egg-info/dependency_links.txt
[2.716s] -- Up-to-date symlink: /home/wheeltec/wheeltec_ros2/install/astra_camera_msgs/local/lib/python3.10/dist-packages/astra_camera_msgs-1.0.1-py3.10.egg-info/top_level.txt
[2.717s] -- Up-to-date symlink: /home/wheeltec/wheeltec_ros2/install/astra_camera_msgs/local/lib/python3.10/dist-packages/astra_camera_msgs/__init__.py
[2.717s] -- Up-to-date symlink: /home/wheeltec/wheeltec_ros2/install/astra_camera_msgs/local/lib/python3.10/dist-packages/astra_camera_msgs/_astra_camera_msgs_s.ep.rosidl_typesupport_c.c
[2.717s] -- Up-to-date symlink: /home/wheeltec/wheeltec_ros2/install/astra_camera_msgs/local/lib/python3.10/dist-packages/astra_camera_msgs/_astra_camera_msgs_s.ep.rosidl_typesupport_fastrtps_c.c
[2.717s] -- Up-to-date symlink: /home/wheeltec/wheeltec_ros2/install/astra_camera_msgs/local/lib/python3.10/dist-packages/astra_camera_msgs/_astra_camera_msgs_s.ep.rosidl_typesupport_introspection_c.c
[2.717s] -- Up-to-date symlink: /home/wheeltec/wheeltec_ros2/install/astra_camera_msgs/local/lib/python3.10/dist-packages/astra_camera_msgs/astra_camera_msgs_s__rosidl_typesupport_c.cpython-310-aarch64-linux-gnu.so
[2.717s] -- Up-to-date symlink: /home/wheeltec/wheeltec_ros2/install/astra_camera_msgs/local/lib/python3.10/dist-packages/astra_camera_msgs/astra_camera_msgs_s__rosidl_typesupport_fastrtps_c.cpython-310-aarch64-linux-gnu.so
[2.718s] -- Up-to-date symlink: /home/wheeltec/wheeltec_ros2/install/astra_camera_msgs/local/lib/python3.10/dist-packages/astra_camera_msgs/astra_camera_msgs_s__rosidl_typesupport_introspection_c.cpython-310-aarch64-linux-gnu.so
[2.718s] -- Up-to-date symlink: /home/wheeltec/wheeltec_ros2/install/astra_camera_msgs/local/lib/python3.10/dist-packages/astra_camera_msgs/libastra_camera_msgs__rosidl_generator_py.so
[2.718s] -- Up-to-date symlink: /home/wheeltec/wheeltec_ros2/install/astra_camera_msgs/local/lib/python3.10/dist-packages/astra_camera_msgs/msg/__init__.py
[2.718s] -- Up-to-date symlink: /home/wheeltec/wheeltec_ros2/install/astra_camera_msgs/local/lib/python3.10/dist-packages/astra_camera_msgs/msg/_device_info.py
[2.718s] -- Up-to-date symlink: /home/wheeltec/wheeltec_ros2/install/astra_camera_msgs/local/lib/python3.10/dist-packages/astra_camera_msgs/msg/_device_info_s.c
[2.718s] -- Up-to-date symlink: /home/wheeltec/wheeltec_ros2/install/astra_camera_msgs/local/lib/python3.10/dist-packages/astra_camera_msgs/msg/_extrinsics.py
[2.719s] -- Up-to-date symlink: /home/wheeltec/wheeltec_ros2/install/astra_camera_msgs/local/lib/python3.10/dist-packages/astra_camera_msgs/msg/_extrinsics_s.c
[2.719s] -- Up-to-date symlink: /home/wheeltec/wheeltec_ros2/install/astra_camera_msgs/local/lib/python3.10/dist-packages/astra_camera_msgs/msg/_metadata.py
[2.719s] -- Up-to-date symlink: /home/wheeltec/wheeltec_ros2/install/astra_camera_msgs/local/lib/python3.10/dist-packages/astra_camera_msgs/msg/_metadata_s.c
[2.719s] -- Up-to-date symlink: /home/wheeltec/wheeltec_ros2/install/astra_camera_msgs/local/lib/python3.10/dist-packages/astra_camera_msgs/srv/__init__.py
[2.720s] -- Up-to-date symlink: /home/wheeltec/wheeltec_ros2/install/astra_camera_msgs/local/lib/python3.10/dist-packages/astra_camera_msgs/srv/_get_camera_info.py
[2.720s] -- Up-to-date symlink: /home/wheeltec/wheeltec_ros2/install/astra_camera_msgs/local/lib/python3.10/dist-packages/astra_camera_msgs/srv/_get_camera_info_s.c
[2.720s] -- Up-to-date symlink: /home/wheeltec/wheeltec_ros2/install/astra_camera_msgs/local/lib/python3.10/dist-packages/astra_camera_msgs/srv/_get_camera_params.py
[2.720s] -- Up-to-date symlink: /home/wheeltec/wheeltec_ros2/install/astra_camera_msgs/local/lib/python3.10/dist-packages/astra_camera_msgs/srv/_get_camera_params_s.c
[2.720s] -- Up-to-date symlink: /home/wheeltec/wheeltec_ros2/install/astra_camera_msgs/local/lib/python3.10/dist-packages/astra_camera_msgs/srv/_get_device_info.py
[2.720s] -- Up-to-date symlink: /home/wheeltec/wheeltec_ros2/install/astra_camera_msgs/local/lib/python3.10/dist-packages/astra_camera_msgs/srv/_get_device_info_s.c
[2.721s] -- Up-to-date symlink: /home/wheeltec/wheeltec_ros2/install/astra_camera_msgs/local/lib/python3.10/dist-packages/astra_camera_msgs/srv/_get_int32.py
[2.721s] -- Up-to-date symlink: /home/wheeltec/wheeltec_ros2/install/astra_camera_msgs/local/lib/python3.10/dist-packages/astra_camera_msgs/srv/_get_int32_s.c
[2.722s] -- Up-to-date symlink: /home/wheeltec/wheeltec_ros2/install/astra_camera_msgs/local/lib/python3.10/dist-packages/astra_camera_msgs/srv/_get_string.py
[2.722s] -- Up-to-date symlink: /home/wheeltec/wheeltec_ros2/install/astra_camera_msgs/local/lib/python3.10/dist-packages/astra_camera_msgs/srv/_get_string_s.c
[2.722s] -- Up-to-date symlink: /home/wheeltec/wheeltec_ros2/install/astra_camera_msgs/local/lib/python3.10/dist-packages/astra_camera_msgs/srv/_set_int32.py
[2.723s] -- Up-to-date symlink: /home/wheeltec/wheeltec_ros2/install/astra_camera_msgs/local/lib/python3.10/dist-packages/astra_camera_msgs/srv/_set_int32_s.c
[2.723s] -- Up-to-date symlink: /home/wheeltec/wheeltec_ros2/install/astra_camera_msgs/local/lib/python3.10/dist-packages/astra_camera_msgs/astra_camera_msgs_s__rosidl_typesupport_fastrtps_c.cpython-310-aarch64-linux-gnu.so
[2.723s] -- Up-to-date symlink: /home/wheeltec/wheeltec_ros2/install/astra_camera_msgs/local/lib/python3.10/dist-packages/astra_camera_msgs/astra_camera_msgs_s__rosidl_typesupport_introspection_c.cpython-310-aarch64-linux-gnu.so
[2.723s] -- Up-to-date symlink: /home/wheeltec/wheeltec_ros2/install/astra_camera_msgs/local/lib/python3.10/dist-packages/astra_camera_msgs/astra_camera_msgs_s__rosidl_typesupport_c.cpython-310-aarch64-linux-gnu.so
[2.724s] -- Up-to-date symlink: /home/wheeltec/wheeltec_ros2/install/astra_camera_msgs/share/astra_camera_msgs/msg/DeviceInfo.idl
[2.741s] -- Up-to-date symlink: /home/wheeltec/wheeltec_ros2/install/astra_camera_msgs/share/astra_camera_msgs/msg/Extrinsics.idl
[2.741s] -- Up-to-date symlink: /home/wheeltec/wheeltec_ros2/install/astra_camera_msgs/share/astra_camera_msgs/msg/Metadata.idl
[2.741s] -- Up-to-date symlink: /home/wheeltec/wheeltec_ros2/install/astra_camera_msgs/share/astra_camera_msgs/srv/GetDeviceInfo.idl
[2.742s] -- Up-to-date symlink: /home/wheeltec/wheeltec_ros2/install/astra_camera_msgs/share/astra_camera_msgs/srv/GetCameraInfo.idl
[2.742s] -- Up-to-date symlink: /home/wheeltec/wheeltec_ros2/install/astra_camera_msgs/share/astra_camera_msgs/srv/GetCameraParams.idl
[2.742s] -- Up-to-date symlink: /home/wheeltec/wheeltec_ros2/install/astra_camera_msgs/share/astra_camera_msgs/srv/GetInt32.idl
[2.742s] -- Up-to-date symlink: /home/wheeltec/wheeltec_ros2/install/astra_camera_msgs/share/astra_camera_msgs/srv/GetString.idl
[2.742s] -- Up-to-date symlink: /home/wheeltec/wheeltec_ros2/install/astra_camera_msgs/share/astra_camera_msgs/srv/SetInt32.idl
[2.743s] -- Up-to-date symlink: /home/wheeltec/wheeltec_ros2/install/astra_camera_msgs/share/astra_camera_msgs/msg/DeviceInfo.msg
[2.743s] -- Up-to-date symlink: /home/wheeltec/wheeltec_ros2/install/astra_camera_msgs/share/astra_camera_msgs/msg/Extrinsics.msg
[2.743s] -- Up-to-date symlink: /home/wheeltec/wheeltec_ros2/install/astra_camera_msgs/share/astra_camera_msgs/msg/Metadata.msg
[2.744s] -- Up-to-date symlink: /home/wheeltec/wheeltec_ros2/install/astra_camera_msgs/share/astra_camera_msgs/srv/GetDeviceInfo.srv
[2.744s] -- Up-to-date symlink: /home/wheeltec/wheeltec_ros2/install/astra_camera_msgs/share/astra_camera_msgs/srv/GetDeviceInfo_Request.msg
[2.744s] -- Up-to-date symlink: /home/wheeltec/wheeltec_ros2/install/astra_camera_msgs/share/astra_camera_msgs/srv/GetDeviceInfo_Response.msg
[2.745s] -- Up-to-date symlink: /home/wheeltec/wheeltec_ros2/install/astra_camera_msgs/share/astra_camera_msgs/srv/GetCameraInfo.srv
[2.745s] -- Up-to-date symlink: /home/wheeltec/wheeltec_ros2/install/astra_camera_msgs/share/astra_camera_msgs/srv/GetCameraInfo_Request.msg
[2.745s] -- Up-to-date symlink: /home/wheeltec/wheeltec_ros2/install/astra_camera_msgs/share/astra_camera_msgs/srv/GetCameraInfo_Response.msg
[2.746s] -- Up-to-date symlink: /home/wheeltec/wheeltec_ros2/install/astra_camera_msgs/share/astra_camera_msgs/srv/GetCameraParams.srv
[2.746s] -- Up-to-date symlink: /home/wheeltec/wheeltec_ros2/install/astra_camera_msgs/share/astra_camera_msgs/srv/GetCameraParams_Request.msg
[2.746s] -- Up-to-date symlink: /home/wheeltec/wheeltec_ros2/install/astra_camera_msgs/share/astra_camera_msgs/srv/GetCameraParams_Response.msg
[2.746s] -- Up-to-date symlink: /home/wheeltec/wheeltec_ros2/install/astra_camera_msgs/share/astra_camera_msgs/srv/GetInt32.srv
[2.747s] -- Up-to-date symlink: /home/wheeltec/wheeltec_ros2/install/astra_camera_msgs/share/astra_camera_msgs/srv/GetInt32_Request.msg
[2.747s] -- Up-to-date symlink: /home/wheeltec/wheeltec_ros2/install/astra_camera_msgs/share/astra_camera_msgs/srv/GetInt32_Response.msg
[2.747s] -- Up-to-date symlink: /home/wheeltec/wheeltec_ros2/install/astra_camera_msgs/share/astra_camera_msgs/srv/GetString.srv
[2.747s] -- Up-to-date symlink: /home/wheeltec/wheeltec_ros2/install/astra_camera_msgs/share/astra_camera_msgs/srv/GetString_Request.msg
[2.748s] -- Up-to-date symlink: /home/wheeltec/wheeltec_ros2/install/astra_camera_msgs/share/astra_camera_msgs/srv/GetString_Response.msg
[2.748s] -- Up-to-date symlink: /home/wheeltec/wheeltec_ros2/install/astra_camera_msgs/share/astra_camera_msgs/srv/SetInt32.srv
[2.748s] -- Up-to-date symlink: /home/wheeltec/wheeltec_ros2/install/astra_camera_msgs/share/astra_camera_msgs/srv/SetInt32_Request.msg
[2.749s] -- Up-to-date symlink: /home/wheeltec/wheeltec_ros2/install/astra_camera_msgs/share/astra_camera_msgs/srv/SetInt32_Response.msg
[2.749s] -- Up-to-date symlink: /home/wheeltec/wheeltec_ros2/install/astra_camera_msgs/share/ament_index/resource_index/package_run_dependencies/astra_camera_msgs
[2.749s] -- Up-to-date symlink: /home/wheeltec/wheeltec_ros2/install/astra_camera_msgs/share/ament_index/resource_index/parent_prefix_path/astra_camera_msgs
[2.749s] -- Up-to-date symlink: /home/wheeltec/wheeltec_ros2/install/astra_camera_msgs/share/astra_camera_msgs/environment/ament_prefix_path.sh
[2.749s] -- Up-to-date symlink: /home/wheeltec/wheeltec_ros2/install/astra_camera_msgs/share/astra_camera_msgs/environment/ament_prefix_path.dsv
[2.750s] -- Up-to-date symlink: /home/wheeltec/wheeltec_ros2/install/astra_camera_msgs/share/astra_camera_msgs/environment/path.sh
[2.750s] -- Up-to-date symlink: /home/wheeltec/wheeltec_ros2/install/astra_camera_msgs/share/astra_camera_msgs/environment/path.dsv
[2.750s] -- Up-to-date symlink: /home/wheeltec/wheeltec_ros2/install/astra_camera_msgs/share/astra_camera_msgs/local_setup.bash
[2.750s] -- Up-to-date symlink: /home/wheeltec/wheeltec_ros2/install/astra_camera_msgs/share/astra_camera_msgs/local_setup.sh
[2.751s] -- Up-to-date symlink: /home/wheeltec/wheeltec_ros2/install/astra_camera_msgs/share/astra_camera_msgs/local_setup.zsh
[2.751s] -- Up-to-date symlink: /home/wheeltec/wheeltec_ros2/install/astra_camera_msgs/share/astra_camera_msgs/local_setup.dsv
[2.751s] -- Symlinking: /home/wheeltec/wheeltec_ros2/install/astra_camera_msgs/share/astra_camera_msgs/package.dsv
[2.754s] -- Up-to-date symlink: /home/wheeltec/wheeltec_ros2/install/astra_camera_msgs/share/ament_index/resource_index/packages/astra_camera_msgs
[2.754s] -- Up-to-date symlink: /home/wheeltec/wheeltec_ros2/install/astra_camera_msgs/share/astra_camera_msgs/cmake/rosidl_cmake-extras.cmake
[2.755s] -- Up-to-date symlink: /home/wheeltec/wheeltec_ros2/install/astra_camera_msgs/share/astra_camera_msgs/cmake/ament_cmake_export_dependencies-extras.cmake
[2.755s] -- Up-to-date symlink: /home/wheeltec/wheeltec_ros2/install/astra_camera_msgs/share/astra_camera_msgs/cmake/ament_cmake_export_include_directories-extras.cmake
[2.755s] -- Up-to-date symlink: /home/wheeltec/wheeltec_ros2/install/astra_camera_msgs/share/astra_camera_msgs/cmake/ament_cmake_export_libraries-extras.cmake
[2.755s] -- Up-to-date symlink: /home/wheeltec/wheeltec_ros2/install/astra_camera_msgs/share/astra_camera_msgs/cmake/ament_cmake_export_targets-extras.cmake
[2.755s] -- Up-to-date symlink: /home/wheeltec/wheeltec_ros2/install/astra_camera_msgs/share/astra_camera_msgs/cmake/rosidl_cmake_export_typesupport_targets-extras.cmake
[2.755s] -- Up-to-date symlink: /home/wheeltec/wheeltec_ros2/install/astra_camera_msgs/share/astra_camera_msgs/cmake/rosidl_cmake_export_typesupport_libraries-extras.cmake
[2.755s] -- Up-to-date symlink: /home/wheeltec/wheeltec_ros2/install/astra_camera_msgs/share/astra_camera_msgs/cmake/astra_camera_msgsConfig.cmake
[2.755s] -- Up-to-date symlink: /home/wheeltec/wheeltec_ros2/install/astra_camera_msgs/share/astra_camera_msgs/cmake/astra_camera_msgsConfig-version.cmake
[2.755s] -- Up-to-date symlink: /home/wheeltec/wheeltec_ros2/install/astra_camera_msgs/share/astra_camera_msgs/package.xml
[2.755s] -- Up-to-date: /home/wheeltec/wheeltec_ros2/install/astra_camera_msgs/lib/libastra_camera_msgs__rosidl_generator_c.so
[2.755s] -- Up-to-date: /home/wheeltec/wheeltec_ros2/install/astra_camera_msgs/lib/libastra_camera_msgs__rosidl_typesupport_fastrtps_c.so
[2.756s] -- Up-to-date: /home/wheeltec/wheeltec_ros2/install/astra_camera_msgs/lib/libastra_camera_msgs__rosidl_typesupport_introspection_c.so
[2.756s] -- Up-to-date: /home/wheeltec/wheeltec_ros2/install/astra_camera_msgs/lib/libastra_camera_msgs__rosidl_typesupport_c.so
[2.756s] -- Up-to-date: /home/wheeltec/wheeltec_ros2/install/astra_camera_msgs/lib/libastra_camera_msgs__rosidl_typesupport_fastrtps_cpp.so
[2.756s] -- Up-to-date: /home/wheeltec/wheeltec_ros2/install/astra_camera_msgs/lib/libastra_camera_msgs__rosidl_typesupport_introspection_cpp.so
[2.756s] -- Up-to-date: /home/wheeltec/wheeltec_ros2/install/astra_camera_msgs/lib/libastra_camera_msgs__rosidl_typesupport_cpp.so
[2.889s] Listing '/home/wheeltec/wheeltec_ros2/install/astra_camera_msgs/local/lib/python3.10/dist-packages/astra_camera_msgs'...
[2.889s] Listing '/home/wheeltec/wheeltec_ros2/install/astra_camera_msgs/local/lib/python3.10/dist-packages/astra_camera_msgs/msg'...
[2.889s] Listing '/home/wheeltec/wheeltec_ros2/install/astra_camera_msgs/local/lib/python3.10/dist-packages/astra_camera_msgs/srv'...
[2.903s] -- Up-to-date: /home/wheeltec/wheeltec_ros2/install/astra_camera_msgs/lib/libastra_camera_msgs__rosidl_generator_py.so
[2.904s] -- Up-to-date: /home/wheeltec/wheeltec_ros2/install/astra_camera_msgs/share/astra_camera_msgs/cmake/export_astra_camera_msgs__rosidl_generator_cExport.cmake
[2.904s] -- Up-to-date: /home/wheeltec/wheeltec_ros2/install/astra_camera_msgs/share/astra_camera_msgs/cmake/export_astra_camera_msgs__rosidl_generator_cExport-noconfig.cmake
[2.905s] -- Up-to-date: /home/wheeltec/wheeltec_ros2/install/astra_camera_msgs/share/astra_camera_msgs/cmake/export_astra_camera_msgs__rosidl_typesupport_fastrtps_cExport.cmake
[2.905s] -- Up-to-date: /home/wheeltec/wheeltec_ros2/install/astra_camera_msgs/share/astra_camera_msgs/cmake/export_astra_camera_msgs__rosidl_typesupport_fastrtps_cExport-noconfig.cmake
[2.905s] -- Up-to-date: /home/wheeltec/wheeltec_ros2/install/astra_camera_msgs/share/astra_camera_msgs/cmake/astra_camera_msgs__rosidl_typesupport_introspection_cExport.cmake
[2.905s] -- Up-to-date: /home/wheeltec/wheeltec_ros2/install/astra_camera_msgs/share/astra_camera_msgs/cmake/astra_camera_msgs__rosidl_typesupport_introspection_cExport-noconfig.cmake
[2.906s] -- Up-to-date: /home/wheeltec/wheeltec_ros2/install/astra_camera_msgs/share/astra_camera_msgs/cmake/astra_camera_msgs__rosidl_typesupport_cExport.cmake
[2.906s] -- Up-to-date: /home/wheeltec/wheeltec_ros2/install/astra_camera_msgs/share/astra_camera_msgs/cmake/astra_camera_msgs__rosidl_typesupport_cExport-noconfig.cmake
[2.906s] -- Up-to-date: /home/wheeltec/wheeltec_ros2/install/astra_camera_msgs/share/astra_camera_msgs/cmake/export_astra_camera_msgs__rosidl_generator_cppExport.cmake
[2.907s] -- Up-to-date: /home/wheeltec/wheeltec_ros2/install/astra_camera_msgs/share/astra_camera_msgs/cmake/export_astra_camera_msgs__rosidl_typesupport_fastrtps_cppExport.cmake
[2.907s] -- Up-to-date: /home/wheeltec/wheeltec_ros2/install/astra_camera_msgs/share/astra_camera_msgs/cmake/export_astra_camera_msgs__rosidl_typesupport_fastrtps_cppExport-noconfig.cmake
[2.907s] -- Up-to-date: /home/wheeltec/wheeltec_ros2/install/astra_camera_msgs/share/astra_camera_msgs/cmake/astra_camera_msgs__rosidl_typesupport_introspection_cppExport.cmake
[2.908s] -- Up-to-date: /home/wheeltec/wheeltec_ros2/install/astra_camera_msgs/share/astra_camera_msgs/cmake/astra_camera_msgs__rosidl_typesupport_introspection_cppExport-noconfig.cmake
[2.908s] -- Up-to-date: /home/wheeltec/wheeltec_ros2/install/astra_camera_msgs/share/astra_camera_msgs/cmake/astra_camera_msgs__rosidl_typesupport_cppExport.cmake
[2.908s] -- Up-to-date: /home/wheeltec/wheeltec_ros2/install/astra_camera_msgs/share/astra_camera_msgs/cmake/astra_camera_msgs__rosidl_typesupport_cppExport-noconfig.cmake
[2.909s] -- Up-to-date: /home/wheeltec/wheeltec_ros2/install/astra_camera_msgs/share/astra_camera_msgs/cmake/export_astra_camera_msgs__rosidl_generator_pyExport.cmake
[2.909s] -- Up-to-date: /home/wheeltec/wheeltec_ros2/install/astra_camera_msgs/share/astra_camera_msgs/cmake/export_astra_camera_msgs__rosidl_generator_pyExport-noconfig.cmake
[3.058s] Invoked command in '/home/wheeltec/wheeltec_ros2/build/astra_camera_msgs' returned '0': CMAKE_PREFIX_PATH=${CMAKE_PREFIX_PATH}:/home/wheeltec/wheeltec_ros2/install/wheeltec_robot_keyboard:/home/wheeltec/wheeltec_ros2/install/wheeltec_dual_rtk_driver:/home/wheeltec/wheeltec_ros2/install/ultralytics_ros2:/home/wheeltec/wheeltec_ros2/install/tf2_tools:/home/wheeltec/wheeltec_ros2/install/nav2_waypoint_cycle:/home/wheeltec/wheeltec_ros2/install/nav2_simple_commander:/home/wheeltec/wheeltec_ros2/install/auto_recharge_ros2:/home/wheeltec/autoware/install/autoware_wheeltec_interface:/home/wheeltec/autoware/install/ad_api_visualizers:/opt/ros/humble /usr/bin/cmake --install /home/wheeltec/wheeltec_ros2/build/astra_camera_msgs
