[0.212s] Invoking command in '/home/wheeltec/wheeltec_ros2/build/nmea_msgs': CMAKE_PREFIX_PATH=${CMAKE_PREFIX_PATH}:/home/wheeltec/wheeltec_ros2/install/wheeltec_robot_keyboard:/home/wheeltec/wheeltec_ros2/install/wheeltec_dual_rtk_driver:/home/wheeltec/wheeltec_ros2/install/ultralytics_ros2:/home/wheeltec/wheeltec_ros2/install/tf2_tools:/home/wheeltec/wheeltec_ros2/install/nav2_waypoint_cycle:/home/wheeltec/wheeltec_ros2/install/nav2_simple_commander:/home/wheeltec/wheeltec_ros2/install/auto_recharge_ros2:/home/wheeltec/autoware/install/autoware_wheeltec_interface:/home/wheeltec/autoware/install/ad_api_visualizers:/opt/ros/humble /usr/bin/cmake --build /home/wheeltec/wheeltec_ros2/build/nmea_msgs -- -j6 -l6
[0.390s] [  1%] Built target nmea_msgs__cpp
[0.407s] [ 12%] Built target nmea_msgs__rosidl_generator_c
[0.420s] [ 12%] Built target ament_cmake_python_symlink_nmea_msgs
[0.548s] [ 24%] Built target nmea_msgs__rosidl_typesupport_introspection_c
[0.553s] [ 35%] Built target nmea_msgs__rosidl_typesupport_cpp
[0.608s] [ 46%] Built target nmea_msgs__rosidl_typesupport_fastrtps_cpp
[0.609s] [ 58%] Built target nmea_msgs__rosidl_typesupport_introspection_cpp
[0.627s] [ 69%] Built target nmea_msgs__rosidl_typesupport_fastrtps_c
[0.637s] [ 81%] Built target nmea_msgs__rosidl_typesupport_c
[0.796s] [ 81%] Built target nmea_msgs
[0.910s] [ 82%] Built target nmea_msgs__py
[1.051s] [ 92%] Built target nmea_msgs__rosidl_generator_py
[1.170s] [ 94%] Built target nmea_msgs__rosidl_typesupport_fastrtps_c__pyext
[1.224s] [ 97%] Built target nmea_msgs__rosidl_typesupport_introspection_c__pyext
[1.230s] [100%] Built target nmea_msgs__rosidl_typesupport_c__pyext
[1.910s] running egg_info
[1.912s] writing nmea_msgs.egg-info/PKG-INFO
[1.913s] writing dependency_links to nmea_msgs.egg-info/dependency_links.txt
[1.913s] writing top-level names to nmea_msgs.egg-info/top_level.txt
[1.931s] reading manifest file 'nmea_msgs.egg-info/SOURCES.txt'
[1.932s] writing manifest file 'nmea_msgs.egg-info/SOURCES.txt'
[2.033s] [100%] Built target ament_cmake_python_build_nmea_msgs_egg
[2.078s] Invoked command in '/home/wheeltec/wheeltec_ros2/build/nmea_msgs' returned '0': CMAKE_PREFIX_PATH=${CMAKE_PREFIX_PATH}:/home/wheeltec/wheeltec_ros2/install/wheeltec_robot_keyboard:/home/wheeltec/wheeltec_ros2/install/wheeltec_dual_rtk_driver:/home/wheeltec/wheeltec_ros2/install/ultralytics_ros2:/home/wheeltec/wheeltec_ros2/install/tf2_tools:/home/wheeltec/wheeltec_ros2/install/nav2_waypoint_cycle:/home/wheeltec/wheeltec_ros2/install/nav2_simple_commander:/home/wheeltec/wheeltec_ros2/install/auto_recharge_ros2:/home/wheeltec/autoware/install/autoware_wheeltec_interface:/home/wheeltec/autoware/install/ad_api_visualizers:/opt/ros/humble /usr/bin/cmake --build /home/wheeltec/wheeltec_ros2/build/nmea_msgs -- -j6 -l6
[2.085s] Invoking command in '/home/wheeltec/wheeltec_ros2/build/nmea_msgs': CMAKE_PREFIX_PATH=${CMAKE_PREFIX_PATH}:/home/wheeltec/wheeltec_ros2/install/wheeltec_robot_keyboard:/home/wheeltec/wheeltec_ros2/install/wheeltec_dual_rtk_driver:/home/wheeltec/wheeltec_ros2/install/ultralytics_ros2:/home/wheeltec/wheeltec_ros2/install/tf2_tools:/home/wheeltec/wheeltec_ros2/install/nav2_waypoint_cycle:/home/wheeltec/wheeltec_ros2/install/nav2_simple_commander:/home/wheeltec/wheeltec_ros2/install/auto_recharge_ros2:/home/wheeltec/autoware/install/autoware_wheeltec_interface:/home/wheeltec/autoware/install/ad_api_visualizers:/opt/ros/humble /usr/bin/cmake --install /home/wheeltec/wheeltec_ros2/build/nmea_msgs
[2.119s] -- Install configuration: ""
[2.119s] -- Execute custom install script
[2.119s] -- Up-to-date symlink: /home/wheeltec/wheeltec_ros2/install/nmea_msgs/share/ament_index/resource_index/rosidl_interfaces/nmea_msgs
[2.119s] -- Up-to-date symlink: /home/wheeltec/wheeltec_ros2/install/nmea_msgs/include/nmea_msgs/nmea_msgs/msg/detail/gpgga__functions.h
[2.120s] -- Up-to-date symlink: /home/wheeltec/wheeltec_ros2/install/nmea_msgs/include/nmea_msgs/nmea_msgs/msg/detail/gpgga__struct.h
[2.120s] -- Up-to-date symlink: /home/wheeltec/wheeltec_ros2/install/nmea_msgs/include/nmea_msgs/nmea_msgs/msg/detail/gpgga__type_support.h
[2.120s] -- Up-to-date symlink: /home/wheeltec/wheeltec_ros2/install/nmea_msgs/include/nmea_msgs/nmea_msgs/msg/detail/gpgsa__functions.h
[2.120s] -- Up-to-date symlink: /home/wheeltec/wheeltec_ros2/install/nmea_msgs/include/nmea_msgs/nmea_msgs/msg/detail/gpgsa__struct.h
[2.123s] -- Up-to-date symlink: /home/wheeltec/wheeltec_ros2/install/nmea_msgs/include/nmea_msgs/nmea_msgs/msg/detail/gpgsa__type_support.h
[2.123s] -- Up-to-date symlink: /home/wheeltec/wheeltec_ros2/install/nmea_msgs/include/nmea_msgs/nmea_msgs/msg/detail/gpgst__functions.h
[2.125s] -- Up-to-date symlink: /home/wheeltec/wheeltec_ros2/install/nmea_msgs/include/nmea_msgs/nmea_msgs/msg/detail/gpgst__struct.h
[2.125s] -- Up-to-date symlink: /home/wheeltec/wheeltec_ros2/install/nmea_msgs/include/nmea_msgs/nmea_msgs/msg/detail/gpgst__type_support.h
[2.126s] -- Up-to-date symlink: /home/wheeltec/wheeltec_ros2/install/nmea_msgs/include/nmea_msgs/nmea_msgs/msg/detail/gpgsv__functions.h
[2.126s] -- Up-to-date symlink: /home/wheeltec/wheeltec_ros2/install/nmea_msgs/include/nmea_msgs/nmea_msgs/msg/detail/gpgsv__struct.h
[2.126s] -- Up-to-date symlink: /home/wheeltec/wheeltec_ros2/install/nmea_msgs/include/nmea_msgs/nmea_msgs/msg/detail/gpgsv__type_support.h
[2.126s] -- Up-to-date symlink: /home/wheeltec/wheeltec_ros2/install/nmea_msgs/include/nmea_msgs/nmea_msgs/msg/detail/gpgsv_satellite__functions.h
[2.127s] -- Up-to-date symlink: /home/wheeltec/wheeltec_ros2/install/nmea_msgs/include/nmea_msgs/nmea_msgs/msg/detail/gpgsv_satellite__struct.h
[2.127s] -- Up-to-date symlink: /home/wheeltec/wheeltec_ros2/install/nmea_msgs/include/nmea_msgs/nmea_msgs/msg/detail/gpgsv_satellite__type_support.h
[2.129s] -- Up-to-date symlink: /home/wheeltec/wheeltec_ros2/install/nmea_msgs/include/nmea_msgs/nmea_msgs/msg/detail/gprmc__functions.h
[2.130s] -- Up-to-date symlink: /home/wheeltec/wheeltec_ros2/install/nmea_msgs/include/nmea_msgs/nmea_msgs/msg/detail/gprmc__struct.h
[2.130s] -- Up-to-date symlink: /home/wheeltec/wheeltec_ros2/install/nmea_msgs/include/nmea_msgs/nmea_msgs/msg/detail/gprmc__type_support.h
[2.132s] -- Up-to-date symlink: /home/wheeltec/wheeltec_ros2/install/nmea_msgs/include/nmea_msgs/nmea_msgs/msg/detail/sentence__functions.h
[2.135s] -- Up-to-date symlink: /home/wheeltec/wheeltec_ros2/install/nmea_msgs/include/nmea_msgs/nmea_msgs/msg/detail/sentence__struct.h
[2.135s] -- Up-to-date symlink: /home/wheeltec/wheeltec_ros2/install/nmea_msgs/include/nmea_msgs/nmea_msgs/msg/detail/sentence__type_support.h
[2.135s] -- Up-to-date symlink: /home/wheeltec/wheeltec_ros2/install/nmea_msgs/include/nmea_msgs/nmea_msgs/msg/gpgga.h
[2.135s] -- Up-to-date symlink: /home/wheeltec/wheeltec_ros2/install/nmea_msgs/include/nmea_msgs/nmea_msgs/msg/gpgsa.h
[2.136s] -- Up-to-date symlink: /home/wheeltec/wheeltec_ros2/install/nmea_msgs/include/nmea_msgs/nmea_msgs/msg/gpgst.h
[2.136s] -- Up-to-date symlink: /home/wheeltec/wheeltec_ros2/install/nmea_msgs/include/nmea_msgs/nmea_msgs/msg/gpgsv.h
[2.136s] -- Up-to-date symlink: /home/wheeltec/wheeltec_ros2/install/nmea_msgs/include/nmea_msgs/nmea_msgs/msg/gpgsv_satellite.h
[2.136s] -- Up-to-date symlink: /home/wheeltec/wheeltec_ros2/install/nmea_msgs/include/nmea_msgs/nmea_msgs/msg/gprmc.h
[2.136s] -- Up-to-date symlink: /home/wheeltec/wheeltec_ros2/install/nmea_msgs/include/nmea_msgs/nmea_msgs/msg/rosidl_generator_c__visibility_control.h
[2.136s] -- Up-to-date symlink: /home/wheeltec/wheeltec_ros2/install/nmea_msgs/include/nmea_msgs/nmea_msgs/msg/sentence.h
[2.137s] -- Up-to-date symlink: /home/wheeltec/wheeltec_ros2/install/nmea_msgs/share/nmea_msgs/environment/library_path.sh
[2.137s] -- Up-to-date symlink: /home/wheeltec/wheeltec_ros2/install/nmea_msgs/share/nmea_msgs/environment/library_path.dsv
[2.137s] -- Up-to-date symlink: /home/wheeltec/wheeltec_ros2/install/nmea_msgs/include/nmea_msgs/nmea_msgs/msg/detail/gpgga__rosidl_typesupport_fastrtps_c.h
[2.137s] -- Up-to-date symlink: /home/wheeltec/wheeltec_ros2/install/nmea_msgs/include/nmea_msgs/nmea_msgs/msg/detail/gpgsa__rosidl_typesupport_fastrtps_c.h
[2.137s] -- Up-to-date symlink: /home/wheeltec/wheeltec_ros2/install/nmea_msgs/include/nmea_msgs/nmea_msgs/msg/detail/gpgst__rosidl_typesupport_fastrtps_c.h
[2.137s] -- Up-to-date symlink: /home/wheeltec/wheeltec_ros2/install/nmea_msgs/include/nmea_msgs/nmea_msgs/msg/detail/gpgsv__rosidl_typesupport_fastrtps_c.h
[2.137s] -- Up-to-date symlink: /home/wheeltec/wheeltec_ros2/install/nmea_msgs/include/nmea_msgs/nmea_msgs/msg/detail/gpgsv_satellite__rosidl_typesupport_fastrtps_c.h
[2.137s] -- Up-to-date symlink: /home/wheeltec/wheeltec_ros2/install/nmea_msgs/include/nmea_msgs/nmea_msgs/msg/detail/gprmc__rosidl_typesupport_fastrtps_c.h
[2.137s] -- Up-to-date symlink: /home/wheeltec/wheeltec_ros2/install/nmea_msgs/include/nmea_msgs/nmea_msgs/msg/detail/sentence__rosidl_typesupport_fastrtps_c.h
[2.138s] -- Up-to-date symlink: /home/wheeltec/wheeltec_ros2/install/nmea_msgs/include/nmea_msgs/nmea_msgs/msg/rosidl_typesupport_fastrtps_c__visibility_control.h
[2.138s] -- Up-to-date symlink: /home/wheeltec/wheeltec_ros2/install/nmea_msgs/include/nmea_msgs/nmea_msgs/msg/detail/gpgga__rosidl_typesupport_introspection_c.h
[2.138s] -- Up-to-date symlink: /home/wheeltec/wheeltec_ros2/install/nmea_msgs/include/nmea_msgs/nmea_msgs/msg/detail/gpgsa__rosidl_typesupport_introspection_c.h
[2.138s] -- Up-to-date symlink: /home/wheeltec/wheeltec_ros2/install/nmea_msgs/include/nmea_msgs/nmea_msgs/msg/detail/gpgst__rosidl_typesupport_introspection_c.h
[2.138s] -- Up-to-date symlink: /home/wheeltec/wheeltec_ros2/install/nmea_msgs/include/nmea_msgs/nmea_msgs/msg/detail/gpgsv__rosidl_typesupport_introspection_c.h
[2.138s] -- Up-to-date symlink: /home/wheeltec/wheeltec_ros2/install/nmea_msgs/include/nmea_msgs/nmea_msgs/msg/detail/gpgsv_satellite__rosidl_typesupport_introspection_c.h
[2.138s] -- Up-to-date symlink: /home/wheeltec/wheeltec_ros2/install/nmea_msgs/include/nmea_msgs/nmea_msgs/msg/detail/gprmc__rosidl_typesupport_introspection_c.h
[2.138s] -- Up-to-date symlink: /home/wheeltec/wheeltec_ros2/install/nmea_msgs/include/nmea_msgs/nmea_msgs/msg/detail/sentence__rosidl_typesupport_introspection_c.h
[2.141s] -- Up-to-date symlink: /home/wheeltec/wheeltec_ros2/install/nmea_msgs/include/nmea_msgs/nmea_msgs/msg/rosidl_typesupport_introspection_c__visibility_control.h
[2.142s] -- Up-to-date symlink: /home/wheeltec/wheeltec_ros2/install/nmea_msgs/include/nmea_msgs/nmea_msgs/msg/detail/gpgga__builder.hpp
[2.147s] -- Up-to-date symlink: /home/wheeltec/wheeltec_ros2/install/nmea_msgs/include/nmea_msgs/nmea_msgs/msg/detail/gpgga__struct.hpp
[2.147s] -- Up-to-date symlink: /home/wheeltec/wheeltec_ros2/install/nmea_msgs/include/nmea_msgs/nmea_msgs/msg/detail/gpgga__traits.hpp
[2.147s] -- Up-to-date symlink: /home/wheeltec/wheeltec_ros2/install/nmea_msgs/include/nmea_msgs/nmea_msgs/msg/detail/gpgga__type_support.hpp
[2.147s] -- Up-to-date symlink: /home/wheeltec/wheeltec_ros2/install/nmea_msgs/include/nmea_msgs/nmea_msgs/msg/detail/gpgsa__builder.hpp
[2.147s] -- Up-to-date symlink: /home/wheeltec/wheeltec_ros2/install/nmea_msgs/include/nmea_msgs/nmea_msgs/msg/detail/gpgsa__struct.hpp
[2.147s] -- Up-to-date symlink: /home/wheeltec/wheeltec_ros2/install/nmea_msgs/include/nmea_msgs/nmea_msgs/msg/detail/gpgsa__traits.hpp
[2.147s] -- Up-to-date symlink: /home/wheeltec/wheeltec_ros2/install/nmea_msgs/include/nmea_msgs/nmea_msgs/msg/detail/gpgsa__type_support.hpp
[2.148s] -- Up-to-date symlink: /home/wheeltec/wheeltec_ros2/install/nmea_msgs/include/nmea_msgs/nmea_msgs/msg/detail/gpgst__builder.hpp
[2.148s] -- Up-to-date symlink: /home/wheeltec/wheeltec_ros2/install/nmea_msgs/include/nmea_msgs/nmea_msgs/msg/detail/gpgst__struct.hpp
[2.148s] -- Up-to-date symlink: /home/wheeltec/wheeltec_ros2/install/nmea_msgs/include/nmea_msgs/nmea_msgs/msg/detail/gpgst__traits.hpp
[2.148s] -- Up-to-date symlink: /home/wheeltec/wheeltec_ros2/install/nmea_msgs/include/nmea_msgs/nmea_msgs/msg/detail/gpgst__type_support.hpp
[2.148s] -- Up-to-date symlink: /home/wheeltec/wheeltec_ros2/install/nmea_msgs/include/nmea_msgs/nmea_msgs/msg/detail/gpgsv__builder.hpp
[2.148s] -- Up-to-date symlink: /home/wheeltec/wheeltec_ros2/install/nmea_msgs/include/nmea_msgs/nmea_msgs/msg/detail/gpgsv__struct.hpp
[2.148s] -- Up-to-date symlink: /home/wheeltec/wheeltec_ros2/install/nmea_msgs/include/nmea_msgs/nmea_msgs/msg/detail/gpgsv__traits.hpp
[2.148s] -- Up-to-date symlink: /home/wheeltec/wheeltec_ros2/install/nmea_msgs/include/nmea_msgs/nmea_msgs/msg/detail/gpgsv__type_support.hpp
[2.149s] -- Up-to-date symlink: /home/wheeltec/wheeltec_ros2/install/nmea_msgs/include/nmea_msgs/nmea_msgs/msg/detail/gpgsv_satellite__builder.hpp
[2.149s] -- Up-to-date symlink: /home/wheeltec/wheeltec_ros2/install/nmea_msgs/include/nmea_msgs/nmea_msgs/msg/detail/gpgsv_satellite__struct.hpp
[2.150s] -- Up-to-date symlink: /home/wheeltec/wheeltec_ros2/install/nmea_msgs/include/nmea_msgs/nmea_msgs/msg/detail/gpgsv_satellite__traits.hpp
[2.150s] -- Up-to-date symlink: /home/wheeltec/wheeltec_ros2/install/nmea_msgs/include/nmea_msgs/nmea_msgs/msg/detail/gpgsv_satellite__type_support.hpp
[2.150s] -- Up-to-date symlink: /home/wheeltec/wheeltec_ros2/install/nmea_msgs/include/nmea_msgs/nmea_msgs/msg/detail/gprmc__builder.hpp
[2.150s] -- Up-to-date symlink: /home/wheeltec/wheeltec_ros2/install/nmea_msgs/include/nmea_msgs/nmea_msgs/msg/detail/gprmc__struct.hpp
[2.150s] -- Up-to-date symlink: /home/wheeltec/wheeltec_ros2/install/nmea_msgs/include/nmea_msgs/nmea_msgs/msg/detail/gprmc__traits.hpp
[2.151s] -- Up-to-date symlink: /home/wheeltec/wheeltec_ros2/install/nmea_msgs/include/nmea_msgs/nmea_msgs/msg/detail/gprmc__type_support.hpp
[2.151s] -- Up-to-date symlink: /home/wheeltec/wheeltec_ros2/install/nmea_msgs/include/nmea_msgs/nmea_msgs/msg/detail/sentence__builder.hpp
[2.151s] -- Up-to-date symlink: /home/wheeltec/wheeltec_ros2/install/nmea_msgs/include/nmea_msgs/nmea_msgs/msg/detail/sentence__struct.hpp
[2.151s] -- Up-to-date symlink: /home/wheeltec/wheeltec_ros2/install/nmea_msgs/include/nmea_msgs/nmea_msgs/msg/detail/sentence__traits.hpp
[2.156s] -- Up-to-date symlink: /home/wheeltec/wheeltec_ros2/install/nmea_msgs/include/nmea_msgs/nmea_msgs/msg/detail/sentence__type_support.hpp
[2.158s] -- Up-to-date symlink: /home/wheeltec/wheeltec_ros2/install/nmea_msgs/include/nmea_msgs/nmea_msgs/msg/gpgga.hpp
[2.158s] -- Up-to-date symlink: /home/wheeltec/wheeltec_ros2/install/nmea_msgs/include/nmea_msgs/nmea_msgs/msg/gpgsa.hpp
[2.158s] -- Up-to-date symlink: /home/wheeltec/wheeltec_ros2/install/nmea_msgs/include/nmea_msgs/nmea_msgs/msg/gpgst.hpp
[2.159s] -- Up-to-date symlink: /home/wheeltec/wheeltec_ros2/install/nmea_msgs/include/nmea_msgs/nmea_msgs/msg/gpgsv.hpp
[2.159s] -- Up-to-date symlink: /home/wheeltec/wheeltec_ros2/install/nmea_msgs/include/nmea_msgs/nmea_msgs/msg/gpgsv_satellite.hpp
[2.159s] -- Up-to-date symlink: /home/wheeltec/wheeltec_ros2/install/nmea_msgs/include/nmea_msgs/nmea_msgs/msg/gprmc.hpp
[2.159s] -- Up-to-date symlink: /home/wheeltec/wheeltec_ros2/install/nmea_msgs/include/nmea_msgs/nmea_msgs/msg/rosidl_generator_cpp__visibility_control.hpp
[2.159s] -- Up-to-date symlink: /home/wheeltec/wheeltec_ros2/install/nmea_msgs/include/nmea_msgs/nmea_msgs/msg/sentence.hpp
[2.164s] -- Up-to-date symlink: /home/wheeltec/wheeltec_ros2/install/nmea_msgs/include/nmea_msgs/nmea_msgs/msg/detail/gpgga__rosidl_typesupport_fastrtps_cpp.hpp
[2.164s] -- Up-to-date symlink: /home/wheeltec/wheeltec_ros2/install/nmea_msgs/include/nmea_msgs/nmea_msgs/msg/detail/gpgsa__rosidl_typesupport_fastrtps_cpp.hpp
[2.165s] -- Up-to-date symlink: /home/wheeltec/wheeltec_ros2/install/nmea_msgs/include/nmea_msgs/nmea_msgs/msg/detail/gpgst__rosidl_typesupport_fastrtps_cpp.hpp
[2.166s] -- Up-to-date symlink: /home/wheeltec/wheeltec_ros2/install/nmea_msgs/include/nmea_msgs/nmea_msgs/msg/detail/gpgsv__rosidl_typesupport_fastrtps_cpp.hpp
[2.166s] -- Up-to-date symlink: /home/wheeltec/wheeltec_ros2/install/nmea_msgs/include/nmea_msgs/nmea_msgs/msg/detail/gpgsv_satellite__rosidl_typesupport_fastrtps_cpp.hpp
[2.166s] -- Up-to-date symlink: /home/wheeltec/wheeltec_ros2/install/nmea_msgs/include/nmea_msgs/nmea_msgs/msg/detail/gprmc__rosidl_typesupport_fastrtps_cpp.hpp
[2.167s] -- Up-to-date symlink: /home/wheeltec/wheeltec_ros2/install/nmea_msgs/include/nmea_msgs/nmea_msgs/msg/detail/sentence__rosidl_typesupport_fastrtps_cpp.hpp
[2.167s] -- Up-to-date symlink: /home/wheeltec/wheeltec_ros2/install/nmea_msgs/include/nmea_msgs/nmea_msgs/msg/rosidl_typesupport_fastrtps_cpp__visibility_control.h
[2.168s] -- Up-to-date symlink: /home/wheeltec/wheeltec_ros2/install/nmea_msgs/include/nmea_msgs/nmea_msgs/msg/detail/gpgga__rosidl_typesupport_introspection_cpp.hpp
[2.168s] -- Up-to-date symlink: /home/wheeltec/wheeltec_ros2/install/nmea_msgs/include/nmea_msgs/nmea_msgs/msg/detail/gpgsa__rosidl_typesupport_introspection_cpp.hpp
[2.169s] -- Up-to-date symlink: /home/wheeltec/wheeltec_ros2/install/nmea_msgs/include/nmea_msgs/nmea_msgs/msg/detail/gpgst__rosidl_typesupport_introspection_cpp.hpp
[2.173s] -- Up-to-date symlink: /home/wheeltec/wheeltec_ros2/install/nmea_msgs/include/nmea_msgs/nmea_msgs/msg/detail/gpgsv__rosidl_typesupport_introspection_cpp.hpp
[2.173s] -- Up-to-date symlink: /home/wheeltec/wheeltec_ros2/install/nmea_msgs/include/nmea_msgs/nmea_msgs/msg/detail/gpgsv_satellite__rosidl_typesupport_introspection_cpp.hpp
[2.173s] -- Up-to-date symlink: /home/wheeltec/wheeltec_ros2/install/nmea_msgs/include/nmea_msgs/nmea_msgs/msg/detail/gprmc__rosidl_typesupport_introspection_cpp.hpp
[2.173s] -- Up-to-date symlink: /home/wheeltec/wheeltec_ros2/install/nmea_msgs/include/nmea_msgs/nmea_msgs/msg/detail/sentence__rosidl_typesupport_introspection_cpp.hpp
[2.174s] -- Up-to-date symlink: /home/wheeltec/wheeltec_ros2/install/nmea_msgs/share/nmea_msgs/environment/pythonpath.sh
[2.174s] -- Up-to-date symlink: /home/wheeltec/wheeltec_ros2/install/nmea_msgs/share/nmea_msgs/environment/pythonpath.dsv
[2.175s] -- Up-to-date symlink: /home/wheeltec/wheeltec_ros2/install/nmea_msgs/local/lib/python3.10/dist-packages/nmea_msgs-2.0.0-py3.10.egg-info/PKG-INFO
[2.176s] -- Up-to-date symlink: /home/wheeltec/wheeltec_ros2/install/nmea_msgs/local/lib/python3.10/dist-packages/nmea_msgs-2.0.0-py3.10.egg-info/SOURCES.txt
[2.176s] -- Up-to-date symlink: /home/wheeltec/wheeltec_ros2/install/nmea_msgs/local/lib/python3.10/dist-packages/nmea_msgs-2.0.0-py3.10.egg-info/dependency_links.txt
[2.177s] -- Up-to-date symlink: /home/wheeltec/wheeltec_ros2/install/nmea_msgs/local/lib/python3.10/dist-packages/nmea_msgs-2.0.0-py3.10.egg-info/top_level.txt
[2.178s] -- Up-to-date symlink: /home/wheeltec/wheeltec_ros2/install/nmea_msgs/local/lib/python3.10/dist-packages/nmea_msgs/__init__.py
[2.179s] -- Up-to-date symlink: /home/wheeltec/wheeltec_ros2/install/nmea_msgs/local/lib/python3.10/dist-packages/nmea_msgs/_nmea_msgs_s.ep.rosidl_typesupport_c.c
[2.179s] -- Up-to-date symlink: /home/wheeltec/wheeltec_ros2/install/nmea_msgs/local/lib/python3.10/dist-packages/nmea_msgs/_nmea_msgs_s.ep.rosidl_typesupport_fastrtps_c.c
[2.179s] -- Up-to-date symlink: /home/wheeltec/wheeltec_ros2/install/nmea_msgs/local/lib/python3.10/dist-packages/nmea_msgs/_nmea_msgs_s.ep.rosidl_typesupport_introspection_c.c
[2.180s] -- Up-to-date symlink: /home/wheeltec/wheeltec_ros2/install/nmea_msgs/local/lib/python3.10/dist-packages/nmea_msgs/libnmea_msgs__rosidl_generator_py.so
[2.180s] -- Up-to-date symlink: /home/wheeltec/wheeltec_ros2/install/nmea_msgs/local/lib/python3.10/dist-packages/nmea_msgs/msg/__init__.py
[2.181s] -- Up-to-date symlink: /home/wheeltec/wheeltec_ros2/install/nmea_msgs/local/lib/python3.10/dist-packages/nmea_msgs/msg/_gpgga.py
[2.181s] -- Up-to-date symlink: /home/wheeltec/wheeltec_ros2/install/nmea_msgs/local/lib/python3.10/dist-packages/nmea_msgs/msg/_gpgga_s.c
[2.182s] -- Up-to-date symlink: /home/wheeltec/wheeltec_ros2/install/nmea_msgs/local/lib/python3.10/dist-packages/nmea_msgs/msg/_gpgsa.py
[2.182s] -- Up-to-date symlink: /home/wheeltec/wheeltec_ros2/install/nmea_msgs/local/lib/python3.10/dist-packages/nmea_msgs/msg/_gpgsa_s.c
[2.182s] -- Up-to-date symlink: /home/wheeltec/wheeltec_ros2/install/nmea_msgs/local/lib/python3.10/dist-packages/nmea_msgs/msg/_gpgst.py
[2.183s] -- Up-to-date symlink: /home/wheeltec/wheeltec_ros2/install/nmea_msgs/local/lib/python3.10/dist-packages/nmea_msgs/msg/_gpgst_s.c
[2.183s] -- Up-to-date symlink: /home/wheeltec/wheeltec_ros2/install/nmea_msgs/local/lib/python3.10/dist-packages/nmea_msgs/msg/_gpgsv.py
[2.183s] -- Up-to-date symlink: /home/wheeltec/wheeltec_ros2/install/nmea_msgs/local/lib/python3.10/dist-packages/nmea_msgs/msg/_gpgsv_s.c
[2.184s] -- Up-to-date symlink: /home/wheeltec/wheeltec_ros2/install/nmea_msgs/local/lib/python3.10/dist-packages/nmea_msgs/msg/_gpgsv_satellite.py
[2.184s] -- Up-to-date symlink: /home/wheeltec/wheeltec_ros2/install/nmea_msgs/local/lib/python3.10/dist-packages/nmea_msgs/msg/_gpgsv_satellite_s.c
[2.184s] -- Up-to-date symlink: /home/wheeltec/wheeltec_ros2/install/nmea_msgs/local/lib/python3.10/dist-packages/nmea_msgs/msg/_gprmc.py
[2.188s] -- Up-to-date symlink: /home/wheeltec/wheeltec_ros2/install/nmea_msgs/local/lib/python3.10/dist-packages/nmea_msgs/msg/_gprmc_s.c
[2.188s] -- Up-to-date symlink: /home/wheeltec/wheeltec_ros2/install/nmea_msgs/local/lib/python3.10/dist-packages/nmea_msgs/msg/_sentence.py
[2.188s] -- Up-to-date symlink: /home/wheeltec/wheeltec_ros2/install/nmea_msgs/local/lib/python3.10/dist-packages/nmea_msgs/msg/_sentence_s.c
[2.188s] -- Up-to-date symlink: /home/wheeltec/wheeltec_ros2/install/nmea_msgs/local/lib/python3.10/dist-packages/nmea_msgs/nmea_msgs_s__rosidl_typesupport_c.cpython-310-aarch64-linux-gnu.so
[2.188s] -- Up-to-date symlink: /home/wheeltec/wheeltec_ros2/install/nmea_msgs/local/lib/python3.10/dist-packages/nmea_msgs/nmea_msgs_s__rosidl_typesupport_fastrtps_c.cpython-310-aarch64-linux-gnu.so
[2.188s] -- Up-to-date symlink: /home/wheeltec/wheeltec_ros2/install/nmea_msgs/local/lib/python3.10/dist-packages/nmea_msgs/nmea_msgs_s__rosidl_typesupport_introspection_c.cpython-310-aarch64-linux-gnu.so
[2.189s] -- Up-to-date symlink: /home/wheeltec/wheeltec_ros2/install/nmea_msgs/local/lib/python3.10/dist-packages/nmea_msgs/nmea_msgs_s__rosidl_typesupport_fastrtps_c.cpython-310-aarch64-linux-gnu.so
[2.189s] -- Up-to-date symlink: /home/wheeltec/wheeltec_ros2/install/nmea_msgs/local/lib/python3.10/dist-packages/nmea_msgs/nmea_msgs_s__rosidl_typesupport_introspection_c.cpython-310-aarch64-linux-gnu.so
[2.189s] -- Up-to-date symlink: /home/wheeltec/wheeltec_ros2/install/nmea_msgs/local/lib/python3.10/dist-packages/nmea_msgs/nmea_msgs_s__rosidl_typesupport_c.cpython-310-aarch64-linux-gnu.so
[2.189s] -- Up-to-date symlink: /home/wheeltec/wheeltec_ros2/install/nmea_msgs/share/nmea_msgs/msg/Sentence.idl
[2.190s] -- Up-to-date symlink: /home/wheeltec/wheeltec_ros2/install/nmea_msgs/share/nmea_msgs/msg/Gpgga.idl
[2.190s] -- Up-to-date symlink: /home/wheeltec/wheeltec_ros2/install/nmea_msgs/share/nmea_msgs/msg/Gpgsa.idl
[2.190s] -- Up-to-date symlink: /home/wheeltec/wheeltec_ros2/install/nmea_msgs/share/nmea_msgs/msg/Gpgst.idl
[2.191s] -- Up-to-date symlink: /home/wheeltec/wheeltec_ros2/install/nmea_msgs/share/nmea_msgs/msg/Gpgsv.idl
[2.191s] -- Up-to-date symlink: /home/wheeltec/wheeltec_ros2/install/nmea_msgs/share/nmea_msgs/msg/GpgsvSatellite.idl
[2.191s] -- Up-to-date symlink: /home/wheeltec/wheeltec_ros2/install/nmea_msgs/share/nmea_msgs/msg/Gprmc.idl
[2.192s] -- Up-to-date symlink: /home/wheeltec/wheeltec_ros2/install/nmea_msgs/share/nmea_msgs/msg/Sentence.msg
[2.192s] -- Up-to-date symlink: /home/wheeltec/wheeltec_ros2/install/nmea_msgs/share/nmea_msgs/msg/Gpgga.msg
[2.193s] -- Up-to-date symlink: /home/wheeltec/wheeltec_ros2/install/nmea_msgs/share/nmea_msgs/msg/Gpgsa.msg
[2.193s] -- Up-to-date symlink: /home/wheeltec/wheeltec_ros2/install/nmea_msgs/share/nmea_msgs/msg/Gpgst.msg
[2.193s] -- Up-to-date symlink: /home/wheeltec/wheeltec_ros2/install/nmea_msgs/share/nmea_msgs/msg/Gpgsv.msg
[2.194s] -- Up-to-date symlink: /home/wheeltec/wheeltec_ros2/install/nmea_msgs/share/nmea_msgs/msg/GpgsvSatellite.msg
[2.194s] -- Up-to-date symlink: /home/wheeltec/wheeltec_ros2/install/nmea_msgs/share/nmea_msgs/msg/Gprmc.msg
[2.195s] -- Up-to-date symlink: /home/wheeltec/wheeltec_ros2/install/nmea_msgs/share/ament_index/resource_index/package_run_dependencies/nmea_msgs
[2.195s] -- Up-to-date symlink: /home/wheeltec/wheeltec_ros2/install/nmea_msgs/share/ament_index/resource_index/parent_prefix_path/nmea_msgs
[2.196s] -- Up-to-date symlink: /home/wheeltec/wheeltec_ros2/install/nmea_msgs/share/nmea_msgs/environment/ament_prefix_path.sh
[2.196s] -- Up-to-date symlink: /home/wheeltec/wheeltec_ros2/install/nmea_msgs/share/nmea_msgs/environment/ament_prefix_path.dsv
[2.197s] -- Up-to-date symlink: /home/wheeltec/wheeltec_ros2/install/nmea_msgs/share/nmea_msgs/environment/path.sh
[2.197s] -- Up-to-date symlink: /home/wheeltec/wheeltec_ros2/install/nmea_msgs/share/nmea_msgs/environment/path.dsv
[2.197s] -- Up-to-date symlink: /home/wheeltec/wheeltec_ros2/install/nmea_msgs/share/nmea_msgs/local_setup.bash
[2.198s] -- Up-to-date symlink: /home/wheeltec/wheeltec_ros2/install/nmea_msgs/share/nmea_msgs/local_setup.sh
[2.198s] -- Up-to-date symlink: /home/wheeltec/wheeltec_ros2/install/nmea_msgs/share/nmea_msgs/local_setup.zsh
[2.199s] -- Up-to-date symlink: /home/wheeltec/wheeltec_ros2/install/nmea_msgs/share/nmea_msgs/local_setup.dsv
[2.199s] -- Symlinking: /home/wheeltec/wheeltec_ros2/install/nmea_msgs/share/nmea_msgs/package.dsv
[2.219s] -- Up-to-date symlink: /home/wheeltec/wheeltec_ros2/install/nmea_msgs/share/ament_index/resource_index/packages/nmea_msgs
[2.220s] -- Up-to-date symlink: /home/wheeltec/wheeltec_ros2/install/nmea_msgs/share/nmea_msgs/cmake/rosidl_cmake-extras.cmake
[2.221s] -- Up-to-date symlink: /home/wheeltec/wheeltec_ros2/install/nmea_msgs/share/nmea_msgs/cmake/ament_cmake_export_dependencies-extras.cmake
[2.221s] -- Up-to-date symlink: /home/wheeltec/wheeltec_ros2/install/nmea_msgs/share/nmea_msgs/cmake/ament_cmake_export_include_directories-extras.cmake
[2.222s] -- Up-to-date symlink: /home/wheeltec/wheeltec_ros2/install/nmea_msgs/share/nmea_msgs/cmake/ament_cmake_export_libraries-extras.cmake
[2.222s] -- Up-to-date symlink: /home/wheeltec/wheeltec_ros2/install/nmea_msgs/share/nmea_msgs/cmake/ament_cmake_export_targets-extras.cmake
[2.222s] -- Up-to-date symlink: /home/wheeltec/wheeltec_ros2/install/nmea_msgs/share/nmea_msgs/cmake/rosidl_cmake_export_typesupport_targets-extras.cmake
[2.223s] -- Up-to-date symlink: /home/wheeltec/wheeltec_ros2/install/nmea_msgs/share/nmea_msgs/cmake/rosidl_cmake_export_typesupport_libraries-extras.cmake
[2.223s] -- Up-to-date symlink: /home/wheeltec/wheeltec_ros2/install/nmea_msgs/share/nmea_msgs/cmake/nmea_msgsConfig.cmake
[2.224s] -- Up-to-date symlink: /home/wheeltec/wheeltec_ros2/install/nmea_msgs/share/nmea_msgs/cmake/nmea_msgsConfig-version.cmake
[2.224s] -- Up-to-date symlink: /home/wheeltec/wheeltec_ros2/install/nmea_msgs/share/nmea_msgs/package.xml
[2.226s] -- Up-to-date: /home/wheeltec/wheeltec_ros2/install/nmea_msgs/lib/libnmea_msgs__rosidl_generator_c.so
[2.226s] -- Up-to-date: /home/wheeltec/wheeltec_ros2/install/nmea_msgs/lib/libnmea_msgs__rosidl_typesupport_fastrtps_c.so
[2.227s] -- Up-to-date: /home/wheeltec/wheeltec_ros2/install/nmea_msgs/lib/libnmea_msgs__rosidl_typesupport_introspection_c.so
[2.228s] -- Up-to-date: /home/wheeltec/wheeltec_ros2/install/nmea_msgs/lib/libnmea_msgs__rosidl_typesupport_c.so
[2.229s] -- Up-to-date: /home/wheeltec/wheeltec_ros2/install/nmea_msgs/lib/libnmea_msgs__rosidl_typesupport_fastrtps_cpp.so
[2.230s] -- Up-to-date: /home/wheeltec/wheeltec_ros2/install/nmea_msgs/lib/libnmea_msgs__rosidl_typesupport_introspection_cpp.so
[2.232s] -- Up-to-date: /home/wheeltec/wheeltec_ros2/install/nmea_msgs/lib/libnmea_msgs__rosidl_typesupport_cpp.so
[2.422s] Listing '/home/wheeltec/wheeltec_ros2/install/nmea_msgs/local/lib/python3.10/dist-packages/nmea_msgs'...
[2.422s] Listing '/home/wheeltec/wheeltec_ros2/install/nmea_msgs/local/lib/python3.10/dist-packages/nmea_msgs/msg'...
[2.435s] -- Up-to-date: /home/wheeltec/wheeltec_ros2/install/nmea_msgs/lib/libnmea_msgs__rosidl_generator_py.so
[2.437s] -- Up-to-date: /home/wheeltec/wheeltec_ros2/install/nmea_msgs/share/nmea_msgs/cmake/export_nmea_msgs__rosidl_generator_cExport.cmake
[2.437s] -- Up-to-date: /home/wheeltec/wheeltec_ros2/install/nmea_msgs/share/nmea_msgs/cmake/export_nmea_msgs__rosidl_generator_cExport-noconfig.cmake
[2.438s] -- Up-to-date: /home/wheeltec/wheeltec_ros2/install/nmea_msgs/share/nmea_msgs/cmake/export_nmea_msgs__rosidl_typesupport_fastrtps_cExport.cmake
[2.438s] -- Up-to-date: /home/wheeltec/wheeltec_ros2/install/nmea_msgs/share/nmea_msgs/cmake/export_nmea_msgs__rosidl_typesupport_fastrtps_cExport-noconfig.cmake
[2.438s] -- Up-to-date: /home/wheeltec/wheeltec_ros2/install/nmea_msgs/share/nmea_msgs/cmake/nmea_msgs__rosidl_typesupport_introspection_cExport.cmake
[2.438s] -- Up-to-date: /home/wheeltec/wheeltec_ros2/install/nmea_msgs/share/nmea_msgs/cmake/nmea_msgs__rosidl_typesupport_introspection_cExport-noconfig.cmake
[2.439s] -- Up-to-date: /home/wheeltec/wheeltec_ros2/install/nmea_msgs/share/nmea_msgs/cmake/nmea_msgs__rosidl_typesupport_cExport.cmake
[2.439s] -- Up-to-date: /home/wheeltec/wheeltec_ros2/install/nmea_msgs/share/nmea_msgs/cmake/nmea_msgs__rosidl_typesupport_cExport-noconfig.cmake
[2.439s] -- Up-to-date: /home/wheeltec/wheeltec_ros2/install/nmea_msgs/share/nmea_msgs/cmake/export_nmea_msgs__rosidl_generator_cppExport.cmake
[2.450s] -- Up-to-date: /home/wheeltec/wheeltec_ros2/install/nmea_msgs/share/nmea_msgs/cmake/export_nmea_msgs__rosidl_typesupport_fastrtps_cppExport.cmake
[2.450s] -- Up-to-date: /home/wheeltec/wheeltec_ros2/install/nmea_msgs/share/nmea_msgs/cmake/export_nmea_msgs__rosidl_typesupport_fastrtps_cppExport-noconfig.cmake
[2.450s] -- Up-to-date: /home/wheeltec/wheeltec_ros2/install/nmea_msgs/share/nmea_msgs/cmake/nmea_msgs__rosidl_typesupport_introspection_cppExport.cmake
[2.450s] -- Up-to-date: /home/wheeltec/wheeltec_ros2/install/nmea_msgs/share/nmea_msgs/cmake/nmea_msgs__rosidl_typesupport_introspection_cppExport-noconfig.cmake
[2.451s] -- Up-to-date: /home/wheeltec/wheeltec_ros2/install/nmea_msgs/share/nmea_msgs/cmake/nmea_msgs__rosidl_typesupport_cppExport.cmake
[2.451s] -- Up-to-date: /home/wheeltec/wheeltec_ros2/install/nmea_msgs/share/nmea_msgs/cmake/nmea_msgs__rosidl_typesupport_cppExport-noconfig.cmake
[2.451s] -- Up-to-date: /home/wheeltec/wheeltec_ros2/install/nmea_msgs/share/nmea_msgs/cmake/export_nmea_msgs__rosidl_generator_pyExport.cmake
[2.451s] -- Up-to-date: /home/wheeltec/wheeltec_ros2/install/nmea_msgs/share/nmea_msgs/cmake/export_nmea_msgs__rosidl_generator_pyExport-noconfig.cmake
[2.617s] Invoked command in '/home/wheeltec/wheeltec_ros2/build/nmea_msgs' returned '0': CMAKE_PREFIX_PATH=${CMAKE_PREFIX_PATH}:/home/wheeltec/wheeltec_ros2/install/wheeltec_robot_keyboard:/home/wheeltec/wheeltec_ros2/install/wheeltec_dual_rtk_driver:/home/wheeltec/wheeltec_ros2/install/ultralytics_ros2:/home/wheeltec/wheeltec_ros2/install/tf2_tools:/home/wheeltec/wheeltec_ros2/install/nav2_waypoint_cycle:/home/wheeltec/wheeltec_ros2/install/nav2_simple_commander:/home/wheeltec/wheeltec_ros2/install/auto_recharge_ros2:/home/wheeltec/autoware/install/autoware_wheeltec_interface:/home/wheeltec/autoware/install/ad_api_visualizers:/opt/ros/humble /usr/bin/cmake --install /home/wheeltec/wheeltec_ros2/build/nmea_msgs
