gmake: Warning: File 'Makefile' has modification time 1766048946 s in the future
gmake[1]: Warning: File 'CMakeFiles/Makefile2' has modification time 1766048946 s in the future
gmake[2]: Warning: File 'gtest/CMakeFiles/gtest_main.dir/flags.make' has modification time 1766048946 s in the future
gmake[2]: Warning: File 'CMakeFiles/map_io.dir/flags.make' has modification time 1766048946 s in the future
gmake[2]: Warning: File 'gtest/CMakeFiles/gtest.dir/flags.make' has modification time 1766048946 s in the future
gmake[2]: warning:  Clock skew detected.  Your build may be incomplete.
gmake[2]: Warning: File 'gtest/CMakeFiles/gtest_main.dir/flags.make' has modification time 1766048946 s in the future
gmake[2]: warning:  Clock skew detected.  Your build may be incomplete.
gmake[2]: warning:  Clock skew detected.  Your build may be incomplete.
gmake[2]: warning:  Clock skew detected.  Your build may be incomplete.
gmake[2]: Warning: File 'CMakeFiles/map_io.dir/flags.make' has modification time 1766048945 s in the future
gmake[2]: warning:  Clock skew detected.  Your build may be incomplete.
gmake[2]: Warning: File 'gtest/CMakeFiles/gtest.dir/flags.make' has modification time 1766048945 s in the future
gmake[2]: warning:  Clock skew detected.  Your build may be incomplete.
gmake[2]: Warning: File 'test/component/CMakeFiles/test_map_saver_publisher.dir/flags.make' has modification time 1766048945 s in the future
gmake[2]: Warning: File 'CMakeFiles/map_server_core.dir/flags.make' has modification time 1766048945 s in the future
gmake[2]: Warning: File 'test/unit/CMakeFiles/test_map_io.dir/flags.make' has modification time 1766048945 s in the future
gmake[2]: Warning: File 'test/map_saver_cli/CMakeFiles/test_map_saver_cli.dir/flags.make' has modification time 1766048945 s in the future
gmake[2]: warning:  Clock skew detected.  Your build may be incomplete.
gmake[2]: warning:  Clock skew detected.  Your build may be incomplete.
gmake[2]: warning:  Clock skew detected.  Your build may be incomplete.
gmake[2]: warning:  Clock skew detected.  Your build may be incomplete.
gmake[2]: Warning: File 'test/component/CMakeFiles/test_map_saver_publisher.dir/flags.make' has modification time 1766048945 s in the future
gmake[2]: warning:  Clock skew detected.  Your build may be incomplete.
gmake[2]: Warning: File 'test/map_saver_cli/CMakeFiles/test_map_saver_cli.dir/flags.make' has modification time 1766048945 s in the future
gmake[2]: Warning: File 'CMakeFiles/map_server_core.dir/flags.make' has modification time 1766048944 s in the future
gmake[2]: warning:  Clock skew detected.  Your build may be incomplete.
gmake[2]: warning:  Clock skew detected.  Your build may be incomplete.
gmake[2]: Warning: File 'test/unit/CMakeFiles/test_map_io.dir/flags.make' has modification time 1766048944 s in the future
gmake[2]: warning:  Clock skew detected.  Your build may be incomplete.
gmake[2]: Warning: File 'CMakeFiles/map_server.dir/flags.make' has modification time 1766048944 s in the future
gmake[2]: Warning: File 'CMakeFiles/map_saver_cli.dir/flags.make' has modification time 1766048944 s in the future
gmake[2]: Warning: File 'CMakeFiles/map_saver_server.dir/flags.make' has modification time 1766048944 s in the future
gmake[2]: Warning: File 'CMakeFiles/costmap_filter_info_server.dir/flags.make' has modification time 1766048944 s in the future
gmake[2]: Warning: File 'test/unit/CMakeFiles/test_costmap_filter_info_server.dir/flags.make' has modification time 1766048944 s in the future
gmake[2]: Warning: File 'test/component/CMakeFiles/test_map_server_node.dir/flags.make' has modification time 1766048944 s in the future
gmake[2]: warning:  Clock skew detected.  Your build may be incomplete.
gmake[2]: warning:  Clock skew detected.  Your build may be incomplete.
gmake[2]: warning:  Clock skew detected.  Your build may be incomplete.
gmake[2]: Warning: File 'CMakeFiles/map_server.dir/flags.make' has modification time 1766048944 s in the future
gmake[2]: warning:  Clock skew detected.  Your build may be incomplete.
gmake[2]: warning:  Clock skew detected.  Your build may be incomplete.
gmake[2]: Warning: File 'CMakeFiles/map_saver_server.dir/flags.make' has modification time 1766048944 s in the future
gmake[2]: warning:  Clock skew detected.  Your build may be incomplete.
gmake[2]: warning:  Clock skew detected.  Your build may be incomplete.
gmake[2]: Warning: File 'CMakeFiles/costmap_filter_info_server.dir/flags.make' has modification time 1766048944 s in the future
gmake[2]: warning:  Clock skew detected.  Your build may be incomplete.
gmake[2]: warning:  Clock skew detected.  Your build may be incomplete.
gmake[2]: Warning: File 'CMakeFiles/map_saver_cli.dir/flags.make' has modification time 1766048943 s in the future
gmake[2]: warning:  Clock skew detected.  Your build may be incomplete.
gmake[2]: Warning: File 'test/component/CMakeFiles/test_map_server_node.dir/flags.make' has modification time 1766048944 s in the future
gmake[2]: warning:  Clock skew detected.  Your build may be incomplete.
gmake[2]: Warning: File 'test/unit/CMakeFiles/test_costmap_filter_info_server.dir/flags.make' has modification time 1766048944 s in the future
gmake[2]: warning:  Clock skew detected.  Your build may be incomplete.
gmake[2]: Warning: File 'test/component/CMakeFiles/test_map_saver_node.dir/flags.make' has modification time 1766048943 s in the future
gmake[2]: warning:  Clock skew detected.  Your build may be incomplete.
gmake[2]: Warning: File 'test/component/CMakeFiles/test_map_saver_node.dir/flags.make' has modification time 1766048943 s in the future
gmake[2]: warning:  Clock skew detected.  Your build may be incomplete.
gmake[1]: warning:  Clock skew detected.  Your build may be incomplete.
gmake: warning:  Clock skew detected.  Your build may be incomplete.
