gmake: Warning: File 'Makefile' has modification time 1766048946 s in the future
gmake[1]: Warning: File 'CMakeFiles/Makefile2' has modification time 1766048946 s in the future
gmake[2]: Warning: File 'gtest/CMakeFiles/gtest_main.dir/flags.make' has modification time 1766048946 s in the future
gmake[2]: Warning: File 'CMakeFiles/map_io.dir/flags.make' has modification time 1766048946 s in the future
gmake[2]: Warning: File 'gtest/CMakeFiles/gtest.dir/flags.make' has modification time 1766048946 s in the future
gmake[2]: warning:  Clock skew detected.  Your build may be incomplete.
gmake[2]: Warning: File 'gtest/CMakeFiles/gtest_main.dir/flags.make' has modification time 1766048946 s in the future
gmake[2]: warning:  Clock skew detected.  Your build may be incomplete.
gmake[2]: warning:  Clock skew detected.  Your build may be incomplete.
gmake[2]: warning:  Clock skew detected.  Your build may be incomplete.
gmake[2]: Warning: File 'CMakeFiles/map_io.dir/flags.make' has modification time 1766048945 s in the future
gmake[2]: warning:  Clock skew detected.  Your build may be incomplete.
gmake[2]: Warning: File 'gtest/CMakeFiles/gtest.dir/flags.make' has modification time 1766048945 s in the future
gmake[2]: warning:  Clock skew detected.  Your build may be incomplete.
[  5%] Built target gtest_main
[ 13%] Built target map_io
[ 19%] Built target gtest
gmake[2]: Warning: File 'test/component/CMakeFiles/test_map_saver_publisher.dir/flags.make' has modification time 1766048945 s in the future
gmake[2]: Warning: File 'CMakeFiles/map_server_core.dir/flags.make' has modification time 1766048945 s in the future
gmake[2]: Warning: File 'test/unit/CMakeFiles/test_map_io.dir/flags.make' has modification time 1766048945 s in the future
gmake[2]: Warning: File 'test/map_saver_cli/CMakeFiles/test_map_saver_cli.dir/flags.make' has modification time 1766048945 s in the future
gmake[2]: warning:  Clock skew detected.  Your build may be incomplete.
gmake[2]: warning:  Clock skew detected.  Your build may be incomplete.
gmake[2]: warning:  Clock skew detected.  Your build may be incomplete.
gmake[2]: warning:  Clock skew detected.  Your build may be incomplete.
gmake[2]: Warning: File 'test/component/CMakeFiles/test_map_saver_publisher.dir/flags.make' has modification time 1766048945 s in the future
gmake[2]: warning:  Clock skew detected.  Your build may be incomplete.
gmake[2]: Warning: File 'test/map_saver_cli/CMakeFiles/test_map_saver_cli.dir/flags.make' has modification time 1766048945 s in the future
gmake[2]: Warning: File 'CMakeFiles/map_server_core.dir/flags.make' has modification time 1766048944 s in the future
gmake[2]: warning:  Clock skew detected.  Your build may be incomplete.
gmake[2]: warning:  Clock skew detected.  Your build may be incomplete.
gmake[2]: Warning: File 'test/unit/CMakeFiles/test_map_io.dir/flags.make' has modification time 1766048944 s in the future
gmake[2]: warning:  Clock skew detected.  Your build may be incomplete.
[ 27%] Built target test_map_saver_cli
[ 36%] Built target test_map_saver_publisher
[ 47%] Built target map_server_core
[ 55%] Built target test_map_io
gmake[2]: Warning: File 'CMakeFiles/map_server.dir/flags.make' has modification time 1766048944 s in the future
gmake[2]: Warning: File 'CMakeFiles/map_saver_cli.dir/flags.make' has modification time 1766048944 s in the future
gmake[2]: Warning: File 'CMakeFiles/map_saver_server.dir/flags.make' has modification time 1766048944 s in the future
gmake[2]: Warning: File 'CMakeFiles/costmap_filter_info_server.dir/flags.make' has modification time 1766048944 s in the future
gmake[2]: Warning: File 'test/unit/CMakeFiles/test_costmap_filter_info_server.dir/flags.make' has modification time 1766048944 s in the future
gmake[2]: Warning: File 'test/component/CMakeFiles/test_map_server_node.dir/flags.make' has modification time 1766048944 s in the future
gmake[2]: warning:  Clock skew detected.  Your build may be incomplete.
gmake[2]: warning:  Clock skew detected.  Your build may be incomplete.
gmake[2]: warning:  Clock skew detected.  Your build may be incomplete.
gmake[2]: Warning: File 'CMakeFiles/map_server.dir/flags.make' has modification time 1766048944 s in the future
gmake[2]: warning:  Clock skew detected.  Your build may be incomplete.
gmake[2]: warning:  Clock skew detected.  Your build may be incomplete.
gmake[2]: Warning: File 'CMakeFiles/map_saver_server.dir/flags.make' has modification time 1766048944 s in the future
gmake[2]: warning:  Clock skew detected.  Your build may be incomplete.
gmake[2]: warning:  Clock skew detected.  Your build may be incomplete.
gmake[2]: Warning: File 'CMakeFiles/costmap_filter_info_server.dir/flags.make' has modification time 1766048944 s in the future
gmake[2]: warning:  Clock skew detected.  Your build may be incomplete.
gmake[2]: warning:  Clock skew detected.  Your build may be incomplete.
gmake[2]: Warning: File 'CMakeFiles/map_saver_cli.dir/flags.make' has modification time 1766048943 s in the future
gmake[2]: warning:  Clock skew detected.  Your build may be incomplete.
gmake[2]: Warning: File 'test/component/CMakeFiles/test_map_server_node.dir/flags.make' has modification time 1766048944 s in the future
gmake[2]: warning:  Clock skew detected.  Your build may be incomplete.
gmake[2]: Warning: File 'test/unit/CMakeFiles/test_costmap_filter_info_server.dir/flags.make' has modification time 1766048944 s in the future
gmake[2]: warning:  Clock skew detected.  Your build may be incomplete.
[ 61%] Built target map_saver_server
gmake[2]: Warning: File 'test/component/CMakeFiles/test_map_saver_node.dir/flags.make' has modification time 1766048943 s in the future
[ 66%] Built target map_server
[ 72%] Built target costmap_filter_info_server
[ 80%] Built target test_map_server_node
[ 86%] Built target test_costmap_filter_info_server
[ 91%] Built target map_saver_cli
gmake[2]: warning:  Clock skew detected.  Your build may be incomplete.
gmake[2]: Warning: File 'test/component/CMakeFiles/test_map_saver_node.dir/flags.make' has modification time 1766048943 s in the future
gmake[2]: warning:  Clock skew detected.  Your build may be incomplete.
[100%] Built target test_map_saver_node
gmake[1]: warning:  Clock skew detected.  Your build may be incomplete.
gmake: warning:  Clock skew detected.  Your build may be incomplete.
-- Install configuration: "Release"
-- Execute custom install script
-- Up-to-date symlink: /home/wheeltec/wheeltec_ros2/install/nav2_map_server/lib/libmap_server_core.so
-- Up-to-date symlink: /home/wheeltec/wheeltec_ros2/install/nav2_map_server/lib/libmap_io.so
-- Up-to-date symlink: /home/wheeltec/wheeltec_ros2/install/nav2_map_server/lib/nav2_map_server/map_server
-- Up-to-date symlink: /home/wheeltec/wheeltec_ros2/install/nav2_map_server/lib/nav2_map_server/map_saver_cli
-- Up-to-date symlink: /home/wheeltec/wheeltec_ros2/install/nav2_map_server/lib/nav2_map_server/map_saver_server
-- Up-to-date symlink: /home/wheeltec/wheeltec_ros2/install/nav2_map_server/lib/nav2_map_server/costmap_filter_info_server
-- Up-to-date symlink: /home/wheeltec/wheeltec_ros2/install/nav2_map_server/include//nav2_map_server/costmap_filter_info_server.hpp
-- Up-to-date symlink: /home/wheeltec/wheeltec_ros2/install/nav2_map_server/include//nav2_map_server/map_io.hpp
-- Up-to-date symlink: /home/wheeltec/wheeltec_ros2/install/nav2_map_server/include//nav2_map_server/map_mode.hpp
-- Up-to-date symlink: /home/wheeltec/wheeltec_ros2/install/nav2_map_server/include//nav2_map_server/map_saver.hpp
-- Up-to-date symlink: /home/wheeltec/wheeltec_ros2/install/nav2_map_server/include//nav2_map_server/map_server.hpp
-- Up-to-date symlink: /home/wheeltec/wheeltec_ros2/install/nav2_map_server/share/nav2_map_server/launch/map_saver_server.launch.py
-- Up-to-date symlink: /home/wheeltec/wheeltec_ros2/install/nav2_map_server/share/nav2_map_server/environment/library_path.sh
-- Up-to-date symlink: /home/wheeltec/wheeltec_ros2/install/nav2_map_server/share/nav2_map_server/environment/library_path.dsv
-- Up-to-date symlink: /home/wheeltec/wheeltec_ros2/install/nav2_map_server/share/ament_index/resource_index/package_run_dependencies/nav2_map_server
-- Up-to-date symlink: /home/wheeltec/wheeltec_ros2/install/nav2_map_server/share/ament_index/resource_index/parent_prefix_path/nav2_map_server
-- Up-to-date symlink: /home/wheeltec/wheeltec_ros2/install/nav2_map_server/share/nav2_map_server/environment/ament_prefix_path.sh
-- Up-to-date symlink: /home/wheeltec/wheeltec_ros2/install/nav2_map_server/share/nav2_map_server/environment/ament_prefix_path.dsv
-- Up-to-date symlink: /home/wheeltec/wheeltec_ros2/install/nav2_map_server/share/nav2_map_server/environment/path.sh
-- Up-to-date symlink: /home/wheeltec/wheeltec_ros2/install/nav2_map_server/share/nav2_map_server/environment/path.dsv
-- Up-to-date symlink: /home/wheeltec/wheeltec_ros2/install/nav2_map_server/share/nav2_map_server/local_setup.bash
-- Up-to-date symlink: /home/wheeltec/wheeltec_ros2/install/nav2_map_server/share/nav2_map_server/local_setup.sh
-- Up-to-date symlink: /home/wheeltec/wheeltec_ros2/install/nav2_map_server/share/nav2_map_server/local_setup.zsh
-- Up-to-date symlink: /home/wheeltec/wheeltec_ros2/install/nav2_map_server/share/nav2_map_server/local_setup.dsv
-- Symlinking: /home/wheeltec/wheeltec_ros2/install/nav2_map_server/share/nav2_map_server/package.dsv
-- Up-to-date symlink: /home/wheeltec/wheeltec_ros2/install/nav2_map_server/share/ament_index/resource_index/packages/nav2_map_server
-- Up-to-date symlink: /home/wheeltec/wheeltec_ros2/install/nav2_map_server/share/ament_index/resource_index/rclcpp_components/nav2_map_server
-- Up-to-date symlink: /home/wheeltec/wheeltec_ros2/install/nav2_map_server/share/nav2_map_server/cmake/ament_cmake_export_include_directories-extras.cmake
-- Up-to-date symlink: /home/wheeltec/wheeltec_ros2/install/nav2_map_server/share/nav2_map_server/cmake/ament_cmake_export_libraries-extras.cmake
-- Up-to-date symlink: /home/wheeltec/wheeltec_ros2/install/nav2_map_server/share/nav2_map_server/cmake/ament_cmake_export_dependencies-extras.cmake
-- Up-to-date symlink: /home/wheeltec/wheeltec_ros2/install/nav2_map_server/share/nav2_map_server/cmake/nav2_map_serverConfig.cmake
-- Up-to-date symlink: /home/wheeltec/wheeltec_ros2/install/nav2_map_server/share/nav2_map_server/cmake/nav2_map_serverConfig-version.cmake
-- Up-to-date symlink: /home/wheeltec/wheeltec_ros2/install/nav2_map_server/share/nav2_map_server/package.xml
