gmake: Warning: File 'Makefile' has modification time 1766048719 s in the future
gmake[1]: Warning: File 'CMakeFiles/Makefile2' has modification time 1766048718 s in the future
gmake[2]: Warning: File 'CMakeFiles/lio_sam__cpp.dir/progress.make' has modification time 1766048718 s in the future
gmake[2]: warning:  Clock skew detected.  Your build may be incomplete.
gmake[2]: Warning: File 'CMakeFiles/lio_sam__cpp.dir/progress.make' has modification time 1766048718 s in the future
gmake[2]: warning:  Clock skew detected.  Your build may be incomplete.
[  2%] Built target lio_sam__cpp
gmake[2]: Warning: File 'CMakeFiles/ament_cmake_python_symlink_lio_sam.dir/progress.make' has modification time 1766048718 s in the future
gmake[2]: warning:  Clock skew detected.  Your build may be incomplete.
gmake[2]: Warning: File 'CMakeFiles/ament_cmake_python_symlink_lio_sam.dir/progress.make' has modification time 1766048718 s in the future
gmake[2]: warning:  Clock skew detected.  Your build may be incomplete.
[  2%] Built target ament_cmake_python_symlink_lio_sam
gmake[2]: Warning: File 'CMakeFiles/lio_sam__rosidl_typesupport_introspection_cpp.dir/flags.make' has modification time 1766048717 s in the future
gmake[2]: warning:  Clock skew detected.  Your build may be incomplete.
gmake[2]: Warning: File 'CMakeFiles/lio_sam__rosidl_typesupport_introspection_cpp.dir/flags.make' has modification time 1766048717 s in the future
gmake[2]: warning:  Clock skew detected.  Your build may be incomplete.
[ 10%] Built target lio_sam__rosidl_typesupport_introspection_cpp
gmake[2]: Warning: File 'CMakeFiles/ament_cmake_python_build_lio_sam_egg.dir/progress.make' has modification time 1766048717 s in the future
gmake[2]: warning:  Clock skew detected.  Your build may be incomplete.
gmake[2]: Warning: File 'CMakeFiles/ament_cmake_python_build_lio_sam_egg.dir/progress.make' has modification time 1766048717 s in the future
running egg_info
writing lio_sam.egg-info/PKG-INFO
writing dependency_links to lio_sam.egg-info/dependency_links.txt
writing top-level names to lio_sam.egg-info/top_level.txt
reading manifest file 'lio_sam.egg-info/SOURCES.txt'
writing manifest file 'lio_sam.egg-info/SOURCES.txt'
gmake[2]: warning:  Clock skew detected.  Your build may be incomplete.
[ 10%] Built target ament_cmake_python_build_lio_sam_egg
gmake[2]: Warning: File 'CMakeFiles/lio_sam__rosidl_typesupport_fastrtps_cpp.dir/flags.make' has modification time 1766048716 s in the future
gmake[2]: warning:  Clock skew detected.  Your build may be incomplete.
gmake[2]: Warning: File 'CMakeFiles/lio_sam__rosidl_typesupport_fastrtps_cpp.dir/flags.make' has modification time 1766048716 s in the future
gmake[2]: warning:  Clock skew detected.  Your build may be incomplete.
[ 18%] Built target lio_sam__rosidl_typesupport_fastrtps_cpp
gmake[2]: Warning: File 'CMakeFiles/lio_sam__rosidl_typesupport_cpp.dir/flags.make' has modification time 1766048715 s in the future
gmake[2]: warning:  Clock skew detected.  Your build may be incomplete.
gmake[2]: Warning: File 'CMakeFiles/lio_sam__rosidl_typesupport_cpp.dir/flags.make' has modification time 1766048715 s in the future
gmake[2]: warning:  Clock skew detected.  Your build may be incomplete.
[ 26%] Built target lio_sam__rosidl_typesupport_cpp
gmake[2]: Warning: File 'CMakeFiles/lio_sam__rosidl_generator_c.dir/flags.make' has modification time 1766048715 s in the future
gmake[2]: warning:  Clock skew detected.  Your build may be incomplete.
gmake[2]: Warning: File 'CMakeFiles/lio_sam__rosidl_generator_c.dir/flags.make' has modification time 1766048715 s in the future
gmake[2]: warning:  Clock skew detected.  Your build may be incomplete.
[ 34%] Built target lio_sam__rosidl_generator_c
gmake[2]: Warning: File 'CMakeFiles/lio_sam_simpleGpsOdom.dir/flags.make' has modification time 1766048715 s in the future
gmake[2]: warning:  Clock skew detected.  Your build may be incomplete.
gmake[2]: Warning: File 'CMakeFiles/lio_sam_simpleGpsOdom.dir/flags.make' has modification time 1766048715 s in the future
gmake[2]: warning:  Clock skew detected.  Your build may be incomplete.
[ 38%] Built target lio_sam_simpleGpsOdom
gmake[2]: Warning: File 'CMakeFiles/lio_sam__rosidl_typesupport_fastrtps_c.dir/flags.make' has modification time 1766048714 s in the future
gmake[2]: warning:  Clock skew detected.  Your build may be incomplete.
gmake[2]: Warning: File 'CMakeFiles/lio_sam__rosidl_typesupport_fastrtps_c.dir/flags.make' has modification time 1766048714 s in the future
gmake[2]: warning:  Clock skew detected.  Your build may be incomplete.
[ 46%] Built target lio_sam__rosidl_typesupport_fastrtps_c
gmake[2]: Warning: File 'CMakeFiles/lio_sam__rosidl_typesupport_introspection_c.dir/flags.make' has modification time 1766048714 s in the future
gmake[2]: warning:  Clock skew detected.  Your build may be incomplete.
gmake[2]: Warning: File 'CMakeFiles/lio_sam__rosidl_typesupport_introspection_c.dir/flags.make' has modification time 1766048714 s in the future
gmake[2]: warning:  Clock skew detected.  Your build may be incomplete.
[ 55%] Built target lio_sam__rosidl_typesupport_introspection_c
gmake[2]: Warning: File 'CMakeFiles/lio_sam__rosidl_typesupport_c.dir/flags.make' has modification time 1766048714 s in the future
gmake[2]: warning:  Clock skew detected.  Your build may be incomplete.
gmake[2]: Warning: File 'CMakeFiles/lio_sam__rosidl_typesupport_c.dir/flags.make' has modification time 1766048714 s in the future
gmake[2]: warning:  Clock skew detected.  Your build may be incomplete.
[ 63%] Built target lio_sam__rosidl_typesupport_c
gmake[2]: Warning: File 'CMakeFiles/lio_sam_mapOptimization.dir/flags.make' has modification time 1766048714 s in the future
gmake[2]: warning:  Clock skew detected.  Your build may be incomplete.
gmake[2]: Warning: File 'CMakeFiles/lio_sam_mapOptimization.dir/flags.make' has modification time 1766048714 s in the future
gmake[2]: warning:  Clock skew detected.  Your build may be incomplete.
[ 67%] Built target lio_sam_mapOptimization
gmake[2]: Warning: File 'CMakeFiles/lio_sam.dir/progress.make' has modification time 1766048713 s in the future
gmake[2]: warning:  Clock skew detected.  Your build may be incomplete.
gmake[2]: Warning: File 'CMakeFiles/lio_sam.dir/progress.make' has modification time 1766048713 s in the future
gmake[2]: warning:  Clock skew detected.  Your build may be incomplete.
[ 67%] Built target lio_sam
gmake[2]: Warning: File 'CMakeFiles/lio_sam_imuPreintegration.dir/flags.make' has modification time 1766048713 s in the future
gmake[2]: warning:  Clock skew detected.  Your build may be incomplete.
gmake[2]: Warning: File 'CMakeFiles/lio_sam_imuPreintegration.dir/flags.make' has modification time 1766048713 s in the future
gmake[2]: warning:  Clock skew detected.  Your build may be incomplete.
[ 71%] Built target lio_sam_imuPreintegration
gmake[2]: Warning: File 'lio_sam__py/CMakeFiles/lio_sam__py.dir/progress.make' has modification time 1766048713 s in the future
gmake[2]: warning:  Clock skew detected.  Your build may be incomplete.
gmake[2]: Warning: File 'lio_sam__py/CMakeFiles/lio_sam__py.dir/progress.make' has modification time 1766048713 s in the future
gmake[2]: warning:  Clock skew detected.  Your build may be incomplete.
[ 73%] Built target lio_sam__py
gmake[2]: Warning: File 'CMakeFiles/lio_sam_imageProjection.dir/flags.make' has modification time 1766048712 s in the future
gmake[2]: warning:  Clock skew detected.  Your build may be incomplete.
gmake[2]: Warning: File 'CMakeFiles/lio_sam_imageProjection.dir/flags.make' has modification time 1766048712 s in the future
gmake[2]: warning:  Clock skew detected.  Your build may be incomplete.
[ 77%] Built target lio_sam_imageProjection
gmake[2]: Warning: File 'CMakeFiles/lio_sam__rosidl_generator_py.dir/flags.make' has modification time 1766048712 s in the future
gmake[2]: warning:  Clock skew detected.  Your build may be incomplete.
gmake[2]: Warning: File 'CMakeFiles/lio_sam__rosidl_generator_py.dir/flags.make' has modification time 1766048712 s in the future
gmake[2]: warning:  Clock skew detected.  Your build may be incomplete.
[ 83%] Built target lio_sam__rosidl_generator_py
gmake[2]: Warning: File 'CMakeFiles/lio_sam_featureExtraction.dir/flags.make' has modification time 1766048712 s in the future
gmake[2]: warning:  Clock skew detected.  Your build may be incomplete.
gmake[2]: Warning: File 'CMakeFiles/lio_sam_featureExtraction.dir/flags.make' has modification time 1766048712 s in the future
gmake[2]: warning:  Clock skew detected.  Your build may be incomplete.
[ 87%] Built target lio_sam_featureExtraction
gmake[2]: Warning: File 'CMakeFiles/lio_sam__rosidl_typesupport_c__pyext.dir/flags.make' has modification time 1766048711 s in the future
gmake[2]: warning:  Clock skew detected.  Your build may be incomplete.
gmake[2]: Warning: File 'CMakeFiles/lio_sam__rosidl_typesupport_c__pyext.dir/flags.make' has modification time 1766048711 s in the future
gmake[2]: warning:  Clock skew detected.  Your build may be incomplete.
[ 91%] Built target lio_sam__rosidl_typesupport_c__pyext
gmake[2]: Warning: File 'CMakeFiles/lio_sam__rosidl_typesupport_introspection_c__pyext.dir/flags.make' has modification time 1766048711 s in the future
gmake[2]: warning:  Clock skew detected.  Your build may be incomplete.
gmake[2]: Warning: File 'CMakeFiles/lio_sam__rosidl_typesupport_introspection_c__pyext.dir/flags.make' has modification time 1766048711 s in the future
gmake[2]: warning:  Clock skew detected.  Your build may be incomplete.
[ 95%] Built target lio_sam__rosidl_typesupport_introspection_c__pyext
gmake[2]: Warning: File 'CMakeFiles/lio_sam__rosidl_typesupport_fastrtps_c__pyext.dir/flags.make' has modification time 1766048711 s in the future
gmake[2]: warning:  Clock skew detected.  Your build may be incomplete.
gmake[2]: Warning: File 'CMakeFiles/lio_sam__rosidl_typesupport_fastrtps_c__pyext.dir/flags.make' has modification time 1766048711 s in the future
gmake[2]: warning:  Clock skew detected.  Your build may be incomplete.
[100%] Built target lio_sam__rosidl_typesupport_fastrtps_c__pyext
gmake[1]: warning:  Clock skew detected.  Your build may be incomplete.
gmake: warning:  Clock skew detected.  Your build may be incomplete.
