[0.170s] Invoking command in '/home/wheeltec/wheeltec_ros2/build/lio_sam': CMAKE_PREFIX_PATH=${CMAKE_PREFIX_PATH}:/home/wheeltec/wheeltec_ros2/install/simple_follower_ros2:/home/wheeltec/wheeltec_ros2/install/wheeltec_robot_keyboard:/home/wheeltec/wheeltec_ros2/install/wheeltec_dual_rtk_driver:/home/wheeltec/wheeltec_ros2/install/ultralytics_ros2:/home/wheeltec/wheeltec_ros2/install/tf2_tools:/home/wheeltec/wheeltec_ros2/install/ollama_ros_chat:/home/wheeltec/wheeltec_ros2/install/nmea_navsat_driver:/home/wheeltec/wheeltec_ros2/install/nav2_waypoint_cycle:/home/wheeltec/wheeltec_ros2/install/nav2_simple_commander:/home/wheeltec/wheeltec_ros2/install/largemodel:/home/wheeltec/wheeltec_ros2/install/auto_recharge_ros2:/home/wheeltec/autoware/install/autoware_wheeltec_interface:/home/wheeltec/autoware/install/autoware_multi_point:/home/wheeltec/autoware/install/ad_api_visualizers:/opt/ros/humble /usr/bin/cmake --build /home/wheeltec/wheeltec_ros2/build/lio_sam -- -j6 -l6
[0.324s] gmake: Warning: File 'Makefile' has modification time 1766048719 s in the future
[0.614s] gmake[1]: Warning: File 'CMakeFiles/Makefile2' has modification time 1766048718 s in the future
[0.651s] gmake[2]: Warning: File 'CMakeFiles/lio_sam__cpp.dir/progress.make' has modification time 1766048718 s in the future
[0.766s] gmake[2]: warning:  Clock skew detected.  Your build may be incomplete.
[0.793s] gmake[2]: Warning: File 'CMakeFiles/lio_sam__cpp.dir/progress.make' has modification time 1766048718 s in the future
[0.793s] gmake[2]: warning:  Clock skew detected.  Your build may be incomplete.
[0.920s] [  2%] Built target lio_sam__cpp
[0.971s] gmake[2]: Warning: File 'CMakeFiles/ament_cmake_python_symlink_lio_sam.dir/progress.make' has modification time 1766048718 s in the future
[1.110s] gmake[2]: warning:  Clock skew detected.  Your build may be incomplete.
[1.131s] gmake[2]: Warning: File 'CMakeFiles/ament_cmake_python_symlink_lio_sam.dir/progress.make' has modification time 1766048718 s in the future
[1.217s] gmake[2]: warning:  Clock skew detected.  Your build may be incomplete.
[1.319s] [  2%] Built target ament_cmake_python_symlink_lio_sam
[1.341s] gmake[2]: Warning: File 'CMakeFiles/lio_sam__rosidl_typesupport_introspection_cpp.dir/flags.make' has modification time 1766048717 s in the future
[1.477s] gmake[2]: warning:  Clock skew detected.  Your build may be incomplete.
[1.497s] gmake[2]: Warning: File 'CMakeFiles/lio_sam__rosidl_typesupport_introspection_cpp.dir/flags.make' has modification time 1766048717 s in the future
[1.498s] gmake[2]: warning:  Clock skew detected.  Your build may be incomplete.
[1.638s] [ 10%] Built target lio_sam__rosidl_typesupport_introspection_cpp
[1.664s] gmake[2]: Warning: File 'CMakeFiles/ament_cmake_python_build_lio_sam_egg.dir/progress.make' has modification time 1766048717 s in the future
[1.800s] gmake[2]: warning:  Clock skew detected.  Your build may be incomplete.
[1.829s] gmake[2]: Warning: File 'CMakeFiles/ament_cmake_python_build_lio_sam_egg.dir/progress.make' has modification time 1766048717 s in the future
[2.766s] running egg_info
[2.769s] writing lio_sam.egg-info/PKG-INFO
[2.775s] writing dependency_links to lio_sam.egg-info/dependency_links.txt
[2.775s] writing top-level names to lio_sam.egg-info/top_level.txt
[2.785s] reading manifest file 'lio_sam.egg-info/SOURCES.txt'
[2.787s] writing manifest file 'lio_sam.egg-info/SOURCES.txt'
[2.849s] gmake[2]: warning:  Clock skew detected.  Your build may be incomplete.
[2.974s] [ 10%] Built target ament_cmake_python_build_lio_sam_egg
[2.996s] gmake[2]: Warning: File 'CMakeFiles/lio_sam__rosidl_typesupport_fastrtps_cpp.dir/flags.make' has modification time 1766048716 s in the future
[3.109s] gmake[2]: warning:  Clock skew detected.  Your build may be incomplete.
[3.128s] gmake[2]: Warning: File 'CMakeFiles/lio_sam__rosidl_typesupport_fastrtps_cpp.dir/flags.make' has modification time 1766048716 s in the future
[3.129s] gmake[2]: warning:  Clock skew detected.  Your build may be incomplete.
[3.304s] [ 18%] Built target lio_sam__rosidl_typesupport_fastrtps_cpp
[3.328s] gmake[2]: Warning: File 'CMakeFiles/lio_sam__rosidl_typesupport_cpp.dir/flags.make' has modification time 1766048715 s in the future
[3.451s] gmake[2]: warning:  Clock skew detected.  Your build may be incomplete.
[3.489s] gmake[2]: Warning: File 'CMakeFiles/lio_sam__rosidl_typesupport_cpp.dir/flags.make' has modification time 1766048715 s in the future
[3.491s] gmake[2]: warning:  Clock skew detected.  Your build may be incomplete.
[3.638s] [ 26%] Built target lio_sam__rosidl_typesupport_cpp
[3.673s] gmake[2]: Warning: File 'CMakeFiles/lio_sam__rosidl_generator_c.dir/flags.make' has modification time 1766048715 s in the future
[3.824s] gmake[2]: warning:  Clock skew detected.  Your build may be incomplete.
[3.841s] gmake[2]: Warning: File 'CMakeFiles/lio_sam__rosidl_generator_c.dir/flags.make' has modification time 1766048715 s in the future
[3.842s] gmake[2]: warning:  Clock skew detected.  Your build may be incomplete.
[3.987s] [ 34%] Built target lio_sam__rosidl_generator_c
[4.037s] gmake[2]: Warning: File 'CMakeFiles/lio_sam_simpleGpsOdom.dir/flags.make' has modification time 1766048715 s in the future
[4.181s] gmake[2]: warning:  Clock skew detected.  Your build may be incomplete.
[4.215s] gmake[2]: Warning: File 'CMakeFiles/lio_sam_simpleGpsOdom.dir/flags.make' has modification time 1766048715 s in the future
[4.240s] gmake[2]: warning:  Clock skew detected.  Your build may be incomplete.
[4.377s] [ 38%] Built target lio_sam_simpleGpsOdom
[4.401s] gmake[2]: Warning: File 'CMakeFiles/lio_sam__rosidl_typesupport_fastrtps_c.dir/flags.make' has modification time 1766048714 s in the future
[4.506s] gmake[2]: warning:  Clock skew detected.  Your build may be incomplete.
[4.526s] gmake[2]: Warning: File 'CMakeFiles/lio_sam__rosidl_typesupport_fastrtps_c.dir/flags.make' has modification time 1766048714 s in the future
[4.527s] gmake[2]: warning:  Clock skew detected.  Your build may be incomplete.
[4.634s] [ 46%] Built target lio_sam__rosidl_typesupport_fastrtps_c
[4.660s] gmake[2]: Warning: File 'CMakeFiles/lio_sam__rosidl_typesupport_introspection_c.dir/flags.make' has modification time 1766048714 s in the future
[4.800s] gmake[2]: warning:  Clock skew detected.  Your build may be incomplete.
[4.819s] gmake[2]: Warning: File 'CMakeFiles/lio_sam__rosidl_typesupport_introspection_c.dir/flags.make' has modification time 1766048714 s in the future
[4.820s] gmake[2]: warning:  Clock skew detected.  Your build may be incomplete.
[4.946s] [ 55%] Built target lio_sam__rosidl_typesupport_introspection_c
[4.968s] gmake[2]: Warning: File 'CMakeFiles/lio_sam__rosidl_typesupport_c.dir/flags.make' has modification time 1766048714 s in the future
[5.075s] gmake[2]: warning:  Clock skew detected.  Your build may be incomplete.
[5.095s] gmake[2]: Warning: File 'CMakeFiles/lio_sam__rosidl_typesupport_c.dir/flags.make' has modification time 1766048714 s in the future
[5.096s] gmake[2]: warning:  Clock skew detected.  Your build may be incomplete.
[5.195s] [ 63%] Built target lio_sam__rosidl_typesupport_c
[5.233s] gmake[2]: Warning: File 'CMakeFiles/lio_sam_mapOptimization.dir/flags.make' has modification time 1766048714 s in the future
[5.334s] gmake[2]: warning:  Clock skew detected.  Your build may be incomplete.
[5.370s] gmake[2]: Warning: File 'CMakeFiles/lio_sam_mapOptimization.dir/flags.make' has modification time 1766048714 s in the future
[5.393s] gmake[2]: warning:  Clock skew detected.  Your build may be incomplete.
[5.498s] [ 67%] Built target lio_sam_mapOptimization
[5.525s] gmake[2]: Warning: File 'CMakeFiles/lio_sam.dir/progress.make' has modification time 1766048713 s in the future
[5.639s] gmake[2]: warning:  Clock skew detected.  Your build may be incomplete.
[5.658s] gmake[2]: Warning: File 'CMakeFiles/lio_sam.dir/progress.make' has modification time 1766048713 s in the future
[5.658s] gmake[2]: warning:  Clock skew detected.  Your build may be incomplete.
[5.763s] [ 67%] Built target lio_sam
[5.813s] gmake[2]: Warning: File 'CMakeFiles/lio_sam_imuPreintegration.dir/flags.make' has modification time 1766048713 s in the future
[5.926s] gmake[2]: warning:  Clock skew detected.  Your build may be incomplete.
[5.966s] gmake[2]: Warning: File 'CMakeFiles/lio_sam_imuPreintegration.dir/flags.make' has modification time 1766048713 s in the future
[5.979s] gmake[2]: warning:  Clock skew detected.  Your build may be incomplete.
[6.083s] [ 71%] Built target lio_sam_imuPreintegration
[6.106s] gmake[2]: Warning: File 'lio_sam__py/CMakeFiles/lio_sam__py.dir/progress.make' has modification time 1766048713 s in the future
[6.214s] gmake[2]: warning:  Clock skew detected.  Your build may be incomplete.
[6.237s] gmake[2]: Warning: File 'lio_sam__py/CMakeFiles/lio_sam__py.dir/progress.make' has modification time 1766048713 s in the future
[6.237s] gmake[2]: warning:  Clock skew detected.  Your build may be incomplete.
[6.348s] [ 73%] Built target lio_sam__py
[6.388s] gmake[2]: Warning: File 'CMakeFiles/lio_sam_imageProjection.dir/flags.make' has modification time 1766048712 s in the future
[6.496s] gmake[2]: warning:  Clock skew detected.  Your build may be incomplete.
[6.530s] gmake[2]: Warning: File 'CMakeFiles/lio_sam_imageProjection.dir/flags.make' has modification time 1766048712 s in the future
[6.541s] gmake[2]: warning:  Clock skew detected.  Your build may be incomplete.
[6.648s] [ 77%] Built target lio_sam_imageProjection
[6.672s] gmake[2]: Warning: File 'CMakeFiles/lio_sam__rosidl_generator_py.dir/flags.make' has modification time 1766048712 s in the future
[6.780s] gmake[2]: warning:  Clock skew detected.  Your build may be incomplete.
[6.804s] gmake[2]: Warning: File 'CMakeFiles/lio_sam__rosidl_generator_py.dir/flags.make' has modification time 1766048712 s in the future
[6.805s] gmake[2]: warning:  Clock skew detected.  Your build may be incomplete.
[6.914s] [ 83%] Built target lio_sam__rosidl_generator_py
[6.952s] gmake[2]: Warning: File 'CMakeFiles/lio_sam_featureExtraction.dir/flags.make' has modification time 1766048712 s in the future
[7.059s] gmake[2]: warning:  Clock skew detected.  Your build may be incomplete.
[7.095s] gmake[2]: Warning: File 'CMakeFiles/lio_sam_featureExtraction.dir/flags.make' has modification time 1766048712 s in the future
[7.107s] gmake[2]: warning:  Clock skew detected.  Your build may be incomplete.
[7.221s] [ 87%] Built target lio_sam_featureExtraction
[7.242s] gmake[2]: Warning: File 'CMakeFiles/lio_sam__rosidl_typesupport_c__pyext.dir/flags.make' has modification time 1766048711 s in the future
[7.354s] gmake[2]: warning:  Clock skew detected.  Your build may be incomplete.
[7.375s] gmake[2]: Warning: File 'CMakeFiles/lio_sam__rosidl_typesupport_c__pyext.dir/flags.make' has modification time 1766048711 s in the future
[7.377s] gmake[2]: warning:  Clock skew detected.  Your build may be incomplete.
[7.482s] [ 91%] Built target lio_sam__rosidl_typesupport_c__pyext
[7.506s] gmake[2]: Warning: File 'CMakeFiles/lio_sam__rosidl_typesupport_introspection_c__pyext.dir/flags.make' has modification time 1766048711 s in the future
[7.624s] gmake[2]: warning:  Clock skew detected.  Your build may be incomplete.
[7.648s] gmake[2]: Warning: File 'CMakeFiles/lio_sam__rosidl_typesupport_introspection_c__pyext.dir/flags.make' has modification time 1766048711 s in the future
[7.650s] gmake[2]: warning:  Clock skew detected.  Your build may be incomplete.
[7.762s] [ 95%] Built target lio_sam__rosidl_typesupport_introspection_c__pyext
[7.792s] gmake[2]: Warning: File 'CMakeFiles/lio_sam__rosidl_typesupport_fastrtps_c__pyext.dir/flags.make' has modification time 1766048711 s in the future
[7.889s] gmake[2]: warning:  Clock skew detected.  Your build may be incomplete.
[7.913s] gmake[2]: Warning: File 'CMakeFiles/lio_sam__rosidl_typesupport_fastrtps_c__pyext.dir/flags.make' has modification time 1766048711 s in the future
[7.915s] gmake[2]: warning:  Clock skew detected.  Your build may be incomplete.
[8.025s] [100%] Built target lio_sam__rosidl_typesupport_fastrtps_c__pyext
[8.028s] gmake[1]: warning:  Clock skew detected.  Your build may be incomplete.
[8.126s] gmake: warning:  Clock skew detected.  Your build may be incomplete.
