[0.099s] Invoking command in '/home/wheeltec/wheeltec_ros2/build/yesense_interface': CMAKE_PREFIX_PATH=${CMAKE_PREFIX_PATH}:/home/wheeltec/wheeltec_ros2/install/auto_recharge_ros2:/home/wheeltec/autoware/install/autoware_wheeltec_interface:/home/wheeltec/autoware/install/ad_api_visualizers:/opt/ros/humble /usr/bin/cmake --build /home/wheeltec/wheeltec_ros2/build/yesense_interface -- -j6 -l6
[0.262s] [35m[1mConsolidate compiler generated dependencies of target yesense_interface__rosidl_generator_c[0m
[0.330s] [  0%] Built target yesense_interface__cpp
[0.341s] [  0%] Built target ament_cmake_python_symlink_yesense_interface
[0.347s] [ 12%] Built target yesense_interface__rosidl_generator_c
[0.418s] [35m[1mConsolidate compiler generated dependencies of target yesense_interface__rosidl_typesupport_fastrtps_cpp[0m
[0.422s] [35m[1mConsolidate compiler generated dependencies of target yesense_interface__rosidl_typesupport_cpp[0m
[0.428s] [35m[1mConsolidate compiler generated dependencies of target yesense_interface__rosidl_typesupport_introspection_cpp[0m
[0.429s] [35m[1mConsolidate compiler generated dependencies of target yesense_interface__rosidl_typesupport_fastrtps_c[0m
[0.524s] [ 24%] Built target yesense_interface__rosidl_typesupport_cpp
[0.548s] [ 37%] Built target yesense_interface__rosidl_typesupport_introspection_cpp
[0.552s] [ 49%] Built target yesense_interface__rosidl_typesupport_fastrtps_cpp
[0.557s] [ 61%] Built target yesense_interface__rosidl_typesupport_fastrtps_c
[0.562s] [35m[1mConsolidate compiler generated dependencies of target yesense_interface__rosidl_typesupport_introspection_c[0m
[0.601s] [35m[1mConsolidate compiler generated dependencies of target yesense_interface__rosidl_typesupport_c[0m
[0.620s] [ 73%] Built target yesense_interface__rosidl_typesupport_introspection_c
[0.652s] [ 85%] Built target yesense_interface__rosidl_typesupport_c
[0.721s] [ 85%] Built target yesense_interface
[0.766s] [ 86%] Built target yesense_interface__py
[0.794s] [35m[1mConsolidate compiler generated dependencies of target yesense_interface__rosidl_generator_py[0m
[0.839s] [ 97%] Built target yesense_interface__rosidl_generator_py
[0.871s] [35m[1mConsolidate compiler generated dependencies of target yesense_interface__rosidl_typesupport_introspection_c__pyext[0m
[0.876s] [35m[1mConsolidate compiler generated dependencies of target yesense_interface__rosidl_typesupport_fastrtps_c__pyext[0m
[0.885s] [35m[1mConsolidate compiler generated dependencies of target yesense_interface__rosidl_typesupport_c__pyext[0m
[0.911s] [ 98%] Built target yesense_interface__rosidl_typesupport_fastrtps_c__pyext
[0.916s] [ 99%] Built target yesense_interface__rosidl_typesupport_introspection_c__pyext
[0.920s] [100%] Built target yesense_interface__rosidl_typesupport_c__pyext
[1.182s] running egg_info
[1.185s] writing yesense_interface.egg-info/PKG-INFO
[1.185s] writing dependency_links to yesense_interface.egg-info/dependency_links.txt
[1.185s] writing top-level names to yesense_interface.egg-info/top_level.txt
[1.198s] reading manifest file 'yesense_interface.egg-info/SOURCES.txt'
[1.200s] writing manifest file 'yesense_interface.egg-info/SOURCES.txt'
[1.290s] [100%] Built target ament_cmake_python_build_yesense_interface_egg
[1.445s] Invoked command in '/home/wheeltec/wheeltec_ros2/build/yesense_interface' returned '0': CMAKE_PREFIX_PATH=${CMAKE_PREFIX_PATH}:/home/wheeltec/wheeltec_ros2/install/auto_recharge_ros2:/home/wheeltec/autoware/install/autoware_wheeltec_interface:/home/wheeltec/autoware/install/ad_api_visualizers:/opt/ros/humble /usr/bin/cmake --build /home/wheeltec/wheeltec_ros2/build/yesense_interface -- -j6 -l6
[1.447s] Invoking command in '/home/wheeltec/wheeltec_ros2/build/yesense_interface': CMAKE_PREFIX_PATH=${CMAKE_PREFIX_PATH}:/home/wheeltec/wheeltec_ros2/install/auto_recharge_ros2:/home/wheeltec/autoware/install/autoware_wheeltec_interface:/home/wheeltec/autoware/install/ad_api_visualizers:/opt/ros/humble /usr/bin/cmake --install /home/wheeltec/wheeltec_ros2/build/yesense_interface
[1.467s] -- Install configuration: ""
[1.469s] -- Execute custom install script
[1.469s] -- Symlinking: /home/wheeltec/wheeltec_ros2/install/yesense_interface/share/ament_index/resource_index/rosidl_interfaces/yesense_interface
[1.490s] -- Symlinking: /home/wheeltec/wheeltec_ros2/install/yesense_interface/include/yesense_interface/yesense_interface/msg/attitude_all_data.h
[1.513s] -- Symlinking: /home/wheeltec/wheeltec_ros2/install/yesense_interface/include/yesense_interface/yesense_interface/msg/attitude_min_ahrs.h
[1.531s] -- Symlinking: /home/wheeltec/wheeltec_ros2/install/yesense_interface/include/yesense_interface/yesense_interface/msg/attitude_min_vru.h
[1.547s] -- Symlinking: /home/wheeltec/wheeltec_ros2/install/yesense_interface/include/yesense_interface/yesense_interface/msg/detail/attitude_all_data__functions.h
[1.564s] -- Symlinking: /home/wheeltec/wheeltec_ros2/install/yesense_interface/include/yesense_interface/yesense_interface/msg/detail/attitude_all_data__struct.h
[1.582s] -- Symlinking: /home/wheeltec/wheeltec_ros2/install/yesense_interface/include/yesense_interface/yesense_interface/msg/detail/attitude_all_data__type_support.h
[1.601s] -- Symlinking: /home/wheeltec/wheeltec_ros2/install/yesense_interface/include/yesense_interface/yesense_interface/msg/detail/attitude_min_ahrs__functions.h
[1.618s] -- Symlinking: /home/wheeltec/wheeltec_ros2/install/yesense_interface/include/yesense_interface/yesense_interface/msg/detail/attitude_min_ahrs__struct.h
[1.637s] -- Symlinking: /home/wheeltec/wheeltec_ros2/install/yesense_interface/include/yesense_interface/yesense_interface/msg/detail/attitude_min_ahrs__type_support.h
[1.656s] -- Symlinking: /home/wheeltec/wheeltec_ros2/install/yesense_interface/include/yesense_interface/yesense_interface/msg/detail/attitude_min_vru__functions.h
[1.676s] -- Symlinking: /home/wheeltec/wheeltec_ros2/install/yesense_interface/include/yesense_interface/yesense_interface/msg/detail/attitude_min_vru__struct.h
[1.694s] -- Symlinking: /home/wheeltec/wheeltec_ros2/install/yesense_interface/include/yesense_interface/yesense_interface/msg/detail/attitude_min_vru__type_support.h
[1.713s] -- Symlinking: /home/wheeltec/wheeltec_ros2/install/yesense_interface/include/yesense_interface/yesense_interface/msg/detail/euler_angle__functions.h
[1.732s] -- Symlinking: /home/wheeltec/wheeltec_ros2/install/yesense_interface/include/yesense_interface/yesense_interface/msg/detail/euler_angle__struct.h
[1.751s] -- Symlinking: /home/wheeltec/wheeltec_ros2/install/yesense_interface/include/yesense_interface/yesense_interface/msg/detail/euler_angle__type_support.h
[1.766s] -- Symlinking: /home/wheeltec/wheeltec_ros2/install/yesense_interface/include/yesense_interface/yesense_interface/msg/detail/euler_only__functions.h
[1.784s] -- Symlinking: /home/wheeltec/wheeltec_ros2/install/yesense_interface/include/yesense_interface/yesense_interface/msg/detail/euler_only__struct.h
[1.804s] -- Symlinking: /home/wheeltec/wheeltec_ros2/install/yesense_interface/include/yesense_interface/yesense_interface/msg/detail/euler_only__type_support.h
[1.818s] -- Symlinking: /home/wheeltec/wheeltec_ros2/install/yesense_interface/include/yesense_interface/yesense_interface/msg/detail/gnss_pos__functions.h
[1.835s] -- Symlinking: /home/wheeltec/wheeltec_ros2/install/yesense_interface/include/yesense_interface/yesense_interface/msg/detail/gnss_pos__struct.h
[1.852s] -- Symlinking: /home/wheeltec/wheeltec_ros2/install/yesense_interface/include/yesense_interface/yesense_interface/msg/detail/gnss_pos__type_support.h
[1.871s] -- Symlinking: /home/wheeltec/wheeltec_ros2/install/yesense_interface/include/yesense_interface/yesense_interface/msg/detail/imu_data__functions.h
[1.888s] -- Symlinking: /home/wheeltec/wheeltec_ros2/install/yesense_interface/include/yesense_interface/yesense_interface/msg/detail/imu_data__struct.h
[1.905s] -- Symlinking: /home/wheeltec/wheeltec_ros2/install/yesense_interface/include/yesense_interface/yesense_interface/msg/detail/imu_data__type_support.h
[1.922s] -- Symlinking: /home/wheeltec/wheeltec_ros2/install/yesense_interface/include/yesense_interface/yesense_interface/msg/detail/imu_data_ten_axis__functions.h
[1.940s] -- Symlinking: /home/wheeltec/wheeltec_ros2/install/yesense_interface/include/yesense_interface/yesense_interface/msg/detail/imu_data_ten_axis__struct.h
[1.955s] -- Symlinking: /home/wheeltec/wheeltec_ros2/install/yesense_interface/include/yesense_interface/yesense_interface/msg/detail/imu_data_ten_axis__type_support.h
[1.975s] -- Symlinking: /home/wheeltec/wheeltec_ros2/install/yesense_interface/include/yesense_interface/yesense_interface/msg/detail/nav_all__functions.h
[1.991s] -- Symlinking: /home/wheeltec/wheeltec_ros2/install/yesense_interface/include/yesense_interface/yesense_interface/msg/detail/nav_all__struct.h
[2.008s] -- Symlinking: /home/wheeltec/wheeltec_ros2/install/yesense_interface/include/yesense_interface/yesense_interface/msg/detail/nav_all__type_support.h
[2.025s] -- Symlinking: /home/wheeltec/wheeltec_ros2/install/yesense_interface/include/yesense_interface/yesense_interface/msg/detail/nav_min__functions.h
[2.043s] -- Symlinking: /home/wheeltec/wheeltec_ros2/install/yesense_interface/include/yesense_interface/yesense_interface/msg/detail/nav_min__struct.h
[2.061s] -- Symlinking: /home/wheeltec/wheeltec_ros2/install/yesense_interface/include/yesense_interface/yesense_interface/msg/detail/nav_min__type_support.h
[2.080s] -- Symlinking: /home/wheeltec/wheeltec_ros2/install/yesense_interface/include/yesense_interface/yesense_interface/msg/detail/nav_min_utc__functions.h
[2.100s] -- Symlinking: /home/wheeltec/wheeltec_ros2/install/yesense_interface/include/yesense_interface/yesense_interface/msg/detail/nav_min_utc__struct.h
[2.117s] -- Symlinking: /home/wheeltec/wheeltec_ros2/install/yesense_interface/include/yesense_interface/yesense_interface/msg/detail/nav_min_utc__type_support.h
[2.135s] -- Symlinking: /home/wheeltec/wheeltec_ros2/install/yesense_interface/include/yesense_interface/yesense_interface/msg/detail/nav_status__functions.h
[2.152s] -- Symlinking: /home/wheeltec/wheeltec_ros2/install/yesense_interface/include/yesense_interface/yesense_interface/msg/detail/nav_status__struct.h
[2.170s] -- Symlinking: /home/wheeltec/wheeltec_ros2/install/yesense_interface/include/yesense_interface/yesense_interface/msg/detail/nav_status__type_support.h
[2.195s] -- Symlinking: /home/wheeltec/wheeltec_ros2/install/yesense_interface/include/yesense_interface/yesense_interface/msg/detail/pos_only__functions.h
[2.207s] -- Symlinking: /home/wheeltec/wheeltec_ros2/install/yesense_interface/include/yesense_interface/yesense_interface/msg/detail/pos_only__struct.h
[2.227s] -- Symlinking: /home/wheeltec/wheeltec_ros2/install/yesense_interface/include/yesense_interface/yesense_interface/msg/detail/pos_only__type_support.h
[2.245s] -- Symlinking: /home/wheeltec/wheeltec_ros2/install/yesense_interface/include/yesense_interface/yesense_interface/msg/detail/pressure__functions.h
[2.263s] -- Symlinking: /home/wheeltec/wheeltec_ros2/install/yesense_interface/include/yesense_interface/yesense_interface/msg/detail/pressure__struct.h
[2.283s] -- Symlinking: /home/wheeltec/wheeltec_ros2/install/yesense_interface/include/yesense_interface/yesense_interface/msg/detail/pressure__type_support.h
[2.301s] -- Symlinking: /home/wheeltec/wheeltec_ros2/install/yesense_interface/include/yesense_interface/yesense_interface/msg/detail/quat__functions.h
[2.320s] -- Symlinking: /home/wheeltec/wheeltec_ros2/install/yesense_interface/include/yesense_interface/yesense_interface/msg/detail/quat__struct.h
[2.337s] -- Symlinking: /home/wheeltec/wheeltec_ros2/install/yesense_interface/include/yesense_interface/yesense_interface/msg/detail/quat__type_support.h
[2.353s] -- Symlinking: /home/wheeltec/wheeltec_ros2/install/yesense_interface/include/yesense_interface/yesense_interface/msg/detail/robot_lord__functions.h
[2.371s] -- Symlinking: /home/wheeltec/wheeltec_ros2/install/yesense_interface/include/yesense_interface/yesense_interface/msg/detail/robot_lord__struct.h
[2.387s] -- Symlinking: /home/wheeltec/wheeltec_ros2/install/yesense_interface/include/yesense_interface/yesense_interface/msg/detail/robot_lord__type_support.h
[2.408s] -- Symlinking: /home/wheeltec/wheeltec_ros2/install/yesense_interface/include/yesense_interface/yesense_interface/msg/detail/sample_timestamp__functions.h
[2.424s] -- Symlinking: /home/wheeltec/wheeltec_ros2/install/yesense_interface/include/yesense_interface/yesense_interface/msg/detail/sample_timestamp__struct.h
[2.441s] -- Symlinking: /home/wheeltec/wheeltec_ros2/install/yesense_interface/include/yesense_interface/yesense_interface/msg/detail/sample_timestamp__type_support.h
[2.459s] -- Symlinking: /home/wheeltec/wheeltec_ros2/install/yesense_interface/include/yesense_interface/yesense_interface/msg/detail/sensor_temp__functions.h
[2.479s] -- Symlinking: /home/wheeltec/wheeltec_ros2/install/yesense_interface/include/yesense_interface/yesense_interface/msg/detail/sensor_temp__struct.h
[2.495s] -- Symlinking: /home/wheeltec/wheeltec_ros2/install/yesense_interface/include/yesense_interface/yesense_interface/msg/detail/sensor_temp__type_support.h
[2.514s] -- Symlinking: /home/wheeltec/wheeltec_ros2/install/yesense_interface/include/yesense_interface/yesense_interface/msg/detail/three_axis__functions.h
[2.534s] -- Symlinking: /home/wheeltec/wheeltec_ros2/install/yesense_interface/include/yesense_interface/yesense_interface/msg/detail/three_axis__struct.h
[2.556s] -- Symlinking: /home/wheeltec/wheeltec_ros2/install/yesense_interface/include/yesense_interface/yesense_interface/msg/detail/three_axis__type_support.h
[2.575s] -- Symlinking: /home/wheeltec/wheeltec_ros2/install/yesense_interface/include/yesense_interface/yesense_interface/msg/detail/tid__functions.h
[2.593s] -- Symlinking: /home/wheeltec/wheeltec_ros2/install/yesense_interface/include/yesense_interface/yesense_interface/msg/detail/tid__struct.h
[2.610s] -- Symlinking: /home/wheeltec/wheeltec_ros2/install/yesense_interface/include/yesense_interface/yesense_interface/msg/detail/tid__type_support.h
[2.627s] -- Symlinking: /home/wheeltec/wheeltec_ros2/install/yesense_interface/include/yesense_interface/yesense_interface/msg/detail/utc__functions.h
[2.642s] -- Symlinking: /home/wheeltec/wheeltec_ros2/install/yesense_interface/include/yesense_interface/yesense_interface/msg/detail/utc__struct.h
[2.657s] -- Symlinking: /home/wheeltec/wheeltec_ros2/install/yesense_interface/include/yesense_interface/yesense_interface/msg/detail/utc__type_support.h
[2.674s] -- Symlinking: /home/wheeltec/wheeltec_ros2/install/yesense_interface/include/yesense_interface/yesense_interface/msg/detail/vel__functions.h
[2.690s] -- Symlinking: /home/wheeltec/wheeltec_ros2/install/yesense_interface/include/yesense_interface/yesense_interface/msg/detail/vel__struct.h
[2.708s] -- Symlinking: /home/wheeltec/wheeltec_ros2/install/yesense_interface/include/yesense_interface/yesense_interface/msg/detail/vel__type_support.h
[2.725s] -- Symlinking: /home/wheeltec/wheeltec_ros2/install/yesense_interface/include/yesense_interface/yesense_interface/msg/euler_angle.h
[2.742s] -- Symlinking: /home/wheeltec/wheeltec_ros2/install/yesense_interface/include/yesense_interface/yesense_interface/msg/euler_only.h
[2.759s] -- Symlinking: /home/wheeltec/wheeltec_ros2/install/yesense_interface/include/yesense_interface/yesense_interface/msg/gnss_pos.h
[2.776s] -- Symlinking: /home/wheeltec/wheeltec_ros2/install/yesense_interface/include/yesense_interface/yesense_interface/msg/imu_data.h
[2.792s] -- Symlinking: /home/wheeltec/wheeltec_ros2/install/yesense_interface/include/yesense_interface/yesense_interface/msg/imu_data_ten_axis.h
[2.809s] -- Symlinking: /home/wheeltec/wheeltec_ros2/install/yesense_interface/include/yesense_interface/yesense_interface/msg/nav_all.h
[2.827s] -- Symlinking: /home/wheeltec/wheeltec_ros2/install/yesense_interface/include/yesense_interface/yesense_interface/msg/nav_min.h
[2.845s] -- Symlinking: /home/wheeltec/wheeltec_ros2/install/yesense_interface/include/yesense_interface/yesense_interface/msg/nav_min_utc.h
[2.864s] -- Symlinking: /home/wheeltec/wheeltec_ros2/install/yesense_interface/include/yesense_interface/yesense_interface/msg/nav_status.h
[2.885s] -- Symlinking: /home/wheeltec/wheeltec_ros2/install/yesense_interface/include/yesense_interface/yesense_interface/msg/pos_only.h
[2.905s] -- Symlinking: /home/wheeltec/wheeltec_ros2/install/yesense_interface/include/yesense_interface/yesense_interface/msg/pressure.h
[2.946s] -- Symlinking: /home/wheeltec/wheeltec_ros2/install/yesense_interface/include/yesense_interface/yesense_interface/msg/quat.h
[2.980s] -- Symlinking: /home/wheeltec/wheeltec_ros2/install/yesense_interface/include/yesense_interface/yesense_interface/msg/robot_lord.h
[3.004s] -- Symlinking: /home/wheeltec/wheeltec_ros2/install/yesense_interface/include/yesense_interface/yesense_interface/msg/rosidl_generator_c__visibility_control.h
[3.018s] -- Symlinking: /home/wheeltec/wheeltec_ros2/install/yesense_interface/include/yesense_interface/yesense_interface/msg/sample_timestamp.h
[3.052s] -- Symlinking: /home/wheeltec/wheeltec_ros2/install/yesense_interface/include/yesense_interface/yesense_interface/msg/sensor_temp.h
[3.082s] -- Symlinking: /home/wheeltec/wheeltec_ros2/install/yesense_interface/include/yesense_interface/yesense_interface/msg/three_axis.h
[3.113s] -- Symlinking: /home/wheeltec/wheeltec_ros2/install/yesense_interface/include/yesense_interface/yesense_interface/msg/tid.h
[3.128s] -- Symlinking: /home/wheeltec/wheeltec_ros2/install/yesense_interface/include/yesense_interface/yesense_interface/msg/utc.h
[3.144s] -- Symlinking: /home/wheeltec/wheeltec_ros2/install/yesense_interface/include/yesense_interface/yesense_interface/msg/vel.h
[3.161s] -- Symlinking: /home/wheeltec/wheeltec_ros2/install/yesense_interface/share/yesense_interface/environment/library_path.sh
[3.177s] -- Symlinking: /home/wheeltec/wheeltec_ros2/install/yesense_interface/share/yesense_interface/environment/library_path.dsv
[3.196s] -- Symlinking: /home/wheeltec/wheeltec_ros2/install/yesense_interface/include/yesense_interface/yesense_interface/msg/detail/attitude_all_data__rosidl_typesupport_fastrtps_c.h
[3.210s] -- Symlinking: /home/wheeltec/wheeltec_ros2/install/yesense_interface/include/yesense_interface/yesense_interface/msg/detail/attitude_min_ahrs__rosidl_typesupport_fastrtps_c.h
[3.227s] -- Symlinking: /home/wheeltec/wheeltec_ros2/install/yesense_interface/include/yesense_interface/yesense_interface/msg/detail/attitude_min_vru__rosidl_typesupport_fastrtps_c.h
[3.244s] -- Symlinking: /home/wheeltec/wheeltec_ros2/install/yesense_interface/include/yesense_interface/yesense_interface/msg/detail/euler_angle__rosidl_typesupport_fastrtps_c.h
[3.260s] -- Symlinking: /home/wheeltec/wheeltec_ros2/install/yesense_interface/include/yesense_interface/yesense_interface/msg/detail/euler_only__rosidl_typesupport_fastrtps_c.h
[3.305s] -- Symlinking: /home/wheeltec/wheeltec_ros2/install/yesense_interface/include/yesense_interface/yesense_interface/msg/detail/gnss_pos__rosidl_typesupport_fastrtps_c.h
[3.321s] -- Symlinking: /home/wheeltec/wheeltec_ros2/install/yesense_interface/include/yesense_interface/yesense_interface/msg/detail/imu_data__rosidl_typesupport_fastrtps_c.h
[3.338s] -- Symlinking: /home/wheeltec/wheeltec_ros2/install/yesense_interface/include/yesense_interface/yesense_interface/msg/detail/imu_data_ten_axis__rosidl_typesupport_fastrtps_c.h
[3.355s] -- Symlinking: /home/wheeltec/wheeltec_ros2/install/yesense_interface/include/yesense_interface/yesense_interface/msg/detail/nav_all__rosidl_typesupport_fastrtps_c.h
[3.373s] -- Symlinking: /home/wheeltec/wheeltec_ros2/install/yesense_interface/include/yesense_interface/yesense_interface/msg/detail/nav_min__rosidl_typesupport_fastrtps_c.h
[3.390s] -- Symlinking: /home/wheeltec/wheeltec_ros2/install/yesense_interface/include/yesense_interface/yesense_interface/msg/detail/nav_min_utc__rosidl_typesupport_fastrtps_c.h
[3.412s] -- Symlinking: /home/wheeltec/wheeltec_ros2/install/yesense_interface/include/yesense_interface/yesense_interface/msg/detail/nav_status__rosidl_typesupport_fastrtps_c.h
[3.432s] -- Symlinking: /home/wheeltec/wheeltec_ros2/install/yesense_interface/include/yesense_interface/yesense_interface/msg/detail/pos_only__rosidl_typesupport_fastrtps_c.h
[3.453s] -- Symlinking: /home/wheeltec/wheeltec_ros2/install/yesense_interface/include/yesense_interface/yesense_interface/msg/detail/pressure__rosidl_typesupport_fastrtps_c.h
[3.472s] -- Symlinking: /home/wheeltec/wheeltec_ros2/install/yesense_interface/include/yesense_interface/yesense_interface/msg/detail/quat__rosidl_typesupport_fastrtps_c.h
[3.490s] -- Symlinking: /home/wheeltec/wheeltec_ros2/install/yesense_interface/include/yesense_interface/yesense_interface/msg/detail/robot_lord__rosidl_typesupport_fastrtps_c.h
[3.511s] -- Symlinking: /home/wheeltec/wheeltec_ros2/install/yesense_interface/include/yesense_interface/yesense_interface/msg/detail/sample_timestamp__rosidl_typesupport_fastrtps_c.h
[3.527s] -- Symlinking: /home/wheeltec/wheeltec_ros2/install/yesense_interface/include/yesense_interface/yesense_interface/msg/detail/sensor_temp__rosidl_typesupport_fastrtps_c.h
[3.544s] -- Symlinking: /home/wheeltec/wheeltec_ros2/install/yesense_interface/include/yesense_interface/yesense_interface/msg/detail/three_axis__rosidl_typesupport_fastrtps_c.h
[3.566s] -- Symlinking: /home/wheeltec/wheeltec_ros2/install/yesense_interface/include/yesense_interface/yesense_interface/msg/detail/tid__rosidl_typesupport_fastrtps_c.h
[3.584s] -- Symlinking: /home/wheeltec/wheeltec_ros2/install/yesense_interface/include/yesense_interface/yesense_interface/msg/detail/utc__rosidl_typesupport_fastrtps_c.h
[3.607s] -- Symlinking: /home/wheeltec/wheeltec_ros2/install/yesense_interface/include/yesense_interface/yesense_interface/msg/detail/vel__rosidl_typesupport_fastrtps_c.h
[3.656s] -- Symlinking: /home/wheeltec/wheeltec_ros2/install/yesense_interface/include/yesense_interface/yesense_interface/msg/rosidl_typesupport_fastrtps_c__visibility_control.h
[3.674s] -- Symlinking: /home/wheeltec/wheeltec_ros2/install/yesense_interface/include/yesense_interface/yesense_interface/msg/detail/attitude_all_data__rosidl_typesupport_introspection_c.h
[3.690s] -- Symlinking: /home/wheeltec/wheeltec_ros2/install/yesense_interface/include/yesense_interface/yesense_interface/msg/detail/attitude_min_ahrs__rosidl_typesupport_introspection_c.h
[3.707s] -- Symlinking: /home/wheeltec/wheeltec_ros2/install/yesense_interface/include/yesense_interface/yesense_interface/msg/detail/attitude_min_vru__rosidl_typesupport_introspection_c.h
[3.725s] -- Symlinking: /home/wheeltec/wheeltec_ros2/install/yesense_interface/include/yesense_interface/yesense_interface/msg/detail/euler_angle__rosidl_typesupport_introspection_c.h
[3.743s] -- Symlinking: /home/wheeltec/wheeltec_ros2/install/yesense_interface/include/yesense_interface/yesense_interface/msg/detail/euler_only__rosidl_typesupport_introspection_c.h
[3.758s] -- Symlinking: /home/wheeltec/wheeltec_ros2/install/yesense_interface/include/yesense_interface/yesense_interface/msg/detail/gnss_pos__rosidl_typesupport_introspection_c.h
[3.775s] -- Symlinking: /home/wheeltec/wheeltec_ros2/install/yesense_interface/include/yesense_interface/yesense_interface/msg/detail/imu_data__rosidl_typesupport_introspection_c.h
[3.790s] -- Symlinking: /home/wheeltec/wheeltec_ros2/install/yesense_interface/include/yesense_interface/yesense_interface/msg/detail/imu_data_ten_axis__rosidl_typesupport_introspection_c.h
[3.811s] -- Symlinking: /home/wheeltec/wheeltec_ros2/install/yesense_interface/include/yesense_interface/yesense_interface/msg/detail/nav_all__rosidl_typesupport_introspection_c.h
[3.825s] -- Symlinking: /home/wheeltec/wheeltec_ros2/install/yesense_interface/include/yesense_interface/yesense_interface/msg/detail/nav_min__rosidl_typesupport_introspection_c.h
[3.840s] -- Symlinking: /home/wheeltec/wheeltec_ros2/install/yesense_interface/include/yesense_interface/yesense_interface/msg/detail/nav_min_utc__rosidl_typesupport_introspection_c.h
[3.854s] -- Symlinking: /home/wheeltec/wheeltec_ros2/install/yesense_interface/include/yesense_interface/yesense_interface/msg/detail/nav_status__rosidl_typesupport_introspection_c.h
[3.871s] -- Symlinking: /home/wheeltec/wheeltec_ros2/install/yesense_interface/include/yesense_interface/yesense_interface/msg/detail/pos_only__rosidl_typesupport_introspection_c.h
[3.887s] -- Symlinking: /home/wheeltec/wheeltec_ros2/install/yesense_interface/include/yesense_interface/yesense_interface/msg/detail/pressure__rosidl_typesupport_introspection_c.h
[3.903s] -- Symlinking: /home/wheeltec/wheeltec_ros2/install/yesense_interface/include/yesense_interface/yesense_interface/msg/detail/quat__rosidl_typesupport_introspection_c.h
[3.921s] -- Symlinking: /home/wheeltec/wheeltec_ros2/install/yesense_interface/include/yesense_interface/yesense_interface/msg/detail/robot_lord__rosidl_typesupport_introspection_c.h
[3.954s] -- Symlinking: /home/wheeltec/wheeltec_ros2/install/yesense_interface/include/yesense_interface/yesense_interface/msg/detail/sample_timestamp__rosidl_typesupport_introspection_c.h
[3.970s] -- Symlinking: /home/wheeltec/wheeltec_ros2/install/yesense_interface/include/yesense_interface/yesense_interface/msg/detail/sensor_temp__rosidl_typesupport_introspection_c.h
[3.986s] -- Symlinking: /home/wheeltec/wheeltec_ros2/install/yesense_interface/include/yesense_interface/yesense_interface/msg/detail/three_axis__rosidl_typesupport_introspection_c.h
[4.003s] -- Symlinking: /home/wheeltec/wheeltec_ros2/install/yesense_interface/include/yesense_interface/yesense_interface/msg/detail/tid__rosidl_typesupport_introspection_c.h
[4.020s] -- Symlinking: /home/wheeltec/wheeltec_ros2/install/yesense_interface/include/yesense_interface/yesense_interface/msg/detail/utc__rosidl_typesupport_introspection_c.h
[4.036s] -- Symlinking: /home/wheeltec/wheeltec_ros2/install/yesense_interface/include/yesense_interface/yesense_interface/msg/detail/vel__rosidl_typesupport_introspection_c.h
[4.053s] -- Symlinking: /home/wheeltec/wheeltec_ros2/install/yesense_interface/include/yesense_interface/yesense_interface/msg/rosidl_typesupport_introspection_c__visibility_control.h
[4.070s] -- Symlinking: /home/wheeltec/wheeltec_ros2/install/yesense_interface/include/yesense_interface/yesense_interface/msg/attitude_all_data.hpp
[4.086s] -- Symlinking: /home/wheeltec/wheeltec_ros2/install/yesense_interface/include/yesense_interface/yesense_interface/msg/attitude_min_ahrs.hpp
[4.102s] -- Symlinking: /home/wheeltec/wheeltec_ros2/install/yesense_interface/include/yesense_interface/yesense_interface/msg/attitude_min_vru.hpp
[4.118s] -- Symlinking: /home/wheeltec/wheeltec_ros2/install/yesense_interface/include/yesense_interface/yesense_interface/msg/detail/attitude_all_data__builder.hpp
[4.133s] -- Symlinking: /home/wheeltec/wheeltec_ros2/install/yesense_interface/include/yesense_interface/yesense_interface/msg/detail/attitude_all_data__struct.hpp
[4.148s] -- Symlinking: /home/wheeltec/wheeltec_ros2/install/yesense_interface/include/yesense_interface/yesense_interface/msg/detail/attitude_all_data__traits.hpp
[4.166s] -- Symlinking: /home/wheeltec/wheeltec_ros2/install/yesense_interface/include/yesense_interface/yesense_interface/msg/detail/attitude_all_data__type_support.hpp
[4.182s] -- Symlinking: /home/wheeltec/wheeltec_ros2/install/yesense_interface/include/yesense_interface/yesense_interface/msg/detail/attitude_min_ahrs__builder.hpp
[4.198s] -- Symlinking: /home/wheeltec/wheeltec_ros2/install/yesense_interface/include/yesense_interface/yesense_interface/msg/detail/attitude_min_ahrs__struct.hpp
[4.214s] -- Symlinking: /home/wheeltec/wheeltec_ros2/install/yesense_interface/include/yesense_interface/yesense_interface/msg/detail/attitude_min_ahrs__traits.hpp
[4.229s] -- Symlinking: /home/wheeltec/wheeltec_ros2/install/yesense_interface/include/yesense_interface/yesense_interface/msg/detail/attitude_min_ahrs__type_support.hpp
[4.245s] -- Symlinking: /home/wheeltec/wheeltec_ros2/install/yesense_interface/include/yesense_interface/yesense_interface/msg/detail/attitude_min_vru__builder.hpp
[4.262s] -- Symlinking: /home/wheeltec/wheeltec_ros2/install/yesense_interface/include/yesense_interface/yesense_interface/msg/detail/attitude_min_vru__struct.hpp
[4.282s] -- Symlinking: /home/wheeltec/wheeltec_ros2/install/yesense_interface/include/yesense_interface/yesense_interface/msg/detail/attitude_min_vru__traits.hpp
[4.299s] -- Symlinking: /home/wheeltec/wheeltec_ros2/install/yesense_interface/include/yesense_interface/yesense_interface/msg/detail/attitude_min_vru__type_support.hpp
[4.315s] -- Symlinking: /home/wheeltec/wheeltec_ros2/install/yesense_interface/include/yesense_interface/yesense_interface/msg/detail/euler_angle__builder.hpp
[4.331s] -- Symlinking: /home/wheeltec/wheeltec_ros2/install/yesense_interface/include/yesense_interface/yesense_interface/msg/detail/euler_angle__struct.hpp
[4.346s] -- Symlinking: /home/wheeltec/wheeltec_ros2/install/yesense_interface/include/yesense_interface/yesense_interface/msg/detail/euler_angle__traits.hpp
[4.366s] -- Symlinking: /home/wheeltec/wheeltec_ros2/install/yesense_interface/include/yesense_interface/yesense_interface/msg/detail/euler_angle__type_support.hpp
[4.382s] -- Symlinking: /home/wheeltec/wheeltec_ros2/install/yesense_interface/include/yesense_interface/yesense_interface/msg/detail/euler_only__builder.hpp
[4.401s] -- Symlinking: /home/wheeltec/wheeltec_ros2/install/yesense_interface/include/yesense_interface/yesense_interface/msg/detail/euler_only__struct.hpp
[4.421s] -- Symlinking: /home/wheeltec/wheeltec_ros2/install/yesense_interface/include/yesense_interface/yesense_interface/msg/detail/euler_only__traits.hpp
[4.439s] -- Symlinking: /home/wheeltec/wheeltec_ros2/install/yesense_interface/include/yesense_interface/yesense_interface/msg/detail/euler_only__type_support.hpp
[4.456s] -- Symlinking: /home/wheeltec/wheeltec_ros2/install/yesense_interface/include/yesense_interface/yesense_interface/msg/detail/gnss_pos__builder.hpp
[4.475s] -- Symlinking: /home/wheeltec/wheeltec_ros2/install/yesense_interface/include/yesense_interface/yesense_interface/msg/detail/gnss_pos__struct.hpp
[4.491s] -- Symlinking: /home/wheeltec/wheeltec_ros2/install/yesense_interface/include/yesense_interface/yesense_interface/msg/detail/gnss_pos__traits.hpp
[4.508s] -- Symlinking: /home/wheeltec/wheeltec_ros2/install/yesense_interface/include/yesense_interface/yesense_interface/msg/detail/gnss_pos__type_support.hpp
[4.525s] -- Symlinking: /home/wheeltec/wheeltec_ros2/install/yesense_interface/include/yesense_interface/yesense_interface/msg/detail/imu_data__builder.hpp
[4.542s] -- Symlinking: /home/wheeltec/wheeltec_ros2/install/yesense_interface/include/yesense_interface/yesense_interface/msg/detail/imu_data__struct.hpp
[4.560s] -- Symlinking: /home/wheeltec/wheeltec_ros2/install/yesense_interface/include/yesense_interface/yesense_interface/msg/detail/imu_data__traits.hpp
[4.578s] -- Symlinking: /home/wheeltec/wheeltec_ros2/install/yesense_interface/include/yesense_interface/yesense_interface/msg/detail/imu_data__type_support.hpp
[4.597s] -- Symlinking: /home/wheeltec/wheeltec_ros2/install/yesense_interface/include/yesense_interface/yesense_interface/msg/detail/imu_data_ten_axis__builder.hpp
[4.617s] -- Symlinking: /home/wheeltec/wheeltec_ros2/install/yesense_interface/include/yesense_interface/yesense_interface/msg/detail/imu_data_ten_axis__struct.hpp
[4.634s] -- Symlinking: /home/wheeltec/wheeltec_ros2/install/yesense_interface/include/yesense_interface/yesense_interface/msg/detail/imu_data_ten_axis__traits.hpp
[4.648s] -- Symlinking: /home/wheeltec/wheeltec_ros2/install/yesense_interface/include/yesense_interface/yesense_interface/msg/detail/imu_data_ten_axis__type_support.hpp
[4.666s] -- Symlinking: /home/wheeltec/wheeltec_ros2/install/yesense_interface/include/yesense_interface/yesense_interface/msg/detail/nav_all__builder.hpp
[4.684s] -- Symlinking: /home/wheeltec/wheeltec_ros2/install/yesense_interface/include/yesense_interface/yesense_interface/msg/detail/nav_all__struct.hpp
[4.702s] -- Symlinking: /home/wheeltec/wheeltec_ros2/install/yesense_interface/include/yesense_interface/yesense_interface/msg/detail/nav_all__traits.hpp
[4.717s] -- Symlinking: /home/wheeltec/wheeltec_ros2/install/yesense_interface/include/yesense_interface/yesense_interface/msg/detail/nav_all__type_support.hpp
[4.735s] -- Symlinking: /home/wheeltec/wheeltec_ros2/install/yesense_interface/include/yesense_interface/yesense_interface/msg/detail/nav_min__builder.hpp
[4.761s] -- Symlinking: /home/wheeltec/wheeltec_ros2/install/yesense_interface/include/yesense_interface/yesense_interface/msg/detail/nav_min__struct.hpp
[4.787s] -- Symlinking: /home/wheeltec/wheeltec_ros2/install/yesense_interface/include/yesense_interface/yesense_interface/msg/detail/nav_min__traits.hpp
[4.826s] -- Symlinking: /home/wheeltec/wheeltec_ros2/install/yesense_interface/include/yesense_interface/yesense_interface/msg/detail/nav_min__type_support.hpp
[4.844s] -- Symlinking: /home/wheeltec/wheeltec_ros2/install/yesense_interface/include/yesense_interface/yesense_interface/msg/detail/nav_min_utc__builder.hpp
[4.863s] -- Symlinking: /home/wheeltec/wheeltec_ros2/install/yesense_interface/include/yesense_interface/yesense_interface/msg/detail/nav_min_utc__struct.hpp
[4.882s] -- Symlinking: /home/wheeltec/wheeltec_ros2/install/yesense_interface/include/yesense_interface/yesense_interface/msg/detail/nav_min_utc__traits.hpp
[4.901s] -- Symlinking: /home/wheeltec/wheeltec_ros2/install/yesense_interface/include/yesense_interface/yesense_interface/msg/detail/nav_min_utc__type_support.hpp
[4.918s] -- Symlinking: /home/wheeltec/wheeltec_ros2/install/yesense_interface/include/yesense_interface/yesense_interface/msg/detail/nav_status__builder.hpp
[4.935s] -- Symlinking: /home/wheeltec/wheeltec_ros2/install/yesense_interface/include/yesense_interface/yesense_interface/msg/detail/nav_status__struct.hpp
[4.953s] -- Symlinking: /home/wheeltec/wheeltec_ros2/install/yesense_interface/include/yesense_interface/yesense_interface/msg/detail/nav_status__traits.hpp
[4.970s] -- Symlinking: /home/wheeltec/wheeltec_ros2/install/yesense_interface/include/yesense_interface/yesense_interface/msg/detail/nav_status__type_support.hpp
[4.989s] -- Symlinking: /home/wheeltec/wheeltec_ros2/install/yesense_interface/include/yesense_interface/yesense_interface/msg/detail/pos_only__builder.hpp
[5.008s] -- Symlinking: /home/wheeltec/wheeltec_ros2/install/yesense_interface/include/yesense_interface/yesense_interface/msg/detail/pos_only__struct.hpp
[5.023s] -- Symlinking: /home/wheeltec/wheeltec_ros2/install/yesense_interface/include/yesense_interface/yesense_interface/msg/detail/pos_only__traits.hpp
[5.041s] -- Symlinking: /home/wheeltec/wheeltec_ros2/install/yesense_interface/include/yesense_interface/yesense_interface/msg/detail/pos_only__type_support.hpp
[5.055s] -- Symlinking: /home/wheeltec/wheeltec_ros2/install/yesense_interface/include/yesense_interface/yesense_interface/msg/detail/pressure__builder.hpp
[5.073s] -- Symlinking: /home/wheeltec/wheeltec_ros2/install/yesense_interface/include/yesense_interface/yesense_interface/msg/detail/pressure__struct.hpp
[5.090s] -- Symlinking: /home/wheeltec/wheeltec_ros2/install/yesense_interface/include/yesense_interface/yesense_interface/msg/detail/pressure__traits.hpp
[5.107s] -- Symlinking: /home/wheeltec/wheeltec_ros2/install/yesense_interface/include/yesense_interface/yesense_interface/msg/detail/pressure__type_support.hpp
[5.123s] -- Symlinking: /home/wheeltec/wheeltec_ros2/install/yesense_interface/include/yesense_interface/yesense_interface/msg/detail/quat__builder.hpp
[5.140s] -- Symlinking: /home/wheeltec/wheeltec_ros2/install/yesense_interface/include/yesense_interface/yesense_interface/msg/detail/quat__struct.hpp
[5.160s] -- Symlinking: /home/wheeltec/wheeltec_ros2/install/yesense_interface/include/yesense_interface/yesense_interface/msg/detail/quat__traits.hpp
[5.207s] -- Symlinking: /home/wheeltec/wheeltec_ros2/install/yesense_interface/include/yesense_interface/yesense_interface/msg/detail/quat__type_support.hpp
[5.224s] -- Symlinking: /home/wheeltec/wheeltec_ros2/install/yesense_interface/include/yesense_interface/yesense_interface/msg/detail/robot_lord__builder.hpp
[5.241s] -- Symlinking: /home/wheeltec/wheeltec_ros2/install/yesense_interface/include/yesense_interface/yesense_interface/msg/detail/robot_lord__struct.hpp
[5.259s] -- Symlinking: /home/wheeltec/wheeltec_ros2/install/yesense_interface/include/yesense_interface/yesense_interface/msg/detail/robot_lord__traits.hpp
[5.277s] -- Symlinking: /home/wheeltec/wheeltec_ros2/install/yesense_interface/include/yesense_interface/yesense_interface/msg/detail/robot_lord__type_support.hpp
[5.297s] -- Symlinking: /home/wheeltec/wheeltec_ros2/install/yesense_interface/include/yesense_interface/yesense_interface/msg/detail/sample_timestamp__builder.hpp
[5.315s] -- Symlinking: /home/wheeltec/wheeltec_ros2/install/yesense_interface/include/yesense_interface/yesense_interface/msg/detail/sample_timestamp__struct.hpp
[5.332s] -- Symlinking: /home/wheeltec/wheeltec_ros2/install/yesense_interface/include/yesense_interface/yesense_interface/msg/detail/sample_timestamp__traits.hpp
[5.349s] -- Symlinking: /home/wheeltec/wheeltec_ros2/install/yesense_interface/include/yesense_interface/yesense_interface/msg/detail/sample_timestamp__type_support.hpp
[5.366s] -- Symlinking: /home/wheeltec/wheeltec_ros2/install/yesense_interface/include/yesense_interface/yesense_interface/msg/detail/sensor_temp__builder.hpp
[5.383s] -- Symlinking: /home/wheeltec/wheeltec_ros2/install/yesense_interface/include/yesense_interface/yesense_interface/msg/detail/sensor_temp__struct.hpp
[5.399s] -- Symlinking: /home/wheeltec/wheeltec_ros2/install/yesense_interface/include/yesense_interface/yesense_interface/msg/detail/sensor_temp__traits.hpp
[5.414s] -- Symlinking: /home/wheeltec/wheeltec_ros2/install/yesense_interface/include/yesense_interface/yesense_interface/msg/detail/sensor_temp__type_support.hpp
[5.430s] -- Symlinking: /home/wheeltec/wheeltec_ros2/install/yesense_interface/include/yesense_interface/yesense_interface/msg/detail/three_axis__builder.hpp
[5.451s] -- Symlinking: /home/wheeltec/wheeltec_ros2/install/yesense_interface/include/yesense_interface/yesense_interface/msg/detail/three_axis__struct.hpp
[5.469s] -- Symlinking: /home/wheeltec/wheeltec_ros2/install/yesense_interface/include/yesense_interface/yesense_interface/msg/detail/three_axis__traits.hpp
[5.487s] -- Symlinking: /home/wheeltec/wheeltec_ros2/install/yesense_interface/include/yesense_interface/yesense_interface/msg/detail/three_axis__type_support.hpp
[5.511s] -- Symlinking: /home/wheeltec/wheeltec_ros2/install/yesense_interface/include/yesense_interface/yesense_interface/msg/detail/tid__builder.hpp
[5.533s] -- Symlinking: /home/wheeltec/wheeltec_ros2/install/yesense_interface/include/yesense_interface/yesense_interface/msg/detail/tid__struct.hpp
[5.551s] -- Symlinking: /home/wheeltec/wheeltec_ros2/install/yesense_interface/include/yesense_interface/yesense_interface/msg/detail/tid__traits.hpp
[5.568s] -- Symlinking: /home/wheeltec/wheeltec_ros2/install/yesense_interface/include/yesense_interface/yesense_interface/msg/detail/tid__type_support.hpp
[5.588s] -- Symlinking: /home/wheeltec/wheeltec_ros2/install/yesense_interface/include/yesense_interface/yesense_interface/msg/detail/utc__builder.hpp
[5.610s] -- Symlinking: /home/wheeltec/wheeltec_ros2/install/yesense_interface/include/yesense_interface/yesense_interface/msg/detail/utc__struct.hpp
[5.627s] -- Symlinking: /home/wheeltec/wheeltec_ros2/install/yesense_interface/include/yesense_interface/yesense_interface/msg/detail/utc__traits.hpp
[5.642s] -- Symlinking: /home/wheeltec/wheeltec_ros2/install/yesense_interface/include/yesense_interface/yesense_interface/msg/detail/utc__type_support.hpp
[5.660s] -- Symlinking: /home/wheeltec/wheeltec_ros2/install/yesense_interface/include/yesense_interface/yesense_interface/msg/detail/vel__builder.hpp
[5.678s] -- Symlinking: /home/wheeltec/wheeltec_ros2/install/yesense_interface/include/yesense_interface/yesense_interface/msg/detail/vel__struct.hpp
[5.693s] -- Symlinking: /home/wheeltec/wheeltec_ros2/install/yesense_interface/include/yesense_interface/yesense_interface/msg/detail/vel__traits.hpp
[5.711s] -- Symlinking: /home/wheeltec/wheeltec_ros2/install/yesense_interface/include/yesense_interface/yesense_interface/msg/detail/vel__type_support.hpp
[5.729s] -- Symlinking: /home/wheeltec/wheeltec_ros2/install/yesense_interface/include/yesense_interface/yesense_interface/msg/euler_angle.hpp
[5.745s] -- Symlinking: /home/wheeltec/wheeltec_ros2/install/yesense_interface/include/yesense_interface/yesense_interface/msg/euler_only.hpp
[5.767s] -- Symlinking: /home/wheeltec/wheeltec_ros2/install/yesense_interface/include/yesense_interface/yesense_interface/msg/gnss_pos.hpp
[5.814s] -- Symlinking: /home/wheeltec/wheeltec_ros2/install/yesense_interface/include/yesense_interface/yesense_interface/msg/imu_data.hpp
[5.832s] -- Symlinking: /home/wheeltec/wheeltec_ros2/install/yesense_interface/include/yesense_interface/yesense_interface/msg/imu_data_ten_axis.hpp
[5.852s] -- Symlinking: /home/wheeltec/wheeltec_ros2/install/yesense_interface/include/yesense_interface/yesense_interface/msg/nav_all.hpp
[5.868s] -- Symlinking: /home/wheeltec/wheeltec_ros2/install/yesense_interface/include/yesense_interface/yesense_interface/msg/nav_min.hpp
[5.885s] -- Symlinking: /home/wheeltec/wheeltec_ros2/install/yesense_interface/include/yesense_interface/yesense_interface/msg/nav_min_utc.hpp
[5.904s] -- Symlinking: /home/wheeltec/wheeltec_ros2/install/yesense_interface/include/yesense_interface/yesense_interface/msg/nav_status.hpp
[5.918s] -- Symlinking: /home/wheeltec/wheeltec_ros2/install/yesense_interface/include/yesense_interface/yesense_interface/msg/pos_only.hpp
[5.934s] -- Symlinking: /home/wheeltec/wheeltec_ros2/install/yesense_interface/include/yesense_interface/yesense_interface/msg/pressure.hpp
[5.948s] -- Symlinking: /home/wheeltec/wheeltec_ros2/install/yesense_interface/include/yesense_interface/yesense_interface/msg/quat.hpp
[5.966s] -- Symlinking: /home/wheeltec/wheeltec_ros2/install/yesense_interface/include/yesense_interface/yesense_interface/msg/robot_lord.hpp
[5.982s] -- Symlinking: /home/wheeltec/wheeltec_ros2/install/yesense_interface/include/yesense_interface/yesense_interface/msg/rosidl_generator_cpp__visibility_control.hpp
[5.998s] -- Symlinking: /home/wheeltec/wheeltec_ros2/install/yesense_interface/include/yesense_interface/yesense_interface/msg/sample_timestamp.hpp
[6.015s] -- Symlinking: /home/wheeltec/wheeltec_ros2/install/yesense_interface/include/yesense_interface/yesense_interface/msg/sensor_temp.hpp
[6.031s] -- Symlinking: /home/wheeltec/wheeltec_ros2/install/yesense_interface/include/yesense_interface/yesense_interface/msg/three_axis.hpp
[6.048s] -- Symlinking: /home/wheeltec/wheeltec_ros2/install/yesense_interface/include/yesense_interface/yesense_interface/msg/tid.hpp
[6.068s] -- Symlinking: /home/wheeltec/wheeltec_ros2/install/yesense_interface/include/yesense_interface/yesense_interface/msg/utc.hpp
[6.087s] -- Symlinking: /home/wheeltec/wheeltec_ros2/install/yesense_interface/include/yesense_interface/yesense_interface/msg/vel.hpp
[6.107s] -- Symlinking: /home/wheeltec/wheeltec_ros2/install/yesense_interface/include/yesense_interface/yesense_interface/msg/detail/attitude_all_data__rosidl_typesupport_fastrtps_cpp.hpp
[6.122s] -- Symlinking: /home/wheeltec/wheeltec_ros2/install/yesense_interface/include/yesense_interface/yesense_interface/msg/detail/attitude_min_ahrs__rosidl_typesupport_fastrtps_cpp.hpp
[6.138s] -- Symlinking: /home/wheeltec/wheeltec_ros2/install/yesense_interface/include/yesense_interface/yesense_interface/msg/detail/attitude_min_vru__rosidl_typesupport_fastrtps_cpp.hpp
[6.153s] -- Symlinking: /home/wheeltec/wheeltec_ros2/install/yesense_interface/include/yesense_interface/yesense_interface/msg/detail/euler_angle__rosidl_typesupport_fastrtps_cpp.hpp
[6.172s] -- Symlinking: /home/wheeltec/wheeltec_ros2/install/yesense_interface/include/yesense_interface/yesense_interface/msg/detail/euler_only__rosidl_typesupport_fastrtps_cpp.hpp
[6.191s] -- Symlinking: /home/wheeltec/wheeltec_ros2/install/yesense_interface/include/yesense_interface/yesense_interface/msg/detail/gnss_pos__rosidl_typesupport_fastrtps_cpp.hpp
[6.210s] -- Symlinking: /home/wheeltec/wheeltec_ros2/install/yesense_interface/include/yesense_interface/yesense_interface/msg/detail/imu_data__rosidl_typesupport_fastrtps_cpp.hpp
[6.224s] -- Symlinking: /home/wheeltec/wheeltec_ros2/install/yesense_interface/include/yesense_interface/yesense_interface/msg/detail/imu_data_ten_axis__rosidl_typesupport_fastrtps_cpp.hpp
[6.243s] -- Symlinking: /home/wheeltec/wheeltec_ros2/install/yesense_interface/include/yesense_interface/yesense_interface/msg/detail/nav_all__rosidl_typesupport_fastrtps_cpp.hpp
[6.259s] -- Symlinking: /home/wheeltec/wheeltec_ros2/install/yesense_interface/include/yesense_interface/yesense_interface/msg/detail/nav_min__rosidl_typesupport_fastrtps_cpp.hpp
[6.277s] -- Symlinking: /home/wheeltec/wheeltec_ros2/install/yesense_interface/include/yesense_interface/yesense_interface/msg/detail/nav_min_utc__rosidl_typesupport_fastrtps_cpp.hpp
[6.293s] -- Symlinking: /home/wheeltec/wheeltec_ros2/install/yesense_interface/include/yesense_interface/yesense_interface/msg/detail/nav_status__rosidl_typesupport_fastrtps_cpp.hpp
[6.309s] -- Symlinking: /home/wheeltec/wheeltec_ros2/install/yesense_interface/include/yesense_interface/yesense_interface/msg/detail/pos_only__rosidl_typesupport_fastrtps_cpp.hpp
[6.326s] -- Symlinking: /home/wheeltec/wheeltec_ros2/install/yesense_interface/include/yesense_interface/yesense_interface/msg/detail/pressure__rosidl_typesupport_fastrtps_cpp.hpp
[6.342s] -- Symlinking: /home/wheeltec/wheeltec_ros2/install/yesense_interface/include/yesense_interface/yesense_interface/msg/detail/quat__rosidl_typesupport_fastrtps_cpp.hpp
[6.358s] -- Symlinking: /home/wheeltec/wheeltec_ros2/install/yesense_interface/include/yesense_interface/yesense_interface/msg/detail/robot_lord__rosidl_typesupport_fastrtps_cpp.hpp
[6.376s] -- Symlinking: /home/wheeltec/wheeltec_ros2/install/yesense_interface/include/yesense_interface/yesense_interface/msg/detail/sample_timestamp__rosidl_typesupport_fastrtps_cpp.hpp
[6.394s] -- Symlinking: /home/wheeltec/wheeltec_ros2/install/yesense_interface/include/yesense_interface/yesense_interface/msg/detail/sensor_temp__rosidl_typesupport_fastrtps_cpp.hpp
[6.418s] -- Symlinking: /home/wheeltec/wheeltec_ros2/install/yesense_interface/include/yesense_interface/yesense_interface/msg/detail/three_axis__rosidl_typesupport_fastrtps_cpp.hpp
[6.437s] -- Symlinking: /home/wheeltec/wheeltec_ros2/install/yesense_interface/include/yesense_interface/yesense_interface/msg/detail/tid__rosidl_typesupport_fastrtps_cpp.hpp
[6.456s] -- Symlinking: /home/wheeltec/wheeltec_ros2/install/yesense_interface/include/yesense_interface/yesense_interface/msg/detail/utc__rosidl_typesupport_fastrtps_cpp.hpp
[6.476s] -- Symlinking: /home/wheeltec/wheeltec_ros2/install/yesense_interface/include/yesense_interface/yesense_interface/msg/detail/vel__rosidl_typesupport_fastrtps_cpp.hpp
[6.495s] -- Symlinking: /home/wheeltec/wheeltec_ros2/install/yesense_interface/include/yesense_interface/yesense_interface/msg/rosidl_typesupport_fastrtps_cpp__visibility_control.h
[6.516s] -- Symlinking: /home/wheeltec/wheeltec_ros2/install/yesense_interface/include/yesense_interface/yesense_interface/msg/detail/attitude_all_data__rosidl_typesupport_introspection_cpp.hpp
[6.533s] -- Symlinking: /home/wheeltec/wheeltec_ros2/install/yesense_interface/include/yesense_interface/yesense_interface/msg/detail/attitude_min_ahrs__rosidl_typesupport_introspection_cpp.hpp
[6.551s] -- Symlinking: /home/wheeltec/wheeltec_ros2/install/yesense_interface/include/yesense_interface/yesense_interface/msg/detail/attitude_min_vru__rosidl_typesupport_introspection_cpp.hpp
[6.572s] -- Symlinking: /home/wheeltec/wheeltec_ros2/install/yesense_interface/include/yesense_interface/yesense_interface/msg/detail/euler_angle__rosidl_typesupport_introspection_cpp.hpp
[6.590s] -- Symlinking: /home/wheeltec/wheeltec_ros2/install/yesense_interface/include/yesense_interface/yesense_interface/msg/detail/euler_only__rosidl_typesupport_introspection_cpp.hpp
[6.607s] -- Symlinking: /home/wheeltec/wheeltec_ros2/install/yesense_interface/include/yesense_interface/yesense_interface/msg/detail/gnss_pos__rosidl_typesupport_introspection_cpp.hpp
[6.625s] -- Symlinking: /home/wheeltec/wheeltec_ros2/install/yesense_interface/include/yesense_interface/yesense_interface/msg/detail/imu_data__rosidl_typesupport_introspection_cpp.hpp
[6.642s] -- Symlinking: /home/wheeltec/wheeltec_ros2/install/yesense_interface/include/yesense_interface/yesense_interface/msg/detail/imu_data_ten_axis__rosidl_typesupport_introspection_cpp.hpp
[6.660s] -- Symlinking: /home/wheeltec/wheeltec_ros2/install/yesense_interface/include/yesense_interface/yesense_interface/msg/detail/nav_all__rosidl_typesupport_introspection_cpp.hpp
[6.678s] -- Symlinking: /home/wheeltec/wheeltec_ros2/install/yesense_interface/include/yesense_interface/yesense_interface/msg/detail/nav_min__rosidl_typesupport_introspection_cpp.hpp
[6.698s] -- Symlinking: /home/wheeltec/wheeltec_ros2/install/yesense_interface/include/yesense_interface/yesense_interface/msg/detail/nav_min_utc__rosidl_typesupport_introspection_cpp.hpp
[6.714s] -- Symlinking: /home/wheeltec/wheeltec_ros2/install/yesense_interface/include/yesense_interface/yesense_interface/msg/detail/nav_status__rosidl_typesupport_introspection_cpp.hpp
[6.732s] -- Symlinking: /home/wheeltec/wheeltec_ros2/install/yesense_interface/include/yesense_interface/yesense_interface/msg/detail/pos_only__rosidl_typesupport_introspection_cpp.hpp
[6.748s] -- Symlinking: /home/wheeltec/wheeltec_ros2/install/yesense_interface/include/yesense_interface/yesense_interface/msg/detail/pressure__rosidl_typesupport_introspection_cpp.hpp
[6.762s] -- Symlinking: /home/wheeltec/wheeltec_ros2/install/yesense_interface/include/yesense_interface/yesense_interface/msg/detail/quat__rosidl_typesupport_introspection_cpp.hpp
[6.779s] -- Symlinking: /home/wheeltec/wheeltec_ros2/install/yesense_interface/include/yesense_interface/yesense_interface/msg/detail/robot_lord__rosidl_typesupport_introspection_cpp.hpp
[6.796s] -- Symlinking: /home/wheeltec/wheeltec_ros2/install/yesense_interface/include/yesense_interface/yesense_interface/msg/detail/sample_timestamp__rosidl_typesupport_introspection_cpp.hpp
[6.813s] -- Symlinking: /home/wheeltec/wheeltec_ros2/install/yesense_interface/include/yesense_interface/yesense_interface/msg/detail/sensor_temp__rosidl_typesupport_introspection_cpp.hpp
[6.828s] -- Symlinking: /home/wheeltec/wheeltec_ros2/install/yesense_interface/include/yesense_interface/yesense_interface/msg/detail/three_axis__rosidl_typesupport_introspection_cpp.hpp
[6.846s] -- Symlinking: /home/wheeltec/wheeltec_ros2/install/yesense_interface/include/yesense_interface/yesense_interface/msg/detail/tid__rosidl_typesupport_introspection_cpp.hpp
[6.866s] -- Symlinking: /home/wheeltec/wheeltec_ros2/install/yesense_interface/include/yesense_interface/yesense_interface/msg/detail/utc__rosidl_typesupport_introspection_cpp.hpp
[6.888s] -- Symlinking: /home/wheeltec/wheeltec_ros2/install/yesense_interface/include/yesense_interface/yesense_interface/msg/detail/vel__rosidl_typesupport_introspection_cpp.hpp
[6.909s] -- Symlinking: /home/wheeltec/wheeltec_ros2/install/yesense_interface/share/yesense_interface/environment/pythonpath.sh
[6.936s] -- Symlinking: /home/wheeltec/wheeltec_ros2/install/yesense_interface/share/yesense_interface/environment/pythonpath.dsv
[6.953s] -- Symlinking: /home/wheeltec/wheeltec_ros2/install/yesense_interface/local/lib/python3.10/dist-packages/yesense_interface-1.0.0-py3.10.egg-info/PKG-INFO
[6.971s] -- Symlinking: /home/wheeltec/wheeltec_ros2/install/yesense_interface/local/lib/python3.10/dist-packages/yesense_interface-1.0.0-py3.10.egg-info/SOURCES.txt
[6.989s] -- Symlinking: /home/wheeltec/wheeltec_ros2/install/yesense_interface/local/lib/python3.10/dist-packages/yesense_interface-1.0.0-py3.10.egg-info/dependency_links.txt
[7.003s] -- Symlinking: /home/wheeltec/wheeltec_ros2/install/yesense_interface/local/lib/python3.10/dist-packages/yesense_interface-1.0.0-py3.10.egg-info/top_level.txt
[7.021s] -- Symlinking: /home/wheeltec/wheeltec_ros2/install/yesense_interface/local/lib/python3.10/dist-packages/yesense_interface/__init__.py
[7.043s] -- Symlinking: /home/wheeltec/wheeltec_ros2/install/yesense_interface/local/lib/python3.10/dist-packages/yesense_interface/_yesense_interface_s.ep.rosidl_typesupport_c.c
[7.065s] -- Symlinking: /home/wheeltec/wheeltec_ros2/install/yesense_interface/local/lib/python3.10/dist-packages/yesense_interface/_yesense_interface_s.ep.rosidl_typesupport_fastrtps_c.c
[7.083s] -- Symlinking: /home/wheeltec/wheeltec_ros2/install/yesense_interface/local/lib/python3.10/dist-packages/yesense_interface/_yesense_interface_s.ep.rosidl_typesupport_introspection_c.c
[7.125s] -- Symlinking: /home/wheeltec/wheeltec_ros2/install/yesense_interface/local/lib/python3.10/dist-packages/yesense_interface/libyesense_interface__rosidl_generator_py.so
[7.156s] -- Symlinking: /home/wheeltec/wheeltec_ros2/install/yesense_interface/local/lib/python3.10/dist-packages/yesense_interface/msg/__init__.py
[7.172s] -- Symlinking: /home/wheeltec/wheeltec_ros2/install/yesense_interface/local/lib/python3.10/dist-packages/yesense_interface/msg/_attitude_all_data.py
[7.188s] -- Symlinking: /home/wheeltec/wheeltec_ros2/install/yesense_interface/local/lib/python3.10/dist-packages/yesense_interface/msg/_attitude_all_data_s.c
[7.204s] -- Symlinking: /home/wheeltec/wheeltec_ros2/install/yesense_interface/local/lib/python3.10/dist-packages/yesense_interface/msg/_attitude_min_ahrs.py
[7.220s] -- Symlinking: /home/wheeltec/wheeltec_ros2/install/yesense_interface/local/lib/python3.10/dist-packages/yesense_interface/msg/_attitude_min_ahrs_s.c
[7.236s] -- Symlinking: /home/wheeltec/wheeltec_ros2/install/yesense_interface/local/lib/python3.10/dist-packages/yesense_interface/msg/_attitude_min_vru.py
[7.267s] -- Symlinking: /home/wheeltec/wheeltec_ros2/install/yesense_interface/local/lib/python3.10/dist-packages/yesense_interface/msg/_attitude_min_vru_s.c
[7.283s] -- Symlinking: /home/wheeltec/wheeltec_ros2/install/yesense_interface/local/lib/python3.10/dist-packages/yesense_interface/msg/_euler_angle.py
[7.298s] -- Symlinking: /home/wheeltec/wheeltec_ros2/install/yesense_interface/local/lib/python3.10/dist-packages/yesense_interface/msg/_euler_angle_s.c
[7.315s] -- Symlinking: /home/wheeltec/wheeltec_ros2/install/yesense_interface/local/lib/python3.10/dist-packages/yesense_interface/msg/_euler_only.py
[7.329s] -- Symlinking: /home/wheeltec/wheeltec_ros2/install/yesense_interface/local/lib/python3.10/dist-packages/yesense_interface/msg/_euler_only_s.c
[7.347s] -- Symlinking: /home/wheeltec/wheeltec_ros2/install/yesense_interface/local/lib/python3.10/dist-packages/yesense_interface/msg/_gnss_pos.py
[7.364s] -- Symlinking: /home/wheeltec/wheeltec_ros2/install/yesense_interface/local/lib/python3.10/dist-packages/yesense_interface/msg/_gnss_pos_s.c
[7.380s] -- Symlinking: /home/wheeltec/wheeltec_ros2/install/yesense_interface/local/lib/python3.10/dist-packages/yesense_interface/msg/_imu_data.py
[7.399s] -- Symlinking: /home/wheeltec/wheeltec_ros2/install/yesense_interface/local/lib/python3.10/dist-packages/yesense_interface/msg/_imu_data_s.c
[7.419s] -- Symlinking: /home/wheeltec/wheeltec_ros2/install/yesense_interface/local/lib/python3.10/dist-packages/yesense_interface/msg/_imu_data_ten_axis.py
[7.448s] -- Symlinking: /home/wheeltec/wheeltec_ros2/install/yesense_interface/local/lib/python3.10/dist-packages/yesense_interface/msg/_imu_data_ten_axis_s.c
[7.480s] -- Symlinking: /home/wheeltec/wheeltec_ros2/install/yesense_interface/local/lib/python3.10/dist-packages/yesense_interface/msg/_nav_all.py
[7.497s] -- Symlinking: /home/wheeltec/wheeltec_ros2/install/yesense_interface/local/lib/python3.10/dist-packages/yesense_interface/msg/_nav_all_s.c
[7.520s] -- Symlinking: /home/wheeltec/wheeltec_ros2/install/yesense_interface/local/lib/python3.10/dist-packages/yesense_interface/msg/_nav_min.py
[7.547s] -- Symlinking: /home/wheeltec/wheeltec_ros2/install/yesense_interface/local/lib/python3.10/dist-packages/yesense_interface/msg/_nav_min_s.c
[7.567s] -- Symlinking: /home/wheeltec/wheeltec_ros2/install/yesense_interface/local/lib/python3.10/dist-packages/yesense_interface/msg/_nav_min_utc.py
[7.584s] -- Symlinking: /home/wheeltec/wheeltec_ros2/install/yesense_interface/local/lib/python3.10/dist-packages/yesense_interface/msg/_nav_min_utc_s.c
[7.599s] -- Symlinking: /home/wheeltec/wheeltec_ros2/install/yesense_interface/local/lib/python3.10/dist-packages/yesense_interface/msg/_nav_status.py
[7.621s] -- Symlinking: /home/wheeltec/wheeltec_ros2/install/yesense_interface/local/lib/python3.10/dist-packages/yesense_interface/msg/_nav_status_s.c
[7.639s] -- Symlinking: /home/wheeltec/wheeltec_ros2/install/yesense_interface/local/lib/python3.10/dist-packages/yesense_interface/msg/_pos_only.py
[7.664s] -- Symlinking: /home/wheeltec/wheeltec_ros2/install/yesense_interface/local/lib/python3.10/dist-packages/yesense_interface/msg/_pos_only_s.c
[7.704s] -- Symlinking: /home/wheeltec/wheeltec_ros2/install/yesense_interface/local/lib/python3.10/dist-packages/yesense_interface/msg/_pressure.py
[7.734s] -- Symlinking: /home/wheeltec/wheeltec_ros2/install/yesense_interface/local/lib/python3.10/dist-packages/yesense_interface/msg/_pressure_s.c
[7.756s] -- Symlinking: /home/wheeltec/wheeltec_ros2/install/yesense_interface/local/lib/python3.10/dist-packages/yesense_interface/msg/_quat.py
[7.788s] -- Symlinking: /home/wheeltec/wheeltec_ros2/install/yesense_interface/local/lib/python3.10/dist-packages/yesense_interface/msg/_quat_s.c
[7.807s] -- Symlinking: /home/wheeltec/wheeltec_ros2/install/yesense_interface/local/lib/python3.10/dist-packages/yesense_interface/msg/_robot_lord.py
[7.829s] -- Symlinking: /home/wheeltec/wheeltec_ros2/install/yesense_interface/local/lib/python3.10/dist-packages/yesense_interface/msg/_robot_lord_s.c
[7.851s] -- Symlinking: /home/wheeltec/wheeltec_ros2/install/yesense_interface/local/lib/python3.10/dist-packages/yesense_interface/msg/_sample_timestamp.py
[7.869s] -- Symlinking: /home/wheeltec/wheeltec_ros2/install/yesense_interface/local/lib/python3.10/dist-packages/yesense_interface/msg/_sample_timestamp_s.c
[7.897s] -- Symlinking: /home/wheeltec/wheeltec_ros2/install/yesense_interface/local/lib/python3.10/dist-packages/yesense_interface/msg/_sensor_temp.py
[7.928s] -- Symlinking: /home/wheeltec/wheeltec_ros2/install/yesense_interface/local/lib/python3.10/dist-packages/yesense_interface/msg/_sensor_temp_s.c
[7.944s] -- Symlinking: /home/wheeltec/wheeltec_ros2/install/yesense_interface/local/lib/python3.10/dist-packages/yesense_interface/msg/_three_axis.py
[7.965s] -- Symlinking: /home/wheeltec/wheeltec_ros2/install/yesense_interface/local/lib/python3.10/dist-packages/yesense_interface/msg/_three_axis_s.c
[7.987s] -- Symlinking: /home/wheeltec/wheeltec_ros2/install/yesense_interface/local/lib/python3.10/dist-packages/yesense_interface/msg/_tid.py
[8.023s] -- Symlinking: /home/wheeltec/wheeltec_ros2/install/yesense_interface/local/lib/python3.10/dist-packages/yesense_interface/msg/_tid_s.c
[8.061s] -- Symlinking: /home/wheeltec/wheeltec_ros2/install/yesense_interface/local/lib/python3.10/dist-packages/yesense_interface/msg/_utc.py
[8.095s] -- Symlinking: /home/wheeltec/wheeltec_ros2/install/yesense_interface/local/lib/python3.10/dist-packages/yesense_interface/msg/_utc_s.c
[8.142s] -- Symlinking: /home/wheeltec/wheeltec_ros2/install/yesense_interface/local/lib/python3.10/dist-packages/yesense_interface/msg/_vel.py
[8.172s] -- Symlinking: /home/wheeltec/wheeltec_ros2/install/yesense_interface/local/lib/python3.10/dist-packages/yesense_interface/msg/_vel_s.c
[8.189s] -- Symlinking: /home/wheeltec/wheeltec_ros2/install/yesense_interface/local/lib/python3.10/dist-packages/yesense_interface/yesense_interface_s__rosidl_typesupport_c.cpython-310-aarch64-linux-gnu.so
[8.217s] -- Symlinking: /home/wheeltec/wheeltec_ros2/install/yesense_interface/local/lib/python3.10/dist-packages/yesense_interface/yesense_interface_s__rosidl_typesupport_fastrtps_c.cpython-310-aarch64-linux-gnu.so
[8.254s] -- Symlinking: /home/wheeltec/wheeltec_ros2/install/yesense_interface/local/lib/python3.10/dist-packages/yesense_interface/yesense_interface_s__rosidl_typesupport_introspection_c.cpython-310-aarch64-linux-gnu.so
[8.274s] -- Up-to-date symlink: /home/wheeltec/wheeltec_ros2/install/yesense_interface/local/lib/python3.10/dist-packages/yesense_interface/yesense_interface_s__rosidl_typesupport_fastrtps_c.cpython-310-aarch64-linux-gnu.so
[8.274s] -- Up-to-date symlink: /home/wheeltec/wheeltec_ros2/install/yesense_interface/local/lib/python3.10/dist-packages/yesense_interface/yesense_interface_s__rosidl_typesupport_introspection_c.cpython-310-aarch64-linux-gnu.so
[8.274s] -- Up-to-date symlink: /home/wheeltec/wheeltec_ros2/install/yesense_interface/local/lib/python3.10/dist-packages/yesense_interface/yesense_interface_s__rosidl_typesupport_c.cpython-310-aarch64-linux-gnu.so
[8.275s] -- Symlinking: /home/wheeltec/wheeltec_ros2/install/yesense_interface/share/yesense_interface/msg/Tid.idl
[8.301s] -- Symlinking: /home/wheeltec/wheeltec_ros2/install/yesense_interface/share/yesense_interface/msg/ThreeAxis.idl
[8.328s] -- Symlinking: /home/wheeltec/wheeltec_ros2/install/yesense_interface/share/yesense_interface/msg/SensorTemp.idl
[8.358s] -- Symlinking: /home/wheeltec/wheeltec_ros2/install/yesense_interface/share/yesense_interface/msg/Pressure.idl
[8.383s] -- Symlinking: /home/wheeltec/wheeltec_ros2/install/yesense_interface/share/yesense_interface/msg/EulerAngle.idl
[8.419s] -- Symlinking: /home/wheeltec/wheeltec_ros2/install/yesense_interface/share/yesense_interface/msg/Quat.idl
[8.447s] -- Symlinking: /home/wheeltec/wheeltec_ros2/install/yesense_interface/share/yesense_interface/msg/GnssPos.idl
[8.486s] -- Symlinking: /home/wheeltec/wheeltec_ros2/install/yesense_interface/share/yesense_interface/msg/NavStatus.idl
[8.519s] -- Symlinking: /home/wheeltec/wheeltec_ros2/install/yesense_interface/share/yesense_interface/msg/Vel.idl
[8.582s] -- Symlinking: /home/wheeltec/wheeltec_ros2/install/yesense_interface/share/yesense_interface/msg/Utc.idl
[8.602s] -- Symlinking: /home/wheeltec/wheeltec_ros2/install/yesense_interface/share/yesense_interface/msg/SampleTimestamp.idl
[8.629s] -- Symlinking: /home/wheeltec/wheeltec_ros2/install/yesense_interface/share/yesense_interface/msg/ImuData.idl
[8.661s] -- Symlinking: /home/wheeltec/wheeltec_ros2/install/yesense_interface/share/yesense_interface/msg/ImuDataTenAxis.idl
[8.696s] -- Symlinking: /home/wheeltec/wheeltec_ros2/install/yesense_interface/share/yesense_interface/msg/EulerOnly.idl
[8.729s] -- Symlinking: /home/wheeltec/wheeltec_ros2/install/yesense_interface/share/yesense_interface/msg/RobotLord.idl
[8.747s] -- Symlinking: /home/wheeltec/wheeltec_ros2/install/yesense_interface/share/yesense_interface/msg/AttitudeMinVru.idl
[8.770s] -- Symlinking: /home/wheeltec/wheeltec_ros2/install/yesense_interface/share/yesense_interface/msg/AttitudeMinAhrs.idl
[8.799s] -- Symlinking: /home/wheeltec/wheeltec_ros2/install/yesense_interface/share/yesense_interface/msg/AttitudeAllData.idl
[8.834s] -- Symlinking: /home/wheeltec/wheeltec_ros2/install/yesense_interface/share/yesense_interface/msg/PosOnly.idl
[8.852s] -- Symlinking: /home/wheeltec/wheeltec_ros2/install/yesense_interface/share/yesense_interface/msg/NavMin.idl
[8.881s] -- Symlinking: /home/wheeltec/wheeltec_ros2/install/yesense_interface/share/yesense_interface/msg/NavMinUtc.idl
[8.909s] -- Symlinking: /home/wheeltec/wheeltec_ros2/install/yesense_interface/share/yesense_interface/msg/NavAll.idl
[8.949s] -- Symlinking: /home/wheeltec/wheeltec_ros2/install/yesense_interface/share/yesense_interface/msg/Tid.msg
[8.970s] -- Symlinking: /home/wheeltec/wheeltec_ros2/install/yesense_interface/share/yesense_interface/msg/ThreeAxis.msg
[8.993s] -- Symlinking: /home/wheeltec/wheeltec_ros2/install/yesense_interface/share/yesense_interface/msg/SensorTemp.msg
[9.020s] -- Symlinking: /home/wheeltec/wheeltec_ros2/install/yesense_interface/share/yesense_interface/msg/Pressure.msg
[9.049s] -- Symlinking: /home/wheeltec/wheeltec_ros2/install/yesense_interface/share/yesense_interface/msg/EulerAngle.msg
[9.084s] -- Symlinking: /home/wheeltec/wheeltec_ros2/install/yesense_interface/share/yesense_interface/msg/Quat.msg
[9.111s] -- Symlinking: /home/wheeltec/wheeltec_ros2/install/yesense_interface/share/yesense_interface/msg/GnssPos.msg
[9.147s] -- Symlinking: /home/wheeltec/wheeltec_ros2/install/yesense_interface/share/yesense_interface/msg/NavStatus.msg
[9.179s] -- Symlinking: /home/wheeltec/wheeltec_ros2/install/yesense_interface/share/yesense_interface/msg/Vel.msg
[9.212s] -- Symlinking: /home/wheeltec/wheeltec_ros2/install/yesense_interface/share/yesense_interface/msg/Utc.msg
[9.251s] -- Symlinking: /home/wheeltec/wheeltec_ros2/install/yesense_interface/share/yesense_interface/msg/SampleTimestamp.msg
[9.272s] -- Symlinking: /home/wheeltec/wheeltec_ros2/install/yesense_interface/share/yesense_interface/msg/ImuData.msg
[9.307s] -- Symlinking: /home/wheeltec/wheeltec_ros2/install/yesense_interface/share/yesense_interface/msg/ImuDataTenAxis.msg
[9.347s] -- Symlinking: /home/wheeltec/wheeltec_ros2/install/yesense_interface/share/yesense_interface/msg/EulerOnly.msg
[9.388s] -- Symlinking: /home/wheeltec/wheeltec_ros2/install/yesense_interface/share/yesense_interface/msg/RobotLord.msg
[9.423s] -- Symlinking: /home/wheeltec/wheeltec_ros2/install/yesense_interface/share/yesense_interface/msg/AttitudeMinVru.msg
[9.456s] -- Symlinking: /home/wheeltec/wheeltec_ros2/install/yesense_interface/share/yesense_interface/msg/AttitudeMinAhrs.msg
[9.475s] -- Symlinking: /home/wheeltec/wheeltec_ros2/install/yesense_interface/share/yesense_interface/msg/AttitudeAllData.msg
[9.508s] -- Symlinking: /home/wheeltec/wheeltec_ros2/install/yesense_interface/share/yesense_interface/msg/PosOnly.msg
[9.529s] -- Symlinking: /home/wheeltec/wheeltec_ros2/install/yesense_interface/share/yesense_interface/msg/NavMin.msg
[9.564s] -- Symlinking: /home/wheeltec/wheeltec_ros2/install/yesense_interface/share/yesense_interface/msg/NavMinUtc.msg
[9.603s] -- Symlinking: /home/wheeltec/wheeltec_ros2/install/yesense_interface/share/yesense_interface/msg/NavAll.msg
[9.636s] -- Symlinking: /home/wheeltec/wheeltec_ros2/install/yesense_interface/share/ament_index/resource_index/package_run_dependencies/yesense_interface
[9.668s] -- Symlinking: /home/wheeltec/wheeltec_ros2/install/yesense_interface/share/ament_index/resource_index/parent_prefix_path/yesense_interface
[9.704s] -- Symlinking: /home/wheeltec/wheeltec_ros2/install/yesense_interface/share/yesense_interface/environment/ament_prefix_path.sh
[9.721s] -- Symlinking: /home/wheeltec/wheeltec_ros2/install/yesense_interface/share/yesense_interface/environment/ament_prefix_path.dsv
[9.739s] -- Symlinking: /home/wheeltec/wheeltec_ros2/install/yesense_interface/share/yesense_interface/environment/path.sh
[9.773s] -- Symlinking: /home/wheeltec/wheeltec_ros2/install/yesense_interface/share/yesense_interface/environment/path.dsv
[9.806s] -- Symlinking: /home/wheeltec/wheeltec_ros2/install/yesense_interface/share/yesense_interface/local_setup.bash
[9.843s] -- Symlinking: /home/wheeltec/wheeltec_ros2/install/yesense_interface/share/yesense_interface/local_setup.sh
[9.876s] -- Symlinking: /home/wheeltec/wheeltec_ros2/install/yesense_interface/share/yesense_interface/local_setup.zsh
[9.912s] -- Symlinking: /home/wheeltec/wheeltec_ros2/install/yesense_interface/share/yesense_interface/local_setup.dsv
[9.952s] -- Symlinking: /home/wheeltec/wheeltec_ros2/install/yesense_interface/share/yesense_interface/package.dsv
[9.964s] -- Symlinking: /home/wheeltec/wheeltec_ros2/install/yesense_interface/share/ament_index/resource_index/packages/yesense_interface
[9.982s] -- Symlinking: /home/wheeltec/wheeltec_ros2/install/yesense_interface/share/yesense_interface/cmake/rosidl_cmake-extras.cmake
[10.000s] -- Symlinking: /home/wheeltec/wheeltec_ros2/install/yesense_interface/share/yesense_interface/cmake/ament_cmake_export_include_directories-extras.cmake
[10.017s] -- Symlinking: /home/wheeltec/wheeltec_ros2/install/yesense_interface/share/yesense_interface/cmake/ament_cmake_export_libraries-extras.cmake
[10.049s] -- Symlinking: /home/wheeltec/wheeltec_ros2/install/yesense_interface/share/yesense_interface/cmake/ament_cmake_export_targets-extras.cmake
[10.073s] -- Symlinking: /home/wheeltec/wheeltec_ros2/install/yesense_interface/share/yesense_interface/cmake/rosidl_cmake_export_typesupport_targets-extras.cmake
[10.112s] -- Symlinking: /home/wheeltec/wheeltec_ros2/install/yesense_interface/share/yesense_interface/cmake/ament_cmake_export_dependencies-extras.cmake
[10.147s] -- Symlinking: /home/wheeltec/wheeltec_ros2/install/yesense_interface/share/yesense_interface/cmake/rosidl_cmake_export_typesupport_libraries-extras.cmake
[10.173s] -- Symlinking: /home/wheeltec/wheeltec_ros2/install/yesense_interface/share/yesense_interface/cmake/yesense_interfaceConfig.cmake
[10.217s] -- Symlinking: /home/wheeltec/wheeltec_ros2/install/yesense_interface/share/yesense_interface/cmake/yesense_interfaceConfig-version.cmake
[10.236s] -- Symlinking: /home/wheeltec/wheeltec_ros2/install/yesense_interface/share/yesense_interface/package.xml
[10.255s] -- Installing: /home/wheeltec/wheeltec_ros2/install/yesense_interface/lib/libyesense_interface__rosidl_generator_c.so
[10.256s] -- Set runtime path of "/home/wheeltec/wheeltec_ros2/install/yesense_interface/lib/libyesense_interface__rosidl_generator_c.so" to ""
[10.256s] -- Installing: /home/wheeltec/wheeltec_ros2/install/yesense_interface/lib/libyesense_interface__rosidl_typesupport_fastrtps_c.so
[10.256s] -- Set runtime path of "/home/wheeltec/wheeltec_ros2/install/yesense_interface/lib/libyesense_interface__rosidl_typesupport_fastrtps_c.so" to ""
[10.256s] -- Installing: /home/wheeltec/wheeltec_ros2/install/yesense_interface/lib/libyesense_interface__rosidl_typesupport_introspection_c.so
[10.257s] -- Set runtime path of "/home/wheeltec/wheeltec_ros2/install/yesense_interface/lib/libyesense_interface__rosidl_typesupport_introspection_c.so" to ""
[10.257s] -- Installing: /home/wheeltec/wheeltec_ros2/install/yesense_interface/lib/libyesense_interface__rosidl_typesupport_c.so
[10.257s] -- Set runtime path of "/home/wheeltec/wheeltec_ros2/install/yesense_interface/lib/libyesense_interface__rosidl_typesupport_c.so" to ""
[10.258s] -- Installing: /home/wheeltec/wheeltec_ros2/install/yesense_interface/lib/libyesense_interface__rosidl_typesupport_fastrtps_cpp.so
[10.258s] -- Set runtime path of "/home/wheeltec/wheeltec_ros2/install/yesense_interface/lib/libyesense_interface__rosidl_typesupport_fastrtps_cpp.so" to ""
[10.258s] -- Installing: /home/wheeltec/wheeltec_ros2/install/yesense_interface/lib/libyesense_interface__rosidl_typesupport_introspection_cpp.so
[10.259s] -- Set runtime path of "/home/wheeltec/wheeltec_ros2/install/yesense_interface/lib/libyesense_interface__rosidl_typesupport_introspection_cpp.so" to ""
[10.259s] -- Installing: /home/wheeltec/wheeltec_ros2/install/yesense_interface/lib/libyesense_interface__rosidl_typesupport_cpp.so
[10.259s] -- Set runtime path of "/home/wheeltec/wheeltec_ros2/install/yesense_interface/lib/libyesense_interface__rosidl_typesupport_cpp.so" to ""
[10.479s] Listing '/home/wheeltec/wheeltec_ros2/install/yesense_interface/local/lib/python3.10/dist-packages/yesense_interface'...
[10.480s] Compiling '/home/wheeltec/wheeltec_ros2/install/yesense_interface/local/lib/python3.10/dist-packages/yesense_interface/__init__.py'...
[10.480s] Listing '/home/wheeltec/wheeltec_ros2/install/yesense_interface/local/lib/python3.10/dist-packages/yesense_interface/msg'...
[10.480s] Compiling '/home/wheeltec/wheeltec_ros2/install/yesense_interface/local/lib/python3.10/dist-packages/yesense_interface/msg/__init__.py'...
[10.480s] Compiling '/home/wheeltec/wheeltec_ros2/install/yesense_interface/local/lib/python3.10/dist-packages/yesense_interface/msg/_attitude_all_data.py'...
[10.480s] Compiling '/home/wheeltec/wheeltec_ros2/install/yesense_interface/local/lib/python3.10/dist-packages/yesense_interface/msg/_attitude_min_ahrs.py'...
[10.480s] Compiling '/home/wheeltec/wheeltec_ros2/install/yesense_interface/local/lib/python3.10/dist-packages/yesense_interface/msg/_attitude_min_vru.py'...
[10.480s] Compiling '/home/wheeltec/wheeltec_ros2/install/yesense_interface/local/lib/python3.10/dist-packages/yesense_interface/msg/_euler_angle.py'...
[10.480s] Compiling '/home/wheeltec/wheeltec_ros2/install/yesense_interface/local/lib/python3.10/dist-packages/yesense_interface/msg/_euler_only.py'...
[10.480s] Compiling '/home/wheeltec/wheeltec_ros2/install/yesense_interface/local/lib/python3.10/dist-packages/yesense_interface/msg/_gnss_pos.py'...
[10.481s] Compiling '/home/wheeltec/wheeltec_ros2/install/yesense_interface/local/lib/python3.10/dist-packages/yesense_interface/msg/_imu_data.py'...
[10.481s] Compiling '/home/wheeltec/wheeltec_ros2/install/yesense_interface/local/lib/python3.10/dist-packages/yesense_interface/msg/_imu_data_ten_axis.py'...
[10.481s] Compiling '/home/wheeltec/wheeltec_ros2/install/yesense_interface/local/lib/python3.10/dist-packages/yesense_interface/msg/_nav_all.py'...
[10.481s] Compiling '/home/wheeltec/wheeltec_ros2/install/yesense_interface/local/lib/python3.10/dist-packages/yesense_interface/msg/_nav_min.py'...
[10.481s] Compiling '/home/wheeltec/wheeltec_ros2/install/yesense_interface/local/lib/python3.10/dist-packages/yesense_interface/msg/_nav_min_utc.py'...
[10.481s] Compiling '/home/wheeltec/wheeltec_ros2/install/yesense_interface/local/lib/python3.10/dist-packages/yesense_interface/msg/_nav_status.py'...
[10.481s] Compiling '/home/wheeltec/wheeltec_ros2/install/yesense_interface/local/lib/python3.10/dist-packages/yesense_interface/msg/_pos_only.py'...
[10.481s] Compiling '/home/wheeltec/wheeltec_ros2/install/yesense_interface/local/lib/python3.10/dist-packages/yesense_interface/msg/_pressure.py'...
[10.482s] Compiling '/home/wheeltec/wheeltec_ros2/install/yesense_interface/local/lib/python3.10/dist-packages/yesense_interface/msg/_quat.py'...
[10.482s] Compiling '/home/wheeltec/wheeltec_ros2/install/yesense_interface/local/lib/python3.10/dist-packages/yesense_interface/msg/_robot_lord.py'...
[10.482s] Compiling '/home/wheeltec/wheeltec_ros2/install/yesense_interface/local/lib/python3.10/dist-packages/yesense_interface/msg/_sample_timestamp.py'...
[10.482s] Compiling '/home/wheeltec/wheeltec_ros2/install/yesense_interface/local/lib/python3.10/dist-packages/yesense_interface/msg/_sensor_temp.py'...
[10.482s] Compiling '/home/wheeltec/wheeltec_ros2/install/yesense_interface/local/lib/python3.10/dist-packages/yesense_interface/msg/_three_axis.py'...
[10.482s] Compiling '/home/wheeltec/wheeltec_ros2/install/yesense_interface/local/lib/python3.10/dist-packages/yesense_interface/msg/_tid.py'...
[10.482s] Compiling '/home/wheeltec/wheeltec_ros2/install/yesense_interface/local/lib/python3.10/dist-packages/yesense_interface/msg/_utc.py'...
[10.482s] Compiling '/home/wheeltec/wheeltec_ros2/install/yesense_interface/local/lib/python3.10/dist-packages/yesense_interface/msg/_vel.py'...
[10.503s] -- Installing: /home/wheeltec/wheeltec_ros2/install/yesense_interface/lib/libyesense_interface__rosidl_generator_py.so
[10.503s] -- Set runtime path of "/home/wheeltec/wheeltec_ros2/install/yesense_interface/lib/libyesense_interface__rosidl_generator_py.so" to ""
[10.503s] -- Installing: /home/wheeltec/wheeltec_ros2/install/yesense_interface/share/yesense_interface/cmake/export_yesense_interface__rosidl_generator_cExport.cmake
[10.503s] -- Installing: /home/wheeltec/wheeltec_ros2/install/yesense_interface/share/yesense_interface/cmake/export_yesense_interface__rosidl_generator_cExport-noconfig.cmake
[10.503s] -- Installing: /home/wheeltec/wheeltec_ros2/install/yesense_interface/share/yesense_interface/cmake/export_yesense_interface__rosidl_typesupport_fastrtps_cExport.cmake
[10.504s] -- Installing: /home/wheeltec/wheeltec_ros2/install/yesense_interface/share/yesense_interface/cmake/export_yesense_interface__rosidl_typesupport_fastrtps_cExport-noconfig.cmake
[10.504s] -- Installing: /home/wheeltec/wheeltec_ros2/install/yesense_interface/share/yesense_interface/cmake/yesense_interface__rosidl_typesupport_introspection_cExport.cmake
[10.504s] -- Installing: /home/wheeltec/wheeltec_ros2/install/yesense_interface/share/yesense_interface/cmake/yesense_interface__rosidl_typesupport_introspection_cExport-noconfig.cmake
[10.504s] -- Installing: /home/wheeltec/wheeltec_ros2/install/yesense_interface/share/yesense_interface/cmake/yesense_interface__rosidl_typesupport_cExport.cmake
[10.504s] -- Installing: /home/wheeltec/wheeltec_ros2/install/yesense_interface/share/yesense_interface/cmake/yesense_interface__rosidl_typesupport_cExport-noconfig.cmake
[10.504s] -- Installing: /home/wheeltec/wheeltec_ros2/install/yesense_interface/share/yesense_interface/cmake/export_yesense_interface__rosidl_generator_cppExport.cmake
[10.504s] -- Installing: /home/wheeltec/wheeltec_ros2/install/yesense_interface/share/yesense_interface/cmake/export_yesense_interface__rosidl_typesupport_fastrtps_cppExport.cmake
[10.504s] -- Installing: /home/wheeltec/wheeltec_ros2/install/yesense_interface/share/yesense_interface/cmake/export_yesense_interface__rosidl_typesupport_fastrtps_cppExport-noconfig.cmake
[10.504s] -- Installing: /home/wheeltec/wheeltec_ros2/install/yesense_interface/share/yesense_interface/cmake/yesense_interface__rosidl_typesupport_introspection_cppExport.cmake
[10.504s] -- Installing: /home/wheeltec/wheeltec_ros2/install/yesense_interface/share/yesense_interface/cmake/yesense_interface__rosidl_typesupport_introspection_cppExport-noconfig.cmake
[10.504s] -- Installing: /home/wheeltec/wheeltec_ros2/install/yesense_interface/share/yesense_interface/cmake/yesense_interface__rosidl_typesupport_cppExport.cmake
[10.505s] -- Installing: /home/wheeltec/wheeltec_ros2/install/yesense_interface/share/yesense_interface/cmake/yesense_interface__rosidl_typesupport_cppExport-noconfig.cmake
[10.505s] -- Installing: /home/wheeltec/wheeltec_ros2/install/yesense_interface/share/yesense_interface/cmake/export_yesense_interface__rosidl_generator_pyExport.cmake
[10.505s] -- Installing: /home/wheeltec/wheeltec_ros2/install/yesense_interface/share/yesense_interface/cmake/export_yesense_interface__rosidl_generator_pyExport-noconfig.cmake
[10.512s] Invoked command in '/home/wheeltec/wheeltec_ros2/build/yesense_interface' returned '0': CMAKE_PREFIX_PATH=${CMAKE_PREFIX_PATH}:/home/wheeltec/wheeltec_ros2/install/auto_recharge_ros2:/home/wheeltec/autoware/install/autoware_wheeltec_interface:/home/wheeltec/autoware/install/ad_api_visualizers:/opt/ros/humble /usr/bin/cmake --install /home/wheeltec/wheeltec_ros2/build/yesense_interface
