[0.225s] Invoking command in '/home/wheeltec/wheeltec_ros2/build/hipnuc_imu': CMAKE_PREFIX_PATH=${CMAKE_PREFIX_PATH}:/home/wheeltec/wheeltec_ros2/install/simple_follower_ros2:/home/wheeltec/wheeltec_ros2/install/wheeltec_robot_keyboard:/home/wheeltec/wheeltec_ros2/install/wheeltec_dual_rtk_driver:/home/wheeltec/wheeltec_ros2/install/ultralytics_ros2:/home/wheeltec/wheeltec_ros2/install/tf2_tools:/home/wheeltec/wheeltec_ros2/install/ollama_ros_chat:/home/wheeltec/wheeltec_ros2/install/nmea_navsat_driver:/home/wheeltec/wheeltec_ros2/install/nav2_waypoint_cycle:/home/wheeltec/wheeltec_ros2/install/nav2_simple_commander:/home/wheeltec/wheeltec_ros2/install/largemodel:/home/wheeltec/wheeltec_ros2/install/auto_recharge_ros2:/home/wheeltec/autoware/install/autoware_wheeltec_interface:/home/wheeltec/autoware/install/ad_api_visualizers:/opt/ros/humble /usr/bin/cmake --build /home/wheeltec/wheeltec_ros2/build/hipnuc_imu -- -j6 -l6
[0.681s] [ 60%] Built target talker
[0.905s] [100%] Built target listener
[1.312s] Invoked command in '/home/wheeltec/wheeltec_ros2/build/hipnuc_imu' returned '0': CMAKE_PREFIX_PATH=${CMAKE_PREFIX_PATH}:/home/wheeltec/wheeltec_ros2/install/simple_follower_ros2:/home/wheeltec/wheeltec_ros2/install/wheeltec_robot_keyboard:/home/wheeltec/wheeltec_ros2/install/wheeltec_dual_rtk_driver:/home/wheeltec/wheeltec_ros2/install/ultralytics_ros2:/home/wheeltec/wheeltec_ros2/install/tf2_tools:/home/wheeltec/wheeltec_ros2/install/ollama_ros_chat:/home/wheeltec/wheeltec_ros2/install/nmea_navsat_driver:/home/wheeltec/wheeltec_ros2/install/nav2_waypoint_cycle:/home/wheeltec/wheeltec_ros2/install/nav2_simple_commander:/home/wheeltec/wheeltec_ros2/install/largemodel:/home/wheeltec/wheeltec_ros2/install/auto_recharge_ros2:/home/wheeltec/autoware/install/autoware_wheeltec_interface:/home/wheeltec/autoware/install/ad_api_visualizers:/opt/ros/humble /usr/bin/cmake --build /home/wheeltec/wheeltec_ros2/build/hipnuc_imu -- -j6 -l6
[1.315s] Invoking command in '/home/wheeltec/wheeltec_ros2/build/hipnuc_imu': CMAKE_PREFIX_PATH=${CMAKE_PREFIX_PATH}:/home/wheeltec/wheeltec_ros2/install/simple_follower_ros2:/home/wheeltec/wheeltec_ros2/install/wheeltec_robot_keyboard:/home/wheeltec/wheeltec_ros2/install/wheeltec_dual_rtk_driver:/home/wheeltec/wheeltec_ros2/install/ultralytics_ros2:/home/wheeltec/wheeltec_ros2/install/tf2_tools:/home/wheeltec/wheeltec_ros2/install/ollama_ros_chat:/home/wheeltec/wheeltec_ros2/install/nmea_navsat_driver:/home/wheeltec/wheeltec_ros2/install/nav2_waypoint_cycle:/home/wheeltec/wheeltec_ros2/install/nav2_simple_commander:/home/wheeltec/wheeltec_ros2/install/largemodel:/home/wheeltec/wheeltec_ros2/install/auto_recharge_ros2:/home/wheeltec/autoware/install/autoware_wheeltec_interface:/home/wheeltec/autoware/install/ad_api_visualizers:/opt/ros/humble /usr/bin/cmake --install /home/wheeltec/wheeltec_ros2/build/hipnuc_imu
[1.391s] -- Install configuration: ""
[1.392s] -- Execute custom install script
[1.393s] -- Up-to-date symlink: /home/wheeltec/wheeltec_ros2/install/hipnuc_imu/lib/hipnuc_imu/talker
[1.393s] -- Up-to-date symlink: /home/wheeltec/wheeltec_ros2/install/hipnuc_imu/lib/hipnuc_imu/listener
[1.395s] -- Up-to-date symlink: /home/wheeltec/wheeltec_ros2/install/hipnuc_imu/share/hipnuc_imu/launch/imu_spec_msg.launch.py
[1.395s] -- Up-to-date symlink: /home/wheeltec/wheeltec_ros2/install/hipnuc_imu/share/hipnuc_imu/config/hipnuc_config.yaml
[1.396s] -- Up-to-date symlink: /home/wheeltec/wheeltec_ros2/install/hipnuc_imu/share/ament_index/resource_index/package_run_dependencies/hipnuc_imu
[1.396s] -- Up-to-date symlink: /home/wheeltec/wheeltec_ros2/install/hipnuc_imu/share/ament_index/resource_index/parent_prefix_path/hipnuc_imu
[1.397s] -- Up-to-date symlink: /home/wheeltec/wheeltec_ros2/install/hipnuc_imu/share/hipnuc_imu/environment/ament_prefix_path.sh
[1.397s] -- Up-to-date symlink: /home/wheeltec/wheeltec_ros2/install/hipnuc_imu/share/hipnuc_imu/environment/ament_prefix_path.dsv
[1.397s] -- Up-to-date symlink: /home/wheeltec/wheeltec_ros2/install/hipnuc_imu/share/hipnuc_imu/environment/path.sh
[1.398s] -- Up-to-date symlink: /home/wheeltec/wheeltec_ros2/install/hipnuc_imu/share/hipnuc_imu/environment/path.dsv
[1.399s] -- Up-to-date symlink: /home/wheeltec/wheeltec_ros2/install/hipnuc_imu/share/hipnuc_imu/local_setup.bash
[1.399s] -- Up-to-date symlink: /home/wheeltec/wheeltec_ros2/install/hipnuc_imu/share/hipnuc_imu/local_setup.sh
[1.399s] -- Up-to-date symlink: /home/wheeltec/wheeltec_ros2/install/hipnuc_imu/share/hipnuc_imu/local_setup.zsh
[1.400s] -- Up-to-date symlink: /home/wheeltec/wheeltec_ros2/install/hipnuc_imu/share/hipnuc_imu/local_setup.dsv
[1.400s] -- Symlinking: /home/wheeltec/wheeltec_ros2/install/hipnuc_imu/share/hipnuc_imu/package.dsv
[1.482s] -- Up-to-date symlink: /home/wheeltec/wheeltec_ros2/install/hipnuc_imu/share/ament_index/resource_index/packages/hipnuc_imu
[1.482s] -- Up-to-date symlink: /home/wheeltec/wheeltec_ros2/install/hipnuc_imu/share/hipnuc_imu/cmake/hipnuc_imuConfig.cmake
[1.482s] -- Up-to-date symlink: /home/wheeltec/wheeltec_ros2/install/hipnuc_imu/share/hipnuc_imu/cmake/hipnuc_imuConfig-version.cmake
[1.483s] -- Up-to-date symlink: /home/wheeltec/wheeltec_ros2/install/hipnuc_imu/share/hipnuc_imu/package.xml
[1.570s] Invoked command in '/home/wheeltec/wheeltec_ros2/build/hipnuc_imu' returned '0': CMAKE_PREFIX_PATH=${CMAKE_PREFIX_PATH}:/home/wheeltec/wheeltec_ros2/install/simple_follower_ros2:/home/wheeltec/wheeltec_ros2/install/wheeltec_robot_keyboard:/home/wheeltec/wheeltec_ros2/install/wheeltec_dual_rtk_driver:/home/wheeltec/wheeltec_ros2/install/ultralytics_ros2:/home/wheeltec/wheeltec_ros2/install/tf2_tools:/home/wheeltec/wheeltec_ros2/install/ollama_ros_chat:/home/wheeltec/wheeltec_ros2/install/nmea_navsat_driver:/home/wheeltec/wheeltec_ros2/install/nav2_waypoint_cycle:/home/wheeltec/wheeltec_ros2/install/nav2_simple_commander:/home/wheeltec/wheeltec_ros2/install/largemodel:/home/wheeltec/wheeltec_ros2/install/auto_recharge_ros2:/home/wheeltec/autoware/install/autoware_wheeltec_interface:/home/wheeltec/autoware/install/ad_api_visualizers:/opt/ros/humble /usr/bin/cmake --install /home/wheeltec/wheeltec_ros2/build/hipnuc_imu
