[0.339s] Invoking command in '/home/wheeltec/wheeltec_ros2/build/nav2_common': CMAKE_PREFIX_PATH=${CMAKE_PREFIX_PATH}:/home/wheeltec/wheeltec_ros2/install/wheeltec_dual_rtk_driver:/home/wheeltec/wheeltec_ros2/install/ultralytics_ros2:/home/wheeltec/wheeltec_ros2/install/tf2_tools:/home/wheeltec/wheeltec_ros2/install/nav2_waypoint_cycle:/home/wheeltec/wheeltec_ros2/install/nav2_simple_commander:/home/wheeltec/wheeltec_ros2/install/auto_recharge_ros2:/home/wheeltec/autoware/install/autoware_wheeltec_interface:/home/wheeltec/autoware/install/ad_api_visualizers:/opt/ros/humble /usr/bin/cmake --build /home/wheeltec/wheeltec_ros2/build/nav2_common -- -j6 -l6
[0.474s] Built target ament_cmake_python_symlink_nav2_common
[1.793s] running egg_info
[1.795s] writing nav2_common.egg-info/PKG-INFO
[1.796s] writing dependency_links to nav2_common.egg-info/dependency_links.txt
[1.797s] writing top-level names to nav2_common.egg-info/top_level.txt
[1.813s] reading manifest file 'nav2_common.egg-info/SOURCES.txt'
[1.816s] writing manifest file 'nav2_common.egg-info/SOURCES.txt'
[1.949s] Built target ament_cmake_python_build_nav2_common_egg
[2.015s] Invoked command in '/home/wheeltec/wheeltec_ros2/build/nav2_common' returned '0': CMAKE_PREFIX_PATH=${CMAKE_PREFIX_PATH}:/home/wheeltec/wheeltec_ros2/install/wheeltec_dual_rtk_driver:/home/wheeltec/wheeltec_ros2/install/ultralytics_ros2:/home/wheeltec/wheeltec_ros2/install/tf2_tools:/home/wheeltec/wheeltec_ros2/install/nav2_waypoint_cycle:/home/wheeltec/wheeltec_ros2/install/nav2_simple_commander:/home/wheeltec/wheeltec_ros2/install/auto_recharge_ros2:/home/wheeltec/autoware/install/autoware_wheeltec_interface:/home/wheeltec/autoware/install/ad_api_visualizers:/opt/ros/humble /usr/bin/cmake --build /home/wheeltec/wheeltec_ros2/build/nav2_common -- -j6 -l6
[2.035s] Invoking command in '/home/wheeltec/wheeltec_ros2/build/nav2_common': CMAKE_PREFIX_PATH=${CMAKE_PREFIX_PATH}:/home/wheeltec/wheeltec_ros2/install/wheeltec_dual_rtk_driver:/home/wheeltec/wheeltec_ros2/install/ultralytics_ros2:/home/wheeltec/wheeltec_ros2/install/tf2_tools:/home/wheeltec/wheeltec_ros2/install/nav2_waypoint_cycle:/home/wheeltec/wheeltec_ros2/install/nav2_simple_commander:/home/wheeltec/wheeltec_ros2/install/auto_recharge_ros2:/home/wheeltec/autoware/install/autoware_wheeltec_interface:/home/wheeltec/autoware/install/ad_api_visualizers:/opt/ros/humble /usr/bin/cmake --install /home/wheeltec/wheeltec_ros2/build/nav2_common
[2.058s] -- Install configuration: ""
[2.067s] -- Execute custom install script
[2.071s] -- Up-to-date symlink: /home/wheeltec/wheeltec_ros2/install/nav2_common/share/nav2_common/environment/pythonpath.sh
[2.072s] -- Up-to-date symlink: /home/wheeltec/wheeltec_ros2/install/nav2_common/share/nav2_common/environment/pythonpath.dsv
[2.072s] -- Up-to-date symlink: /home/wheeltec/wheeltec_ros2/install/nav2_common/local/lib/python3.10/dist-packages/nav2_common-1.1.6-py3.10.egg-info/PKG-INFO
[2.072s] -- Up-to-date symlink: /home/wheeltec/wheeltec_ros2/install/nav2_common/local/lib/python3.10/dist-packages/nav2_common-1.1.6-py3.10.egg-info/SOURCES.txt
[2.072s] -- Up-to-date symlink: /home/wheeltec/wheeltec_ros2/install/nav2_common/local/lib/python3.10/dist-packages/nav2_common-1.1.6-py3.10.egg-info/dependency_links.txt
[2.072s] -- Up-to-date symlink: /home/wheeltec/wheeltec_ros2/install/nav2_common/local/lib/python3.10/dist-packages/nav2_common-1.1.6-py3.10.egg-info/top_level.txt
[2.074s] -- Up-to-date symlink: /home/wheeltec/wheeltec_ros2/install/nav2_common/local/lib/python3.10/dist-packages/nav2_common/__init__.py
[2.074s] -- Up-to-date symlink: /home/wheeltec/wheeltec_ros2/install/nav2_common/local/lib/python3.10/dist-packages/nav2_common/launch/__init__.py
[2.075s] -- Up-to-date symlink: /home/wheeltec/wheeltec_ros2/install/nav2_common/local/lib/python3.10/dist-packages/nav2_common/launch/has_node_params.py
[2.075s] -- Up-to-date symlink: /home/wheeltec/wheeltec_ros2/install/nav2_common/local/lib/python3.10/dist-packages/nav2_common/launch/replace_string.py
[2.078s] -- Up-to-date symlink: /home/wheeltec/wheeltec_ros2/install/nav2_common/local/lib/python3.10/dist-packages/nav2_common/launch/rewritten_yaml.py
[2.079s] -- Up-to-date symlink: /home/wheeltec/wheeltec_ros2/install/nav2_common/share/ament_index/resource_index/package_run_dependencies/nav2_common
[2.079s] -- Up-to-date symlink: /home/wheeltec/wheeltec_ros2/install/nav2_common/share/ament_index/resource_index/parent_prefix_path/nav2_common
[2.080s] -- Up-to-date symlink: /home/wheeltec/wheeltec_ros2/install/nav2_common/share/nav2_common/environment/ament_prefix_path.sh
[2.080s] -- Up-to-date symlink: /home/wheeltec/wheeltec_ros2/install/nav2_common/share/nav2_common/environment/ament_prefix_path.dsv
[2.081s] -- Up-to-date symlink: /home/wheeltec/wheeltec_ros2/install/nav2_common/share/nav2_common/environment/path.sh
[2.081s] -- Up-to-date symlink: /home/wheeltec/wheeltec_ros2/install/nav2_common/share/nav2_common/environment/path.dsv
[2.085s] -- Up-to-date symlink: /home/wheeltec/wheeltec_ros2/install/nav2_common/share/nav2_common/local_setup.bash
[2.088s] -- Up-to-date symlink: /home/wheeltec/wheeltec_ros2/install/nav2_common/share/nav2_common/local_setup.sh
[2.088s] -- Up-to-date symlink: /home/wheeltec/wheeltec_ros2/install/nav2_common/share/nav2_common/local_setup.zsh
[2.088s] -- Up-to-date symlink: /home/wheeltec/wheeltec_ros2/install/nav2_common/share/nav2_common/local_setup.dsv
[2.088s] -- Symlinking: /home/wheeltec/wheeltec_ros2/install/nav2_common/share/nav2_common/package.dsv
[2.118s] -- Up-to-date symlink: /home/wheeltec/wheeltec_ros2/install/nav2_common/share/ament_index/resource_index/packages/nav2_common
[2.118s] -- Up-to-date symlink: /home/wheeltec/wheeltec_ros2/install/nav2_common/share/nav2_common/cmake/nav2_common-extras.cmake
[2.119s] -- Up-to-date symlink: /home/wheeltec/wheeltec_ros2/install/nav2_common/share/nav2_common/cmake/nav2_commonConfig.cmake
[2.119s] -- Up-to-date symlink: /home/wheeltec/wheeltec_ros2/install/nav2_common/share/nav2_common/cmake/nav2_commonConfig-version.cmake
[2.122s] -- Up-to-date symlink: /home/wheeltec/wheeltec_ros2/install/nav2_common/share/nav2_common/package.xml
[2.122s] -- Up-to-date symlink: /home/wheeltec/wheeltec_ros2/install/nav2_common/share/nav2_common/cmake/nav2_package.cmake
[2.300s] Listing '/home/wheeltec/wheeltec_ros2/install/nav2_common/local/lib/python3.10/dist-packages/nav2_common'...
[2.300s] Listing '/home/wheeltec/wheeltec_ros2/install/nav2_common/local/lib/python3.10/dist-packages/nav2_common/launch'...
[2.325s] Invoked command in '/home/wheeltec/wheeltec_ros2/build/nav2_common' returned '0': CMAKE_PREFIX_PATH=${CMAKE_PREFIX_PATH}:/home/wheeltec/wheeltec_ros2/install/wheeltec_dual_rtk_driver:/home/wheeltec/wheeltec_ros2/install/ultralytics_ros2:/home/wheeltec/wheeltec_ros2/install/tf2_tools:/home/wheeltec/wheeltec_ros2/install/nav2_waypoint_cycle:/home/wheeltec/wheeltec_ros2/install/nav2_simple_commander:/home/wheeltec/wheeltec_ros2/install/auto_recharge_ros2:/home/wheeltec/autoware/install/autoware_wheeltec_interface:/home/wheeltec/autoware/install/ad_api_visualizers:/opt/ros/humble /usr/bin/cmake --install /home/wheeltec/wheeltec_ros2/build/nav2_common
