[0.171s] Invoking command in '/home/wheeltec/wheeltec_ros2/build/aruco_msgs': CMAKE_PREFIX_PATH=${CMAKE_PREFIX_PATH}:/home/wheeltec/wheeltec_ros2/install/simple_follower_ros2:/home/wheeltec/wheeltec_ros2/install/wheeltec_robot_keyboard:/home/wheeltec/wheeltec_ros2/install/wheeltec_dual_rtk_driver:/home/wheeltec/wheeltec_ros2/install/ultralytics_ros2:/home/wheeltec/wheeltec_ros2/install/tf2_tools:/home/wheeltec/wheeltec_ros2/install/ollama_ros_chat:/home/wheeltec/wheeltec_ros2/install/nmea_navsat_driver:/home/wheeltec/wheeltec_ros2/install/nav2_waypoint_cycle:/home/wheeltec/wheeltec_ros2/install/nav2_simple_commander:/home/wheeltec/wheeltec_ros2/install/auto_recharge_ros2:/home/wheeltec/autoware/install/autoware_wheeltec_interface:/home/wheeltec/autoware/install/ad_api_visualizers:/opt/ros/humble /usr/bin/cmake --build /home/wheeltec/wheeltec_ros2/build/aruco_msgs -- -j6 -l6
[0.953s] [  2%] Built target aruco_msgs__cpp
[1.199s] [ 12%] Built target aruco_msgs__rosidl_generator_c
[1.272s] [ 12%] Built target ament_cmake_python_symlink_aruco_msgs
[1.460s] [ 23%] Built target aruco_msgs__rosidl_typesupport_introspection_cpp
[1.510s] [ 33%] Built target aruco_msgs__rosidl_typesupport_fastrtps_cpp
[1.587s] [ 43%] Built target aruco_msgs__rosidl_typesupport_cpp
[1.611s] [ 53%] Built target aruco_msgs__rosidl_typesupport_introspection_c
[1.669s] [ 64%] Built target aruco_msgs__rosidl_typesupport_c
[1.681s] [ 74%] Built target aruco_msgs__rosidl_typesupport_fastrtps_c
[1.942s] [ 74%] Built target aruco_msgs
[2.349s] [ 76%] Built target aruco_msgs__py
[2.947s] [ 84%] Built target aruco_msgs__rosidl_generator_py
[3.414s] [ 89%] Built target aruco_msgs__rosidl_typesupport_introspection_c__pyext
[3.430s] [ 94%] Built target aruco_msgs__rosidl_typesupport_fastrtps_c__pyext
[3.526s] [100%] Built target aruco_msgs__rosidl_typesupport_c__pyext
[3.715s] running egg_info
[3.723s] writing aruco_msgs.egg-info/PKG-INFO
[3.724s] writing dependency_links to aruco_msgs.egg-info/dependency_links.txt
[3.724s] writing top-level names to aruco_msgs.egg-info/top_level.txt
[3.746s] reading manifest file 'aruco_msgs.egg-info/SOURCES.txt'
[3.754s] writing manifest file 'aruco_msgs.egg-info/SOURCES.txt'
[4.030s] [100%] Built target ament_cmake_python_build_aruco_msgs_egg
[4.418s] Invoked command in '/home/wheeltec/wheeltec_ros2/build/aruco_msgs' returned '0': CMAKE_PREFIX_PATH=${CMAKE_PREFIX_PATH}:/home/wheeltec/wheeltec_ros2/install/simple_follower_ros2:/home/wheeltec/wheeltec_ros2/install/wheeltec_robot_keyboard:/home/wheeltec/wheeltec_ros2/install/wheeltec_dual_rtk_driver:/home/wheeltec/wheeltec_ros2/install/ultralytics_ros2:/home/wheeltec/wheeltec_ros2/install/tf2_tools:/home/wheeltec/wheeltec_ros2/install/ollama_ros_chat:/home/wheeltec/wheeltec_ros2/install/nmea_navsat_driver:/home/wheeltec/wheeltec_ros2/install/nav2_waypoint_cycle:/home/wheeltec/wheeltec_ros2/install/nav2_simple_commander:/home/wheeltec/wheeltec_ros2/install/auto_recharge_ros2:/home/wheeltec/autoware/install/autoware_wheeltec_interface:/home/wheeltec/autoware/install/ad_api_visualizers:/opt/ros/humble /usr/bin/cmake --build /home/wheeltec/wheeltec_ros2/build/aruco_msgs -- -j6 -l6
[4.434s] Invoking command in '/home/wheeltec/wheeltec_ros2/build/aruco_msgs': CMAKE_PREFIX_PATH=${CMAKE_PREFIX_PATH}:/home/wheeltec/wheeltec_ros2/install/simple_follower_ros2:/home/wheeltec/wheeltec_ros2/install/wheeltec_robot_keyboard:/home/wheeltec/wheeltec_ros2/install/wheeltec_dual_rtk_driver:/home/wheeltec/wheeltec_ros2/install/ultralytics_ros2:/home/wheeltec/wheeltec_ros2/install/tf2_tools:/home/wheeltec/wheeltec_ros2/install/ollama_ros_chat:/home/wheeltec/wheeltec_ros2/install/nmea_navsat_driver:/home/wheeltec/wheeltec_ros2/install/nav2_waypoint_cycle:/home/wheeltec/wheeltec_ros2/install/nav2_simple_commander:/home/wheeltec/wheeltec_ros2/install/auto_recharge_ros2:/home/wheeltec/autoware/install/autoware_wheeltec_interface:/home/wheeltec/autoware/install/ad_api_visualizers:/opt/ros/humble /usr/bin/cmake --install /home/wheeltec/wheeltec_ros2/build/aruco_msgs
[4.588s] -- Install configuration: ""
[4.591s] -- Execute custom install script
[4.591s] -- Up-to-date symlink: /home/wheeltec/wheeltec_ros2/install/aruco_msgs/share/ament_index/resource_index/rosidl_interfaces/aruco_msgs
[4.593s] -- Up-to-date symlink: /home/wheeltec/wheeltec_ros2/install/aruco_msgs/include/aruco_msgs/aruco_msgs/msg/detail/marker__functions.h
[4.594s] -- Up-to-date symlink: /home/wheeltec/wheeltec_ros2/install/aruco_msgs/include/aruco_msgs/aruco_msgs/msg/detail/marker__struct.h
[4.595s] -- Up-to-date symlink: /home/wheeltec/wheeltec_ros2/install/aruco_msgs/include/aruco_msgs/aruco_msgs/msg/detail/marker__type_support.h
[4.596s] -- Up-to-date symlink: /home/wheeltec/wheeltec_ros2/install/aruco_msgs/include/aruco_msgs/aruco_msgs/msg/detail/marker_array__functions.h
[4.597s] -- Up-to-date symlink: /home/wheeltec/wheeltec_ros2/install/aruco_msgs/include/aruco_msgs/aruco_msgs/msg/detail/marker_array__struct.h
[4.606s] -- Up-to-date symlink: /home/wheeltec/wheeltec_ros2/install/aruco_msgs/include/aruco_msgs/aruco_msgs/msg/detail/marker_array__type_support.h
[4.608s] -- Up-to-date symlink: /home/wheeltec/wheeltec_ros2/install/aruco_msgs/include/aruco_msgs/aruco_msgs/msg/marker.h
[4.610s] -- Up-to-date symlink: /home/wheeltec/wheeltec_ros2/install/aruco_msgs/include/aruco_msgs/aruco_msgs/msg/marker_array.h
[4.610s] -- Up-to-date symlink: /home/wheeltec/wheeltec_ros2/install/aruco_msgs/include/aruco_msgs/aruco_msgs/msg/rosidl_generator_c__visibility_control.h
[4.611s] -- Up-to-date symlink: /home/wheeltec/wheeltec_ros2/install/aruco_msgs/share/aruco_msgs/environment/library_path.sh
[4.611s] -- Up-to-date symlink: /home/wheeltec/wheeltec_ros2/install/aruco_msgs/share/aruco_msgs/environment/library_path.dsv
[4.611s] -- Up-to-date symlink: /home/wheeltec/wheeltec_ros2/install/aruco_msgs/include/aruco_msgs/aruco_msgs/msg/detail/marker__rosidl_typesupport_fastrtps_c.h
[4.611s] -- Up-to-date symlink: /home/wheeltec/wheeltec_ros2/install/aruco_msgs/include/aruco_msgs/aruco_msgs/msg/detail/marker_array__rosidl_typesupport_fastrtps_c.h
[4.621s] -- Up-to-date symlink: /home/wheeltec/wheeltec_ros2/install/aruco_msgs/include/aruco_msgs/aruco_msgs/msg/rosidl_typesupport_fastrtps_c__visibility_control.h
[4.621s] -- Up-to-date symlink: /home/wheeltec/wheeltec_ros2/install/aruco_msgs/include/aruco_msgs/aruco_msgs/msg/detail/marker__builder.hpp
[4.622s] -- Up-to-date symlink: /home/wheeltec/wheeltec_ros2/install/aruco_msgs/include/aruco_msgs/aruco_msgs/msg/detail/marker__struct.hpp
[4.622s] -- Up-to-date symlink: /home/wheeltec/wheeltec_ros2/install/aruco_msgs/include/aruco_msgs/aruco_msgs/msg/detail/marker__traits.hpp
[4.622s] -- Up-to-date symlink: /home/wheeltec/wheeltec_ros2/install/aruco_msgs/include/aruco_msgs/aruco_msgs/msg/detail/marker__type_support.hpp
[4.622s] -- Up-to-date symlink: /home/wheeltec/wheeltec_ros2/install/aruco_msgs/include/aruco_msgs/aruco_msgs/msg/detail/marker_array__builder.hpp
[4.622s] -- Up-to-date symlink: /home/wheeltec/wheeltec_ros2/install/aruco_msgs/include/aruco_msgs/aruco_msgs/msg/detail/marker_array__struct.hpp
[4.622s] -- Up-to-date symlink: /home/wheeltec/wheeltec_ros2/install/aruco_msgs/include/aruco_msgs/aruco_msgs/msg/detail/marker_array__traits.hpp
[4.622s] -- Up-to-date symlink: /home/wheeltec/wheeltec_ros2/install/aruco_msgs/include/aruco_msgs/aruco_msgs/msg/detail/marker_array__type_support.hpp
[4.622s] -- Up-to-date symlink: /home/wheeltec/wheeltec_ros2/install/aruco_msgs/include/aruco_msgs/aruco_msgs/msg/marker.hpp
[4.622s] -- Up-to-date symlink: /home/wheeltec/wheeltec_ros2/install/aruco_msgs/include/aruco_msgs/aruco_msgs/msg/marker_array.hpp
[4.622s] -- Up-to-date symlink: /home/wheeltec/wheeltec_ros2/install/aruco_msgs/include/aruco_msgs/aruco_msgs/msg/rosidl_generator_cpp__visibility_control.hpp
[4.622s] -- Up-to-date symlink: /home/wheeltec/wheeltec_ros2/install/aruco_msgs/include/aruco_msgs/aruco_msgs/msg/detail/marker__rosidl_typesupport_fastrtps_cpp.hpp
[4.623s] -- Up-to-date symlink: /home/wheeltec/wheeltec_ros2/install/aruco_msgs/include/aruco_msgs/aruco_msgs/msg/detail/marker_array__rosidl_typesupport_fastrtps_cpp.hpp
[4.623s] -- Up-to-date symlink: /home/wheeltec/wheeltec_ros2/install/aruco_msgs/include/aruco_msgs/aruco_msgs/msg/rosidl_typesupport_fastrtps_cpp__visibility_control.h
[4.623s] -- Up-to-date symlink: /home/wheeltec/wheeltec_ros2/install/aruco_msgs/include/aruco_msgs/aruco_msgs/msg/detail/marker__rosidl_typesupport_introspection_c.h
[4.623s] -- Up-to-date symlink: /home/wheeltec/wheeltec_ros2/install/aruco_msgs/include/aruco_msgs/aruco_msgs/msg/detail/marker_array__rosidl_typesupport_introspection_c.h
[4.623s] -- Up-to-date symlink: /home/wheeltec/wheeltec_ros2/install/aruco_msgs/include/aruco_msgs/aruco_msgs/msg/rosidl_typesupport_introspection_c__visibility_control.h
[4.628s] -- Up-to-date symlink: /home/wheeltec/wheeltec_ros2/install/aruco_msgs/include/aruco_msgs/aruco_msgs/msg/detail/marker__rosidl_typesupport_introspection_cpp.hpp
[4.628s] -- Up-to-date symlink: /home/wheeltec/wheeltec_ros2/install/aruco_msgs/include/aruco_msgs/aruco_msgs/msg/detail/marker_array__rosidl_typesupport_introspection_cpp.hpp
[4.629s] -- Up-to-date symlink: /home/wheeltec/wheeltec_ros2/install/aruco_msgs/share/aruco_msgs/environment/pythonpath.sh
[4.629s] -- Up-to-date symlink: /home/wheeltec/wheeltec_ros2/install/aruco_msgs/share/aruco_msgs/environment/pythonpath.dsv
[4.630s] -- Up-to-date symlink: /home/wheeltec/wheeltec_ros2/install/aruco_msgs/local/lib/python3.10/dist-packages/aruco_msgs-5.0.5-py3.10.egg-info/PKG-INFO
[4.630s] -- Up-to-date symlink: /home/wheeltec/wheeltec_ros2/install/aruco_msgs/local/lib/python3.10/dist-packages/aruco_msgs-5.0.5-py3.10.egg-info/SOURCES.txt
[4.630s] -- Up-to-date symlink: /home/wheeltec/wheeltec_ros2/install/aruco_msgs/local/lib/python3.10/dist-packages/aruco_msgs-5.0.5-py3.10.egg-info/dependency_links.txt
[4.630s] -- Up-to-date symlink: /home/wheeltec/wheeltec_ros2/install/aruco_msgs/local/lib/python3.10/dist-packages/aruco_msgs-5.0.5-py3.10.egg-info/top_level.txt
[4.632s] -- Up-to-date symlink: /home/wheeltec/wheeltec_ros2/install/aruco_msgs/local/lib/python3.10/dist-packages/aruco_msgs/__init__.py
[4.632s] -- Up-to-date symlink: /home/wheeltec/wheeltec_ros2/install/aruco_msgs/local/lib/python3.10/dist-packages/aruco_msgs/_aruco_msgs_s.ep.rosidl_typesupport_c.c
[4.632s] -- Up-to-date symlink: /home/wheeltec/wheeltec_ros2/install/aruco_msgs/local/lib/python3.10/dist-packages/aruco_msgs/_aruco_msgs_s.ep.rosidl_typesupport_fastrtps_c.c
[4.633s] -- Up-to-date symlink: /home/wheeltec/wheeltec_ros2/install/aruco_msgs/local/lib/python3.10/dist-packages/aruco_msgs/_aruco_msgs_s.ep.rosidl_typesupport_introspection_c.c
[4.633s] -- Up-to-date symlink: /home/wheeltec/wheeltec_ros2/install/aruco_msgs/local/lib/python3.10/dist-packages/aruco_msgs/aruco_msgs_s__rosidl_typesupport_c.cpython-310-aarch64-linux-gnu.so
[4.633s] -- Up-to-date symlink: /home/wheeltec/wheeltec_ros2/install/aruco_msgs/local/lib/python3.10/dist-packages/aruco_msgs/aruco_msgs_s__rosidl_typesupport_fastrtps_c.cpython-310-aarch64-linux-gnu.so
[4.634s] -- Up-to-date symlink: /home/wheeltec/wheeltec_ros2/install/aruco_msgs/local/lib/python3.10/dist-packages/aruco_msgs/aruco_msgs_s__rosidl_typesupport_introspection_c.cpython-310-aarch64-linux-gnu.so
[4.634s] -- Up-to-date symlink: /home/wheeltec/wheeltec_ros2/install/aruco_msgs/local/lib/python3.10/dist-packages/aruco_msgs/libaruco_msgs__rosidl_generator_py.so
[4.634s] -- Up-to-date symlink: /home/wheeltec/wheeltec_ros2/install/aruco_msgs/local/lib/python3.10/dist-packages/aruco_msgs/msg/__init__.py
[4.635s] -- Up-to-date symlink: /home/wheeltec/wheeltec_ros2/install/aruco_msgs/local/lib/python3.10/dist-packages/aruco_msgs/msg/_marker.py
[4.635s] -- Up-to-date symlink: /home/wheeltec/wheeltec_ros2/install/aruco_msgs/local/lib/python3.10/dist-packages/aruco_msgs/msg/_marker_array.py
[4.635s] -- Up-to-date symlink: /home/wheeltec/wheeltec_ros2/install/aruco_msgs/local/lib/python3.10/dist-packages/aruco_msgs/msg/_marker_array_s.c
[4.636s] -- Up-to-date symlink: /home/wheeltec/wheeltec_ros2/install/aruco_msgs/local/lib/python3.10/dist-packages/aruco_msgs/msg/_marker_s.c
[4.636s] -- Up-to-date symlink: /home/wheeltec/wheeltec_ros2/install/aruco_msgs/local/lib/python3.10/dist-packages/aruco_msgs/aruco_msgs_s__rosidl_typesupport_fastrtps_c.cpython-310-aarch64-linux-gnu.so
[4.637s] -- Up-to-date symlink: /home/wheeltec/wheeltec_ros2/install/aruco_msgs/local/lib/python3.10/dist-packages/aruco_msgs/aruco_msgs_s__rosidl_typesupport_introspection_c.cpython-310-aarch64-linux-gnu.so
[4.637s] -- Up-to-date symlink: /home/wheeltec/wheeltec_ros2/install/aruco_msgs/local/lib/python3.10/dist-packages/aruco_msgs/aruco_msgs_s__rosidl_typesupport_c.cpython-310-aarch64-linux-gnu.so
[4.638s] -- Up-to-date symlink: /home/wheeltec/wheeltec_ros2/install/aruco_msgs/share/aruco_msgs/msg/Marker.idl
[4.638s] -- Up-to-date symlink: /home/wheeltec/wheeltec_ros2/install/aruco_msgs/share/aruco_msgs/msg/MarkerArray.idl
[4.644s] -- Up-to-date symlink: /home/wheeltec/wheeltec_ros2/install/aruco_msgs/share/aruco_msgs/msg/Marker.msg
[4.644s] -- Up-to-date symlink: /home/wheeltec/wheeltec_ros2/install/aruco_msgs/share/aruco_msgs/msg/MarkerArray.msg
[4.644s] -- Up-to-date symlink: /home/wheeltec/wheeltec_ros2/install/aruco_msgs/share/ament_index/resource_index/package_run_dependencies/aruco_msgs
[4.645s] -- Up-to-date symlink: /home/wheeltec/wheeltec_ros2/install/aruco_msgs/share/ament_index/resource_index/parent_prefix_path/aruco_msgs
[4.646s] -- Up-to-date symlink: /home/wheeltec/wheeltec_ros2/install/aruco_msgs/share/aruco_msgs/environment/ament_prefix_path.sh
[4.646s] -- Up-to-date symlink: /home/wheeltec/wheeltec_ros2/install/aruco_msgs/share/aruco_msgs/environment/ament_prefix_path.dsv
[4.646s] -- Up-to-date symlink: /home/wheeltec/wheeltec_ros2/install/aruco_msgs/share/aruco_msgs/environment/path.sh
[4.646s] -- Up-to-date symlink: /home/wheeltec/wheeltec_ros2/install/aruco_msgs/share/aruco_msgs/environment/path.dsv
[4.647s] -- Up-to-date symlink: /home/wheeltec/wheeltec_ros2/install/aruco_msgs/share/aruco_msgs/local_setup.bash
[4.648s] -- Up-to-date symlink: /home/wheeltec/wheeltec_ros2/install/aruco_msgs/share/aruco_msgs/local_setup.sh
[4.648s] -- Up-to-date symlink: /home/wheeltec/wheeltec_ros2/install/aruco_msgs/share/aruco_msgs/local_setup.zsh
[4.648s] -- Up-to-date symlink: /home/wheeltec/wheeltec_ros2/install/aruco_msgs/share/aruco_msgs/local_setup.dsv
[4.649s] -- Symlinking: /home/wheeltec/wheeltec_ros2/install/aruco_msgs/share/aruco_msgs/package.dsv
[4.795s] -- Up-to-date symlink: /home/wheeltec/wheeltec_ros2/install/aruco_msgs/share/ament_index/resource_index/packages/aruco_msgs
[4.796s] -- Up-to-date symlink: /home/wheeltec/wheeltec_ros2/install/aruco_msgs/share/aruco_msgs/cmake/rosidl_cmake-extras.cmake
[4.797s] -- Up-to-date symlink: /home/wheeltec/wheeltec_ros2/install/aruco_msgs/share/aruco_msgs/cmake/ament_cmake_export_dependencies-extras.cmake
[4.798s] -- Up-to-date symlink: /home/wheeltec/wheeltec_ros2/install/aruco_msgs/share/aruco_msgs/cmake/ament_cmake_export_include_directories-extras.cmake
[4.798s] -- Up-to-date symlink: /home/wheeltec/wheeltec_ros2/install/aruco_msgs/share/aruco_msgs/cmake/ament_cmake_export_libraries-extras.cmake
[4.799s] -- Up-to-date symlink: /home/wheeltec/wheeltec_ros2/install/aruco_msgs/share/aruco_msgs/cmake/ament_cmake_export_targets-extras.cmake
[4.800s] -- Up-to-date symlink: /home/wheeltec/wheeltec_ros2/install/aruco_msgs/share/aruco_msgs/cmake/rosidl_cmake_export_typesupport_targets-extras.cmake
[4.800s] -- Up-to-date symlink: /home/wheeltec/wheeltec_ros2/install/aruco_msgs/share/aruco_msgs/cmake/rosidl_cmake_export_typesupport_libraries-extras.cmake
[4.801s] -- Up-to-date symlink: /home/wheeltec/wheeltec_ros2/install/aruco_msgs/share/aruco_msgs/cmake/aruco_msgsConfig.cmake
[4.802s] -- Up-to-date symlink: /home/wheeltec/wheeltec_ros2/install/aruco_msgs/share/aruco_msgs/cmake/aruco_msgsConfig-version.cmake
[4.802s] -- Up-to-date symlink: /home/wheeltec/wheeltec_ros2/install/aruco_msgs/share/aruco_msgs/package.xml
[4.804s] -- Up-to-date: /home/wheeltec/wheeltec_ros2/install/aruco_msgs/lib/libaruco_msgs__rosidl_generator_c.so
[4.805s] -- Up-to-date: /home/wheeltec/wheeltec_ros2/install/aruco_msgs/lib/libaruco_msgs__rosidl_typesupport_fastrtps_c.so
[4.806s] -- Up-to-date: /home/wheeltec/wheeltec_ros2/install/aruco_msgs/lib/libaruco_msgs__rosidl_typesupport_fastrtps_cpp.so
[4.807s] -- Up-to-date: /home/wheeltec/wheeltec_ros2/install/aruco_msgs/lib/libaruco_msgs__rosidl_typesupport_introspection_c.so
[4.808s] -- Up-to-date: /home/wheeltec/wheeltec_ros2/install/aruco_msgs/lib/libaruco_msgs__rosidl_typesupport_c.so
[4.810s] -- Up-to-date: /home/wheeltec/wheeltec_ros2/install/aruco_msgs/lib/libaruco_msgs__rosidl_typesupport_introspection_cpp.so
[4.811s] -- Up-to-date: /home/wheeltec/wheeltec_ros2/install/aruco_msgs/lib/libaruco_msgs__rosidl_typesupport_cpp.so
[5.149s] Listing '/home/wheeltec/wheeltec_ros2/install/aruco_msgs/local/lib/python3.10/dist-packages/aruco_msgs'...
[5.150s] Listing '/home/wheeltec/wheeltec_ros2/install/aruco_msgs/local/lib/python3.10/dist-packages/aruco_msgs/msg'...
[5.181s] -- Up-to-date: /home/wheeltec/wheeltec_ros2/install/aruco_msgs/lib/libaruco_msgs__rosidl_generator_py.so
[5.182s] -- Up-to-date: /home/wheeltec/wheeltec_ros2/install/aruco_msgs/share/aruco_msgs/cmake/export_aruco_msgs__rosidl_generator_cExport.cmake
[5.182s] -- Up-to-date: /home/wheeltec/wheeltec_ros2/install/aruco_msgs/share/aruco_msgs/cmake/export_aruco_msgs__rosidl_generator_cExport-noconfig.cmake
[5.182s] -- Up-to-date: /home/wheeltec/wheeltec_ros2/install/aruco_msgs/share/aruco_msgs/cmake/export_aruco_msgs__rosidl_typesupport_fastrtps_cExport.cmake
[5.182s] -- Up-to-date: /home/wheeltec/wheeltec_ros2/install/aruco_msgs/share/aruco_msgs/cmake/export_aruco_msgs__rosidl_typesupport_fastrtps_cExport-noconfig.cmake
[5.182s] -- Up-to-date: /home/wheeltec/wheeltec_ros2/install/aruco_msgs/share/aruco_msgs/cmake/export_aruco_msgs__rosidl_generator_cppExport.cmake
[5.183s] -- Up-to-date: /home/wheeltec/wheeltec_ros2/install/aruco_msgs/share/aruco_msgs/cmake/export_aruco_msgs__rosidl_typesupport_fastrtps_cppExport.cmake
[5.183s] -- Up-to-date: /home/wheeltec/wheeltec_ros2/install/aruco_msgs/share/aruco_msgs/cmake/export_aruco_msgs__rosidl_typesupport_fastrtps_cppExport-noconfig.cmake
[5.184s] -- Up-to-date: /home/wheeltec/wheeltec_ros2/install/aruco_msgs/share/aruco_msgs/cmake/aruco_msgs__rosidl_typesupport_introspection_cExport.cmake
[5.184s] -- Up-to-date: /home/wheeltec/wheeltec_ros2/install/aruco_msgs/share/aruco_msgs/cmake/aruco_msgs__rosidl_typesupport_introspection_cExport-noconfig.cmake
[5.184s] -- Up-to-date: /home/wheeltec/wheeltec_ros2/install/aruco_msgs/share/aruco_msgs/cmake/aruco_msgs__rosidl_typesupport_cExport.cmake
[5.184s] -- Up-to-date: /home/wheeltec/wheeltec_ros2/install/aruco_msgs/share/aruco_msgs/cmake/aruco_msgs__rosidl_typesupport_cExport-noconfig.cmake
[5.185s] -- Up-to-date: /home/wheeltec/wheeltec_ros2/install/aruco_msgs/share/aruco_msgs/cmake/aruco_msgs__rosidl_typesupport_introspection_cppExport.cmake
[5.185s] -- Up-to-date: /home/wheeltec/wheeltec_ros2/install/aruco_msgs/share/aruco_msgs/cmake/aruco_msgs__rosidl_typesupport_introspection_cppExport-noconfig.cmake
[5.186s] -- Up-to-date: /home/wheeltec/wheeltec_ros2/install/aruco_msgs/share/aruco_msgs/cmake/aruco_msgs__rosidl_typesupport_cppExport.cmake
[5.186s] -- Up-to-date: /home/wheeltec/wheeltec_ros2/install/aruco_msgs/share/aruco_msgs/cmake/aruco_msgs__rosidl_typesupport_cppExport-noconfig.cmake
[5.186s] -- Up-to-date: /home/wheeltec/wheeltec_ros2/install/aruco_msgs/share/aruco_msgs/cmake/export_aruco_msgs__rosidl_generator_pyExport.cmake
[5.186s] -- Up-to-date: /home/wheeltec/wheeltec_ros2/install/aruco_msgs/share/aruco_msgs/cmake/export_aruco_msgs__rosidl_generator_pyExport-noconfig.cmake
[6.045s] Invoked command in '/home/wheeltec/wheeltec_ros2/build/aruco_msgs' returned '0': CMAKE_PREFIX_PATH=${CMAKE_PREFIX_PATH}:/home/wheeltec/wheeltec_ros2/install/simple_follower_ros2:/home/wheeltec/wheeltec_ros2/install/wheeltec_robot_keyboard:/home/wheeltec/wheeltec_ros2/install/wheeltec_dual_rtk_driver:/home/wheeltec/wheeltec_ros2/install/ultralytics_ros2:/home/wheeltec/wheeltec_ros2/install/tf2_tools:/home/wheeltec/wheeltec_ros2/install/ollama_ros_chat:/home/wheeltec/wheeltec_ros2/install/nmea_navsat_driver:/home/wheeltec/wheeltec_ros2/install/nav2_waypoint_cycle:/home/wheeltec/wheeltec_ros2/install/nav2_simple_commander:/home/wheeltec/wheeltec_ros2/install/auto_recharge_ros2:/home/wheeltec/autoware/install/autoware_wheeltec_interface:/home/wheeltec/autoware/install/ad_api_visualizers:/opt/ros/humble /usr/bin/cmake --install /home/wheeltec/wheeltec_ros2/build/aruco_msgs
