[0.154s] Invoking command in '/home/wheeltec/wheeltec_ros2/build/web_video_server': CMAKE_PREFIX_PATH=${CMAKE_PREFIX_PATH}:/home/wheeltec/wheeltec_ros2/install/simple_follower_ros2:/home/wheeltec/wheeltec_ros2/install/wheeltec_robot_keyboard:/home/wheeltec/wheeltec_ros2/install/wheeltec_dual_rtk_driver:/home/wheeltec/wheeltec_ros2/install/ultralytics_ros2:/home/wheeltec/wheeltec_ros2/install/tf2_tools:/home/wheeltec/wheeltec_ros2/install/ollama_ros_chat:/home/wheeltec/wheeltec_ros2/install/nmea_navsat_driver:/home/wheeltec/wheeltec_ros2/install/nav2_waypoint_cycle:/home/wheeltec/wheeltec_ros2/install/nav2_simple_commander:/home/wheeltec/wheeltec_ros2/install/largemodel:/home/wheeltec/wheeltec_ros2/install/auto_recharge_ros2:/home/wheeltec/autoware/install/autoware_wheeltec_interface:/home/wheeltec/autoware/install/ad_api_visualizers:/opt/ros/humble /usr/bin/cmake --build /home/wheeltec/wheeltec_ros2/build/web_video_server -- -j6 -l6
[0.859s] [100%] Built target web_video_server
[0.963s] Invoked command in '/home/wheeltec/wheeltec_ros2/build/web_video_server' returned '0': CMAKE_PREFIX_PATH=${CMAKE_PREFIX_PATH}:/home/wheeltec/wheeltec_ros2/install/simple_follower_ros2:/home/wheeltec/wheeltec_ros2/install/wheeltec_robot_keyboard:/home/wheeltec/wheeltec_ros2/install/wheeltec_dual_rtk_driver:/home/wheeltec/wheeltec_ros2/install/ultralytics_ros2:/home/wheeltec/wheeltec_ros2/install/tf2_tools:/home/wheeltec/wheeltec_ros2/install/ollama_ros_chat:/home/wheeltec/wheeltec_ros2/install/nmea_navsat_driver:/home/wheeltec/wheeltec_ros2/install/nav2_waypoint_cycle:/home/wheeltec/wheeltec_ros2/install/nav2_simple_commander:/home/wheeltec/wheeltec_ros2/install/largemodel:/home/wheeltec/wheeltec_ros2/install/auto_recharge_ros2:/home/wheeltec/autoware/install/autoware_wheeltec_interface:/home/wheeltec/autoware/install/ad_api_visualizers:/opt/ros/humble /usr/bin/cmake --build /home/wheeltec/wheeltec_ros2/build/web_video_server -- -j6 -l6
[0.968s] Invoking command in '/home/wheeltec/wheeltec_ros2/build/web_video_server': CMAKE_PREFIX_PATH=${CMAKE_PREFIX_PATH}:/home/wheeltec/wheeltec_ros2/install/simple_follower_ros2:/home/wheeltec/wheeltec_ros2/install/wheeltec_robot_keyboard:/home/wheeltec/wheeltec_ros2/install/wheeltec_dual_rtk_driver:/home/wheeltec/wheeltec_ros2/install/ultralytics_ros2:/home/wheeltec/wheeltec_ros2/install/tf2_tools:/home/wheeltec/wheeltec_ros2/install/ollama_ros_chat:/home/wheeltec/wheeltec_ros2/install/nmea_navsat_driver:/home/wheeltec/wheeltec_ros2/install/nav2_waypoint_cycle:/home/wheeltec/wheeltec_ros2/install/nav2_simple_commander:/home/wheeltec/wheeltec_ros2/install/largemodel:/home/wheeltec/wheeltec_ros2/install/auto_recharge_ros2:/home/wheeltec/autoware/install/autoware_wheeltec_interface:/home/wheeltec/autoware/install/ad_api_visualizers:/opt/ros/humble /usr/bin/cmake --install /home/wheeltec/wheeltec_ros2/build/web_video_server
[1.053s] -- Install configuration: ""
[1.054s] -- Execute custom install script
[1.055s] -- Up-to-date symlink: /home/wheeltec/wheeltec_ros2/install/web_video_server/lib/web_video_server/web_video_server
[1.055s] -- Up-to-date symlink: /home/wheeltec/wheeltec_ros2/install/web_video_server/share/ament_index/resource_index/package_run_dependencies/web_video_server
[1.056s] -- Up-to-date symlink: /home/wheeltec/wheeltec_ros2/install/web_video_server/share/ament_index/resource_index/parent_prefix_path/web_video_server
[1.056s] -- Up-to-date symlink: /home/wheeltec/wheeltec_ros2/install/web_video_server/share/web_video_server/environment/ament_prefix_path.sh
[1.056s] -- Up-to-date symlink: /home/wheeltec/wheeltec_ros2/install/web_video_server/share/web_video_server/environment/ament_prefix_path.dsv
[1.057s] -- Up-to-date symlink: /home/wheeltec/wheeltec_ros2/install/web_video_server/share/web_video_server/environment/path.sh
[1.057s] -- Up-to-date symlink: /home/wheeltec/wheeltec_ros2/install/web_video_server/share/web_video_server/environment/path.dsv
[1.057s] -- Up-to-date symlink: /home/wheeltec/wheeltec_ros2/install/web_video_server/share/web_video_server/local_setup.bash
[1.058s] -- Up-to-date symlink: /home/wheeltec/wheeltec_ros2/install/web_video_server/share/web_video_server/local_setup.sh
[1.058s] -- Up-to-date symlink: /home/wheeltec/wheeltec_ros2/install/web_video_server/share/web_video_server/local_setup.zsh
[1.058s] -- Up-to-date symlink: /home/wheeltec/wheeltec_ros2/install/web_video_server/share/web_video_server/local_setup.dsv
[1.059s] -- Symlinking: /home/wheeltec/wheeltec_ros2/install/web_video_server/share/web_video_server/package.dsv
[1.140s] -- Up-to-date symlink: /home/wheeltec/wheeltec_ros2/install/web_video_server/share/ament_index/resource_index/packages/web_video_server
[1.140s] -- Up-to-date symlink: /home/wheeltec/wheeltec_ros2/install/web_video_server/share/web_video_server/cmake/web_video_serverConfig.cmake
[1.141s] -- Up-to-date symlink: /home/wheeltec/wheeltec_ros2/install/web_video_server/share/web_video_server/cmake/web_video_serverConfig-version.cmake
[1.141s] -- Up-to-date symlink: /home/wheeltec/wheeltec_ros2/install/web_video_server/share/web_video_server/package.xml
[1.141s] -- Up-to-date: /home/wheeltec/wheeltec_ros2/install/web_video_server/include/web_video_server
[1.141s] -- Up-to-date: /home/wheeltec/wheeltec_ros2/install/web_video_server/include/web_video_server/vp8_streamer.h
[1.142s] -- Up-to-date: /home/wheeltec/wheeltec_ros2/install/web_video_server/include/web_video_server/ros_compressed_streamer.h
[1.142s] -- Up-to-date: /home/wheeltec/wheeltec_ros2/install/web_video_server/include/web_video_server/libav_streamer.h
[1.142s] -- Up-to-date: /home/wheeltec/wheeltec_ros2/install/web_video_server/include/web_video_server/jpeg_streamers.h
[1.142s] -- Up-to-date: /home/wheeltec/wheeltec_ros2/install/web_video_server/include/web_video_server/vp9_streamer.h
[1.142s] -- Up-to-date: /home/wheeltec/wheeltec_ros2/install/web_video_server/include/web_video_server/image_streamer.h
[1.142s] -- Up-to-date: /home/wheeltec/wheeltec_ros2/install/web_video_server/include/web_video_server/multipart_stream.h
[1.142s] -- Up-to-date: /home/wheeltec/wheeltec_ros2/install/web_video_server/include/web_video_server/h264_streamer.h
[1.142s] -- Up-to-date: /home/wheeltec/wheeltec_ros2/install/web_video_server/include/web_video_server/png_streamers.h
[1.142s] -- Up-to-date: /home/wheeltec/wheeltec_ros2/install/web_video_server/include/web_video_server/web_video_server.h
[1.151s] Invoked command in '/home/wheeltec/wheeltec_ros2/build/web_video_server' returned '0': CMAKE_PREFIX_PATH=${CMAKE_PREFIX_PATH}:/home/wheeltec/wheeltec_ros2/install/simple_follower_ros2:/home/wheeltec/wheeltec_ros2/install/wheeltec_robot_keyboard:/home/wheeltec/wheeltec_ros2/install/wheeltec_dual_rtk_driver:/home/wheeltec/wheeltec_ros2/install/ultralytics_ros2:/home/wheeltec/wheeltec_ros2/install/tf2_tools:/home/wheeltec/wheeltec_ros2/install/ollama_ros_chat:/home/wheeltec/wheeltec_ros2/install/nmea_navsat_driver:/home/wheeltec/wheeltec_ros2/install/nav2_waypoint_cycle:/home/wheeltec/wheeltec_ros2/install/nav2_simple_commander:/home/wheeltec/wheeltec_ros2/install/largemodel:/home/wheeltec/wheeltec_ros2/install/auto_recharge_ros2:/home/wheeltec/autoware/install/autoware_wheeltec_interface:/home/wheeltec/autoware/install/ad_api_visualizers:/opt/ros/humble /usr/bin/cmake --install /home/wheeltec/wheeltec_ros2/build/web_video_server
