[0.423s] Invoking command in '/home/wheeltec/wheeltec_ros2/build/nav2_common': CMAKE_PREFIX_PATH=${CMAKE_PREFIX_PATH}:/home/wheeltec/wheeltec_ros2/install/simple_follower_ros2:/home/wheeltec/wheeltec_ros2/install/wheeltec_robot_keyboard:/home/wheeltec/wheeltec_ros2/install/wheeltec_dual_rtk_driver:/home/wheeltec/wheeltec_ros2/install/ultralytics_ros2:/home/wheeltec/wheeltec_ros2/install/tf2_tools:/home/wheeltec/wheeltec_ros2/install/ollama_ros_chat:/home/wheeltec/wheeltec_ros2/install/nmea_navsat_driver:/home/wheeltec/wheeltec_ros2/install/nav2_waypoint_cycle:/home/wheeltec/wheeltec_ros2/install/nav2_simple_commander:/home/wheeltec/wheeltec_ros2/install/largemodel:/home/wheeltec/wheeltec_ros2/install/auto_recharge_ros2:/home/wheeltec/autoware/install/autoware_wheeltec_interface:/home/wheeltec/autoware/install/ad_api_visualizers:/opt/ros/humble /usr/bin/cmake --build /home/wheeltec/wheeltec_ros2/build/nav2_common -- -j6 -l6
[1.323s] Built target ament_cmake_python_symlink_nav2_common
[3.142s] running egg_info
[3.144s] writing nav2_common.egg-info/PKG-INFO
[3.144s] writing dependency_links to nav2_common.egg-info/dependency_links.txt
[3.145s] writing top-level names to nav2_common.egg-info/top_level.txt
[3.183s] reading manifest file 'nav2_common.egg-info/SOURCES.txt'
[3.183s] writing manifest file 'nav2_common.egg-info/SOURCES.txt'
[3.673s] Built target ament_cmake_python_build_nav2_common_egg
[3.937s] Invoked command in '/home/wheeltec/wheeltec_ros2/build/nav2_common' returned '0': CMAKE_PREFIX_PATH=${CMAKE_PREFIX_PATH}:/home/wheeltec/wheeltec_ros2/install/simple_follower_ros2:/home/wheeltec/wheeltec_ros2/install/wheeltec_robot_keyboard:/home/wheeltec/wheeltec_ros2/install/wheeltec_dual_rtk_driver:/home/wheeltec/wheeltec_ros2/install/ultralytics_ros2:/home/wheeltec/wheeltec_ros2/install/tf2_tools:/home/wheeltec/wheeltec_ros2/install/ollama_ros_chat:/home/wheeltec/wheeltec_ros2/install/nmea_navsat_driver:/home/wheeltec/wheeltec_ros2/install/nav2_waypoint_cycle:/home/wheeltec/wheeltec_ros2/install/nav2_simple_commander:/home/wheeltec/wheeltec_ros2/install/largemodel:/home/wheeltec/wheeltec_ros2/install/auto_recharge_ros2:/home/wheeltec/autoware/install/autoware_wheeltec_interface:/home/wheeltec/autoware/install/ad_api_visualizers:/opt/ros/humble /usr/bin/cmake --build /home/wheeltec/wheeltec_ros2/build/nav2_common -- -j6 -l6
[3.962s] Invoking command in '/home/wheeltec/wheeltec_ros2/build/nav2_common': CMAKE_PREFIX_PATH=${CMAKE_PREFIX_PATH}:/home/wheeltec/wheeltec_ros2/install/simple_follower_ros2:/home/wheeltec/wheeltec_ros2/install/wheeltec_robot_keyboard:/home/wheeltec/wheeltec_ros2/install/wheeltec_dual_rtk_driver:/home/wheeltec/wheeltec_ros2/install/ultralytics_ros2:/home/wheeltec/wheeltec_ros2/install/tf2_tools:/home/wheeltec/wheeltec_ros2/install/ollama_ros_chat:/home/wheeltec/wheeltec_ros2/install/nmea_navsat_driver:/home/wheeltec/wheeltec_ros2/install/nav2_waypoint_cycle:/home/wheeltec/wheeltec_ros2/install/nav2_simple_commander:/home/wheeltec/wheeltec_ros2/install/largemodel:/home/wheeltec/wheeltec_ros2/install/auto_recharge_ros2:/home/wheeltec/autoware/install/autoware_wheeltec_interface:/home/wheeltec/autoware/install/ad_api_visualizers:/opt/ros/humble /usr/bin/cmake --install /home/wheeltec/wheeltec_ros2/build/nav2_common
[4.436s] -- Install configuration: ""
[4.436s] -- Execute custom install script
[4.436s] -- Up-to-date symlink: /home/wheeltec/wheeltec_ros2/install/nav2_common/share/nav2_common/environment/pythonpath.sh
[4.436s] -- Up-to-date symlink: /home/wheeltec/wheeltec_ros2/install/nav2_common/share/nav2_common/environment/pythonpath.dsv
[4.436s] -- Up-to-date symlink: /home/wheeltec/wheeltec_ros2/install/nav2_common/local/lib/python3.10/dist-packages/nav2_common-1.1.6-py3.10.egg-info/PKG-INFO
[4.436s] -- Up-to-date symlink: /home/wheeltec/wheeltec_ros2/install/nav2_common/local/lib/python3.10/dist-packages/nav2_common-1.1.6-py3.10.egg-info/SOURCES.txt
[4.436s] -- Up-to-date symlink: /home/wheeltec/wheeltec_ros2/install/nav2_common/local/lib/python3.10/dist-packages/nav2_common-1.1.6-py3.10.egg-info/dependency_links.txt
[4.436s] -- Up-to-date symlink: /home/wheeltec/wheeltec_ros2/install/nav2_common/local/lib/python3.10/dist-packages/nav2_common-1.1.6-py3.10.egg-info/top_level.txt
[4.437s] -- Up-to-date symlink: /home/wheeltec/wheeltec_ros2/install/nav2_common/local/lib/python3.10/dist-packages/nav2_common/__init__.py
[4.437s] -- Up-to-date symlink: /home/wheeltec/wheeltec_ros2/install/nav2_common/local/lib/python3.10/dist-packages/nav2_common/launch/__init__.py
[4.437s] -- Up-to-date symlink: /home/wheeltec/wheeltec_ros2/install/nav2_common/local/lib/python3.10/dist-packages/nav2_common/launch/has_node_params.py
[4.437s] -- Up-to-date symlink: /home/wheeltec/wheeltec_ros2/install/nav2_common/local/lib/python3.10/dist-packages/nav2_common/launch/replace_string.py
[4.437s] -- Up-to-date symlink: /home/wheeltec/wheeltec_ros2/install/nav2_common/local/lib/python3.10/dist-packages/nav2_common/launch/rewritten_yaml.py
[4.437s] -- Up-to-date symlink: /home/wheeltec/wheeltec_ros2/install/nav2_common/share/ament_index/resource_index/package_run_dependencies/nav2_common
[4.437s] -- Up-to-date symlink: /home/wheeltec/wheeltec_ros2/install/nav2_common/share/ament_index/resource_index/parent_prefix_path/nav2_common
[4.438s] -- Up-to-date symlink: /home/wheeltec/wheeltec_ros2/install/nav2_common/share/nav2_common/environment/ament_prefix_path.sh
[4.438s] -- Up-to-date symlink: /home/wheeltec/wheeltec_ros2/install/nav2_common/share/nav2_common/environment/ament_prefix_path.dsv
[4.438s] -- Up-to-date symlink: /home/wheeltec/wheeltec_ros2/install/nav2_common/share/nav2_common/environment/path.sh
[4.438s] -- Up-to-date symlink: /home/wheeltec/wheeltec_ros2/install/nav2_common/share/nav2_common/environment/path.dsv
[4.438s] -- Up-to-date symlink: /home/wheeltec/wheeltec_ros2/install/nav2_common/share/nav2_common/local_setup.bash
[4.438s] -- Up-to-date symlink: /home/wheeltec/wheeltec_ros2/install/nav2_common/share/nav2_common/local_setup.sh
[4.438s] -- Up-to-date symlink: /home/wheeltec/wheeltec_ros2/install/nav2_common/share/nav2_common/local_setup.zsh
[4.438s] -- Up-to-date symlink: /home/wheeltec/wheeltec_ros2/install/nav2_common/share/nav2_common/local_setup.dsv
[4.438s] -- Symlinking: /home/wheeltec/wheeltec_ros2/install/nav2_common/share/nav2_common/package.dsv
[4.438s] -- Up-to-date symlink: /home/wheeltec/wheeltec_ros2/install/nav2_common/share/ament_index/resource_index/packages/nav2_common
[4.438s] -- Up-to-date symlink: /home/wheeltec/wheeltec_ros2/install/nav2_common/share/nav2_common/cmake/nav2_common-extras.cmake
[4.439s] -- Up-to-date symlink: /home/wheeltec/wheeltec_ros2/install/nav2_common/share/nav2_common/cmake/nav2_commonConfig.cmake
[4.439s] -- Up-to-date symlink: /home/wheeltec/wheeltec_ros2/install/nav2_common/share/nav2_common/cmake/nav2_commonConfig-version.cmake
[4.439s] -- Up-to-date symlink: /home/wheeltec/wheeltec_ros2/install/nav2_common/share/nav2_common/package.xml
[4.439s] -- Up-to-date symlink: /home/wheeltec/wheeltec_ros2/install/nav2_common/share/nav2_common/cmake/nav2_package.cmake
[4.864s] Listing '/home/wheeltec/wheeltec_ros2/install/nav2_common/local/lib/python3.10/dist-packages/nav2_common'...
[4.864s] Listing '/home/wheeltec/wheeltec_ros2/install/nav2_common/local/lib/python3.10/dist-packages/nav2_common/launch'...
[4.910s] Invoked command in '/home/wheeltec/wheeltec_ros2/build/nav2_common' returned '0': CMAKE_PREFIX_PATH=${CMAKE_PREFIX_PATH}:/home/wheeltec/wheeltec_ros2/install/simple_follower_ros2:/home/wheeltec/wheeltec_ros2/install/wheeltec_robot_keyboard:/home/wheeltec/wheeltec_ros2/install/wheeltec_dual_rtk_driver:/home/wheeltec/wheeltec_ros2/install/ultralytics_ros2:/home/wheeltec/wheeltec_ros2/install/tf2_tools:/home/wheeltec/wheeltec_ros2/install/ollama_ros_chat:/home/wheeltec/wheeltec_ros2/install/nmea_navsat_driver:/home/wheeltec/wheeltec_ros2/install/nav2_waypoint_cycle:/home/wheeltec/wheeltec_ros2/install/nav2_simple_commander:/home/wheeltec/wheeltec_ros2/install/largemodel:/home/wheeltec/wheeltec_ros2/install/auto_recharge_ros2:/home/wheeltec/autoware/install/autoware_wheeltec_interface:/home/wheeltec/autoware/install/ad_api_visualizers:/opt/ros/humble /usr/bin/cmake --install /home/wheeltec/wheeltec_ros2/build/nav2_common
