[0.241s] Invoking command in '/home/wheeltec/wheeltec_ros2/build/tts': CMAKE_PREFIX_PATH=${CMAKE_PREFIX_PATH}:/home/wheeltec/wheeltec_ros2/install/wheeltec_robot_keyboard:/home/wheeltec/wheeltec_ros2/install/wheeltec_dual_rtk_driver:/home/wheeltec/wheeltec_ros2/install/ultralytics_ros2:/home/wheeltec/wheeltec_ros2/install/tf2_tools:/home/wheeltec/wheeltec_ros2/install/nav2_waypoint_cycle:/home/wheeltec/wheeltec_ros2/install/nav2_simple_commander:/home/wheeltec/wheeltec_ros2/install/auto_recharge_ros2:/home/wheeltec/autoware/install/autoware_wheeltec_interface:/home/wheeltec/autoware/install/ad_api_visualizers:/opt/ros/humble /usr/bin/cmake --build /home/wheeltec/wheeltec_ros2/build/tts -- -j6 -l6
[0.619s] [100%] Built target tts_node
[0.882s] Invoked command in '/home/wheeltec/wheeltec_ros2/build/tts' returned '0': CMAKE_PREFIX_PATH=${CMAKE_PREFIX_PATH}:/home/wheeltec/wheeltec_ros2/install/wheeltec_robot_keyboard:/home/wheeltec/wheeltec_ros2/install/wheeltec_dual_rtk_driver:/home/wheeltec/wheeltec_ros2/install/ultralytics_ros2:/home/wheeltec/wheeltec_ros2/install/tf2_tools:/home/wheeltec/wheeltec_ros2/install/nav2_waypoint_cycle:/home/wheeltec/wheeltec_ros2/install/nav2_simple_commander:/home/wheeltec/wheeltec_ros2/install/auto_recharge_ros2:/home/wheeltec/autoware/install/autoware_wheeltec_interface:/home/wheeltec/autoware/install/ad_api_visualizers:/opt/ros/humble /usr/bin/cmake --build /home/wheeltec/wheeltec_ros2/build/tts -- -j6 -l6
[0.896s] Invoking command in '/home/wheeltec/wheeltec_ros2/build/tts': CMAKE_PREFIX_PATH=${CMAKE_PREFIX_PATH}:/home/wheeltec/wheeltec_ros2/install/wheeltec_robot_keyboard:/home/wheeltec/wheeltec_ros2/install/wheeltec_dual_rtk_driver:/home/wheeltec/wheeltec_ros2/install/ultralytics_ros2:/home/wheeltec/wheeltec_ros2/install/tf2_tools:/home/wheeltec/wheeltec_ros2/install/nav2_waypoint_cycle:/home/wheeltec/wheeltec_ros2/install/nav2_simple_commander:/home/wheeltec/wheeltec_ros2/install/auto_recharge_ros2:/home/wheeltec/autoware/install/autoware_wheeltec_interface:/home/wheeltec/autoware/install/ad_api_visualizers:/opt/ros/humble /usr/bin/cmake --install /home/wheeltec/wheeltec_ros2/build/tts
[0.943s] -- Install configuration: ""
[0.947s] -- Up-to-date: /home/wheeltec/wheeltec_ros2/install/tts/share/tts/launch
[0.947s] -- Up-to-date: /home/wheeltec/wheeltec_ros2/install/tts/share/tts/launch/tts_make.launch.py
[0.947s] -- Up-to-date: /home/wheeltec/wheeltec_ros2/install/tts/share/tts/config
[0.947s] -- Up-to-date: /home/wheeltec/wheeltec_ros2/install/tts/share/tts/config/bin
[0.948s] -- Up-to-date: /home/wheeltec/wheeltec_ros2/install/tts/share/tts/config/bin/msc
[0.948s] -- Up-to-date: /home/wheeltec/wheeltec_ros2/install/tts/share/tts/config/bin/msc/msc.cfg
[0.948s] -- Up-to-date: /home/wheeltec/wheeltec_ros2/install/tts/share/tts/config/bin/msc/res
[0.948s] -- Up-to-date: /home/wheeltec/wheeltec_ros2/install/tts/share/tts/config/bin/msc/res/tts
[0.948s] -- Up-to-date: /home/wheeltec/wheeltec_ros2/install/tts/share/tts/config/bin/msc/res/tts/xiaofeng.jet
[0.948s] -- Up-to-date: /home/wheeltec/wheeltec_ros2/install/tts/share/tts/config/bin/msc/res/tts/common.jet
[0.948s] -- Up-to-date: /home/wheeltec/wheeltec_ros2/install/tts/share/tts/config/bin/msc/res/tts/xiaoyan.jet
[0.948s] -- Up-to-date: /home/wheeltec/wheeltec_ros2/install/tts/share/tts/config/bin/msc/res/xtts
[0.948s] -- Up-to-date: /home/wheeltec/wheeltec_ros2/install/tts/share/tts/config/bin/msc/res/xtts/xiaofeng.jet
[0.949s] -- Up-to-date: /home/wheeltec/wheeltec_ros2/install/tts/share/tts/config/bin/msc/res/xtts/common_en.jet
[0.949s] -- Up-to-date: /home/wheeltec/wheeltec_ros2/install/tts/share/tts/config/bin/msc/res/xtts/common.jet
[0.949s] -- Up-to-date: /home/wheeltec/wheeltec_ros2/install/tts/share/tts/config/bin/msc/res/xtts/xiaoyan.jet
[0.949s] -- Up-to-date: /home/wheeltec/wheeltec_ros2/install/tts/share/tts/config/tts_params.yaml
[0.951s] -- Execute custom install script
[0.952s] -- Up-to-date symlink: /home/wheeltec/wheeltec_ros2/install/tts/lib/tts/tts_node
[0.953s] -- Up-to-date symlink: /home/wheeltec/wheeltec_ros2/install/tts/share/ament_index/resource_index/package_run_dependencies/tts
[0.965s] -- Up-to-date symlink: /home/wheeltec/wheeltec_ros2/install/tts/share/ament_index/resource_index/parent_prefix_path/tts
[0.965s] -- Up-to-date symlink: /home/wheeltec/wheeltec_ros2/install/tts/share/tts/environment/ament_prefix_path.sh
[0.965s] -- Up-to-date symlink: /home/wheeltec/wheeltec_ros2/install/tts/share/tts/environment/ament_prefix_path.dsv
[0.966s] -- Up-to-date symlink: /home/wheeltec/wheeltec_ros2/install/tts/share/tts/environment/path.sh
[0.966s] -- Up-to-date symlink: /home/wheeltec/wheeltec_ros2/install/tts/share/tts/environment/path.dsv
[0.967s] -- Up-to-date symlink: /home/wheeltec/wheeltec_ros2/install/tts/share/tts/local_setup.bash
[0.967s] -- Up-to-date symlink: /home/wheeltec/wheeltec_ros2/install/tts/share/tts/local_setup.sh
[0.968s] -- Up-to-date symlink: /home/wheeltec/wheeltec_ros2/install/tts/share/tts/local_setup.zsh
[0.970s] -- Up-to-date symlink: /home/wheeltec/wheeltec_ros2/install/tts/share/tts/local_setup.dsv
[0.970s] -- Symlinking: /home/wheeltec/wheeltec_ros2/install/tts/share/tts/package.dsv
[1.017s] -- Up-to-date symlink: /home/wheeltec/wheeltec_ros2/install/tts/share/ament_index/resource_index/packages/tts
[1.018s] -- Up-to-date symlink: /home/wheeltec/wheeltec_ros2/install/tts/share/tts/cmake/ttsConfig.cmake
[1.022s] -- Up-to-date symlink: /home/wheeltec/wheeltec_ros2/install/tts/share/tts/cmake/ttsConfig-version.cmake
[1.022s] -- Up-to-date symlink: /home/wheeltec/wheeltec_ros2/install/tts/share/tts/package.xml
[2.901s] Invoked command in '/home/wheeltec/wheeltec_ros2/build/tts' returned '0': CMAKE_PREFIX_PATH=${CMAKE_PREFIX_PATH}:/home/wheeltec/wheeltec_ros2/install/wheeltec_robot_keyboard:/home/wheeltec/wheeltec_ros2/install/wheeltec_dual_rtk_driver:/home/wheeltec/wheeltec_ros2/install/ultralytics_ros2:/home/wheeltec/wheeltec_ros2/install/tf2_tools:/home/wheeltec/wheeltec_ros2/install/nav2_waypoint_cycle:/home/wheeltec/wheeltec_ros2/install/nav2_simple_commander:/home/wheeltec/wheeltec_ros2/install/auto_recharge_ros2:/home/wheeltec/autoware/install/autoware_wheeltec_interface:/home/wheeltec/autoware/install/ad_api_visualizers:/opt/ros/humble /usr/bin/cmake --install /home/wheeltec/wheeltec_ros2/build/tts
