[0.108s] Invoking command in '/home/wheeltec/wheeltec_ros2/build/wheeltec_robot_rrt': CMAKE_PREFIX_PATH=${CMAKE_PREFIX_PATH}:/home/wheeltec/wheeltec_ros2/install/wheeltec_dual_rtk_driver:/home/wheeltec/wheeltec_ros2/install/ultralytics_ros2:/home/wheeltec/wheeltec_ros2/install/tf2_tools:/home/wheeltec/wheeltec_ros2/install/nav2_waypoint_cycle:/home/wheeltec/wheeltec_ros2/install/nav2_simple_commander:/home/wheeltec/wheeltec_ros2/install/auto_recharge_ros2:/home/wheeltec/autoware/install/autoware_wheeltec_interface:/home/wheeltec/autoware/install/ad_api_visualizers:/opt/ros/humble /usr/bin/cmake /home/wheeltec/wheeltec_ros2/src/wheeltec_robot_rrt2 -DAMENT_CMAKE_SYMLINK_INSTALL=1 -DCMAKE_INSTALL_PREFIX=/home/wheeltec/wheeltec_ros2/install/wheeltec_robot_rrt
[0.341s] -- The C compiler identification is GNU 11.4.0
[0.447s] -- The CXX compiler identification is GNU 11.4.0
[0.462s] -- Detecting C compiler ABI info
[0.649s] -- Detecting C compiler ABI info - done
[0.663s] -- Check for working C compiler: /usr/bin/cc - skipped
[0.669s] -- Detecting C compile features
[0.670s] -- Detecting C compile features - done
[0.676s] -- Detecting CXX compiler ABI info
[0.984s] -- Detecting CXX compiler ABI info - done
[0.999s] -- Check for working CXX compiler: /usr/bin/c++ - skipped
[1.000s] -- Detecting CXX compile features
[1.001s] -- Detecting CXX compile features - done
[1.088s] -- Found ament_cmake: 1.3.7 (/home/wheeltec/autoware/install/ament_cmake/share/ament_cmake/cmake)
[2.091s] -- Found Python3: /usr/bin/python3.10 (found version "3.10.12") found components: Interpreter 
[2.376s] -- Override CMake install command with custom implementation using symlinks instead of copying resources
[3.271s] -- Found rclcpp: 16.0.11 (/opt/ros/humble/share/rclcpp/cmake)
[4.006s] -- Found rosidl_generator_c: 3.1.6 (/opt/ros/humble/share/rosidl_generator_c/cmake)
[4.146s] -- Found rosidl_adapter: 3.1.6 (/opt/ros/humble/share/rosidl_adapter/cmake)
[4.261s] -- Found rosidl_generator_cpp: 3.1.6 (/opt/ros/humble/share/rosidl_generator_cpp/cmake)
[4.463s] -- Using all available rosidl_typesupport_c: rosidl_typesupport_fastrtps_c;rosidl_typesupport_introspection_c
[4.732s] -- Using all available rosidl_typesupport_cpp: rosidl_typesupport_fastrtps_cpp;rosidl_typesupport_introspection_cpp
[5.471s] -- Found rmw_implementation_cmake: 6.1.2 (/opt/ros/humble/share/rmw_implementation_cmake/cmake)
[5.598s] -- Found rmw_fastrtps_cpp: 6.2.7 (/opt/ros/humble/share/rmw_fastrtps_cpp/cmake)
[6.289s] -- Found OpenSSL: /usr/lib/aarch64-linux-gnu/libcrypto.so (found version "3.0.2")  
[6.465s] -- Found FastRTPS: /opt/ros/humble/include  
[6.786s] -- Using RMW implementation 'rmw_fastrtps_cpp' as default
[7.007s] -- Looking for pthread.h
[7.193s] -- Looking for pthread.h - found
[7.194s] -- Performing Test CMAKE_HAVE_LIBC_PTHREAD
[7.383s] -- Performing Test CMAKE_HAVE_LIBC_PTHREAD - Success
[7.385s] -- Found Threads: TRUE  
[7.815s] -- Found rclcpp_action: 16.0.11 (/opt/ros/humble/share/rclcpp_action/cmake)
[8.178s] -- Found filters: 2.1.0 (/opt/ros/humble/share/filters/cmake)
[8.245s] -- Found geometry_msgs: 4.2.4 (/opt/ros/humble/share/geometry_msgs/cmake)
[8.358s] [31mCMake Error at CMakeLists.txt:23 (find_package):
[8.358s]   By not providing "Findwheeltec_rrt_msg.cmake" in CMAKE_MODULE_PATH this
[8.358s]   project has asked CMake to find a package configuration file provided by
[8.358s]   "wheeltec_rrt_msg", but CMake did not find one.
[8.358s] 
[8.358s]   Could not find a package configuration file provided by "wheeltec_rrt_msg"
[8.358s]   with any of the following names:
[8.358s] 
[8.359s]     wheeltec_rrt_msgConfig.cmake
[8.359s]     wheeltec_rrt_msg-config.cmake
[8.359s] 
[8.359s]   Add the installation prefix of "wheeltec_rrt_msg" to CMAKE_PREFIX_PATH or
[8.359s]   set "wheeltec_rrt_msg_DIR" to a directory containing one of the above
[8.359s]   files.  If "wheeltec_rrt_msg" provides a separate development package or
[8.359s]   SDK, be sure it has been installed.
[8.359s] 
[8.360s] [0m
[8.360s] -- Configuring incomplete, errors occurred!
[8.360s] See also "/home/wheeltec/wheeltec_ros2/build/wheeltec_robot_rrt/CMakeFiles/CMakeOutput.log".
[8.427s] Invoked command in '/home/wheeltec/wheeltec_ros2/build/wheeltec_robot_rrt' returned '1': CMAKE_PREFIX_PATH=${CMAKE_PREFIX_PATH}:/home/wheeltec/wheeltec_ros2/install/wheeltec_dual_rtk_driver:/home/wheeltec/wheeltec_ros2/install/ultralytics_ros2:/home/wheeltec/wheeltec_ros2/install/tf2_tools:/home/wheeltec/wheeltec_ros2/install/nav2_waypoint_cycle:/home/wheeltec/wheeltec_ros2/install/nav2_simple_commander:/home/wheeltec/wheeltec_ros2/install/auto_recharge_ros2:/home/wheeltec/autoware/install/autoware_wheeltec_interface:/home/wheeltec/autoware/install/ad_api_visualizers:/opt/ros/humble /usr/bin/cmake /home/wheeltec/wheeltec_ros2/src/wheeltec_robot_rrt2 -DAMENT_CMAKE_SYMLINK_INSTALL=1 -DCMAKE_INSTALL_PREFIX=/home/wheeltec/wheeltec_ros2/install/wheeltec_robot_rrt
