gmake: Warning: File 'Makefile' has modification time 1766048175 s in the future
gmake[1]: Warning: File 'CMakeFiles/Makefile2' has modification time 1766048175 s in the future
gmake[2]: Warning: File 'CMakeFiles/voxel_grid.dir/flags.make' has modification time 1766048175 s in the future
gmake[2]: Warning: File 'gtest/CMakeFiles/gtest.dir/flags.make' has modification time 1766048175 s in the future
gmake[2]: Warning: File 'gtest/CMakeFiles/gtest_main.dir/flags.make' has modification time 1766048175 s in the future
gmake[2]: warning:  Clock skew detected.  Your build may be incomplete.
gmake[2]: warning:  Clock skew detected.  Your build may be incomplete.
gmake[2]: Warning: File 'CMakeFiles/voxel_grid.dir/flags.make' has modification time 1766048175 s in the future
gmake[2]: warning:  Clock skew detected.  Your build may be incomplete.
gmake[2]: warning:  Clock skew detected.  Your build may be incomplete.
gmake[2]: Warning: File 'gtest/CMakeFiles/gtest_main.dir/flags.make' has modification time 1766048175 s in the future
gmake[2]: Warning: File 'gtest/CMakeFiles/gtest.dir/flags.make' has modification time 1766048175 s in the future
gmake[2]: warning:  Clock skew detected.  Your build may be incomplete.
gmake[2]: warning:  Clock skew detected.  Your build may be incomplete.
[ 20%] Built target voxel_grid
[ 40%] Built target gtest_main
[ 60%] Built target gtest
gmake[2]: Warning: File 'test/CMakeFiles/voxel_grid_tests.dir/flags.make' has modification time 1766048174 s in the future
gmake[2]: Warning: File 'test/CMakeFiles/voxel_grid_bresenham_3d.dir/flags.make' has modification time 1766048174 s in the future
gmake[2]: warning:  Clock skew detected.  Your build may be incomplete.
gmake[2]: warning:  Clock skew detected.  Your build may be incomplete.
gmake[2]: Warning: File 'test/CMakeFiles/voxel_grid_tests.dir/flags.make' has modification time 1766048174 s in the future
gmake[2]: warning:  Clock skew detected.  Your build may be incomplete.
gmake[2]: Warning: File 'test/CMakeFiles/voxel_grid_bresenham_3d.dir/flags.make' has modification time 1766048174 s in the future
gmake[2]: warning:  Clock skew detected.  Your build may be incomplete.
[ 80%] Built target voxel_grid_tests
[100%] Built target voxel_grid_bresenham_3d
gmake[1]: warning:  Clock skew detected.  Your build may be incomplete.
gmake: warning:  Clock skew detected.  Your build may be incomplete.
-- Install configuration: "Release"
-- Execute custom install script
-- Up-to-date symlink: /home/wheeltec/wheeltec_ros2/install/nav2_voxel_grid/lib/libvoxel_grid.so
-- Up-to-date symlink: /home/wheeltec/wheeltec_ros2/install/nav2_voxel_grid/include/nav2_voxel_grid/voxel_grid.hpp
-- Up-to-date symlink: /home/wheeltec/wheeltec_ros2/install/nav2_voxel_grid/share/nav2_voxel_grid/environment/library_path.sh
-- Up-to-date symlink: /home/wheeltec/wheeltec_ros2/install/nav2_voxel_grid/share/nav2_voxel_grid/environment/library_path.dsv
-- Up-to-date symlink: /home/wheeltec/wheeltec_ros2/install/nav2_voxel_grid/share/ament_index/resource_index/package_run_dependencies/nav2_voxel_grid
-- Up-to-date symlink: /home/wheeltec/wheeltec_ros2/install/nav2_voxel_grid/share/ament_index/resource_index/parent_prefix_path/nav2_voxel_grid
-- Up-to-date symlink: /home/wheeltec/wheeltec_ros2/install/nav2_voxel_grid/share/nav2_voxel_grid/environment/ament_prefix_path.sh
-- Up-to-date symlink: /home/wheeltec/wheeltec_ros2/install/nav2_voxel_grid/share/nav2_voxel_grid/environment/ament_prefix_path.dsv
-- Up-to-date symlink: /home/wheeltec/wheeltec_ros2/install/nav2_voxel_grid/share/nav2_voxel_grid/environment/path.sh
-- Up-to-date symlink: /home/wheeltec/wheeltec_ros2/install/nav2_voxel_grid/share/nav2_voxel_grid/environment/path.dsv
-- Up-to-date symlink: /home/wheeltec/wheeltec_ros2/install/nav2_voxel_grid/share/nav2_voxel_grid/local_setup.bash
-- Up-to-date symlink: /home/wheeltec/wheeltec_ros2/install/nav2_voxel_grid/share/nav2_voxel_grid/local_setup.sh
-- Up-to-date symlink: /home/wheeltec/wheeltec_ros2/install/nav2_voxel_grid/share/nav2_voxel_grid/local_setup.zsh
-- Up-to-date symlink: /home/wheeltec/wheeltec_ros2/install/nav2_voxel_grid/share/nav2_voxel_grid/local_setup.dsv
-- Symlinking: /home/wheeltec/wheeltec_ros2/install/nav2_voxel_grid/share/nav2_voxel_grid/package.dsv
-- Up-to-date symlink: /home/wheeltec/wheeltec_ros2/install/nav2_voxel_grid/share/ament_index/resource_index/packages/nav2_voxel_grid
-- Up-to-date symlink: /home/wheeltec/wheeltec_ros2/install/nav2_voxel_grid/share/nav2_voxel_grid/cmake/ament_cmake_export_dependencies-extras.cmake
-- Up-to-date symlink: /home/wheeltec/wheeltec_ros2/install/nav2_voxel_grid/share/nav2_voxel_grid/cmake/ament_cmake_export_include_directories-extras.cmake
-- Up-to-date symlink: /home/wheeltec/wheeltec_ros2/install/nav2_voxel_grid/share/nav2_voxel_grid/cmake/ament_cmake_export_libraries-extras.cmake
-- Up-to-date symlink: /home/wheeltec/wheeltec_ros2/install/nav2_voxel_grid/share/nav2_voxel_grid/cmake/nav2_voxel_gridConfig.cmake
-- Up-to-date symlink: /home/wheeltec/wheeltec_ros2/install/nav2_voxel_grid/share/nav2_voxel_grid/cmake/nav2_voxel_gridConfig-version.cmake
-- Up-to-date symlink: /home/wheeltec/wheeltec_ros2/install/nav2_voxel_grid/share/nav2_voxel_grid/package.xml
