[0.224s] Invoking command in '/home/wheeltec/wheeltec_ros2/build/nmea_msgs': CMAKE_PREFIX_PATH=${CMAKE_PREFIX_PATH}:/home/wheeltec/wheeltec_ros2/install/simple_follower_ros2:/home/wheeltec/wheeltec_ros2/install/wheeltec_robot_keyboard:/home/wheeltec/wheeltec_ros2/install/wheeltec_dual_rtk_driver:/home/wheeltec/wheeltec_ros2/install/ultralytics_ros2:/home/wheeltec/wheeltec_ros2/install/tf2_tools:/home/wheeltec/wheeltec_ros2/install/ollama_ros_chat:/home/wheeltec/wheeltec_ros2/install/nmea_navsat_driver:/home/wheeltec/wheeltec_ros2/install/nav2_waypoint_cycle:/home/wheeltec/wheeltec_ros2/install/nav2_simple_commander:/home/wheeltec/wheeltec_ros2/install/largemodel:/home/wheeltec/wheeltec_ros2/install/auto_recharge_ros2:/home/wheeltec/autoware/install/autoware_wheeltec_interface:/home/wheeltec/autoware/install/ad_api_visualizers:/opt/ros/humble /usr/bin/cmake --build /home/wheeltec/wheeltec_ros2/build/nmea_msgs -- -j6 -l6
[1.008s] [  1%] Built target nmea_msgs__cpp
[1.171s] [ 12%] Built target nmea_msgs__rosidl_generator_c
[1.424s] [ 12%] Built target ament_cmake_python_symlink_nmea_msgs
[1.766s] [ 24%] Built target nmea_msgs__rosidl_typesupport_fastrtps_cpp
[1.836s] [ 35%] Built target nmea_msgs__rosidl_typesupport_cpp
[1.861s] [ 46%] Built target nmea_msgs__rosidl_typesupport_introspection_cpp
[1.867s] [ 58%] Built target nmea_msgs__rosidl_typesupport_fastrtps_c
[1.910s] [ 69%] Built target nmea_msgs__rosidl_typesupport_introspection_c
[1.967s] [ 81%] Built target nmea_msgs__rosidl_typesupport_c
[2.389s] [ 81%] Built target nmea_msgs
[2.735s] [ 82%] Built target nmea_msgs__py
[2.974s] running egg_info
[2.976s] writing nmea_msgs.egg-info/PKG-INFO
[2.977s] writing dependency_links to nmea_msgs.egg-info/dependency_links.txt
[2.977s] writing top-level names to nmea_msgs.egg-info/top_level.txt
[3.031s] reading manifest file 'nmea_msgs.egg-info/SOURCES.txt'
[3.040s] writing manifest file 'nmea_msgs.egg-info/SOURCES.txt'
[3.349s] [ 92%] Built target nmea_msgs__rosidl_generator_py
[3.414s] [ 92%] Built target ament_cmake_python_build_nmea_msgs_egg
[4.031s] [ 94%] Built target nmea_msgs__rosidl_typesupport_introspection_c__pyext
[4.056s] [ 97%] Built target nmea_msgs__rosidl_typesupport_fastrtps_c__pyext
[4.219s] [100%] Built target nmea_msgs__rosidl_typesupport_c__pyext
[4.439s] Invoked command in '/home/wheeltec/wheeltec_ros2/build/nmea_msgs' returned '0': CMAKE_PREFIX_PATH=${CMAKE_PREFIX_PATH}:/home/wheeltec/wheeltec_ros2/install/simple_follower_ros2:/home/wheeltec/wheeltec_ros2/install/wheeltec_robot_keyboard:/home/wheeltec/wheeltec_ros2/install/wheeltec_dual_rtk_driver:/home/wheeltec/wheeltec_ros2/install/ultralytics_ros2:/home/wheeltec/wheeltec_ros2/install/tf2_tools:/home/wheeltec/wheeltec_ros2/install/ollama_ros_chat:/home/wheeltec/wheeltec_ros2/install/nmea_navsat_driver:/home/wheeltec/wheeltec_ros2/install/nav2_waypoint_cycle:/home/wheeltec/wheeltec_ros2/install/nav2_simple_commander:/home/wheeltec/wheeltec_ros2/install/largemodel:/home/wheeltec/wheeltec_ros2/install/auto_recharge_ros2:/home/wheeltec/autoware/install/autoware_wheeltec_interface:/home/wheeltec/autoware/install/ad_api_visualizers:/opt/ros/humble /usr/bin/cmake --build /home/wheeltec/wheeltec_ros2/build/nmea_msgs -- -j6 -l6
[4.441s] Invoking command in '/home/wheeltec/wheeltec_ros2/build/nmea_msgs': CMAKE_PREFIX_PATH=${CMAKE_PREFIX_PATH}:/home/wheeltec/wheeltec_ros2/install/simple_follower_ros2:/home/wheeltec/wheeltec_ros2/install/wheeltec_robot_keyboard:/home/wheeltec/wheeltec_ros2/install/wheeltec_dual_rtk_driver:/home/wheeltec/wheeltec_ros2/install/ultralytics_ros2:/home/wheeltec/wheeltec_ros2/install/tf2_tools:/home/wheeltec/wheeltec_ros2/install/ollama_ros_chat:/home/wheeltec/wheeltec_ros2/install/nmea_navsat_driver:/home/wheeltec/wheeltec_ros2/install/nav2_waypoint_cycle:/home/wheeltec/wheeltec_ros2/install/nav2_simple_commander:/home/wheeltec/wheeltec_ros2/install/largemodel:/home/wheeltec/wheeltec_ros2/install/auto_recharge_ros2:/home/wheeltec/autoware/install/autoware_wheeltec_interface:/home/wheeltec/autoware/install/ad_api_visualizers:/opt/ros/humble /usr/bin/cmake --install /home/wheeltec/wheeltec_ros2/build/nmea_msgs
[4.574s] -- Install configuration: ""
[4.592s] -- Execute custom install script
[4.592s] -- Up-to-date symlink: /home/wheeltec/wheeltec_ros2/install/nmea_msgs/share/ament_index/resource_index/rosidl_interfaces/nmea_msgs
[4.593s] -- Up-to-date symlink: /home/wheeltec/wheeltec_ros2/install/nmea_msgs/include/nmea_msgs/nmea_msgs/msg/detail/gpgga__functions.h
[4.593s] -- Up-to-date symlink: /home/wheeltec/wheeltec_ros2/install/nmea_msgs/include/nmea_msgs/nmea_msgs/msg/detail/gpgga__struct.h
[4.593s] -- Up-to-date symlink: /home/wheeltec/wheeltec_ros2/install/nmea_msgs/include/nmea_msgs/nmea_msgs/msg/detail/gpgga__type_support.h
[4.594s] -- Up-to-date symlink: /home/wheeltec/wheeltec_ros2/install/nmea_msgs/include/nmea_msgs/nmea_msgs/msg/detail/gpgsa__functions.h
[4.594s] -- Up-to-date symlink: /home/wheeltec/wheeltec_ros2/install/nmea_msgs/include/nmea_msgs/nmea_msgs/msg/detail/gpgsa__struct.h
[4.594s] -- Up-to-date symlink: /home/wheeltec/wheeltec_ros2/install/nmea_msgs/include/nmea_msgs/nmea_msgs/msg/detail/gpgsa__type_support.h
[4.594s] -- Up-to-date symlink: /home/wheeltec/wheeltec_ros2/install/nmea_msgs/include/nmea_msgs/nmea_msgs/msg/detail/gpgst__functions.h
[4.594s] -- Up-to-date symlink: /home/wheeltec/wheeltec_ros2/install/nmea_msgs/include/nmea_msgs/nmea_msgs/msg/detail/gpgst__struct.h
[4.594s] -- Up-to-date symlink: /home/wheeltec/wheeltec_ros2/install/nmea_msgs/include/nmea_msgs/nmea_msgs/msg/detail/gpgst__type_support.h
[4.594s] -- Up-to-date symlink: /home/wheeltec/wheeltec_ros2/install/nmea_msgs/include/nmea_msgs/nmea_msgs/msg/detail/gpgsv__functions.h
[4.594s] -- Up-to-date symlink: /home/wheeltec/wheeltec_ros2/install/nmea_msgs/include/nmea_msgs/nmea_msgs/msg/detail/gpgsv__struct.h
[4.594s] -- Up-to-date symlink: /home/wheeltec/wheeltec_ros2/install/nmea_msgs/include/nmea_msgs/nmea_msgs/msg/detail/gpgsv__type_support.h
[4.595s] -- Up-to-date symlink: /home/wheeltec/wheeltec_ros2/install/nmea_msgs/include/nmea_msgs/nmea_msgs/msg/detail/gpgsv_satellite__functions.h
[4.595s] -- Up-to-date symlink: /home/wheeltec/wheeltec_ros2/install/nmea_msgs/include/nmea_msgs/nmea_msgs/msg/detail/gpgsv_satellite__struct.h
[4.595s] -- Up-to-date symlink: /home/wheeltec/wheeltec_ros2/install/nmea_msgs/include/nmea_msgs/nmea_msgs/msg/detail/gpgsv_satellite__type_support.h
[4.595s] -- Up-to-date symlink: /home/wheeltec/wheeltec_ros2/install/nmea_msgs/include/nmea_msgs/nmea_msgs/msg/detail/gprmc__functions.h
[4.595s] -- Up-to-date symlink: /home/wheeltec/wheeltec_ros2/install/nmea_msgs/include/nmea_msgs/nmea_msgs/msg/detail/gprmc__struct.h
[4.597s] -- Up-to-date symlink: /home/wheeltec/wheeltec_ros2/install/nmea_msgs/include/nmea_msgs/nmea_msgs/msg/detail/gprmc__type_support.h
[4.597s] -- Up-to-date symlink: /home/wheeltec/wheeltec_ros2/install/nmea_msgs/include/nmea_msgs/nmea_msgs/msg/detail/sentence__functions.h
[4.597s] -- Up-to-date symlink: /home/wheeltec/wheeltec_ros2/install/nmea_msgs/include/nmea_msgs/nmea_msgs/msg/detail/sentence__struct.h
[4.597s] -- Up-to-date symlink: /home/wheeltec/wheeltec_ros2/install/nmea_msgs/include/nmea_msgs/nmea_msgs/msg/detail/sentence__type_support.h
[4.598s] -- Up-to-date symlink: /home/wheeltec/wheeltec_ros2/install/nmea_msgs/include/nmea_msgs/nmea_msgs/msg/gpgga.h
[4.598s] -- Up-to-date symlink: /home/wheeltec/wheeltec_ros2/install/nmea_msgs/include/nmea_msgs/nmea_msgs/msg/gpgsa.h
[4.598s] -- Up-to-date symlink: /home/wheeltec/wheeltec_ros2/install/nmea_msgs/include/nmea_msgs/nmea_msgs/msg/gpgst.h
[4.598s] -- Up-to-date symlink: /home/wheeltec/wheeltec_ros2/install/nmea_msgs/include/nmea_msgs/nmea_msgs/msg/gpgsv.h
[4.598s] -- Up-to-date symlink: /home/wheeltec/wheeltec_ros2/install/nmea_msgs/include/nmea_msgs/nmea_msgs/msg/gpgsv_satellite.h
[4.598s] -- Up-to-date symlink: /home/wheeltec/wheeltec_ros2/install/nmea_msgs/include/nmea_msgs/nmea_msgs/msg/gprmc.h
[4.598s] -- Up-to-date symlink: /home/wheeltec/wheeltec_ros2/install/nmea_msgs/include/nmea_msgs/nmea_msgs/msg/rosidl_generator_c__visibility_control.h
[4.598s] -- Up-to-date symlink: /home/wheeltec/wheeltec_ros2/install/nmea_msgs/include/nmea_msgs/nmea_msgs/msg/sentence.h
[4.598s] -- Up-to-date symlink: /home/wheeltec/wheeltec_ros2/install/nmea_msgs/share/nmea_msgs/environment/library_path.sh
[4.599s] -- Up-to-date symlink: /home/wheeltec/wheeltec_ros2/install/nmea_msgs/share/nmea_msgs/environment/library_path.dsv
[4.599s] -- Up-to-date symlink: /home/wheeltec/wheeltec_ros2/install/nmea_msgs/include/nmea_msgs/nmea_msgs/msg/detail/gpgga__rosidl_typesupport_fastrtps_c.h
[4.599s] -- Up-to-date symlink: /home/wheeltec/wheeltec_ros2/install/nmea_msgs/include/nmea_msgs/nmea_msgs/msg/detail/gpgsa__rosidl_typesupport_fastrtps_c.h
[4.599s] -- Up-to-date symlink: /home/wheeltec/wheeltec_ros2/install/nmea_msgs/include/nmea_msgs/nmea_msgs/msg/detail/gpgst__rosidl_typesupport_fastrtps_c.h
[4.599s] -- Up-to-date symlink: /home/wheeltec/wheeltec_ros2/install/nmea_msgs/include/nmea_msgs/nmea_msgs/msg/detail/gpgsv__rosidl_typesupport_fastrtps_c.h
[4.599s] -- Up-to-date symlink: /home/wheeltec/wheeltec_ros2/install/nmea_msgs/include/nmea_msgs/nmea_msgs/msg/detail/gpgsv_satellite__rosidl_typesupport_fastrtps_c.h
[4.600s] -- Up-to-date symlink: /home/wheeltec/wheeltec_ros2/install/nmea_msgs/include/nmea_msgs/nmea_msgs/msg/detail/gprmc__rosidl_typesupport_fastrtps_c.h
[4.600s] -- Up-to-date symlink: /home/wheeltec/wheeltec_ros2/install/nmea_msgs/include/nmea_msgs/nmea_msgs/msg/detail/sentence__rosidl_typesupport_fastrtps_c.h
[4.600s] -- Up-to-date symlink: /home/wheeltec/wheeltec_ros2/install/nmea_msgs/include/nmea_msgs/nmea_msgs/msg/rosidl_typesupport_fastrtps_c__visibility_control.h
[4.600s] -- Up-to-date symlink: /home/wheeltec/wheeltec_ros2/install/nmea_msgs/include/nmea_msgs/nmea_msgs/msg/detail/gpgga__rosidl_typesupport_introspection_c.h
[4.606s] -- Up-to-date symlink: /home/wheeltec/wheeltec_ros2/install/nmea_msgs/include/nmea_msgs/nmea_msgs/msg/detail/gpgsa__rosidl_typesupport_introspection_c.h
[4.606s] -- Up-to-date symlink: /home/wheeltec/wheeltec_ros2/install/nmea_msgs/include/nmea_msgs/nmea_msgs/msg/detail/gpgst__rosidl_typesupport_introspection_c.h
[4.607s] -- Up-to-date symlink: /home/wheeltec/wheeltec_ros2/install/nmea_msgs/include/nmea_msgs/nmea_msgs/msg/detail/gpgsv__rosidl_typesupport_introspection_c.h
[4.607s] -- Up-to-date symlink: /home/wheeltec/wheeltec_ros2/install/nmea_msgs/include/nmea_msgs/nmea_msgs/msg/detail/gpgsv_satellite__rosidl_typesupport_introspection_c.h
[4.607s] -- Up-to-date symlink: /home/wheeltec/wheeltec_ros2/install/nmea_msgs/include/nmea_msgs/nmea_msgs/msg/detail/gprmc__rosidl_typesupport_introspection_c.h
[4.607s] -- Up-to-date symlink: /home/wheeltec/wheeltec_ros2/install/nmea_msgs/include/nmea_msgs/nmea_msgs/msg/detail/sentence__rosidl_typesupport_introspection_c.h
[4.607s] -- Up-to-date symlink: /home/wheeltec/wheeltec_ros2/install/nmea_msgs/include/nmea_msgs/nmea_msgs/msg/rosidl_typesupport_introspection_c__visibility_control.h
[4.608s] -- Up-to-date symlink: /home/wheeltec/wheeltec_ros2/install/nmea_msgs/include/nmea_msgs/nmea_msgs/msg/detail/gpgga__builder.hpp
[4.608s] -- Up-to-date symlink: /home/wheeltec/wheeltec_ros2/install/nmea_msgs/include/nmea_msgs/nmea_msgs/msg/detail/gpgga__struct.hpp
[4.608s] -- Up-to-date symlink: /home/wheeltec/wheeltec_ros2/install/nmea_msgs/include/nmea_msgs/nmea_msgs/msg/detail/gpgga__traits.hpp
[4.608s] -- Up-to-date symlink: /home/wheeltec/wheeltec_ros2/install/nmea_msgs/include/nmea_msgs/nmea_msgs/msg/detail/gpgga__type_support.hpp
[4.609s] -- Up-to-date symlink: /home/wheeltec/wheeltec_ros2/install/nmea_msgs/include/nmea_msgs/nmea_msgs/msg/detail/gpgsa__builder.hpp
[4.609s] -- Up-to-date symlink: /home/wheeltec/wheeltec_ros2/install/nmea_msgs/include/nmea_msgs/nmea_msgs/msg/detail/gpgsa__struct.hpp
[4.609s] -- Up-to-date symlink: /home/wheeltec/wheeltec_ros2/install/nmea_msgs/include/nmea_msgs/nmea_msgs/msg/detail/gpgsa__traits.hpp
[4.609s] -- Up-to-date symlink: /home/wheeltec/wheeltec_ros2/install/nmea_msgs/include/nmea_msgs/nmea_msgs/msg/detail/gpgsa__type_support.hpp
[4.609s] -- Up-to-date symlink: /home/wheeltec/wheeltec_ros2/install/nmea_msgs/include/nmea_msgs/nmea_msgs/msg/detail/gpgst__builder.hpp
[4.609s] -- Up-to-date symlink: /home/wheeltec/wheeltec_ros2/install/nmea_msgs/include/nmea_msgs/nmea_msgs/msg/detail/gpgst__struct.hpp
[4.609s] -- Up-to-date symlink: /home/wheeltec/wheeltec_ros2/install/nmea_msgs/include/nmea_msgs/nmea_msgs/msg/detail/gpgst__traits.hpp
[4.610s] -- Up-to-date symlink: /home/wheeltec/wheeltec_ros2/install/nmea_msgs/include/nmea_msgs/nmea_msgs/msg/detail/gpgst__type_support.hpp
[4.610s] -- Up-to-date symlink: /home/wheeltec/wheeltec_ros2/install/nmea_msgs/include/nmea_msgs/nmea_msgs/msg/detail/gpgsv__builder.hpp
[4.610s] -- Up-to-date symlink: /home/wheeltec/wheeltec_ros2/install/nmea_msgs/include/nmea_msgs/nmea_msgs/msg/detail/gpgsv__struct.hpp
[4.610s] -- Up-to-date symlink: /home/wheeltec/wheeltec_ros2/install/nmea_msgs/include/nmea_msgs/nmea_msgs/msg/detail/gpgsv__traits.hpp
[4.610s] -- Up-to-date symlink: /home/wheeltec/wheeltec_ros2/install/nmea_msgs/include/nmea_msgs/nmea_msgs/msg/detail/gpgsv__type_support.hpp
[4.610s] -- Up-to-date symlink: /home/wheeltec/wheeltec_ros2/install/nmea_msgs/include/nmea_msgs/nmea_msgs/msg/detail/gpgsv_satellite__builder.hpp
[4.613s] -- Up-to-date symlink: /home/wheeltec/wheeltec_ros2/install/nmea_msgs/include/nmea_msgs/nmea_msgs/msg/detail/gpgsv_satellite__struct.hpp
[4.613s] -- Up-to-date symlink: /home/wheeltec/wheeltec_ros2/install/nmea_msgs/include/nmea_msgs/nmea_msgs/msg/detail/gpgsv_satellite__traits.hpp
[4.613s] -- Up-to-date symlink: /home/wheeltec/wheeltec_ros2/install/nmea_msgs/include/nmea_msgs/nmea_msgs/msg/detail/gpgsv_satellite__type_support.hpp
[4.613s] -- Up-to-date symlink: /home/wheeltec/wheeltec_ros2/install/nmea_msgs/include/nmea_msgs/nmea_msgs/msg/detail/gprmc__builder.hpp
[4.613s] -- Up-to-date symlink: /home/wheeltec/wheeltec_ros2/install/nmea_msgs/include/nmea_msgs/nmea_msgs/msg/detail/gprmc__struct.hpp
[4.613s] -- Up-to-date symlink: /home/wheeltec/wheeltec_ros2/install/nmea_msgs/include/nmea_msgs/nmea_msgs/msg/detail/gprmc__traits.hpp
[4.614s] -- Up-to-date symlink: /home/wheeltec/wheeltec_ros2/install/nmea_msgs/include/nmea_msgs/nmea_msgs/msg/detail/gprmc__type_support.hpp
[4.614s] -- Up-to-date symlink: /home/wheeltec/wheeltec_ros2/install/nmea_msgs/include/nmea_msgs/nmea_msgs/msg/detail/sentence__builder.hpp
[4.614s] -- Up-to-date symlink: /home/wheeltec/wheeltec_ros2/install/nmea_msgs/include/nmea_msgs/nmea_msgs/msg/detail/sentence__struct.hpp
[4.614s] -- Up-to-date symlink: /home/wheeltec/wheeltec_ros2/install/nmea_msgs/include/nmea_msgs/nmea_msgs/msg/detail/sentence__traits.hpp
[4.614s] -- Up-to-date symlink: /home/wheeltec/wheeltec_ros2/install/nmea_msgs/include/nmea_msgs/nmea_msgs/msg/detail/sentence__type_support.hpp
[4.614s] -- Up-to-date symlink: /home/wheeltec/wheeltec_ros2/install/nmea_msgs/include/nmea_msgs/nmea_msgs/msg/gpgga.hpp
[4.615s] -- Up-to-date symlink: /home/wheeltec/wheeltec_ros2/install/nmea_msgs/include/nmea_msgs/nmea_msgs/msg/gpgsa.hpp
[4.615s] -- Up-to-date symlink: /home/wheeltec/wheeltec_ros2/install/nmea_msgs/include/nmea_msgs/nmea_msgs/msg/gpgst.hpp
[4.615s] -- Up-to-date symlink: /home/wheeltec/wheeltec_ros2/install/nmea_msgs/include/nmea_msgs/nmea_msgs/msg/gpgsv.hpp
[4.615s] -- Up-to-date symlink: /home/wheeltec/wheeltec_ros2/install/nmea_msgs/include/nmea_msgs/nmea_msgs/msg/gpgsv_satellite.hpp
[4.615s] -- Up-to-date symlink: /home/wheeltec/wheeltec_ros2/install/nmea_msgs/include/nmea_msgs/nmea_msgs/msg/gprmc.hpp
[4.616s] -- Up-to-date symlink: /home/wheeltec/wheeltec_ros2/install/nmea_msgs/include/nmea_msgs/nmea_msgs/msg/rosidl_generator_cpp__visibility_control.hpp
[4.616s] -- Up-to-date symlink: /home/wheeltec/wheeltec_ros2/install/nmea_msgs/include/nmea_msgs/nmea_msgs/msg/sentence.hpp
[4.616s] -- Up-to-date symlink: /home/wheeltec/wheeltec_ros2/install/nmea_msgs/include/nmea_msgs/nmea_msgs/msg/detail/gpgga__rosidl_typesupport_fastrtps_cpp.hpp
[4.616s] -- Up-to-date symlink: /home/wheeltec/wheeltec_ros2/install/nmea_msgs/include/nmea_msgs/nmea_msgs/msg/detail/gpgsa__rosidl_typesupport_fastrtps_cpp.hpp
[4.617s] -- Up-to-date symlink: /home/wheeltec/wheeltec_ros2/install/nmea_msgs/include/nmea_msgs/nmea_msgs/msg/detail/gpgst__rosidl_typesupport_fastrtps_cpp.hpp
[4.617s] -- Up-to-date symlink: /home/wheeltec/wheeltec_ros2/install/nmea_msgs/include/nmea_msgs/nmea_msgs/msg/detail/gpgsv__rosidl_typesupport_fastrtps_cpp.hpp
[4.617s] -- Up-to-date symlink: /home/wheeltec/wheeltec_ros2/install/nmea_msgs/include/nmea_msgs/nmea_msgs/msg/detail/gpgsv_satellite__rosidl_typesupport_fastrtps_cpp.hpp
[4.617s] -- Up-to-date symlink: /home/wheeltec/wheeltec_ros2/install/nmea_msgs/include/nmea_msgs/nmea_msgs/msg/detail/gprmc__rosidl_typesupport_fastrtps_cpp.hpp
[4.617s] -- Up-to-date symlink: /home/wheeltec/wheeltec_ros2/install/nmea_msgs/include/nmea_msgs/nmea_msgs/msg/detail/sentence__rosidl_typesupport_fastrtps_cpp.hpp
[4.623s] -- Up-to-date symlink: /home/wheeltec/wheeltec_ros2/install/nmea_msgs/include/nmea_msgs/nmea_msgs/msg/rosidl_typesupport_fastrtps_cpp__visibility_control.h
[4.623s] -- Up-to-date symlink: /home/wheeltec/wheeltec_ros2/install/nmea_msgs/include/nmea_msgs/nmea_msgs/msg/detail/gpgga__rosidl_typesupport_introspection_cpp.hpp
[4.624s] -- Up-to-date symlink: /home/wheeltec/wheeltec_ros2/install/nmea_msgs/include/nmea_msgs/nmea_msgs/msg/detail/gpgsa__rosidl_typesupport_introspection_cpp.hpp
[4.624s] -- Up-to-date symlink: /home/wheeltec/wheeltec_ros2/install/nmea_msgs/include/nmea_msgs/nmea_msgs/msg/detail/gpgst__rosidl_typesupport_introspection_cpp.hpp
[4.624s] -- Up-to-date symlink: /home/wheeltec/wheeltec_ros2/install/nmea_msgs/include/nmea_msgs/nmea_msgs/msg/detail/gpgsv__rosidl_typesupport_introspection_cpp.hpp
[4.624s] -- Up-to-date symlink: /home/wheeltec/wheeltec_ros2/install/nmea_msgs/include/nmea_msgs/nmea_msgs/msg/detail/gpgsv_satellite__rosidl_typesupport_introspection_cpp.hpp
[4.624s] -- Up-to-date symlink: /home/wheeltec/wheeltec_ros2/install/nmea_msgs/include/nmea_msgs/nmea_msgs/msg/detail/gprmc__rosidl_typesupport_introspection_cpp.hpp
[4.624s] -- Up-to-date symlink: /home/wheeltec/wheeltec_ros2/install/nmea_msgs/include/nmea_msgs/nmea_msgs/msg/detail/sentence__rosidl_typesupport_introspection_cpp.hpp
[4.625s] -- Up-to-date symlink: /home/wheeltec/wheeltec_ros2/install/nmea_msgs/share/nmea_msgs/environment/pythonpath.sh
[4.625s] -- Up-to-date symlink: /home/wheeltec/wheeltec_ros2/install/nmea_msgs/share/nmea_msgs/environment/pythonpath.dsv
[4.625s] -- Up-to-date symlink: /home/wheeltec/wheeltec_ros2/install/nmea_msgs/local/lib/python3.10/dist-packages/nmea_msgs-2.0.0-py3.10.egg-info/PKG-INFO
[4.625s] -- Up-to-date symlink: /home/wheeltec/wheeltec_ros2/install/nmea_msgs/local/lib/python3.10/dist-packages/nmea_msgs-2.0.0-py3.10.egg-info/SOURCES.txt
[4.626s] -- Up-to-date symlink: /home/wheeltec/wheeltec_ros2/install/nmea_msgs/local/lib/python3.10/dist-packages/nmea_msgs-2.0.0-py3.10.egg-info/dependency_links.txt
[4.626s] -- Up-to-date symlink: /home/wheeltec/wheeltec_ros2/install/nmea_msgs/local/lib/python3.10/dist-packages/nmea_msgs-2.0.0-py3.10.egg-info/top_level.txt
[4.633s] -- Up-to-date symlink: /home/wheeltec/wheeltec_ros2/install/nmea_msgs/local/lib/python3.10/dist-packages/nmea_msgs/__init__.py
[4.634s] -- Up-to-date symlink: /home/wheeltec/wheeltec_ros2/install/nmea_msgs/local/lib/python3.10/dist-packages/nmea_msgs/_nmea_msgs_s.ep.rosidl_typesupport_c.c
[4.634s] -- Up-to-date symlink: /home/wheeltec/wheeltec_ros2/install/nmea_msgs/local/lib/python3.10/dist-packages/nmea_msgs/_nmea_msgs_s.ep.rosidl_typesupport_fastrtps_c.c
[4.634s] -- Up-to-date symlink: /home/wheeltec/wheeltec_ros2/install/nmea_msgs/local/lib/python3.10/dist-packages/nmea_msgs/_nmea_msgs_s.ep.rosidl_typesupport_introspection_c.c
[4.634s] -- Up-to-date symlink: /home/wheeltec/wheeltec_ros2/install/nmea_msgs/local/lib/python3.10/dist-packages/nmea_msgs/libnmea_msgs__rosidl_generator_py.so
[4.634s] -- Up-to-date symlink: /home/wheeltec/wheeltec_ros2/install/nmea_msgs/local/lib/python3.10/dist-packages/nmea_msgs/msg/__init__.py
[4.634s] -- Up-to-date symlink: /home/wheeltec/wheeltec_ros2/install/nmea_msgs/local/lib/python3.10/dist-packages/nmea_msgs/msg/_gpgga.py
[4.635s] -- Up-to-date symlink: /home/wheeltec/wheeltec_ros2/install/nmea_msgs/local/lib/python3.10/dist-packages/nmea_msgs/msg/_gpgga_s.c
[4.635s] -- Up-to-date symlink: /home/wheeltec/wheeltec_ros2/install/nmea_msgs/local/lib/python3.10/dist-packages/nmea_msgs/msg/_gpgsa.py
[4.635s] -- Up-to-date symlink: /home/wheeltec/wheeltec_ros2/install/nmea_msgs/local/lib/python3.10/dist-packages/nmea_msgs/msg/_gpgsa_s.c
[4.635s] -- Up-to-date symlink: /home/wheeltec/wheeltec_ros2/install/nmea_msgs/local/lib/python3.10/dist-packages/nmea_msgs/msg/_gpgst.py
[4.635s] -- Up-to-date symlink: /home/wheeltec/wheeltec_ros2/install/nmea_msgs/local/lib/python3.10/dist-packages/nmea_msgs/msg/_gpgst_s.c
[4.635s] -- Up-to-date symlink: /home/wheeltec/wheeltec_ros2/install/nmea_msgs/local/lib/python3.10/dist-packages/nmea_msgs/msg/_gpgsv.py
[4.635s] -- Up-to-date symlink: /home/wheeltec/wheeltec_ros2/install/nmea_msgs/local/lib/python3.10/dist-packages/nmea_msgs/msg/_gpgsv_s.c
[4.635s] -- Up-to-date symlink: /home/wheeltec/wheeltec_ros2/install/nmea_msgs/local/lib/python3.10/dist-packages/nmea_msgs/msg/_gpgsv_satellite.py
[4.636s] -- Up-to-date symlink: /home/wheeltec/wheeltec_ros2/install/nmea_msgs/local/lib/python3.10/dist-packages/nmea_msgs/msg/_gpgsv_satellite_s.c
[4.636s] -- Up-to-date symlink: /home/wheeltec/wheeltec_ros2/install/nmea_msgs/local/lib/python3.10/dist-packages/nmea_msgs/msg/_gprmc.py
[4.636s] -- Up-to-date symlink: /home/wheeltec/wheeltec_ros2/install/nmea_msgs/local/lib/python3.10/dist-packages/nmea_msgs/msg/_gprmc_s.c
[4.636s] -- Up-to-date symlink: /home/wheeltec/wheeltec_ros2/install/nmea_msgs/local/lib/python3.10/dist-packages/nmea_msgs/msg/_sentence.py
[4.636s] -- Up-to-date symlink: /home/wheeltec/wheeltec_ros2/install/nmea_msgs/local/lib/python3.10/dist-packages/nmea_msgs/msg/_sentence_s.c
[4.636s] -- Up-to-date symlink: /home/wheeltec/wheeltec_ros2/install/nmea_msgs/local/lib/python3.10/dist-packages/nmea_msgs/nmea_msgs_s__rosidl_typesupport_c.cpython-310-aarch64-linux-gnu.so
[4.636s] -- Up-to-date symlink: /home/wheeltec/wheeltec_ros2/install/nmea_msgs/local/lib/python3.10/dist-packages/nmea_msgs/nmea_msgs_s__rosidl_typesupport_fastrtps_c.cpython-310-aarch64-linux-gnu.so
[4.637s] -- Up-to-date symlink: /home/wheeltec/wheeltec_ros2/install/nmea_msgs/local/lib/python3.10/dist-packages/nmea_msgs/nmea_msgs_s__rosidl_typesupport_introspection_c.cpython-310-aarch64-linux-gnu.so
[4.637s] -- Up-to-date symlink: /home/wheeltec/wheeltec_ros2/install/nmea_msgs/local/lib/python3.10/dist-packages/nmea_msgs/nmea_msgs_s__rosidl_typesupport_fastrtps_c.cpython-310-aarch64-linux-gnu.so
[4.637s] -- Up-to-date symlink: /home/wheeltec/wheeltec_ros2/install/nmea_msgs/local/lib/python3.10/dist-packages/nmea_msgs/nmea_msgs_s__rosidl_typesupport_introspection_c.cpython-310-aarch64-linux-gnu.so
[4.643s] -- Up-to-date symlink: /home/wheeltec/wheeltec_ros2/install/nmea_msgs/local/lib/python3.10/dist-packages/nmea_msgs/nmea_msgs_s__rosidl_typesupport_c.cpython-310-aarch64-linux-gnu.so
[4.643s] -- Up-to-date symlink: /home/wheeltec/wheeltec_ros2/install/nmea_msgs/share/nmea_msgs/msg/Sentence.idl
[4.643s] -- Up-to-date symlink: /home/wheeltec/wheeltec_ros2/install/nmea_msgs/share/nmea_msgs/msg/Gpgga.idl
[4.644s] -- Up-to-date symlink: /home/wheeltec/wheeltec_ros2/install/nmea_msgs/share/nmea_msgs/msg/Gpgsa.idl
[4.644s] -- Up-to-date symlink: /home/wheeltec/wheeltec_ros2/install/nmea_msgs/share/nmea_msgs/msg/Gpgst.idl
[4.644s] -- Up-to-date symlink: /home/wheeltec/wheeltec_ros2/install/nmea_msgs/share/nmea_msgs/msg/Gpgsv.idl
[4.644s] -- Up-to-date symlink: /home/wheeltec/wheeltec_ros2/install/nmea_msgs/share/nmea_msgs/msg/GpgsvSatellite.idl
[4.645s] -- Up-to-date symlink: /home/wheeltec/wheeltec_ros2/install/nmea_msgs/share/nmea_msgs/msg/Gprmc.idl
[4.645s] -- Up-to-date symlink: /home/wheeltec/wheeltec_ros2/install/nmea_msgs/share/nmea_msgs/msg/Sentence.msg
[4.645s] -- Up-to-date symlink: /home/wheeltec/wheeltec_ros2/install/nmea_msgs/share/nmea_msgs/msg/Gpgga.msg
[4.645s] -- Up-to-date symlink: /home/wheeltec/wheeltec_ros2/install/nmea_msgs/share/nmea_msgs/msg/Gpgsa.msg
[4.645s] -- Up-to-date symlink: /home/wheeltec/wheeltec_ros2/install/nmea_msgs/share/nmea_msgs/msg/Gpgst.msg
[4.646s] -- Up-to-date symlink: /home/wheeltec/wheeltec_ros2/install/nmea_msgs/share/nmea_msgs/msg/Gpgsv.msg
[4.646s] -- Up-to-date symlink: /home/wheeltec/wheeltec_ros2/install/nmea_msgs/share/nmea_msgs/msg/GpgsvSatellite.msg
[4.646s] -- Up-to-date symlink: /home/wheeltec/wheeltec_ros2/install/nmea_msgs/share/nmea_msgs/msg/Gprmc.msg
[4.646s] -- Up-to-date symlink: /home/wheeltec/wheeltec_ros2/install/nmea_msgs/share/ament_index/resource_index/package_run_dependencies/nmea_msgs
[4.646s] -- Up-to-date symlink: /home/wheeltec/wheeltec_ros2/install/nmea_msgs/share/ament_index/resource_index/parent_prefix_path/nmea_msgs
[4.647s] -- Up-to-date symlink: /home/wheeltec/wheeltec_ros2/install/nmea_msgs/share/nmea_msgs/environment/ament_prefix_path.sh
[4.647s] -- Up-to-date symlink: /home/wheeltec/wheeltec_ros2/install/nmea_msgs/share/nmea_msgs/environment/ament_prefix_path.dsv
[4.647s] -- Up-to-date symlink: /home/wheeltec/wheeltec_ros2/install/nmea_msgs/share/nmea_msgs/environment/path.sh
[4.647s] -- Up-to-date symlink: /home/wheeltec/wheeltec_ros2/install/nmea_msgs/share/nmea_msgs/environment/path.dsv
[4.648s] -- Up-to-date symlink: /home/wheeltec/wheeltec_ros2/install/nmea_msgs/share/nmea_msgs/local_setup.bash
[4.648s] -- Up-to-date symlink: /home/wheeltec/wheeltec_ros2/install/nmea_msgs/share/nmea_msgs/local_setup.sh
[4.653s] -- Up-to-date symlink: /home/wheeltec/wheeltec_ros2/install/nmea_msgs/share/nmea_msgs/local_setup.zsh
[4.654s] -- Up-to-date symlink: /home/wheeltec/wheeltec_ros2/install/nmea_msgs/share/nmea_msgs/local_setup.dsv
[4.654s] -- Symlinking: /home/wheeltec/wheeltec_ros2/install/nmea_msgs/share/nmea_msgs/package.dsv
[4.787s] -- Up-to-date symlink: /home/wheeltec/wheeltec_ros2/install/nmea_msgs/share/ament_index/resource_index/packages/nmea_msgs
[4.788s] -- Up-to-date symlink: /home/wheeltec/wheeltec_ros2/install/nmea_msgs/share/nmea_msgs/cmake/rosidl_cmake-extras.cmake
[4.788s] -- Up-to-date symlink: /home/wheeltec/wheeltec_ros2/install/nmea_msgs/share/nmea_msgs/cmake/ament_cmake_export_dependencies-extras.cmake
[4.788s] -- Up-to-date symlink: /home/wheeltec/wheeltec_ros2/install/nmea_msgs/share/nmea_msgs/cmake/ament_cmake_export_include_directories-extras.cmake
[4.788s] -- Up-to-date symlink: /home/wheeltec/wheeltec_ros2/install/nmea_msgs/share/nmea_msgs/cmake/ament_cmake_export_libraries-extras.cmake
[4.788s] -- Up-to-date symlink: /home/wheeltec/wheeltec_ros2/install/nmea_msgs/share/nmea_msgs/cmake/ament_cmake_export_targets-extras.cmake
[4.788s] -- Up-to-date symlink: /home/wheeltec/wheeltec_ros2/install/nmea_msgs/share/nmea_msgs/cmake/rosidl_cmake_export_typesupport_targets-extras.cmake
[4.788s] -- Up-to-date symlink: /home/wheeltec/wheeltec_ros2/install/nmea_msgs/share/nmea_msgs/cmake/rosidl_cmake_export_typesupport_libraries-extras.cmake
[4.789s] -- Up-to-date symlink: /home/wheeltec/wheeltec_ros2/install/nmea_msgs/share/nmea_msgs/cmake/nmea_msgsConfig.cmake
[4.789s] -- Up-to-date symlink: /home/wheeltec/wheeltec_ros2/install/nmea_msgs/share/nmea_msgs/cmake/nmea_msgsConfig-version.cmake
[4.789s] -- Up-to-date symlink: /home/wheeltec/wheeltec_ros2/install/nmea_msgs/share/nmea_msgs/package.xml
[4.789s] -- Up-to-date: /home/wheeltec/wheeltec_ros2/install/nmea_msgs/lib/libnmea_msgs__rosidl_generator_c.so
[4.790s] -- Up-to-date: /home/wheeltec/wheeltec_ros2/install/nmea_msgs/lib/libnmea_msgs__rosidl_typesupport_fastrtps_c.so
[4.790s] -- Up-to-date: /home/wheeltec/wheeltec_ros2/install/nmea_msgs/lib/libnmea_msgs__rosidl_typesupport_introspection_c.so
[4.790s] -- Up-to-date: /home/wheeltec/wheeltec_ros2/install/nmea_msgs/lib/libnmea_msgs__rosidl_typesupport_c.so
[4.791s] -- Up-to-date: /home/wheeltec/wheeltec_ros2/install/nmea_msgs/lib/libnmea_msgs__rosidl_typesupport_fastrtps_cpp.so
[4.791s] -- Up-to-date: /home/wheeltec/wheeltec_ros2/install/nmea_msgs/lib/libnmea_msgs__rosidl_typesupport_introspection_cpp.so
[4.791s] -- Up-to-date: /home/wheeltec/wheeltec_ros2/install/nmea_msgs/lib/libnmea_msgs__rosidl_typesupport_cpp.so
[5.092s] Listing '/home/wheeltec/wheeltec_ros2/install/nmea_msgs/local/lib/python3.10/dist-packages/nmea_msgs'...
[5.092s] Listing '/home/wheeltec/wheeltec_ros2/install/nmea_msgs/local/lib/python3.10/dist-packages/nmea_msgs/msg'...
[5.111s] -- Up-to-date: /home/wheeltec/wheeltec_ros2/install/nmea_msgs/lib/libnmea_msgs__rosidl_generator_py.so
[5.116s] -- Up-to-date: /home/wheeltec/wheeltec_ros2/install/nmea_msgs/share/nmea_msgs/cmake/export_nmea_msgs__rosidl_generator_cExport.cmake
[5.116s] -- Up-to-date: /home/wheeltec/wheeltec_ros2/install/nmea_msgs/share/nmea_msgs/cmake/export_nmea_msgs__rosidl_generator_cExport-noconfig.cmake
[5.116s] -- Up-to-date: /home/wheeltec/wheeltec_ros2/install/nmea_msgs/share/nmea_msgs/cmake/export_nmea_msgs__rosidl_typesupport_fastrtps_cExport.cmake
[5.116s] -- Up-to-date: /home/wheeltec/wheeltec_ros2/install/nmea_msgs/share/nmea_msgs/cmake/export_nmea_msgs__rosidl_typesupport_fastrtps_cExport-noconfig.cmake
[5.117s] -- Up-to-date: /home/wheeltec/wheeltec_ros2/install/nmea_msgs/share/nmea_msgs/cmake/nmea_msgs__rosidl_typesupport_introspection_cExport.cmake
[5.117s] -- Up-to-date: /home/wheeltec/wheeltec_ros2/install/nmea_msgs/share/nmea_msgs/cmake/nmea_msgs__rosidl_typesupport_introspection_cExport-noconfig.cmake
[5.117s] -- Up-to-date: /home/wheeltec/wheeltec_ros2/install/nmea_msgs/share/nmea_msgs/cmake/nmea_msgs__rosidl_typesupport_cExport.cmake
[5.117s] -- Up-to-date: /home/wheeltec/wheeltec_ros2/install/nmea_msgs/share/nmea_msgs/cmake/nmea_msgs__rosidl_typesupport_cExport-noconfig.cmake
[5.117s] -- Up-to-date: /home/wheeltec/wheeltec_ros2/install/nmea_msgs/share/nmea_msgs/cmake/export_nmea_msgs__rosidl_generator_cppExport.cmake
[5.117s] -- Up-to-date: /home/wheeltec/wheeltec_ros2/install/nmea_msgs/share/nmea_msgs/cmake/export_nmea_msgs__rosidl_typesupport_fastrtps_cppExport.cmake
[5.117s] -- Up-to-date: /home/wheeltec/wheeltec_ros2/install/nmea_msgs/share/nmea_msgs/cmake/export_nmea_msgs__rosidl_typesupport_fastrtps_cppExport-noconfig.cmake
[5.117s] -- Up-to-date: /home/wheeltec/wheeltec_ros2/install/nmea_msgs/share/nmea_msgs/cmake/nmea_msgs__rosidl_typesupport_introspection_cppExport.cmake
[5.117s] -- Up-to-date: /home/wheeltec/wheeltec_ros2/install/nmea_msgs/share/nmea_msgs/cmake/nmea_msgs__rosidl_typesupport_introspection_cppExport-noconfig.cmake
[5.117s] -- Up-to-date: /home/wheeltec/wheeltec_ros2/install/nmea_msgs/share/nmea_msgs/cmake/nmea_msgs__rosidl_typesupport_cppExport.cmake
[5.118s] -- Up-to-date: /home/wheeltec/wheeltec_ros2/install/nmea_msgs/share/nmea_msgs/cmake/nmea_msgs__rosidl_typesupport_cppExport-noconfig.cmake
[5.118s] -- Up-to-date: /home/wheeltec/wheeltec_ros2/install/nmea_msgs/share/nmea_msgs/cmake/export_nmea_msgs__rosidl_generator_pyExport.cmake
[5.118s] -- Up-to-date: /home/wheeltec/wheeltec_ros2/install/nmea_msgs/share/nmea_msgs/cmake/export_nmea_msgs__rosidl_generator_pyExport-noconfig.cmake
[5.319s] Invoked command in '/home/wheeltec/wheeltec_ros2/build/nmea_msgs' returned '0': CMAKE_PREFIX_PATH=${CMAKE_PREFIX_PATH}:/home/wheeltec/wheeltec_ros2/install/simple_follower_ros2:/home/wheeltec/wheeltec_ros2/install/wheeltec_robot_keyboard:/home/wheeltec/wheeltec_ros2/install/wheeltec_dual_rtk_driver:/home/wheeltec/wheeltec_ros2/install/ultralytics_ros2:/home/wheeltec/wheeltec_ros2/install/tf2_tools:/home/wheeltec/wheeltec_ros2/install/ollama_ros_chat:/home/wheeltec/wheeltec_ros2/install/nmea_navsat_driver:/home/wheeltec/wheeltec_ros2/install/nav2_waypoint_cycle:/home/wheeltec/wheeltec_ros2/install/nav2_simple_commander:/home/wheeltec/wheeltec_ros2/install/largemodel:/home/wheeltec/wheeltec_ros2/install/auto_recharge_ros2:/home/wheeltec/autoware/install/autoware_wheeltec_interface:/home/wheeltec/autoware/install/ad_api_visualizers:/opt/ros/humble /usr/bin/cmake --install /home/wheeltec/wheeltec_ros2/build/nmea_msgs
