[0.296s] Invoking command in '/home/wheeltec/wheeltec_ros2/build/nav_2d_msgs': CMAKE_PREFIX_PATH=${CMAKE_PREFIX_PATH}:/home/wheeltec/wheeltec_ros2/install/auto_recharge_ros2:/home/wheeltec/autoware/install/autoware_wheeltec_interface:/home/wheeltec/autoware/install/ad_api_visualizers:/opt/ros/humble /usr/bin/cmake --build /home/wheeltec/wheeltec_ros2/build/nav_2d_msgs -- -j6 -l6
[0.380s] [35m[1mConsolidate compiler generated dependencies of target nav_2d_msgs__rosidl_generator_c[0m
[0.401s] [  1%] Built target nav_2d_msgs__cpp
[0.420s] [ 12%] Built target nav_2d_msgs__rosidl_generator_c
[0.431s] [ 12%] Built target ament_cmake_python_symlink_nav_2d_msgs
[0.438s] [35m[1mConsolidate compiler generated dependencies of target nav_2d_msgs__rosidl_typesupport_cpp[0m
[0.443s] [35m[1mConsolidate compiler generated dependencies of target nav_2d_msgs__rosidl_typesupport_introspection_cpp[0m
[0.450s] [35m[1mConsolidate compiler generated dependencies of target nav_2d_msgs__rosidl_typesupport_fastrtps_cpp[0m
[0.484s] [35m[1mConsolidate compiler generated dependencies of target nav_2d_msgs__rosidl_typesupport_introspection_c[0m
[0.501s] [35m[1mConsolidate compiler generated dependencies of target nav_2d_msgs__rosidl_typesupport_c[0m
[0.501s] [35m[1mConsolidate compiler generated dependencies of target nav_2d_msgs__rosidl_typesupport_fastrtps_c[0m
[0.508s] [ 23%] Built target nav_2d_msgs__rosidl_typesupport_cpp
[0.541s] [ 35%] Built target nav_2d_msgs__rosidl_typesupport_introspection_cpp
[0.567s] [ 46%] Built target nav_2d_msgs__rosidl_typesupport_fastrtps_cpp
[0.589s] [ 57%] Built target nav_2d_msgs__rosidl_typesupport_fastrtps_c
[0.595s] [ 69%] Built target nav_2d_msgs__rosidl_typesupport_introspection_c
[0.624s] [ 80%] Built target nav_2d_msgs__rosidl_typesupport_c
[0.711s] [ 80%] Built target nav_2d_msgs
[0.825s] [ 81%] Built target nav_2d_msgs__py
[0.864s] [35m[1mConsolidate compiler generated dependencies of target nav_2d_msgs__rosidl_generator_py[0m
[0.912s] [ 91%] Built target nav_2d_msgs__rosidl_generator_py
[0.938s] [35m[1mConsolidate compiler generated dependencies of target nav_2d_msgs__rosidl_typesupport_fastrtps_c__pyext[0m
[0.959s] [35m[1mConsolidate compiler generated dependencies of target nav_2d_msgs__rosidl_typesupport_introspection_c__pyext[0m
[0.968s] [35m[1mConsolidate compiler generated dependencies of target nav_2d_msgs__rosidl_typesupport_c__pyext[0m
[1.001s] [ 94%] Built target nav_2d_msgs__rosidl_typesupport_fastrtps_c__pyext
[1.030s] [ 97%] Built target nav_2d_msgs__rosidl_typesupport_introspection_c__pyext
[1.057s] [100%] Built target nav_2d_msgs__rosidl_typesupport_c__pyext
[1.842s] running egg_info
[1.844s] writing nav_2d_msgs.egg-info/PKG-INFO
[1.844s] writing dependency_links to nav_2d_msgs.egg-info/dependency_links.txt
[1.845s] writing top-level names to nav_2d_msgs.egg-info/top_level.txt
[1.855s] reading manifest file 'nav_2d_msgs.egg-info/SOURCES.txt'
[1.857s] writing manifest file 'nav_2d_msgs.egg-info/SOURCES.txt'
[1.954s] [100%] Built target ament_cmake_python_build_nav_2d_msgs_egg
[2.054s] Invoked command in '/home/wheeltec/wheeltec_ros2/build/nav_2d_msgs' returned '0': CMAKE_PREFIX_PATH=${CMAKE_PREFIX_PATH}:/home/wheeltec/wheeltec_ros2/install/auto_recharge_ros2:/home/wheeltec/autoware/install/autoware_wheeltec_interface:/home/wheeltec/autoware/install/ad_api_visualizers:/opt/ros/humble /usr/bin/cmake --build /home/wheeltec/wheeltec_ros2/build/nav_2d_msgs -- -j6 -l6
[2.063s] Invoking command in '/home/wheeltec/wheeltec_ros2/build/nav_2d_msgs': CMAKE_PREFIX_PATH=${CMAKE_PREFIX_PATH}:/home/wheeltec/wheeltec_ros2/install/auto_recharge_ros2:/home/wheeltec/autoware/install/autoware_wheeltec_interface:/home/wheeltec/autoware/install/ad_api_visualizers:/opt/ros/humble /usr/bin/cmake --install /home/wheeltec/wheeltec_ros2/build/nav_2d_msgs
[2.164s] -- Install configuration: ""
[2.164s] -- Execute custom install script
[2.165s] -- Up-to-date symlink: /home/wheeltec/wheeltec_ros2/install/nav_2d_msgs/share/ament_index/resource_index/rosidl_interfaces/nav_2d_msgs
[2.165s] -- Up-to-date symlink: /home/wheeltec/wheeltec_ros2/install/nav_2d_msgs/include/nav_2d_msgs/nav_2d_msgs/msg/detail/path2_d__functions.h
[2.165s] -- Up-to-date symlink: /home/wheeltec/wheeltec_ros2/install/nav_2d_msgs/include/nav_2d_msgs/nav_2d_msgs/msg/detail/path2_d__struct.h
[2.165s] -- Up-to-date symlink: /home/wheeltec/wheeltec_ros2/install/nav_2d_msgs/include/nav_2d_msgs/nav_2d_msgs/msg/detail/path2_d__type_support.h
[2.165s] -- Up-to-date symlink: /home/wheeltec/wheeltec_ros2/install/nav_2d_msgs/include/nav_2d_msgs/nav_2d_msgs/msg/detail/pose2_d32__functions.h
[2.165s] -- Up-to-date symlink: /home/wheeltec/wheeltec_ros2/install/nav_2d_msgs/include/nav_2d_msgs/nav_2d_msgs/msg/detail/pose2_d32__struct.h
[2.165s] -- Up-to-date symlink: /home/wheeltec/wheeltec_ros2/install/nav_2d_msgs/include/nav_2d_msgs/nav_2d_msgs/msg/detail/pose2_d32__type_support.h
[2.166s] -- Up-to-date symlink: /home/wheeltec/wheeltec_ros2/install/nav_2d_msgs/include/nav_2d_msgs/nav_2d_msgs/msg/detail/pose2_d_stamped__functions.h
[2.166s] -- Up-to-date symlink: /home/wheeltec/wheeltec_ros2/install/nav_2d_msgs/include/nav_2d_msgs/nav_2d_msgs/msg/detail/pose2_d_stamped__struct.h
[2.166s] -- Up-to-date symlink: /home/wheeltec/wheeltec_ros2/install/nav_2d_msgs/include/nav_2d_msgs/nav_2d_msgs/msg/detail/pose2_d_stamped__type_support.h
[2.166s] -- Up-to-date symlink: /home/wheeltec/wheeltec_ros2/install/nav_2d_msgs/include/nav_2d_msgs/nav_2d_msgs/msg/detail/twist2_d32__functions.h
[2.166s] -- Up-to-date symlink: /home/wheeltec/wheeltec_ros2/install/nav_2d_msgs/include/nav_2d_msgs/nav_2d_msgs/msg/detail/twist2_d32__struct.h
[2.166s] -- Up-to-date symlink: /home/wheeltec/wheeltec_ros2/install/nav_2d_msgs/include/nav_2d_msgs/nav_2d_msgs/msg/detail/twist2_d32__type_support.h
[2.166s] -- Up-to-date symlink: /home/wheeltec/wheeltec_ros2/install/nav_2d_msgs/include/nav_2d_msgs/nav_2d_msgs/msg/detail/twist2_d__functions.h
[2.166s] -- Up-to-date symlink: /home/wheeltec/wheeltec_ros2/install/nav_2d_msgs/include/nav_2d_msgs/nav_2d_msgs/msg/detail/twist2_d__struct.h
[2.167s] -- Up-to-date symlink: /home/wheeltec/wheeltec_ros2/install/nav_2d_msgs/include/nav_2d_msgs/nav_2d_msgs/msg/detail/twist2_d__type_support.h
[2.167s] -- Up-to-date symlink: /home/wheeltec/wheeltec_ros2/install/nav_2d_msgs/include/nav_2d_msgs/nav_2d_msgs/msg/detail/twist2_d_stamped__functions.h
[2.167s] -- Up-to-date symlink: /home/wheeltec/wheeltec_ros2/install/nav_2d_msgs/include/nav_2d_msgs/nav_2d_msgs/msg/detail/twist2_d_stamped__struct.h
[2.167s] -- Up-to-date symlink: /home/wheeltec/wheeltec_ros2/install/nav_2d_msgs/include/nav_2d_msgs/nav_2d_msgs/msg/detail/twist2_d_stamped__type_support.h
[2.167s] -- Up-to-date symlink: /home/wheeltec/wheeltec_ros2/install/nav_2d_msgs/include/nav_2d_msgs/nav_2d_msgs/msg/path2_d.h
[2.167s] -- Up-to-date symlink: /home/wheeltec/wheeltec_ros2/install/nav_2d_msgs/include/nav_2d_msgs/nav_2d_msgs/msg/pose2_d32.h
[2.167s] -- Up-to-date symlink: /home/wheeltec/wheeltec_ros2/install/nav_2d_msgs/include/nav_2d_msgs/nav_2d_msgs/msg/pose2_d_stamped.h
[2.167s] -- Up-to-date symlink: /home/wheeltec/wheeltec_ros2/install/nav_2d_msgs/include/nav_2d_msgs/nav_2d_msgs/msg/rosidl_generator_c__visibility_control.h
[2.167s] -- Up-to-date symlink: /home/wheeltec/wheeltec_ros2/install/nav_2d_msgs/include/nav_2d_msgs/nav_2d_msgs/msg/twist2_d.h
[2.167s] -- Up-to-date symlink: /home/wheeltec/wheeltec_ros2/install/nav_2d_msgs/include/nav_2d_msgs/nav_2d_msgs/msg/twist2_d32.h
[2.167s] -- Up-to-date symlink: /home/wheeltec/wheeltec_ros2/install/nav_2d_msgs/include/nav_2d_msgs/nav_2d_msgs/msg/twist2_d_stamped.h
[2.168s] -- Up-to-date symlink: /home/wheeltec/wheeltec_ros2/install/nav_2d_msgs/share/nav_2d_msgs/environment/library_path.sh
[2.168s] -- Up-to-date symlink: /home/wheeltec/wheeltec_ros2/install/nav_2d_msgs/share/nav_2d_msgs/environment/library_path.dsv
[2.168s] -- Up-to-date symlink: /home/wheeltec/wheeltec_ros2/install/nav_2d_msgs/include/nav_2d_msgs/nav_2d_msgs/msg/detail/path2_d__rosidl_typesupport_fastrtps_c.h
[2.168s] -- Up-to-date symlink: /home/wheeltec/wheeltec_ros2/install/nav_2d_msgs/include/nav_2d_msgs/nav_2d_msgs/msg/detail/pose2_d32__rosidl_typesupport_fastrtps_c.h
[2.168s] -- Up-to-date symlink: /home/wheeltec/wheeltec_ros2/install/nav_2d_msgs/include/nav_2d_msgs/nav_2d_msgs/msg/detail/pose2_d_stamped__rosidl_typesupport_fastrtps_c.h
[2.168s] -- Up-to-date symlink: /home/wheeltec/wheeltec_ros2/install/nav_2d_msgs/include/nav_2d_msgs/nav_2d_msgs/msg/detail/twist2_d32__rosidl_typesupport_fastrtps_c.h
[2.168s] -- Up-to-date symlink: /home/wheeltec/wheeltec_ros2/install/nav_2d_msgs/include/nav_2d_msgs/nav_2d_msgs/msg/detail/twist2_d__rosidl_typesupport_fastrtps_c.h
[2.168s] -- Up-to-date symlink: /home/wheeltec/wheeltec_ros2/install/nav_2d_msgs/include/nav_2d_msgs/nav_2d_msgs/msg/detail/twist2_d_stamped__rosidl_typesupport_fastrtps_c.h
[2.168s] -- Up-to-date symlink: /home/wheeltec/wheeltec_ros2/install/nav_2d_msgs/include/nav_2d_msgs/nav_2d_msgs/msg/rosidl_typesupport_fastrtps_c__visibility_control.h
[2.168s] -- Up-to-date symlink: /home/wheeltec/wheeltec_ros2/install/nav_2d_msgs/include/nav_2d_msgs/nav_2d_msgs/msg/detail/path2_d__builder.hpp
[2.168s] -- Up-to-date symlink: /home/wheeltec/wheeltec_ros2/install/nav_2d_msgs/include/nav_2d_msgs/nav_2d_msgs/msg/detail/path2_d__struct.hpp
[2.169s] -- Up-to-date symlink: /home/wheeltec/wheeltec_ros2/install/nav_2d_msgs/include/nav_2d_msgs/nav_2d_msgs/msg/detail/path2_d__traits.hpp
[2.169s] -- Up-to-date symlink: /home/wheeltec/wheeltec_ros2/install/nav_2d_msgs/include/nav_2d_msgs/nav_2d_msgs/msg/detail/path2_d__type_support.hpp
[2.169s] -- Up-to-date symlink: /home/wheeltec/wheeltec_ros2/install/nav_2d_msgs/include/nav_2d_msgs/nav_2d_msgs/msg/detail/pose2_d32__builder.hpp
[2.169s] -- Up-to-date symlink: /home/wheeltec/wheeltec_ros2/install/nav_2d_msgs/include/nav_2d_msgs/nav_2d_msgs/msg/detail/pose2_d32__struct.hpp
[2.169s] -- Up-to-date symlink: /home/wheeltec/wheeltec_ros2/install/nav_2d_msgs/include/nav_2d_msgs/nav_2d_msgs/msg/detail/pose2_d32__traits.hpp
[2.169s] -- Up-to-date symlink: /home/wheeltec/wheeltec_ros2/install/nav_2d_msgs/include/nav_2d_msgs/nav_2d_msgs/msg/detail/pose2_d32__type_support.hpp
[2.169s] -- Up-to-date symlink: /home/wheeltec/wheeltec_ros2/install/nav_2d_msgs/include/nav_2d_msgs/nav_2d_msgs/msg/detail/pose2_d_stamped__builder.hpp
[2.169s] -- Up-to-date symlink: /home/wheeltec/wheeltec_ros2/install/nav_2d_msgs/include/nav_2d_msgs/nav_2d_msgs/msg/detail/pose2_d_stamped__struct.hpp
[2.169s] -- Up-to-date symlink: /home/wheeltec/wheeltec_ros2/install/nav_2d_msgs/include/nav_2d_msgs/nav_2d_msgs/msg/detail/pose2_d_stamped__traits.hpp
[2.169s] -- Up-to-date symlink: /home/wheeltec/wheeltec_ros2/install/nav_2d_msgs/include/nav_2d_msgs/nav_2d_msgs/msg/detail/pose2_d_stamped__type_support.hpp
[2.169s] -- Up-to-date symlink: /home/wheeltec/wheeltec_ros2/install/nav_2d_msgs/include/nav_2d_msgs/nav_2d_msgs/msg/detail/twist2_d32__builder.hpp
[2.170s] -- Up-to-date symlink: /home/wheeltec/wheeltec_ros2/install/nav_2d_msgs/include/nav_2d_msgs/nav_2d_msgs/msg/detail/twist2_d32__struct.hpp
[2.170s] -- Up-to-date symlink: /home/wheeltec/wheeltec_ros2/install/nav_2d_msgs/include/nav_2d_msgs/nav_2d_msgs/msg/detail/twist2_d32__traits.hpp
[2.170s] -- Up-to-date symlink: /home/wheeltec/wheeltec_ros2/install/nav_2d_msgs/include/nav_2d_msgs/nav_2d_msgs/msg/detail/twist2_d32__type_support.hpp
[2.170s] -- Up-to-date symlink: /home/wheeltec/wheeltec_ros2/install/nav_2d_msgs/include/nav_2d_msgs/nav_2d_msgs/msg/detail/twist2_d__builder.hpp
[2.170s] -- Up-to-date symlink: /home/wheeltec/wheeltec_ros2/install/nav_2d_msgs/include/nav_2d_msgs/nav_2d_msgs/msg/detail/twist2_d__struct.hpp
[2.170s] -- Up-to-date symlink: /home/wheeltec/wheeltec_ros2/install/nav_2d_msgs/include/nav_2d_msgs/nav_2d_msgs/msg/detail/twist2_d__traits.hpp
[2.170s] -- Up-to-date symlink: /home/wheeltec/wheeltec_ros2/install/nav_2d_msgs/include/nav_2d_msgs/nav_2d_msgs/msg/detail/twist2_d__type_support.hpp
[2.170s] -- Up-to-date symlink: /home/wheeltec/wheeltec_ros2/install/nav_2d_msgs/include/nav_2d_msgs/nav_2d_msgs/msg/detail/twist2_d_stamped__builder.hpp
[2.170s] -- Up-to-date symlink: /home/wheeltec/wheeltec_ros2/install/nav_2d_msgs/include/nav_2d_msgs/nav_2d_msgs/msg/detail/twist2_d_stamped__struct.hpp
[2.170s] -- Up-to-date symlink: /home/wheeltec/wheeltec_ros2/install/nav_2d_msgs/include/nav_2d_msgs/nav_2d_msgs/msg/detail/twist2_d_stamped__traits.hpp
[2.170s] -- Up-to-date symlink: /home/wheeltec/wheeltec_ros2/install/nav_2d_msgs/include/nav_2d_msgs/nav_2d_msgs/msg/detail/twist2_d_stamped__type_support.hpp
[2.170s] -- Up-to-date symlink: /home/wheeltec/wheeltec_ros2/install/nav_2d_msgs/include/nav_2d_msgs/nav_2d_msgs/msg/path2_d.hpp
[2.171s] -- Up-to-date symlink: /home/wheeltec/wheeltec_ros2/install/nav_2d_msgs/include/nav_2d_msgs/nav_2d_msgs/msg/pose2_d32.hpp
[2.171s] -- Up-to-date symlink: /home/wheeltec/wheeltec_ros2/install/nav_2d_msgs/include/nav_2d_msgs/nav_2d_msgs/msg/pose2_d_stamped.hpp
[2.192s] -- Up-to-date symlink: /home/wheeltec/wheeltec_ros2/install/nav_2d_msgs/include/nav_2d_msgs/nav_2d_msgs/msg/rosidl_generator_cpp__visibility_control.hpp
[2.193s] -- Up-to-date symlink: /home/wheeltec/wheeltec_ros2/install/nav_2d_msgs/include/nav_2d_msgs/nav_2d_msgs/msg/twist2_d.hpp
[2.193s] -- Up-to-date symlink: /home/wheeltec/wheeltec_ros2/install/nav_2d_msgs/include/nav_2d_msgs/nav_2d_msgs/msg/twist2_d32.hpp
[2.193s] -- Up-to-date symlink: /home/wheeltec/wheeltec_ros2/install/nav_2d_msgs/include/nav_2d_msgs/nav_2d_msgs/msg/twist2_d_stamped.hpp
[2.193s] -- Up-to-date symlink: /home/wheeltec/wheeltec_ros2/install/nav_2d_msgs/include/nav_2d_msgs/nav_2d_msgs/msg/detail/path2_d__rosidl_typesupport_fastrtps_cpp.hpp
[2.193s] -- Up-to-date symlink: /home/wheeltec/wheeltec_ros2/install/nav_2d_msgs/include/nav_2d_msgs/nav_2d_msgs/msg/detail/pose2_d32__rosidl_typesupport_fastrtps_cpp.hpp
[2.193s] -- Up-to-date symlink: /home/wheeltec/wheeltec_ros2/install/nav_2d_msgs/include/nav_2d_msgs/nav_2d_msgs/msg/detail/pose2_d_stamped__rosidl_typesupport_fastrtps_cpp.hpp
[2.193s] -- Up-to-date symlink: /home/wheeltec/wheeltec_ros2/install/nav_2d_msgs/include/nav_2d_msgs/nav_2d_msgs/msg/detail/twist2_d32__rosidl_typesupport_fastrtps_cpp.hpp
[2.193s] -- Up-to-date symlink: /home/wheeltec/wheeltec_ros2/install/nav_2d_msgs/include/nav_2d_msgs/nav_2d_msgs/msg/detail/twist2_d__rosidl_typesupport_fastrtps_cpp.hpp
[2.193s] -- Up-to-date symlink: /home/wheeltec/wheeltec_ros2/install/nav_2d_msgs/include/nav_2d_msgs/nav_2d_msgs/msg/detail/twist2_d_stamped__rosidl_typesupport_fastrtps_cpp.hpp
[2.194s] -- Up-to-date symlink: /home/wheeltec/wheeltec_ros2/install/nav_2d_msgs/include/nav_2d_msgs/nav_2d_msgs/msg/rosidl_typesupport_fastrtps_cpp__visibility_control.h
[2.194s] -- Up-to-date symlink: /home/wheeltec/wheeltec_ros2/install/nav_2d_msgs/include/nav_2d_msgs/nav_2d_msgs/msg/detail/path2_d__rosidl_typesupport_introspection_c.h
[2.194s] -- Up-to-date symlink: /home/wheeltec/wheeltec_ros2/install/nav_2d_msgs/include/nav_2d_msgs/nav_2d_msgs/msg/detail/pose2_d32__rosidl_typesupport_introspection_c.h
[2.194s] -- Up-to-date symlink: /home/wheeltec/wheeltec_ros2/install/nav_2d_msgs/include/nav_2d_msgs/nav_2d_msgs/msg/detail/pose2_d_stamped__rosidl_typesupport_introspection_c.h
[2.194s] -- Up-to-date symlink: /home/wheeltec/wheeltec_ros2/install/nav_2d_msgs/include/nav_2d_msgs/nav_2d_msgs/msg/detail/twist2_d32__rosidl_typesupport_introspection_c.h
[2.195s] -- Up-to-date symlink: /home/wheeltec/wheeltec_ros2/install/nav_2d_msgs/include/nav_2d_msgs/nav_2d_msgs/msg/detail/twist2_d__rosidl_typesupport_introspection_c.h
[2.195s] -- Up-to-date symlink: /home/wheeltec/wheeltec_ros2/install/nav_2d_msgs/include/nav_2d_msgs/nav_2d_msgs/msg/detail/twist2_d_stamped__rosidl_typesupport_introspection_c.h
[2.195s] -- Up-to-date symlink: /home/wheeltec/wheeltec_ros2/install/nav_2d_msgs/include/nav_2d_msgs/nav_2d_msgs/msg/rosidl_typesupport_introspection_c__visibility_control.h
[2.195s] -- Up-to-date symlink: /home/wheeltec/wheeltec_ros2/install/nav_2d_msgs/include/nav_2d_msgs/nav_2d_msgs/msg/detail/path2_d__rosidl_typesupport_introspection_cpp.hpp
[2.196s] -- Up-to-date symlink: /home/wheeltec/wheeltec_ros2/install/nav_2d_msgs/include/nav_2d_msgs/nav_2d_msgs/msg/detail/pose2_d32__rosidl_typesupport_introspection_cpp.hpp
[2.196s] -- Up-to-date symlink: /home/wheeltec/wheeltec_ros2/install/nav_2d_msgs/include/nav_2d_msgs/nav_2d_msgs/msg/detail/pose2_d_stamped__rosidl_typesupport_introspection_cpp.hpp
[2.196s] -- Up-to-date symlink: /home/wheeltec/wheeltec_ros2/install/nav_2d_msgs/include/nav_2d_msgs/nav_2d_msgs/msg/detail/twist2_d32__rosidl_typesupport_introspection_cpp.hpp
[2.197s] -- Up-to-date symlink: /home/wheeltec/wheeltec_ros2/install/nav_2d_msgs/include/nav_2d_msgs/nav_2d_msgs/msg/detail/twist2_d__rosidl_typesupport_introspection_cpp.hpp
[2.197s] -- Up-to-date symlink: /home/wheeltec/wheeltec_ros2/install/nav_2d_msgs/include/nav_2d_msgs/nav_2d_msgs/msg/detail/twist2_d_stamped__rosidl_typesupport_introspection_cpp.hpp
[2.197s] -- Up-to-date symlink: /home/wheeltec/wheeltec_ros2/install/nav_2d_msgs/share/nav_2d_msgs/environment/pythonpath.sh
[2.197s] -- Up-to-date symlink: /home/wheeltec/wheeltec_ros2/install/nav_2d_msgs/share/nav_2d_msgs/environment/pythonpath.dsv
[2.198s] -- Up-to-date symlink: /home/wheeltec/wheeltec_ros2/install/nav_2d_msgs/local/lib/python3.10/dist-packages/nav_2d_msgs-1.1.6-py3.10.egg-info/PKG-INFO
[2.198s] -- Up-to-date symlink: /home/wheeltec/wheeltec_ros2/install/nav_2d_msgs/local/lib/python3.10/dist-packages/nav_2d_msgs-1.1.6-py3.10.egg-info/SOURCES.txt
[2.199s] -- Up-to-date symlink: /home/wheeltec/wheeltec_ros2/install/nav_2d_msgs/local/lib/python3.10/dist-packages/nav_2d_msgs-1.1.6-py3.10.egg-info/dependency_links.txt
[2.199s] -- Up-to-date symlink: /home/wheeltec/wheeltec_ros2/install/nav_2d_msgs/local/lib/python3.10/dist-packages/nav_2d_msgs-1.1.6-py3.10.egg-info/top_level.txt
[2.199s] -- Up-to-date symlink: /home/wheeltec/wheeltec_ros2/install/nav_2d_msgs/local/lib/python3.10/dist-packages/nav_2d_msgs/__init__.py
[2.201s] -- Up-to-date symlink: /home/wheeltec/wheeltec_ros2/install/nav_2d_msgs/local/lib/python3.10/dist-packages/nav_2d_msgs/_nav_2d_msgs_s.ep.rosidl_typesupport_c.c
[2.204s] -- Up-to-date symlink: /home/wheeltec/wheeltec_ros2/install/nav_2d_msgs/local/lib/python3.10/dist-packages/nav_2d_msgs/_nav_2d_msgs_s.ep.rosidl_typesupport_fastrtps_c.c
[2.206s] -- Up-to-date symlink: /home/wheeltec/wheeltec_ros2/install/nav_2d_msgs/local/lib/python3.10/dist-packages/nav_2d_msgs/_nav_2d_msgs_s.ep.rosidl_typesupport_introspection_c.c
[2.208s] -- Up-to-date symlink: /home/wheeltec/wheeltec_ros2/install/nav_2d_msgs/local/lib/python3.10/dist-packages/nav_2d_msgs/libnav_2d_msgs__rosidl_generator_py.so
[2.208s] -- Up-to-date symlink: /home/wheeltec/wheeltec_ros2/install/nav_2d_msgs/local/lib/python3.10/dist-packages/nav_2d_msgs/msg/__init__.py
[2.208s] -- Up-to-date symlink: /home/wheeltec/wheeltec_ros2/install/nav_2d_msgs/local/lib/python3.10/dist-packages/nav_2d_msgs/msg/_path2_d.py
[2.208s] -- Up-to-date symlink: /home/wheeltec/wheeltec_ros2/install/nav_2d_msgs/local/lib/python3.10/dist-packages/nav_2d_msgs/msg/_path2_d_s.c
[2.209s] -- Up-to-date symlink: /home/wheeltec/wheeltec_ros2/install/nav_2d_msgs/local/lib/python3.10/dist-packages/nav_2d_msgs/msg/_pose2_d32.py
[2.209s] -- Up-to-date symlink: /home/wheeltec/wheeltec_ros2/install/nav_2d_msgs/local/lib/python3.10/dist-packages/nav_2d_msgs/msg/_pose2_d32_s.c
[2.209s] -- Up-to-date symlink: /home/wheeltec/wheeltec_ros2/install/nav_2d_msgs/local/lib/python3.10/dist-packages/nav_2d_msgs/msg/_pose2_d_stamped.py
[2.209s] -- Up-to-date symlink: /home/wheeltec/wheeltec_ros2/install/nav_2d_msgs/local/lib/python3.10/dist-packages/nav_2d_msgs/msg/_pose2_d_stamped_s.c
[2.209s] -- Up-to-date symlink: /home/wheeltec/wheeltec_ros2/install/nav_2d_msgs/local/lib/python3.10/dist-packages/nav_2d_msgs/msg/_twist2_d.py
[2.209s] -- Up-to-date symlink: /home/wheeltec/wheeltec_ros2/install/nav_2d_msgs/local/lib/python3.10/dist-packages/nav_2d_msgs/msg/_twist2_d32.py
[2.209s] -- Up-to-date symlink: /home/wheeltec/wheeltec_ros2/install/nav_2d_msgs/local/lib/python3.10/dist-packages/nav_2d_msgs/msg/_twist2_d32_s.c
[2.209s] -- Up-to-date symlink: /home/wheeltec/wheeltec_ros2/install/nav_2d_msgs/local/lib/python3.10/dist-packages/nav_2d_msgs/msg/_twist2_d_s.c
[2.209s] -- Up-to-date symlink: /home/wheeltec/wheeltec_ros2/install/nav_2d_msgs/local/lib/python3.10/dist-packages/nav_2d_msgs/msg/_twist2_d_stamped.py
[2.209s] -- Up-to-date symlink: /home/wheeltec/wheeltec_ros2/install/nav_2d_msgs/local/lib/python3.10/dist-packages/nav_2d_msgs/msg/_twist2_d_stamped_s.c
[2.210s] -- Up-to-date symlink: /home/wheeltec/wheeltec_ros2/install/nav_2d_msgs/local/lib/python3.10/dist-packages/nav_2d_msgs/nav_2d_msgs_s__rosidl_typesupport_c.cpython-310-aarch64-linux-gnu.so
[2.210s] -- Up-to-date symlink: /home/wheeltec/wheeltec_ros2/install/nav_2d_msgs/local/lib/python3.10/dist-packages/nav_2d_msgs/nav_2d_msgs_s__rosidl_typesupport_fastrtps_c.cpython-310-aarch64-linux-gnu.so
[2.210s] -- Up-to-date symlink: /home/wheeltec/wheeltec_ros2/install/nav_2d_msgs/local/lib/python3.10/dist-packages/nav_2d_msgs/nav_2d_msgs_s__rosidl_typesupport_introspection_c.cpython-310-aarch64-linux-gnu.so
[2.210s] -- Up-to-date symlink: /home/wheeltec/wheeltec_ros2/install/nav_2d_msgs/local/lib/python3.10/dist-packages/nav_2d_msgs/nav_2d_msgs_s__rosidl_typesupport_fastrtps_c.cpython-310-aarch64-linux-gnu.so
[2.210s] -- Up-to-date symlink: /home/wheeltec/wheeltec_ros2/install/nav_2d_msgs/local/lib/python3.10/dist-packages/nav_2d_msgs/nav_2d_msgs_s__rosidl_typesupport_introspection_c.cpython-310-aarch64-linux-gnu.so
[2.210s] -- Up-to-date symlink: /home/wheeltec/wheeltec_ros2/install/nav_2d_msgs/local/lib/python3.10/dist-packages/nav_2d_msgs/nav_2d_msgs_s__rosidl_typesupport_c.cpython-310-aarch64-linux-gnu.so
[2.210s] -- Up-to-date symlink: /home/wheeltec/wheeltec_ros2/install/nav_2d_msgs/share/nav_2d_msgs/msg/Path2D.idl
[2.211s] -- Up-to-date symlink: /home/wheeltec/wheeltec_ros2/install/nav_2d_msgs/share/nav_2d_msgs/msg/Pose2D32.idl
[2.211s] -- Up-to-date symlink: /home/wheeltec/wheeltec_ros2/install/nav_2d_msgs/share/nav_2d_msgs/msg/Pose2DStamped.idl
[2.211s] -- Up-to-date symlink: /home/wheeltec/wheeltec_ros2/install/nav_2d_msgs/share/nav_2d_msgs/msg/Twist2D.idl
[2.211s] -- Up-to-date symlink: /home/wheeltec/wheeltec_ros2/install/nav_2d_msgs/share/nav_2d_msgs/msg/Twist2D32.idl
[2.211s] -- Up-to-date symlink: /home/wheeltec/wheeltec_ros2/install/nav_2d_msgs/share/nav_2d_msgs/msg/Twist2DStamped.idl
[2.211s] -- Up-to-date symlink: /home/wheeltec/wheeltec_ros2/install/nav_2d_msgs/share/nav_2d_msgs/msg/Path2D.msg
[2.211s] -- Up-to-date symlink: /home/wheeltec/wheeltec_ros2/install/nav_2d_msgs/share/nav_2d_msgs/msg/Pose2D32.msg
[2.213s] -- Up-to-date symlink: /home/wheeltec/wheeltec_ros2/install/nav_2d_msgs/share/nav_2d_msgs/msg/Pose2DStamped.msg
[2.214s] -- Up-to-date symlink: /home/wheeltec/wheeltec_ros2/install/nav_2d_msgs/share/nav_2d_msgs/msg/Twist2D.msg
[2.214s] -- Up-to-date symlink: /home/wheeltec/wheeltec_ros2/install/nav_2d_msgs/share/nav_2d_msgs/msg/Twist2D32.msg
[2.214s] -- Up-to-date symlink: /home/wheeltec/wheeltec_ros2/install/nav_2d_msgs/share/nav_2d_msgs/msg/Twist2DStamped.msg
[2.214s] -- Up-to-date symlink: /home/wheeltec/wheeltec_ros2/install/nav_2d_msgs/share/ament_index/resource_index/package_run_dependencies/nav_2d_msgs
[2.214s] -- Up-to-date symlink: /home/wheeltec/wheeltec_ros2/install/nav_2d_msgs/share/ament_index/resource_index/parent_prefix_path/nav_2d_msgs
[2.215s] -- Up-to-date symlink: /home/wheeltec/wheeltec_ros2/install/nav_2d_msgs/share/nav_2d_msgs/environment/ament_prefix_path.sh
[2.215s] -- Up-to-date symlink: /home/wheeltec/wheeltec_ros2/install/nav_2d_msgs/share/nav_2d_msgs/environment/ament_prefix_path.dsv
[2.215s] -- Up-to-date symlink: /home/wheeltec/wheeltec_ros2/install/nav_2d_msgs/share/nav_2d_msgs/environment/path.sh
[2.215s] -- Up-to-date symlink: /home/wheeltec/wheeltec_ros2/install/nav_2d_msgs/share/nav_2d_msgs/environment/path.dsv
[2.215s] -- Up-to-date symlink: /home/wheeltec/wheeltec_ros2/install/nav_2d_msgs/share/nav_2d_msgs/local_setup.bash
[2.215s] -- Up-to-date symlink: /home/wheeltec/wheeltec_ros2/install/nav_2d_msgs/share/nav_2d_msgs/local_setup.sh
[2.215s] -- Up-to-date symlink: /home/wheeltec/wheeltec_ros2/install/nav_2d_msgs/share/nav_2d_msgs/local_setup.zsh
[2.216s] -- Up-to-date symlink: /home/wheeltec/wheeltec_ros2/install/nav_2d_msgs/share/nav_2d_msgs/local_setup.dsv
[2.216s] -- Symlinking: /home/wheeltec/wheeltec_ros2/install/nav_2d_msgs/share/nav_2d_msgs/package.dsv
[2.227s] -- Up-to-date symlink: /home/wheeltec/wheeltec_ros2/install/nav_2d_msgs/share/ament_index/resource_index/packages/nav_2d_msgs
[2.228s] -- Up-to-date symlink: /home/wheeltec/wheeltec_ros2/install/nav_2d_msgs/share/nav_2d_msgs/cmake/rosidl_cmake-extras.cmake
[2.228s] -- Up-to-date symlink: /home/wheeltec/wheeltec_ros2/install/nav_2d_msgs/share/nav_2d_msgs/cmake/ament_cmake_export_dependencies-extras.cmake
[2.228s] -- Up-to-date symlink: /home/wheeltec/wheeltec_ros2/install/nav_2d_msgs/share/nav_2d_msgs/cmake/ament_cmake_export_include_directories-extras.cmake
[2.228s] -- Up-to-date symlink: /home/wheeltec/wheeltec_ros2/install/nav_2d_msgs/share/nav_2d_msgs/cmake/ament_cmake_export_libraries-extras.cmake
[2.228s] -- Up-to-date symlink: /home/wheeltec/wheeltec_ros2/install/nav_2d_msgs/share/nav_2d_msgs/cmake/ament_cmake_export_targets-extras.cmake
[2.228s] -- Up-to-date symlink: /home/wheeltec/wheeltec_ros2/install/nav_2d_msgs/share/nav_2d_msgs/cmake/rosidl_cmake_export_typesupport_targets-extras.cmake
[2.229s] -- Up-to-date symlink: /home/wheeltec/wheeltec_ros2/install/nav_2d_msgs/share/nav_2d_msgs/cmake/rosidl_cmake_export_typesupport_libraries-extras.cmake
[2.229s] -- Up-to-date symlink: /home/wheeltec/wheeltec_ros2/install/nav_2d_msgs/share/nav_2d_msgs/cmake/nav_2d_msgsConfig.cmake
[2.229s] -- Up-to-date symlink: /home/wheeltec/wheeltec_ros2/install/nav_2d_msgs/share/nav_2d_msgs/cmake/nav_2d_msgsConfig-version.cmake
[2.229s] -- Up-to-date symlink: /home/wheeltec/wheeltec_ros2/install/nav_2d_msgs/share/nav_2d_msgs/package.xml
[2.230s] -- Up-to-date: /home/wheeltec/wheeltec_ros2/install/nav_2d_msgs/lib/libnav_2d_msgs__rosidl_generator_c.so
[2.230s] -- Up-to-date: /home/wheeltec/wheeltec_ros2/install/nav_2d_msgs/lib/libnav_2d_msgs__rosidl_typesupport_fastrtps_c.so
[2.230s] -- Up-to-date: /home/wheeltec/wheeltec_ros2/install/nav_2d_msgs/lib/libnav_2d_msgs__rosidl_typesupport_fastrtps_cpp.so
[2.230s] -- Up-to-date: /home/wheeltec/wheeltec_ros2/install/nav_2d_msgs/lib/libnav_2d_msgs__rosidl_typesupport_introspection_c.so
[2.230s] -- Up-to-date: /home/wheeltec/wheeltec_ros2/install/nav_2d_msgs/lib/libnav_2d_msgs__rosidl_typesupport_c.so
[2.235s] -- Up-to-date: /home/wheeltec/wheeltec_ros2/install/nav_2d_msgs/lib/libnav_2d_msgs__rosidl_typesupport_introspection_cpp.so
[2.236s] -- Up-to-date: /home/wheeltec/wheeltec_ros2/install/nav_2d_msgs/lib/libnav_2d_msgs__rosidl_typesupport_cpp.so
[2.356s] Listing '/home/wheeltec/wheeltec_ros2/install/nav_2d_msgs/local/lib/python3.10/dist-packages/nav_2d_msgs'...
[2.356s] Listing '/home/wheeltec/wheeltec_ros2/install/nav_2d_msgs/local/lib/python3.10/dist-packages/nav_2d_msgs/msg'...
[2.370s] -- Up-to-date: /home/wheeltec/wheeltec_ros2/install/nav_2d_msgs/lib/libnav_2d_msgs__rosidl_generator_py.so
[2.374s] -- Up-to-date: /home/wheeltec/wheeltec_ros2/install/nav_2d_msgs/share/nav_2d_msgs/cmake/export_nav_2d_msgs__rosidl_generator_cExport.cmake
[2.374s] -- Up-to-date: /home/wheeltec/wheeltec_ros2/install/nav_2d_msgs/share/nav_2d_msgs/cmake/export_nav_2d_msgs__rosidl_generator_cExport-noconfig.cmake
[2.374s] -- Up-to-date: /home/wheeltec/wheeltec_ros2/install/nav_2d_msgs/share/nav_2d_msgs/cmake/export_nav_2d_msgs__rosidl_typesupport_fastrtps_cExport.cmake
[2.375s] -- Up-to-date: /home/wheeltec/wheeltec_ros2/install/nav_2d_msgs/share/nav_2d_msgs/cmake/export_nav_2d_msgs__rosidl_typesupport_fastrtps_cExport-noconfig.cmake
[2.375s] -- Up-to-date: /home/wheeltec/wheeltec_ros2/install/nav_2d_msgs/share/nav_2d_msgs/cmake/export_nav_2d_msgs__rosidl_generator_cppExport.cmake
[2.375s] -- Up-to-date: /home/wheeltec/wheeltec_ros2/install/nav_2d_msgs/share/nav_2d_msgs/cmake/export_nav_2d_msgs__rosidl_typesupport_fastrtps_cppExport.cmake
[2.375s] -- Up-to-date: /home/wheeltec/wheeltec_ros2/install/nav_2d_msgs/share/nav_2d_msgs/cmake/export_nav_2d_msgs__rosidl_typesupport_fastrtps_cppExport-noconfig.cmake
[2.386s] -- Up-to-date: /home/wheeltec/wheeltec_ros2/install/nav_2d_msgs/share/nav_2d_msgs/cmake/nav_2d_msgs__rosidl_typesupport_introspection_cExport.cmake
[2.387s] -- Up-to-date: /home/wheeltec/wheeltec_ros2/install/nav_2d_msgs/share/nav_2d_msgs/cmake/nav_2d_msgs__rosidl_typesupport_introspection_cExport-noconfig.cmake
[2.387s] -- Up-to-date: /home/wheeltec/wheeltec_ros2/install/nav_2d_msgs/share/nav_2d_msgs/cmake/nav_2d_msgs__rosidl_typesupport_cExport.cmake
[2.387s] -- Up-to-date: /home/wheeltec/wheeltec_ros2/install/nav_2d_msgs/share/nav_2d_msgs/cmake/nav_2d_msgs__rosidl_typesupport_cExport-noconfig.cmake
[2.387s] -- Up-to-date: /home/wheeltec/wheeltec_ros2/install/nav_2d_msgs/share/nav_2d_msgs/cmake/nav_2d_msgs__rosidl_typesupport_introspection_cppExport.cmake
[2.387s] -- Up-to-date: /home/wheeltec/wheeltec_ros2/install/nav_2d_msgs/share/nav_2d_msgs/cmake/nav_2d_msgs__rosidl_typesupport_introspection_cppExport-noconfig.cmake
[2.387s] -- Up-to-date: /home/wheeltec/wheeltec_ros2/install/nav_2d_msgs/share/nav_2d_msgs/cmake/nav_2d_msgs__rosidl_typesupport_cppExport.cmake
[2.387s] -- Up-to-date: /home/wheeltec/wheeltec_ros2/install/nav_2d_msgs/share/nav_2d_msgs/cmake/nav_2d_msgs__rosidl_typesupport_cppExport-noconfig.cmake
[2.387s] -- Up-to-date: /home/wheeltec/wheeltec_ros2/install/nav_2d_msgs/share/nav_2d_msgs/cmake/export_nav_2d_msgs__rosidl_generator_pyExport.cmake
[2.388s] -- Up-to-date: /home/wheeltec/wheeltec_ros2/install/nav_2d_msgs/share/nav_2d_msgs/cmake/export_nav_2d_msgs__rosidl_generator_pyExport-noconfig.cmake
[2.416s] Invoked command in '/home/wheeltec/wheeltec_ros2/build/nav_2d_msgs' returned '0': CMAKE_PREFIX_PATH=${CMAKE_PREFIX_PATH}:/home/wheeltec/wheeltec_ros2/install/auto_recharge_ros2:/home/wheeltec/autoware/install/autoware_wheeltec_interface:/home/wheeltec/autoware/install/ad_api_visualizers:/opt/ros/humble /usr/bin/cmake --install /home/wheeltec/wheeltec_ros2/build/nav_2d_msgs
