[0.107s] Invoking command in '/home/wheeltec/wheeltec_ros2/build/wheeltec_slam_toolbox': CMAKE_PREFIX_PATH=${CMAKE_PREFIX_PATH}:/home/wheeltec/wheeltec_ros2/install/simple_follower_ros2:/home/wheeltec/wheeltec_ros2/install/wheeltec_robot_keyboard:/home/wheeltec/wheeltec_ros2/install/wheeltec_dual_rtk_driver:/home/wheeltec/wheeltec_ros2/install/ultralytics_ros2:/home/wheeltec/wheeltec_ros2/install/tf2_tools:/home/wheeltec/wheeltec_ros2/install/ollama_ros_chat:/home/wheeltec/wheeltec_ros2/install/nmea_navsat_driver:/home/wheeltec/wheeltec_ros2/install/nav2_waypoint_cycle:/home/wheeltec/wheeltec_ros2/install/nav2_simple_commander:/home/wheeltec/wheeltec_ros2/install/auto_recharge_ros2:/home/wheeltec/autoware/install/autoware_wheeltec_interface:/home/wheeltec/autoware/install/ad_api_visualizers:/opt/ros/humble /usr/bin/cmake --build /home/wheeltec/wheeltec_ros2/build/wheeltec_slam_toolbox -- -j6 -l6
[0.570s] [100%] Built target talker
[0.653s] Invoked command in '/home/wheeltec/wheeltec_ros2/build/wheeltec_slam_toolbox' returned '0': CMAKE_PREFIX_PATH=${CMAKE_PREFIX_PATH}:/home/wheeltec/wheeltec_ros2/install/simple_follower_ros2:/home/wheeltec/wheeltec_ros2/install/wheeltec_robot_keyboard:/home/wheeltec/wheeltec_ros2/install/wheeltec_dual_rtk_driver:/home/wheeltec/wheeltec_ros2/install/ultralytics_ros2:/home/wheeltec/wheeltec_ros2/install/tf2_tools:/home/wheeltec/wheeltec_ros2/install/ollama_ros_chat:/home/wheeltec/wheeltec_ros2/install/nmea_navsat_driver:/home/wheeltec/wheeltec_ros2/install/nav2_waypoint_cycle:/home/wheeltec/wheeltec_ros2/install/nav2_simple_commander:/home/wheeltec/wheeltec_ros2/install/auto_recharge_ros2:/home/wheeltec/autoware/install/autoware_wheeltec_interface:/home/wheeltec/autoware/install/ad_api_visualizers:/opt/ros/humble /usr/bin/cmake --build /home/wheeltec/wheeltec_ros2/build/wheeltec_slam_toolbox -- -j6 -l6
[0.655s] Invoking command in '/home/wheeltec/wheeltec_ros2/build/wheeltec_slam_toolbox': CMAKE_PREFIX_PATH=${CMAKE_PREFIX_PATH}:/home/wheeltec/wheeltec_ros2/install/simple_follower_ros2:/home/wheeltec/wheeltec_ros2/install/wheeltec_robot_keyboard:/home/wheeltec/wheeltec_ros2/install/wheeltec_dual_rtk_driver:/home/wheeltec/wheeltec_ros2/install/ultralytics_ros2:/home/wheeltec/wheeltec_ros2/install/tf2_tools:/home/wheeltec/wheeltec_ros2/install/ollama_ros_chat:/home/wheeltec/wheeltec_ros2/install/nmea_navsat_driver:/home/wheeltec/wheeltec_ros2/install/nav2_waypoint_cycle:/home/wheeltec/wheeltec_ros2/install/nav2_simple_commander:/home/wheeltec/wheeltec_ros2/install/auto_recharge_ros2:/home/wheeltec/autoware/install/autoware_wheeltec_interface:/home/wheeltec/autoware/install/ad_api_visualizers:/opt/ros/humble /usr/bin/cmake --install /home/wheeltec/wheeltec_ros2/build/wheeltec_slam_toolbox
[0.730s] -- Install configuration: ""
[0.731s] -- Execute custom install script
[0.732s] -- Up-to-date symlink: /home/wheeltec/wheeltec_ros2/install/wheeltec_slam_toolbox/lib/wheeltec_slam_toolbox/talker
[0.733s] -- Up-to-date symlink: /home/wheeltec/wheeltec_ros2/install/wheeltec_slam_toolbox/share/wheeltec_slam_toolbox/config/mapper_params_online_async.yaml
[0.733s] -- Up-to-date symlink: /home/wheeltec/wheeltec_ros2/install/wheeltec_slam_toolbox/share/wheeltec_slam_toolbox/config/mapper_params_online_sync.yaml
[0.735s] -- Up-to-date symlink: /home/wheeltec/wheeltec_ros2/install/wheeltec_slam_toolbox/share/wheeltec_slam_toolbox/launch/online_async_launch.py
[0.736s] -- Up-to-date symlink: /home/wheeltec/wheeltec_ros2/install/wheeltec_slam_toolbox/share/wheeltec_slam_toolbox/launch/online_sync.launch.py
[0.736s] -- Up-to-date symlink: /home/wheeltec/wheeltec_ros2/install/wheeltec_slam_toolbox/share/ament_index/resource_index/package_run_dependencies/wheeltec_slam_toolbox
[0.740s] -- Up-to-date symlink: /home/wheeltec/wheeltec_ros2/install/wheeltec_slam_toolbox/share/ament_index/resource_index/parent_prefix_path/wheeltec_slam_toolbox
[0.740s] -- Up-to-date symlink: /home/wheeltec/wheeltec_ros2/install/wheeltec_slam_toolbox/share/wheeltec_slam_toolbox/environment/ament_prefix_path.sh
[0.746s] -- Up-to-date symlink: /home/wheeltec/wheeltec_ros2/install/wheeltec_slam_toolbox/share/wheeltec_slam_toolbox/environment/ament_prefix_path.dsv
[0.746s] -- Up-to-date symlink: /home/wheeltec/wheeltec_ros2/install/wheeltec_slam_toolbox/share/wheeltec_slam_toolbox/environment/path.sh
[0.746s] -- Up-to-date symlink: /home/wheeltec/wheeltec_ros2/install/wheeltec_slam_toolbox/share/wheeltec_slam_toolbox/environment/path.dsv
[0.746s] -- Up-to-date symlink: /home/wheeltec/wheeltec_ros2/install/wheeltec_slam_toolbox/share/wheeltec_slam_toolbox/local_setup.bash
[0.746s] -- Up-to-date symlink: /home/wheeltec/wheeltec_ros2/install/wheeltec_slam_toolbox/share/wheeltec_slam_toolbox/local_setup.sh
[0.746s] -- Up-to-date symlink: /home/wheeltec/wheeltec_ros2/install/wheeltec_slam_toolbox/share/wheeltec_slam_toolbox/local_setup.zsh
[0.746s] -- Up-to-date symlink: /home/wheeltec/wheeltec_ros2/install/wheeltec_slam_toolbox/share/wheeltec_slam_toolbox/local_setup.dsv
[0.747s] -- Symlinking: /home/wheeltec/wheeltec_ros2/install/wheeltec_slam_toolbox/share/wheeltec_slam_toolbox/package.dsv
[0.827s] -- Up-to-date symlink: /home/wheeltec/wheeltec_ros2/install/wheeltec_slam_toolbox/share/ament_index/resource_index/packages/wheeltec_slam_toolbox
[0.828s] -- Up-to-date symlink: /home/wheeltec/wheeltec_ros2/install/wheeltec_slam_toolbox/share/wheeltec_slam_toolbox/cmake/wheeltec_slam_toolboxConfig.cmake
[0.828s] -- Up-to-date symlink: /home/wheeltec/wheeltec_ros2/install/wheeltec_slam_toolbox/share/wheeltec_slam_toolbox/cmake/wheeltec_slam_toolboxConfig-version.cmake
[0.828s] -- Up-to-date symlink: /home/wheeltec/wheeltec_ros2/install/wheeltec_slam_toolbox/share/wheeltec_slam_toolbox/package.xml
[0.836s] Invoked command in '/home/wheeltec/wheeltec_ros2/build/wheeltec_slam_toolbox' returned '0': CMAKE_PREFIX_PATH=${CMAKE_PREFIX_PATH}:/home/wheeltec/wheeltec_ros2/install/simple_follower_ros2:/home/wheeltec/wheeltec_ros2/install/wheeltec_robot_keyboard:/home/wheeltec/wheeltec_ros2/install/wheeltec_dual_rtk_driver:/home/wheeltec/wheeltec_ros2/install/ultralytics_ros2:/home/wheeltec/wheeltec_ros2/install/tf2_tools:/home/wheeltec/wheeltec_ros2/install/ollama_ros_chat:/home/wheeltec/wheeltec_ros2/install/nmea_navsat_driver:/home/wheeltec/wheeltec_ros2/install/nav2_waypoint_cycle:/home/wheeltec/wheeltec_ros2/install/nav2_simple_commander:/home/wheeltec/wheeltec_ros2/install/auto_recharge_ros2:/home/wheeltec/autoware/install/autoware_wheeltec_interface:/home/wheeltec/autoware/install/ad_api_visualizers:/opt/ros/humble /usr/bin/cmake --install /home/wheeltec/wheeltec_ros2/build/wheeltec_slam_toolbox
