[0.766s] Invoking command in '/home/wheeltec/wheeltec_ros2/build/ollama_ros_msgs': CMAKE_PREFIX_PATH=${CMAKE_PREFIX_PATH}:/home/wheeltec/wheeltec_ros2/install/simple_follower_ros2:/home/wheeltec/wheeltec_ros2/install/wheeltec_robot_keyboard:/home/wheeltec/wheeltec_ros2/install/wheeltec_dual_rtk_driver:/home/wheeltec/wheeltec_ros2/install/ultralytics_ros2:/home/wheeltec/wheeltec_ros2/install/tf2_tools:/home/wheeltec/wheeltec_ros2/install/ollama_ros_chat:/home/wheeltec/wheeltec_ros2/install/nmea_navsat_driver:/home/wheeltec/wheeltec_ros2/install/nav2_waypoint_cycle:/home/wheeltec/wheeltec_ros2/install/nav2_simple_commander:/home/wheeltec/wheeltec_ros2/install/auto_recharge_ros2:/home/wheeltec/autoware/install/autoware_wheeltec_interface:/home/wheeltec/autoware/install/ad_api_visualizers:/opt/ros/humble /usr/bin/cmake --build /home/wheeltec/wheeltec_ros2/build/ollama_ros_msgs -- -j6 -l6
[2.046s] [  3%] Built target ollama_ros_msgs__cpp
[2.047s] [ 12%] Built target ollama_ros_msgs__rosidl_generator_c
[2.403s] [ 12%] Built target ament_cmake_python_symlink_ollama_ros_msgs
[2.739s] [ 22%] Built target ollama_ros_msgs__rosidl_typesupport_cpp
[2.829s] [ 32%] Built target ollama_ros_msgs__rosidl_typesupport_introspection_cpp
[2.831s] [ 41%] Built target ollama_ros_msgs__rosidl_typesupport_fastrtps_cpp
[2.874s] [ 51%] Built target ollama_ros_msgs__rosidl_typesupport_introspection_c
[2.972s] [ 61%] Built target ollama_ros_msgs__rosidl_typesupport_c
[3.060s] [ 70%] Built target ollama_ros_msgs__rosidl_typesupport_fastrtps_c
[3.588s] [ 70%] Built target ollama_ros_msgs
[4.108s] [ 74%] Built target ollama_ros_msgs__py
[4.587s] [ 80%] Built target ollama_ros_msgs__rosidl_generator_py
[4.599s] running egg_info
[4.601s] writing ollama_ros_msgs.egg-info/PKG-INFO
[4.603s] writing dependency_links to ollama_ros_msgs.egg-info/dependency_links.txt
[4.603s] writing top-level names to ollama_ros_msgs.egg-info/top_level.txt
[4.614s] reading manifest file 'ollama_ros_msgs.egg-info/SOURCES.txt'
[4.620s] writing manifest file 'ollama_ros_msgs.egg-info/SOURCES.txt'
[4.778s] [ 80%] Built target ament_cmake_python_build_ollama_ros_msgs_egg
[4.870s] [ 87%] Built target ollama_ros_msgs__rosidl_typesupport_fastrtps_c__pyext
[5.003s] [ 93%] Built target ollama_ros_msgs__rosidl_typesupport_c__pyext
[5.109s] [100%] Built target ollama_ros_msgs__rosidl_typesupport_introspection_c__pyext
[5.211s] Invoked command in '/home/wheeltec/wheeltec_ros2/build/ollama_ros_msgs' returned '0': CMAKE_PREFIX_PATH=${CMAKE_PREFIX_PATH}:/home/wheeltec/wheeltec_ros2/install/simple_follower_ros2:/home/wheeltec/wheeltec_ros2/install/wheeltec_robot_keyboard:/home/wheeltec/wheeltec_ros2/install/wheeltec_dual_rtk_driver:/home/wheeltec/wheeltec_ros2/install/ultralytics_ros2:/home/wheeltec/wheeltec_ros2/install/tf2_tools:/home/wheeltec/wheeltec_ros2/install/ollama_ros_chat:/home/wheeltec/wheeltec_ros2/install/nmea_navsat_driver:/home/wheeltec/wheeltec_ros2/install/nav2_waypoint_cycle:/home/wheeltec/wheeltec_ros2/install/nav2_simple_commander:/home/wheeltec/wheeltec_ros2/install/auto_recharge_ros2:/home/wheeltec/autoware/install/autoware_wheeltec_interface:/home/wheeltec/autoware/install/ad_api_visualizers:/opt/ros/humble /usr/bin/cmake --build /home/wheeltec/wheeltec_ros2/build/ollama_ros_msgs -- -j6 -l6
[5.215s] Invoking command in '/home/wheeltec/wheeltec_ros2/build/ollama_ros_msgs': CMAKE_PREFIX_PATH=${CMAKE_PREFIX_PATH}:/home/wheeltec/wheeltec_ros2/install/simple_follower_ros2:/home/wheeltec/wheeltec_ros2/install/wheeltec_robot_keyboard:/home/wheeltec/wheeltec_ros2/install/wheeltec_dual_rtk_driver:/home/wheeltec/wheeltec_ros2/install/ultralytics_ros2:/home/wheeltec/wheeltec_ros2/install/tf2_tools:/home/wheeltec/wheeltec_ros2/install/ollama_ros_chat:/home/wheeltec/wheeltec_ros2/install/nmea_navsat_driver:/home/wheeltec/wheeltec_ros2/install/nav2_waypoint_cycle:/home/wheeltec/wheeltec_ros2/install/nav2_simple_commander:/home/wheeltec/wheeltec_ros2/install/auto_recharge_ros2:/home/wheeltec/autoware/install/autoware_wheeltec_interface:/home/wheeltec/autoware/install/ad_api_visualizers:/opt/ros/humble /usr/bin/cmake --install /home/wheeltec/wheeltec_ros2/build/ollama_ros_msgs
[5.294s] -- Install configuration: ""
[5.296s] -- Execute custom install script
[5.297s] -- Up-to-date symlink: /home/wheeltec/wheeltec_ros2/install/ollama_ros_msgs/share/ament_index/resource_index/rosidl_interfaces/ollama_ros_msgs
[5.299s] -- Up-to-date symlink: /home/wheeltec/wheeltec_ros2/install/ollama_ros_msgs/include/ollama_ros_msgs/ollama_ros_msgs/msg/rosidl_generator_c__visibility_control.h
[5.300s] -- Up-to-date symlink: /home/wheeltec/wheeltec_ros2/install/ollama_ros_msgs/include/ollama_ros_msgs/ollama_ros_msgs/srv/chat.h
[5.301s] -- Up-to-date symlink: /home/wheeltec/wheeltec_ros2/install/ollama_ros_msgs/include/ollama_ros_msgs/ollama_ros_msgs/srv/detail/chat__functions.h
[5.301s] -- Up-to-date symlink: /home/wheeltec/wheeltec_ros2/install/ollama_ros_msgs/include/ollama_ros_msgs/ollama_ros_msgs/srv/detail/chat__struct.h
[5.303s] -- Up-to-date symlink: /home/wheeltec/wheeltec_ros2/install/ollama_ros_msgs/include/ollama_ros_msgs/ollama_ros_msgs/srv/detail/chat__type_support.h
[5.303s] -- Up-to-date symlink: /home/wheeltec/wheeltec_ros2/install/ollama_ros_msgs/share/ollama_ros_msgs/environment/library_path.sh
[5.304s] -- Up-to-date symlink: /home/wheeltec/wheeltec_ros2/install/ollama_ros_msgs/share/ollama_ros_msgs/environment/library_path.dsv
[5.305s] -- Up-to-date symlink: /home/wheeltec/wheeltec_ros2/install/ollama_ros_msgs/include/ollama_ros_msgs/ollama_ros_msgs/msg/rosidl_typesupport_fastrtps_c__visibility_control.h
[5.306s] -- Up-to-date symlink: /home/wheeltec/wheeltec_ros2/install/ollama_ros_msgs/include/ollama_ros_msgs/ollama_ros_msgs/srv/detail/chat__rosidl_typesupport_fastrtps_c.h
[5.307s] -- Up-to-date symlink: /home/wheeltec/wheeltec_ros2/install/ollama_ros_msgs/include/ollama_ros_msgs/ollama_ros_msgs/msg/rosidl_typesupport_introspection_c__visibility_control.h
[5.308s] -- Up-to-date symlink: /home/wheeltec/wheeltec_ros2/install/ollama_ros_msgs/include/ollama_ros_msgs/ollama_ros_msgs/srv/detail/chat__rosidl_typesupport_introspection_c.h
[5.309s] -- Up-to-date symlink: /home/wheeltec/wheeltec_ros2/install/ollama_ros_msgs/include/ollama_ros_msgs/ollama_ros_msgs/msg/rosidl_generator_cpp__visibility_control.hpp
[5.310s] -- Up-to-date symlink: /home/wheeltec/wheeltec_ros2/install/ollama_ros_msgs/include/ollama_ros_msgs/ollama_ros_msgs/srv/chat.hpp
[5.310s] -- Up-to-date symlink: /home/wheeltec/wheeltec_ros2/install/ollama_ros_msgs/include/ollama_ros_msgs/ollama_ros_msgs/srv/detail/chat__builder.hpp
[5.311s] -- Up-to-date symlink: /home/wheeltec/wheeltec_ros2/install/ollama_ros_msgs/include/ollama_ros_msgs/ollama_ros_msgs/srv/detail/chat__struct.hpp
[5.312s] -- Up-to-date symlink: /home/wheeltec/wheeltec_ros2/install/ollama_ros_msgs/include/ollama_ros_msgs/ollama_ros_msgs/srv/detail/chat__traits.hpp
[5.312s] -- Up-to-date symlink: /home/wheeltec/wheeltec_ros2/install/ollama_ros_msgs/include/ollama_ros_msgs/ollama_ros_msgs/srv/detail/chat__type_support.hpp
[5.313s] -- Up-to-date symlink: /home/wheeltec/wheeltec_ros2/install/ollama_ros_msgs/include/ollama_ros_msgs/ollama_ros_msgs/msg/rosidl_typesupport_fastrtps_cpp__visibility_control.h
[5.314s] -- Up-to-date symlink: /home/wheeltec/wheeltec_ros2/install/ollama_ros_msgs/include/ollama_ros_msgs/ollama_ros_msgs/srv/detail/chat__rosidl_typesupport_fastrtps_cpp.hpp
[5.315s] -- Up-to-date symlink: /home/wheeltec/wheeltec_ros2/install/ollama_ros_msgs/include/ollama_ros_msgs/ollama_ros_msgs/srv/detail/chat__rosidl_typesupport_introspection_cpp.hpp
[5.316s] -- Up-to-date symlink: /home/wheeltec/wheeltec_ros2/install/ollama_ros_msgs/share/ollama_ros_msgs/environment/pythonpath.sh
[5.316s] -- Up-to-date symlink: /home/wheeltec/wheeltec_ros2/install/ollama_ros_msgs/share/ollama_ros_msgs/environment/pythonpath.dsv
[5.317s] -- Up-to-date symlink: /home/wheeltec/wheeltec_ros2/install/ollama_ros_msgs/local/lib/python3.10/dist-packages/ollama_ros_msgs-0.0.0-py3.10.egg-info/PKG-INFO
[5.318s] -- Up-to-date symlink: /home/wheeltec/wheeltec_ros2/install/ollama_ros_msgs/local/lib/python3.10/dist-packages/ollama_ros_msgs-0.0.0-py3.10.egg-info/SOURCES.txt
[5.318s] -- Up-to-date symlink: /home/wheeltec/wheeltec_ros2/install/ollama_ros_msgs/local/lib/python3.10/dist-packages/ollama_ros_msgs-0.0.0-py3.10.egg-info/dependency_links.txt
[5.320s] -- Up-to-date symlink: /home/wheeltec/wheeltec_ros2/install/ollama_ros_msgs/local/lib/python3.10/dist-packages/ollama_ros_msgs-0.0.0-py3.10.egg-info/top_level.txt
[5.321s] -- Up-to-date symlink: /home/wheeltec/wheeltec_ros2/install/ollama_ros_msgs/local/lib/python3.10/dist-packages/ollama_ros_msgs/__init__.py
[5.322s] -- Up-to-date symlink: /home/wheeltec/wheeltec_ros2/install/ollama_ros_msgs/local/lib/python3.10/dist-packages/ollama_ros_msgs/_ollama_ros_msgs_s.ep.rosidl_typesupport_c.c
[5.322s] -- Up-to-date symlink: /home/wheeltec/wheeltec_ros2/install/ollama_ros_msgs/local/lib/python3.10/dist-packages/ollama_ros_msgs/_ollama_ros_msgs_s.ep.rosidl_typesupport_fastrtps_c.c
[5.323s] -- Up-to-date symlink: /home/wheeltec/wheeltec_ros2/install/ollama_ros_msgs/local/lib/python3.10/dist-packages/ollama_ros_msgs/_ollama_ros_msgs_s.ep.rosidl_typesupport_introspection_c.c
[5.324s] -- Up-to-date symlink: /home/wheeltec/wheeltec_ros2/install/ollama_ros_msgs/local/lib/python3.10/dist-packages/ollama_ros_msgs/libollama_ros_msgs__rosidl_generator_py.so
[5.324s] -- Up-to-date symlink: /home/wheeltec/wheeltec_ros2/install/ollama_ros_msgs/local/lib/python3.10/dist-packages/ollama_ros_msgs/ollama_ros_msgs_s__rosidl_typesupport_c.cpython-310-aarch64-linux-gnu.so
[5.325s] -- Up-to-date symlink: /home/wheeltec/wheeltec_ros2/install/ollama_ros_msgs/local/lib/python3.10/dist-packages/ollama_ros_msgs/ollama_ros_msgs_s__rosidl_typesupport_fastrtps_c.cpython-310-aarch64-linux-gnu.so
[5.325s] -- Up-to-date symlink: /home/wheeltec/wheeltec_ros2/install/ollama_ros_msgs/local/lib/python3.10/dist-packages/ollama_ros_msgs/ollama_ros_msgs_s__rosidl_typesupport_introspection_c.cpython-310-aarch64-linux-gnu.so
[5.326s] -- Up-to-date symlink: /home/wheeltec/wheeltec_ros2/install/ollama_ros_msgs/local/lib/python3.10/dist-packages/ollama_ros_msgs/srv/__init__.py
[5.327s] -- Up-to-date symlink: /home/wheeltec/wheeltec_ros2/install/ollama_ros_msgs/local/lib/python3.10/dist-packages/ollama_ros_msgs/srv/_chat.py
[5.327s] -- Up-to-date symlink: /home/wheeltec/wheeltec_ros2/install/ollama_ros_msgs/local/lib/python3.10/dist-packages/ollama_ros_msgs/srv/_chat_s.c
[5.328s] -- Up-to-date symlink: /home/wheeltec/wheeltec_ros2/install/ollama_ros_msgs/local/lib/python3.10/dist-packages/ollama_ros_msgs/ollama_ros_msgs_s__rosidl_typesupport_fastrtps_c.cpython-310-aarch64-linux-gnu.so
[5.329s] -- Up-to-date symlink: /home/wheeltec/wheeltec_ros2/install/ollama_ros_msgs/local/lib/python3.10/dist-packages/ollama_ros_msgs/ollama_ros_msgs_s__rosidl_typesupport_introspection_c.cpython-310-aarch64-linux-gnu.so
[5.330s] -- Up-to-date symlink: /home/wheeltec/wheeltec_ros2/install/ollama_ros_msgs/local/lib/python3.10/dist-packages/ollama_ros_msgs/ollama_ros_msgs_s__rosidl_typesupport_c.cpython-310-aarch64-linux-gnu.so
[5.331s] -- Up-to-date symlink: /home/wheeltec/wheeltec_ros2/install/ollama_ros_msgs/share/ollama_ros_msgs/srv/Chat.idl
[5.332s] -- Up-to-date symlink: /home/wheeltec/wheeltec_ros2/install/ollama_ros_msgs/share/ollama_ros_msgs/srv/Chat.srv
[5.332s] -- Up-to-date symlink: /home/wheeltec/wheeltec_ros2/install/ollama_ros_msgs/share/ollama_ros_msgs/srv/Chat_Request.msg
[5.333s] -- Up-to-date symlink: /home/wheeltec/wheeltec_ros2/install/ollama_ros_msgs/share/ollama_ros_msgs/srv/Chat_Response.msg
[5.333s] -- Up-to-date symlink: /home/wheeltec/wheeltec_ros2/install/ollama_ros_msgs/share/ament_index/resource_index/package_run_dependencies/ollama_ros_msgs
[5.336s] -- Up-to-date symlink: /home/wheeltec/wheeltec_ros2/install/ollama_ros_msgs/share/ament_index/resource_index/parent_prefix_path/ollama_ros_msgs
[5.338s] -- Up-to-date symlink: /home/wheeltec/wheeltec_ros2/install/ollama_ros_msgs/share/ollama_ros_msgs/environment/ament_prefix_path.sh
[5.338s] -- Up-to-date symlink: /home/wheeltec/wheeltec_ros2/install/ollama_ros_msgs/share/ollama_ros_msgs/environment/ament_prefix_path.dsv
[5.339s] -- Up-to-date symlink: /home/wheeltec/wheeltec_ros2/install/ollama_ros_msgs/share/ollama_ros_msgs/environment/path.sh
[5.339s] -- Up-to-date symlink: /home/wheeltec/wheeltec_ros2/install/ollama_ros_msgs/share/ollama_ros_msgs/environment/path.dsv
[5.340s] -- Up-to-date symlink: /home/wheeltec/wheeltec_ros2/install/ollama_ros_msgs/share/ollama_ros_msgs/local_setup.bash
[5.341s] -- Up-to-date symlink: /home/wheeltec/wheeltec_ros2/install/ollama_ros_msgs/share/ollama_ros_msgs/local_setup.sh
[5.342s] -- Up-to-date symlink: /home/wheeltec/wheeltec_ros2/install/ollama_ros_msgs/share/ollama_ros_msgs/local_setup.zsh
[5.342s] -- Up-to-date symlink: /home/wheeltec/wheeltec_ros2/install/ollama_ros_msgs/share/ollama_ros_msgs/local_setup.dsv
[5.343s] -- Symlinking: /home/wheeltec/wheeltec_ros2/install/ollama_ros_msgs/share/ollama_ros_msgs/package.dsv
[5.429s] -- Up-to-date symlink: /home/wheeltec/wheeltec_ros2/install/ollama_ros_msgs/share/ament_index/resource_index/packages/ollama_ros_msgs
[5.430s] -- Up-to-date symlink: /home/wheeltec/wheeltec_ros2/install/ollama_ros_msgs/share/ollama_ros_msgs/cmake/rosidl_cmake-extras.cmake
[5.430s] -- Up-to-date symlink: /home/wheeltec/wheeltec_ros2/install/ollama_ros_msgs/share/ollama_ros_msgs/cmake/ament_cmake_export_include_directories-extras.cmake
[5.431s] -- Up-to-date symlink: /home/wheeltec/wheeltec_ros2/install/ollama_ros_msgs/share/ollama_ros_msgs/cmake/ament_cmake_export_libraries-extras.cmake
[5.431s] -- Up-to-date symlink: /home/wheeltec/wheeltec_ros2/install/ollama_ros_msgs/share/ollama_ros_msgs/cmake/ament_cmake_export_targets-extras.cmake
[5.432s] -- Up-to-date symlink: /home/wheeltec/wheeltec_ros2/install/ollama_ros_msgs/share/ollama_ros_msgs/cmake/rosidl_cmake_export_typesupport_targets-extras.cmake
[5.432s] -- Up-to-date symlink: /home/wheeltec/wheeltec_ros2/install/ollama_ros_msgs/share/ollama_ros_msgs/cmake/ament_cmake_export_dependencies-extras.cmake
[5.432s] -- Up-to-date symlink: /home/wheeltec/wheeltec_ros2/install/ollama_ros_msgs/share/ollama_ros_msgs/cmake/rosidl_cmake_export_typesupport_libraries-extras.cmake
[5.433s] -- Up-to-date symlink: /home/wheeltec/wheeltec_ros2/install/ollama_ros_msgs/share/ollama_ros_msgs/cmake/ollama_ros_msgsConfig.cmake
[5.433s] -- Up-to-date symlink: /home/wheeltec/wheeltec_ros2/install/ollama_ros_msgs/share/ollama_ros_msgs/cmake/ollama_ros_msgsConfig-version.cmake
[5.434s] -- Up-to-date symlink: /home/wheeltec/wheeltec_ros2/install/ollama_ros_msgs/share/ollama_ros_msgs/package.xml
[5.435s] -- Up-to-date: /home/wheeltec/wheeltec_ros2/install/ollama_ros_msgs/lib/libollama_ros_msgs__rosidl_generator_c.so
[5.436s] -- Up-to-date: /home/wheeltec/wheeltec_ros2/install/ollama_ros_msgs/lib/libollama_ros_msgs__rosidl_typesupport_fastrtps_c.so
[5.437s] -- Up-to-date: /home/wheeltec/wheeltec_ros2/install/ollama_ros_msgs/lib/libollama_ros_msgs__rosidl_typesupport_introspection_c.so
[5.438s] -- Up-to-date: /home/wheeltec/wheeltec_ros2/install/ollama_ros_msgs/lib/libollama_ros_msgs__rosidl_typesupport_c.so
[5.439s] -- Up-to-date: /home/wheeltec/wheeltec_ros2/install/ollama_ros_msgs/lib/libollama_ros_msgs__rosidl_typesupport_fastrtps_cpp.so
[5.440s] -- Up-to-date: /home/wheeltec/wheeltec_ros2/install/ollama_ros_msgs/lib/libollama_ros_msgs__rosidl_typesupport_introspection_cpp.so
[5.441s] -- Up-to-date: /home/wheeltec/wheeltec_ros2/install/ollama_ros_msgs/lib/libollama_ros_msgs__rosidl_typesupport_cpp.so
[5.610s] Listing '/home/wheeltec/wheeltec_ros2/install/ollama_ros_msgs/local/lib/python3.10/dist-packages/ollama_ros_msgs'...
[5.611s] Listing '/home/wheeltec/wheeltec_ros2/install/ollama_ros_msgs/local/lib/python3.10/dist-packages/ollama_ros_msgs/srv'...
[5.631s] -- Up-to-date: /home/wheeltec/wheeltec_ros2/install/ollama_ros_msgs/lib/libollama_ros_msgs__rosidl_generator_py.so
[5.631s] -- Up-to-date: /home/wheeltec/wheeltec_ros2/install/ollama_ros_msgs/share/ollama_ros_msgs/cmake/export_ollama_ros_msgs__rosidl_generator_cExport.cmake
[5.631s] -- Up-to-date: /home/wheeltec/wheeltec_ros2/install/ollama_ros_msgs/share/ollama_ros_msgs/cmake/export_ollama_ros_msgs__rosidl_generator_cExport-noconfig.cmake
[5.631s] -- Up-to-date: /home/wheeltec/wheeltec_ros2/install/ollama_ros_msgs/share/ollama_ros_msgs/cmake/export_ollama_ros_msgs__rosidl_typesupport_fastrtps_cExport.cmake
[5.631s] -- Up-to-date: /home/wheeltec/wheeltec_ros2/install/ollama_ros_msgs/share/ollama_ros_msgs/cmake/export_ollama_ros_msgs__rosidl_typesupport_fastrtps_cExport-noconfig.cmake
[5.631s] -- Up-to-date: /home/wheeltec/wheeltec_ros2/install/ollama_ros_msgs/share/ollama_ros_msgs/cmake/ollama_ros_msgs__rosidl_typesupport_introspection_cExport.cmake
[5.631s] -- Up-to-date: /home/wheeltec/wheeltec_ros2/install/ollama_ros_msgs/share/ollama_ros_msgs/cmake/ollama_ros_msgs__rosidl_typesupport_introspection_cExport-noconfig.cmake
[5.632s] -- Up-to-date: /home/wheeltec/wheeltec_ros2/install/ollama_ros_msgs/share/ollama_ros_msgs/cmake/ollama_ros_msgs__rosidl_typesupport_cExport.cmake
[5.632s] -- Up-to-date: /home/wheeltec/wheeltec_ros2/install/ollama_ros_msgs/share/ollama_ros_msgs/cmake/ollama_ros_msgs__rosidl_typesupport_cExport-noconfig.cmake
[5.632s] -- Up-to-date: /home/wheeltec/wheeltec_ros2/install/ollama_ros_msgs/share/ollama_ros_msgs/cmake/export_ollama_ros_msgs__rosidl_generator_cppExport.cmake
[5.632s] -- Up-to-date: /home/wheeltec/wheeltec_ros2/install/ollama_ros_msgs/share/ollama_ros_msgs/cmake/export_ollama_ros_msgs__rosidl_typesupport_fastrtps_cppExport.cmake
[5.632s] -- Up-to-date: /home/wheeltec/wheeltec_ros2/install/ollama_ros_msgs/share/ollama_ros_msgs/cmake/export_ollama_ros_msgs__rosidl_typesupport_fastrtps_cppExport-noconfig.cmake
[5.632s] -- Up-to-date: /home/wheeltec/wheeltec_ros2/install/ollama_ros_msgs/share/ollama_ros_msgs/cmake/ollama_ros_msgs__rosidl_typesupport_introspection_cppExport.cmake
[5.632s] -- Up-to-date: /home/wheeltec/wheeltec_ros2/install/ollama_ros_msgs/share/ollama_ros_msgs/cmake/ollama_ros_msgs__rosidl_typesupport_introspection_cppExport-noconfig.cmake
[5.632s] -- Up-to-date: /home/wheeltec/wheeltec_ros2/install/ollama_ros_msgs/share/ollama_ros_msgs/cmake/ollama_ros_msgs__rosidl_typesupport_cppExport.cmake
[5.632s] -- Up-to-date: /home/wheeltec/wheeltec_ros2/install/ollama_ros_msgs/share/ollama_ros_msgs/cmake/ollama_ros_msgs__rosidl_typesupport_cppExport-noconfig.cmake
[5.632s] -- Up-to-date: /home/wheeltec/wheeltec_ros2/install/ollama_ros_msgs/share/ollama_ros_msgs/cmake/export_ollama_ros_msgs__rosidl_generator_pyExport.cmake
[5.633s] -- Up-to-date: /home/wheeltec/wheeltec_ros2/install/ollama_ros_msgs/share/ollama_ros_msgs/cmake/export_ollama_ros_msgs__rosidl_generator_pyExport-noconfig.cmake
[5.665s] Invoked command in '/home/wheeltec/wheeltec_ros2/build/ollama_ros_msgs' returned '0': CMAKE_PREFIX_PATH=${CMAKE_PREFIX_PATH}:/home/wheeltec/wheeltec_ros2/install/simple_follower_ros2:/home/wheeltec/wheeltec_ros2/install/wheeltec_robot_keyboard:/home/wheeltec/wheeltec_ros2/install/wheeltec_dual_rtk_driver:/home/wheeltec/wheeltec_ros2/install/ultralytics_ros2:/home/wheeltec/wheeltec_ros2/install/tf2_tools:/home/wheeltec/wheeltec_ros2/install/ollama_ros_chat:/home/wheeltec/wheeltec_ros2/install/nmea_navsat_driver:/home/wheeltec/wheeltec_ros2/install/nav2_waypoint_cycle:/home/wheeltec/wheeltec_ros2/install/nav2_simple_commander:/home/wheeltec/wheeltec_ros2/install/auto_recharge_ros2:/home/wheeltec/autoware/install/autoware_wheeltec_interface:/home/wheeltec/autoware/install/ad_api_visualizers:/opt/ros/humble /usr/bin/cmake --install /home/wheeltec/wheeltec_ros2/build/ollama_ros_msgs
