[0.403s] Invoking command in '/home/wheeltec/wheeltec_ros2/build/usb_cam': CMAKE_PREFIX_PATH=${CMAKE_PREFIX_PATH}:/home/wheeltec/wheeltec_ros2/install/wheeltec_robot_keyboard:/home/wheeltec/wheeltec_ros2/install/wheeltec_dual_rtk_driver:/home/wheeltec/wheeltec_ros2/install/ultralytics_ros2:/home/wheeltec/wheeltec_ros2/install/tf2_tools:/home/wheeltec/wheeltec_ros2/install/nav2_waypoint_cycle:/home/wheeltec/wheeltec_ros2/install/nav2_simple_commander:/home/wheeltec/wheeltec_ros2/install/auto_recharge_ros2:/home/wheeltec/autoware/install/autoware_wheeltec_interface:/home/wheeltec/autoware/install/ad_api_visualizers:/opt/ros/humble /usr/bin/cmake --build /home/wheeltec/wheeltec_ros2/build/usb_cam -- -j6 -l6
[0.767s] [ 14%] Built target usb_cam
[0.965s] [ 28%] Built target gtest
[1.192s] [ 42%] Built target usb_cam_node
[1.367s] [ 57%] Built target gtest_main
[1.504s] [ 71%] Built target usb_cam_node_exe
[1.654s] [ 85%] Built target test_pixel_formats
[1.817s] [100%] Built target test_usb_cam_utils
[3.457s] Invoked command in '/home/wheeltec/wheeltec_ros2/build/usb_cam' returned '0': CMAKE_PREFIX_PATH=${CMAKE_PREFIX_PATH}:/home/wheeltec/wheeltec_ros2/install/wheeltec_robot_keyboard:/home/wheeltec/wheeltec_ros2/install/wheeltec_dual_rtk_driver:/home/wheeltec/wheeltec_ros2/install/ultralytics_ros2:/home/wheeltec/wheeltec_ros2/install/tf2_tools:/home/wheeltec/wheeltec_ros2/install/nav2_waypoint_cycle:/home/wheeltec/wheeltec_ros2/install/nav2_simple_commander:/home/wheeltec/wheeltec_ros2/install/auto_recharge_ros2:/home/wheeltec/autoware/install/autoware_wheeltec_interface:/home/wheeltec/autoware/install/ad_api_visualizers:/opt/ros/humble /usr/bin/cmake --build /home/wheeltec/wheeltec_ros2/build/usb_cam -- -j6 -l6
[3.458s] Invoking command in '/home/wheeltec/wheeltec_ros2/build/usb_cam': CMAKE_PREFIX_PATH=${CMAKE_PREFIX_PATH}:/home/wheeltec/wheeltec_ros2/install/wheeltec_robot_keyboard:/home/wheeltec/wheeltec_ros2/install/wheeltec_dual_rtk_driver:/home/wheeltec/wheeltec_ros2/install/ultralytics_ros2:/home/wheeltec/wheeltec_ros2/install/tf2_tools:/home/wheeltec/wheeltec_ros2/install/nav2_waypoint_cycle:/home/wheeltec/wheeltec_ros2/install/nav2_simple_commander:/home/wheeltec/wheeltec_ros2/install/auto_recharge_ros2:/home/wheeltec/autoware/install/autoware_wheeltec_interface:/home/wheeltec/autoware/install/ad_api_visualizers:/opt/ros/humble /usr/bin/cmake --install /home/wheeltec/wheeltec_ros2/build/usb_cam
[3.497s] -- Install configuration: ""
[3.509s] -- Execute custom install script
[3.509s] -- Up-to-date symlink: /home/wheeltec/wheeltec_ros2/install/usb_cam/share/usb_cam/environment/library_path.sh
[3.509s] -- Up-to-date symlink: /home/wheeltec/wheeltec_ros2/install/usb_cam/share/usb_cam/environment/library_path.dsv
[3.510s] -- Up-to-date symlink: /home/wheeltec/wheeltec_ros2/install/usb_cam/lib/usb_cam/usb_cam_node_exe
[3.510s] -- Up-to-date symlink: /home/wheeltec/wheeltec_ros2/install/usb_cam/lib/usb_cam/show_image.py
[3.511s] -- Up-to-date symlink: /home/wheeltec/wheeltec_ros2/install/usb_cam/lib/libusb_cam.so
[3.511s] -- Up-to-date symlink: /home/wheeltec/wheeltec_ros2/install/usb_cam/lib/libusb_cam_node.so
[3.512s] -- Up-to-date symlink: /home/wheeltec/wheeltec_ros2/install/usb_cam/include/usb_cam/constants.hpp
[3.513s] -- Up-to-date symlink: /home/wheeltec/wheeltec_ros2/install/usb_cam/include/usb_cam/conversions.hpp
[3.513s] -- Up-to-date symlink: /home/wheeltec/wheeltec_ros2/install/usb_cam/include/usb_cam/formats/m420.hpp
[3.513s] -- Up-to-date symlink: /home/wheeltec/wheeltec_ros2/install/usb_cam/include/usb_cam/formats/mjpeg.hpp
[3.513s] -- Up-to-date symlink: /home/wheeltec/wheeltec_ros2/install/usb_cam/include/usb_cam/formats/mono.hpp
[3.513s] -- Up-to-date symlink: /home/wheeltec/wheeltec_ros2/install/usb_cam/include/usb_cam/formats/pixel_format_base.hpp
[3.513s] -- Up-to-date symlink: /home/wheeltec/wheeltec_ros2/install/usb_cam/include/usb_cam/formats/rgb.hpp
[3.513s] -- Up-to-date symlink: /home/wheeltec/wheeltec_ros2/install/usb_cam/include/usb_cam/formats/utils.hpp
[3.514s] -- Up-to-date symlink: /home/wheeltec/wheeltec_ros2/install/usb_cam/include/usb_cam/formats/uyvy.hpp
[3.514s] -- Up-to-date symlink: /home/wheeltec/wheeltec_ros2/install/usb_cam/include/usb_cam/formats/yuyv.hpp
[3.514s] -- Up-to-date symlink: /home/wheeltec/wheeltec_ros2/install/usb_cam/include/usb_cam/usb_cam.hpp
[3.514s] -- Up-to-date symlink: /home/wheeltec/wheeltec_ros2/install/usb_cam/include/usb_cam/usb_cam_node.hpp
[3.514s] -- Up-to-date symlink: /home/wheeltec/wheeltec_ros2/install/usb_cam/include/usb_cam/utils.hpp
[3.516s] -- Up-to-date symlink: /home/wheeltec/wheeltec_ros2/install/usb_cam/lib/libusb_cam_node.so
[3.516s] -- Up-to-date symlink: /home/wheeltec/wheeltec_ros2/install/usb_cam/share/usb_cam/launch/demo.launch.py
[3.516s] -- Up-to-date symlink: /home/wheeltec/wheeltec_ros2/install/usb_cam/share/usb_cam/launch/usb_cam_launch.py
[3.516s] -- Up-to-date symlink: /home/wheeltec/wheeltec_ros2/install/usb_cam/share/usb_cam/config/camera_info.yaml
[3.517s] -- Up-to-date symlink: /home/wheeltec/wheeltec_ros2/install/usb_cam/share/usb_cam/config/params.yaml
[3.518s] -- Up-to-date symlink: /home/wheeltec/wheeltec_ros2/install/usb_cam/share/ament_index/resource_index/package_run_dependencies/usb_cam
[3.518s] -- Up-to-date symlink: /home/wheeltec/wheeltec_ros2/install/usb_cam/share/ament_index/resource_index/parent_prefix_path/usb_cam
[3.518s] -- Up-to-date symlink: /home/wheeltec/wheeltec_ros2/install/usb_cam/share/usb_cam/environment/ament_prefix_path.sh
[3.518s] -- Up-to-date symlink: /home/wheeltec/wheeltec_ros2/install/usb_cam/share/usb_cam/environment/ament_prefix_path.dsv
[3.518s] -- Up-to-date symlink: /home/wheeltec/wheeltec_ros2/install/usb_cam/share/usb_cam/environment/path.sh
[3.519s] -- Up-to-date symlink: /home/wheeltec/wheeltec_ros2/install/usb_cam/share/usb_cam/environment/path.dsv
[3.519s] -- Up-to-date symlink: /home/wheeltec/wheeltec_ros2/install/usb_cam/share/usb_cam/local_setup.bash
[3.519s] -- Up-to-date symlink: /home/wheeltec/wheeltec_ros2/install/usb_cam/share/usb_cam/local_setup.sh
[3.520s] -- Up-to-date symlink: /home/wheeltec/wheeltec_ros2/install/usb_cam/share/usb_cam/local_setup.zsh
[3.520s] -- Up-to-date symlink: /home/wheeltec/wheeltec_ros2/install/usb_cam/share/usb_cam/local_setup.dsv
[3.520s] -- Symlinking: /home/wheeltec/wheeltec_ros2/install/usb_cam/share/usb_cam/package.dsv
[3.590s] -- Up-to-date symlink: /home/wheeltec/wheeltec_ros2/install/usb_cam/share/ament_index/resource_index/packages/usb_cam
[3.590s] -- Up-to-date symlink: /home/wheeltec/wheeltec_ros2/install/usb_cam/share/ament_index/resource_index/rclcpp_components/usb_cam
[3.591s] -- Up-to-date symlink: /home/wheeltec/wheeltec_ros2/install/usb_cam/share/usb_cam/cmake/ament_cmake_export_libraries-extras.cmake
[3.591s] -- Up-to-date symlink: /home/wheeltec/wheeltec_ros2/install/usb_cam/share/usb_cam/cmake/ament_cmake_export_dependencies-extras.cmake
[3.591s] -- Up-to-date symlink: /home/wheeltec/wheeltec_ros2/install/usb_cam/share/usb_cam/cmake/ament_cmake_export_include_directories-extras.cmake
[3.591s] -- Up-to-date symlink: /home/wheeltec/wheeltec_ros2/install/usb_cam/share/usb_cam/cmake/usb_camConfig.cmake
[3.591s] -- Up-to-date symlink: /home/wheeltec/wheeltec_ros2/install/usb_cam/share/usb_cam/cmake/usb_camConfig-version.cmake
[3.592s] -- Up-to-date symlink: /home/wheeltec/wheeltec_ros2/install/usb_cam/share/usb_cam/package.xml
[3.768s] Invoked command in '/home/wheeltec/wheeltec_ros2/build/usb_cam' returned '0': CMAKE_PREFIX_PATH=${CMAKE_PREFIX_PATH}:/home/wheeltec/wheeltec_ros2/install/wheeltec_robot_keyboard:/home/wheeltec/wheeltec_ros2/install/wheeltec_dual_rtk_driver:/home/wheeltec/wheeltec_ros2/install/ultralytics_ros2:/home/wheeltec/wheeltec_ros2/install/tf2_tools:/home/wheeltec/wheeltec_ros2/install/nav2_waypoint_cycle:/home/wheeltec/wheeltec_ros2/install/nav2_simple_commander:/home/wheeltec/wheeltec_ros2/install/auto_recharge_ros2:/home/wheeltec/autoware/install/autoware_wheeltec_interface:/home/wheeltec/autoware/install/ad_api_visualizers:/opt/ros/humble /usr/bin/cmake --install /home/wheeltec/wheeltec_ros2/build/usb_cam
