gmake: Warning: File 'Makefile' has modification time 1766050418 s in the future
gmake[1]: Warning: File 'CMakeFiles/Makefile2' has modification time 1766050419 s in the future
gmake[2]: Warning: File 'CMakeFiles/nav2_smac_planner.dir/flags.make' has modification time 1766050418 s in the future
gmake[2]: warning:  Clock skew detected.  Your build may be incomplete.
gmake[2]: Warning: File 'CMakeFiles/nav2_smac_planner.dir/flags.make' has modification time 1766050418 s in the future
gmake[2]: warning:  Clock skew detected.  Your build may be incomplete.
[ 18%] Built target nav2_smac_planner
gmake[2]: Warning: File 'gtest/CMakeFiles/gtest_main.dir/flags.make' has modification time 1766050419 s in the future
gmake[2]: warning:  Clock skew detected.  Your build may be incomplete.
gmake[2]: Warning: File 'gtest/CMakeFiles/gtest_main.dir/flags.make' has modification time 1766050418 s in the future
gmake[2]: warning:  Clock skew detected.  Your build may be incomplete.
[ 22%] Built target gtest_main
gmake[2]: Warning: File 'gtest/CMakeFiles/gtest.dir/flags.make' has modification time 1766050418 s in the future
gmake[2]: warning:  Clock skew detected.  Your build may be incomplete.
gmake[2]: Warning: File 'gtest/CMakeFiles/gtest.dir/flags.make' has modification time 1766050418 s in the future
gmake[2]: warning:  Clock skew detected.  Your build may be incomplete.
[ 25%] Built target gtest
gmake[2]: Warning: File 'CMakeFiles/nav2_smac_planner_lattice.dir/flags.make' has modification time 1766050417 s in the future
gmake[2]: warning:  Clock skew detected.  Your build may be incomplete.
gmake[2]: Warning: File 'CMakeFiles/nav2_smac_planner_lattice.dir/flags.make' has modification time 1766050417 s in the future
gmake[2]: warning:  Clock skew detected.  Your build may be incomplete.
[ 44%] Built target nav2_smac_planner_lattice
gmake[2]: Warning: File 'test/CMakeFiles/test_nodebasic.dir/flags.make' has modification time 1766050417 s in the future
gmake[2]: warning:  Clock skew detected.  Your build may be incomplete.
gmake[2]: Warning: File 'test/CMakeFiles/test_nodebasic.dir/flags.make' has modification time 1766050417 s in the future
gmake[2]: warning:  Clock skew detected.  Your build may be incomplete.
[ 47%] Built target test_nodebasic
gmake[2]: Warning: File 'test/CMakeFiles/test_collision_checker.dir/flags.make' has modification time 1766050417 s in the future
gmake[2]: warning:  Clock skew detected.  Your build may be incomplete.
gmake[2]: Warning: File 'test/CMakeFiles/test_collision_checker.dir/flags.make' has modification time 1766050417 s in the future
gmake[2]: warning:  Clock skew detected.  Your build may be incomplete.
[ 50%] Built target test_collision_checker
gmake[2]: Warning: File 'test/CMakeFiles/test_a_star.dir/flags.make' has modification time 1766050417 s in the future
gmake[2]: warning:  Clock skew detected.  Your build may be incomplete.
gmake[2]: Warning: File 'test/CMakeFiles/test_a_star.dir/flags.make' has modification time 1766050416 s in the future
gmake[2]: warning:  Clock skew detected.  Your build may be incomplete.
[ 54%] Built target test_a_star
gmake[2]: Warning: File 'test/CMakeFiles/test_smac_hybrid.dir/flags.make' has modification time 1766050416 s in the future
gmake[2]: warning:  Clock skew detected.  Your build may be incomplete.
gmake[2]: Warning: File 'test/CMakeFiles/test_smac_hybrid.dir/flags.make' has modification time 1766050416 s in the future
gmake[2]: warning:  Clock skew detected.  Your build may be incomplete.
[ 57%] Built target test_smac_hybrid
gmake[2]: Warning: File 'test/CMakeFiles/test_smac_lattice.dir/flags.make' has modification time 1766050416 s in the future
gmake[2]: warning:  Clock skew detected.  Your build may be incomplete.
gmake[2]: Warning: File 'test/CMakeFiles/test_smac_lattice.dir/flags.make' has modification time 1766050416 s in the future
gmake[2]: warning:  Clock skew detected.  Your build may be incomplete.
[ 61%] Built target test_smac_lattice
gmake[2]: Warning: File 'test/CMakeFiles/test_lattice_node.dir/flags.make' has modification time 1766050416 s in the future
gmake[2]: warning:  Clock skew detected.  Your build may be incomplete.
gmake[2]: Warning: File 'test/CMakeFiles/test_lattice_node.dir/flags.make' has modification time 1766050416 s in the future
gmake[2]: warning:  Clock skew detected.  Your build may be incomplete.
[ 64%] Built target test_lattice_node
gmake[2]: Warning: File 'test/CMakeFiles/test_nodehybrid.dir/flags.make' has modification time 1766050415 s in the future
gmake[2]: warning:  Clock skew detected.  Your build may be incomplete.
gmake[2]: Warning: File 'test/CMakeFiles/test_nodehybrid.dir/flags.make' has modification time 1766050415 s in the future
gmake[2]: warning:  Clock skew detected.  Your build may be incomplete.
[ 67%] Built target test_nodehybrid
gmake[2]: Warning: File 'test/CMakeFiles/test_node2d.dir/flags.make' has modification time 1766050415 s in the future
gmake[2]: warning:  Clock skew detected.  Your build may be incomplete.
gmake[2]: Warning: File 'test/CMakeFiles/test_node2d.dir/flags.make' has modification time 1766050414 s in the future
gmake[2]: warning:  Clock skew detected.  Your build may be incomplete.
[ 71%] Built target test_node2d
gmake[2]: Warning: File 'test/CMakeFiles/test_costmap_downsampler.dir/flags.make' has modification time 1766050414 s in the future
gmake[2]: warning:  Clock skew detected.  Your build may be incomplete.
gmake[2]: Warning: File 'test/CMakeFiles/test_costmap_downsampler.dir/flags.make' has modification time 1766050414 s in the future
gmake[2]: warning:  Clock skew detected.  Your build may be incomplete.
[ 74%] Built target test_costmap_downsampler
gmake[2]: Warning: File 'CMakeFiles/nav2_smac_planner_2d.dir/flags.make' has modification time 1766050414 s in the future
gmake[2]: warning:  Clock skew detected.  Your build may be incomplete.
gmake[2]: Warning: File 'CMakeFiles/nav2_smac_planner_2d.dir/flags.make' has modification time 1766050413 s in the future
gmake[2]: warning:  Clock skew detected.  Your build may be incomplete.
[ 93%] Built target nav2_smac_planner_2d
gmake[2]: Warning: File 'test/CMakeFiles/test_smac_2d.dir/flags.make' has modification time 1766050414 s in the future
gmake[2]: warning:  Clock skew detected.  Your build may be incomplete.
gmake[2]: Warning: File 'test/CMakeFiles/test_smac_2d.dir/flags.make' has modification time 1766050414 s in the future
gmake[2]: warning:  Clock skew detected.  Your build may be incomplete.
[ 96%] Built target test_smac_2d
gmake[2]: Warning: File 'test/CMakeFiles/test_smoother.dir/flags.make' has modification time 1766050414 s in the future
gmake[2]: warning:  Clock skew detected.  Your build may be incomplete.
gmake[2]: Warning: File 'test/CMakeFiles/test_smoother.dir/flags.make' has modification time 1766050414 s in the future
gmake[2]: warning:  Clock skew detected.  Your build may be incomplete.
[100%] Built target test_smoother
gmake[1]: warning:  Clock skew detected.  Your build may be incomplete.
gmake: warning:  Clock skew detected.  Your build may be incomplete.
-- Install configuration: "Release"
-- Execute custom install script
-- Up-to-date symlink: /home/wheeltec/wheeltec_ros2/install/nav2_smac_planner/share/nav2_smac_planner//smac_plugin_hybrid.xml
-- Up-to-date symlink: /home/wheeltec/wheeltec_ros2/install/nav2_smac_planner/share/nav2_smac_planner//smac_plugin_2d.xml
-- Up-to-date symlink: /home/wheeltec/wheeltec_ros2/install/nav2_smac_planner/share/nav2_smac_planner//smac_plugin_lattice.xml
-- Up-to-date symlink: /home/wheeltec/wheeltec_ros2/install/nav2_smac_planner/lib/libnav2_smac_planner.so
-- Up-to-date symlink: /home/wheeltec/wheeltec_ros2/install/nav2_smac_planner/lib/libnav2_smac_planner_2d.so
-- Up-to-date symlink: /home/wheeltec/wheeltec_ros2/install/nav2_smac_planner/lib/libnav2_smac_planner_lattice.so
-- Up-to-date symlink: /home/wheeltec/wheeltec_ros2/install/nav2_smac_planner/include//nav2_smac_planner/a_star.hpp
-- Up-to-date symlink: /home/wheeltec/wheeltec_ros2/install/nav2_smac_planner/include//nav2_smac_planner/analytic_expansion.hpp
-- Up-to-date symlink: /home/wheeltec/wheeltec_ros2/install/nav2_smac_planner/include//nav2_smac_planner/collision_checker.hpp
-- Up-to-date symlink: /home/wheeltec/wheeltec_ros2/install/nav2_smac_planner/include//nav2_smac_planner/constants.hpp
-- Up-to-date symlink: /home/wheeltec/wheeltec_ros2/install/nav2_smac_planner/include//nav2_smac_planner/costmap_downsampler.hpp
-- Up-to-date symlink: /home/wheeltec/wheeltec_ros2/install/nav2_smac_planner/include//nav2_smac_planner/node_2d.hpp
-- Up-to-date symlink: /home/wheeltec/wheeltec_ros2/install/nav2_smac_planner/include//nav2_smac_planner/node_basic.hpp
-- Up-to-date symlink: /home/wheeltec/wheeltec_ros2/install/nav2_smac_planner/include//nav2_smac_planner/node_hybrid.hpp
-- Up-to-date symlink: /home/wheeltec/wheeltec_ros2/install/nav2_smac_planner/include//nav2_smac_planner/node_lattice.hpp
-- Up-to-date symlink: /home/wheeltec/wheeltec_ros2/install/nav2_smac_planner/include//nav2_smac_planner/smac_planner_2d.hpp
-- Up-to-date symlink: /home/wheeltec/wheeltec_ros2/install/nav2_smac_planner/include//nav2_smac_planner/smac_planner_hybrid.hpp
-- Up-to-date symlink: /home/wheeltec/wheeltec_ros2/install/nav2_smac_planner/include//nav2_smac_planner/smac_planner_lattice.hpp
-- Up-to-date symlink: /home/wheeltec/wheeltec_ros2/install/nav2_smac_planner/include//nav2_smac_planner/smoother.hpp
-- Up-to-date symlink: /home/wheeltec/wheeltec_ros2/install/nav2_smac_planner/include//nav2_smac_planner/thirdparty/robin_hood.h
-- Up-to-date symlink: /home/wheeltec/wheeltec_ros2/install/nav2_smac_planner/include//nav2_smac_planner/types.hpp
-- Up-to-date symlink: /home/wheeltec/wheeltec_ros2/install/nav2_smac_planner/include//nav2_smac_planner/utils.hpp
-- Up-to-date symlink: /home/wheeltec/wheeltec_ros2/install/nav2_smac_planner/share/nav2_smac_planner/sample_primitives/5cm_resolution/0.5m_turning_radius/ackermann/output.json
-- Up-to-date symlink: /home/wheeltec/wheeltec_ros2/install/nav2_smac_planner/share/nav2_smac_planner/sample_primitives/5cm_resolution/0.5m_turning_radius/all_trajectories.png
-- Up-to-date symlink: /home/wheeltec/wheeltec_ros2/install/nav2_smac_planner/share/nav2_smac_planner/sample_primitives/5cm_resolution/0.5m_turning_radius/diff/output.json
-- Up-to-date symlink: /home/wheeltec/wheeltec_ros2/install/nav2_smac_planner/share/nav2_smac_planner/sample_primitives/5cm_resolution/0.5m_turning_radius/omni/output.json
-- Up-to-date symlink: /home/wheeltec/wheeltec_ros2/install/nav2_smac_planner/share/nav2_smac_planner/sample_primitives/5cm_resolution/1m_turning_radius/ackermann/output.json
-- Up-to-date symlink: /home/wheeltec/wheeltec_ros2/install/nav2_smac_planner/share/nav2_smac_planner/sample_primitives/5cm_resolution/1m_turning_radius/all_trajectories.png
-- Up-to-date symlink: /home/wheeltec/wheeltec_ros2/install/nav2_smac_planner/share/nav2_smac_planner/sample_primitives/5cm_resolution/1m_turning_radius/diff/output.json
-- Up-to-date symlink: /home/wheeltec/wheeltec_ros2/install/nav2_smac_planner/share/nav2_smac_planner/sample_primitives/5cm_resolution/1m_turning_radius/omni/output.json
-- Up-to-date symlink: /home/wheeltec/wheeltec_ros2/install/nav2_smac_planner/share/nav2_smac_planner/environment/library_path.sh
-- Up-to-date symlink: /home/wheeltec/wheeltec_ros2/install/nav2_smac_planner/share/nav2_smac_planner/environment/library_path.dsv
-- Up-to-date symlink: /home/wheeltec/wheeltec_ros2/install/nav2_smac_planner/share/ament_index/resource_index/package_run_dependencies/nav2_smac_planner
-- Up-to-date symlink: /home/wheeltec/wheeltec_ros2/install/nav2_smac_planner/share/ament_index/resource_index/parent_prefix_path/nav2_smac_planner
-- Up-to-date symlink: /home/wheeltec/wheeltec_ros2/install/nav2_smac_planner/share/nav2_smac_planner/environment/ament_prefix_path.sh
-- Up-to-date symlink: /home/wheeltec/wheeltec_ros2/install/nav2_smac_planner/share/nav2_smac_planner/environment/ament_prefix_path.dsv
-- Up-to-date symlink: /home/wheeltec/wheeltec_ros2/install/nav2_smac_planner/share/nav2_smac_planner/environment/path.sh
-- Up-to-date symlink: /home/wheeltec/wheeltec_ros2/install/nav2_smac_planner/share/nav2_smac_planner/environment/path.dsv
-- Up-to-date symlink: /home/wheeltec/wheeltec_ros2/install/nav2_smac_planner/share/nav2_smac_planner/local_setup.bash
-- Up-to-date symlink: /home/wheeltec/wheeltec_ros2/install/nav2_smac_planner/share/nav2_smac_planner/local_setup.sh
-- Up-to-date symlink: /home/wheeltec/wheeltec_ros2/install/nav2_smac_planner/share/nav2_smac_planner/local_setup.zsh
-- Up-to-date symlink: /home/wheeltec/wheeltec_ros2/install/nav2_smac_planner/share/nav2_smac_planner/local_setup.dsv
-- Symlinking: /home/wheeltec/wheeltec_ros2/install/nav2_smac_planner/share/nav2_smac_planner/package.dsv
-- Up-to-date symlink: /home/wheeltec/wheeltec_ros2/install/nav2_smac_planner/share/ament_index/resource_index/packages/nav2_smac_planner
-- Up-to-date symlink: /home/wheeltec/wheeltec_ros2/install/nav2_smac_planner/share/ament_index/resource_index/nav2_core__pluginlib__plugin/nav2_smac_planner
-- Up-to-date symlink: /home/wheeltec/wheeltec_ros2/install/nav2_smac_planner/share/nav2_smac_planner/cmake/ament_cmake_export_include_directories-extras.cmake
-- Up-to-date symlink: /home/wheeltec/wheeltec_ros2/install/nav2_smac_planner/share/nav2_smac_planner/cmake/ament_cmake_export_libraries-extras.cmake
-- Up-to-date symlink: /home/wheeltec/wheeltec_ros2/install/nav2_smac_planner/share/nav2_smac_planner/cmake/ament_cmake_export_dependencies-extras.cmake
-- Up-to-date symlink: /home/wheeltec/wheeltec_ros2/install/nav2_smac_planner/share/nav2_smac_planner/cmake/nav2_smac_plannerConfig.cmake
-- Up-to-date symlink: /home/wheeltec/wheeltec_ros2/install/nav2_smac_planner/share/nav2_smac_planner/cmake/nav2_smac_plannerConfig-version.cmake
-- Up-to-date symlink: /home/wheeltec/wheeltec_ros2/install/nav2_smac_planner/share/nav2_smac_planner/package.xml
