[0.178s] Invoking command in '/home/wheeltec/wheeltec_ros2/build/lslidar_msgs': CMAKE_PREFIX_PATH=${CMAKE_PREFIX_PATH}:/home/wheeltec/wheeltec_ros2/install/simple_follower_ros2:/home/wheeltec/wheeltec_ros2/install/wheeltec_robot_keyboard:/home/wheeltec/wheeltec_ros2/install/wheeltec_dual_rtk_driver:/home/wheeltec/wheeltec_ros2/install/ultralytics_ros2:/home/wheeltec/wheeltec_ros2/install/tf2_tools:/home/wheeltec/wheeltec_ros2/install/ollama_ros_chat:/home/wheeltec/wheeltec_ros2/install/nmea_navsat_driver:/home/wheeltec/wheeltec_ros2/install/nav2_waypoint_cycle:/home/wheeltec/wheeltec_ros2/install/nav2_simple_commander:/home/wheeltec/wheeltec_ros2/install/largemodel:/home/wheeltec/wheeltec_ros2/install/auto_recharge_ros2:/home/wheeltec/autoware/install/autoware_wheeltec_interface:/home/wheeltec/autoware/install/autoware_multi_point:/home/wheeltec/autoware/install/ad_api_visualizers:/opt/ros/humble /usr/bin/cmake --build /home/wheeltec/wheeltec_ros2/build/lslidar_msgs -- -j6 -l6
[0.350s] gmake: Warning: File 'Makefile' has modification time 1766048296 s in the future
[0.596s] gmake[1]: Warning: File 'CMakeFiles/Makefile2' has modification time 1766048296 s in the future
[0.630s] gmake[2]: Warning: File 'CMakeFiles/lslidar_msgs__rosidl_generator_c.dir/flags.make' has modification time 1766048296 s in the future
[0.642s] gmake[2]: Warning: File 'CMakeFiles/lslidar_msgs__cpp.dir/progress.make' has modification time 1766048296 s in the future
[0.656s] gmake[2]: Warning: File 'CMakeFiles/ament_cmake_python_symlink_lslidar_msgs.dir/progress.make' has modification time 1766048296 s in the future
[0.771s] gmake[2]: warning:  Clock skew detected.  Your build may be incomplete.
[0.799s] gmake[2]: warning:  Clock skew detected.  Your build may be incomplete.
[0.799s] gmake[2]: Warning: File 'CMakeFiles/lslidar_msgs__rosidl_generator_c.dir/flags.make' has modification time 1766048296 s in the future
[0.799s] gmake[2]: warning:  Clock skew detected.  Your build may be incomplete.
[0.817s] gmake[2]: Warning: File 'CMakeFiles/ament_cmake_python_symlink_lslidar_msgs.dir/progress.make' has modification time 1766048296 s in the future
[0.820s] gmake[2]: warning:  Clock skew detected.  Your build may be incomplete.
[0.840s] gmake[2]: Warning: File 'CMakeFiles/lslidar_msgs__cpp.dir/progress.make' has modification time 1766048296 s in the future
[0.840s] gmake[2]: warning:  Clock skew detected.  Your build may be incomplete.
[0.932s] gmake[2]: warning:  Clock skew detected.  Your build may be incomplete.
[0.959s] [ 12%] Built target lslidar_msgs__rosidl_generator_c
[0.983s] [ 12%] Built target lslidar_msgs__cpp
[0.996s] gmake[2]: Warning: File 'CMakeFiles/lslidar_msgs__rosidl_typesupport_introspection_c.dir/flags.make' has modification time 1766048296 s in the future
[1.006s] gmake[2]: Warning: File 'CMakeFiles/lslidar_msgs__rosidl_typesupport_fastrtps_c.dir/flags.make' has modification time 1766048295 s in the future
[1.093s] gmake[2]: Warning: File 'CMakeFiles/lslidar_msgs__rosidl_typesupport_fastrtps_cpp.dir/flags.make' has modification time 1766048295 s in the future
[1.093s] gmake[2]: Warning: File 'CMakeFiles/lslidar_msgs__rosidl_typesupport_introspection_cpp.dir/flags.make' has modification time 1766048295 s in the future
[1.094s] gmake[2]: Warning: File 'CMakeFiles/lslidar_msgs__rosidl_typesupport_c.dir/flags.make' has modification time 1766048295 s in the future
[1.147s] gmake[2]: warning:  Clock skew detected.  Your build may be incomplete.
[1.178s] [ 12%] Built target ament_cmake_python_symlink_lslidar_msgs
[1.178s] gmake[2]: warning:  Clock skew detected.  Your build may be incomplete.
[1.180s] gmake[2]: Warning: File 'CMakeFiles/lslidar_msgs__rosidl_typesupport_fastrtps_c.dir/flags.make' has modification time 1766048295 s in the future
[1.193s] gmake[2]: warning:  Clock skew detected.  Your build may be incomplete.
[1.225s] gmake[2]: Warning: File 'CMakeFiles/lslidar_msgs__rosidl_typesupport_c.dir/flags.make' has modification time 1766048295 s in the future
[1.225s] gmake[2]: warning:  Clock skew detected.  Your build may be incomplete.
[1.225s] gmake[2]: warning:  Clock skew detected.  Your build may be incomplete.
[1.226s] gmake[2]: Warning: File 'CMakeFiles/lslidar_msgs__rosidl_typesupport_cpp.dir/flags.make' has modification time 1766048295 s in the future
[1.238s] gmake[2]: warning:  Clock skew detected.  Your build may be incomplete.
[1.241s] gmake[2]: warning:  Clock skew detected.  Your build may be incomplete.
[1.260s] gmake[2]: Warning: File 'CMakeFiles/lslidar_msgs__rosidl_typesupport_introspection_c.dir/flags.make' has modification time 1766048295 s in the future
[1.261s] gmake[2]: warning:  Clock skew detected.  Your build may be incomplete.
[1.278s] gmake[2]: Warning: File 'CMakeFiles/lslidar_msgs__rosidl_typesupport_introspection_cpp.dir/flags.make' has modification time 1766048295 s in the future
[1.284s] gmake[2]: warning:  Clock skew detected.  Your build may be incomplete.
[1.294s] gmake[2]: Warning: File 'CMakeFiles/lslidar_msgs__rosidl_typesupport_fastrtps_cpp.dir/flags.make' has modification time 1766048295 s in the future
[1.301s] gmake[2]: warning:  Clock skew detected.  Your build may be incomplete.
[1.364s] [ 24%] Built target lslidar_msgs__rosidl_typesupport_fastrtps_c
[1.402s] gmake[2]: Warning: File 'CMakeFiles/ament_cmake_python_build_lslidar_msgs_egg.dir/progress.make' has modification time 1766048295 s in the future
[1.417s] [ 36%] Built target lslidar_msgs__rosidl_typesupport_c
[1.449s] [ 48%] Built target lslidar_msgs__rosidl_typesupport_introspection_c
[1.461s] gmake[2]: warning:  Clock skew detected.  Your build may be incomplete.
[1.488s] [ 60%] Built target lslidar_msgs__rosidl_typesupport_introspection_cpp
[1.501s] gmake[2]: Warning: File 'CMakeFiles/lslidar_msgs__rosidl_typesupport_cpp.dir/flags.make' has modification time 1766048295 s in the future
[1.501s] gmake[2]: warning:  Clock skew detected.  Your build may be incomplete.
[1.537s] [ 72%] Built target lslidar_msgs__rosidl_typesupport_fastrtps_cpp
[1.547s] gmake[2]: warning:  Clock skew detected.  Your build may be incomplete.
[1.576s] gmake[2]: Warning: File 'CMakeFiles/ament_cmake_python_build_lslidar_msgs_egg.dir/progress.make' has modification time 1766048295 s in the future
[1.697s] [ 84%] Built target lslidar_msgs__rosidl_typesupport_cpp
[1.740s] gmake[2]: Warning: File 'CMakeFiles/lslidar_msgs.dir/progress.make' has modification time 1766048295 s in the future
[1.962s] gmake[2]: warning:  Clock skew detected.  Your build may be incomplete.
[2.003s] gmake[2]: Warning: File 'CMakeFiles/lslidar_msgs.dir/progress.make' has modification time 1766048295 s in the future
[2.004s] gmake[2]: warning:  Clock skew detected.  Your build may be incomplete.
[2.414s] [ 84%] Built target lslidar_msgs
[2.506s] gmake[2]: Warning: File 'lslidar_msgs__py/CMakeFiles/lslidar_msgs__py.dir/progress.make' has modification time 1766048294 s in the future
[2.877s] gmake[2]: warning:  Clock skew detected.  Your build may be incomplete.
[2.934s] gmake[2]: Warning: File 'lslidar_msgs__py/CMakeFiles/lslidar_msgs__py.dir/progress.make' has modification time 1766048294 s in the future
[2.934s] gmake[2]: warning:  Clock skew detected.  Your build may be incomplete.
[3.241s] [ 85%] Built target lslidar_msgs__py
[3.332s] gmake[2]: Warning: File 'CMakeFiles/lslidar_msgs__rosidl_generator_py.dir/flags.make' has modification time 1766048293 s in the future
[3.604s] gmake[2]: warning:  Clock skew detected.  Your build may be incomplete.
[3.657s] gmake[2]: Warning: File 'CMakeFiles/lslidar_msgs__rosidl_generator_py.dir/flags.make' has modification time 1766048293 s in the future
[3.682s] gmake[2]: warning:  Clock skew detected.  Your build may be incomplete.
[4.030s] [ 96%] Built target lslidar_msgs__rosidl_generator_py
[4.125s] gmake[2]: Warning: File 'CMakeFiles/lslidar_msgs__rosidl_typesupport_introspection_c__pyext.dir/flags.make' has modification time 1766048292 s in the future
[4.128s] gmake[2]: Warning: File 'CMakeFiles/lslidar_msgs__rosidl_typesupport_fastrtps_c__pyext.dir/flags.make' has modification time 1766048292 s in the future
[4.150s] gmake[2]: Warning: File 'CMakeFiles/lslidar_msgs__rosidl_typesupport_c__pyext.dir/flags.make' has modification time 1766048292 s in the future
[4.448s] gmake[2]: warning:  Clock skew detected.  Your build may be incomplete.
[4.474s] gmake[2]: warning:  Clock skew detected.  Your build may be incomplete.
[4.532s] gmake[2]: warning:  Clock skew detected.  Your build may be incomplete.
[4.532s] gmake[2]: Warning: File 'CMakeFiles/lslidar_msgs__rosidl_typesupport_c__pyext.dir/flags.make' has modification time 1766048292 s in the future
[4.533s] gmake[2]: warning:  Clock skew detected.  Your build may be incomplete.
[4.559s] gmake[2]: Warning: File 'CMakeFiles/lslidar_msgs__rosidl_typesupport_fastrtps_c__pyext.dir/flags.make' has modification time 1766048292 s in the future
[4.560s] gmake[2]: warning:  Clock skew detected.  Your build may be incomplete.
[4.567s] gmake[2]: Warning: File 'CMakeFiles/lslidar_msgs__rosidl_typesupport_introspection_c__pyext.dir/flags.make' has modification time 1766048292 s in the future
[4.587s] gmake[2]: warning:  Clock skew detected.  Your build may be incomplete.
[4.749s] running egg_info
[4.775s] writing lslidar_msgs.egg-info/PKG-INFO
[4.776s] writing dependency_links to lslidar_msgs.egg-info/dependency_links.txt
[4.776s] writing top-level names to lslidar_msgs.egg-info/top_level.txt
[4.825s] reading manifest file 'lslidar_msgs.egg-info/SOURCES.txt'
[4.830s] writing manifest file 'lslidar_msgs.egg-info/SOURCES.txt'
[4.943s] [ 97%] Built target lslidar_msgs__rosidl_typesupport_c__pyext
[4.944s] [ 99%] Built target lslidar_msgs__rosidl_typesupport_introspection_c__pyext
[4.948s] [100%] Built target lslidar_msgs__rosidl_typesupport_fastrtps_c__pyext
[4.982s] gmake[2]: warning:  Clock skew detected.  Your build may be incomplete.
[5.260s] [100%] Built target ament_cmake_python_build_lslidar_msgs_egg
[5.262s] gmake[1]: warning:  Clock skew detected.  Your build may be incomplete.
[5.438s] gmake: warning:  Clock skew detected.  Your build may be incomplete.
[5.692s] Invoked command in '/home/wheeltec/wheeltec_ros2/build/lslidar_msgs' returned '0': CMAKE_PREFIX_PATH=${CMAKE_PREFIX_PATH}:/home/wheeltec/wheeltec_ros2/install/simple_follower_ros2:/home/wheeltec/wheeltec_ros2/install/wheeltec_robot_keyboard:/home/wheeltec/wheeltec_ros2/install/wheeltec_dual_rtk_driver:/home/wheeltec/wheeltec_ros2/install/ultralytics_ros2:/home/wheeltec/wheeltec_ros2/install/tf2_tools:/home/wheeltec/wheeltec_ros2/install/ollama_ros_chat:/home/wheeltec/wheeltec_ros2/install/nmea_navsat_driver:/home/wheeltec/wheeltec_ros2/install/nav2_waypoint_cycle:/home/wheeltec/wheeltec_ros2/install/nav2_simple_commander:/home/wheeltec/wheeltec_ros2/install/largemodel:/home/wheeltec/wheeltec_ros2/install/auto_recharge_ros2:/home/wheeltec/autoware/install/autoware_wheeltec_interface:/home/wheeltec/autoware/install/autoware_multi_point:/home/wheeltec/autoware/install/ad_api_visualizers:/opt/ros/humble /usr/bin/cmake --build /home/wheeltec/wheeltec_ros2/build/lslidar_msgs -- -j6 -l6
[5.702s] Invoking command in '/home/wheeltec/wheeltec_ros2/build/lslidar_msgs': CMAKE_PREFIX_PATH=${CMAKE_PREFIX_PATH}:/home/wheeltec/wheeltec_ros2/install/simple_follower_ros2:/home/wheeltec/wheeltec_ros2/install/wheeltec_robot_keyboard:/home/wheeltec/wheeltec_ros2/install/wheeltec_dual_rtk_driver:/home/wheeltec/wheeltec_ros2/install/ultralytics_ros2:/home/wheeltec/wheeltec_ros2/install/tf2_tools:/home/wheeltec/wheeltec_ros2/install/ollama_ros_chat:/home/wheeltec/wheeltec_ros2/install/nmea_navsat_driver:/home/wheeltec/wheeltec_ros2/install/nav2_waypoint_cycle:/home/wheeltec/wheeltec_ros2/install/nav2_simple_commander:/home/wheeltec/wheeltec_ros2/install/largemodel:/home/wheeltec/wheeltec_ros2/install/auto_recharge_ros2:/home/wheeltec/autoware/install/autoware_wheeltec_interface:/home/wheeltec/autoware/install/autoware_multi_point:/home/wheeltec/autoware/install/ad_api_visualizers:/opt/ros/humble /usr/bin/cmake --install /home/wheeltec/wheeltec_ros2/build/lslidar_msgs
[5.930s] -- Install configuration: ""
[5.934s] -- Execute custom install script
[5.938s] -- Up-to-date symlink: /home/wheeltec/wheeltec_ros2/install/lslidar_msgs/share/ament_index/resource_index/rosidl_interfaces/lslidar_msgs
[5.940s] -- Up-to-date symlink: /home/wheeltec/wheeltec_ros2/install/lslidar_msgs/include/lslidar_msgs/lslidar_msgs/msg/detail/lslidar_information__functions.h
[5.943s] -- Up-to-date symlink: /home/wheeltec/wheeltec_ros2/install/lslidar_msgs/include/lslidar_msgs/lslidar_msgs/msg/detail/lslidar_information__struct.h
[5.944s] -- Up-to-date symlink: /home/wheeltec/wheeltec_ros2/install/lslidar_msgs/include/lslidar_msgs/lslidar_msgs/msg/detail/lslidar_information__type_support.h
[5.945s] -- Up-to-date symlink: /home/wheeltec/wheeltec_ros2/install/lslidar_msgs/include/lslidar_msgs/lslidar_msgs/msg/detail/lslidar_packet__functions.h
[5.945s] -- Up-to-date symlink: /home/wheeltec/wheeltec_ros2/install/lslidar_msgs/include/lslidar_msgs/lslidar_msgs/msg/detail/lslidar_packet__struct.h
[5.948s] -- Up-to-date symlink: /home/wheeltec/wheeltec_ros2/install/lslidar_msgs/include/lslidar_msgs/lslidar_msgs/msg/detail/lslidar_packet__type_support.h
[5.949s] -- Up-to-date symlink: /home/wheeltec/wheeltec_ros2/install/lslidar_msgs/include/lslidar_msgs/lslidar_msgs/msg/lslidar_information.h
[5.949s] -- Up-to-date symlink: /home/wheeltec/wheeltec_ros2/install/lslidar_msgs/include/lslidar_msgs/lslidar_msgs/msg/lslidar_packet.h
[5.950s] -- Up-to-date symlink: /home/wheeltec/wheeltec_ros2/install/lslidar_msgs/include/lslidar_msgs/lslidar_msgs/msg/rosidl_generator_c__visibility_control.h
[5.950s] -- Up-to-date symlink: /home/wheeltec/wheeltec_ros2/install/lslidar_msgs/include/lslidar_msgs/lslidar_msgs/srv/angle_distortion_correction.h
[5.961s] -- Up-to-date symlink: /home/wheeltec/wheeltec_ros2/install/lslidar_msgs/include/lslidar_msgs/lslidar_msgs/srv/detail/angle_distortion_correction__functions.h
[5.961s] -- Up-to-date symlink: /home/wheeltec/wheeltec_ros2/install/lslidar_msgs/include/lslidar_msgs/lslidar_msgs/srv/detail/angle_distortion_correction__struct.h
[5.961s] -- Up-to-date symlink: /home/wheeltec/wheeltec_ros2/install/lslidar_msgs/include/lslidar_msgs/lslidar_msgs/srv/detail/angle_distortion_correction__type_support.h
[5.962s] -- Up-to-date symlink: /home/wheeltec/wheeltec_ros2/install/lslidar_msgs/include/lslidar_msgs/lslidar_msgs/srv/detail/frame_rate__functions.h
[5.962s] -- Up-to-date symlink: /home/wheeltec/wheeltec_ros2/install/lslidar_msgs/include/lslidar_msgs/lslidar_msgs/srv/detail/frame_rate__struct.h
[5.963s] -- Up-to-date symlink: /home/wheeltec/wheeltec_ros2/install/lslidar_msgs/include/lslidar_msgs/lslidar_msgs/srv/detail/frame_rate__type_support.h
[5.963s] -- Up-to-date symlink: /home/wheeltec/wheeltec_ros2/install/lslidar_msgs/include/lslidar_msgs/lslidar_msgs/srv/detail/invalid_data__functions.h
[5.963s] -- Up-to-date symlink: /home/wheeltec/wheeltec_ros2/install/lslidar_msgs/include/lslidar_msgs/lslidar_msgs/srv/detail/invalid_data__struct.h
[5.963s] -- Up-to-date symlink: /home/wheeltec/wheeltec_ros2/install/lslidar_msgs/include/lslidar_msgs/lslidar_msgs/srv/detail/invalid_data__type_support.h
[5.964s] -- Up-to-date symlink: /home/wheeltec/wheeltec_ros2/install/lslidar_msgs/include/lslidar_msgs/lslidar_msgs/srv/detail/ip_and_port__functions.h
[5.965s] -- Up-to-date symlink: /home/wheeltec/wheeltec_ros2/install/lslidar_msgs/include/lslidar_msgs/lslidar_msgs/srv/detail/ip_and_port__struct.h
[5.965s] -- Up-to-date symlink: /home/wheeltec/wheeltec_ros2/install/lslidar_msgs/include/lslidar_msgs/lslidar_msgs/srv/detail/ip_and_port__type_support.h
[5.965s] -- Up-to-date symlink: /home/wheeltec/wheeltec_ros2/install/lslidar_msgs/include/lslidar_msgs/lslidar_msgs/srv/detail/motor_control__functions.h
[5.965s] -- Up-to-date symlink: /home/wheeltec/wheeltec_ros2/install/lslidar_msgs/include/lslidar_msgs/lslidar_msgs/srv/detail/motor_control__struct.h
[5.966s] -- Up-to-date symlink: /home/wheeltec/wheeltec_ros2/install/lslidar_msgs/include/lslidar_msgs/lslidar_msgs/srv/detail/motor_control__type_support.h
[5.967s] -- Up-to-date symlink: /home/wheeltec/wheeltec_ros2/install/lslidar_msgs/include/lslidar_msgs/lslidar_msgs/srv/detail/motor_speed__functions.h
[5.968s] -- Up-to-date symlink: /home/wheeltec/wheeltec_ros2/install/lslidar_msgs/include/lslidar_msgs/lslidar_msgs/srv/detail/motor_speed__struct.h
[5.968s] -- Up-to-date symlink: /home/wheeltec/wheeltec_ros2/install/lslidar_msgs/include/lslidar_msgs/lslidar_msgs/srv/detail/motor_speed__type_support.h
[5.969s] -- Up-to-date symlink: /home/wheeltec/wheeltec_ros2/install/lslidar_msgs/include/lslidar_msgs/lslidar_msgs/srv/detail/power_control__functions.h
[5.969s] -- Up-to-date symlink: /home/wheeltec/wheeltec_ros2/install/lslidar_msgs/include/lslidar_msgs/lslidar_msgs/srv/detail/power_control__struct.h
[5.970s] -- Up-to-date symlink: /home/wheeltec/wheeltec_ros2/install/lslidar_msgs/include/lslidar_msgs/lslidar_msgs/srv/detail/power_control__type_support.h
[5.970s] -- Up-to-date symlink: /home/wheeltec/wheeltec_ros2/install/lslidar_msgs/include/lslidar_msgs/lslidar_msgs/srv/detail/rfd_removal__functions.h
[5.971s] -- Up-to-date symlink: /home/wheeltec/wheeltec_ros2/install/lslidar_msgs/include/lslidar_msgs/lslidar_msgs/srv/detail/rfd_removal__struct.h
[5.971s] -- Up-to-date symlink: /home/wheeltec/wheeltec_ros2/install/lslidar_msgs/include/lslidar_msgs/lslidar_msgs/srv/detail/rfd_removal__type_support.h
[5.972s] -- Up-to-date symlink: /home/wheeltec/wheeltec_ros2/install/lslidar_msgs/include/lslidar_msgs/lslidar_msgs/srv/detail/standby_mode__functions.h
[5.972s] -- Up-to-date symlink: /home/wheeltec/wheeltec_ros2/install/lslidar_msgs/include/lslidar_msgs/lslidar_msgs/srv/detail/standby_mode__struct.h
[5.976s] -- Up-to-date symlink: /home/wheeltec/wheeltec_ros2/install/lslidar_msgs/include/lslidar_msgs/lslidar_msgs/srv/detail/standby_mode__type_support.h
[5.976s] -- Up-to-date symlink: /home/wheeltec/wheeltec_ros2/install/lslidar_msgs/include/lslidar_msgs/lslidar_msgs/srv/detail/tail_removal__functions.h
[5.977s] -- Up-to-date symlink: /home/wheeltec/wheeltec_ros2/install/lslidar_msgs/include/lslidar_msgs/lslidar_msgs/srv/detail/tail_removal__struct.h
[5.977s] -- Up-to-date symlink: /home/wheeltec/wheeltec_ros2/install/lslidar_msgs/include/lslidar_msgs/lslidar_msgs/srv/detail/tail_removal__type_support.h
[5.978s] -- Up-to-date symlink: /home/wheeltec/wheeltec_ros2/install/lslidar_msgs/include/lslidar_msgs/lslidar_msgs/srv/detail/time_mode__functions.h
[5.979s] -- Up-to-date symlink: /home/wheeltec/wheeltec_ros2/install/lslidar_msgs/include/lslidar_msgs/lslidar_msgs/srv/detail/time_mode__struct.h
[5.979s] -- Up-to-date symlink: /home/wheeltec/wheeltec_ros2/install/lslidar_msgs/include/lslidar_msgs/lslidar_msgs/srv/detail/time_mode__type_support.h
[5.980s] -- Up-to-date symlink: /home/wheeltec/wheeltec_ros2/install/lslidar_msgs/include/lslidar_msgs/lslidar_msgs/srv/frame_rate.h
[5.981s] -- Up-to-date symlink: /home/wheeltec/wheeltec_ros2/install/lslidar_msgs/include/lslidar_msgs/lslidar_msgs/srv/invalid_data.h
[5.981s] -- Up-to-date symlink: /home/wheeltec/wheeltec_ros2/install/lslidar_msgs/include/lslidar_msgs/lslidar_msgs/srv/ip_and_port.h
[5.981s] -- Up-to-date symlink: /home/wheeltec/wheeltec_ros2/install/lslidar_msgs/include/lslidar_msgs/lslidar_msgs/srv/motor_control.h
[5.981s] -- Up-to-date symlink: /home/wheeltec/wheeltec_ros2/install/lslidar_msgs/include/lslidar_msgs/lslidar_msgs/srv/motor_speed.h
[5.982s] -- Up-to-date symlink: /home/wheeltec/wheeltec_ros2/install/lslidar_msgs/include/lslidar_msgs/lslidar_msgs/srv/power_control.h
[5.982s] -- Up-to-date symlink: /home/wheeltec/wheeltec_ros2/install/lslidar_msgs/include/lslidar_msgs/lslidar_msgs/srv/rfd_removal.h
[5.983s] -- Up-to-date symlink: /home/wheeltec/wheeltec_ros2/install/lslidar_msgs/include/lslidar_msgs/lslidar_msgs/srv/standby_mode.h
[5.984s] -- Up-to-date symlink: /home/wheeltec/wheeltec_ros2/install/lslidar_msgs/include/lslidar_msgs/lslidar_msgs/srv/tail_removal.h
[5.984s] -- Up-to-date symlink: /home/wheeltec/wheeltec_ros2/install/lslidar_msgs/include/lslidar_msgs/lslidar_msgs/srv/time_mode.h
[5.985s] -- Up-to-date symlink: /home/wheeltec/wheeltec_ros2/install/lslidar_msgs/share/lslidar_msgs/environment/library_path.sh
[5.986s] -- Up-to-date symlink: /home/wheeltec/wheeltec_ros2/install/lslidar_msgs/share/lslidar_msgs/environment/library_path.dsv
[5.988s] -- Up-to-date symlink: /home/wheeltec/wheeltec_ros2/install/lslidar_msgs/include/lslidar_msgs/lslidar_msgs/msg/detail/lslidar_information__rosidl_typesupport_fastrtps_c.h
[5.989s] -- Up-to-date symlink: /home/wheeltec/wheeltec_ros2/install/lslidar_msgs/include/lslidar_msgs/lslidar_msgs/msg/detail/lslidar_packet__rosidl_typesupport_fastrtps_c.h
[5.989s] -- Up-to-date symlink: /home/wheeltec/wheeltec_ros2/install/lslidar_msgs/include/lslidar_msgs/lslidar_msgs/msg/rosidl_typesupport_fastrtps_c__visibility_control.h
[5.990s] -- Up-to-date symlink: /home/wheeltec/wheeltec_ros2/install/lslidar_msgs/include/lslidar_msgs/lslidar_msgs/srv/detail/angle_distortion_correction__rosidl_typesupport_fastrtps_c.h
[5.990s] -- Up-to-date symlink: /home/wheeltec/wheeltec_ros2/install/lslidar_msgs/include/lslidar_msgs/lslidar_msgs/srv/detail/frame_rate__rosidl_typesupport_fastrtps_c.h
[5.991s] -- Up-to-date symlink: /home/wheeltec/wheeltec_ros2/install/lslidar_msgs/include/lslidar_msgs/lslidar_msgs/srv/detail/invalid_data__rosidl_typesupport_fastrtps_c.h
[5.991s] -- Up-to-date symlink: /home/wheeltec/wheeltec_ros2/install/lslidar_msgs/include/lslidar_msgs/lslidar_msgs/srv/detail/ip_and_port__rosidl_typesupport_fastrtps_c.h
[5.992s] -- Up-to-date symlink: /home/wheeltec/wheeltec_ros2/install/lslidar_msgs/include/lslidar_msgs/lslidar_msgs/srv/detail/motor_control__rosidl_typesupport_fastrtps_c.h
[5.993s] -- Up-to-date symlink: /home/wheeltec/wheeltec_ros2/install/lslidar_msgs/include/lslidar_msgs/lslidar_msgs/srv/detail/motor_speed__rosidl_typesupport_fastrtps_c.h
[6.003s] -- Up-to-date symlink: /home/wheeltec/wheeltec_ros2/install/lslidar_msgs/include/lslidar_msgs/lslidar_msgs/srv/detail/power_control__rosidl_typesupport_fastrtps_c.h
[6.004s] -- Up-to-date symlink: /home/wheeltec/wheeltec_ros2/install/lslidar_msgs/include/lslidar_msgs/lslidar_msgs/srv/detail/rfd_removal__rosidl_typesupport_fastrtps_c.h
[6.005s] -- Up-to-date symlink: /home/wheeltec/wheeltec_ros2/install/lslidar_msgs/include/lslidar_msgs/lslidar_msgs/srv/detail/standby_mode__rosidl_typesupport_fastrtps_c.h
[6.005s] -- Up-to-date symlink: /home/wheeltec/wheeltec_ros2/install/lslidar_msgs/include/lslidar_msgs/lslidar_msgs/srv/detail/tail_removal__rosidl_typesupport_fastrtps_c.h
[6.006s] -- Up-to-date symlink: /home/wheeltec/wheeltec_ros2/install/lslidar_msgs/include/lslidar_msgs/lslidar_msgs/srv/detail/time_mode__rosidl_typesupport_fastrtps_c.h
[6.007s] -- Up-to-date symlink: /home/wheeltec/wheeltec_ros2/install/lslidar_msgs/include/lslidar_msgs/lslidar_msgs/msg/detail/lslidar_information__rosidl_typesupport_introspection_c.h
[6.011s] -- Up-to-date symlink: /home/wheeltec/wheeltec_ros2/install/lslidar_msgs/include/lslidar_msgs/lslidar_msgs/msg/detail/lslidar_packet__rosidl_typesupport_introspection_c.h
[6.011s] -- Up-to-date symlink: /home/wheeltec/wheeltec_ros2/install/lslidar_msgs/include/lslidar_msgs/lslidar_msgs/msg/rosidl_typesupport_introspection_c__visibility_control.h
[6.012s] -- Up-to-date symlink: /home/wheeltec/wheeltec_ros2/install/lslidar_msgs/include/lslidar_msgs/lslidar_msgs/srv/detail/angle_distortion_correction__rosidl_typesupport_introspection_c.h
[6.012s] -- Up-to-date symlink: /home/wheeltec/wheeltec_ros2/install/lslidar_msgs/include/lslidar_msgs/lslidar_msgs/srv/detail/frame_rate__rosidl_typesupport_introspection_c.h
[6.012s] -- Up-to-date symlink: /home/wheeltec/wheeltec_ros2/install/lslidar_msgs/include/lslidar_msgs/lslidar_msgs/srv/detail/invalid_data__rosidl_typesupport_introspection_c.h
[6.012s] -- Up-to-date symlink: /home/wheeltec/wheeltec_ros2/install/lslidar_msgs/include/lslidar_msgs/lslidar_msgs/srv/detail/ip_and_port__rosidl_typesupport_introspection_c.h
[6.012s] -- Up-to-date symlink: /home/wheeltec/wheeltec_ros2/install/lslidar_msgs/include/lslidar_msgs/lslidar_msgs/srv/detail/motor_control__rosidl_typesupport_introspection_c.h
[6.012s] -- Up-to-date symlink: /home/wheeltec/wheeltec_ros2/install/lslidar_msgs/include/lslidar_msgs/lslidar_msgs/srv/detail/motor_speed__rosidl_typesupport_introspection_c.h
[6.012s] -- Up-to-date symlink: /home/wheeltec/wheeltec_ros2/install/lslidar_msgs/include/lslidar_msgs/lslidar_msgs/srv/detail/power_control__rosidl_typesupport_introspection_c.h
[6.013s] -- Up-to-date symlink: /home/wheeltec/wheeltec_ros2/install/lslidar_msgs/include/lslidar_msgs/lslidar_msgs/srv/detail/rfd_removal__rosidl_typesupport_introspection_c.h
[6.013s] -- Up-to-date symlink: /home/wheeltec/wheeltec_ros2/install/lslidar_msgs/include/lslidar_msgs/lslidar_msgs/srv/detail/standby_mode__rosidl_typesupport_introspection_c.h
[6.013s] -- Up-to-date symlink: /home/wheeltec/wheeltec_ros2/install/lslidar_msgs/include/lslidar_msgs/lslidar_msgs/srv/detail/tail_removal__rosidl_typesupport_introspection_c.h
[6.013s] -- Up-to-date symlink: /home/wheeltec/wheeltec_ros2/install/lslidar_msgs/include/lslidar_msgs/lslidar_msgs/srv/detail/time_mode__rosidl_typesupport_introspection_c.h
[6.014s] -- Up-to-date symlink: /home/wheeltec/wheeltec_ros2/install/lslidar_msgs/include/lslidar_msgs/lslidar_msgs/msg/detail/lslidar_information__builder.hpp
[6.015s] -- Up-to-date symlink: /home/wheeltec/wheeltec_ros2/install/lslidar_msgs/include/lslidar_msgs/lslidar_msgs/msg/detail/lslidar_information__struct.hpp
[6.016s] -- Up-to-date symlink: /home/wheeltec/wheeltec_ros2/install/lslidar_msgs/include/lslidar_msgs/lslidar_msgs/msg/detail/lslidar_information__traits.hpp
[6.020s] -- Up-to-date symlink: /home/wheeltec/wheeltec_ros2/install/lslidar_msgs/include/lslidar_msgs/lslidar_msgs/msg/detail/lslidar_information__type_support.hpp
[6.020s] -- Up-to-date symlink: /home/wheeltec/wheeltec_ros2/install/lslidar_msgs/include/lslidar_msgs/lslidar_msgs/msg/detail/lslidar_packet__builder.hpp
[6.021s] -- Up-to-date symlink: /home/wheeltec/wheeltec_ros2/install/lslidar_msgs/include/lslidar_msgs/lslidar_msgs/msg/detail/lslidar_packet__struct.hpp
[6.021s] -- Up-to-date symlink: /home/wheeltec/wheeltec_ros2/install/lslidar_msgs/include/lslidar_msgs/lslidar_msgs/msg/detail/lslidar_packet__traits.hpp
[6.021s] -- Up-to-date symlink: /home/wheeltec/wheeltec_ros2/install/lslidar_msgs/include/lslidar_msgs/lslidar_msgs/msg/detail/lslidar_packet__type_support.hpp
[6.021s] -- Up-to-date symlink: /home/wheeltec/wheeltec_ros2/install/lslidar_msgs/include/lslidar_msgs/lslidar_msgs/msg/lslidar_information.hpp
[6.022s] -- Up-to-date symlink: /home/wheeltec/wheeltec_ros2/install/lslidar_msgs/include/lslidar_msgs/lslidar_msgs/msg/lslidar_packet.hpp
[6.022s] -- Up-to-date symlink: /home/wheeltec/wheeltec_ros2/install/lslidar_msgs/include/lslidar_msgs/lslidar_msgs/msg/rosidl_generator_cpp__visibility_control.hpp
[6.022s] -- Up-to-date symlink: /home/wheeltec/wheeltec_ros2/install/lslidar_msgs/include/lslidar_msgs/lslidar_msgs/srv/angle_distortion_correction.hpp
[6.022s] -- Up-to-date symlink: /home/wheeltec/wheeltec_ros2/install/lslidar_msgs/include/lslidar_msgs/lslidar_msgs/srv/detail/angle_distortion_correction__builder.hpp
[6.022s] -- Up-to-date symlink: /home/wheeltec/wheeltec_ros2/install/lslidar_msgs/include/lslidar_msgs/lslidar_msgs/srv/detail/angle_distortion_correction__struct.hpp
[6.023s] -- Up-to-date symlink: /home/wheeltec/wheeltec_ros2/install/lslidar_msgs/include/lslidar_msgs/lslidar_msgs/srv/detail/angle_distortion_correction__traits.hpp
[6.023s] -- Up-to-date symlink: /home/wheeltec/wheeltec_ros2/install/lslidar_msgs/include/lslidar_msgs/lslidar_msgs/srv/detail/angle_distortion_correction__type_support.hpp
[6.023s] -- Up-to-date symlink: /home/wheeltec/wheeltec_ros2/install/lslidar_msgs/include/lslidar_msgs/lslidar_msgs/srv/detail/frame_rate__builder.hpp
[6.023s] -- Up-to-date symlink: /home/wheeltec/wheeltec_ros2/install/lslidar_msgs/include/lslidar_msgs/lslidar_msgs/srv/detail/frame_rate__struct.hpp
[6.023s] -- Up-to-date symlink: /home/wheeltec/wheeltec_ros2/install/lslidar_msgs/include/lslidar_msgs/lslidar_msgs/srv/detail/frame_rate__traits.hpp
[6.024s] -- Up-to-date symlink: /home/wheeltec/wheeltec_ros2/install/lslidar_msgs/include/lslidar_msgs/lslidar_msgs/srv/detail/frame_rate__type_support.hpp
[6.024s] -- Up-to-date symlink: /home/wheeltec/wheeltec_ros2/install/lslidar_msgs/include/lslidar_msgs/lslidar_msgs/srv/detail/invalid_data__builder.hpp
[6.024s] -- Up-to-date symlink: /home/wheeltec/wheeltec_ros2/install/lslidar_msgs/include/lslidar_msgs/lslidar_msgs/srv/detail/invalid_data__struct.hpp
[6.024s] -- Up-to-date symlink: /home/wheeltec/wheeltec_ros2/install/lslidar_msgs/include/lslidar_msgs/lslidar_msgs/srv/detail/invalid_data__traits.hpp
[6.024s] -- Up-to-date symlink: /home/wheeltec/wheeltec_ros2/install/lslidar_msgs/include/lslidar_msgs/lslidar_msgs/srv/detail/invalid_data__type_support.hpp
[6.025s] -- Up-to-date symlink: /home/wheeltec/wheeltec_ros2/install/lslidar_msgs/include/lslidar_msgs/lslidar_msgs/srv/detail/ip_and_port__builder.hpp
[6.025s] -- Up-to-date symlink: /home/wheeltec/wheeltec_ros2/install/lslidar_msgs/include/lslidar_msgs/lslidar_msgs/srv/detail/ip_and_port__struct.hpp
[6.025s] -- Up-to-date symlink: /home/wheeltec/wheeltec_ros2/install/lslidar_msgs/include/lslidar_msgs/lslidar_msgs/srv/detail/ip_and_port__traits.hpp
[6.031s] -- Up-to-date symlink: /home/wheeltec/wheeltec_ros2/install/lslidar_msgs/include/lslidar_msgs/lslidar_msgs/srv/detail/ip_and_port__type_support.hpp
[6.031s] -- Up-to-date symlink: /home/wheeltec/wheeltec_ros2/install/lslidar_msgs/include/lslidar_msgs/lslidar_msgs/srv/detail/motor_control__builder.hpp
[6.032s] -- Up-to-date symlink: /home/wheeltec/wheeltec_ros2/install/lslidar_msgs/include/lslidar_msgs/lslidar_msgs/srv/detail/motor_control__struct.hpp
[6.032s] -- Up-to-date symlink: /home/wheeltec/wheeltec_ros2/install/lslidar_msgs/include/lslidar_msgs/lslidar_msgs/srv/detail/motor_control__traits.hpp
[6.032s] -- Up-to-date symlink: /home/wheeltec/wheeltec_ros2/install/lslidar_msgs/include/lslidar_msgs/lslidar_msgs/srv/detail/motor_control__type_support.hpp
[6.032s] -- Up-to-date symlink: /home/wheeltec/wheeltec_ros2/install/lslidar_msgs/include/lslidar_msgs/lslidar_msgs/srv/detail/motor_speed__builder.hpp
[6.032s] -- Up-to-date symlink: /home/wheeltec/wheeltec_ros2/install/lslidar_msgs/include/lslidar_msgs/lslidar_msgs/srv/detail/motor_speed__struct.hpp
[6.032s] -- Up-to-date symlink: /home/wheeltec/wheeltec_ros2/install/lslidar_msgs/include/lslidar_msgs/lslidar_msgs/srv/detail/motor_speed__traits.hpp
[6.033s] -- Up-to-date symlink: /home/wheeltec/wheeltec_ros2/install/lslidar_msgs/include/lslidar_msgs/lslidar_msgs/srv/detail/motor_speed__type_support.hpp
[6.033s] -- Up-to-date symlink: /home/wheeltec/wheeltec_ros2/install/lslidar_msgs/include/lslidar_msgs/lslidar_msgs/srv/detail/power_control__builder.hpp
[6.033s] -- Up-to-date symlink: /home/wheeltec/wheeltec_ros2/install/lslidar_msgs/include/lslidar_msgs/lslidar_msgs/srv/detail/power_control__struct.hpp
[6.033s] -- Up-to-date symlink: /home/wheeltec/wheeltec_ros2/install/lslidar_msgs/include/lslidar_msgs/lslidar_msgs/srv/detail/power_control__traits.hpp
[6.033s] -- Up-to-date symlink: /home/wheeltec/wheeltec_ros2/install/lslidar_msgs/include/lslidar_msgs/lslidar_msgs/srv/detail/power_control__type_support.hpp
[6.033s] -- Up-to-date symlink: /home/wheeltec/wheeltec_ros2/install/lslidar_msgs/include/lslidar_msgs/lslidar_msgs/srv/detail/rfd_removal__builder.hpp
[6.033s] -- Up-to-date symlink: /home/wheeltec/wheeltec_ros2/install/lslidar_msgs/include/lslidar_msgs/lslidar_msgs/srv/detail/rfd_removal__struct.hpp
[6.033s] -- Up-to-date symlink: /home/wheeltec/wheeltec_ros2/install/lslidar_msgs/include/lslidar_msgs/lslidar_msgs/srv/detail/rfd_removal__traits.hpp
[6.034s] -- Up-to-date symlink: /home/wheeltec/wheeltec_ros2/install/lslidar_msgs/include/lslidar_msgs/lslidar_msgs/srv/detail/rfd_removal__type_support.hpp
[6.034s] -- Up-to-date symlink: /home/wheeltec/wheeltec_ros2/install/lslidar_msgs/include/lslidar_msgs/lslidar_msgs/srv/detail/standby_mode__builder.hpp
[6.034s] -- Up-to-date symlink: /home/wheeltec/wheeltec_ros2/install/lslidar_msgs/include/lslidar_msgs/lslidar_msgs/srv/detail/standby_mode__struct.hpp
[6.034s] -- Up-to-date symlink: /home/wheeltec/wheeltec_ros2/install/lslidar_msgs/include/lslidar_msgs/lslidar_msgs/srv/detail/standby_mode__traits.hpp
[6.034s] -- Up-to-date symlink: /home/wheeltec/wheeltec_ros2/install/lslidar_msgs/include/lslidar_msgs/lslidar_msgs/srv/detail/standby_mode__type_support.hpp
[6.034s] -- Up-to-date symlink: /home/wheeltec/wheeltec_ros2/install/lslidar_msgs/include/lslidar_msgs/lslidar_msgs/srv/detail/tail_removal__builder.hpp
[6.034s] -- Up-to-date symlink: /home/wheeltec/wheeltec_ros2/install/lslidar_msgs/include/lslidar_msgs/lslidar_msgs/srv/detail/tail_removal__struct.hpp
[6.038s] -- Up-to-date symlink: /home/wheeltec/wheeltec_ros2/install/lslidar_msgs/include/lslidar_msgs/lslidar_msgs/srv/detail/tail_removal__traits.hpp
[6.038s] -- Up-to-date symlink: /home/wheeltec/wheeltec_ros2/install/lslidar_msgs/include/lslidar_msgs/lslidar_msgs/srv/detail/tail_removal__type_support.hpp
[6.039s] -- Up-to-date symlink: /home/wheeltec/wheeltec_ros2/install/lslidar_msgs/include/lslidar_msgs/lslidar_msgs/srv/detail/time_mode__builder.hpp
[6.041s] -- Up-to-date symlink: /home/wheeltec/wheeltec_ros2/install/lslidar_msgs/include/lslidar_msgs/lslidar_msgs/srv/detail/time_mode__struct.hpp
[6.044s] -- Up-to-date symlink: /home/wheeltec/wheeltec_ros2/install/lslidar_msgs/include/lslidar_msgs/lslidar_msgs/srv/detail/time_mode__traits.hpp
[6.044s] -- Up-to-date symlink: /home/wheeltec/wheeltec_ros2/install/lslidar_msgs/include/lslidar_msgs/lslidar_msgs/srv/detail/time_mode__type_support.hpp
[6.053s] -- Up-to-date symlink: /home/wheeltec/wheeltec_ros2/install/lslidar_msgs/include/lslidar_msgs/lslidar_msgs/srv/frame_rate.hpp
[6.053s] -- Up-to-date symlink: /home/wheeltec/wheeltec_ros2/install/lslidar_msgs/include/lslidar_msgs/lslidar_msgs/srv/invalid_data.hpp
[6.053s] -- Up-to-date symlink: /home/wheeltec/wheeltec_ros2/install/lslidar_msgs/include/lslidar_msgs/lslidar_msgs/srv/ip_and_port.hpp
[6.054s] -- Up-to-date symlink: /home/wheeltec/wheeltec_ros2/install/lslidar_msgs/include/lslidar_msgs/lslidar_msgs/srv/motor_control.hpp
[6.054s] -- Up-to-date symlink: /home/wheeltec/wheeltec_ros2/install/lslidar_msgs/include/lslidar_msgs/lslidar_msgs/srv/motor_speed.hpp
[6.054s] -- Up-to-date symlink: /home/wheeltec/wheeltec_ros2/install/lslidar_msgs/include/lslidar_msgs/lslidar_msgs/srv/power_control.hpp
[6.054s] -- Up-to-date symlink: /home/wheeltec/wheeltec_ros2/install/lslidar_msgs/include/lslidar_msgs/lslidar_msgs/srv/rfd_removal.hpp
[6.054s] -- Up-to-date symlink: /home/wheeltec/wheeltec_ros2/install/lslidar_msgs/include/lslidar_msgs/lslidar_msgs/srv/standby_mode.hpp
[6.054s] -- Up-to-date symlink: /home/wheeltec/wheeltec_ros2/install/lslidar_msgs/include/lslidar_msgs/lslidar_msgs/srv/tail_removal.hpp
[6.055s] -- Up-to-date symlink: /home/wheeltec/wheeltec_ros2/install/lslidar_msgs/include/lslidar_msgs/lslidar_msgs/srv/time_mode.hpp
[6.055s] -- Up-to-date symlink: /home/wheeltec/wheeltec_ros2/install/lslidar_msgs/include/lslidar_msgs/lslidar_msgs/msg/detail/lslidar_information__rosidl_typesupport_fastrtps_cpp.hpp
[6.055s] -- Up-to-date symlink: /home/wheeltec/wheeltec_ros2/install/lslidar_msgs/include/lslidar_msgs/lslidar_msgs/msg/detail/lslidar_packet__rosidl_typesupport_fastrtps_cpp.hpp
[6.055s] -- Up-to-date symlink: /home/wheeltec/wheeltec_ros2/install/lslidar_msgs/include/lslidar_msgs/lslidar_msgs/msg/rosidl_typesupport_fastrtps_cpp__visibility_control.h
[6.055s] -- Up-to-date symlink: /home/wheeltec/wheeltec_ros2/install/lslidar_msgs/include/lslidar_msgs/lslidar_msgs/srv/detail/angle_distortion_correction__rosidl_typesupport_fastrtps_cpp.hpp
[6.055s] -- Up-to-date symlink: /home/wheeltec/wheeltec_ros2/install/lslidar_msgs/include/lslidar_msgs/lslidar_msgs/srv/detail/frame_rate__rosidl_typesupport_fastrtps_cpp.hpp
[6.055s] -- Up-to-date symlink: /home/wheeltec/wheeltec_ros2/install/lslidar_msgs/include/lslidar_msgs/lslidar_msgs/srv/detail/invalid_data__rosidl_typesupport_fastrtps_cpp.hpp
[6.055s] -- Up-to-date symlink: /home/wheeltec/wheeltec_ros2/install/lslidar_msgs/include/lslidar_msgs/lslidar_msgs/srv/detail/ip_and_port__rosidl_typesupport_fastrtps_cpp.hpp
[6.060s] -- Up-to-date symlink: /home/wheeltec/wheeltec_ros2/install/lslidar_msgs/include/lslidar_msgs/lslidar_msgs/srv/detail/motor_control__rosidl_typesupport_fastrtps_cpp.hpp
[6.060s] -- Up-to-date symlink: /home/wheeltec/wheeltec_ros2/install/lslidar_msgs/include/lslidar_msgs/lslidar_msgs/srv/detail/motor_speed__rosidl_typesupport_fastrtps_cpp.hpp
[6.060s] -- Up-to-date symlink: /home/wheeltec/wheeltec_ros2/install/lslidar_msgs/include/lslidar_msgs/lslidar_msgs/srv/detail/power_control__rosidl_typesupport_fastrtps_cpp.hpp
[6.060s] -- Up-to-date symlink: /home/wheeltec/wheeltec_ros2/install/lslidar_msgs/include/lslidar_msgs/lslidar_msgs/srv/detail/rfd_removal__rosidl_typesupport_fastrtps_cpp.hpp
[6.061s] -- Up-to-date symlink: /home/wheeltec/wheeltec_ros2/install/lslidar_msgs/include/lslidar_msgs/lslidar_msgs/srv/detail/standby_mode__rosidl_typesupport_fastrtps_cpp.hpp
[6.061s] -- Up-to-date symlink: /home/wheeltec/wheeltec_ros2/install/lslidar_msgs/include/lslidar_msgs/lslidar_msgs/srv/detail/tail_removal__rosidl_typesupport_fastrtps_cpp.hpp
[6.061s] -- Up-to-date symlink: /home/wheeltec/wheeltec_ros2/install/lslidar_msgs/include/lslidar_msgs/lslidar_msgs/srv/detail/time_mode__rosidl_typesupport_fastrtps_cpp.hpp
[6.063s] -- Up-to-date symlink: /home/wheeltec/wheeltec_ros2/install/lslidar_msgs/include/lslidar_msgs/lslidar_msgs/msg/detail/lslidar_information__rosidl_typesupport_introspection_cpp.hpp
[6.063s] -- Up-to-date symlink: /home/wheeltec/wheeltec_ros2/install/lslidar_msgs/include/lslidar_msgs/lslidar_msgs/msg/detail/lslidar_packet__rosidl_typesupport_introspection_cpp.hpp
[6.063s] -- Up-to-date symlink: /home/wheeltec/wheeltec_ros2/install/lslidar_msgs/include/lslidar_msgs/lslidar_msgs/srv/detail/angle_distortion_correction__rosidl_typesupport_introspection_cpp.hpp
[6.065s] -- Up-to-date symlink: /home/wheeltec/wheeltec_ros2/install/lslidar_msgs/include/lslidar_msgs/lslidar_msgs/srv/detail/frame_rate__rosidl_typesupport_introspection_cpp.hpp
[6.066s] -- Up-to-date symlink: /home/wheeltec/wheeltec_ros2/install/lslidar_msgs/include/lslidar_msgs/lslidar_msgs/srv/detail/invalid_data__rosidl_typesupport_introspection_cpp.hpp
[6.067s] -- Up-to-date symlink: /home/wheeltec/wheeltec_ros2/install/lslidar_msgs/include/lslidar_msgs/lslidar_msgs/srv/detail/ip_and_port__rosidl_typesupport_introspection_cpp.hpp
[6.067s] -- Up-to-date symlink: /home/wheeltec/wheeltec_ros2/install/lslidar_msgs/include/lslidar_msgs/lslidar_msgs/srv/detail/motor_control__rosidl_typesupport_introspection_cpp.hpp
[6.072s] -- Up-to-date symlink: /home/wheeltec/wheeltec_ros2/install/lslidar_msgs/include/lslidar_msgs/lslidar_msgs/srv/detail/motor_speed__rosidl_typesupport_introspection_cpp.hpp
[6.073s] -- Up-to-date symlink: /home/wheeltec/wheeltec_ros2/install/lslidar_msgs/include/lslidar_msgs/lslidar_msgs/srv/detail/power_control__rosidl_typesupport_introspection_cpp.hpp
[6.073s] -- Up-to-date symlink: /home/wheeltec/wheeltec_ros2/install/lslidar_msgs/include/lslidar_msgs/lslidar_msgs/srv/detail/rfd_removal__rosidl_typesupport_introspection_cpp.hpp
[6.074s] -- Up-to-date symlink: /home/wheeltec/wheeltec_ros2/install/lslidar_msgs/include/lslidar_msgs/lslidar_msgs/srv/detail/standby_mode__rosidl_typesupport_introspection_cpp.hpp
[6.074s] -- Up-to-date symlink: /home/wheeltec/wheeltec_ros2/install/lslidar_msgs/include/lslidar_msgs/lslidar_msgs/srv/detail/tail_removal__rosidl_typesupport_introspection_cpp.hpp
[6.074s] -- Up-to-date symlink: /home/wheeltec/wheeltec_ros2/install/lslidar_msgs/include/lslidar_msgs/lslidar_msgs/srv/detail/time_mode__rosidl_typesupport_introspection_cpp.hpp
[6.075s] -- Up-to-date symlink: /home/wheeltec/wheeltec_ros2/install/lslidar_msgs/share/lslidar_msgs/environment/pythonpath.sh
[6.075s] -- Up-to-date symlink: /home/wheeltec/wheeltec_ros2/install/lslidar_msgs/share/lslidar_msgs/environment/pythonpath.dsv
[6.075s] -- Up-to-date symlink: /home/wheeltec/wheeltec_ros2/install/lslidar_msgs/local/lib/python3.10/dist-packages/lslidar_msgs-5.1.1-py3.10.egg-info/PKG-INFO
[6.075s] -- Up-to-date symlink: /home/wheeltec/wheeltec_ros2/install/lslidar_msgs/local/lib/python3.10/dist-packages/lslidar_msgs-5.1.1-py3.10.egg-info/SOURCES.txt
[6.075s] -- Up-to-date symlink: /home/wheeltec/wheeltec_ros2/install/lslidar_msgs/local/lib/python3.10/dist-packages/lslidar_msgs-5.1.1-py3.10.egg-info/dependency_links.txt
[6.076s] -- Up-to-date symlink: /home/wheeltec/wheeltec_ros2/install/lslidar_msgs/local/lib/python3.10/dist-packages/lslidar_msgs-5.1.1-py3.10.egg-info/top_level.txt
[6.081s] -- Up-to-date symlink: /home/wheeltec/wheeltec_ros2/install/lslidar_msgs/local/lib/python3.10/dist-packages/lslidar_msgs/__init__.py
[6.088s] -- Up-to-date symlink: /home/wheeltec/wheeltec_ros2/install/lslidar_msgs/local/lib/python3.10/dist-packages/lslidar_msgs/_lslidar_msgs_s.ep.rosidl_typesupport_c.c
[6.088s] -- Up-to-date symlink: /home/wheeltec/wheeltec_ros2/install/lslidar_msgs/local/lib/python3.10/dist-packages/lslidar_msgs/_lslidar_msgs_s.ep.rosidl_typesupport_fastrtps_c.c
[6.088s] -- Up-to-date symlink: /home/wheeltec/wheeltec_ros2/install/lslidar_msgs/local/lib/python3.10/dist-packages/lslidar_msgs/_lslidar_msgs_s.ep.rosidl_typesupport_introspection_c.c
[6.088s] -- Up-to-date symlink: /home/wheeltec/wheeltec_ros2/install/lslidar_msgs/local/lib/python3.10/dist-packages/lslidar_msgs/liblslidar_msgs__rosidl_generator_py.so
[6.089s] -- Up-to-date symlink: /home/wheeltec/wheeltec_ros2/install/lslidar_msgs/local/lib/python3.10/dist-packages/lslidar_msgs/lslidar_msgs_s__rosidl_typesupport_c.cpython-310-aarch64-linux-gnu.so
[6.089s] -- Up-to-date symlink: /home/wheeltec/wheeltec_ros2/install/lslidar_msgs/local/lib/python3.10/dist-packages/lslidar_msgs/lslidar_msgs_s__rosidl_typesupport_fastrtps_c.cpython-310-aarch64-linux-gnu.so
[6.103s] -- Up-to-date symlink: /home/wheeltec/wheeltec_ros2/install/lslidar_msgs/local/lib/python3.10/dist-packages/lslidar_msgs/lslidar_msgs_s__rosidl_typesupport_introspection_c.cpython-310-aarch64-linux-gnu.so
[6.104s] -- Up-to-date symlink: /home/wheeltec/wheeltec_ros2/install/lslidar_msgs/local/lib/python3.10/dist-packages/lslidar_msgs/msg/__init__.py
[6.104s] -- Up-to-date symlink: /home/wheeltec/wheeltec_ros2/install/lslidar_msgs/local/lib/python3.10/dist-packages/lslidar_msgs/msg/_lslidar_information.py
[6.104s] -- Up-to-date symlink: /home/wheeltec/wheeltec_ros2/install/lslidar_msgs/local/lib/python3.10/dist-packages/lslidar_msgs/msg/_lslidar_information_s.c
[6.104s] -- Up-to-date symlink: /home/wheeltec/wheeltec_ros2/install/lslidar_msgs/local/lib/python3.10/dist-packages/lslidar_msgs/msg/_lslidar_packet.py
[6.104s] -- Up-to-date symlink: /home/wheeltec/wheeltec_ros2/install/lslidar_msgs/local/lib/python3.10/dist-packages/lslidar_msgs/msg/_lslidar_packet_s.c
[6.104s] -- Up-to-date symlink: /home/wheeltec/wheeltec_ros2/install/lslidar_msgs/local/lib/python3.10/dist-packages/lslidar_msgs/srv/__init__.py
[6.105s] -- Up-to-date symlink: /home/wheeltec/wheeltec_ros2/install/lslidar_msgs/local/lib/python3.10/dist-packages/lslidar_msgs/srv/_angle_distortion_correction.py
[6.105s] -- Up-to-date symlink: /home/wheeltec/wheeltec_ros2/install/lslidar_msgs/local/lib/python3.10/dist-packages/lslidar_msgs/srv/_angle_distortion_correction_s.c
[6.105s] -- Up-to-date symlink: /home/wheeltec/wheeltec_ros2/install/lslidar_msgs/local/lib/python3.10/dist-packages/lslidar_msgs/srv/_frame_rate.py
[6.105s] -- Up-to-date symlink: /home/wheeltec/wheeltec_ros2/install/lslidar_msgs/local/lib/python3.10/dist-packages/lslidar_msgs/srv/_frame_rate_s.c
[6.105s] -- Up-to-date symlink: /home/wheeltec/wheeltec_ros2/install/lslidar_msgs/local/lib/python3.10/dist-packages/lslidar_msgs/srv/_invalid_data.py
[6.105s] -- Up-to-date symlink: /home/wheeltec/wheeltec_ros2/install/lslidar_msgs/local/lib/python3.10/dist-packages/lslidar_msgs/srv/_invalid_data_s.c
[6.105s] -- Up-to-date symlink: /home/wheeltec/wheeltec_ros2/install/lslidar_msgs/local/lib/python3.10/dist-packages/lslidar_msgs/srv/_ip_and_port.py
[6.106s] -- Up-to-date symlink: /home/wheeltec/wheeltec_ros2/install/lslidar_msgs/local/lib/python3.10/dist-packages/lslidar_msgs/srv/_ip_and_port_s.c
[6.106s] -- Up-to-date symlink: /home/wheeltec/wheeltec_ros2/install/lslidar_msgs/local/lib/python3.10/dist-packages/lslidar_msgs/srv/_motor_control.py
[6.106s] -- Up-to-date symlink: /home/wheeltec/wheeltec_ros2/install/lslidar_msgs/local/lib/python3.10/dist-packages/lslidar_msgs/srv/_motor_control_s.c
[6.106s] -- Up-to-date symlink: /home/wheeltec/wheeltec_ros2/install/lslidar_msgs/local/lib/python3.10/dist-packages/lslidar_msgs/srv/_motor_speed.py
[6.106s] -- Up-to-date symlink: /home/wheeltec/wheeltec_ros2/install/lslidar_msgs/local/lib/python3.10/dist-packages/lslidar_msgs/srv/_motor_speed_s.c
[6.106s] -- Up-to-date symlink: /home/wheeltec/wheeltec_ros2/install/lslidar_msgs/local/lib/python3.10/dist-packages/lslidar_msgs/srv/_power_control.py
[6.106s] -- Up-to-date symlink: /home/wheeltec/wheeltec_ros2/install/lslidar_msgs/local/lib/python3.10/dist-packages/lslidar_msgs/srv/_power_control_s.c
[6.106s] -- Up-to-date symlink: /home/wheeltec/wheeltec_ros2/install/lslidar_msgs/local/lib/python3.10/dist-packages/lslidar_msgs/srv/_rfd_removal.py
[6.107s] -- Up-to-date symlink: /home/wheeltec/wheeltec_ros2/install/lslidar_msgs/local/lib/python3.10/dist-packages/lslidar_msgs/srv/_rfd_removal_s.c
[6.107s] -- Up-to-date symlink: /home/wheeltec/wheeltec_ros2/install/lslidar_msgs/local/lib/python3.10/dist-packages/lslidar_msgs/srv/_standby_mode.py
[6.107s] -- Up-to-date symlink: /home/wheeltec/wheeltec_ros2/install/lslidar_msgs/local/lib/python3.10/dist-packages/lslidar_msgs/srv/_standby_mode_s.c
[6.107s] -- Up-to-date symlink: /home/wheeltec/wheeltec_ros2/install/lslidar_msgs/local/lib/python3.10/dist-packages/lslidar_msgs/srv/_tail_removal.py
[6.107s] -- Up-to-date symlink: /home/wheeltec/wheeltec_ros2/install/lslidar_msgs/local/lib/python3.10/dist-packages/lslidar_msgs/srv/_tail_removal_s.c
[6.107s] -- Up-to-date symlink: /home/wheeltec/wheeltec_ros2/install/lslidar_msgs/local/lib/python3.10/dist-packages/lslidar_msgs/srv/_time_mode.py
[6.107s] -- Up-to-date symlink: /home/wheeltec/wheeltec_ros2/install/lslidar_msgs/local/lib/python3.10/dist-packages/lslidar_msgs/srv/_time_mode_s.c
[6.115s] -- Up-to-date symlink: /home/wheeltec/wheeltec_ros2/install/lslidar_msgs/local/lib/python3.10/dist-packages/lslidar_msgs/lslidar_msgs_s__rosidl_typesupport_fastrtps_c.cpython-310-aarch64-linux-gnu.so
[6.116s] -- Up-to-date symlink: /home/wheeltec/wheeltec_ros2/install/lslidar_msgs/local/lib/python3.10/dist-packages/lslidar_msgs/lslidar_msgs_s__rosidl_typesupport_introspection_c.cpython-310-aarch64-linux-gnu.so
[6.116s] -- Up-to-date symlink: /home/wheeltec/wheeltec_ros2/install/lslidar_msgs/local/lib/python3.10/dist-packages/lslidar_msgs/lslidar_msgs_s__rosidl_typesupport_c.cpython-310-aarch64-linux-gnu.so
[6.116s] -- Up-to-date symlink: /home/wheeltec/wheeltec_ros2/install/lslidar_msgs/share/lslidar_msgs/msg/LslidarInformation.idl
[6.116s] -- Up-to-date symlink: /home/wheeltec/wheeltec_ros2/install/lslidar_msgs/share/lslidar_msgs/msg/LslidarPacket.idl
[6.116s] -- Up-to-date symlink: /home/wheeltec/wheeltec_ros2/install/lslidar_msgs/share/lslidar_msgs/srv/AngleDistortionCorrection.idl
[6.117s] -- Up-to-date symlink: /home/wheeltec/wheeltec_ros2/install/lslidar_msgs/share/lslidar_msgs/srv/FrameRate.idl
[6.117s] -- Up-to-date symlink: /home/wheeltec/wheeltec_ros2/install/lslidar_msgs/share/lslidar_msgs/srv/InvalidData.idl
[6.117s] -- Up-to-date symlink: /home/wheeltec/wheeltec_ros2/install/lslidar_msgs/share/lslidar_msgs/srv/IpAndPort.idl
[6.117s] -- Up-to-date symlink: /home/wheeltec/wheeltec_ros2/install/lslidar_msgs/share/lslidar_msgs/srv/MotorControl.idl
[6.117s] -- Up-to-date symlink: /home/wheeltec/wheeltec_ros2/install/lslidar_msgs/share/lslidar_msgs/srv/MotorSpeed.idl
[6.117s] -- Up-to-date symlink: /home/wheeltec/wheeltec_ros2/install/lslidar_msgs/share/lslidar_msgs/srv/PowerControl.idl
[6.118s] -- Up-to-date symlink: /home/wheeltec/wheeltec_ros2/install/lslidar_msgs/share/lslidar_msgs/srv/RfdRemoval.idl
[6.118s] -- Up-to-date symlink: /home/wheeltec/wheeltec_ros2/install/lslidar_msgs/share/lslidar_msgs/srv/StandbyMode.idl
[6.123s] -- Up-to-date symlink: /home/wheeltec/wheeltec_ros2/install/lslidar_msgs/share/lslidar_msgs/srv/TailRemoval.idl
[6.123s] -- Up-to-date symlink: /home/wheeltec/wheeltec_ros2/install/lslidar_msgs/share/lslidar_msgs/srv/TimeMode.idl
[6.123s] -- Up-to-date symlink: /home/wheeltec/wheeltec_ros2/install/lslidar_msgs/share/lslidar_msgs/msg/LslidarInformation.msg
[6.123s] -- Up-to-date symlink: /home/wheeltec/wheeltec_ros2/install/lslidar_msgs/share/lslidar_msgs/msg/LslidarPacket.msg
[6.124s] -- Up-to-date symlink: /home/wheeltec/wheeltec_ros2/install/lslidar_msgs/share/lslidar_msgs/srv/AngleDistortionCorrection.srv
[6.124s] -- Up-to-date symlink: /home/wheeltec/wheeltec_ros2/install/lslidar_msgs/share/lslidar_msgs/srv/AngleDistortionCorrection_Request.msg
[6.124s] -- Up-to-date symlink: /home/wheeltec/wheeltec_ros2/install/lslidar_msgs/share/lslidar_msgs/srv/AngleDistortionCorrection_Response.msg
[6.124s] -- Up-to-date symlink: /home/wheeltec/wheeltec_ros2/install/lslidar_msgs/share/lslidar_msgs/srv/FrameRate.srv
[6.124s] -- Up-to-date symlink: /home/wheeltec/wheeltec_ros2/install/lslidar_msgs/share/lslidar_msgs/srv/FrameRate_Request.msg
[6.124s] -- Up-to-date symlink: /home/wheeltec/wheeltec_ros2/install/lslidar_msgs/share/lslidar_msgs/srv/FrameRate_Response.msg
[6.124s] -- Up-to-date symlink: /home/wheeltec/wheeltec_ros2/install/lslidar_msgs/share/lslidar_msgs/srv/InvalidData.srv
[6.137s] -- Up-to-date symlink: /home/wheeltec/wheeltec_ros2/install/lslidar_msgs/share/lslidar_msgs/srv/InvalidData_Request.msg
[6.137s] -- Up-to-date symlink: /home/wheeltec/wheeltec_ros2/install/lslidar_msgs/share/lslidar_msgs/srv/InvalidData_Response.msg
[6.137s] -- Up-to-date symlink: /home/wheeltec/wheeltec_ros2/install/lslidar_msgs/share/lslidar_msgs/srv/IpAndPort.srv
[6.138s] -- Up-to-date symlink: /home/wheeltec/wheeltec_ros2/install/lslidar_msgs/share/lslidar_msgs/srv/IpAndPort_Request.msg
[6.138s] -- Up-to-date symlink: /home/wheeltec/wheeltec_ros2/install/lslidar_msgs/share/lslidar_msgs/srv/IpAndPort_Response.msg
[6.138s] -- Up-to-date symlink: /home/wheeltec/wheeltec_ros2/install/lslidar_msgs/share/lslidar_msgs/srv/MotorControl.srv
[6.138s] -- Up-to-date symlink: /home/wheeltec/wheeltec_ros2/install/lslidar_msgs/share/lslidar_msgs/srv/MotorControl_Request.msg
[6.138s] -- Up-to-date symlink: /home/wheeltec/wheeltec_ros2/install/lslidar_msgs/share/lslidar_msgs/srv/MotorControl_Response.msg
[6.138s] -- Up-to-date symlink: /home/wheeltec/wheeltec_ros2/install/lslidar_msgs/share/lslidar_msgs/srv/MotorSpeed.srv
[6.138s] -- Up-to-date symlink: /home/wheeltec/wheeltec_ros2/install/lslidar_msgs/share/lslidar_msgs/srv/MotorSpeed_Request.msg
[6.138s] -- Up-to-date symlink: /home/wheeltec/wheeltec_ros2/install/lslidar_msgs/share/lslidar_msgs/srv/MotorSpeed_Response.msg
[6.139s] -- Up-to-date symlink: /home/wheeltec/wheeltec_ros2/install/lslidar_msgs/share/lslidar_msgs/srv/PowerControl.srv
[6.139s] -- Up-to-date symlink: /home/wheeltec/wheeltec_ros2/install/lslidar_msgs/share/lslidar_msgs/srv/PowerControl_Request.msg
[6.139s] -- Up-to-date symlink: /home/wheeltec/wheeltec_ros2/install/lslidar_msgs/share/lslidar_msgs/srv/PowerControl_Response.msg
[6.139s] -- Up-to-date symlink: /home/wheeltec/wheeltec_ros2/install/lslidar_msgs/share/lslidar_msgs/srv/RfdRemoval.srv
[6.139s] -- Up-to-date symlink: /home/wheeltec/wheeltec_ros2/install/lslidar_msgs/share/lslidar_msgs/srv/RfdRemoval_Request.msg
[6.139s] -- Up-to-date symlink: /home/wheeltec/wheeltec_ros2/install/lslidar_msgs/share/lslidar_msgs/srv/RfdRemoval_Response.msg
[6.139s] -- Up-to-date symlink: /home/wheeltec/wheeltec_ros2/install/lslidar_msgs/share/lslidar_msgs/srv/StandbyMode.srv
[6.140s] -- Up-to-date symlink: /home/wheeltec/wheeltec_ros2/install/lslidar_msgs/share/lslidar_msgs/srv/StandbyMode_Request.msg
[6.148s] -- Up-to-date symlink: /home/wheeltec/wheeltec_ros2/install/lslidar_msgs/share/lslidar_msgs/srv/StandbyMode_Response.msg
[6.148s] -- Up-to-date symlink: /home/wheeltec/wheeltec_ros2/install/lslidar_msgs/share/lslidar_msgs/srv/TailRemoval.srv
[6.148s] -- Up-to-date symlink: /home/wheeltec/wheeltec_ros2/install/lslidar_msgs/share/lslidar_msgs/srv/TailRemoval_Request.msg
[6.148s] -- Up-to-date symlink: /home/wheeltec/wheeltec_ros2/install/lslidar_msgs/share/lslidar_msgs/srv/TailRemoval_Response.msg
[6.148s] -- Up-to-date symlink: /home/wheeltec/wheeltec_ros2/install/lslidar_msgs/share/lslidar_msgs/srv/TimeMode.srv
[6.149s] -- Up-to-date symlink: /home/wheeltec/wheeltec_ros2/install/lslidar_msgs/share/lslidar_msgs/srv/TimeMode_Request.msg
[6.149s] -- Up-to-date symlink: /home/wheeltec/wheeltec_ros2/install/lslidar_msgs/share/lslidar_msgs/srv/TimeMode_Response.msg
[6.149s] -- Up-to-date symlink: /home/wheeltec/wheeltec_ros2/install/lslidar_msgs/share/ament_index/resource_index/package_run_dependencies/lslidar_msgs
[6.149s] -- Up-to-date symlink: /home/wheeltec/wheeltec_ros2/install/lslidar_msgs/share/ament_index/resource_index/parent_prefix_path/lslidar_msgs
[6.149s] -- Up-to-date symlink: /home/wheeltec/wheeltec_ros2/install/lslidar_msgs/share/lslidar_msgs/environment/ament_prefix_path.sh
[6.149s] -- Up-to-date symlink: /home/wheeltec/wheeltec_ros2/install/lslidar_msgs/share/lslidar_msgs/environment/ament_prefix_path.dsv
[6.150s] -- Up-to-date symlink: /home/wheeltec/wheeltec_ros2/install/lslidar_msgs/share/lslidar_msgs/environment/path.sh
[6.150s] -- Up-to-date symlink: /home/wheeltec/wheeltec_ros2/install/lslidar_msgs/share/lslidar_msgs/environment/path.dsv
[6.150s] -- Up-to-date symlink: /home/wheeltec/wheeltec_ros2/install/lslidar_msgs/share/lslidar_msgs/local_setup.bash
[6.150s] -- Up-to-date symlink: /home/wheeltec/wheeltec_ros2/install/lslidar_msgs/share/lslidar_msgs/local_setup.sh
[6.159s] -- Up-to-date symlink: /home/wheeltec/wheeltec_ros2/install/lslidar_msgs/share/lslidar_msgs/local_setup.zsh
[6.160s] -- Up-to-date symlink: /home/wheeltec/wheeltec_ros2/install/lslidar_msgs/share/lslidar_msgs/local_setup.dsv
[6.160s] -- Symlinking: /home/wheeltec/wheeltec_ros2/install/lslidar_msgs/share/lslidar_msgs/package.dsv
[6.383s] -- Up-to-date symlink: /home/wheeltec/wheeltec_ros2/install/lslidar_msgs/share/ament_index/resource_index/packages/lslidar_msgs
[6.384s] -- Up-to-date symlink: /home/wheeltec/wheeltec_ros2/install/lslidar_msgs/share/lslidar_msgs/cmake/rosidl_cmake-extras.cmake
[6.384s] -- Up-to-date symlink: /home/wheeltec/wheeltec_ros2/install/lslidar_msgs/share/lslidar_msgs/cmake/ament_cmake_export_dependencies-extras.cmake
[6.384s] -- Up-to-date symlink: /home/wheeltec/wheeltec_ros2/install/lslidar_msgs/share/lslidar_msgs/cmake/ament_cmake_export_include_directories-extras.cmake
[6.384s] -- Up-to-date symlink: /home/wheeltec/wheeltec_ros2/install/lslidar_msgs/share/lslidar_msgs/cmake/ament_cmake_export_libraries-extras.cmake
[6.384s] -- Up-to-date symlink: /home/wheeltec/wheeltec_ros2/install/lslidar_msgs/share/lslidar_msgs/cmake/ament_cmake_export_targets-extras.cmake
[6.384s] -- Up-to-date symlink: /home/wheeltec/wheeltec_ros2/install/lslidar_msgs/share/lslidar_msgs/cmake/rosidl_cmake_export_typesupport_targets-extras.cmake
[6.384s] -- Up-to-date symlink: /home/wheeltec/wheeltec_ros2/install/lslidar_msgs/share/lslidar_msgs/cmake/rosidl_cmake_export_typesupport_libraries-extras.cmake
[6.384s] -- Up-to-date symlink: /home/wheeltec/wheeltec_ros2/install/lslidar_msgs/share/lslidar_msgs/cmake/lslidar_msgsConfig.cmake
[6.385s] -- Up-to-date symlink: /home/wheeltec/wheeltec_ros2/install/lslidar_msgs/share/lslidar_msgs/cmake/lslidar_msgsConfig-version.cmake
[6.385s] -- Up-to-date symlink: /home/wheeltec/wheeltec_ros2/install/lslidar_msgs/share/lslidar_msgs/package.xml
[6.389s] -- Up-to-date: /home/wheeltec/wheeltec_ros2/install/lslidar_msgs/lib/liblslidar_msgs__rosidl_generator_c.so
[6.391s] -- Up-to-date: /home/wheeltec/wheeltec_ros2/install/lslidar_msgs/lib/liblslidar_msgs__rosidl_typesupport_fastrtps_c.so
[6.392s] -- Up-to-date: /home/wheeltec/wheeltec_ros2/install/lslidar_msgs/lib/liblslidar_msgs__rosidl_typesupport_introspection_c.so
[6.393s] -- Up-to-date: /home/wheeltec/wheeltec_ros2/install/lslidar_msgs/lib/liblslidar_msgs__rosidl_typesupport_c.so
[6.395s] -- Up-to-date: /home/wheeltec/wheeltec_ros2/install/lslidar_msgs/lib/liblslidar_msgs__rosidl_typesupport_fastrtps_cpp.so
[6.396s] -- Up-to-date: /home/wheeltec/wheeltec_ros2/install/lslidar_msgs/lib/liblslidar_msgs__rosidl_typesupport_introspection_cpp.so
[6.397s] -- Up-to-date: /home/wheeltec/wheeltec_ros2/install/lslidar_msgs/lib/liblslidar_msgs__rosidl_typesupport_cpp.so
[7.005s] Listing '/home/wheeltec/wheeltec_ros2/install/lslidar_msgs/local/lib/python3.10/dist-packages/lslidar_msgs'...
[7.005s] Listing '/home/wheeltec/wheeltec_ros2/install/lslidar_msgs/local/lib/python3.10/dist-packages/lslidar_msgs/msg'...
[7.005s] Listing '/home/wheeltec/wheeltec_ros2/install/lslidar_msgs/local/lib/python3.10/dist-packages/lslidar_msgs/srv'...
[7.046s] -- Up-to-date: /home/wheeltec/wheeltec_ros2/install/lslidar_msgs/lib/liblslidar_msgs__rosidl_generator_py.so
[7.046s] -- Up-to-date: /home/wheeltec/wheeltec_ros2/install/lslidar_msgs/share/lslidar_msgs/cmake/export_lslidar_msgs__rosidl_generator_cExport.cmake
[7.046s] -- Up-to-date: /home/wheeltec/wheeltec_ros2/install/lslidar_msgs/share/lslidar_msgs/cmake/export_lslidar_msgs__rosidl_generator_cExport-noconfig.cmake
[7.047s] -- Up-to-date: /home/wheeltec/wheeltec_ros2/install/lslidar_msgs/share/lslidar_msgs/cmake/export_lslidar_msgs__rosidl_typesupport_fastrtps_cExport.cmake
[7.047s] -- Up-to-date: /home/wheeltec/wheeltec_ros2/install/lslidar_msgs/share/lslidar_msgs/cmake/export_lslidar_msgs__rosidl_typesupport_fastrtps_cExport-noconfig.cmake
[7.047s] -- Up-to-date: /home/wheeltec/wheeltec_ros2/install/lslidar_msgs/share/lslidar_msgs/cmake/lslidar_msgs__rosidl_typesupport_introspection_cExport.cmake
[7.047s] -- Up-to-date: /home/wheeltec/wheeltec_ros2/install/lslidar_msgs/share/lslidar_msgs/cmake/lslidar_msgs__rosidl_typesupport_introspection_cExport-noconfig.cmake
[7.047s] -- Up-to-date: /home/wheeltec/wheeltec_ros2/install/lslidar_msgs/share/lslidar_msgs/cmake/lslidar_msgs__rosidl_typesupport_cExport.cmake
[7.047s] -- Up-to-date: /home/wheeltec/wheeltec_ros2/install/lslidar_msgs/share/lslidar_msgs/cmake/lslidar_msgs__rosidl_typesupport_cExport-noconfig.cmake
[7.047s] -- Up-to-date: /home/wheeltec/wheeltec_ros2/install/lslidar_msgs/share/lslidar_msgs/cmake/export_lslidar_msgs__rosidl_generator_cppExport.cmake
[7.048s] -- Up-to-date: /home/wheeltec/wheeltec_ros2/install/lslidar_msgs/share/lslidar_msgs/cmake/export_lslidar_msgs__rosidl_typesupport_fastrtps_cppExport.cmake
[7.049s] -- Up-to-date: /home/wheeltec/wheeltec_ros2/install/lslidar_msgs/share/lslidar_msgs/cmake/export_lslidar_msgs__rosidl_typesupport_fastrtps_cppExport-noconfig.cmake
[7.049s] -- Up-to-date: /home/wheeltec/wheeltec_ros2/install/lslidar_msgs/share/lslidar_msgs/cmake/lslidar_msgs__rosidl_typesupport_introspection_cppExport.cmake
[7.050s] -- Up-to-date: /home/wheeltec/wheeltec_ros2/install/lslidar_msgs/share/lslidar_msgs/cmake/lslidar_msgs__rosidl_typesupport_introspection_cppExport-noconfig.cmake
[7.050s] -- Up-to-date: /home/wheeltec/wheeltec_ros2/install/lslidar_msgs/share/lslidar_msgs/cmake/lslidar_msgs__rosidl_typesupport_cppExport.cmake
[7.051s] -- Up-to-date: /home/wheeltec/wheeltec_ros2/install/lslidar_msgs/share/lslidar_msgs/cmake/lslidar_msgs__rosidl_typesupport_cppExport-noconfig.cmake
[7.052s] -- Up-to-date: /home/wheeltec/wheeltec_ros2/install/lslidar_msgs/share/lslidar_msgs/cmake/export_lslidar_msgs__rosidl_generator_pyExport.cmake
[7.052s] -- Up-to-date: /home/wheeltec/wheeltec_ros2/install/lslidar_msgs/share/lslidar_msgs/cmake/export_lslidar_msgs__rosidl_generator_pyExport-noconfig.cmake
[7.067s] Invoked command in '/home/wheeltec/wheeltec_ros2/build/lslidar_msgs' returned '0': CMAKE_PREFIX_PATH=${CMAKE_PREFIX_PATH}:/home/wheeltec/wheeltec_ros2/install/simple_follower_ros2:/home/wheeltec/wheeltec_ros2/install/wheeltec_robot_keyboard:/home/wheeltec/wheeltec_ros2/install/wheeltec_dual_rtk_driver:/home/wheeltec/wheeltec_ros2/install/ultralytics_ros2:/home/wheeltec/wheeltec_ros2/install/tf2_tools:/home/wheeltec/wheeltec_ros2/install/ollama_ros_chat:/home/wheeltec/wheeltec_ros2/install/nmea_navsat_driver:/home/wheeltec/wheeltec_ros2/install/nav2_waypoint_cycle:/home/wheeltec/wheeltec_ros2/install/nav2_simple_commander:/home/wheeltec/wheeltec_ros2/install/largemodel:/home/wheeltec/wheeltec_ros2/install/auto_recharge_ros2:/home/wheeltec/autoware/install/autoware_wheeltec_interface:/home/wheeltec/autoware/install/autoware_multi_point:/home/wheeltec/autoware/install/ad_api_visualizers:/opt/ros/humble /usr/bin/cmake --install /home/wheeltec/wheeltec_ros2/build/lslidar_msgs
