[0.256s] Invoking command in '/home/wheeltec/wheeltec_ros2/build/aruco_msgs': CMAKE_PREFIX_PATH=${CMAKE_PREFIX_PATH}:/home/wheeltec/wheeltec_ros2/install/simple_follower_ros2:/home/wheeltec/wheeltec_ros2/install/wheeltec_robot_keyboard:/home/wheeltec/wheeltec_ros2/install/wheeltec_dual_rtk_driver:/home/wheeltec/wheeltec_ros2/install/ultralytics_ros2:/home/wheeltec/wheeltec_ros2/install/tf2_tools:/home/wheeltec/wheeltec_ros2/install/ollama_ros_chat:/home/wheeltec/wheeltec_ros2/install/nmea_navsat_driver:/home/wheeltec/wheeltec_ros2/install/nav2_waypoint_cycle:/home/wheeltec/wheeltec_ros2/install/nav2_simple_commander:/home/wheeltec/wheeltec_ros2/install/largemodel:/home/wheeltec/wheeltec_ros2/install/auto_recharge_ros2:/home/wheeltec/autoware/install/autoware_wheeltec_interface:/home/wheeltec/autoware/install/ad_api_visualizers:/opt/ros/humble /usr/bin/cmake --build /home/wheeltec/wheeltec_ros2/build/aruco_msgs -- -j6 -l6
[1.157s] [ 10%] Built target aruco_msgs__rosidl_generator_c
[1.209s] [ 12%] Built target aruco_msgs__cpp
[1.480s] [ 12%] Built target ament_cmake_python_symlink_aruco_msgs
[1.544s] [ 23%] Built target aruco_msgs__rosidl_typesupport_introspection_c
[1.654s] [ 33%] Built target aruco_msgs__rosidl_typesupport_fastrtps_c
[1.715s] [ 43%] Built target aruco_msgs__rosidl_typesupport_fastrtps_cpp
[1.715s] [ 53%] Built target aruco_msgs__rosidl_typesupport_introspection_cpp
[1.724s] [ 64%] Built target aruco_msgs__rosidl_typesupport_c
[2.019s] [ 74%] Built target aruco_msgs__rosidl_typesupport_cpp
[2.672s] [ 74%] Built target aruco_msgs
[3.209s] [ 76%] Built target aruco_msgs__py
[3.724s] [ 84%] Built target aruco_msgs__rosidl_generator_py
[4.010s] running egg_info
[4.024s] writing aruco_msgs.egg-info/PKG-INFO
[4.027s] writing dependency_links to aruco_msgs.egg-info/dependency_links.txt
[4.028s] writing top-level names to aruco_msgs.egg-info/top_level.txt
[4.059s] reading manifest file 'aruco_msgs.egg-info/SOURCES.txt'
[4.062s] writing manifest file 'aruco_msgs.egg-info/SOURCES.txt'
[4.196s] [ 89%] Built target aruco_msgs__rosidl_typesupport_introspection_c__pyext
[4.298s] [ 94%] Built target aruco_msgs__rosidl_typesupport_c__pyext
[4.355s] [100%] Built target aruco_msgs__rosidl_typesupport_fastrtps_c__pyext
[4.491s] [100%] Built target ament_cmake_python_build_aruco_msgs_egg
[5.889s] Invoked command in '/home/wheeltec/wheeltec_ros2/build/aruco_msgs' returned '0': CMAKE_PREFIX_PATH=${CMAKE_PREFIX_PATH}:/home/wheeltec/wheeltec_ros2/install/simple_follower_ros2:/home/wheeltec/wheeltec_ros2/install/wheeltec_robot_keyboard:/home/wheeltec/wheeltec_ros2/install/wheeltec_dual_rtk_driver:/home/wheeltec/wheeltec_ros2/install/ultralytics_ros2:/home/wheeltec/wheeltec_ros2/install/tf2_tools:/home/wheeltec/wheeltec_ros2/install/ollama_ros_chat:/home/wheeltec/wheeltec_ros2/install/nmea_navsat_driver:/home/wheeltec/wheeltec_ros2/install/nav2_waypoint_cycle:/home/wheeltec/wheeltec_ros2/install/nav2_simple_commander:/home/wheeltec/wheeltec_ros2/install/largemodel:/home/wheeltec/wheeltec_ros2/install/auto_recharge_ros2:/home/wheeltec/autoware/install/autoware_wheeltec_interface:/home/wheeltec/autoware/install/ad_api_visualizers:/opt/ros/humble /usr/bin/cmake --build /home/wheeltec/wheeltec_ros2/build/aruco_msgs -- -j6 -l6
[5.903s] Invoking command in '/home/wheeltec/wheeltec_ros2/build/aruco_msgs': CMAKE_PREFIX_PATH=${CMAKE_PREFIX_PATH}:/home/wheeltec/wheeltec_ros2/install/simple_follower_ros2:/home/wheeltec/wheeltec_ros2/install/wheeltec_robot_keyboard:/home/wheeltec/wheeltec_ros2/install/wheeltec_dual_rtk_driver:/home/wheeltec/wheeltec_ros2/install/ultralytics_ros2:/home/wheeltec/wheeltec_ros2/install/tf2_tools:/home/wheeltec/wheeltec_ros2/install/ollama_ros_chat:/home/wheeltec/wheeltec_ros2/install/nmea_navsat_driver:/home/wheeltec/wheeltec_ros2/install/nav2_waypoint_cycle:/home/wheeltec/wheeltec_ros2/install/nav2_simple_commander:/home/wheeltec/wheeltec_ros2/install/largemodel:/home/wheeltec/wheeltec_ros2/install/auto_recharge_ros2:/home/wheeltec/autoware/install/autoware_wheeltec_interface:/home/wheeltec/autoware/install/ad_api_visualizers:/opt/ros/humble /usr/bin/cmake --install /home/wheeltec/wheeltec_ros2/build/aruco_msgs
[5.997s] -- Install configuration: ""
[5.998s] -- Execute custom install script
[6.001s] -- Up-to-date symlink: /home/wheeltec/wheeltec_ros2/install/aruco_msgs/share/ament_index/resource_index/rosidl_interfaces/aruco_msgs
[6.003s] -- Up-to-date symlink: /home/wheeltec/wheeltec_ros2/install/aruco_msgs/include/aruco_msgs/aruco_msgs/msg/detail/marker__functions.h
[6.004s] -- Up-to-date symlink: /home/wheeltec/wheeltec_ros2/install/aruco_msgs/include/aruco_msgs/aruco_msgs/msg/detail/marker__struct.h
[6.004s] -- Up-to-date symlink: /home/wheeltec/wheeltec_ros2/install/aruco_msgs/include/aruco_msgs/aruco_msgs/msg/detail/marker__type_support.h
[6.004s] -- Up-to-date symlink: /home/wheeltec/wheeltec_ros2/install/aruco_msgs/include/aruco_msgs/aruco_msgs/msg/detail/marker_array__functions.h
[6.005s] -- Up-to-date symlink: /home/wheeltec/wheeltec_ros2/install/aruco_msgs/include/aruco_msgs/aruco_msgs/msg/detail/marker_array__struct.h
[6.006s] -- Up-to-date symlink: /home/wheeltec/wheeltec_ros2/install/aruco_msgs/include/aruco_msgs/aruco_msgs/msg/detail/marker_array__type_support.h
[6.008s] -- Up-to-date symlink: /home/wheeltec/wheeltec_ros2/install/aruco_msgs/include/aruco_msgs/aruco_msgs/msg/marker.h
[6.008s] -- Up-to-date symlink: /home/wheeltec/wheeltec_ros2/install/aruco_msgs/include/aruco_msgs/aruco_msgs/msg/marker_array.h
[6.009s] -- Up-to-date symlink: /home/wheeltec/wheeltec_ros2/install/aruco_msgs/include/aruco_msgs/aruco_msgs/msg/rosidl_generator_c__visibility_control.h
[6.011s] -- Up-to-date symlink: /home/wheeltec/wheeltec_ros2/install/aruco_msgs/share/aruco_msgs/environment/library_path.sh
[6.011s] -- Up-to-date symlink: /home/wheeltec/wheeltec_ros2/install/aruco_msgs/share/aruco_msgs/environment/library_path.dsv
[6.019s] -- Up-to-date symlink: /home/wheeltec/wheeltec_ros2/install/aruco_msgs/include/aruco_msgs/aruco_msgs/msg/detail/marker__rosidl_typesupport_fastrtps_c.h
[6.020s] -- Up-to-date symlink: /home/wheeltec/wheeltec_ros2/install/aruco_msgs/include/aruco_msgs/aruco_msgs/msg/detail/marker_array__rosidl_typesupport_fastrtps_c.h
[6.021s] -- Up-to-date symlink: /home/wheeltec/wheeltec_ros2/install/aruco_msgs/include/aruco_msgs/aruco_msgs/msg/rosidl_typesupport_fastrtps_c__visibility_control.h
[6.022s] -- Up-to-date symlink: /home/wheeltec/wheeltec_ros2/install/aruco_msgs/include/aruco_msgs/aruco_msgs/msg/detail/marker__builder.hpp
[6.022s] -- Up-to-date symlink: /home/wheeltec/wheeltec_ros2/install/aruco_msgs/include/aruco_msgs/aruco_msgs/msg/detail/marker__struct.hpp
[6.023s] -- Up-to-date symlink: /home/wheeltec/wheeltec_ros2/install/aruco_msgs/include/aruco_msgs/aruco_msgs/msg/detail/marker__traits.hpp
[6.024s] -- Up-to-date symlink: /home/wheeltec/wheeltec_ros2/install/aruco_msgs/include/aruco_msgs/aruco_msgs/msg/detail/marker__type_support.hpp
[6.027s] -- Up-to-date symlink: /home/wheeltec/wheeltec_ros2/install/aruco_msgs/include/aruco_msgs/aruco_msgs/msg/detail/marker_array__builder.hpp
[6.027s] -- Up-to-date symlink: /home/wheeltec/wheeltec_ros2/install/aruco_msgs/include/aruco_msgs/aruco_msgs/msg/detail/marker_array__struct.hpp
[6.028s] -- Up-to-date symlink: /home/wheeltec/wheeltec_ros2/install/aruco_msgs/include/aruco_msgs/aruco_msgs/msg/detail/marker_array__traits.hpp
[6.028s] -- Up-to-date symlink: /home/wheeltec/wheeltec_ros2/install/aruco_msgs/include/aruco_msgs/aruco_msgs/msg/detail/marker_array__type_support.hpp
[6.029s] -- Up-to-date symlink: /home/wheeltec/wheeltec_ros2/install/aruco_msgs/include/aruco_msgs/aruco_msgs/msg/marker.hpp
[6.029s] -- Up-to-date symlink: /home/wheeltec/wheeltec_ros2/install/aruco_msgs/include/aruco_msgs/aruco_msgs/msg/marker_array.hpp
[6.029s] -- Up-to-date symlink: /home/wheeltec/wheeltec_ros2/install/aruco_msgs/include/aruco_msgs/aruco_msgs/msg/rosidl_generator_cpp__visibility_control.hpp
[6.030s] -- Up-to-date symlink: /home/wheeltec/wheeltec_ros2/install/aruco_msgs/include/aruco_msgs/aruco_msgs/msg/detail/marker__rosidl_typesupport_fastrtps_cpp.hpp
[6.030s] -- Up-to-date symlink: /home/wheeltec/wheeltec_ros2/install/aruco_msgs/include/aruco_msgs/aruco_msgs/msg/detail/marker_array__rosidl_typesupport_fastrtps_cpp.hpp
[6.030s] -- Up-to-date symlink: /home/wheeltec/wheeltec_ros2/install/aruco_msgs/include/aruco_msgs/aruco_msgs/msg/rosidl_typesupport_fastrtps_cpp__visibility_control.h
[6.030s] -- Up-to-date symlink: /home/wheeltec/wheeltec_ros2/install/aruco_msgs/include/aruco_msgs/aruco_msgs/msg/detail/marker__rosidl_typesupport_introspection_c.h
[6.030s] -- Up-to-date symlink: /home/wheeltec/wheeltec_ros2/install/aruco_msgs/include/aruco_msgs/aruco_msgs/msg/detail/marker_array__rosidl_typesupport_introspection_c.h
[6.031s] -- Up-to-date symlink: /home/wheeltec/wheeltec_ros2/install/aruco_msgs/include/aruco_msgs/aruco_msgs/msg/rosidl_typesupport_introspection_c__visibility_control.h
[6.031s] -- Up-to-date symlink: /home/wheeltec/wheeltec_ros2/install/aruco_msgs/include/aruco_msgs/aruco_msgs/msg/detail/marker__rosidl_typesupport_introspection_cpp.hpp
[6.031s] -- Up-to-date symlink: /home/wheeltec/wheeltec_ros2/install/aruco_msgs/include/aruco_msgs/aruco_msgs/msg/detail/marker_array__rosidl_typesupport_introspection_cpp.hpp
[6.032s] -- Up-to-date symlink: /home/wheeltec/wheeltec_ros2/install/aruco_msgs/share/aruco_msgs/environment/pythonpath.sh
[6.032s] -- Up-to-date symlink: /home/wheeltec/wheeltec_ros2/install/aruco_msgs/share/aruco_msgs/environment/pythonpath.dsv
[6.033s] -- Up-to-date symlink: /home/wheeltec/wheeltec_ros2/install/aruco_msgs/local/lib/python3.10/dist-packages/aruco_msgs-5.0.5-py3.10.egg-info/PKG-INFO
[6.034s] -- Up-to-date symlink: /home/wheeltec/wheeltec_ros2/install/aruco_msgs/local/lib/python3.10/dist-packages/aruco_msgs-5.0.5-py3.10.egg-info/SOURCES.txt
[6.035s] -- Up-to-date symlink: /home/wheeltec/wheeltec_ros2/install/aruco_msgs/local/lib/python3.10/dist-packages/aruco_msgs-5.0.5-py3.10.egg-info/dependency_links.txt
[6.036s] -- Up-to-date symlink: /home/wheeltec/wheeltec_ros2/install/aruco_msgs/local/lib/python3.10/dist-packages/aruco_msgs-5.0.5-py3.10.egg-info/top_level.txt
[6.040s] -- Up-to-date symlink: /home/wheeltec/wheeltec_ros2/install/aruco_msgs/local/lib/python3.10/dist-packages/aruco_msgs/__init__.py
[6.040s] -- Up-to-date symlink: /home/wheeltec/wheeltec_ros2/install/aruco_msgs/local/lib/python3.10/dist-packages/aruco_msgs/_aruco_msgs_s.ep.rosidl_typesupport_c.c
[6.041s] -- Up-to-date symlink: /home/wheeltec/wheeltec_ros2/install/aruco_msgs/local/lib/python3.10/dist-packages/aruco_msgs/_aruco_msgs_s.ep.rosidl_typesupport_fastrtps_c.c
[6.042s] -- Up-to-date symlink: /home/wheeltec/wheeltec_ros2/install/aruco_msgs/local/lib/python3.10/dist-packages/aruco_msgs/_aruco_msgs_s.ep.rosidl_typesupport_introspection_c.c
[6.042s] -- Up-to-date symlink: /home/wheeltec/wheeltec_ros2/install/aruco_msgs/local/lib/python3.10/dist-packages/aruco_msgs/aruco_msgs_s__rosidl_typesupport_c.cpython-310-aarch64-linux-gnu.so
[6.043s] -- Up-to-date symlink: /home/wheeltec/wheeltec_ros2/install/aruco_msgs/local/lib/python3.10/dist-packages/aruco_msgs/aruco_msgs_s__rosidl_typesupport_fastrtps_c.cpython-310-aarch64-linux-gnu.so
[6.043s] -- Up-to-date symlink: /home/wheeltec/wheeltec_ros2/install/aruco_msgs/local/lib/python3.10/dist-packages/aruco_msgs/aruco_msgs_s__rosidl_typesupport_introspection_c.cpython-310-aarch64-linux-gnu.so
[6.044s] -- Up-to-date symlink: /home/wheeltec/wheeltec_ros2/install/aruco_msgs/local/lib/python3.10/dist-packages/aruco_msgs/libaruco_msgs__rosidl_generator_py.so
[6.045s] -- Up-to-date symlink: /home/wheeltec/wheeltec_ros2/install/aruco_msgs/local/lib/python3.10/dist-packages/aruco_msgs/msg/__init__.py
[6.045s] -- Up-to-date symlink: /home/wheeltec/wheeltec_ros2/install/aruco_msgs/local/lib/python3.10/dist-packages/aruco_msgs/msg/_marker.py
[6.046s] -- Up-to-date symlink: /home/wheeltec/wheeltec_ros2/install/aruco_msgs/local/lib/python3.10/dist-packages/aruco_msgs/msg/_marker_array.py
[6.047s] -- Up-to-date symlink: /home/wheeltec/wheeltec_ros2/install/aruco_msgs/local/lib/python3.10/dist-packages/aruco_msgs/msg/_marker_array_s.c
[6.047s] -- Up-to-date symlink: /home/wheeltec/wheeltec_ros2/install/aruco_msgs/local/lib/python3.10/dist-packages/aruco_msgs/msg/_marker_s.c
[6.049s] -- Up-to-date symlink: /home/wheeltec/wheeltec_ros2/install/aruco_msgs/local/lib/python3.10/dist-packages/aruco_msgs/aruco_msgs_s__rosidl_typesupport_fastrtps_c.cpython-310-aarch64-linux-gnu.so
[6.050s] -- Up-to-date symlink: /home/wheeltec/wheeltec_ros2/install/aruco_msgs/local/lib/python3.10/dist-packages/aruco_msgs/aruco_msgs_s__rosidl_typesupport_introspection_c.cpython-310-aarch64-linux-gnu.so
[6.051s] -- Up-to-date symlink: /home/wheeltec/wheeltec_ros2/install/aruco_msgs/local/lib/python3.10/dist-packages/aruco_msgs/aruco_msgs_s__rosidl_typesupport_c.cpython-310-aarch64-linux-gnu.so
[6.052s] -- Up-to-date symlink: /home/wheeltec/wheeltec_ros2/install/aruco_msgs/share/aruco_msgs/msg/Marker.idl
[6.053s] -- Up-to-date symlink: /home/wheeltec/wheeltec_ros2/install/aruco_msgs/share/aruco_msgs/msg/MarkerArray.idl
[6.054s] -- Up-to-date symlink: /home/wheeltec/wheeltec_ros2/install/aruco_msgs/share/aruco_msgs/msg/Marker.msg
[6.054s] -- Up-to-date symlink: /home/wheeltec/wheeltec_ros2/install/aruco_msgs/share/aruco_msgs/msg/MarkerArray.msg
[6.055s] -- Up-to-date symlink: /home/wheeltec/wheeltec_ros2/install/aruco_msgs/share/ament_index/resource_index/package_run_dependencies/aruco_msgs
[6.056s] -- Up-to-date symlink: /home/wheeltec/wheeltec_ros2/install/aruco_msgs/share/ament_index/resource_index/parent_prefix_path/aruco_msgs
[6.057s] -- Up-to-date symlink: /home/wheeltec/wheeltec_ros2/install/aruco_msgs/share/aruco_msgs/environment/ament_prefix_path.sh
[6.057s] -- Up-to-date symlink: /home/wheeltec/wheeltec_ros2/install/aruco_msgs/share/aruco_msgs/environment/ament_prefix_path.dsv
[6.058s] -- Up-to-date symlink: /home/wheeltec/wheeltec_ros2/install/aruco_msgs/share/aruco_msgs/environment/path.sh
[6.058s] -- Up-to-date symlink: /home/wheeltec/wheeltec_ros2/install/aruco_msgs/share/aruco_msgs/environment/path.dsv
[6.059s] -- Up-to-date symlink: /home/wheeltec/wheeltec_ros2/install/aruco_msgs/share/aruco_msgs/local_setup.bash
[6.060s] -- Up-to-date symlink: /home/wheeltec/wheeltec_ros2/install/aruco_msgs/share/aruco_msgs/local_setup.sh
[6.060s] -- Up-to-date symlink: /home/wheeltec/wheeltec_ros2/install/aruco_msgs/share/aruco_msgs/local_setup.zsh
[6.061s] -- Up-to-date symlink: /home/wheeltec/wheeltec_ros2/install/aruco_msgs/share/aruco_msgs/local_setup.dsv
[6.062s] -- Symlinking: /home/wheeltec/wheeltec_ros2/install/aruco_msgs/share/aruco_msgs/package.dsv
[6.180s] -- Up-to-date symlink: /home/wheeltec/wheeltec_ros2/install/aruco_msgs/share/ament_index/resource_index/packages/aruco_msgs
[6.181s] -- Up-to-date symlink: /home/wheeltec/wheeltec_ros2/install/aruco_msgs/share/aruco_msgs/cmake/rosidl_cmake-extras.cmake
[6.181s] -- Up-to-date symlink: /home/wheeltec/wheeltec_ros2/install/aruco_msgs/share/aruco_msgs/cmake/ament_cmake_export_dependencies-extras.cmake
[6.182s] -- Up-to-date symlink: /home/wheeltec/wheeltec_ros2/install/aruco_msgs/share/aruco_msgs/cmake/ament_cmake_export_include_directories-extras.cmake
[6.182s] -- Up-to-date symlink: /home/wheeltec/wheeltec_ros2/install/aruco_msgs/share/aruco_msgs/cmake/ament_cmake_export_libraries-extras.cmake
[6.182s] -- Up-to-date symlink: /home/wheeltec/wheeltec_ros2/install/aruco_msgs/share/aruco_msgs/cmake/ament_cmake_export_targets-extras.cmake
[6.183s] -- Up-to-date symlink: /home/wheeltec/wheeltec_ros2/install/aruco_msgs/share/aruco_msgs/cmake/rosidl_cmake_export_typesupport_targets-extras.cmake
[6.183s] -- Up-to-date symlink: /home/wheeltec/wheeltec_ros2/install/aruco_msgs/share/aruco_msgs/cmake/rosidl_cmake_export_typesupport_libraries-extras.cmake
[6.186s] -- Up-to-date symlink: /home/wheeltec/wheeltec_ros2/install/aruco_msgs/share/aruco_msgs/cmake/aruco_msgsConfig.cmake
[6.186s] -- Up-to-date symlink: /home/wheeltec/wheeltec_ros2/install/aruco_msgs/share/aruco_msgs/cmake/aruco_msgsConfig-version.cmake
[6.186s] -- Up-to-date symlink: /home/wheeltec/wheeltec_ros2/install/aruco_msgs/share/aruco_msgs/package.xml
[6.186s] -- Up-to-date: /home/wheeltec/wheeltec_ros2/install/aruco_msgs/lib/libaruco_msgs__rosidl_generator_c.so
[6.186s] -- Up-to-date: /home/wheeltec/wheeltec_ros2/install/aruco_msgs/lib/libaruco_msgs__rosidl_typesupport_fastrtps_c.so
[6.187s] -- Up-to-date: /home/wheeltec/wheeltec_ros2/install/aruco_msgs/lib/libaruco_msgs__rosidl_typesupport_fastrtps_cpp.so
[6.188s] -- Up-to-date: /home/wheeltec/wheeltec_ros2/install/aruco_msgs/lib/libaruco_msgs__rosidl_typesupport_introspection_c.so
[6.189s] -- Up-to-date: /home/wheeltec/wheeltec_ros2/install/aruco_msgs/lib/libaruco_msgs__rosidl_typesupport_c.so
[6.190s] -- Up-to-date: /home/wheeltec/wheeltec_ros2/install/aruco_msgs/lib/libaruco_msgs__rosidl_typesupport_introspection_cpp.so
[6.191s] -- Up-to-date: /home/wheeltec/wheeltec_ros2/install/aruco_msgs/lib/libaruco_msgs__rosidl_typesupport_cpp.so
[6.363s] Listing '/home/wheeltec/wheeltec_ros2/install/aruco_msgs/local/lib/python3.10/dist-packages/aruco_msgs'...
[6.363s] Listing '/home/wheeltec/wheeltec_ros2/install/aruco_msgs/local/lib/python3.10/dist-packages/aruco_msgs/msg'...
[6.376s] -- Up-to-date: /home/wheeltec/wheeltec_ros2/install/aruco_msgs/lib/libaruco_msgs__rosidl_generator_py.so
[6.378s] -- Up-to-date: /home/wheeltec/wheeltec_ros2/install/aruco_msgs/share/aruco_msgs/cmake/export_aruco_msgs__rosidl_generator_cExport.cmake
[6.378s] -- Up-to-date: /home/wheeltec/wheeltec_ros2/install/aruco_msgs/share/aruco_msgs/cmake/export_aruco_msgs__rosidl_generator_cExport-noconfig.cmake
[6.379s] -- Up-to-date: /home/wheeltec/wheeltec_ros2/install/aruco_msgs/share/aruco_msgs/cmake/export_aruco_msgs__rosidl_typesupport_fastrtps_cExport.cmake
[6.380s] -- Up-to-date: /home/wheeltec/wheeltec_ros2/install/aruco_msgs/share/aruco_msgs/cmake/export_aruco_msgs__rosidl_typesupport_fastrtps_cExport-noconfig.cmake
[6.380s] -- Up-to-date: /home/wheeltec/wheeltec_ros2/install/aruco_msgs/share/aruco_msgs/cmake/export_aruco_msgs__rosidl_generator_cppExport.cmake
[6.380s] -- Up-to-date: /home/wheeltec/wheeltec_ros2/install/aruco_msgs/share/aruco_msgs/cmake/export_aruco_msgs__rosidl_typesupport_fastrtps_cppExport.cmake
[6.381s] -- Up-to-date: /home/wheeltec/wheeltec_ros2/install/aruco_msgs/share/aruco_msgs/cmake/export_aruco_msgs__rosidl_typesupport_fastrtps_cppExport-noconfig.cmake
[6.381s] -- Up-to-date: /home/wheeltec/wheeltec_ros2/install/aruco_msgs/share/aruco_msgs/cmake/aruco_msgs__rosidl_typesupport_introspection_cExport.cmake
[6.381s] -- Up-to-date: /home/wheeltec/wheeltec_ros2/install/aruco_msgs/share/aruco_msgs/cmake/aruco_msgs__rosidl_typesupport_introspection_cExport-noconfig.cmake
[6.381s] -- Up-to-date: /home/wheeltec/wheeltec_ros2/install/aruco_msgs/share/aruco_msgs/cmake/aruco_msgs__rosidl_typesupport_cExport.cmake
[6.381s] -- Up-to-date: /home/wheeltec/wheeltec_ros2/install/aruco_msgs/share/aruco_msgs/cmake/aruco_msgs__rosidl_typesupport_cExport-noconfig.cmake
[6.382s] -- Up-to-date: /home/wheeltec/wheeltec_ros2/install/aruco_msgs/share/aruco_msgs/cmake/aruco_msgs__rosidl_typesupport_introspection_cppExport.cmake
[6.382s] -- Up-to-date: /home/wheeltec/wheeltec_ros2/install/aruco_msgs/share/aruco_msgs/cmake/aruco_msgs__rosidl_typesupport_introspection_cppExport-noconfig.cmake
[6.382s] -- Up-to-date: /home/wheeltec/wheeltec_ros2/install/aruco_msgs/share/aruco_msgs/cmake/aruco_msgs__rosidl_typesupport_cppExport.cmake
[6.382s] -- Up-to-date: /home/wheeltec/wheeltec_ros2/install/aruco_msgs/share/aruco_msgs/cmake/aruco_msgs__rosidl_typesupport_cppExport-noconfig.cmake
[6.383s] -- Up-to-date: /home/wheeltec/wheeltec_ros2/install/aruco_msgs/share/aruco_msgs/cmake/export_aruco_msgs__rosidl_generator_pyExport.cmake
[6.383s] -- Up-to-date: /home/wheeltec/wheeltec_ros2/install/aruco_msgs/share/aruco_msgs/cmake/export_aruco_msgs__rosidl_generator_pyExport-noconfig.cmake
[6.495s] Invoked command in '/home/wheeltec/wheeltec_ros2/build/aruco_msgs' returned '0': CMAKE_PREFIX_PATH=${CMAKE_PREFIX_PATH}:/home/wheeltec/wheeltec_ros2/install/simple_follower_ros2:/home/wheeltec/wheeltec_ros2/install/wheeltec_robot_keyboard:/home/wheeltec/wheeltec_ros2/install/wheeltec_dual_rtk_driver:/home/wheeltec/wheeltec_ros2/install/ultralytics_ros2:/home/wheeltec/wheeltec_ros2/install/tf2_tools:/home/wheeltec/wheeltec_ros2/install/ollama_ros_chat:/home/wheeltec/wheeltec_ros2/install/nmea_navsat_driver:/home/wheeltec/wheeltec_ros2/install/nav2_waypoint_cycle:/home/wheeltec/wheeltec_ros2/install/nav2_simple_commander:/home/wheeltec/wheeltec_ros2/install/largemodel:/home/wheeltec/wheeltec_ros2/install/auto_recharge_ros2:/home/wheeltec/autoware/install/autoware_wheeltec_interface:/home/wheeltec/autoware/install/ad_api_visualizers:/opt/ros/humble /usr/bin/cmake --install /home/wheeltec/wheeltec_ros2/build/aruco_msgs
