[0.212s] Invoking command in '/home/wheeltec/wheeltec_ros2/build/nmea_msgs': CMAKE_PREFIX_PATH=${CMAKE_PREFIX_PATH}:/home/wheeltec/autoware/install/autoware_wheeltec_interface:/home/wheeltec/autoware/install/ad_api_visualizers:/opt/ros/humble /usr/bin/cmake /home/wheeltec/wheeltec_ros2/src/wheeltec_gps/nmea_msgs -DAMENT_CMAKE_SYMLINK_INSTALL=1 -DCMAKE_INSTALL_PREFIX=/home/wheeltec/wheeltec_ros2/install/nmea_msgs
[0.635s] -- The C compiler identification is GNU 11.4.0
[0.864s] -- The CXX compiler identification is GNU 11.4.0
[0.886s] -- Detecting C compiler ABI info
[1.295s] -- Detecting C compiler ABI info - done
[1.304s] -- Check for working C compiler: /usr/bin/cc - skipped
[1.305s] -- Detecting C compile features
[1.306s] -- Detecting C compile features - done
[1.312s] -- Detecting CXX compiler ABI info
[1.774s] -- Detecting CXX compiler ABI info - done
[1.785s] -- Check for working CXX compiler: /usr/bin/c++ - skipped
[1.786s] -- Detecting CXX compile features
[1.788s] -- Detecting CXX compile features - done
[1.844s] -- Found ament_cmake: 1.3.7 (/home/wheeltec/autoware/install/ament_cmake/share/ament_cmake/cmake)
[2.756s] -- Found Python3: /usr/bin/python3.10 (found version "3.10.12") found components: Interpreter 
[2.992s] -- Override CMake install command with custom implementation using symlinks instead of copying resources
[3.818s] -- Found rosidl_default_generators: 1.2.0 (/opt/ros/humble/share/rosidl_default_generators/cmake)
[4.080s] -- Using all available rosidl_typesupport_c: rosidl_typesupport_fastrtps_c;rosidl_typesupport_introspection_c
[4.243s] -- Found rosidl_adapter: 3.1.6 (/opt/ros/humble/share/rosidl_adapter/cmake)
[4.824s] -- Using all available rosidl_typesupport_cpp: rosidl_typesupport_fastrtps_cpp;rosidl_typesupport_introspection_cpp
[5.229s] -- Found std_msgs: 4.2.4 (/opt/ros/humble/share/std_msgs/cmake)
[6.464s] -- Found ament_cmake_ros: 0.10.0 (/opt/ros/humble/share/ament_cmake_ros/cmake)
[7.648s] -- Using all available rosidl_typesupport_c: rosidl_typesupport_fastrtps_c;rosidl_typesupport_introspection_c
[8.575s] -- Using all available rosidl_typesupport_cpp: rosidl_typesupport_fastrtps_cpp;rosidl_typesupport_introspection_cpp
[8.707s] -- Found PythonInterp: /usr/bin/python3 (found suitable version "3.10.12", minimum required is "3.6") 
[8.800s] -- Found python_cmake_module: 0.10.0 (/opt/ros/humble/share/python_cmake_module/cmake)
[8.961s] -- Found PythonLibs: /usr/lib/aarch64-linux-gnu/libpython3.10.so (found suitable version "3.10.12", minimum required is "3.5") 
[8.961s] -- Using PYTHON_EXECUTABLE: /usr/bin/python3
[8.961s] -- Using PYTHON_INCLUDE_DIRS: /usr/include/python3.10
[8.961s] -- Using PYTHON_LIBRARIES: /usr/lib/aarch64-linux-gnu/libpython3.10.so
[9.038s] -- Found PythonExtra: .so  
[10.137s] -- Configuring done
[10.203s] -- Generating done
[10.221s] -- Build files have been written to: /home/wheeltec/wheeltec_ros2/build/nmea_msgs
[10.331s] Invoked command in '/home/wheeltec/wheeltec_ros2/build/nmea_msgs' returned '0': CMAKE_PREFIX_PATH=${CMAKE_PREFIX_PATH}:/home/wheeltec/autoware/install/autoware_wheeltec_interface:/home/wheeltec/autoware/install/ad_api_visualizers:/opt/ros/humble /usr/bin/cmake /home/wheeltec/wheeltec_ros2/src/wheeltec_gps/nmea_msgs -DAMENT_CMAKE_SYMLINK_INSTALL=1 -DCMAKE_INSTALL_PREFIX=/home/wheeltec/wheeltec_ros2/install/nmea_msgs
[10.346s] Invoking command in '/home/wheeltec/wheeltec_ros2/build/nmea_msgs': CMAKE_PREFIX_PATH=${CMAKE_PREFIX_PATH}:/home/wheeltec/autoware/install/autoware_wheeltec_interface:/home/wheeltec/autoware/install/ad_api_visualizers:/opt/ros/humble /usr/bin/cmake --build /home/wheeltec/wheeltec_ros2/build/nmea_msgs -- -j6 -l6
[10.668s] [  1%] [34m[1mGenerating C code for ROS interfaces[0m
[10.821s] [  2%] [34m[1mGenerating C++ code for ROS interfaces[0m
[10.856s] [  2%] Built target ament_cmake_python_symlink_nmea_msgs
[12.367s] running egg_info
[12.369s] creating nmea_msgs.egg-info
[12.372s] writing nmea_msgs.egg-info/PKG-INFO
[12.374s] writing dependency_links to nmea_msgs.egg-info/dependency_links.txt
[12.375s] writing top-level names to nmea_msgs.egg-info/top_level.txt
[12.399s] writing manifest file 'nmea_msgs.egg-info/SOURCES.txt'
[12.409s] reading manifest file 'nmea_msgs.egg-info/SOURCES.txt'
[12.413s] writing manifest file 'nmea_msgs.egg-info/SOURCES.txt'
[12.888s] [  2%] Built target ament_cmake_python_build_nmea_msgs_egg
[16.154s] [  2%] Built target nmea_msgs__cpp
[16.448s] [  3%] [34m[1mGenerating C++ type support dispatch for ROS interfaces[0m
[16.993s] [  5%] [34m[1mGenerating C++ introspection for ROS interfaces[0m
[17.046s] [  6%] [34m[1mGenerating C++ type support for eProsima Fast-RTPS[0m
[17.454s] [  8%] [32mBuilding C object CMakeFiles/nmea_msgs__rosidl_generator_c.dir/rosidl_generator_c/nmea_msgs/msg/detail/gpgga__functions.c.o[0m
[17.464s] [  8%] [32mBuilding C object CMakeFiles/nmea_msgs__rosidl_generator_c.dir/rosidl_generator_c/nmea_msgs/msg/detail/sentence__functions.c.o[0m
[17.549s] [ 10%] [32mBuilding C object CMakeFiles/nmea_msgs__rosidl_generator_c.dir/rosidl_generator_c/nmea_msgs/msg/detail/gpgsa__functions.c.o[0m
[18.199s] [ 11%] [32mBuilding C object CMakeFiles/nmea_msgs__rosidl_generator_c.dir/rosidl_generator_c/nmea_msgs/msg/detail/gpgst__functions.c.o[0m
[18.208s] [ 12%] [32mBuilding C object CMakeFiles/nmea_msgs__rosidl_generator_c.dir/rosidl_generator_c/nmea_msgs/msg/detail/gpgsv__functions.c.o[0m
[18.349s] [ 13%] [32mBuilding C object CMakeFiles/nmea_msgs__rosidl_generator_c.dir/rosidl_generator_c/nmea_msgs/msg/detail/gpgsv_satellite__functions.c.o[0m
[18.829s] [ 15%] [32mBuilding C object CMakeFiles/nmea_msgs__rosidl_generator_c.dir/rosidl_generator_c/nmea_msgs/msg/detail/gprmc__functions.c.o[0m
[19.481s] [ 16%] [32m[1mLinking C shared library libnmea_msgs__rosidl_generator_c.so[0m
[20.217s] [ 16%] Built target nmea_msgs__rosidl_generator_c
[20.592s] [ 17%] [34m[1mGenerating C type support for eProsima Fast-RTPS[0m
[20.863s] [ 18%] [34m[1mGenerating C introspection for ROS interfaces[0m
[20.916s] [ 20%] [34m[1mGenerating C type support dispatch for ROS interfaces[0m
[21.278s] [ 21%] [32mBuilding CXX object CMakeFiles/nmea_msgs__rosidl_typesupport_cpp.dir/rosidl_typesupport_cpp/nmea_msgs/msg/sentence__type_support.cpp.o[0m
[22.953s] [ 22%] [32mBuilding CXX object CMakeFiles/nmea_msgs__rosidl_typesupport_cpp.dir/rosidl_typesupport_cpp/nmea_msgs/msg/gpgga__type_support.cpp.o[0m
[24.518s] [ 24%] [32mBuilding CXX object CMakeFiles/nmea_msgs__rosidl_typesupport_introspection_cpp.dir/rosidl_typesupport_introspection_cpp/nmea_msgs/msg/detail/sentence__type_support.cpp.o[0m
[24.837s] [ 25%] [32mBuilding CXX object CMakeFiles/nmea_msgs__rosidl_typesupport_cpp.dir/rosidl_typesupport_cpp/nmea_msgs/msg/gpgsa__type_support.cpp.o[0m
[25.149s] [ 26%] [32mBuilding CXX object CMakeFiles/nmea_msgs__rosidl_typesupport_fastrtps_cpp.dir/rosidl_typesupport_fastrtps_cpp/nmea_msgs/msg/detail/dds_fastrtps/sentence__type_support.cpp.o[0m
[26.496s] [ 27%] [32mBuilding CXX object CMakeFiles/nmea_msgs__rosidl_typesupport_c.dir/rosidl_typesupport_c/nmea_msgs/msg/sentence__type_support.cpp.o[0m
[26.919s] [ 29%] [32mBuilding CXX object CMakeFiles/nmea_msgs__rosidl_typesupport_cpp.dir/rosidl_typesupport_cpp/nmea_msgs/msg/gpgst__type_support.cpp.o[0m
[26.965s] [ 30%] [32mBuilding CXX object CMakeFiles/nmea_msgs__rosidl_typesupport_c.dir/rosidl_typesupport_c/nmea_msgs/msg/gpgga__type_support.cpp.o[0m
[26.987s] [ 31%] [32mBuilding CXX object CMakeFiles/nmea_msgs__rosidl_typesupport_introspection_cpp.dir/rosidl_typesupport_introspection_cpp/nmea_msgs/msg/detail/gpgga__type_support.cpp.o[0m
[27.472s] [ 32%] [32mBuilding CXX object CMakeFiles/nmea_msgs__rosidl_typesupport_c.dir/rosidl_typesupport_c/nmea_msgs/msg/gpgsa__type_support.cpp.o[0m
[28.024s] [ 34%] [32mBuilding CXX object CMakeFiles/nmea_msgs__rosidl_typesupport_fastrtps_cpp.dir/rosidl_typesupport_fastrtps_cpp/nmea_msgs/msg/detail/dds_fastrtps/gpgga__type_support.cpp.o[0m
[28.029s] [ 35%] [32mBuilding CXX object CMakeFiles/nmea_msgs__rosidl_typesupport_c.dir/rosidl_typesupport_c/nmea_msgs/msg/gpgst__type_support.cpp.o[0m
[28.376s] [ 36%] [32mBuilding CXX object CMakeFiles/nmea_msgs__rosidl_typesupport_fastrtps_c.dir/rosidl_typesupport_fastrtps_c/nmea_msgs/msg/detail/sentence__type_support_c.cpp.o[0m
[28.605s] [ 37%] [32mBuilding CXX object CMakeFiles/nmea_msgs__rosidl_typesupport_c.dir/rosidl_typesupport_c/nmea_msgs/msg/gpgsv__type_support.cpp.o[0m
[28.850s] [ 39%] [32mBuilding CXX object CMakeFiles/nmea_msgs__rosidl_typesupport_cpp.dir/rosidl_typesupport_cpp/nmea_msgs/msg/gpgsv__type_support.cpp.o[0m
[28.978s] [ 40%] [32mBuilding C object CMakeFiles/nmea_msgs__rosidl_typesupport_introspection_c.dir/rosidl_typesupport_introspection_c/nmea_msgs/msg/detail/sentence__type_support.c.o[0m
[29.129s] [ 41%] [32mBuilding CXX object CMakeFiles/nmea_msgs__rosidl_typesupport_c.dir/rosidl_typesupport_c/nmea_msgs/msg/gpgsv_satellite__type_support.cpp.o[0m
[29.454s] [ 43%] [32mBuilding C object CMakeFiles/nmea_msgs__rosidl_typesupport_introspection_c.dir/rosidl_typesupport_introspection_c/nmea_msgs/msg/detail/gpgga__type_support.c.o[0m
[29.599s] [ 44%] [32mBuilding CXX object CMakeFiles/nmea_msgs__rosidl_typesupport_c.dir/rosidl_typesupport_c/nmea_msgs/msg/gprmc__type_support.cpp.o[0m
[29.748s] [ 45%] [32mBuilding CXX object CMakeFiles/nmea_msgs__rosidl_typesupport_introspection_cpp.dir/rosidl_typesupport_introspection_cpp/nmea_msgs/msg/detail/gpgsa__type_support.cpp.o[0m
[29.904s] [ 46%] [32mBuilding C object CMakeFiles/nmea_msgs__rosidl_typesupport_introspection_c.dir/rosidl_typesupport_introspection_c/nmea_msgs/msg/detail/gpgsa__type_support.c.o[0m
[29.996s] [ 48%] [32m[1mLinking CXX shared library libnmea_msgs__rosidl_typesupport_c.so[0m
[30.312s] [ 49%] [32mBuilding CXX object CMakeFiles/nmea_msgs__rosidl_typesupport_fastrtps_cpp.dir/rosidl_typesupport_fastrtps_cpp/nmea_msgs/msg/detail/dds_fastrtps/gpgsa__type_support.cpp.o[0m
[30.330s] [ 50%] [32mBuilding CXX object CMakeFiles/nmea_msgs__rosidl_typesupport_fastrtps_c.dir/rosidl_typesupport_fastrtps_c/nmea_msgs/msg/detail/gpgga__type_support_c.cpp.o[0m
[30.344s] [ 51%] [32mBuilding C object CMakeFiles/nmea_msgs__rosidl_typesupport_introspection_c.dir/rosidl_typesupport_introspection_c/nmea_msgs/msg/detail/gpgst__type_support.c.o[0m
[30.381s] [ 53%] [32mBuilding CXX object CMakeFiles/nmea_msgs__rosidl_typesupport_cpp.dir/rosidl_typesupport_cpp/nmea_msgs/msg/gpgsv_satellite__type_support.cpp.o[0m
[30.505s] [ 53%] Built target nmea_msgs__rosidl_typesupport_c
[30.690s] [ 54%] [32mBuilding C object CMakeFiles/nmea_msgs__rosidl_typesupport_introspection_c.dir/rosidl_typesupport_introspection_c/nmea_msgs/msg/detail/gpgsv__type_support.c.o[0m
[31.045s] [ 55%] [32mBuilding C object CMakeFiles/nmea_msgs__rosidl_typesupport_introspection_c.dir/rosidl_typesupport_introspection_c/nmea_msgs/msg/detail/gpgsv_satellite__type_support.c.o[0m
[31.326s] [ 56%] [32mBuilding C object CMakeFiles/nmea_msgs__rosidl_typesupport_introspection_c.dir/rosidl_typesupport_introspection_c/nmea_msgs/msg/detail/gprmc__type_support.c.o[0m
[31.550s] [ 58%] [32mBuilding CXX object CMakeFiles/nmea_msgs__rosidl_typesupport_cpp.dir/rosidl_typesupport_cpp/nmea_msgs/msg/gprmc__type_support.cpp.o[0m
[31.671s] [ 59%] [32m[1mLinking C shared library libnmea_msgs__rosidl_typesupport_introspection_c.so[0m
[31.926s] [ 60%] [32mBuilding CXX object CMakeFiles/nmea_msgs__rosidl_typesupport_introspection_cpp.dir/rosidl_typesupport_introspection_cpp/nmea_msgs/msg/detail/gpgst__type_support.cpp.o[0m
[32.125s] [ 62%] [32mBuilding CXX object CMakeFiles/nmea_msgs__rosidl_typesupport_fastrtps_c.dir/rosidl_typesupport_fastrtps_c/nmea_msgs/msg/detail/gpgsa__type_support_c.cpp.o[0m
[32.170s] [ 62%] Built target nmea_msgs__rosidl_typesupport_introspection_c
[32.421s] [ 63%] [32mBuilding CXX object CMakeFiles/nmea_msgs__rosidl_typesupport_fastrtps_cpp.dir/rosidl_typesupport_fastrtps_cpp/nmea_msgs/msg/detail/dds_fastrtps/gpgst__type_support.cpp.o[0m
[32.778s] [ 64%] [32m[1mLinking CXX shared library libnmea_msgs__rosidl_typesupport_cpp.so[0m
[33.195s] [ 65%] [32mBuilding CXX object CMakeFiles/nmea_msgs__rosidl_typesupport_introspection_cpp.dir/rosidl_typesupport_introspection_cpp/nmea_msgs/msg/detail/gpgsv__type_support.cpp.o[0m
[33.218s] [ 65%] Built target nmea_msgs__rosidl_typesupport_cpp
[33.500s] [ 67%] [32mBuilding CXX object CMakeFiles/nmea_msgs__rosidl_typesupport_fastrtps_c.dir/rosidl_typesupport_fastrtps_c/nmea_msgs/msg/detail/gpgsv__type_support_c.cpp.o[0m
[33.781s] [ 68%] [32mBuilding CXX object CMakeFiles/nmea_msgs__rosidl_typesupport_fastrtps_cpp.dir/rosidl_typesupport_fastrtps_cpp/nmea_msgs/msg/detail/dds_fastrtps/gpgsv__type_support.cpp.o[0m
[34.520s] [ 69%] [32mBuilding CXX object CMakeFiles/nmea_msgs__rosidl_typesupport_fastrtps_c.dir/rosidl_typesupport_fastrtps_c/nmea_msgs/msg/detail/gpgsv_satellite__type_support_c.cpp.o[0m
[34.684s] [ 70%] [32mBuilding CXX object CMakeFiles/nmea_msgs__rosidl_typesupport_introspection_cpp.dir/rosidl_typesupport_introspection_cpp/nmea_msgs/msg/detail/gprmc__type_support.cpp.o[0m
[34.951s] [ 72%] [32mBuilding CXX object CMakeFiles/nmea_msgs__rosidl_typesupport_fastrtps_cpp.dir/rosidl_typesupport_fastrtps_cpp/nmea_msgs/msg/detail/dds_fastrtps/gpgsv_satellite__type_support.cpp.o[0m
[35.513s] [ 73%] [32mBuilding CXX object CMakeFiles/nmea_msgs__rosidl_typesupport_fastrtps_c.dir/rosidl_typesupport_fastrtps_c/nmea_msgs/msg/detail/gprmc__type_support_c.cpp.o[0m
[35.994s] [ 74%] [32mBuilding CXX object CMakeFiles/nmea_msgs__rosidl_typesupport_introspection_cpp.dir/rosidl_typesupport_introspection_cpp/nmea_msgs/msg/detail/gpgsv_satellite__type_support.cpp.o[0m
[36.138s] [ 75%] [32mBuilding CXX object CMakeFiles/nmea_msgs__rosidl_typesupport_fastrtps_cpp.dir/rosidl_typesupport_fastrtps_cpp/nmea_msgs/msg/detail/dds_fastrtps/gprmc__type_support.cpp.o[0m
[36.465s] [ 77%] [32mBuilding CXX object CMakeFiles/nmea_msgs__rosidl_typesupport_fastrtps_c.dir/rosidl_typesupport_fastrtps_c/nmea_msgs/msg/detail/gpgst__type_support_c.cpp.o[0m
[37.202s] [ 78%] [32m[1mLinking CXX shared library libnmea_msgs__rosidl_typesupport_introspection_cpp.so[0m
[37.275s] [ 79%] [32m[1mLinking CXX shared library libnmea_msgs__rosidl_typesupport_fastrtps_cpp.so[0m
[37.457s] [ 81%] [32m[1mLinking CXX shared library libnmea_msgs__rosidl_typesupport_fastrtps_c.so[0m
[37.652s] [ 81%] Built target nmea_msgs__rosidl_typesupport_introspection_cpp
[37.679s] [ 81%] Built target nmea_msgs__rosidl_typesupport_fastrtps_cpp
[37.883s] [ 81%] Built target nmea_msgs__rosidl_typesupport_fastrtps_c
[38.093s] [ 81%] Built target nmea_msgs
[38.281s] [ 82%] [34m[1mGenerating Python code for ROS interfaces[0m
[41.881s] [ 82%] Built target nmea_msgs__py
[42.059s] [ 83%] [32mBuilding C object CMakeFiles/nmea_msgs__rosidl_generator_py.dir/rosidl_generator_py/nmea_msgs/msg/_sentence_s.c.o[0m
[42.368s] [ 84%] [32mBuilding C object CMakeFiles/nmea_msgs__rosidl_generator_py.dir/rosidl_generator_py/nmea_msgs/msg/_gpgsv_satellite_s.c.o[0m
[42.651s] [ 86%] [32mBuilding C object CMakeFiles/nmea_msgs__rosidl_generator_py.dir/rosidl_generator_py/nmea_msgs/msg/_gprmc_s.c.o[0m
[42.993s] [ 87%] [32mBuilding C object CMakeFiles/nmea_msgs__rosidl_generator_py.dir/rosidl_generator_py/nmea_msgs/msg/_gpgsv_s.c.o[0m
[43.293s] [ 88%] [32mBuilding C object CMakeFiles/nmea_msgs__rosidl_generator_py.dir/rosidl_generator_py/nmea_msgs/msg/_gpgst_s.c.o[0m
[43.562s] [ 89%] [32mBuilding C object CMakeFiles/nmea_msgs__rosidl_generator_py.dir/rosidl_generator_py/nmea_msgs/msg/_gpgsa_s.c.o[0m
[43.886s] [ 91%] [32mBuilding C object CMakeFiles/nmea_msgs__rosidl_generator_py.dir/rosidl_generator_py/nmea_msgs/msg/_gpgga_s.c.o[0m
[44.192s] [ 92%] [32m[1mLinking C shared library rosidl_generator_py/nmea_msgs/libnmea_msgs__rosidl_generator_py.so[0m
[44.409s] [ 92%] Built target nmea_msgs__rosidl_generator_py
[44.590s] [ 93%] [32mBuilding C object CMakeFiles/nmea_msgs__rosidl_typesupport_fastrtps_c__pyext.dir/rosidl_generator_py/nmea_msgs/_nmea_msgs_s.ep.rosidl_typesupport_fastrtps_c.c.o[0m
[44.926s] [ 94%] [32m[1mLinking C shared library rosidl_generator_py/nmea_msgs/nmea_msgs_s__rosidl_typesupport_fastrtps_c.cpython-310-aarch64-linux-gnu.so[0m
[45.130s] [ 94%] Built target nmea_msgs__rosidl_typesupport_fastrtps_c__pyext
[45.316s] [ 96%] [32mBuilding C object CMakeFiles/nmea_msgs__rosidl_typesupport_c__pyext.dir/rosidl_generator_py/nmea_msgs/_nmea_msgs_s.ep.rosidl_typesupport_c.c.o[0m
[45.609s] [ 97%] [32m[1mLinking C shared library rosidl_generator_py/nmea_msgs/nmea_msgs_s__rosidl_typesupport_c.cpython-310-aarch64-linux-gnu.so[0m
[45.841s] [ 97%] Built target nmea_msgs__rosidl_typesupport_c__pyext
[46.028s] [ 98%] [32mBuilding C object CMakeFiles/nmea_msgs__rosidl_typesupport_introspection_c__pyext.dir/rosidl_generator_py/nmea_msgs/_nmea_msgs_s.ep.rosidl_typesupport_introspection_c.c.o[0m
[46.367s] [100%] [32m[1mLinking C shared library rosidl_generator_py/nmea_msgs/nmea_msgs_s__rosidl_typesupport_introspection_c.cpython-310-aarch64-linux-gnu.so[0m
[46.630s] [100%] Built target nmea_msgs__rosidl_typesupport_introspection_c__pyext
[46.706s] Invoked command in '/home/wheeltec/wheeltec_ros2/build/nmea_msgs' returned '0': CMAKE_PREFIX_PATH=${CMAKE_PREFIX_PATH}:/home/wheeltec/autoware/install/autoware_wheeltec_interface:/home/wheeltec/autoware/install/ad_api_visualizers:/opt/ros/humble /usr/bin/cmake --build /home/wheeltec/wheeltec_ros2/build/nmea_msgs -- -j6 -l6
[46.707s] Invoking command in '/home/wheeltec/wheeltec_ros2/build/nmea_msgs': CMAKE_PREFIX_PATH=${CMAKE_PREFIX_PATH}:/home/wheeltec/autoware/install/autoware_wheeltec_interface:/home/wheeltec/autoware/install/ad_api_visualizers:/opt/ros/humble /usr/bin/cmake --install /home/wheeltec/wheeltec_ros2/build/nmea_msgs
[52.231s] -- Install configuration: ""
[52.231s] -- Execute custom install script
[52.231s] -- Symlinking: /home/wheeltec/wheeltec_ros2/install/nmea_msgs/share/ament_index/resource_index/rosidl_interfaces/nmea_msgs
[52.231s] -- Symlinking: /home/wheeltec/wheeltec_ros2/install/nmea_msgs/include/nmea_msgs/nmea_msgs/msg/detail/gpgga__functions.h
[52.231s] -- Symlinking: /home/wheeltec/wheeltec_ros2/install/nmea_msgs/include/nmea_msgs/nmea_msgs/msg/detail/gpgga__struct.h
[52.231s] -- Symlinking: /home/wheeltec/wheeltec_ros2/install/nmea_msgs/include/nmea_msgs/nmea_msgs/msg/detail/gpgga__type_support.h
[52.232s] -- Symlinking: /home/wheeltec/wheeltec_ros2/install/nmea_msgs/include/nmea_msgs/nmea_msgs/msg/detail/gpgsa__functions.h
[52.232s] -- Symlinking: /home/wheeltec/wheeltec_ros2/install/nmea_msgs/include/nmea_msgs/nmea_msgs/msg/detail/gpgsa__struct.h
[52.232s] -- Symlinking: /home/wheeltec/wheeltec_ros2/install/nmea_msgs/include/nmea_msgs/nmea_msgs/msg/detail/gpgsa__type_support.h
[52.232s] -- Symlinking: /home/wheeltec/wheeltec_ros2/install/nmea_msgs/include/nmea_msgs/nmea_msgs/msg/detail/gpgst__functions.h
[52.232s] -- Symlinking: /home/wheeltec/wheeltec_ros2/install/nmea_msgs/include/nmea_msgs/nmea_msgs/msg/detail/gpgst__struct.h
[52.232s] -- Symlinking: /home/wheeltec/wheeltec_ros2/install/nmea_msgs/include/nmea_msgs/nmea_msgs/msg/detail/gpgst__type_support.h
[52.232s] -- Symlinking: /home/wheeltec/wheeltec_ros2/install/nmea_msgs/include/nmea_msgs/nmea_msgs/msg/detail/gpgsv__functions.h
[52.232s] -- Symlinking: /home/wheeltec/wheeltec_ros2/install/nmea_msgs/include/nmea_msgs/nmea_msgs/msg/detail/gpgsv__struct.h
[52.232s] -- Symlinking: /home/wheeltec/wheeltec_ros2/install/nmea_msgs/include/nmea_msgs/nmea_msgs/msg/detail/gpgsv__type_support.h
[52.232s] -- Symlinking: /home/wheeltec/wheeltec_ros2/install/nmea_msgs/include/nmea_msgs/nmea_msgs/msg/detail/gpgsv_satellite__functions.h
[52.232s] -- Symlinking: /home/wheeltec/wheeltec_ros2/install/nmea_msgs/include/nmea_msgs/nmea_msgs/msg/detail/gpgsv_satellite__struct.h
[52.233s] -- Symlinking: /home/wheeltec/wheeltec_ros2/install/nmea_msgs/include/nmea_msgs/nmea_msgs/msg/detail/gpgsv_satellite__type_support.h
[52.233s] -- Symlinking: /home/wheeltec/wheeltec_ros2/install/nmea_msgs/include/nmea_msgs/nmea_msgs/msg/detail/gprmc__functions.h
[52.233s] -- Symlinking: /home/wheeltec/wheeltec_ros2/install/nmea_msgs/include/nmea_msgs/nmea_msgs/msg/detail/gprmc__struct.h
[52.233s] -- Symlinking: /home/wheeltec/wheeltec_ros2/install/nmea_msgs/include/nmea_msgs/nmea_msgs/msg/detail/gprmc__type_support.h
[52.233s] -- Symlinking: /home/wheeltec/wheeltec_ros2/install/nmea_msgs/include/nmea_msgs/nmea_msgs/msg/detail/sentence__functions.h
[52.233s] -- Symlinking: /home/wheeltec/wheeltec_ros2/install/nmea_msgs/include/nmea_msgs/nmea_msgs/msg/detail/sentence__struct.h
[52.233s] -- Symlinking: /home/wheeltec/wheeltec_ros2/install/nmea_msgs/include/nmea_msgs/nmea_msgs/msg/detail/sentence__type_support.h
[52.233s] -- Symlinking: /home/wheeltec/wheeltec_ros2/install/nmea_msgs/include/nmea_msgs/nmea_msgs/msg/gpgga.h
[52.233s] -- Symlinking: /home/wheeltec/wheeltec_ros2/install/nmea_msgs/include/nmea_msgs/nmea_msgs/msg/gpgsa.h
[52.233s] -- Symlinking: /home/wheeltec/wheeltec_ros2/install/nmea_msgs/include/nmea_msgs/nmea_msgs/msg/gpgst.h
[52.233s] -- Symlinking: /home/wheeltec/wheeltec_ros2/install/nmea_msgs/include/nmea_msgs/nmea_msgs/msg/gpgsv.h
[52.234s] -- Symlinking: /home/wheeltec/wheeltec_ros2/install/nmea_msgs/include/nmea_msgs/nmea_msgs/msg/gpgsv_satellite.h
[52.234s] -- Symlinking: /home/wheeltec/wheeltec_ros2/install/nmea_msgs/include/nmea_msgs/nmea_msgs/msg/gprmc.h
[52.234s] -- Symlinking: /home/wheeltec/wheeltec_ros2/install/nmea_msgs/include/nmea_msgs/nmea_msgs/msg/rosidl_generator_c__visibility_control.h
[52.234s] -- Symlinking: /home/wheeltec/wheeltec_ros2/install/nmea_msgs/include/nmea_msgs/nmea_msgs/msg/sentence.h
[52.234s] -- Symlinking: /home/wheeltec/wheeltec_ros2/install/nmea_msgs/share/nmea_msgs/environment/library_path.sh
[52.234s] -- Symlinking: /home/wheeltec/wheeltec_ros2/install/nmea_msgs/share/nmea_msgs/environment/library_path.dsv
[52.234s] -- Symlinking: /home/wheeltec/wheeltec_ros2/install/nmea_msgs/include/nmea_msgs/nmea_msgs/msg/detail/gpgga__rosidl_typesupport_fastrtps_c.h
[52.240s] -- Symlinking: /home/wheeltec/wheeltec_ros2/install/nmea_msgs/include/nmea_msgs/nmea_msgs/msg/detail/gpgsa__rosidl_typesupport_fastrtps_c.h
[52.240s] -- Symlinking: /home/wheeltec/wheeltec_ros2/install/nmea_msgs/include/nmea_msgs/nmea_msgs/msg/detail/gpgst__rosidl_typesupport_fastrtps_c.h
[52.240s] -- Symlinking: /home/wheeltec/wheeltec_ros2/install/nmea_msgs/include/nmea_msgs/nmea_msgs/msg/detail/gpgsv__rosidl_typesupport_fastrtps_c.h
[52.240s] -- Symlinking: /home/wheeltec/wheeltec_ros2/install/nmea_msgs/include/nmea_msgs/nmea_msgs/msg/detail/gpgsv_satellite__rosidl_typesupport_fastrtps_c.h
[52.240s] -- Symlinking: /home/wheeltec/wheeltec_ros2/install/nmea_msgs/include/nmea_msgs/nmea_msgs/msg/detail/gprmc__rosidl_typesupport_fastrtps_c.h
[52.241s] -- Symlinking: /home/wheeltec/wheeltec_ros2/install/nmea_msgs/include/nmea_msgs/nmea_msgs/msg/detail/sentence__rosidl_typesupport_fastrtps_c.h
[52.241s] -- Symlinking: /home/wheeltec/wheeltec_ros2/install/nmea_msgs/include/nmea_msgs/nmea_msgs/msg/rosidl_typesupport_fastrtps_c__visibility_control.h
[52.241s] -- Symlinking: /home/wheeltec/wheeltec_ros2/install/nmea_msgs/include/nmea_msgs/nmea_msgs/msg/detail/gpgga__rosidl_typesupport_introspection_c.h
[52.241s] -- Symlinking: /home/wheeltec/wheeltec_ros2/install/nmea_msgs/include/nmea_msgs/nmea_msgs/msg/detail/gpgsa__rosidl_typesupport_introspection_c.h
[52.241s] -- Symlinking: /home/wheeltec/wheeltec_ros2/install/nmea_msgs/include/nmea_msgs/nmea_msgs/msg/detail/gpgst__rosidl_typesupport_introspection_c.h
[52.241s] -- Symlinking: /home/wheeltec/wheeltec_ros2/install/nmea_msgs/include/nmea_msgs/nmea_msgs/msg/detail/gpgsv__rosidl_typesupport_introspection_c.h
[52.241s] -- Symlinking: /home/wheeltec/wheeltec_ros2/install/nmea_msgs/include/nmea_msgs/nmea_msgs/msg/detail/gpgsv_satellite__rosidl_typesupport_introspection_c.h
[52.241s] -- Symlinking: /home/wheeltec/wheeltec_ros2/install/nmea_msgs/include/nmea_msgs/nmea_msgs/msg/detail/gprmc__rosidl_typesupport_introspection_c.h
[52.241s] -- Symlinking: /home/wheeltec/wheeltec_ros2/install/nmea_msgs/include/nmea_msgs/nmea_msgs/msg/detail/sentence__rosidl_typesupport_introspection_c.h
[52.241s] -- Symlinking: /home/wheeltec/wheeltec_ros2/install/nmea_msgs/include/nmea_msgs/nmea_msgs/msg/rosidl_typesupport_introspection_c__visibility_control.h
[52.242s] -- Symlinking: /home/wheeltec/wheeltec_ros2/install/nmea_msgs/include/nmea_msgs/nmea_msgs/msg/detail/gpgga__builder.hpp
[52.242s] -- Symlinking: /home/wheeltec/wheeltec_ros2/install/nmea_msgs/include/nmea_msgs/nmea_msgs/msg/detail/gpgga__struct.hpp
[52.242s] -- Symlinking: /home/wheeltec/wheeltec_ros2/install/nmea_msgs/include/nmea_msgs/nmea_msgs/msg/detail/gpgga__traits.hpp
[52.242s] -- Symlinking: /home/wheeltec/wheeltec_ros2/install/nmea_msgs/include/nmea_msgs/nmea_msgs/msg/detail/gpgga__type_support.hpp
[52.242s] -- Symlinking: /home/wheeltec/wheeltec_ros2/install/nmea_msgs/include/nmea_msgs/nmea_msgs/msg/detail/gpgsa__builder.hpp
[52.242s] -- Symlinking: /home/wheeltec/wheeltec_ros2/install/nmea_msgs/include/nmea_msgs/nmea_msgs/msg/detail/gpgsa__struct.hpp
[52.242s] -- Symlinking: /home/wheeltec/wheeltec_ros2/install/nmea_msgs/include/nmea_msgs/nmea_msgs/msg/detail/gpgsa__traits.hpp
[52.242s] -- Symlinking: /home/wheeltec/wheeltec_ros2/install/nmea_msgs/include/nmea_msgs/nmea_msgs/msg/detail/gpgsa__type_support.hpp
[52.242s] -- Symlinking: /home/wheeltec/wheeltec_ros2/install/nmea_msgs/include/nmea_msgs/nmea_msgs/msg/detail/gpgst__builder.hpp
[52.242s] -- Symlinking: /home/wheeltec/wheeltec_ros2/install/nmea_msgs/include/nmea_msgs/nmea_msgs/msg/detail/gpgst__struct.hpp
[52.242s] -- Symlinking: /home/wheeltec/wheeltec_ros2/install/nmea_msgs/include/nmea_msgs/nmea_msgs/msg/detail/gpgst__traits.hpp
[52.243s] -- Symlinking: /home/wheeltec/wheeltec_ros2/install/nmea_msgs/include/nmea_msgs/nmea_msgs/msg/detail/gpgst__type_support.hpp
[52.243s] -- Symlinking: /home/wheeltec/wheeltec_ros2/install/nmea_msgs/include/nmea_msgs/nmea_msgs/msg/detail/gpgsv__builder.hpp
[52.243s] -- Symlinking: /home/wheeltec/wheeltec_ros2/install/nmea_msgs/include/nmea_msgs/nmea_msgs/msg/detail/gpgsv__struct.hpp
[52.243s] -- Symlinking: /home/wheeltec/wheeltec_ros2/install/nmea_msgs/include/nmea_msgs/nmea_msgs/msg/detail/gpgsv__traits.hpp
[52.243s] -- Symlinking: /home/wheeltec/wheeltec_ros2/install/nmea_msgs/include/nmea_msgs/nmea_msgs/msg/detail/gpgsv__type_support.hpp
[52.243s] -- Symlinking: /home/wheeltec/wheeltec_ros2/install/nmea_msgs/include/nmea_msgs/nmea_msgs/msg/detail/gpgsv_satellite__builder.hpp
[52.243s] -- Symlinking: /home/wheeltec/wheeltec_ros2/install/nmea_msgs/include/nmea_msgs/nmea_msgs/msg/detail/gpgsv_satellite__struct.hpp
[52.243s] -- Symlinking: /home/wheeltec/wheeltec_ros2/install/nmea_msgs/include/nmea_msgs/nmea_msgs/msg/detail/gpgsv_satellite__traits.hpp
[52.243s] -- Symlinking: /home/wheeltec/wheeltec_ros2/install/nmea_msgs/include/nmea_msgs/nmea_msgs/msg/detail/gpgsv_satellite__type_support.hpp
[52.243s] -- Symlinking: /home/wheeltec/wheeltec_ros2/install/nmea_msgs/include/nmea_msgs/nmea_msgs/msg/detail/gprmc__builder.hpp
[52.244s] -- Symlinking: /home/wheeltec/wheeltec_ros2/install/nmea_msgs/include/nmea_msgs/nmea_msgs/msg/detail/gprmc__struct.hpp
[52.244s] -- Symlinking: /home/wheeltec/wheeltec_ros2/install/nmea_msgs/include/nmea_msgs/nmea_msgs/msg/detail/gprmc__traits.hpp
[52.244s] -- Symlinking: /home/wheeltec/wheeltec_ros2/install/nmea_msgs/include/nmea_msgs/nmea_msgs/msg/detail/gprmc__type_support.hpp
[52.244s] -- Symlinking: /home/wheeltec/wheeltec_ros2/install/nmea_msgs/include/nmea_msgs/nmea_msgs/msg/detail/sentence__builder.hpp
[52.244s] -- Symlinking: /home/wheeltec/wheeltec_ros2/install/nmea_msgs/include/nmea_msgs/nmea_msgs/msg/detail/sentence__struct.hpp
[52.244s] -- Symlinking: /home/wheeltec/wheeltec_ros2/install/nmea_msgs/include/nmea_msgs/nmea_msgs/msg/detail/sentence__traits.hpp
[52.244s] -- Symlinking: /home/wheeltec/wheeltec_ros2/install/nmea_msgs/include/nmea_msgs/nmea_msgs/msg/detail/sentence__type_support.hpp
[52.244s] -- Symlinking: /home/wheeltec/wheeltec_ros2/install/nmea_msgs/include/nmea_msgs/nmea_msgs/msg/gpgga.hpp
[52.244s] -- Symlinking: /home/wheeltec/wheeltec_ros2/install/nmea_msgs/include/nmea_msgs/nmea_msgs/msg/gpgsa.hpp
[52.277s] -- Symlinking: /home/wheeltec/wheeltec_ros2/install/nmea_msgs/include/nmea_msgs/nmea_msgs/msg/gpgst.hpp
[52.348s] -- Symlinking: /home/wheeltec/wheeltec_ros2/install/nmea_msgs/include/nmea_msgs/nmea_msgs/msg/gpgsv.hpp
[52.412s] -- Symlinking: /home/wheeltec/wheeltec_ros2/install/nmea_msgs/include/nmea_msgs/nmea_msgs/msg/gpgsv_satellite.hpp
[52.481s] -- Symlinking: /home/wheeltec/wheeltec_ros2/install/nmea_msgs/include/nmea_msgs/nmea_msgs/msg/gprmc.hpp
[52.549s] -- Symlinking: /home/wheeltec/wheeltec_ros2/install/nmea_msgs/include/nmea_msgs/nmea_msgs/msg/rosidl_generator_cpp__visibility_control.hpp
[52.617s] -- Symlinking: /home/wheeltec/wheeltec_ros2/install/nmea_msgs/include/nmea_msgs/nmea_msgs/msg/sentence.hpp
[52.694s] -- Symlinking: /home/wheeltec/wheeltec_ros2/install/nmea_msgs/include/nmea_msgs/nmea_msgs/msg/detail/gpgga__rosidl_typesupport_fastrtps_cpp.hpp
[52.761s] -- Symlinking: /home/wheeltec/wheeltec_ros2/install/nmea_msgs/include/nmea_msgs/nmea_msgs/msg/detail/gpgsa__rosidl_typesupport_fastrtps_cpp.hpp
[52.829s] -- Symlinking: /home/wheeltec/wheeltec_ros2/install/nmea_msgs/include/nmea_msgs/nmea_msgs/msg/detail/gpgst__rosidl_typesupport_fastrtps_cpp.hpp
[52.895s] -- Symlinking: /home/wheeltec/wheeltec_ros2/install/nmea_msgs/include/nmea_msgs/nmea_msgs/msg/detail/gpgsv__rosidl_typesupport_fastrtps_cpp.hpp
[52.959s] -- Symlinking: /home/wheeltec/wheeltec_ros2/install/nmea_msgs/include/nmea_msgs/nmea_msgs/msg/detail/gpgsv_satellite__rosidl_typesupport_fastrtps_cpp.hpp
[53.023s] -- Symlinking: /home/wheeltec/wheeltec_ros2/install/nmea_msgs/include/nmea_msgs/nmea_msgs/msg/detail/gprmc__rosidl_typesupport_fastrtps_cpp.hpp
[53.091s] -- Symlinking: /home/wheeltec/wheeltec_ros2/install/nmea_msgs/include/nmea_msgs/nmea_msgs/msg/detail/sentence__rosidl_typesupport_fastrtps_cpp.hpp
[53.156s] -- Symlinking: /home/wheeltec/wheeltec_ros2/install/nmea_msgs/include/nmea_msgs/nmea_msgs/msg/rosidl_typesupport_fastrtps_cpp__visibility_control.h
[53.229s] -- Symlinking: /home/wheeltec/wheeltec_ros2/install/nmea_msgs/include/nmea_msgs/nmea_msgs/msg/detail/gpgga__rosidl_typesupport_introspection_cpp.hpp
[53.297s] -- Symlinking: /home/wheeltec/wheeltec_ros2/install/nmea_msgs/include/nmea_msgs/nmea_msgs/msg/detail/gpgsa__rosidl_typesupport_introspection_cpp.hpp
[53.375s] -- Symlinking: /home/wheeltec/wheeltec_ros2/install/nmea_msgs/include/nmea_msgs/nmea_msgs/msg/detail/gpgst__rosidl_typesupport_introspection_cpp.hpp
[53.444s] -- Symlinking: /home/wheeltec/wheeltec_ros2/install/nmea_msgs/include/nmea_msgs/nmea_msgs/msg/detail/gpgsv__rosidl_typesupport_introspection_cpp.hpp
[53.507s] -- Symlinking: /home/wheeltec/wheeltec_ros2/install/nmea_msgs/include/nmea_msgs/nmea_msgs/msg/detail/gpgsv_satellite__rosidl_typesupport_introspection_cpp.hpp
[53.563s] -- Symlinking: /home/wheeltec/wheeltec_ros2/install/nmea_msgs/include/nmea_msgs/nmea_msgs/msg/detail/gprmc__rosidl_typesupport_introspection_cpp.hpp
[53.622s] -- Symlinking: /home/wheeltec/wheeltec_ros2/install/nmea_msgs/include/nmea_msgs/nmea_msgs/msg/detail/sentence__rosidl_typesupport_introspection_cpp.hpp
[53.706s] -- Symlinking: /home/wheeltec/wheeltec_ros2/install/nmea_msgs/share/nmea_msgs/environment/pythonpath.sh
[53.782s] -- Symlinking: /home/wheeltec/wheeltec_ros2/install/nmea_msgs/share/nmea_msgs/environment/pythonpath.dsv
[53.851s] -- Symlinking: /home/wheeltec/wheeltec_ros2/install/nmea_msgs/local/lib/python3.10/dist-packages/nmea_msgs-2.0.0-py3.10.egg-info/PKG-INFO
[53.921s] -- Symlinking: /home/wheeltec/wheeltec_ros2/install/nmea_msgs/local/lib/python3.10/dist-packages/nmea_msgs-2.0.0-py3.10.egg-info/SOURCES.txt
[54.011s] -- Symlinking: /home/wheeltec/wheeltec_ros2/install/nmea_msgs/local/lib/python3.10/dist-packages/nmea_msgs-2.0.0-py3.10.egg-info/dependency_links.txt
[54.123s] -- Symlinking: /home/wheeltec/wheeltec_ros2/install/nmea_msgs/local/lib/python3.10/dist-packages/nmea_msgs-2.0.0-py3.10.egg-info/top_level.txt
[54.202s] -- Symlinking: /home/wheeltec/wheeltec_ros2/install/nmea_msgs/local/lib/python3.10/dist-packages/nmea_msgs/__init__.py
[54.287s] -- Symlinking: /home/wheeltec/wheeltec_ros2/install/nmea_msgs/local/lib/python3.10/dist-packages/nmea_msgs/_nmea_msgs_s.ep.rosidl_typesupport_c.c
[54.354s] -- Symlinking: /home/wheeltec/wheeltec_ros2/install/nmea_msgs/local/lib/python3.10/dist-packages/nmea_msgs/_nmea_msgs_s.ep.rosidl_typesupport_fastrtps_c.c
[54.421s] -- Symlinking: /home/wheeltec/wheeltec_ros2/install/nmea_msgs/local/lib/python3.10/dist-packages/nmea_msgs/_nmea_msgs_s.ep.rosidl_typesupport_introspection_c.c
[54.496s] -- Symlinking: /home/wheeltec/wheeltec_ros2/install/nmea_msgs/local/lib/python3.10/dist-packages/nmea_msgs/libnmea_msgs__rosidl_generator_py.so
[54.575s] -- Symlinking: /home/wheeltec/wheeltec_ros2/install/nmea_msgs/local/lib/python3.10/dist-packages/nmea_msgs/msg/__init__.py
[54.637s] -- Symlinking: /home/wheeltec/wheeltec_ros2/install/nmea_msgs/local/lib/python3.10/dist-packages/nmea_msgs/msg/_gpgga.py
[54.719s] -- Symlinking: /home/wheeltec/wheeltec_ros2/install/nmea_msgs/local/lib/python3.10/dist-packages/nmea_msgs/msg/_gpgga_s.c
[54.791s] -- Symlinking: /home/wheeltec/wheeltec_ros2/install/nmea_msgs/local/lib/python3.10/dist-packages/nmea_msgs/msg/_gpgsa.py
[54.869s] -- Symlinking: /home/wheeltec/wheeltec_ros2/install/nmea_msgs/local/lib/python3.10/dist-packages/nmea_msgs/msg/_gpgsa_s.c
[54.935s] -- Symlinking: /home/wheeltec/wheeltec_ros2/install/nmea_msgs/local/lib/python3.10/dist-packages/nmea_msgs/msg/_gpgst.py
[55.001s] -- Symlinking: /home/wheeltec/wheeltec_ros2/install/nmea_msgs/local/lib/python3.10/dist-packages/nmea_msgs/msg/_gpgst_s.c
[55.074s] -- Symlinking: /home/wheeltec/wheeltec_ros2/install/nmea_msgs/local/lib/python3.10/dist-packages/nmea_msgs/msg/_gpgsv.py
[55.144s] -- Symlinking: /home/wheeltec/wheeltec_ros2/install/nmea_msgs/local/lib/python3.10/dist-packages/nmea_msgs/msg/_gpgsv_s.c
[55.214s] -- Symlinking: /home/wheeltec/wheeltec_ros2/install/nmea_msgs/local/lib/python3.10/dist-packages/nmea_msgs/msg/_gpgsv_satellite.py
[55.286s] -- Symlinking: /home/wheeltec/wheeltec_ros2/install/nmea_msgs/local/lib/python3.10/dist-packages/nmea_msgs/msg/_gpgsv_satellite_s.c
[55.365s] -- Symlinking: /home/wheeltec/wheeltec_ros2/install/nmea_msgs/local/lib/python3.10/dist-packages/nmea_msgs/msg/_gprmc.py
[55.426s] -- Symlinking: /home/wheeltec/wheeltec_ros2/install/nmea_msgs/local/lib/python3.10/dist-packages/nmea_msgs/msg/_gprmc_s.c
[55.494s] -- Symlinking: /home/wheeltec/wheeltec_ros2/install/nmea_msgs/local/lib/python3.10/dist-packages/nmea_msgs/msg/_sentence.py
[55.559s] -- Symlinking: /home/wheeltec/wheeltec_ros2/install/nmea_msgs/local/lib/python3.10/dist-packages/nmea_msgs/msg/_sentence_s.c
[55.638s] -- Symlinking: /home/wheeltec/wheeltec_ros2/install/nmea_msgs/local/lib/python3.10/dist-packages/nmea_msgs/nmea_msgs_s__rosidl_typesupport_c.cpython-310-aarch64-linux-gnu.so
[55.736s] -- Symlinking: /home/wheeltec/wheeltec_ros2/install/nmea_msgs/local/lib/python3.10/dist-packages/nmea_msgs/nmea_msgs_s__rosidl_typesupport_fastrtps_c.cpython-310-aarch64-linux-gnu.so
[55.816s] -- Symlinking: /home/wheeltec/wheeltec_ros2/install/nmea_msgs/local/lib/python3.10/dist-packages/nmea_msgs/nmea_msgs_s__rosidl_typesupport_introspection_c.cpython-310-aarch64-linux-gnu.so
[55.895s] -- Up-to-date symlink: /home/wheeltec/wheeltec_ros2/install/nmea_msgs/local/lib/python3.10/dist-packages/nmea_msgs/nmea_msgs_s__rosidl_typesupport_fastrtps_c.cpython-310-aarch64-linux-gnu.so
[55.896s] -- Up-to-date symlink: /home/wheeltec/wheeltec_ros2/install/nmea_msgs/local/lib/python3.10/dist-packages/nmea_msgs/nmea_msgs_s__rosidl_typesupport_introspection_c.cpython-310-aarch64-linux-gnu.so
[55.896s] -- Up-to-date symlink: /home/wheeltec/wheeltec_ros2/install/nmea_msgs/local/lib/python3.10/dist-packages/nmea_msgs/nmea_msgs_s__rosidl_typesupport_c.cpython-310-aarch64-linux-gnu.so
[55.896s] -- Symlinking: /home/wheeltec/wheeltec_ros2/install/nmea_msgs/share/nmea_msgs/msg/Sentence.idl
[55.967s] -- Symlinking: /home/wheeltec/wheeltec_ros2/install/nmea_msgs/share/nmea_msgs/msg/Gpgga.idl
[56.031s] -- Symlinking: /home/wheeltec/wheeltec_ros2/install/nmea_msgs/share/nmea_msgs/msg/Gpgsa.idl
[56.107s] -- Symlinking: /home/wheeltec/wheeltec_ros2/install/nmea_msgs/share/nmea_msgs/msg/Gpgst.idl
[56.184s] -- Symlinking: /home/wheeltec/wheeltec_ros2/install/nmea_msgs/share/nmea_msgs/msg/Gpgsv.idl
[56.268s] -- Symlinking: /home/wheeltec/wheeltec_ros2/install/nmea_msgs/share/nmea_msgs/msg/GpgsvSatellite.idl
[56.347s] -- Symlinking: /home/wheeltec/wheeltec_ros2/install/nmea_msgs/share/nmea_msgs/msg/Gprmc.idl
[56.416s] -- Symlinking: /home/wheeltec/wheeltec_ros2/install/nmea_msgs/share/nmea_msgs/msg/Sentence.msg
[56.486s] -- Symlinking: /home/wheeltec/wheeltec_ros2/install/nmea_msgs/share/nmea_msgs/msg/Gpgga.msg
[56.581s] -- Symlinking: /home/wheeltec/wheeltec_ros2/install/nmea_msgs/share/nmea_msgs/msg/Gpgsa.msg
[56.697s] -- Symlinking: /home/wheeltec/wheeltec_ros2/install/nmea_msgs/share/nmea_msgs/msg/Gpgst.msg
[56.829s] -- Symlinking: /home/wheeltec/wheeltec_ros2/install/nmea_msgs/share/nmea_msgs/msg/Gpgsv.msg
[56.910s] -- Symlinking: /home/wheeltec/wheeltec_ros2/install/nmea_msgs/share/nmea_msgs/msg/GpgsvSatellite.msg
[57.001s] -- Symlinking: /home/wheeltec/wheeltec_ros2/install/nmea_msgs/share/nmea_msgs/msg/Gprmc.msg
[57.080s] -- Symlinking: /home/wheeltec/wheeltec_ros2/install/nmea_msgs/share/ament_index/resource_index/package_run_dependencies/nmea_msgs
[57.160s] -- Symlinking: /home/wheeltec/wheeltec_ros2/install/nmea_msgs/share/ament_index/resource_index/parent_prefix_path/nmea_msgs
[57.235s] -- Symlinking: /home/wheeltec/wheeltec_ros2/install/nmea_msgs/share/nmea_msgs/environment/ament_prefix_path.sh
[57.312s] -- Symlinking: /home/wheeltec/wheeltec_ros2/install/nmea_msgs/share/nmea_msgs/environment/ament_prefix_path.dsv
[57.389s] -- Symlinking: /home/wheeltec/wheeltec_ros2/install/nmea_msgs/share/nmea_msgs/environment/path.sh
[57.473s] -- Symlinking: /home/wheeltec/wheeltec_ros2/install/nmea_msgs/share/nmea_msgs/environment/path.dsv
[57.542s] -- Symlinking: /home/wheeltec/wheeltec_ros2/install/nmea_msgs/share/nmea_msgs/local_setup.bash
[57.613s] -- Symlinking: /home/wheeltec/wheeltec_ros2/install/nmea_msgs/share/nmea_msgs/local_setup.sh
[57.685s] -- Symlinking: /home/wheeltec/wheeltec_ros2/install/nmea_msgs/share/nmea_msgs/local_setup.zsh
[57.752s] -- Symlinking: /home/wheeltec/wheeltec_ros2/install/nmea_msgs/share/nmea_msgs/local_setup.dsv
[57.825s] -- Symlinking: /home/wheeltec/wheeltec_ros2/install/nmea_msgs/share/nmea_msgs/package.dsv
[57.907s] -- Symlinking: /home/wheeltec/wheeltec_ros2/install/nmea_msgs/share/ament_index/resource_index/packages/nmea_msgs
[57.979s] -- Symlinking: /home/wheeltec/wheeltec_ros2/install/nmea_msgs/share/nmea_msgs/cmake/rosidl_cmake-extras.cmake
[58.053s] -- Symlinking: /home/wheeltec/wheeltec_ros2/install/nmea_msgs/share/nmea_msgs/cmake/ament_cmake_export_dependencies-extras.cmake
[58.127s] -- Symlinking: /home/wheeltec/wheeltec_ros2/install/nmea_msgs/share/nmea_msgs/cmake/ament_cmake_export_include_directories-extras.cmake
[58.216s] -- Symlinking: /home/wheeltec/wheeltec_ros2/install/nmea_msgs/share/nmea_msgs/cmake/ament_cmake_export_libraries-extras.cmake
[58.322s] -- Symlinking: /home/wheeltec/wheeltec_ros2/install/nmea_msgs/share/nmea_msgs/cmake/ament_cmake_export_targets-extras.cmake
[58.412s] -- Symlinking: /home/wheeltec/wheeltec_ros2/install/nmea_msgs/share/nmea_msgs/cmake/rosidl_cmake_export_typesupport_targets-extras.cmake
[58.468s] -- Symlinking: /home/wheeltec/wheeltec_ros2/install/nmea_msgs/share/nmea_msgs/cmake/rosidl_cmake_export_typesupport_libraries-extras.cmake
[58.536s] -- Symlinking: /home/wheeltec/wheeltec_ros2/install/nmea_msgs/share/nmea_msgs/cmake/nmea_msgsConfig.cmake
[58.605s] -- Symlinking: /home/wheeltec/wheeltec_ros2/install/nmea_msgs/share/nmea_msgs/cmake/nmea_msgsConfig-version.cmake
[58.672s] -- Symlinking: /home/wheeltec/wheeltec_ros2/install/nmea_msgs/share/nmea_msgs/package.xml
[58.746s] -- Installing: /home/wheeltec/wheeltec_ros2/install/nmea_msgs/lib/libnmea_msgs__rosidl_generator_c.so
[58.746s] -- Set runtime path of "/home/wheeltec/wheeltec_ros2/install/nmea_msgs/lib/libnmea_msgs__rosidl_generator_c.so" to ""
[58.746s] -- Installing: /home/wheeltec/wheeltec_ros2/install/nmea_msgs/lib/libnmea_msgs__rosidl_typesupport_fastrtps_c.so
[58.746s] -- Set runtime path of "/home/wheeltec/wheeltec_ros2/install/nmea_msgs/lib/libnmea_msgs__rosidl_typesupport_fastrtps_c.so" to ""
[58.746s] -- Installing: /home/wheeltec/wheeltec_ros2/install/nmea_msgs/lib/libnmea_msgs__rosidl_typesupport_introspection_c.so
[58.746s] -- Set runtime path of "/home/wheeltec/wheeltec_ros2/install/nmea_msgs/lib/libnmea_msgs__rosidl_typesupport_introspection_c.so" to ""
[58.747s] -- Installing: /home/wheeltec/wheeltec_ros2/install/nmea_msgs/lib/libnmea_msgs__rosidl_typesupport_c.so
[58.747s] -- Set runtime path of "/home/wheeltec/wheeltec_ros2/install/nmea_msgs/lib/libnmea_msgs__rosidl_typesupport_c.so" to ""
[58.747s] -- Installing: /home/wheeltec/wheeltec_ros2/install/nmea_msgs/lib/libnmea_msgs__rosidl_typesupport_fastrtps_cpp.so
[58.747s] -- Set runtime path of "/home/wheeltec/wheeltec_ros2/install/nmea_msgs/lib/libnmea_msgs__rosidl_typesupport_fastrtps_cpp.so" to ""
[58.747s] -- Installing: /home/wheeltec/wheeltec_ros2/install/nmea_msgs/lib/libnmea_msgs__rosidl_typesupport_introspection_cpp.so
[58.749s] -- Set runtime path of "/home/wheeltec/wheeltec_ros2/install/nmea_msgs/lib/libnmea_msgs__rosidl_typesupport_introspection_cpp.so" to ""
[58.749s] -- Installing: /home/wheeltec/wheeltec_ros2/install/nmea_msgs/lib/libnmea_msgs__rosidl_typesupport_cpp.so
[58.749s] -- Set runtime path of "/home/wheeltec/wheeltec_ros2/install/nmea_msgs/lib/libnmea_msgs__rosidl_typesupport_cpp.so" to ""
[58.920s] Listing '/home/wheeltec/wheeltec_ros2/install/nmea_msgs/local/lib/python3.10/dist-packages/nmea_msgs'...
[58.921s] Compiling '/home/wheeltec/wheeltec_ros2/install/nmea_msgs/local/lib/python3.10/dist-packages/nmea_msgs/__init__.py'...
[58.921s] Listing '/home/wheeltec/wheeltec_ros2/install/nmea_msgs/local/lib/python3.10/dist-packages/nmea_msgs/msg'...
[58.921s] Compiling '/home/wheeltec/wheeltec_ros2/install/nmea_msgs/local/lib/python3.10/dist-packages/nmea_msgs/msg/__init__.py'...
[58.921s] Compiling '/home/wheeltec/wheeltec_ros2/install/nmea_msgs/local/lib/python3.10/dist-packages/nmea_msgs/msg/_gpgga.py'...
[58.921s] Compiling '/home/wheeltec/wheeltec_ros2/install/nmea_msgs/local/lib/python3.10/dist-packages/nmea_msgs/msg/_gpgsa.py'...
[58.921s] Compiling '/home/wheeltec/wheeltec_ros2/install/nmea_msgs/local/lib/python3.10/dist-packages/nmea_msgs/msg/_gpgst.py'...
[58.921s] Compiling '/home/wheeltec/wheeltec_ros2/install/nmea_msgs/local/lib/python3.10/dist-packages/nmea_msgs/msg/_gpgsv.py'...
[58.921s] Compiling '/home/wheeltec/wheeltec_ros2/install/nmea_msgs/local/lib/python3.10/dist-packages/nmea_msgs/msg/_gpgsv_satellite.py'...
[58.921s] Compiling '/home/wheeltec/wheeltec_ros2/install/nmea_msgs/local/lib/python3.10/dist-packages/nmea_msgs/msg/_gprmc.py'...
[58.922s] Compiling '/home/wheeltec/wheeltec_ros2/install/nmea_msgs/local/lib/python3.10/dist-packages/nmea_msgs/msg/_sentence.py'...
[58.942s] -- Installing: /home/wheeltec/wheeltec_ros2/install/nmea_msgs/lib/libnmea_msgs__rosidl_generator_py.so
[58.942s] -- Set runtime path of "/home/wheeltec/wheeltec_ros2/install/nmea_msgs/lib/libnmea_msgs__rosidl_generator_py.so" to ""
[58.943s] -- Installing: /home/wheeltec/wheeltec_ros2/install/nmea_msgs/share/nmea_msgs/cmake/export_nmea_msgs__rosidl_generator_cExport.cmake
[58.943s] -- Installing: /home/wheeltec/wheeltec_ros2/install/nmea_msgs/share/nmea_msgs/cmake/export_nmea_msgs__rosidl_generator_cExport-noconfig.cmake
[58.943s] -- Installing: /home/wheeltec/wheeltec_ros2/install/nmea_msgs/share/nmea_msgs/cmake/export_nmea_msgs__rosidl_typesupport_fastrtps_cExport.cmake
[58.944s] -- Installing: /home/wheeltec/wheeltec_ros2/install/nmea_msgs/share/nmea_msgs/cmake/export_nmea_msgs__rosidl_typesupport_fastrtps_cExport-noconfig.cmake
[58.944s] -- Installing: /home/wheeltec/wheeltec_ros2/install/nmea_msgs/share/nmea_msgs/cmake/nmea_msgs__rosidl_typesupport_introspection_cExport.cmake
[58.944s] -- Installing: /home/wheeltec/wheeltec_ros2/install/nmea_msgs/share/nmea_msgs/cmake/nmea_msgs__rosidl_typesupport_introspection_cExport-noconfig.cmake
[58.944s] -- Installing: /home/wheeltec/wheeltec_ros2/install/nmea_msgs/share/nmea_msgs/cmake/nmea_msgs__rosidl_typesupport_cExport.cmake
[58.945s] -- Installing: /home/wheeltec/wheeltec_ros2/install/nmea_msgs/share/nmea_msgs/cmake/nmea_msgs__rosidl_typesupport_cExport-noconfig.cmake
[58.945s] -- Installing: /home/wheeltec/wheeltec_ros2/install/nmea_msgs/share/nmea_msgs/cmake/export_nmea_msgs__rosidl_generator_cppExport.cmake
[58.945s] -- Installing: /home/wheeltec/wheeltec_ros2/install/nmea_msgs/share/nmea_msgs/cmake/export_nmea_msgs__rosidl_typesupport_fastrtps_cppExport.cmake
[58.946s] -- Installing: /home/wheeltec/wheeltec_ros2/install/nmea_msgs/share/nmea_msgs/cmake/export_nmea_msgs__rosidl_typesupport_fastrtps_cppExport-noconfig.cmake
[58.946s] -- Installing: /home/wheeltec/wheeltec_ros2/install/nmea_msgs/share/nmea_msgs/cmake/nmea_msgs__rosidl_typesupport_introspection_cppExport.cmake
[58.946s] -- Installing: /home/wheeltec/wheeltec_ros2/install/nmea_msgs/share/nmea_msgs/cmake/nmea_msgs__rosidl_typesupport_introspection_cppExport-noconfig.cmake
[58.946s] -- Installing: /home/wheeltec/wheeltec_ros2/install/nmea_msgs/share/nmea_msgs/cmake/nmea_msgs__rosidl_typesupport_cppExport.cmake
[58.947s] -- Installing: /home/wheeltec/wheeltec_ros2/install/nmea_msgs/share/nmea_msgs/cmake/nmea_msgs__rosidl_typesupport_cppExport-noconfig.cmake
[58.947s] -- Installing: /home/wheeltec/wheeltec_ros2/install/nmea_msgs/share/nmea_msgs/cmake/export_nmea_msgs__rosidl_generator_pyExport.cmake
[58.947s] -- Installing: /home/wheeltec/wheeltec_ros2/install/nmea_msgs/share/nmea_msgs/cmake/export_nmea_msgs__rosidl_generator_pyExport-noconfig.cmake
[58.948s] Invoked command in '/home/wheeltec/wheeltec_ros2/build/nmea_msgs' returned '0': CMAKE_PREFIX_PATH=${CMAKE_PREFIX_PATH}:/home/wheeltec/autoware/install/autoware_wheeltec_interface:/home/wheeltec/autoware/install/ad_api_visualizers:/opt/ros/humble /usr/bin/cmake --install /home/wheeltec/wheeltec_ros2/build/nmea_msgs
