gmake: Warning: File 'Makefile' has modification time 1766049197 s in the future
gmake[1]: Warning: File 'CMakeFiles/Makefile2' has modification time 1766049197 s in the future
gmake[2]: Warning: File 'gtest/CMakeFiles/gtest_main.dir/flags.make' has modification time 1766049197 s in the future
gmake[2]: Warning: File 'CMakeFiles/nav2_costmap_2d_core.dir/flags.make' has modification time 1766049196 s in the future
gmake[2]: Warning: File 'gtest/CMakeFiles/gtest.dir/flags.make' has modification time 1766049197 s in the future
gmake[2]: warning:  Clock skew detected.  Your build may be incomplete.
gmake[2]: Warning: File 'gtest/CMakeFiles/gtest_main.dir/flags.make' has modification time 1766049197 s in the future
gmake[2]: warning:  Clock skew detected.  Your build may be incomplete.
gmake[2]: warning:  Clock skew detected.  Your build may be incomplete.
gmake[2]: warning:  Clock skew detected.  Your build may be incomplete.
gmake[2]: Warning: File 'gtest/CMakeFiles/gtest.dir/flags.make' has modification time 1766049197 s in the future
gmake[2]: warning:  Clock skew detected.  Your build may be incomplete.
gmake[2]: Warning: File 'CMakeFiles/nav2_costmap_2d_core.dir/flags.make' has modification time 1766049196 s in the future
gmake[2]: warning:  Clock skew detected.  Your build may be incomplete.
gmake[2]: Warning: File 'test/regression/CMakeFiles/order_layer.dir/flags.make' has modification time 1766049197 s in the future
gmake[2]: Warning: File 'CMakeFiles/layers.dir/flags.make' has modification time 1766049196 s in the future
gmake[2]: Warning: File 'CMakeFiles/filters.dir/flags.make' has modification time 1766049196 s in the future
gmake[2]: warning:  Clock skew detected.  Your build may be incomplete.
gmake[2]: Warning: File 'test/regression/CMakeFiles/order_layer.dir/flags.make' has modification time 1766049197 s in the future
gmake[2]: warning:  Clock skew detected.  Your build may be incomplete.
gmake[2]: warning:  Clock skew detected.  Your build may be incomplete.
gmake[2]: Warning: File 'CMakeFiles/filters.dir/flags.make' has modification time 1766049196 s in the future
gmake[2]: Warning: File 'CMakeFiles/nav2_costmap_2d_cloud.dir/flags.make' has modification time 1766049196 s in the future
gmake[2]: warning:  Clock skew detected.  Your build may be incomplete.
gmake[2]: warning:  Clock skew detected.  Your build may be incomplete.
gmake[2]: Warning: File 'CMakeFiles/layers.dir/flags.make' has modification time 1766049195 s in the future
gmake[2]: warning:  Clock skew detected.  Your build may be incomplete.
gmake[2]: Warning: File 'CMakeFiles/nav2_costmap_2d_markers.dir/flags.make' has modification time 1766049196 s in the future
gmake[2]: warning:  Clock skew detected.  Your build may be incomplete.
gmake[2]: Warning: File 'test/unit/CMakeFiles/array_parser_test.dir/flags.make' has modification time 1766049196 s in the future
gmake[2]: Warning: File 'CMakeFiles/nav2_costmap_2d_cloud.dir/flags.make' has modification time 1766049195 s in the future
gmake[2]: warning:  Clock skew detected.  Your build may be incomplete.
gmake[2]: Warning: File 'test/unit/CMakeFiles/collision_footprint_test.dir/flags.make' has modification time 1766049195 s in the future
gmake[2]: warning:  Clock skew detected.  Your build may be incomplete.
gmake[2]: warning:  Clock skew detected.  Your build may be incomplete.
gmake[2]: Warning: File 'test/unit/CMakeFiles/array_parser_test.dir/flags.make' has modification time 1766049195 s in the future
gmake[2]: warning:  Clock skew detected.  Your build may be incomplete.
gmake[2]: Warning: File 'CMakeFiles/nav2_costmap_2d_markers.dir/flags.make' has modification time 1766049195 s in the future
gmake[2]: warning:  Clock skew detected.  Your build may be incomplete.
gmake[2]: warning:  Clock skew detected.  Your build may be incomplete.
gmake[2]: Warning: File 'test/unit/CMakeFiles/collision_footprint_test.dir/flags.make' has modification time 1766049195 s in the future
gmake[2]: warning:  Clock skew detected.  Your build may be incomplete.
gmake[2]: Warning: File 'test/unit/CMakeFiles/declare_parameter_test.dir/flags.make' has modification time 1766049195 s in the future
gmake[2]: Warning: File 'test/unit/CMakeFiles/keepout_filter_test.dir/flags.make' has modification time 1766049195 s in the future
gmake[2]: Warning: File 'test/unit/CMakeFiles/speed_filter_test.dir/flags.make' has modification time 1766049195 s in the future
gmake[2]: Warning: File 'test/unit/CMakeFiles/costmap_convesion_test.dir/flags.make' has modification time 1766049195 s in the future
gmake[2]: warning:  Clock skew detected.  Your build may be incomplete.
gmake[2]: Warning: File 'test/unit/CMakeFiles/declare_parameter_test.dir/flags.make' has modification time 1766049195 s in the future
gmake[2]: warning:  Clock skew detected.  Your build may be incomplete.
gmake[2]: warning:  Clock skew detected.  Your build may be incomplete.
gmake[2]: Warning: File 'test/unit/CMakeFiles/keepout_filter_test.dir/flags.make' has modification time 1766049195 s in the future
gmake[2]: warning:  Clock skew detected.  Your build may be incomplete.
gmake[2]: warning:  Clock skew detected.  Your build may be incomplete.
gmake[2]: warning:  Clock skew detected.  Your build may be incomplete.
gmake[2]: Warning: File 'test/unit/CMakeFiles/speed_filter_test.dir/flags.make' has modification time 1766049194 s in the future
gmake[2]: warning:  Clock skew detected.  Your build may be incomplete.
gmake[2]: Warning: File 'test/unit/CMakeFiles/costmap_convesion_test.dir/flags.make' has modification time 1766049194 s in the future
gmake[2]: warning:  Clock skew detected.  Your build may be incomplete.
gmake[2]: Warning: File 'test/unit/CMakeFiles/binary_filter_test.dir/flags.make' has modification time 1766049194 s in the future
gmake[2]: Warning: File 'CMakeFiles/nav2_costmap_2d_client.dir/flags.make' has modification time 1766049194 s in the future
gmake[2]: Warning: File 'test/unit/CMakeFiles/costmap_filter_service_test.dir/flags.make' has modification time 1766049194 s in the future
gmake[2]: Warning: File 'test/unit/CMakeFiles/copy_window_test.dir/flags.make' has modification time 1766049194 s in the future
gmake[2]: warning:  Clock skew detected.  Your build may be incomplete.
gmake[2]: Warning: File 'test/integration/CMakeFiles/footprint_tests_exec.dir/flags.make' has modification time 1766049194 s in the future
gmake[2]: warning:  Clock skew detected.  Your build may be incomplete.
gmake[2]: Warning: File 'CMakeFiles/nav2_costmap_2d_client.dir/flags.make' has modification time 1766049193 s in the future
gmake[2]: Warning: File 'test/unit/CMakeFiles/binary_filter_test.dir/flags.make' has modification time 1766049194 s in the future
gmake[2]: warning:  Clock skew detected.  Your build may be incomplete.
gmake[2]: warning:  Clock skew detected.  Your build may be incomplete.
gmake[2]: warning:  Clock skew detected.  Your build may be incomplete.
gmake[2]: warning:  Clock skew detected.  Your build may be incomplete.
gmake[2]: Warning: File 'test/unit/CMakeFiles/copy_window_test.dir/flags.make' has modification time 1766049194 s in the future
gmake[2]: warning:  Clock skew detected.  Your build may be incomplete.
gmake[2]: warning:  Clock skew detected.  Your build may be incomplete.
gmake[2]: Warning: File 'test/integration/CMakeFiles/footprint_tests_exec.dir/flags.make' has modification time 1766049194 s in the future
gmake[2]: Warning: File 'test/unit/CMakeFiles/costmap_filter_service_test.dir/flags.make' has modification time 1766049194 s in the future
gmake[2]: warning:  Clock skew detected.  Your build may be incomplete.
gmake[2]: warning:  Clock skew detected.  Your build may be incomplete.
gmake[2]: Warning: File 'test/integration/CMakeFiles/inflation_tests_exec.dir/flags.make' has modification time 1766049194 s in the future
gmake[2]: warning:  Clock skew detected.  Your build may be incomplete.
gmake[2]: Warning: File 'test/integration/CMakeFiles/inflation_tests_exec.dir/flags.make' has modification time 1766049193 s in the future
gmake[2]: warning:  Clock skew detected.  Your build may be incomplete.
gmake[2]: Warning: File 'test/regression/CMakeFiles/plugin_api_order.dir/flags.make' has modification time 1766049193 s in the future
gmake[2]: warning:  Clock skew detected.  Your build may be incomplete.
gmake[2]: Warning: File 'test/regression/CMakeFiles/plugin_api_order.dir/flags.make' has modification time 1766049193 s in the future
gmake[2]: warning:  Clock skew detected.  Your build may be incomplete.
gmake[2]: Warning: File 'CMakeFiles/nav2_costmap_2d.dir/flags.make' has modification time 1766049192 s in the future
gmake[2]: warning:  Clock skew detected.  Your build may be incomplete.
gmake[2]: Warning: File 'CMakeFiles/nav2_costmap_2d.dir/flags.make' has modification time 1766049192 s in the future
gmake[2]: warning:  Clock skew detected.  Your build may be incomplete.
gmake[2]: Warning: File 'test/integration/CMakeFiles/test_collision_checker_exec.dir/flags.make' has modification time 1766049192 s in the future
gmake[2]: warning:  Clock skew detected.  Your build may be incomplete.
gmake[2]: Warning: File 'test/integration/CMakeFiles/test_collision_checker_exec.dir/flags.make' has modification time 1766049192 s in the future
gmake[2]: warning:  Clock skew detected.  Your build may be incomplete.
gmake[2]: Warning: File 'test/regression/CMakeFiles/costmap_bresenham_2d.dir/flags.make' has modification time 1766049192 s in the future
gmake[2]: warning:  Clock skew detected.  Your build may be incomplete.
gmake[2]: Warning: File 'test/regression/CMakeFiles/costmap_bresenham_2d.dir/flags.make' has modification time 1766049192 s in the future
gmake[2]: warning:  Clock skew detected.  Your build may be incomplete.
gmake[2]: Warning: File 'test/integration/CMakeFiles/dyn_params_tests.dir/flags.make' has modification time 1766049192 s in the future
gmake[2]: warning:  Clock skew detected.  Your build may be incomplete.
gmake[2]: Warning: File 'test/integration/CMakeFiles/dyn_params_tests.dir/flags.make' has modification time 1766049192 s in the future
gmake[2]: warning:  Clock skew detected.  Your build may be incomplete.
gmake[2]: Warning: File 'test/integration/CMakeFiles/range_tests_exec.dir/flags.make' has modification time 1766049192 s in the future
gmake[2]: warning:  Clock skew detected.  Your build may be incomplete.
gmake[2]: Warning: File 'test/integration/CMakeFiles/range_tests_exec.dir/flags.make' has modification time 1766049191 s in the future
gmake[2]: warning:  Clock skew detected.  Your build may be incomplete.
gmake[2]: Warning: File 'test/integration/CMakeFiles/obstacle_tests_exec.dir/flags.make' has modification time 1766049191 s in the future
gmake[2]: warning:  Clock skew detected.  Your build may be incomplete.
gmake[2]: Warning: File 'test/integration/CMakeFiles/obstacle_tests_exec.dir/flags.make' has modification time 1766049191 s in the future
gmake[2]: warning:  Clock skew detected.  Your build may be incomplete.
gmake[1]: warning:  Clock skew detected.  Your build may be incomplete.
gmake: warning:  Clock skew detected.  Your build may be incomplete.
