[0.210s] Invoking command in '/home/wheeltec/wheeltec_ros2/build/wheeltec_rrt_msg': CMAKE_PREFIX_PATH=${CMAKE_PREFIX_PATH}:/home/wheeltec/wheeltec_ros2/install/simple_follower_ros2:/home/wheeltec/wheeltec_ros2/install/wheeltec_robot_keyboard:/home/wheeltec/wheeltec_ros2/install/wheeltec_dual_rtk_driver:/home/wheeltec/wheeltec_ros2/install/ultralytics_ros2:/home/wheeltec/wheeltec_ros2/install/tf2_tools:/home/wheeltec/wheeltec_ros2/install/ollama_ros_chat:/home/wheeltec/wheeltec_ros2/install/nmea_navsat_driver:/home/wheeltec/wheeltec_ros2/install/nav2_waypoint_cycle:/home/wheeltec/wheeltec_ros2/install/nav2_simple_commander:/home/wheeltec/wheeltec_ros2/install/largemodel:/home/wheeltec/wheeltec_ros2/install/auto_recharge_ros2:/home/wheeltec/autoware/install/autoware_wheeltec_interface:/home/wheeltec/autoware/install/ad_api_visualizers:/opt/ros/humble /usr/bin/cmake --build /home/wheeltec/wheeltec_ros2/build/wheeltec_rrt_msg -- -j6 -l6
[0.903s] [  4%] Built target wheeltec_rrt_msg__cpp
[0.903s] [ 12%] Built target wheeltec_rrt_msg__rosidl_generator_c
[1.037s] [ 12%] Built target ament_cmake_python_symlink_wheeltec_rrt_msg
[1.182s] [ 23%] Built target wheeltec_rrt_msg__rosidl_typesupport_fastrtps_c
[1.284s] [ 34%] Built target wheeltec_rrt_msg__rosidl_typesupport_introspection_c
[1.376s] [ 46%] Built target wheeltec_rrt_msg__rosidl_typesupport_introspection_cpp
[1.561s] [ 57%] Built target wheeltec_rrt_msg__rosidl_typesupport_cpp
[1.693s] [ 68%] Built target wheeltec_rrt_msg__rosidl_typesupport_fastrtps_cpp
[1.884s] [ 79%] Built target wheeltec_rrt_msg__rosidl_typesupport_c
[2.169s] [ 79%] Built target wheeltec_rrt_msg
[2.378s] running egg_info
[2.380s] writing wheeltec_rrt_msg.egg-info/PKG-INFO
[2.380s] writing dependency_links to wheeltec_rrt_msg.egg-info/dependency_links.txt
[2.381s] writing top-level names to wheeltec_rrt_msg.egg-info/top_level.txt
[2.392s] reading manifest file 'wheeltec_rrt_msg.egg-info/SOURCES.txt'
[2.394s] writing manifest file 'wheeltec_rrt_msg.egg-info/SOURCES.txt'
[2.511s] [ 80%] Built target wheeltec_rrt_msg__py
[2.553s] [ 80%] Built target ament_cmake_python_build_wheeltec_rrt_msg_egg
[2.717s] [ 90%] Built target wheeltec_rrt_msg__rosidl_generator_py
[2.914s] [ 96%] Built target wheeltec_rrt_msg__rosidl_typesupport_fastrtps_c__pyext
[2.914s] [ 96%] Built target wheeltec_rrt_msg__rosidl_typesupport_introspection_c__pyext
[3.132s] [100%] Built target wheeltec_rrt_msg__rosidl_typesupport_c__pyext
[3.349s] Invoked command in '/home/wheeltec/wheeltec_ros2/build/wheeltec_rrt_msg' returned '0': CMAKE_PREFIX_PATH=${CMAKE_PREFIX_PATH}:/home/wheeltec/wheeltec_ros2/install/simple_follower_ros2:/home/wheeltec/wheeltec_ros2/install/wheeltec_robot_keyboard:/home/wheeltec/wheeltec_ros2/install/wheeltec_dual_rtk_driver:/home/wheeltec/wheeltec_ros2/install/ultralytics_ros2:/home/wheeltec/wheeltec_ros2/install/tf2_tools:/home/wheeltec/wheeltec_ros2/install/ollama_ros_chat:/home/wheeltec/wheeltec_ros2/install/nmea_navsat_driver:/home/wheeltec/wheeltec_ros2/install/nav2_waypoint_cycle:/home/wheeltec/wheeltec_ros2/install/nav2_simple_commander:/home/wheeltec/wheeltec_ros2/install/largemodel:/home/wheeltec/wheeltec_ros2/install/auto_recharge_ros2:/home/wheeltec/autoware/install/autoware_wheeltec_interface:/home/wheeltec/autoware/install/ad_api_visualizers:/opt/ros/humble /usr/bin/cmake --build /home/wheeltec/wheeltec_ros2/build/wheeltec_rrt_msg -- -j6 -l6
[3.350s] Invoking command in '/home/wheeltec/wheeltec_ros2/build/wheeltec_rrt_msg': CMAKE_PREFIX_PATH=${CMAKE_PREFIX_PATH}:/home/wheeltec/wheeltec_ros2/install/simple_follower_ros2:/home/wheeltec/wheeltec_ros2/install/wheeltec_robot_keyboard:/home/wheeltec/wheeltec_ros2/install/wheeltec_dual_rtk_driver:/home/wheeltec/wheeltec_ros2/install/ultralytics_ros2:/home/wheeltec/wheeltec_ros2/install/tf2_tools:/home/wheeltec/wheeltec_ros2/install/ollama_ros_chat:/home/wheeltec/wheeltec_ros2/install/nmea_navsat_driver:/home/wheeltec/wheeltec_ros2/install/nav2_waypoint_cycle:/home/wheeltec/wheeltec_ros2/install/nav2_simple_commander:/home/wheeltec/wheeltec_ros2/install/largemodel:/home/wheeltec/wheeltec_ros2/install/auto_recharge_ros2:/home/wheeltec/autoware/install/autoware_wheeltec_interface:/home/wheeltec/autoware/install/ad_api_visualizers:/opt/ros/humble /usr/bin/cmake --install /home/wheeltec/wheeltec_ros2/build/wheeltec_rrt_msg
[3.428s] -- Install configuration: ""
[3.429s] -- Execute custom install script
[3.430s] -- Up-to-date symlink: /home/wheeltec/wheeltec_ros2/install/wheeltec_rrt_msg/share/ament_index/resource_index/rosidl_interfaces/wheeltec_rrt_msg
[3.430s] -- Up-to-date symlink: /home/wheeltec/wheeltec_ros2/install/wheeltec_rrt_msg/include/wheeltec_rrt_msg/wheeltec_rrt_msg/action/change_position.h
[3.431s] -- Up-to-date symlink: /home/wheeltec/wheeltec_ros2/install/wheeltec_rrt_msg/include/wheeltec_rrt_msg/wheeltec_rrt_msg/action/detail/change_position__functions.h
[3.431s] -- Up-to-date symlink: /home/wheeltec/wheeltec_ros2/install/wheeltec_rrt_msg/include/wheeltec_rrt_msg/wheeltec_rrt_msg/action/detail/change_position__struct.h
[3.431s] -- Up-to-date symlink: /home/wheeltec/wheeltec_ros2/install/wheeltec_rrt_msg/include/wheeltec_rrt_msg/wheeltec_rrt_msg/action/detail/change_position__type_support.h
[3.431s] -- Up-to-date symlink: /home/wheeltec/wheeltec_ros2/install/wheeltec_rrt_msg/include/wheeltec_rrt_msg/wheeltec_rrt_msg/action/detail/find_coloured_box__functions.h
[3.432s] -- Up-to-date symlink: /home/wheeltec/wheeltec_ros2/install/wheeltec_rrt_msg/include/wheeltec_rrt_msg/wheeltec_rrt_msg/action/detail/find_coloured_box__struct.h
[3.432s] -- Up-to-date symlink: /home/wheeltec/wheeltec_ros2/install/wheeltec_rrt_msg/include/wheeltec_rrt_msg/wheeltec_rrt_msg/action/detail/find_coloured_box__type_support.h
[3.432s] -- Up-to-date symlink: /home/wheeltec/wheeltec_ros2/install/wheeltec_rrt_msg/include/wheeltec_rrt_msg/wheeltec_rrt_msg/action/detail/pick_coloured_box__functions.h
[3.432s] -- Up-to-date symlink: /home/wheeltec/wheeltec_ros2/install/wheeltec_rrt_msg/include/wheeltec_rrt_msg/wheeltec_rrt_msg/action/detail/pick_coloured_box__struct.h
[3.432s] -- Up-to-date symlink: /home/wheeltec/wheeltec_ros2/install/wheeltec_rrt_msg/include/wheeltec_rrt_msg/wheeltec_rrt_msg/action/detail/pick_coloured_box__type_support.h
[3.433s] -- Up-to-date symlink: /home/wheeltec/wheeltec_ros2/install/wheeltec_rrt_msg/include/wheeltec_rrt_msg/wheeltec_rrt_msg/action/find_coloured_box.h
[3.433s] -- Up-to-date symlink: /home/wheeltec/wheeltec_ros2/install/wheeltec_rrt_msg/include/wheeltec_rrt_msg/wheeltec_rrt_msg/action/pick_coloured_box.h
[3.433s] -- Up-to-date symlink: /home/wheeltec/wheeltec_ros2/install/wheeltec_rrt_msg/include/wheeltec_rrt_msg/wheeltec_rrt_msg/msg/detail/point_array__functions.h
[3.433s] -- Up-to-date symlink: /home/wheeltec/wheeltec_ros2/install/wheeltec_rrt_msg/include/wheeltec_rrt_msg/wheeltec_rrt_msg/msg/detail/point_array__struct.h
[3.433s] -- Up-to-date symlink: /home/wheeltec/wheeltec_ros2/install/wheeltec_rrt_msg/include/wheeltec_rrt_msg/wheeltec_rrt_msg/msg/detail/point_array__type_support.h
[3.434s] -- Up-to-date symlink: /home/wheeltec/wheeltec_ros2/install/wheeltec_rrt_msg/include/wheeltec_rrt_msg/wheeltec_rrt_msg/msg/point_array.h
[3.434s] -- Up-to-date symlink: /home/wheeltec/wheeltec_ros2/install/wheeltec_rrt_msg/include/wheeltec_rrt_msg/wheeltec_rrt_msg/msg/rosidl_generator_c__visibility_control.h
[3.434s] -- Up-to-date symlink: /home/wheeltec/wheeltec_ros2/install/wheeltec_rrt_msg/include/wheeltec_rrt_msg/wheeltec_rrt_msg/srv/delete_shape.h
[3.434s] -- Up-to-date symlink: /home/wheeltec/wheeltec_ros2/install/wheeltec_rrt_msg/include/wheeltec_rrt_msg/wheeltec_rrt_msg/srv/detail/delete_shape__functions.h
[3.434s] -- Up-to-date symlink: /home/wheeltec/wheeltec_ros2/install/wheeltec_rrt_msg/include/wheeltec_rrt_msg/wheeltec_rrt_msg/srv/detail/delete_shape__struct.h
[3.435s] -- Up-to-date symlink: /home/wheeltec/wheeltec_ros2/install/wheeltec_rrt_msg/include/wheeltec_rrt_msg/wheeltec_rrt_msg/srv/detail/delete_shape__type_support.h
[3.435s] -- Up-to-date symlink: /home/wheeltec/wheeltec_ros2/install/wheeltec_rrt_msg/share/wheeltec_rrt_msg/environment/library_path.sh
[3.435s] -- Up-to-date symlink: /home/wheeltec/wheeltec_ros2/install/wheeltec_rrt_msg/share/wheeltec_rrt_msg/environment/library_path.dsv
[3.435s] -- Up-to-date symlink: /home/wheeltec/wheeltec_ros2/install/wheeltec_rrt_msg/include/wheeltec_rrt_msg/wheeltec_rrt_msg/action/detail/change_position__rosidl_typesupport_fastrtps_c.h
[3.436s] -- Up-to-date symlink: /home/wheeltec/wheeltec_ros2/install/wheeltec_rrt_msg/include/wheeltec_rrt_msg/wheeltec_rrt_msg/action/detail/find_coloured_box__rosidl_typesupport_fastrtps_c.h
[3.436s] -- Up-to-date symlink: /home/wheeltec/wheeltec_ros2/install/wheeltec_rrt_msg/include/wheeltec_rrt_msg/wheeltec_rrt_msg/action/detail/pick_coloured_box__rosidl_typesupport_fastrtps_c.h
[3.436s] -- Up-to-date symlink: /home/wheeltec/wheeltec_ros2/install/wheeltec_rrt_msg/include/wheeltec_rrt_msg/wheeltec_rrt_msg/msg/detail/point_array__rosidl_typesupport_fastrtps_c.h
[3.437s] -- Up-to-date symlink: /home/wheeltec/wheeltec_ros2/install/wheeltec_rrt_msg/include/wheeltec_rrt_msg/wheeltec_rrt_msg/msg/rosidl_typesupport_fastrtps_c__visibility_control.h
[3.437s] -- Up-to-date symlink: /home/wheeltec/wheeltec_ros2/install/wheeltec_rrt_msg/include/wheeltec_rrt_msg/wheeltec_rrt_msg/srv/detail/delete_shape__rosidl_typesupport_fastrtps_c.h
[3.438s] -- Up-to-date symlink: /home/wheeltec/wheeltec_ros2/install/wheeltec_rrt_msg/include/wheeltec_rrt_msg/wheeltec_rrt_msg/action/detail/change_position__rosidl_typesupport_introspection_c.h
[3.438s] -- Up-to-date symlink: /home/wheeltec/wheeltec_ros2/install/wheeltec_rrt_msg/include/wheeltec_rrt_msg/wheeltec_rrt_msg/action/detail/find_coloured_box__rosidl_typesupport_introspection_c.h
[3.438s] -- Up-to-date symlink: /home/wheeltec/wheeltec_ros2/install/wheeltec_rrt_msg/include/wheeltec_rrt_msg/wheeltec_rrt_msg/action/detail/pick_coloured_box__rosidl_typesupport_introspection_c.h
[3.438s] -- Up-to-date symlink: /home/wheeltec/wheeltec_ros2/install/wheeltec_rrt_msg/include/wheeltec_rrt_msg/wheeltec_rrt_msg/msg/detail/point_array__rosidl_typesupport_introspection_c.h
[3.439s] -- Up-to-date symlink: /home/wheeltec/wheeltec_ros2/install/wheeltec_rrt_msg/include/wheeltec_rrt_msg/wheeltec_rrt_msg/msg/rosidl_typesupport_introspection_c__visibility_control.h
[3.439s] -- Up-to-date symlink: /home/wheeltec/wheeltec_ros2/install/wheeltec_rrt_msg/include/wheeltec_rrt_msg/wheeltec_rrt_msg/srv/detail/delete_shape__rosidl_typesupport_introspection_c.h
[3.439s] -- Up-to-date symlink: /home/wheeltec/wheeltec_ros2/install/wheeltec_rrt_msg/include/wheeltec_rrt_msg/wheeltec_rrt_msg/action/change_position.hpp
[3.439s] -- Up-to-date symlink: /home/wheeltec/wheeltec_ros2/install/wheeltec_rrt_msg/include/wheeltec_rrt_msg/wheeltec_rrt_msg/action/detail/change_position__builder.hpp
[3.440s] -- Up-to-date symlink: /home/wheeltec/wheeltec_ros2/install/wheeltec_rrt_msg/include/wheeltec_rrt_msg/wheeltec_rrt_msg/action/detail/change_position__struct.hpp
[3.440s] -- Up-to-date symlink: /home/wheeltec/wheeltec_ros2/install/wheeltec_rrt_msg/include/wheeltec_rrt_msg/wheeltec_rrt_msg/action/detail/change_position__traits.hpp
[3.440s] -- Up-to-date symlink: /home/wheeltec/wheeltec_ros2/install/wheeltec_rrt_msg/include/wheeltec_rrt_msg/wheeltec_rrt_msg/action/detail/change_position__type_support.hpp
[3.440s] -- Up-to-date symlink: /home/wheeltec/wheeltec_ros2/install/wheeltec_rrt_msg/include/wheeltec_rrt_msg/wheeltec_rrt_msg/action/detail/find_coloured_box__builder.hpp
[3.441s] -- Up-to-date symlink: /home/wheeltec/wheeltec_ros2/install/wheeltec_rrt_msg/include/wheeltec_rrt_msg/wheeltec_rrt_msg/action/detail/find_coloured_box__struct.hpp
[3.441s] -- Up-to-date symlink: /home/wheeltec/wheeltec_ros2/install/wheeltec_rrt_msg/include/wheeltec_rrt_msg/wheeltec_rrt_msg/action/detail/find_coloured_box__traits.hpp
[3.441s] -- Up-to-date symlink: /home/wheeltec/wheeltec_ros2/install/wheeltec_rrt_msg/include/wheeltec_rrt_msg/wheeltec_rrt_msg/action/detail/find_coloured_box__type_support.hpp
[3.442s] -- Up-to-date symlink: /home/wheeltec/wheeltec_ros2/install/wheeltec_rrt_msg/include/wheeltec_rrt_msg/wheeltec_rrt_msg/action/detail/pick_coloured_box__builder.hpp
[3.442s] -- Up-to-date symlink: /home/wheeltec/wheeltec_ros2/install/wheeltec_rrt_msg/include/wheeltec_rrt_msg/wheeltec_rrt_msg/action/detail/pick_coloured_box__struct.hpp
[3.442s] -- Up-to-date symlink: /home/wheeltec/wheeltec_ros2/install/wheeltec_rrt_msg/include/wheeltec_rrt_msg/wheeltec_rrt_msg/action/detail/pick_coloured_box__traits.hpp
[3.442s] -- Up-to-date symlink: /home/wheeltec/wheeltec_ros2/install/wheeltec_rrt_msg/include/wheeltec_rrt_msg/wheeltec_rrt_msg/action/detail/pick_coloured_box__type_support.hpp
[3.442s] -- Up-to-date symlink: /home/wheeltec/wheeltec_ros2/install/wheeltec_rrt_msg/include/wheeltec_rrt_msg/wheeltec_rrt_msg/action/find_coloured_box.hpp
[3.442s] -- Up-to-date symlink: /home/wheeltec/wheeltec_ros2/install/wheeltec_rrt_msg/include/wheeltec_rrt_msg/wheeltec_rrt_msg/action/pick_coloured_box.hpp
[3.443s] -- Up-to-date symlink: /home/wheeltec/wheeltec_ros2/install/wheeltec_rrt_msg/include/wheeltec_rrt_msg/wheeltec_rrt_msg/msg/detail/point_array__builder.hpp
[3.443s] -- Up-to-date symlink: /home/wheeltec/wheeltec_ros2/install/wheeltec_rrt_msg/include/wheeltec_rrt_msg/wheeltec_rrt_msg/msg/detail/point_array__struct.hpp
[3.443s] -- Up-to-date symlink: /home/wheeltec/wheeltec_ros2/install/wheeltec_rrt_msg/include/wheeltec_rrt_msg/wheeltec_rrt_msg/msg/detail/point_array__traits.hpp
[3.443s] -- Up-to-date symlink: /home/wheeltec/wheeltec_ros2/install/wheeltec_rrt_msg/include/wheeltec_rrt_msg/wheeltec_rrt_msg/msg/detail/point_array__type_support.hpp
[3.443s] -- Up-to-date symlink: /home/wheeltec/wheeltec_ros2/install/wheeltec_rrt_msg/include/wheeltec_rrt_msg/wheeltec_rrt_msg/msg/point_array.hpp
[3.443s] -- Up-to-date symlink: /home/wheeltec/wheeltec_ros2/install/wheeltec_rrt_msg/include/wheeltec_rrt_msg/wheeltec_rrt_msg/msg/rosidl_generator_cpp__visibility_control.hpp
[3.443s] -- Up-to-date symlink: /home/wheeltec/wheeltec_ros2/install/wheeltec_rrt_msg/include/wheeltec_rrt_msg/wheeltec_rrt_msg/srv/delete_shape.hpp
[3.444s] -- Up-to-date symlink: /home/wheeltec/wheeltec_ros2/install/wheeltec_rrt_msg/include/wheeltec_rrt_msg/wheeltec_rrt_msg/srv/detail/delete_shape__builder.hpp
[3.444s] -- Up-to-date symlink: /home/wheeltec/wheeltec_ros2/install/wheeltec_rrt_msg/include/wheeltec_rrt_msg/wheeltec_rrt_msg/srv/detail/delete_shape__struct.hpp
[3.444s] -- Up-to-date symlink: /home/wheeltec/wheeltec_ros2/install/wheeltec_rrt_msg/include/wheeltec_rrt_msg/wheeltec_rrt_msg/srv/detail/delete_shape__traits.hpp
[3.444s] -- Up-to-date symlink: /home/wheeltec/wheeltec_ros2/install/wheeltec_rrt_msg/include/wheeltec_rrt_msg/wheeltec_rrt_msg/srv/detail/delete_shape__type_support.hpp
[3.445s] -- Up-to-date symlink: /home/wheeltec/wheeltec_ros2/install/wheeltec_rrt_msg/include/wheeltec_rrt_msg/wheeltec_rrt_msg/action/detail/change_position__rosidl_typesupport_fastrtps_cpp.hpp
[3.445s] -- Up-to-date symlink: /home/wheeltec/wheeltec_ros2/install/wheeltec_rrt_msg/include/wheeltec_rrt_msg/wheeltec_rrt_msg/action/detail/find_coloured_box__rosidl_typesupport_fastrtps_cpp.hpp
[3.445s] -- Up-to-date symlink: /home/wheeltec/wheeltec_ros2/install/wheeltec_rrt_msg/include/wheeltec_rrt_msg/wheeltec_rrt_msg/action/detail/pick_coloured_box__rosidl_typesupport_fastrtps_cpp.hpp
[3.446s] -- Up-to-date symlink: /home/wheeltec/wheeltec_ros2/install/wheeltec_rrt_msg/include/wheeltec_rrt_msg/wheeltec_rrt_msg/msg/detail/point_array__rosidl_typesupport_fastrtps_cpp.hpp
[3.446s] -- Up-to-date symlink: /home/wheeltec/wheeltec_ros2/install/wheeltec_rrt_msg/include/wheeltec_rrt_msg/wheeltec_rrt_msg/msg/rosidl_typesupport_fastrtps_cpp__visibility_control.h
[3.446s] -- Up-to-date symlink: /home/wheeltec/wheeltec_ros2/install/wheeltec_rrt_msg/include/wheeltec_rrt_msg/wheeltec_rrt_msg/srv/detail/delete_shape__rosidl_typesupport_fastrtps_cpp.hpp
[3.446s] -- Up-to-date symlink: /home/wheeltec/wheeltec_ros2/install/wheeltec_rrt_msg/include/wheeltec_rrt_msg/wheeltec_rrt_msg/action/detail/change_position__rosidl_typesupport_introspection_cpp.hpp
[3.447s] -- Up-to-date symlink: /home/wheeltec/wheeltec_ros2/install/wheeltec_rrt_msg/include/wheeltec_rrt_msg/wheeltec_rrt_msg/action/detail/find_coloured_box__rosidl_typesupport_introspection_cpp.hpp
[3.447s] -- Up-to-date symlink: /home/wheeltec/wheeltec_ros2/install/wheeltec_rrt_msg/include/wheeltec_rrt_msg/wheeltec_rrt_msg/action/detail/pick_coloured_box__rosidl_typesupport_introspection_cpp.hpp
[3.447s] -- Up-to-date symlink: /home/wheeltec/wheeltec_ros2/install/wheeltec_rrt_msg/include/wheeltec_rrt_msg/wheeltec_rrt_msg/msg/detail/point_array__rosidl_typesupport_introspection_cpp.hpp
[3.447s] -- Up-to-date symlink: /home/wheeltec/wheeltec_ros2/install/wheeltec_rrt_msg/include/wheeltec_rrt_msg/wheeltec_rrt_msg/srv/detail/delete_shape__rosidl_typesupport_introspection_cpp.hpp
[3.448s] -- Up-to-date symlink: /home/wheeltec/wheeltec_ros2/install/wheeltec_rrt_msg/share/wheeltec_rrt_msg/environment/pythonpath.sh
[3.448s] -- Up-to-date symlink: /home/wheeltec/wheeltec_ros2/install/wheeltec_rrt_msg/share/wheeltec_rrt_msg/environment/pythonpath.dsv
[3.448s] -- Up-to-date symlink: /home/wheeltec/wheeltec_ros2/install/wheeltec_rrt_msg/local/lib/python3.10/dist-packages/wheeltec_rrt_msg-0.0.0-py3.10.egg-info/PKG-INFO
[3.448s] -- Up-to-date symlink: /home/wheeltec/wheeltec_ros2/install/wheeltec_rrt_msg/local/lib/python3.10/dist-packages/wheeltec_rrt_msg-0.0.0-py3.10.egg-info/SOURCES.txt
[3.448s] -- Up-to-date symlink: /home/wheeltec/wheeltec_ros2/install/wheeltec_rrt_msg/local/lib/python3.10/dist-packages/wheeltec_rrt_msg-0.0.0-py3.10.egg-info/dependency_links.txt
[3.448s] -- Up-to-date symlink: /home/wheeltec/wheeltec_ros2/install/wheeltec_rrt_msg/local/lib/python3.10/dist-packages/wheeltec_rrt_msg-0.0.0-py3.10.egg-info/top_level.txt
[3.450s] -- Up-to-date symlink: /home/wheeltec/wheeltec_ros2/install/wheeltec_rrt_msg/local/lib/python3.10/dist-packages/wheeltec_rrt_msg/__init__.py
[3.450s] -- Up-to-date symlink: /home/wheeltec/wheeltec_ros2/install/wheeltec_rrt_msg/local/lib/python3.10/dist-packages/wheeltec_rrt_msg/_wheeltec_rrt_msg_s.ep.rosidl_typesupport_c.c
[3.450s] -- Up-to-date symlink: /home/wheeltec/wheeltec_ros2/install/wheeltec_rrt_msg/local/lib/python3.10/dist-packages/wheeltec_rrt_msg/_wheeltec_rrt_msg_s.ep.rosidl_typesupport_fastrtps_c.c
[3.451s] -- Up-to-date symlink: /home/wheeltec/wheeltec_ros2/install/wheeltec_rrt_msg/local/lib/python3.10/dist-packages/wheeltec_rrt_msg/_wheeltec_rrt_msg_s.ep.rosidl_typesupport_introspection_c.c
[3.451s] -- Up-to-date symlink: /home/wheeltec/wheeltec_ros2/install/wheeltec_rrt_msg/local/lib/python3.10/dist-packages/wheeltec_rrt_msg/action/__init__.py
[3.451s] -- Up-to-date symlink: /home/wheeltec/wheeltec_ros2/install/wheeltec_rrt_msg/local/lib/python3.10/dist-packages/wheeltec_rrt_msg/action/_change_position.py
[3.451s] -- Up-to-date symlink: /home/wheeltec/wheeltec_ros2/install/wheeltec_rrt_msg/local/lib/python3.10/dist-packages/wheeltec_rrt_msg/action/_change_position_s.c
[3.451s] -- Up-to-date symlink: /home/wheeltec/wheeltec_ros2/install/wheeltec_rrt_msg/local/lib/python3.10/dist-packages/wheeltec_rrt_msg/action/_find_coloured_box.py
[3.452s] -- Up-to-date symlink: /home/wheeltec/wheeltec_ros2/install/wheeltec_rrt_msg/local/lib/python3.10/dist-packages/wheeltec_rrt_msg/action/_find_coloured_box_s.c
[3.452s] -- Up-to-date symlink: /home/wheeltec/wheeltec_ros2/install/wheeltec_rrt_msg/local/lib/python3.10/dist-packages/wheeltec_rrt_msg/action/_pick_coloured_box.py
[3.452s] -- Up-to-date symlink: /home/wheeltec/wheeltec_ros2/install/wheeltec_rrt_msg/local/lib/python3.10/dist-packages/wheeltec_rrt_msg/action/_pick_coloured_box_s.c
[3.452s] -- Up-to-date symlink: /home/wheeltec/wheeltec_ros2/install/wheeltec_rrt_msg/local/lib/python3.10/dist-packages/wheeltec_rrt_msg/libwheeltec_rrt_msg__rosidl_generator_py.so
[3.452s] -- Up-to-date symlink: /home/wheeltec/wheeltec_ros2/install/wheeltec_rrt_msg/local/lib/python3.10/dist-packages/wheeltec_rrt_msg/msg/__init__.py
[3.452s] -- Up-to-date symlink: /home/wheeltec/wheeltec_ros2/install/wheeltec_rrt_msg/local/lib/python3.10/dist-packages/wheeltec_rrt_msg/msg/_point_array.py
[3.453s] -- Up-to-date symlink: /home/wheeltec/wheeltec_ros2/install/wheeltec_rrt_msg/local/lib/python3.10/dist-packages/wheeltec_rrt_msg/msg/_point_array_s.c
[3.453s] -- Up-to-date symlink: /home/wheeltec/wheeltec_ros2/install/wheeltec_rrt_msg/local/lib/python3.10/dist-packages/wheeltec_rrt_msg/srv/__init__.py
[3.453s] -- Up-to-date symlink: /home/wheeltec/wheeltec_ros2/install/wheeltec_rrt_msg/local/lib/python3.10/dist-packages/wheeltec_rrt_msg/srv/_delete_shape.py
[3.453s] -- Up-to-date symlink: /home/wheeltec/wheeltec_ros2/install/wheeltec_rrt_msg/local/lib/python3.10/dist-packages/wheeltec_rrt_msg/srv/_delete_shape_s.c
[3.453s] -- Up-to-date symlink: /home/wheeltec/wheeltec_ros2/install/wheeltec_rrt_msg/local/lib/python3.10/dist-packages/wheeltec_rrt_msg/wheeltec_rrt_msg_s__rosidl_typesupport_c.cpython-310-aarch64-linux-gnu.so
[3.453s] -- Up-to-date symlink: /home/wheeltec/wheeltec_ros2/install/wheeltec_rrt_msg/local/lib/python3.10/dist-packages/wheeltec_rrt_msg/wheeltec_rrt_msg_s__rosidl_typesupport_fastrtps_c.cpython-310-aarch64-linux-gnu.so
[3.454s] -- Up-to-date symlink: /home/wheeltec/wheeltec_ros2/install/wheeltec_rrt_msg/local/lib/python3.10/dist-packages/wheeltec_rrt_msg/wheeltec_rrt_msg_s__rosidl_typesupport_introspection_c.cpython-310-aarch64-linux-gnu.so
[3.454s] -- Up-to-date symlink: /home/wheeltec/wheeltec_ros2/install/wheeltec_rrt_msg/local/lib/python3.10/dist-packages/wheeltec_rrt_msg/wheeltec_rrt_msg_s__rosidl_typesupport_fastrtps_c.cpython-310-aarch64-linux-gnu.so
[3.454s] -- Up-to-date symlink: /home/wheeltec/wheeltec_ros2/install/wheeltec_rrt_msg/local/lib/python3.10/dist-packages/wheeltec_rrt_msg/wheeltec_rrt_msg_s__rosidl_typesupport_introspection_c.cpython-310-aarch64-linux-gnu.so
[3.454s] -- Up-to-date symlink: /home/wheeltec/wheeltec_ros2/install/wheeltec_rrt_msg/local/lib/python3.10/dist-packages/wheeltec_rrt_msg/wheeltec_rrt_msg_s__rosidl_typesupport_c.cpython-310-aarch64-linux-gnu.so
[3.454s] -- Up-to-date symlink: /home/wheeltec/wheeltec_ros2/install/wheeltec_rrt_msg/share/wheeltec_rrt_msg/action/ChangePosition.idl
[3.454s] -- Up-to-date symlink: /home/wheeltec/wheeltec_ros2/install/wheeltec_rrt_msg/share/wheeltec_rrt_msg/action/FindColouredBox.idl
[3.455s] -- Up-to-date symlink: /home/wheeltec/wheeltec_ros2/install/wheeltec_rrt_msg/share/wheeltec_rrt_msg/action/PickColouredBox.idl
[3.455s] -- Up-to-date symlink: /home/wheeltec/wheeltec_ros2/install/wheeltec_rrt_msg/share/wheeltec_rrt_msg/srv/DeleteShape.idl
[3.455s] -- Up-to-date symlink: /home/wheeltec/wheeltec_ros2/install/wheeltec_rrt_msg/share/wheeltec_rrt_msg/msg/PointArray.idl
[3.455s] -- Up-to-date symlink: /home/wheeltec/wheeltec_ros2/install/wheeltec_rrt_msg/share/wheeltec_rrt_msg/action/ChangePosition.action
[3.455s] -- Up-to-date symlink: /home/wheeltec/wheeltec_ros2/install/wheeltec_rrt_msg/share/wheeltec_rrt_msg/action/FindColouredBox.action
[3.455s] -- Up-to-date symlink: /home/wheeltec/wheeltec_ros2/install/wheeltec_rrt_msg/share/wheeltec_rrt_msg/action/PickColouredBox.action
[3.455s] -- Up-to-date symlink: /home/wheeltec/wheeltec_ros2/install/wheeltec_rrt_msg/share/wheeltec_rrt_msg/srv/DeleteShape.srv
[3.456s] -- Up-to-date symlink: /home/wheeltec/wheeltec_ros2/install/wheeltec_rrt_msg/share/wheeltec_rrt_msg/srv/DeleteShape_Request.msg
[3.456s] -- Up-to-date symlink: /home/wheeltec/wheeltec_ros2/install/wheeltec_rrt_msg/share/wheeltec_rrt_msg/srv/DeleteShape_Response.msg
[3.456s] -- Up-to-date symlink: /home/wheeltec/wheeltec_ros2/install/wheeltec_rrt_msg/share/wheeltec_rrt_msg/msg/PointArray.msg
[3.456s] -- Up-to-date symlink: /home/wheeltec/wheeltec_ros2/install/wheeltec_rrt_msg/share/ament_index/resource_index/package_run_dependencies/wheeltec_rrt_msg
[3.457s] -- Up-to-date symlink: /home/wheeltec/wheeltec_ros2/install/wheeltec_rrt_msg/share/ament_index/resource_index/parent_prefix_path/wheeltec_rrt_msg
[3.457s] -- Up-to-date symlink: /home/wheeltec/wheeltec_ros2/install/wheeltec_rrt_msg/share/wheeltec_rrt_msg/environment/ament_prefix_path.sh
[3.457s] -- Up-to-date symlink: /home/wheeltec/wheeltec_ros2/install/wheeltec_rrt_msg/share/wheeltec_rrt_msg/environment/ament_prefix_path.dsv
[3.457s] -- Up-to-date symlink: /home/wheeltec/wheeltec_ros2/install/wheeltec_rrt_msg/share/wheeltec_rrt_msg/environment/path.sh
[3.458s] -- Up-to-date symlink: /home/wheeltec/wheeltec_ros2/install/wheeltec_rrt_msg/share/wheeltec_rrt_msg/environment/path.dsv
[3.458s] -- Up-to-date symlink: /home/wheeltec/wheeltec_ros2/install/wheeltec_rrt_msg/share/wheeltec_rrt_msg/local_setup.bash
[3.458s] -- Up-to-date symlink: /home/wheeltec/wheeltec_ros2/install/wheeltec_rrt_msg/share/wheeltec_rrt_msg/local_setup.sh
[3.458s] -- Up-to-date symlink: /home/wheeltec/wheeltec_ros2/install/wheeltec_rrt_msg/share/wheeltec_rrt_msg/local_setup.zsh
[3.458s] -- Up-to-date symlink: /home/wheeltec/wheeltec_ros2/install/wheeltec_rrt_msg/share/wheeltec_rrt_msg/local_setup.dsv
[3.459s] -- Symlinking: /home/wheeltec/wheeltec_ros2/install/wheeltec_rrt_msg/share/wheeltec_rrt_msg/package.dsv
[3.536s] -- Up-to-date symlink: /home/wheeltec/wheeltec_ros2/install/wheeltec_rrt_msg/share/ament_index/resource_index/packages/wheeltec_rrt_msg
[3.537s] -- Up-to-date symlink: /home/wheeltec/wheeltec_ros2/install/wheeltec_rrt_msg/share/wheeltec_rrt_msg/cmake/rosidl_cmake-extras.cmake
[3.537s] -- Up-to-date symlink: /home/wheeltec/wheeltec_ros2/install/wheeltec_rrt_msg/share/wheeltec_rrt_msg/cmake/ament_cmake_export_dependencies-extras.cmake
[3.538s] -- Up-to-date symlink: /home/wheeltec/wheeltec_ros2/install/wheeltec_rrt_msg/share/wheeltec_rrt_msg/cmake/ament_cmake_export_include_directories-extras.cmake
[3.538s] -- Up-to-date symlink: /home/wheeltec/wheeltec_ros2/install/wheeltec_rrt_msg/share/wheeltec_rrt_msg/cmake/ament_cmake_export_libraries-extras.cmake
[3.539s] -- Up-to-date symlink: /home/wheeltec/wheeltec_ros2/install/wheeltec_rrt_msg/share/wheeltec_rrt_msg/cmake/ament_cmake_export_targets-extras.cmake
[3.540s] -- Up-to-date symlink: /home/wheeltec/wheeltec_ros2/install/wheeltec_rrt_msg/share/wheeltec_rrt_msg/cmake/rosidl_cmake_export_typesupport_targets-extras.cmake
[3.540s] -- Up-to-date symlink: /home/wheeltec/wheeltec_ros2/install/wheeltec_rrt_msg/share/wheeltec_rrt_msg/cmake/rosidl_cmake_export_typesupport_libraries-extras.cmake
[3.541s] -- Up-to-date symlink: /home/wheeltec/wheeltec_ros2/install/wheeltec_rrt_msg/share/wheeltec_rrt_msg/cmake/wheeltec_rrt_msgConfig.cmake
[3.542s] -- Up-to-date symlink: /home/wheeltec/wheeltec_ros2/install/wheeltec_rrt_msg/share/wheeltec_rrt_msg/cmake/wheeltec_rrt_msgConfig-version.cmake
[3.542s] -- Up-to-date symlink: /home/wheeltec/wheeltec_ros2/install/wheeltec_rrt_msg/share/wheeltec_rrt_msg/package.xml
[3.542s] -- Up-to-date: /home/wheeltec/wheeltec_ros2/install/wheeltec_rrt_msg/lib/libwheeltec_rrt_msg__rosidl_generator_c.so
[3.542s] -- Up-to-date: /home/wheeltec/wheeltec_ros2/install/wheeltec_rrt_msg/lib/libwheeltec_rrt_msg__rosidl_typesupport_fastrtps_c.so
[3.542s] -- Up-to-date: /home/wheeltec/wheeltec_ros2/install/wheeltec_rrt_msg/lib/libwheeltec_rrt_msg__rosidl_typesupport_introspection_c.so
[3.542s] -- Up-to-date: /home/wheeltec/wheeltec_ros2/install/wheeltec_rrt_msg/lib/libwheeltec_rrt_msg__rosidl_typesupport_c.so
[3.543s] -- Up-to-date: /home/wheeltec/wheeltec_ros2/install/wheeltec_rrt_msg/lib/libwheeltec_rrt_msg__rosidl_typesupport_fastrtps_cpp.so
[3.543s] -- Up-to-date: /home/wheeltec/wheeltec_ros2/install/wheeltec_rrt_msg/lib/libwheeltec_rrt_msg__rosidl_typesupport_introspection_cpp.so
[3.543s] -- Up-to-date: /home/wheeltec/wheeltec_ros2/install/wheeltec_rrt_msg/lib/libwheeltec_rrt_msg__rosidl_typesupport_cpp.so
[3.701s] Listing '/home/wheeltec/wheeltec_ros2/install/wheeltec_rrt_msg/local/lib/python3.10/dist-packages/wheeltec_rrt_msg'...
[3.701s] Listing '/home/wheeltec/wheeltec_ros2/install/wheeltec_rrt_msg/local/lib/python3.10/dist-packages/wheeltec_rrt_msg/action'...
[3.701s] Listing '/home/wheeltec/wheeltec_ros2/install/wheeltec_rrt_msg/local/lib/python3.10/dist-packages/wheeltec_rrt_msg/msg'...
[3.701s] Listing '/home/wheeltec/wheeltec_ros2/install/wheeltec_rrt_msg/local/lib/python3.10/dist-packages/wheeltec_rrt_msg/srv'...
[3.713s] -- Up-to-date: /home/wheeltec/wheeltec_ros2/install/wheeltec_rrt_msg/lib/libwheeltec_rrt_msg__rosidl_generator_py.so
[3.713s] -- Up-to-date: /home/wheeltec/wheeltec_ros2/install/wheeltec_rrt_msg/share/wheeltec_rrt_msg/cmake/export_wheeltec_rrt_msg__rosidl_generator_cExport.cmake
[3.713s] -- Up-to-date: /home/wheeltec/wheeltec_ros2/install/wheeltec_rrt_msg/share/wheeltec_rrt_msg/cmake/export_wheeltec_rrt_msg__rosidl_generator_cExport-noconfig.cmake
[3.714s] -- Up-to-date: /home/wheeltec/wheeltec_ros2/install/wheeltec_rrt_msg/share/wheeltec_rrt_msg/cmake/export_wheeltec_rrt_msg__rosidl_typesupport_fastrtps_cExport.cmake
[3.714s] -- Up-to-date: /home/wheeltec/wheeltec_ros2/install/wheeltec_rrt_msg/share/wheeltec_rrt_msg/cmake/export_wheeltec_rrt_msg__rosidl_typesupport_fastrtps_cExport-noconfig.cmake
[3.714s] -- Up-to-date: /home/wheeltec/wheeltec_ros2/install/wheeltec_rrt_msg/share/wheeltec_rrt_msg/cmake/wheeltec_rrt_msg__rosidl_typesupport_introspection_cExport.cmake
[3.714s] -- Up-to-date: /home/wheeltec/wheeltec_ros2/install/wheeltec_rrt_msg/share/wheeltec_rrt_msg/cmake/wheeltec_rrt_msg__rosidl_typesupport_introspection_cExport-noconfig.cmake
[3.714s] -- Up-to-date: /home/wheeltec/wheeltec_ros2/install/wheeltec_rrt_msg/share/wheeltec_rrt_msg/cmake/wheeltec_rrt_msg__rosidl_typesupport_cExport.cmake
[3.714s] -- Up-to-date: /home/wheeltec/wheeltec_ros2/install/wheeltec_rrt_msg/share/wheeltec_rrt_msg/cmake/wheeltec_rrt_msg__rosidl_typesupport_cExport-noconfig.cmake
[3.714s] -- Up-to-date: /home/wheeltec/wheeltec_ros2/install/wheeltec_rrt_msg/share/wheeltec_rrt_msg/cmake/export_wheeltec_rrt_msg__rosidl_generator_cppExport.cmake
[3.714s] -- Up-to-date: /home/wheeltec/wheeltec_ros2/install/wheeltec_rrt_msg/share/wheeltec_rrt_msg/cmake/export_wheeltec_rrt_msg__rosidl_typesupport_fastrtps_cppExport.cmake
[3.714s] -- Up-to-date: /home/wheeltec/wheeltec_ros2/install/wheeltec_rrt_msg/share/wheeltec_rrt_msg/cmake/export_wheeltec_rrt_msg__rosidl_typesupport_fastrtps_cppExport-noconfig.cmake
[3.715s] -- Up-to-date: /home/wheeltec/wheeltec_ros2/install/wheeltec_rrt_msg/share/wheeltec_rrt_msg/cmake/wheeltec_rrt_msg__rosidl_typesupport_introspection_cppExport.cmake
[3.715s] -- Up-to-date: /home/wheeltec/wheeltec_ros2/install/wheeltec_rrt_msg/share/wheeltec_rrt_msg/cmake/wheeltec_rrt_msg__rosidl_typesupport_introspection_cppExport-noconfig.cmake
[3.715s] -- Up-to-date: /home/wheeltec/wheeltec_ros2/install/wheeltec_rrt_msg/share/wheeltec_rrt_msg/cmake/wheeltec_rrt_msg__rosidl_typesupport_cppExport.cmake
[3.715s] -- Up-to-date: /home/wheeltec/wheeltec_ros2/install/wheeltec_rrt_msg/share/wheeltec_rrt_msg/cmake/wheeltec_rrt_msg__rosidl_typesupport_cppExport-noconfig.cmake
[3.715s] -- Up-to-date: /home/wheeltec/wheeltec_ros2/install/wheeltec_rrt_msg/share/wheeltec_rrt_msg/cmake/export_wheeltec_rrt_msg__rosidl_generator_pyExport.cmake
[3.715s] -- Up-to-date: /home/wheeltec/wheeltec_ros2/install/wheeltec_rrt_msg/share/wheeltec_rrt_msg/cmake/export_wheeltec_rrt_msg__rosidl_generator_pyExport-noconfig.cmake
[4.542s] Invoked command in '/home/wheeltec/wheeltec_ros2/build/wheeltec_rrt_msg' returned '0': CMAKE_PREFIX_PATH=${CMAKE_PREFIX_PATH}:/home/wheeltec/wheeltec_ros2/install/simple_follower_ros2:/home/wheeltec/wheeltec_ros2/install/wheeltec_robot_keyboard:/home/wheeltec/wheeltec_ros2/install/wheeltec_dual_rtk_driver:/home/wheeltec/wheeltec_ros2/install/ultralytics_ros2:/home/wheeltec/wheeltec_ros2/install/tf2_tools:/home/wheeltec/wheeltec_ros2/install/ollama_ros_chat:/home/wheeltec/wheeltec_ros2/install/nmea_navsat_driver:/home/wheeltec/wheeltec_ros2/install/nav2_waypoint_cycle:/home/wheeltec/wheeltec_ros2/install/nav2_simple_commander:/home/wheeltec/wheeltec_ros2/install/largemodel:/home/wheeltec/wheeltec_ros2/install/auto_recharge_ros2:/home/wheeltec/autoware/install/autoware_wheeltec_interface:/home/wheeltec/autoware/install/ad_api_visualizers:/opt/ros/humble /usr/bin/cmake --install /home/wheeltec/wheeltec_ros2/build/wheeltec_rrt_msg
