[0.099s] Invoking command in '/home/wheeltec/wheeltec_ros2/build/ldlidar': CMAKE_PREFIX_PATH=${CMAKE_PREFIX_PATH}:/home/wheeltec/wheeltec_ros2/install/wheeltec_dual_rtk_driver:/home/wheeltec/wheeltec_ros2/install/ultralytics_ros2:/home/wheeltec/wheeltec_ros2/install/tf2_tools:/home/wheeltec/wheeltec_ros2/install/nav2_waypoint_cycle:/home/wheeltec/wheeltec_ros2/install/nav2_simple_commander:/home/wheeltec/wheeltec_ros2/install/auto_recharge_ros2:/home/wheeltec/autoware/install/autoware_wheeltec_interface:/home/wheeltec/autoware/install/ad_api_visualizers:/opt/ros/humble /usr/bin/cmake --build /home/wheeltec/wheeltec_ros2/build/ldlidar -- -j6 -l6
[0.223s] [35m[1mConsolidate compiler generated dependencies of target ldlidar[0m
[0.296s] [100%] Built target ldlidar
[0.331s] Invoked command in '/home/wheeltec/wheeltec_ros2/build/ldlidar' returned '0': CMAKE_PREFIX_PATH=${CMAKE_PREFIX_PATH}:/home/wheeltec/wheeltec_ros2/install/wheeltec_dual_rtk_driver:/home/wheeltec/wheeltec_ros2/install/ultralytics_ros2:/home/wheeltec/wheeltec_ros2/install/tf2_tools:/home/wheeltec/wheeltec_ros2/install/nav2_waypoint_cycle:/home/wheeltec/wheeltec_ros2/install/nav2_simple_commander:/home/wheeltec/wheeltec_ros2/install/auto_recharge_ros2:/home/wheeltec/autoware/install/autoware_wheeltec_interface:/home/wheeltec/autoware/install/ad_api_visualizers:/opt/ros/humble /usr/bin/cmake --build /home/wheeltec/wheeltec_ros2/build/ldlidar -- -j6 -l6
[0.335s] Invoking command in '/home/wheeltec/wheeltec_ros2/build/ldlidar': CMAKE_PREFIX_PATH=${CMAKE_PREFIX_PATH}:/home/wheeltec/wheeltec_ros2/install/wheeltec_dual_rtk_driver:/home/wheeltec/wheeltec_ros2/install/ultralytics_ros2:/home/wheeltec/wheeltec_ros2/install/tf2_tools:/home/wheeltec/wheeltec_ros2/install/nav2_waypoint_cycle:/home/wheeltec/wheeltec_ros2/install/nav2_simple_commander:/home/wheeltec/wheeltec_ros2/install/auto_recharge_ros2:/home/wheeltec/autoware/install/autoware_wheeltec_interface:/home/wheeltec/autoware/install/ad_api_visualizers:/opt/ros/humble /usr/bin/cmake --install /home/wheeltec/wheeltec_ros2/build/ldlidar
[0.355s] -- Install configuration: ""
[0.355s] -- Execute custom install script
[0.355s] -- Up-to-date symlink: /home/wheeltec/wheeltec_ros2/install/ldlidar/lib/ldlidar/ldlidar
[0.355s] -- Up-to-date symlink: /home/wheeltec/wheeltec_ros2/install/ldlidar/share/ldlidar//launch/ld06.launch.py
[0.356s] -- Up-to-date symlink: /home/wheeltec/wheeltec_ros2/install/ldlidar/share/ldlidar//launch/ld06net.launch.py
[0.356s] -- Up-to-date symlink: /home/wheeltec/wheeltec_ros2/install/ldlidar/share/ldlidar//launch/ld19.launch.py
[0.356s] -- Up-to-date symlink: /home/wheeltec/wheeltec_ros2/install/ldlidar/share/ldlidar//launch/stl06n.launch.py
[0.356s] -- Up-to-date symlink: /home/wheeltec/wheeltec_ros2/install/ldlidar/share/ldlidar//launch/stl06nbj.launch.py
[0.356s] -- Up-to-date symlink: /home/wheeltec/wheeltec_ros2/install/ldlidar/share/ldlidar//launch/stl06nbjnet.launch.py
[0.356s] -- Up-to-date symlink: /home/wheeltec/wheeltec_ros2/install/ldlidar/share/ldlidar//launch/stl06nnet.launch.py
[0.357s] -- Up-to-date symlink: /home/wheeltec/wheeltec_ros2/install/ldlidar/share/ldlidar//launch/stl06p.launch.py
[0.357s] -- Up-to-date symlink: /home/wheeltec/wheeltec_ros2/install/ldlidar/share/ldlidar//launch/stl19n.launch.py
[0.357s] -- Up-to-date symlink: /home/wheeltec/wheeltec_ros2/install/ldlidar/share/ldlidar//launch/stl19p.launch.py
[0.357s] -- Up-to-date symlink: /home/wheeltec/wheeltec_ros2/install/ldlidar/share/ldlidar//launch/stl19pnet.launch.py
[0.358s] -- Up-to-date symlink: /home/wheeltec/wheeltec_ros2/install/ldlidar/share/ldlidar//launch/stl26.launch.py
[0.358s] -- Up-to-date symlink: /home/wheeltec/wheeltec_ros2/install/ldlidar/share/ldlidar//launch/stl27l.launch.py
[0.358s] -- Up-to-date symlink: /home/wheeltec/wheeltec_ros2/install/ldlidar/share/ldlidar//launch/viewer_ld06.launch.py
[0.358s] -- Up-to-date symlink: /home/wheeltec/wheeltec_ros2/install/ldlidar/share/ldlidar//launch/viewer_ld19.launch.py
[0.358s] -- Up-to-date symlink: /home/wheeltec/wheeltec_ros2/install/ldlidar/share/ldlidar//launch/viewer_stl06n.launch.py
[0.359s] -- Up-to-date symlink: /home/wheeltec/wheeltec_ros2/install/ldlidar/share/ldlidar//launch/viewer_stl06p.launch.py
[0.359s] -- Up-to-date symlink: /home/wheeltec/wheeltec_ros2/install/ldlidar/share/ldlidar//launch/viewer_stl26.launch.py
[0.359s] -- Up-to-date symlink: /home/wheeltec/wheeltec_ros2/install/ldlidar/share/ldlidar//launch/viewer_stl27l.launch.py
[0.360s] -- Up-to-date symlink: /home/wheeltec/wheeltec_ros2/install/ldlidar/share/ldlidar//rviz2/ldlidar.rviz
[0.361s] -- Up-to-date symlink: /home/wheeltec/wheeltec_ros2/install/ldlidar/share/ament_index/resource_index/package_run_dependencies/ldlidar
[0.361s] -- Up-to-date symlink: /home/wheeltec/wheeltec_ros2/install/ldlidar/share/ament_index/resource_index/parent_prefix_path/ldlidar
[0.361s] -- Up-to-date symlink: /home/wheeltec/wheeltec_ros2/install/ldlidar/share/ldlidar/environment/ament_prefix_path.sh
[0.361s] -- Up-to-date symlink: /home/wheeltec/wheeltec_ros2/install/ldlidar/share/ldlidar/environment/ament_prefix_path.dsv
[0.362s] -- Up-to-date symlink: /home/wheeltec/wheeltec_ros2/install/ldlidar/share/ldlidar/environment/path.sh
[0.362s] -- Up-to-date symlink: /home/wheeltec/wheeltec_ros2/install/ldlidar/share/ldlidar/environment/path.dsv
[0.362s] -- Up-to-date symlink: /home/wheeltec/wheeltec_ros2/install/ldlidar/share/ldlidar/local_setup.bash
[0.363s] -- Up-to-date symlink: /home/wheeltec/wheeltec_ros2/install/ldlidar/share/ldlidar/local_setup.sh
[0.363s] -- Up-to-date symlink: /home/wheeltec/wheeltec_ros2/install/ldlidar/share/ldlidar/local_setup.zsh
[0.363s] -- Up-to-date symlink: /home/wheeltec/wheeltec_ros2/install/ldlidar/share/ldlidar/local_setup.dsv
[0.363s] -- Symlinking: /home/wheeltec/wheeltec_ros2/install/ldlidar/share/ldlidar/package.dsv
[0.381s] -- Up-to-date symlink: /home/wheeltec/wheeltec_ros2/install/ldlidar/share/ament_index/resource_index/packages/ldlidar
[0.382s] -- Up-to-date symlink: /home/wheeltec/wheeltec_ros2/install/ldlidar/share/ldlidar/cmake/ldlidarConfig.cmake
[0.382s] -- Up-to-date symlink: /home/wheeltec/wheeltec_ros2/install/ldlidar/share/ldlidar/cmake/ldlidarConfig-version.cmake
[0.382s] -- Up-to-date symlink: /home/wheeltec/wheeltec_ros2/install/ldlidar/share/ldlidar/package.xml
[0.390s] Invoked command in '/home/wheeltec/wheeltec_ros2/build/ldlidar' returned '0': CMAKE_PREFIX_PATH=${CMAKE_PREFIX_PATH}:/home/wheeltec/wheeltec_ros2/install/wheeltec_dual_rtk_driver:/home/wheeltec/wheeltec_ros2/install/ultralytics_ros2:/home/wheeltec/wheeltec_ros2/install/tf2_tools:/home/wheeltec/wheeltec_ros2/install/nav2_waypoint_cycle:/home/wheeltec/wheeltec_ros2/install/nav2_simple_commander:/home/wheeltec/wheeltec_ros2/install/auto_recharge_ros2:/home/wheeltec/autoware/install/autoware_wheeltec_interface:/home/wheeltec/autoware/install/ad_api_visualizers:/opt/ros/humble /usr/bin/cmake --install /home/wheeltec/wheeltec_ros2/build/ldlidar
