[0.247s] Invoking command in '/home/wheeltec/wheeltec_ros2/build/serial': CMAKE_PREFIX_PATH=${CMAKE_PREFIX_PATH}:/home/wheeltec/wheeltec_ros2/install/auto_recharge_ros2:/home/wheeltec/autoware/install/autoware_wheeltec_interface:/home/wheeltec/autoware/install/ad_api_visualizers:/opt/ros/humble /usr/bin/cmake --build /home/wheeltec/wheeltec_ros2/build/serial -- -j6 -l6
[0.345s] [100%] Built target serial
[0.443s] Invoked command in '/home/wheeltec/wheeltec_ros2/build/serial' returned '0': CMAKE_PREFIX_PATH=${CMAKE_PREFIX_PATH}:/home/wheeltec/wheeltec_ros2/install/auto_recharge_ros2:/home/wheeltec/autoware/install/autoware_wheeltec_interface:/home/wheeltec/autoware/install/ad_api_visualizers:/opt/ros/humble /usr/bin/cmake --build /home/wheeltec/wheeltec_ros2/build/serial -- -j6 -l6
[0.444s] Invoking command in '/home/wheeltec/wheeltec_ros2/build/serial': CMAKE_PREFIX_PATH=${CMAKE_PREFIX_PATH}:/home/wheeltec/wheeltec_ros2/install/auto_recharge_ros2:/home/wheeltec/autoware/install/autoware_wheeltec_interface:/home/wheeltec/autoware/install/ad_api_visualizers:/opt/ros/humble /usr/bin/cmake --install /home/wheeltec/wheeltec_ros2/build/serial
[0.533s] -- Install configuration: ""
[0.533s] -- Execute custom install script
[0.533s] -- Up-to-date symlink: /home/wheeltec/wheeltec_ros2/install/serial/lib/libserial.a
[0.534s] -- Up-to-date symlink: /home/wheeltec/wheeltec_ros2/install/serial/share/serial/environment/library_path.sh
[0.534s] -- Up-to-date symlink: /home/wheeltec/wheeltec_ros2/install/serial/share/serial/environment/library_path.dsv
[0.534s] -- Up-to-date symlink: /home/wheeltec/wheeltec_ros2/install/serial/include/serial/impl/unix.h
[0.534s] -- Up-to-date symlink: /home/wheeltec/wheeltec_ros2/install/serial/include/serial/impl/win.h
[0.534s] -- Up-to-date symlink: /home/wheeltec/wheeltec_ros2/install/serial/include/serial/serial.h
[0.534s] -- Up-to-date symlink: /home/wheeltec/wheeltec_ros2/install/serial/include/serial/v8stdint.h
[0.534s] -- Up-to-date symlink: /home/wheeltec/wheeltec_ros2/install/serial/share/ament_index/resource_index/package_run_dependencies/serial
[0.534s] -- Up-to-date symlink: /home/wheeltec/wheeltec_ros2/install/serial/share/ament_index/resource_index/parent_prefix_path/serial
[0.534s] -- Up-to-date symlink: /home/wheeltec/wheeltec_ros2/install/serial/share/serial/environment/ament_prefix_path.sh
[0.534s] -- Up-to-date symlink: /home/wheeltec/wheeltec_ros2/install/serial/share/serial/environment/ament_prefix_path.dsv
[0.534s] -- Up-to-date symlink: /home/wheeltec/wheeltec_ros2/install/serial/share/serial/environment/path.sh
[0.535s] -- Up-to-date symlink: /home/wheeltec/wheeltec_ros2/install/serial/share/serial/environment/path.dsv
[0.535s] -- Up-to-date symlink: /home/wheeltec/wheeltec_ros2/install/serial/share/serial/local_setup.bash
[0.535s] -- Up-to-date symlink: /home/wheeltec/wheeltec_ros2/install/serial/share/serial/local_setup.sh
[0.535s] -- Up-to-date symlink: /home/wheeltec/wheeltec_ros2/install/serial/share/serial/local_setup.zsh
[0.535s] -- Up-to-date symlink: /home/wheeltec/wheeltec_ros2/install/serial/share/serial/local_setup.dsv
[0.535s] -- Symlinking: /home/wheeltec/wheeltec_ros2/install/serial/share/serial/package.dsv
[0.539s] -- Up-to-date symlink: /home/wheeltec/wheeltec_ros2/install/serial/share/ament_index/resource_index/packages/serial
[0.540s] -- Up-to-date symlink: /home/wheeltec/wheeltec_ros2/install/serial/share/serial/cmake/ament_cmake_export_include_directories-extras.cmake
[0.540s] -- Up-to-date symlink: /home/wheeltec/wheeltec_ros2/install/serial/share/serial/cmake/ament_cmake_export_libraries-extras.cmake
[0.540s] -- Up-to-date symlink: /home/wheeltec/wheeltec_ros2/install/serial/share/serial/cmake/ament_cmake_export_dependencies-extras.cmake
[0.540s] -- Up-to-date symlink: /home/wheeltec/wheeltec_ros2/install/serial/share/serial/cmake/serialConfig.cmake
[0.540s] -- Up-to-date symlink: /home/wheeltec/wheeltec_ros2/install/serial/share/serial/cmake/serialConfig-version.cmake
[0.540s] -- Up-to-date symlink: /home/wheeltec/wheeltec_ros2/install/serial/share/serial/package.xml
[0.670s] Invoked command in '/home/wheeltec/wheeltec_ros2/build/serial' returned '0': CMAKE_PREFIX_PATH=${CMAKE_PREFIX_PATH}:/home/wheeltec/wheeltec_ros2/install/auto_recharge_ros2:/home/wheeltec/autoware/install/autoware_wheeltec_interface:/home/wheeltec/autoware/install/ad_api_visualizers:/opt/ros/humble /usr/bin/cmake --install /home/wheeltec/wheeltec_ros2/build/serial
