[0.148s] Invoking command in '/home/wheeltec/wheeltec_ros2/build/ackermann_msgs': CMAKE_PREFIX_PATH=${CMAKE_PREFIX_PATH}:/home/wheeltec/wheeltec_ros2/install/wheeltec_robot_keyboard:/home/wheeltec/wheeltec_ros2/install/wheeltec_dual_rtk_driver:/home/wheeltec/wheeltec_ros2/install/ultralytics_ros2:/home/wheeltec/wheeltec_ros2/install/tf2_tools:/home/wheeltec/wheeltec_ros2/install/nav2_waypoint_cycle:/home/wheeltec/wheeltec_ros2/install/nav2_simple_commander:/home/wheeltec/wheeltec_ros2/install/auto_recharge_ros2:/home/wheeltec/autoware/install/autoware_wheeltec_interface:/home/wheeltec/autoware/install/ad_api_visualizers:/opt/ros/humble /usr/bin/cmake --build /home/wheeltec/wheeltec_ros2/build/ackermann_msgs -- -j6 -l6
[0.335s] [  2%] Built target ackermann_msgs__cpp
[0.338s] [ 12%] Built target ackermann_msgs__rosidl_generator_c
[0.413s] [ 12%] Built target ament_cmake_python_symlink_ackermann_msgs
[0.478s] [ 23%] Built target ackermann_msgs__rosidl_typesupport_cpp
[0.505s] [ 33%] Built target ackermann_msgs__rosidl_typesupport_fastrtps_cpp
[0.506s] [ 43%] Built target ackermann_msgs__rosidl_typesupport_introspection_cpp
[0.553s] [ 53%] Built target ackermann_msgs__rosidl_typesupport_fastrtps_c
[0.560s] [ 64%] Built target ackermann_msgs__rosidl_typesupport_introspection_c
[0.571s] [ 74%] Built target ackermann_msgs__rosidl_typesupport_c
[0.683s] [ 74%] Built target ackermann_msgs
[0.755s] [ 76%] Built target ackermann_msgs__py
[0.879s] [ 84%] Built target ackermann_msgs__rosidl_generator_py
[1.003s] [ 89%] Built target ackermann_msgs__rosidl_typesupport_fastrtps_c__pyext
[1.030s] [ 94%] Built target ackermann_msgs__rosidl_typesupport_introspection_c__pyext
[1.036s] [100%] Built target ackermann_msgs__rosidl_typesupport_c__pyext
[1.709s] running egg_info
[1.716s] writing ackermann_msgs.egg-info/PKG-INFO
[1.717s] writing dependency_links to ackermann_msgs.egg-info/dependency_links.txt
[1.718s] writing top-level names to ackermann_msgs.egg-info/top_level.txt
[1.741s] reading manifest file 'ackermann_msgs.egg-info/SOURCES.txt'
[1.743s] writing manifest file 'ackermann_msgs.egg-info/SOURCES.txt'
[1.874s] [100%] Built target ament_cmake_python_build_ackermann_msgs_egg
[1.918s] Invoked command in '/home/wheeltec/wheeltec_ros2/build/ackermann_msgs' returned '0': CMAKE_PREFIX_PATH=${CMAKE_PREFIX_PATH}:/home/wheeltec/wheeltec_ros2/install/wheeltec_robot_keyboard:/home/wheeltec/wheeltec_ros2/install/wheeltec_dual_rtk_driver:/home/wheeltec/wheeltec_ros2/install/ultralytics_ros2:/home/wheeltec/wheeltec_ros2/install/tf2_tools:/home/wheeltec/wheeltec_ros2/install/nav2_waypoint_cycle:/home/wheeltec/wheeltec_ros2/install/nav2_simple_commander:/home/wheeltec/wheeltec_ros2/install/auto_recharge_ros2:/home/wheeltec/autoware/install/autoware_wheeltec_interface:/home/wheeltec/autoware/install/ad_api_visualizers:/opt/ros/humble /usr/bin/cmake --build /home/wheeltec/wheeltec_ros2/build/ackermann_msgs -- -j6 -l6
[1.920s] Invoking command in '/home/wheeltec/wheeltec_ros2/build/ackermann_msgs': CMAKE_PREFIX_PATH=${CMAKE_PREFIX_PATH}:/home/wheeltec/wheeltec_ros2/install/wheeltec_robot_keyboard:/home/wheeltec/wheeltec_ros2/install/wheeltec_dual_rtk_driver:/home/wheeltec/wheeltec_ros2/install/ultralytics_ros2:/home/wheeltec/wheeltec_ros2/install/tf2_tools:/home/wheeltec/wheeltec_ros2/install/nav2_waypoint_cycle:/home/wheeltec/wheeltec_ros2/install/nav2_simple_commander:/home/wheeltec/wheeltec_ros2/install/auto_recharge_ros2:/home/wheeltec/autoware/install/autoware_wheeltec_interface:/home/wheeltec/autoware/install/ad_api_visualizers:/opt/ros/humble /usr/bin/cmake --install /home/wheeltec/wheeltec_ros2/build/ackermann_msgs
[1.960s] -- Install configuration: ""
[1.960s] -- Execute custom install script
[1.960s] -- Up-to-date symlink: /home/wheeltec/wheeltec_ros2/install/ackermann_msgs/share/ament_index/resource_index/rosidl_interfaces/ackermann_msgs
[1.961s] -- Up-to-date symlink: /home/wheeltec/wheeltec_ros2/install/ackermann_msgs/include/ackermann_msgs/ackermann_msgs/msg/ackermann_drive.h
[1.961s] -- Up-to-date symlink: /home/wheeltec/wheeltec_ros2/install/ackermann_msgs/include/ackermann_msgs/ackermann_msgs/msg/ackermann_drive_stamped.h
[1.961s] -- Up-to-date symlink: /home/wheeltec/wheeltec_ros2/install/ackermann_msgs/include/ackermann_msgs/ackermann_msgs/msg/detail/ackermann_drive__functions.h
[1.961s] -- Up-to-date symlink: /home/wheeltec/wheeltec_ros2/install/ackermann_msgs/include/ackermann_msgs/ackermann_msgs/msg/detail/ackermann_drive__struct.h
[1.961s] -- Up-to-date symlink: /home/wheeltec/wheeltec_ros2/install/ackermann_msgs/include/ackermann_msgs/ackermann_msgs/msg/detail/ackermann_drive__type_support.h
[1.961s] -- Up-to-date symlink: /home/wheeltec/wheeltec_ros2/install/ackermann_msgs/include/ackermann_msgs/ackermann_msgs/msg/detail/ackermann_drive_stamped__functions.h
[1.961s] -- Up-to-date symlink: /home/wheeltec/wheeltec_ros2/install/ackermann_msgs/include/ackermann_msgs/ackermann_msgs/msg/detail/ackermann_drive_stamped__struct.h
[1.961s] -- Up-to-date symlink: /home/wheeltec/wheeltec_ros2/install/ackermann_msgs/include/ackermann_msgs/ackermann_msgs/msg/detail/ackermann_drive_stamped__type_support.h
[1.962s] -- Up-to-date symlink: /home/wheeltec/wheeltec_ros2/install/ackermann_msgs/include/ackermann_msgs/ackermann_msgs/msg/rosidl_generator_c__visibility_control.h
[1.962s] -- Up-to-date symlink: /home/wheeltec/wheeltec_ros2/install/ackermann_msgs/share/ackermann_msgs/environment/library_path.sh
[1.962s] -- Up-to-date symlink: /home/wheeltec/wheeltec_ros2/install/ackermann_msgs/share/ackermann_msgs/environment/library_path.dsv
[1.962s] -- Up-to-date symlink: /home/wheeltec/wheeltec_ros2/install/ackermann_msgs/include/ackermann_msgs/ackermann_msgs/msg/detail/ackermann_drive__rosidl_typesupport_fastrtps_c.h
[1.962s] -- Up-to-date symlink: /home/wheeltec/wheeltec_ros2/install/ackermann_msgs/include/ackermann_msgs/ackermann_msgs/msg/detail/ackermann_drive_stamped__rosidl_typesupport_fastrtps_c.h
[1.962s] -- Up-to-date symlink: /home/wheeltec/wheeltec_ros2/install/ackermann_msgs/include/ackermann_msgs/ackermann_msgs/msg/rosidl_typesupport_fastrtps_c__visibility_control.h
[1.962s] -- Up-to-date symlink: /home/wheeltec/wheeltec_ros2/install/ackermann_msgs/include/ackermann_msgs/ackermann_msgs/msg/detail/ackermann_drive__rosidl_typesupport_introspection_c.h
[1.962s] -- Up-to-date symlink: /home/wheeltec/wheeltec_ros2/install/ackermann_msgs/include/ackermann_msgs/ackermann_msgs/msg/detail/ackermann_drive_stamped__rosidl_typesupport_introspection_c.h
[1.963s] -- Up-to-date symlink: /home/wheeltec/wheeltec_ros2/install/ackermann_msgs/include/ackermann_msgs/ackermann_msgs/msg/rosidl_typesupport_introspection_c__visibility_control.h
[1.963s] -- Up-to-date symlink: /home/wheeltec/wheeltec_ros2/install/ackermann_msgs/include/ackermann_msgs/ackermann_msgs/msg/ackermann_drive.hpp
[1.963s] -- Up-to-date symlink: /home/wheeltec/wheeltec_ros2/install/ackermann_msgs/include/ackermann_msgs/ackermann_msgs/msg/ackermann_drive_stamped.hpp
[1.963s] -- Up-to-date symlink: /home/wheeltec/wheeltec_ros2/install/ackermann_msgs/include/ackermann_msgs/ackermann_msgs/msg/detail/ackermann_drive__builder.hpp
[1.963s] -- Up-to-date symlink: /home/wheeltec/wheeltec_ros2/install/ackermann_msgs/include/ackermann_msgs/ackermann_msgs/msg/detail/ackermann_drive__struct.hpp
[1.963s] -- Up-to-date symlink: /home/wheeltec/wheeltec_ros2/install/ackermann_msgs/include/ackermann_msgs/ackermann_msgs/msg/detail/ackermann_drive__traits.hpp
[1.963s] -- Up-to-date symlink: /home/wheeltec/wheeltec_ros2/install/ackermann_msgs/include/ackermann_msgs/ackermann_msgs/msg/detail/ackermann_drive__type_support.hpp
[1.963s] -- Up-to-date symlink: /home/wheeltec/wheeltec_ros2/install/ackermann_msgs/include/ackermann_msgs/ackermann_msgs/msg/detail/ackermann_drive_stamped__builder.hpp
[1.963s] -- Up-to-date symlink: /home/wheeltec/wheeltec_ros2/install/ackermann_msgs/include/ackermann_msgs/ackermann_msgs/msg/detail/ackermann_drive_stamped__struct.hpp
[1.970s] -- Up-to-date symlink: /home/wheeltec/wheeltec_ros2/install/ackermann_msgs/include/ackermann_msgs/ackermann_msgs/msg/detail/ackermann_drive_stamped__traits.hpp
[1.970s] -- Up-to-date symlink: /home/wheeltec/wheeltec_ros2/install/ackermann_msgs/include/ackermann_msgs/ackermann_msgs/msg/detail/ackermann_drive_stamped__type_support.hpp
[1.970s] -- Up-to-date symlink: /home/wheeltec/wheeltec_ros2/install/ackermann_msgs/include/ackermann_msgs/ackermann_msgs/msg/rosidl_generator_cpp__visibility_control.hpp
[1.971s] -- Up-to-date symlink: /home/wheeltec/wheeltec_ros2/install/ackermann_msgs/include/ackermann_msgs/ackermann_msgs/msg/detail/ackermann_drive__rosidl_typesupport_fastrtps_cpp.hpp
[1.971s] -- Up-to-date symlink: /home/wheeltec/wheeltec_ros2/install/ackermann_msgs/include/ackermann_msgs/ackermann_msgs/msg/detail/ackermann_drive_stamped__rosidl_typesupport_fastrtps_cpp.hpp
[1.975s] -- Up-to-date symlink: /home/wheeltec/wheeltec_ros2/install/ackermann_msgs/include/ackermann_msgs/ackermann_msgs/msg/rosidl_typesupport_fastrtps_cpp__visibility_control.h
[1.977s] -- Up-to-date symlink: /home/wheeltec/wheeltec_ros2/install/ackermann_msgs/include/ackermann_msgs/ackermann_msgs/msg/detail/ackermann_drive__rosidl_typesupport_introspection_cpp.hpp
[1.977s] -- Up-to-date symlink: /home/wheeltec/wheeltec_ros2/install/ackermann_msgs/include/ackermann_msgs/ackermann_msgs/msg/detail/ackermann_drive_stamped__rosidl_typesupport_introspection_cpp.hpp
[1.978s] -- Up-to-date symlink: /home/wheeltec/wheeltec_ros2/install/ackermann_msgs/share/ackermann_msgs/environment/pythonpath.sh
[1.978s] -- Up-to-date symlink: /home/wheeltec/wheeltec_ros2/install/ackermann_msgs/share/ackermann_msgs/environment/pythonpath.dsv
[1.978s] -- Up-to-date symlink: /home/wheeltec/wheeltec_ros2/install/ackermann_msgs/local/lib/python3.10/dist-packages/ackermann_msgs-2.0.2-py3.10.egg-info/PKG-INFO
[1.978s] -- Up-to-date symlink: /home/wheeltec/wheeltec_ros2/install/ackermann_msgs/local/lib/python3.10/dist-packages/ackermann_msgs-2.0.2-py3.10.egg-info/SOURCES.txt
[1.978s] -- Up-to-date symlink: /home/wheeltec/wheeltec_ros2/install/ackermann_msgs/local/lib/python3.10/dist-packages/ackermann_msgs-2.0.2-py3.10.egg-info/dependency_links.txt
[1.979s] -- Up-to-date symlink: /home/wheeltec/wheeltec_ros2/install/ackermann_msgs/local/lib/python3.10/dist-packages/ackermann_msgs-2.0.2-py3.10.egg-info/top_level.txt
[1.979s] -- Up-to-date symlink: /home/wheeltec/wheeltec_ros2/install/ackermann_msgs/local/lib/python3.10/dist-packages/ackermann_msgs/__init__.py
[1.979s] -- Up-to-date symlink: /home/wheeltec/wheeltec_ros2/install/ackermann_msgs/local/lib/python3.10/dist-packages/ackermann_msgs/_ackermann_msgs_s.ep.rosidl_typesupport_c.c
[1.979s] -- Up-to-date symlink: /home/wheeltec/wheeltec_ros2/install/ackermann_msgs/local/lib/python3.10/dist-packages/ackermann_msgs/_ackermann_msgs_s.ep.rosidl_typesupport_fastrtps_c.c
[1.980s] -- Up-to-date symlink: /home/wheeltec/wheeltec_ros2/install/ackermann_msgs/local/lib/python3.10/dist-packages/ackermann_msgs/_ackermann_msgs_s.ep.rosidl_typesupport_introspection_c.c
[1.980s] -- Up-to-date symlink: /home/wheeltec/wheeltec_ros2/install/ackermann_msgs/local/lib/python3.10/dist-packages/ackermann_msgs/ackermann_msgs_s__rosidl_typesupport_c.cpython-310-aarch64-linux-gnu.so
[1.980s] -- Up-to-date symlink: /home/wheeltec/wheeltec_ros2/install/ackermann_msgs/local/lib/python3.10/dist-packages/ackermann_msgs/ackermann_msgs_s__rosidl_typesupport_fastrtps_c.cpython-310-aarch64-linux-gnu.so
[1.980s] -- Up-to-date symlink: /home/wheeltec/wheeltec_ros2/install/ackermann_msgs/local/lib/python3.10/dist-packages/ackermann_msgs/ackermann_msgs_s__rosidl_typesupport_introspection_c.cpython-310-aarch64-linux-gnu.so
[1.980s] -- Up-to-date symlink: /home/wheeltec/wheeltec_ros2/install/ackermann_msgs/local/lib/python3.10/dist-packages/ackermann_msgs/libackermann_msgs__rosidl_generator_py.so
[1.981s] -- Up-to-date symlink: /home/wheeltec/wheeltec_ros2/install/ackermann_msgs/local/lib/python3.10/dist-packages/ackermann_msgs/msg/__init__.py
[1.983s] -- Up-to-date symlink: /home/wheeltec/wheeltec_ros2/install/ackermann_msgs/local/lib/python3.10/dist-packages/ackermann_msgs/msg/_ackermann_drive.py
[1.984s] -- Up-to-date symlink: /home/wheeltec/wheeltec_ros2/install/ackermann_msgs/local/lib/python3.10/dist-packages/ackermann_msgs/msg/_ackermann_drive_s.c
[1.984s] -- Up-to-date symlink: /home/wheeltec/wheeltec_ros2/install/ackermann_msgs/local/lib/python3.10/dist-packages/ackermann_msgs/msg/_ackermann_drive_stamped.py
[1.984s] -- Up-to-date symlink: /home/wheeltec/wheeltec_ros2/install/ackermann_msgs/local/lib/python3.10/dist-packages/ackermann_msgs/msg/_ackermann_drive_stamped_s.c
[1.984s] -- Up-to-date symlink: /home/wheeltec/wheeltec_ros2/install/ackermann_msgs/local/lib/python3.10/dist-packages/ackermann_msgs/ackermann_msgs_s__rosidl_typesupport_fastrtps_c.cpython-310-aarch64-linux-gnu.so
[1.984s] -- Up-to-date symlink: /home/wheeltec/wheeltec_ros2/install/ackermann_msgs/local/lib/python3.10/dist-packages/ackermann_msgs/ackermann_msgs_s__rosidl_typesupport_introspection_c.cpython-310-aarch64-linux-gnu.so
[1.984s] -- Up-to-date symlink: /home/wheeltec/wheeltec_ros2/install/ackermann_msgs/local/lib/python3.10/dist-packages/ackermann_msgs/ackermann_msgs_s__rosidl_typesupport_c.cpython-310-aarch64-linux-gnu.so
[1.984s] -- Up-to-date symlink: /home/wheeltec/wheeltec_ros2/install/ackermann_msgs/share/ackermann_msgs/msg/AckermannDrive.idl
[1.984s] -- Up-to-date symlink: /home/wheeltec/wheeltec_ros2/install/ackermann_msgs/share/ackermann_msgs/msg/AckermannDriveStamped.idl
[1.984s] -- Up-to-date symlink: /home/wheeltec/wheeltec_ros2/install/ackermann_msgs/share/ackermann_msgs/msg/AckermannDrive.msg
[1.985s] -- Up-to-date symlink: /home/wheeltec/wheeltec_ros2/install/ackermann_msgs/share/ackermann_msgs/msg/AckermannDriveStamped.msg
[1.985s] -- Up-to-date symlink: /home/wheeltec/wheeltec_ros2/install/ackermann_msgs/share/ament_index/resource_index/package_run_dependencies/ackermann_msgs
[1.985s] -- Up-to-date symlink: /home/wheeltec/wheeltec_ros2/install/ackermann_msgs/share/ament_index/resource_index/parent_prefix_path/ackermann_msgs
[1.985s] -- Up-to-date symlink: /home/wheeltec/wheeltec_ros2/install/ackermann_msgs/share/ackermann_msgs/environment/ament_prefix_path.sh
[1.985s] -- Up-to-date symlink: /home/wheeltec/wheeltec_ros2/install/ackermann_msgs/share/ackermann_msgs/environment/ament_prefix_path.dsv
[1.986s] -- Up-to-date symlink: /home/wheeltec/wheeltec_ros2/install/ackermann_msgs/share/ackermann_msgs/environment/path.sh
[1.986s] -- Up-to-date symlink: /home/wheeltec/wheeltec_ros2/install/ackermann_msgs/share/ackermann_msgs/environment/path.dsv
[1.986s] -- Up-to-date symlink: /home/wheeltec/wheeltec_ros2/install/ackermann_msgs/share/ackermann_msgs/local_setup.bash
[1.986s] -- Up-to-date symlink: /home/wheeltec/wheeltec_ros2/install/ackermann_msgs/share/ackermann_msgs/local_setup.sh
[1.986s] -- Up-to-date symlink: /home/wheeltec/wheeltec_ros2/install/ackermann_msgs/share/ackermann_msgs/local_setup.zsh
[1.986s] -- Up-to-date symlink: /home/wheeltec/wheeltec_ros2/install/ackermann_msgs/share/ackermann_msgs/local_setup.dsv
[1.986s] -- Symlinking: /home/wheeltec/wheeltec_ros2/install/ackermann_msgs/share/ackermann_msgs/package.dsv
[2.021s] -- Up-to-date symlink: /home/wheeltec/wheeltec_ros2/install/ackermann_msgs/share/ament_index/resource_index/packages/ackermann_msgs
[2.021s] -- Up-to-date symlink: /home/wheeltec/wheeltec_ros2/install/ackermann_msgs/share/ackermann_msgs/cmake/rosidl_cmake-extras.cmake
[2.022s] -- Up-to-date symlink: /home/wheeltec/wheeltec_ros2/install/ackermann_msgs/share/ackermann_msgs/cmake/ament_cmake_export_dependencies-extras.cmake
[2.022s] -- Up-to-date symlink: /home/wheeltec/wheeltec_ros2/install/ackermann_msgs/share/ackermann_msgs/cmake/ament_cmake_export_include_directories-extras.cmake
[2.024s] -- Up-to-date symlink: /home/wheeltec/wheeltec_ros2/install/ackermann_msgs/share/ackermann_msgs/cmake/ament_cmake_export_libraries-extras.cmake
[2.024s] -- Up-to-date symlink: /home/wheeltec/wheeltec_ros2/install/ackermann_msgs/share/ackermann_msgs/cmake/ament_cmake_export_targets-extras.cmake
[2.025s] -- Up-to-date symlink: /home/wheeltec/wheeltec_ros2/install/ackermann_msgs/share/ackermann_msgs/cmake/rosidl_cmake_export_typesupport_targets-extras.cmake
[2.025s] -- Up-to-date symlink: /home/wheeltec/wheeltec_ros2/install/ackermann_msgs/share/ackermann_msgs/cmake/rosidl_cmake_export_typesupport_libraries-extras.cmake
[2.025s] -- Up-to-date symlink: /home/wheeltec/wheeltec_ros2/install/ackermann_msgs/share/ackermann_msgs/cmake/ackermann_msgsConfig.cmake
[2.026s] -- Up-to-date symlink: /home/wheeltec/wheeltec_ros2/install/ackermann_msgs/share/ackermann_msgs/cmake/ackermann_msgsConfig-version.cmake
[2.026s] -- Up-to-date symlink: /home/wheeltec/wheeltec_ros2/install/ackermann_msgs/share/ackermann_msgs/package.xml
[2.026s] -- Up-to-date: /home/wheeltec/wheeltec_ros2/install/ackermann_msgs/lib/libackermann_msgs__rosidl_generator_c.so
[2.026s] -- Up-to-date: /home/wheeltec/wheeltec_ros2/install/ackermann_msgs/lib/libackermann_msgs__rosidl_typesupport_fastrtps_c.so
[2.026s] -- Up-to-date: /home/wheeltec/wheeltec_ros2/install/ackermann_msgs/lib/libackermann_msgs__rosidl_typesupport_introspection_c.so
[2.027s] -- Up-to-date: /home/wheeltec/wheeltec_ros2/install/ackermann_msgs/lib/libackermann_msgs__rosidl_typesupport_c.so
[2.027s] -- Up-to-date: /home/wheeltec/wheeltec_ros2/install/ackermann_msgs/lib/libackermann_msgs__rosidl_typesupport_fastrtps_cpp.so
[2.028s] -- Up-to-date: /home/wheeltec/wheeltec_ros2/install/ackermann_msgs/lib/libackermann_msgs__rosidl_typesupport_introspection_cpp.so
[2.028s] -- Up-to-date: /home/wheeltec/wheeltec_ros2/install/ackermann_msgs/lib/libackermann_msgs__rosidl_typesupport_cpp.so
[2.179s] Listing '/home/wheeltec/wheeltec_ros2/install/ackermann_msgs/local/lib/python3.10/dist-packages/ackermann_msgs'...
[2.179s] Listing '/home/wheeltec/wheeltec_ros2/install/ackermann_msgs/local/lib/python3.10/dist-packages/ackermann_msgs/msg'...
[2.192s] -- Up-to-date: /home/wheeltec/wheeltec_ros2/install/ackermann_msgs/lib/libackermann_msgs__rosidl_generator_py.so
[2.193s] -- Up-to-date: /home/wheeltec/wheeltec_ros2/install/ackermann_msgs/share/ackermann_msgs/cmake/export_ackermann_msgs__rosidl_generator_cExport.cmake
[2.194s] -- Up-to-date: /home/wheeltec/wheeltec_ros2/install/ackermann_msgs/share/ackermann_msgs/cmake/export_ackermann_msgs__rosidl_generator_cExport-noconfig.cmake
[2.194s] -- Up-to-date: /home/wheeltec/wheeltec_ros2/install/ackermann_msgs/share/ackermann_msgs/cmake/export_ackermann_msgs__rosidl_typesupport_fastrtps_cExport.cmake
[2.194s] -- Up-to-date: /home/wheeltec/wheeltec_ros2/install/ackermann_msgs/share/ackermann_msgs/cmake/export_ackermann_msgs__rosidl_typesupport_fastrtps_cExport-noconfig.cmake
[2.194s] -- Up-to-date: /home/wheeltec/wheeltec_ros2/install/ackermann_msgs/share/ackermann_msgs/cmake/ackermann_msgs__rosidl_typesupport_introspection_cExport.cmake
[2.195s] -- Up-to-date: /home/wheeltec/wheeltec_ros2/install/ackermann_msgs/share/ackermann_msgs/cmake/ackermann_msgs__rosidl_typesupport_introspection_cExport-noconfig.cmake
[2.195s] -- Up-to-date: /home/wheeltec/wheeltec_ros2/install/ackermann_msgs/share/ackermann_msgs/cmake/ackermann_msgs__rosidl_typesupport_cExport.cmake
[2.195s] -- Up-to-date: /home/wheeltec/wheeltec_ros2/install/ackermann_msgs/share/ackermann_msgs/cmake/ackermann_msgs__rosidl_typesupport_cExport-noconfig.cmake
[2.195s] -- Up-to-date: /home/wheeltec/wheeltec_ros2/install/ackermann_msgs/share/ackermann_msgs/cmake/export_ackermann_msgs__rosidl_generator_cppExport.cmake
[2.196s] -- Up-to-date: /home/wheeltec/wheeltec_ros2/install/ackermann_msgs/share/ackermann_msgs/cmake/export_ackermann_msgs__rosidl_typesupport_fastrtps_cppExport.cmake
[2.197s] -- Up-to-date: /home/wheeltec/wheeltec_ros2/install/ackermann_msgs/share/ackermann_msgs/cmake/export_ackermann_msgs__rosidl_typesupport_fastrtps_cppExport-noconfig.cmake
[2.197s] -- Up-to-date: /home/wheeltec/wheeltec_ros2/install/ackermann_msgs/share/ackermann_msgs/cmake/ackermann_msgs__rosidl_typesupport_introspection_cppExport.cmake
[2.197s] -- Up-to-date: /home/wheeltec/wheeltec_ros2/install/ackermann_msgs/share/ackermann_msgs/cmake/ackermann_msgs__rosidl_typesupport_introspection_cppExport-noconfig.cmake
[2.197s] -- Up-to-date: /home/wheeltec/wheeltec_ros2/install/ackermann_msgs/share/ackermann_msgs/cmake/ackermann_msgs__rosidl_typesupport_cppExport.cmake
[2.198s] -- Up-to-date: /home/wheeltec/wheeltec_ros2/install/ackermann_msgs/share/ackermann_msgs/cmake/ackermann_msgs__rosidl_typesupport_cppExport-noconfig.cmake
[2.198s] -- Up-to-date: /home/wheeltec/wheeltec_ros2/install/ackermann_msgs/share/ackermann_msgs/cmake/export_ackermann_msgs__rosidl_generator_pyExport.cmake
[2.198s] -- Up-to-date: /home/wheeltec/wheeltec_ros2/install/ackermann_msgs/share/ackermann_msgs/cmake/export_ackermann_msgs__rosidl_generator_pyExport-noconfig.cmake
[2.211s] Invoked command in '/home/wheeltec/wheeltec_ros2/build/ackermann_msgs' returned '0': CMAKE_PREFIX_PATH=${CMAKE_PREFIX_PATH}:/home/wheeltec/wheeltec_ros2/install/wheeltec_robot_keyboard:/home/wheeltec/wheeltec_ros2/install/wheeltec_dual_rtk_driver:/home/wheeltec/wheeltec_ros2/install/ultralytics_ros2:/home/wheeltec/wheeltec_ros2/install/tf2_tools:/home/wheeltec/wheeltec_ros2/install/nav2_waypoint_cycle:/home/wheeltec/wheeltec_ros2/install/nav2_simple_commander:/home/wheeltec/wheeltec_ros2/install/auto_recharge_ros2:/home/wheeltec/autoware/install/autoware_wheeltec_interface:/home/wheeltec/autoware/install/ad_api_visualizers:/opt/ros/humble /usr/bin/cmake --install /home/wheeltec/wheeltec_ros2/build/ackermann_msgs
