[0.088s] Invoking command in '/home/wheeltec/wheeltec_ros2/build/wheeltec_mic_msg': CMAKE_PREFIX_PATH=${CMAKE_PREFIX_PATH}:/home/wheeltec/autoware/install/autoware_wheeltec_interface:/home/wheeltec/autoware/install/ad_api_visualizers:/opt/ros/humble /usr/bin/cmake /home/wheeltec/wheeltec_ros2/src/wheeltec_mic/wheeltec_mic_msg -DAMENT_CMAKE_SYMLINK_INSTALL=1 -DCMAKE_INSTALL_PREFIX=/home/wheeltec/wheeltec_ros2/install/wheeltec_mic_msg
[2.886s] -- The C compiler identification is GNU 11.4.0
[2.886s] -- The CXX compiler identification is GNU 11.4.0
[2.887s] -- Detecting C compiler ABI info
[2.887s] -- Detecting C compiler ABI info - done
[2.887s] -- Check for working C compiler: /usr/bin/cc - skipped
[2.887s] -- Detecting C compile features
[2.887s] -- Detecting C compile features - done
[2.887s] -- Detecting CXX compiler ABI info
[2.887s] -- Detecting CXX compiler ABI info - done
[2.887s] -- Check for working CXX compiler: /usr/bin/c++ - skipped
[2.887s] -- Detecting CXX compile features
[2.887s] -- Detecting CXX compile features - done
[2.887s] -- Found ament_cmake: 1.3.7 (/home/wheeltec/autoware/install/ament_cmake/share/ament_cmake/cmake)
[2.888s] -- Found Python3: /usr/bin/python3.10 (found version "3.10.12") found components: Interpreter 
[2.888s] -- Override CMake install command with custom implementation using symlinks instead of copying resources
[3.600s] -- Found rclcpp: 16.0.11 (/opt/ros/humble/share/rclcpp/cmake)
[4.320s] -- Found rosidl_generator_c: 3.1.6 (/opt/ros/humble/share/rosidl_generator_c/cmake)
[4.429s] -- Found rosidl_adapter: 3.1.6 (/opt/ros/humble/share/rosidl_adapter/cmake)
[4.546s] -- Found rosidl_generator_cpp: 3.1.6 (/opt/ros/humble/share/rosidl_generator_cpp/cmake)
[4.723s] -- Using all available rosidl_typesupport_c: rosidl_typesupport_fastrtps_c;rosidl_typesupport_introspection_c
[4.960s] -- Using all available rosidl_typesupport_cpp: rosidl_typesupport_fastrtps_cpp;rosidl_typesupport_introspection_cpp
[5.588s] -- Found rmw_implementation_cmake: 6.1.2 (/opt/ros/humble/share/rmw_implementation_cmake/cmake)
[5.693s] -- Found rmw_fastrtps_cpp: 6.2.7 (/opt/ros/humble/share/rmw_fastrtps_cpp/cmake)
[6.640s] -- Found OpenSSL: /usr/lib/aarch64-linux-gnu/libcrypto.so (found version "3.0.2")  
[6.807s] -- Found FastRTPS: /opt/ros/humble/include  
[7.113s] -- Using RMW implementation 'rmw_fastrtps_cpp' as default
[7.297s] -- Looking for pthread.h
[7.750s] -- Looking for pthread.h - found
[7.750s] -- Performing Test CMAKE_HAVE_LIBC_PTHREAD
[8.216s] -- Performing Test CMAKE_HAVE_LIBC_PTHREAD - Success
[8.216s] -- Found Threads: TRUE  
[8.624s] -- Found rosidl_default_generators: 1.2.0 (/opt/ros/humble/share/rosidl_default_generators/cmake)
[10.015s] -- Found ament_cmake_ros: 0.10.0 (/opt/ros/humble/share/ament_cmake_ros/cmake)
[11.329s] -- Using all available rosidl_typesupport_c: rosidl_typesupport_fastrtps_c;rosidl_typesupport_introspection_c
[11.906s] -- Using all available rosidl_typesupport_cpp: rosidl_typesupport_fastrtps_cpp;rosidl_typesupport_introspection_cpp
[12.037s] -- Found PythonInterp: /usr/bin/python3 (found suitable version "3.10.12", minimum required is "3.6") 
[12.089s] -- Found python_cmake_module: 0.10.0 (/opt/ros/humble/share/python_cmake_module/cmake)
[12.206s] -- Found PythonLibs: /usr/lib/aarch64-linux-gnu/libpython3.10.so (found suitable version "3.10.12", minimum required is "3.5") 
[12.207s] -- Using PYTHON_EXECUTABLE: /usr/bin/python3
[12.207s] -- Using PYTHON_INCLUDE_DIRS: /usr/include/python3.10
[12.207s] -- Using PYTHON_LIBRARIES: /usr/lib/aarch64-linux-gnu/libpython3.10.so
[12.296s] -- Found PythonExtra: .so  
[13.194s] -- Configuring done
[13.267s] -- Generating done
[13.287s] -- Build files have been written to: /home/wheeltec/wheeltec_ros2/build/wheeltec_mic_msg
[13.330s] Invoked command in '/home/wheeltec/wheeltec_ros2/build/wheeltec_mic_msg' returned '0': CMAKE_PREFIX_PATH=${CMAKE_PREFIX_PATH}:/home/wheeltec/autoware/install/autoware_wheeltec_interface:/home/wheeltec/autoware/install/ad_api_visualizers:/opt/ros/humble /usr/bin/cmake /home/wheeltec/wheeltec_ros2/src/wheeltec_mic/wheeltec_mic_msg -DAMENT_CMAKE_SYMLINK_INSTALL=1 -DCMAKE_INSTALL_PREFIX=/home/wheeltec/wheeltec_ros2/install/wheeltec_mic_msg
[13.331s] Invoking command in '/home/wheeltec/wheeltec_ros2/build/wheeltec_mic_msg': CMAKE_PREFIX_PATH=${CMAKE_PREFIX_PATH}:/home/wheeltec/autoware/install/autoware_wheeltec_interface:/home/wheeltec/autoware/install/ad_api_visualizers:/opt/ros/humble /usr/bin/cmake --build /home/wheeltec/wheeltec_ros2/build/wheeltec_mic_msg -- -j6 -l6
[18.593s] [  1%] [34m[1mGenerating C++ code for ROS interfaces[0m
[18.593s] [  1%] Built target wheeltec_mic_msg__cpp
[18.593s] [  1%] Built target ament_cmake_python_symlink_wheeltec_mic_msg
[18.593s] [  2%] [34m[1mGenerating C++ introspection for ROS interfaces[0m
[20.196s] [  3%] [32mBuilding CXX object CMakeFiles/wheeltec_mic_msg__rosidl_typesupport_introspection_cpp.dir/rosidl_typesupport_introspection_cpp/wheeltec_mic_msg/msg/detail/pcm_msg__type_support.cpp.o[0m
[21.149s] [  5%] [32mBuilding CXX object CMakeFiles/wheeltec_mic_msg__rosidl_typesupport_introspection_cpp.dir/rosidl_typesupport_introspection_cpp/wheeltec_mic_msg/msg/detail/motion_control__type_support.cpp.o[0m
[21.995s] [  6%] [32mBuilding CXX object CMakeFiles/wheeltec_mic_msg__rosidl_typesupport_introspection_cpp.dir/rosidl_typesupport_introspection_cpp/wheeltec_mic_msg/srv/detail/get_device_type__type_support.cpp.o[0m
[22.796s] [  7%] [32mBuilding CXX object CMakeFiles/wheeltec_mic_msg__rosidl_typesupport_introspection_cpp.dir/rosidl_typesupport_introspection_cpp/wheeltec_mic_msg/srv/detail/get_offline_result__type_support.cpp.o[0m
[23.555s] [  8%] [32mBuilding CXX object CMakeFiles/wheeltec_mic_msg__rosidl_typesupport_introspection_cpp.dir/rosidl_typesupport_introspection_cpp/wheeltec_mic_msg/srv/detail/set_awake_word__type_support.cpp.o[0m
[24.331s] [ 10%] [32mBuilding CXX object CMakeFiles/wheeltec_mic_msg__rosidl_typesupport_introspection_cpp.dir/rosidl_typesupport_introspection_cpp/wheeltec_mic_msg/srv/detail/set_major_mic__type_support.cpp.o[0m
[25.160s] [ 11%] [32mBuilding CXX object CMakeFiles/wheeltec_mic_msg__rosidl_typesupport_introspection_cpp.dir/rosidl_typesupport_introspection_cpp/wheeltec_mic_msg/srv/detail/switch_mic__type_support.cpp.o[0m
[26.025s] [ 12%] [32m[1mLinking CXX shared library libwheeltec_mic_msg__rosidl_typesupport_introspection_cpp.so[0m
[26.315s] [ 12%] Built target wheeltec_mic_msg__rosidl_typesupport_introspection_cpp
[27.143s] running egg_info
[27.144s] creating wheeltec_mic_msg.egg-info
[27.144s] writing wheeltec_mic_msg.egg-info/PKG-INFO
[27.145s] writing dependency_links to wheeltec_mic_msg.egg-info/dependency_links.txt
[27.145s] writing top-level names to wheeltec_mic_msg.egg-info/top_level.txt
[27.151s] writing manifest file 'wheeltec_mic_msg.egg-info/SOURCES.txt'
[27.155s] reading manifest file 'wheeltec_mic_msg.egg-info/SOURCES.txt'
[27.155s] writing manifest file 'wheeltec_mic_msg.egg-info/SOURCES.txt'
[27.298s] [ 12%] Built target ament_cmake_python_build_wheeltec_mic_msg_egg
[27.383s] [ 13%] [34m[1mGenerating C++ type support for eProsima Fast-RTPS[0m
[29.343s] [ 15%] [32mBuilding CXX object CMakeFiles/wheeltec_mic_msg__rosidl_typesupport_fastrtps_cpp.dir/rosidl_typesupport_fastrtps_cpp/wheeltec_mic_msg/msg/detail/dds_fastrtps/pcm_msg__type_support.cpp.o[0m
[30.282s] [ 16%] [32mBuilding CXX object CMakeFiles/wheeltec_mic_msg__rosidl_typesupport_fastrtps_cpp.dir/rosidl_typesupport_fastrtps_cpp/wheeltec_mic_msg/srv/detail/dds_fastrtps/get_offline_result__type_support.cpp.o[0m
[31.112s] [ 17%] [32mBuilding CXX object CMakeFiles/wheeltec_mic_msg__rosidl_typesupport_fastrtps_cpp.dir/rosidl_typesupport_fastrtps_cpp/wheeltec_mic_msg/srv/detail/dds_fastrtps/set_awake_word__type_support.cpp.o[0m
[31.990s] [ 18%] [32mBuilding CXX object CMakeFiles/wheeltec_mic_msg__rosidl_typesupport_fastrtps_cpp.dir/rosidl_typesupport_fastrtps_cpp/wheeltec_mic_msg/srv/detail/dds_fastrtps/set_major_mic__type_support.cpp.o[0m
[32.928s] [ 20%] [32mBuilding CXX object CMakeFiles/wheeltec_mic_msg__rosidl_typesupport_fastrtps_cpp.dir/rosidl_typesupport_fastrtps_cpp/wheeltec_mic_msg/srv/detail/dds_fastrtps/switch_mic__type_support.cpp.o[0m
[33.743s] [ 21%] [32mBuilding CXX object CMakeFiles/wheeltec_mic_msg__rosidl_typesupport_fastrtps_cpp.dir/rosidl_typesupport_fastrtps_cpp/wheeltec_mic_msg/srv/detail/dds_fastrtps/get_device_type__type_support.cpp.o[0m
[34.543s] [ 22%] [32mBuilding CXX object CMakeFiles/wheeltec_mic_msg__rosidl_typesupport_fastrtps_cpp.dir/rosidl_typesupport_fastrtps_cpp/wheeltec_mic_msg/msg/detail/dds_fastrtps/motion_control__type_support.cpp.o[0m
[35.392s] [ 24%] [32m[1mLinking CXX shared library libwheeltec_mic_msg__rosidl_typesupport_fastrtps_cpp.so[0m
[35.728s] [ 24%] Built target wheeltec_mic_msg__rosidl_typesupport_fastrtps_cpp
[35.829s] [ 25%] [34m[1mGenerating C++ type support dispatch for ROS interfaces[0m
[37.350s] [ 26%] [32mBuilding CXX object CMakeFiles/wheeltec_mic_msg__rosidl_typesupport_cpp.dir/rosidl_typesupport_cpp/wheeltec_mic_msg/msg/pcm_msg__type_support.cpp.o[0m
[37.947s] [ 27%] [32mBuilding CXX object CMakeFiles/wheeltec_mic_msg__rosidl_typesupport_cpp.dir/rosidl_typesupport_cpp/wheeltec_mic_msg/srv/set_awake_word__type_support.cpp.o[0m
[38.565s] [ 29%] [32mBuilding CXX object CMakeFiles/wheeltec_mic_msg__rosidl_typesupport_cpp.dir/rosidl_typesupport_cpp/wheeltec_mic_msg/srv/set_major_mic__type_support.cpp.o[0m
[39.230s] [ 30%] [32mBuilding CXX object CMakeFiles/wheeltec_mic_msg__rosidl_typesupport_cpp.dir/rosidl_typesupport_cpp/wheeltec_mic_msg/srv/switch_mic__type_support.cpp.o[0m
[39.866s] [ 31%] [32mBuilding CXX object CMakeFiles/wheeltec_mic_msg__rosidl_typesupport_cpp.dir/rosidl_typesupport_cpp/wheeltec_mic_msg/srv/get_offline_result__type_support.cpp.o[0m
[40.431s] [ 32%] [32mBuilding CXX object CMakeFiles/wheeltec_mic_msg__rosidl_typesupport_cpp.dir/rosidl_typesupport_cpp/wheeltec_mic_msg/srv/get_device_type__type_support.cpp.o[0m
[41.067s] [ 34%] [32mBuilding CXX object CMakeFiles/wheeltec_mic_msg__rosidl_typesupport_cpp.dir/rosidl_typesupport_cpp/wheeltec_mic_msg/msg/motion_control__type_support.cpp.o[0m
[41.686s] [ 35%] [32m[1mLinking CXX shared library libwheeltec_mic_msg__rosidl_typesupport_cpp.so[0m
[41.909s] [ 35%] Built target wheeltec_mic_msg__rosidl_typesupport_cpp
[42.002s] [ 36%] [34m[1mGenerating C code for ROS interfaces[0m
[45.635s] [ 37%] [32mBuilding C object CMakeFiles/wheeltec_mic_msg__rosidl_generator_c.dir/rosidl_generator_c/wheeltec_mic_msg/msg/detail/pcm_msg__functions.c.o[0m
[45.824s] [ 39%] [32mBuilding C object CMakeFiles/wheeltec_mic_msg__rosidl_generator_c.dir/rosidl_generator_c/wheeltec_mic_msg/srv/detail/set_major_mic__functions.c.o[0m
[46.054s] [ 40%] [32mBuilding C object CMakeFiles/wheeltec_mic_msg__rosidl_generator_c.dir/rosidl_generator_c/wheeltec_mic_msg/srv/detail/switch_mic__functions.c.o[0m
[46.277s] [ 41%] [32mBuilding C object CMakeFiles/wheeltec_mic_msg__rosidl_generator_c.dir/rosidl_generator_c/wheeltec_mic_msg/srv/detail/set_awake_word__functions.c.o[0m
[46.486s] [ 43%] [32mBuilding C object CMakeFiles/wheeltec_mic_msg__rosidl_generator_c.dir/rosidl_generator_c/wheeltec_mic_msg/srv/detail/get_offline_result__functions.c.o[0m
[46.696s] [ 44%] [32mBuilding C object CMakeFiles/wheeltec_mic_msg__rosidl_generator_c.dir/rosidl_generator_c/wheeltec_mic_msg/srv/detail/get_device_type__functions.c.o[0m
[46.911s] [ 45%] [32mBuilding C object CMakeFiles/wheeltec_mic_msg__rosidl_generator_c.dir/rosidl_generator_c/wheeltec_mic_msg/msg/detail/motion_control__functions.c.o[0m
[47.100s] [ 46%] [32m[1mLinking C shared library libwheeltec_mic_msg__rosidl_generator_c.so[0m
[47.313s] [ 46%] Built target wheeltec_mic_msg__rosidl_generator_c
[47.402s] [ 48%] [34m[1mGenerating C type support for eProsima Fast-RTPS[0m
[49.396s] [ 49%] [32mBuilding CXX object CMakeFiles/wheeltec_mic_msg__rosidl_typesupport_fastrtps_c.dir/rosidl_typesupport_fastrtps_c/wheeltec_mic_msg/msg/detail/pcm_msg__type_support_c.cpp.o[0m
[50.131s] [ 50%] [32mBuilding CXX object CMakeFiles/wheeltec_mic_msg__rosidl_typesupport_fastrtps_c.dir/rosidl_typesupport_fastrtps_c/wheeltec_mic_msg/srv/detail/get_offline_result__type_support_c.cpp.o[0m
[50.881s] [ 51%] [32mBuilding CXX object CMakeFiles/wheeltec_mic_msg__rosidl_typesupport_fastrtps_c.dir/rosidl_typesupport_fastrtps_c/wheeltec_mic_msg/srv/detail/set_awake_word__type_support_c.cpp.o[0m
[51.614s] [ 53%] [32mBuilding CXX object CMakeFiles/wheeltec_mic_msg__rosidl_typesupport_fastrtps_c.dir/rosidl_typesupport_fastrtps_c/wheeltec_mic_msg/srv/detail/set_major_mic__type_support_c.cpp.o[0m
[52.344s] [ 54%] [32mBuilding CXX object CMakeFiles/wheeltec_mic_msg__rosidl_typesupport_fastrtps_c.dir/rosidl_typesupport_fastrtps_c/wheeltec_mic_msg/srv/detail/switch_mic__type_support_c.cpp.o[0m
[53.130s] [ 55%] [32mBuilding CXX object CMakeFiles/wheeltec_mic_msg__rosidl_typesupport_fastrtps_c.dir/rosidl_typesupport_fastrtps_c/wheeltec_mic_msg/srv/detail/get_device_type__type_support_c.cpp.o[0m
[53.841s] [ 56%] [32mBuilding CXX object CMakeFiles/wheeltec_mic_msg__rosidl_typesupport_fastrtps_c.dir/rosidl_typesupport_fastrtps_c/wheeltec_mic_msg/msg/detail/motion_control__type_support_c.cpp.o[0m
[54.538s] [ 58%] [32m[1mLinking CXX shared library libwheeltec_mic_msg__rosidl_typesupport_fastrtps_c.so[0m
[54.833s] [ 58%] Built target wheeltec_mic_msg__rosidl_typesupport_fastrtps_c
[54.923s] [ 59%] [34m[1mGenerating C type support dispatch for ROS interfaces[0m
[56.300s] [ 60%] [32mBuilding CXX object CMakeFiles/wheeltec_mic_msg__rosidl_typesupport_c.dir/rosidl_typesupport_c/wheeltec_mic_msg/msg/pcm_msg__type_support.cpp.o[0m
[56.459s] [ 62%] [32mBuilding CXX object CMakeFiles/wheeltec_mic_msg__rosidl_typesupport_c.dir/rosidl_typesupport_c/wheeltec_mic_msg/srv/set_awake_word__type_support.cpp.o[0m
[56.644s] [ 63%] [32mBuilding CXX object CMakeFiles/wheeltec_mic_msg__rosidl_typesupport_c.dir/rosidl_typesupport_c/wheeltec_mic_msg/srv/set_major_mic__type_support.cpp.o[0m
[56.814s] [ 64%] [32mBuilding CXX object CMakeFiles/wheeltec_mic_msg__rosidl_typesupport_c.dir/rosidl_typesupport_c/wheeltec_mic_msg/srv/switch_mic__type_support.cpp.o[0m
[57.009s] [ 65%] [32mBuilding CXX object CMakeFiles/wheeltec_mic_msg__rosidl_typesupport_c.dir/rosidl_typesupport_c/wheeltec_mic_msg/srv/get_offline_result__type_support.cpp.o[0m
[57.166s] [ 67%] [32mBuilding CXX object CMakeFiles/wheeltec_mic_msg__rosidl_typesupport_c.dir/rosidl_typesupport_c/wheeltec_mic_msg/srv/get_device_type__type_support.cpp.o[0m
[57.324s] [ 68%] [32mBuilding CXX object CMakeFiles/wheeltec_mic_msg__rosidl_typesupport_c.dir/rosidl_typesupport_c/wheeltec_mic_msg/msg/motion_control__type_support.cpp.o[0m
[57.514s] [ 69%] [32m[1mLinking CXX shared library libwheeltec_mic_msg__rosidl_typesupport_c.so[0m
[57.751s] [ 69%] Built target wheeltec_mic_msg__rosidl_typesupport_c
[57.858s] [ 70%] [34m[1mGenerating C introspection for ROS interfaces[0m
[59.933s] [ 72%] [32mBuilding C object CMakeFiles/wheeltec_mic_msg__rosidl_typesupport_introspection_c.dir/rosidl_typesupport_introspection_c/wheeltec_mic_msg/msg/detail/pcm_msg__type_support.c.o[0m
[60.100s] [ 73%] [32mBuilding C object CMakeFiles/wheeltec_mic_msg__rosidl_typesupport_introspection_c.dir/rosidl_typesupport_introspection_c/wheeltec_mic_msg/srv/detail/set_major_mic__type_support.c.o[0m
[60.292s] [ 74%] [32mBuilding C object CMakeFiles/wheeltec_mic_msg__rosidl_typesupport_introspection_c.dir/rosidl_typesupport_introspection_c/wheeltec_mic_msg/srv/detail/switch_mic__type_support.c.o[0m
[60.488s] [ 75%] [32mBuilding C object CMakeFiles/wheeltec_mic_msg__rosidl_typesupport_introspection_c.dir/rosidl_typesupport_introspection_c/wheeltec_mic_msg/srv/detail/set_awake_word__type_support.c.o[0m
[60.666s] [ 77%] [32mBuilding C object CMakeFiles/wheeltec_mic_msg__rosidl_typesupport_introspection_c.dir/rosidl_typesupport_introspection_c/wheeltec_mic_msg/srv/detail/get_offline_result__type_support.c.o[0m
[60.824s] [ 78%] [32mBuilding C object CMakeFiles/wheeltec_mic_msg__rosidl_typesupport_introspection_c.dir/rosidl_typesupport_introspection_c/wheeltec_mic_msg/srv/detail/get_device_type__type_support.c.o[0m
[61.001s] [ 79%] [32mBuilding C object CMakeFiles/wheeltec_mic_msg__rosidl_typesupport_introspection_c.dir/rosidl_typesupport_introspection_c/wheeltec_mic_msg/msg/detail/motion_control__type_support.c.o[0m
[61.152s] [ 81%] [32m[1mLinking C shared library libwheeltec_mic_msg__rosidl_typesupport_introspection_c.so[0m
[61.362s] [ 81%] Built target wheeltec_mic_msg__rosidl_typesupport_introspection_c
[61.561s] [ 81%] Built target wheeltec_mic_msg
[61.756s] [ 82%] [34m[1mGenerating Python code for ROS interfaces[0m
[64.902s] [ 82%] Built target wheeltec_mic_msg__py
[65.090s] [ 83%] [32mBuilding C object CMakeFiles/wheeltec_mic_msg__rosidl_generator_py.dir/rosidl_generator_py/wheeltec_mic_msg/msg/_pcm_msg_s.c.o[0m
[65.364s] [ 84%] [32mBuilding C object CMakeFiles/wheeltec_mic_msg__rosidl_generator_py.dir/rosidl_generator_py/wheeltec_mic_msg/srv/_set_major_mic_s.c.o[0m
[65.660s] [ 86%] [32mBuilding C object CMakeFiles/wheeltec_mic_msg__rosidl_generator_py.dir/rosidl_generator_py/wheeltec_mic_msg/srv/_switch_mic_s.c.o[0m
[65.938s] [ 87%] [32mBuilding C object CMakeFiles/wheeltec_mic_msg__rosidl_generator_py.dir/rosidl_generator_py/wheeltec_mic_msg/srv/_set_awake_word_s.c.o[0m
[66.230s] [ 88%] [32mBuilding C object CMakeFiles/wheeltec_mic_msg__rosidl_generator_py.dir/rosidl_generator_py/wheeltec_mic_msg/srv/_get_offline_result_s.c.o[0m
[66.519s] [ 89%] [32mBuilding C object CMakeFiles/wheeltec_mic_msg__rosidl_generator_py.dir/rosidl_generator_py/wheeltec_mic_msg/srv/_get_device_type_s.c.o[0m
[66.803s] [ 91%] [32mBuilding C object CMakeFiles/wheeltec_mic_msg__rosidl_generator_py.dir/rosidl_generator_py/wheeltec_mic_msg/msg/_motion_control_s.c.o[0m
[67.098s] [ 92%] [32m[1mLinking C shared library rosidl_generator_py/wheeltec_mic_msg/libwheeltec_mic_msg__rosidl_generator_py.so[0m
[67.331s] [ 92%] Built target wheeltec_mic_msg__rosidl_generator_py
[67.499s] [ 93%] [32mBuilding C object CMakeFiles/wheeltec_mic_msg__rosidl_typesupport_fastrtps_c__pyext.dir/rosidl_generator_py/wheeltec_mic_msg/_wheeltec_mic_msg_s.ep.rosidl_typesupport_fastrtps_c.c.o[0m
[67.817s] [ 94%] [32m[1mLinking C shared library rosidl_generator_py/wheeltec_mic_msg/wheeltec_mic_msg_s__rosidl_typesupport_fastrtps_c.cpython-310-aarch64-linux-gnu.so[0m
[68.014s] [ 94%] Built target wheeltec_mic_msg__rosidl_typesupport_fastrtps_c__pyext
[68.237s] [ 96%] [32mBuilding C object CMakeFiles/wheeltec_mic_msg__rosidl_typesupport_c__pyext.dir/rosidl_generator_py/wheeltec_mic_msg/_wheeltec_mic_msg_s.ep.rosidl_typesupport_c.c.o[0m
[68.567s] [ 97%] [32m[1mLinking C shared library rosidl_generator_py/wheeltec_mic_msg/wheeltec_mic_msg_s__rosidl_typesupport_c.cpython-310-aarch64-linux-gnu.so[0m
[68.759s] [ 97%] Built target wheeltec_mic_msg__rosidl_typesupport_c__pyext
[68.923s] [ 98%] [32mBuilding C object CMakeFiles/wheeltec_mic_msg__rosidl_typesupport_introspection_c__pyext.dir/rosidl_generator_py/wheeltec_mic_msg/_wheeltec_mic_msg_s.ep.rosidl_typesupport_introspection_c.c.o[0m
[69.243s] [100%] [32m[1mLinking C shared library rosidl_generator_py/wheeltec_mic_msg/wheeltec_mic_msg_s__rosidl_typesupport_introspection_c.cpython-310-aarch64-linux-gnu.so[0m
[69.446s] [100%] Built target wheeltec_mic_msg__rosidl_typesupport_introspection_c__pyext
[69.526s] Invoked command in '/home/wheeltec/wheeltec_ros2/build/wheeltec_mic_msg' returned '0': CMAKE_PREFIX_PATH=${CMAKE_PREFIX_PATH}:/home/wheeltec/autoware/install/autoware_wheeltec_interface:/home/wheeltec/autoware/install/ad_api_visualizers:/opt/ros/humble /usr/bin/cmake --build /home/wheeltec/wheeltec_ros2/build/wheeltec_mic_msg -- -j6 -l6
[69.531s] Invoking command in '/home/wheeltec/wheeltec_ros2/build/wheeltec_mic_msg': CMAKE_PREFIX_PATH=${CMAKE_PREFIX_PATH}:/home/wheeltec/autoware/install/autoware_wheeltec_interface:/home/wheeltec/autoware/install/ad_api_visualizers:/opt/ros/humble /usr/bin/cmake --install /home/wheeltec/wheeltec_ros2/build/wheeltec_mic_msg
[69.582s] -- Install configuration: ""
[69.583s] -- Execute custom install script
[69.584s] -- Symlinking: /home/wheeltec/wheeltec_ros2/install/wheeltec_mic_msg/share/ament_index/resource_index/rosidl_interfaces/wheeltec_mic_msg
[69.655s] -- Symlinking: /home/wheeltec/wheeltec_ros2/install/wheeltec_mic_msg/include/wheeltec_mic_msg/wheeltec_mic_msg/msg/detail/motion_control__functions.h
[69.723s] -- Symlinking: /home/wheeltec/wheeltec_ros2/install/wheeltec_mic_msg/include/wheeltec_mic_msg/wheeltec_mic_msg/msg/detail/motion_control__struct.h
[69.855s] -- Symlinking: /home/wheeltec/wheeltec_ros2/install/wheeltec_mic_msg/include/wheeltec_mic_msg/wheeltec_mic_msg/msg/detail/motion_control__type_support.h
[69.859s] -- Symlinking: /home/wheeltec/wheeltec_ros2/install/wheeltec_mic_msg/include/wheeltec_mic_msg/wheeltec_mic_msg/msg/detail/pcm_msg__functions.h
[69.920s] -- Symlinking: /home/wheeltec/wheeltec_ros2/install/wheeltec_mic_msg/include/wheeltec_mic_msg/wheeltec_mic_msg/msg/detail/pcm_msg__struct.h
[69.981s] -- Symlinking: /home/wheeltec/wheeltec_ros2/install/wheeltec_mic_msg/include/wheeltec_mic_msg/wheeltec_mic_msg/msg/detail/pcm_msg__type_support.h
[70.047s] -- Symlinking: /home/wheeltec/wheeltec_ros2/install/wheeltec_mic_msg/include/wheeltec_mic_msg/wheeltec_mic_msg/msg/motion_control.h
[70.107s] -- Symlinking: /home/wheeltec/wheeltec_ros2/install/wheeltec_mic_msg/include/wheeltec_mic_msg/wheeltec_mic_msg/msg/pcm_msg.h
[70.171s] -- Symlinking: /home/wheeltec/wheeltec_ros2/install/wheeltec_mic_msg/include/wheeltec_mic_msg/wheeltec_mic_msg/msg/rosidl_generator_c__visibility_control.h
[70.235s] -- Symlinking: /home/wheeltec/wheeltec_ros2/install/wheeltec_mic_msg/include/wheeltec_mic_msg/wheeltec_mic_msg/srv/detail/get_device_type__functions.h
[70.295s] -- Symlinking: /home/wheeltec/wheeltec_ros2/install/wheeltec_mic_msg/include/wheeltec_mic_msg/wheeltec_mic_msg/srv/detail/get_device_type__struct.h
[70.361s] -- Symlinking: /home/wheeltec/wheeltec_ros2/install/wheeltec_mic_msg/include/wheeltec_mic_msg/wheeltec_mic_msg/srv/detail/get_device_type__type_support.h
[70.427s] -- Symlinking: /home/wheeltec/wheeltec_ros2/install/wheeltec_mic_msg/include/wheeltec_mic_msg/wheeltec_mic_msg/srv/detail/get_offline_result__functions.h
[70.486s] -- Symlinking: /home/wheeltec/wheeltec_ros2/install/wheeltec_mic_msg/include/wheeltec_mic_msg/wheeltec_mic_msg/srv/detail/get_offline_result__struct.h
[70.555s] -- Symlinking: /home/wheeltec/wheeltec_ros2/install/wheeltec_mic_msg/include/wheeltec_mic_msg/wheeltec_mic_msg/srv/detail/get_offline_result__type_support.h
[70.621s] -- Symlinking: /home/wheeltec/wheeltec_ros2/install/wheeltec_mic_msg/include/wheeltec_mic_msg/wheeltec_mic_msg/srv/detail/set_awake_word__functions.h
[70.686s] -- Symlinking: /home/wheeltec/wheeltec_ros2/install/wheeltec_mic_msg/include/wheeltec_mic_msg/wheeltec_mic_msg/srv/detail/set_awake_word__struct.h
[70.751s] -- Symlinking: /home/wheeltec/wheeltec_ros2/install/wheeltec_mic_msg/include/wheeltec_mic_msg/wheeltec_mic_msg/srv/detail/set_awake_word__type_support.h
[70.821s] -- Symlinking: /home/wheeltec/wheeltec_ros2/install/wheeltec_mic_msg/include/wheeltec_mic_msg/wheeltec_mic_msg/srv/detail/set_major_mic__functions.h
[70.879s] -- Symlinking: /home/wheeltec/wheeltec_ros2/install/wheeltec_mic_msg/include/wheeltec_mic_msg/wheeltec_mic_msg/srv/detail/set_major_mic__struct.h
[70.943s] -- Symlinking: /home/wheeltec/wheeltec_ros2/install/wheeltec_mic_msg/include/wheeltec_mic_msg/wheeltec_mic_msg/srv/detail/set_major_mic__type_support.h
[71.010s] -- Symlinking: /home/wheeltec/wheeltec_ros2/install/wheeltec_mic_msg/include/wheeltec_mic_msg/wheeltec_mic_msg/srv/detail/switch_mic__functions.h
[71.071s] -- Symlinking: /home/wheeltec/wheeltec_ros2/install/wheeltec_mic_msg/include/wheeltec_mic_msg/wheeltec_mic_msg/srv/detail/switch_mic__struct.h
[71.133s] -- Symlinking: /home/wheeltec/wheeltec_ros2/install/wheeltec_mic_msg/include/wheeltec_mic_msg/wheeltec_mic_msg/srv/detail/switch_mic__type_support.h
[71.197s] -- Symlinking: /home/wheeltec/wheeltec_ros2/install/wheeltec_mic_msg/include/wheeltec_mic_msg/wheeltec_mic_msg/srv/get_device_type.h
[71.257s] -- Symlinking: /home/wheeltec/wheeltec_ros2/install/wheeltec_mic_msg/include/wheeltec_mic_msg/wheeltec_mic_msg/srv/get_offline_result.h
[71.325s] -- Symlinking: /home/wheeltec/wheeltec_ros2/install/wheeltec_mic_msg/include/wheeltec_mic_msg/wheeltec_mic_msg/srv/set_awake_word.h
[71.390s] -- Symlinking: /home/wheeltec/wheeltec_ros2/install/wheeltec_mic_msg/include/wheeltec_mic_msg/wheeltec_mic_msg/srv/set_major_mic.h
[71.450s] -- Symlinking: /home/wheeltec/wheeltec_ros2/install/wheeltec_mic_msg/include/wheeltec_mic_msg/wheeltec_mic_msg/srv/switch_mic.h
[71.515s] -- Symlinking: /home/wheeltec/wheeltec_ros2/install/wheeltec_mic_msg/share/wheeltec_mic_msg/environment/library_path.sh
[71.580s] -- Symlinking: /home/wheeltec/wheeltec_ros2/install/wheeltec_mic_msg/share/wheeltec_mic_msg/environment/library_path.dsv
[71.642s] -- Symlinking: /home/wheeltec/wheeltec_ros2/install/wheeltec_mic_msg/include/wheeltec_mic_msg/wheeltec_mic_msg/msg/detail/motion_control__rosidl_typesupport_fastrtps_c.h
[71.704s] -- Symlinking: /home/wheeltec/wheeltec_ros2/install/wheeltec_mic_msg/include/wheeltec_mic_msg/wheeltec_mic_msg/msg/detail/pcm_msg__rosidl_typesupport_fastrtps_c.h
[71.763s] -- Symlinking: /home/wheeltec/wheeltec_ros2/install/wheeltec_mic_msg/include/wheeltec_mic_msg/wheeltec_mic_msg/msg/rosidl_typesupport_fastrtps_c__visibility_control.h
[71.823s] -- Symlinking: /home/wheeltec/wheeltec_ros2/install/wheeltec_mic_msg/include/wheeltec_mic_msg/wheeltec_mic_msg/srv/detail/get_device_type__rosidl_typesupport_fastrtps_c.h
[71.890s] -- Symlinking: /home/wheeltec/wheeltec_ros2/install/wheeltec_mic_msg/include/wheeltec_mic_msg/wheeltec_mic_msg/srv/detail/get_offline_result__rosidl_typesupport_fastrtps_c.h
[71.952s] -- Symlinking: /home/wheeltec/wheeltec_ros2/install/wheeltec_mic_msg/include/wheeltec_mic_msg/wheeltec_mic_msg/srv/detail/set_awake_word__rosidl_typesupport_fastrtps_c.h
[72.010s] -- Symlinking: /home/wheeltec/wheeltec_ros2/install/wheeltec_mic_msg/include/wheeltec_mic_msg/wheeltec_mic_msg/srv/detail/set_major_mic__rosidl_typesupport_fastrtps_c.h
[72.080s] -- Symlinking: /home/wheeltec/wheeltec_ros2/install/wheeltec_mic_msg/include/wheeltec_mic_msg/wheeltec_mic_msg/srv/detail/switch_mic__rosidl_typesupport_fastrtps_c.h
[72.143s] -- Symlinking: /home/wheeltec/wheeltec_ros2/install/wheeltec_mic_msg/include/wheeltec_mic_msg/wheeltec_mic_msg/msg/detail/motion_control__builder.hpp
[72.211s] -- Symlinking: /home/wheeltec/wheeltec_ros2/install/wheeltec_mic_msg/include/wheeltec_mic_msg/wheeltec_mic_msg/msg/detail/motion_control__struct.hpp
[72.269s] -- Symlinking: /home/wheeltec/wheeltec_ros2/install/wheeltec_mic_msg/include/wheeltec_mic_msg/wheeltec_mic_msg/msg/detail/motion_control__traits.hpp
[72.334s] -- Symlinking: /home/wheeltec/wheeltec_ros2/install/wheeltec_mic_msg/include/wheeltec_mic_msg/wheeltec_mic_msg/msg/detail/motion_control__type_support.hpp
[72.396s] -- Symlinking: /home/wheeltec/wheeltec_ros2/install/wheeltec_mic_msg/include/wheeltec_mic_msg/wheeltec_mic_msg/msg/detail/pcm_msg__builder.hpp
[72.455s] -- Symlinking: /home/wheeltec/wheeltec_ros2/install/wheeltec_mic_msg/include/wheeltec_mic_msg/wheeltec_mic_msg/msg/detail/pcm_msg__struct.hpp
[72.526s] -- Symlinking: /home/wheeltec/wheeltec_ros2/install/wheeltec_mic_msg/include/wheeltec_mic_msg/wheeltec_mic_msg/msg/detail/pcm_msg__traits.hpp
[72.586s] -- Symlinking: /home/wheeltec/wheeltec_ros2/install/wheeltec_mic_msg/include/wheeltec_mic_msg/wheeltec_mic_msg/msg/detail/pcm_msg__type_support.hpp
[72.644s] -- Symlinking: /home/wheeltec/wheeltec_ros2/install/wheeltec_mic_msg/include/wheeltec_mic_msg/wheeltec_mic_msg/msg/motion_control.hpp
[72.711s] -- Symlinking: /home/wheeltec/wheeltec_ros2/install/wheeltec_mic_msg/include/wheeltec_mic_msg/wheeltec_mic_msg/msg/pcm_msg.hpp
[72.774s] -- Symlinking: /home/wheeltec/wheeltec_ros2/install/wheeltec_mic_msg/include/wheeltec_mic_msg/wheeltec_mic_msg/msg/rosidl_generator_cpp__visibility_control.hpp
[72.835s] -- Symlinking: /home/wheeltec/wheeltec_ros2/install/wheeltec_mic_msg/include/wheeltec_mic_msg/wheeltec_mic_msg/srv/detail/get_device_type__builder.hpp
[72.894s] -- Symlinking: /home/wheeltec/wheeltec_ros2/install/wheeltec_mic_msg/include/wheeltec_mic_msg/wheeltec_mic_msg/srv/detail/get_device_type__struct.hpp
[72.955s] -- Symlinking: /home/wheeltec/wheeltec_ros2/install/wheeltec_mic_msg/include/wheeltec_mic_msg/wheeltec_mic_msg/srv/detail/get_device_type__traits.hpp
[73.021s] -- Symlinking: /home/wheeltec/wheeltec_ros2/install/wheeltec_mic_msg/include/wheeltec_mic_msg/wheeltec_mic_msg/srv/detail/get_device_type__type_support.hpp
[73.088s] -- Symlinking: /home/wheeltec/wheeltec_ros2/install/wheeltec_mic_msg/include/wheeltec_mic_msg/wheeltec_mic_msg/srv/detail/get_offline_result__builder.hpp
[73.168s] -- Symlinking: /home/wheeltec/wheeltec_ros2/install/wheeltec_mic_msg/include/wheeltec_mic_msg/wheeltec_mic_msg/srv/detail/get_offline_result__struct.hpp
[73.233s] -- Symlinking: /home/wheeltec/wheeltec_ros2/install/wheeltec_mic_msg/include/wheeltec_mic_msg/wheeltec_mic_msg/srv/detail/get_offline_result__traits.hpp
[73.308s] -- Symlinking: /home/wheeltec/wheeltec_ros2/install/wheeltec_mic_msg/include/wheeltec_mic_msg/wheeltec_mic_msg/srv/detail/get_offline_result__type_support.hpp
[73.399s] -- Symlinking: /home/wheeltec/wheeltec_ros2/install/wheeltec_mic_msg/include/wheeltec_mic_msg/wheeltec_mic_msg/srv/detail/set_awake_word__builder.hpp
[73.463s] -- Symlinking: /home/wheeltec/wheeltec_ros2/install/wheeltec_mic_msg/include/wheeltec_mic_msg/wheeltec_mic_msg/srv/detail/set_awake_word__struct.hpp
[73.524s] -- Symlinking: /home/wheeltec/wheeltec_ros2/install/wheeltec_mic_msg/include/wheeltec_mic_msg/wheeltec_mic_msg/srv/detail/set_awake_word__traits.hpp
[73.605s] -- Symlinking: /home/wheeltec/wheeltec_ros2/install/wheeltec_mic_msg/include/wheeltec_mic_msg/wheeltec_mic_msg/srv/detail/set_awake_word__type_support.hpp
[73.668s] -- Symlinking: /home/wheeltec/wheeltec_ros2/install/wheeltec_mic_msg/include/wheeltec_mic_msg/wheeltec_mic_msg/srv/detail/set_major_mic__builder.hpp
[73.737s] -- Symlinking: /home/wheeltec/wheeltec_ros2/install/wheeltec_mic_msg/include/wheeltec_mic_msg/wheeltec_mic_msg/srv/detail/set_major_mic__struct.hpp
[73.818s] -- Symlinking: /home/wheeltec/wheeltec_ros2/install/wheeltec_mic_msg/include/wheeltec_mic_msg/wheeltec_mic_msg/srv/detail/set_major_mic__traits.hpp
[73.885s] -- Symlinking: /home/wheeltec/wheeltec_ros2/install/wheeltec_mic_msg/include/wheeltec_mic_msg/wheeltec_mic_msg/srv/detail/set_major_mic__type_support.hpp
[73.958s] -- Symlinking: /home/wheeltec/wheeltec_ros2/install/wheeltec_mic_msg/include/wheeltec_mic_msg/wheeltec_mic_msg/srv/detail/switch_mic__builder.hpp
[74.022s] -- Symlinking: /home/wheeltec/wheeltec_ros2/install/wheeltec_mic_msg/include/wheeltec_mic_msg/wheeltec_mic_msg/srv/detail/switch_mic__struct.hpp
[74.083s] -- Symlinking: /home/wheeltec/wheeltec_ros2/install/wheeltec_mic_msg/include/wheeltec_mic_msg/wheeltec_mic_msg/srv/detail/switch_mic__traits.hpp
[74.146s] -- Symlinking: /home/wheeltec/wheeltec_ros2/install/wheeltec_mic_msg/include/wheeltec_mic_msg/wheeltec_mic_msg/srv/detail/switch_mic__type_support.hpp
[74.214s] -- Symlinking: /home/wheeltec/wheeltec_ros2/install/wheeltec_mic_msg/include/wheeltec_mic_msg/wheeltec_mic_msg/srv/get_device_type.hpp
[74.274s] -- Symlinking: /home/wheeltec/wheeltec_ros2/install/wheeltec_mic_msg/include/wheeltec_mic_msg/wheeltec_mic_msg/srv/get_offline_result.hpp
[74.341s] -- Symlinking: /home/wheeltec/wheeltec_ros2/install/wheeltec_mic_msg/include/wheeltec_mic_msg/wheeltec_mic_msg/srv/set_awake_word.hpp
[74.406s] -- Symlinking: /home/wheeltec/wheeltec_ros2/install/wheeltec_mic_msg/include/wheeltec_mic_msg/wheeltec_mic_msg/srv/set_major_mic.hpp
[74.472s] -- Symlinking: /home/wheeltec/wheeltec_ros2/install/wheeltec_mic_msg/include/wheeltec_mic_msg/wheeltec_mic_msg/srv/switch_mic.hpp
[74.534s] -- Symlinking: /home/wheeltec/wheeltec_ros2/install/wheeltec_mic_msg/include/wheeltec_mic_msg/wheeltec_mic_msg/msg/detail/motion_control__rosidl_typesupport_fastrtps_cpp.hpp
[74.600s] -- Symlinking: /home/wheeltec/wheeltec_ros2/install/wheeltec_mic_msg/include/wheeltec_mic_msg/wheeltec_mic_msg/msg/detail/pcm_msg__rosidl_typesupport_fastrtps_cpp.hpp
[74.668s] -- Symlinking: /home/wheeltec/wheeltec_ros2/install/wheeltec_mic_msg/include/wheeltec_mic_msg/wheeltec_mic_msg/msg/rosidl_typesupport_fastrtps_cpp__visibility_control.h
[74.730s] -- Symlinking: /home/wheeltec/wheeltec_ros2/install/wheeltec_mic_msg/include/wheeltec_mic_msg/wheeltec_mic_msg/srv/detail/get_device_type__rosidl_typesupport_fastrtps_cpp.hpp
[74.803s] -- Symlinking: /home/wheeltec/wheeltec_ros2/install/wheeltec_mic_msg/include/wheeltec_mic_msg/wheeltec_mic_msg/srv/detail/get_offline_result__rosidl_typesupport_fastrtps_cpp.hpp
[74.869s] -- Symlinking: /home/wheeltec/wheeltec_ros2/install/wheeltec_mic_msg/include/wheeltec_mic_msg/wheeltec_mic_msg/srv/detail/set_awake_word__rosidl_typesupport_fastrtps_cpp.hpp
[74.941s] -- Symlinking: /home/wheeltec/wheeltec_ros2/install/wheeltec_mic_msg/include/wheeltec_mic_msg/wheeltec_mic_msg/srv/detail/set_major_mic__rosidl_typesupport_fastrtps_cpp.hpp
[75.001s] -- Symlinking: /home/wheeltec/wheeltec_ros2/install/wheeltec_mic_msg/include/wheeltec_mic_msg/wheeltec_mic_msg/srv/detail/switch_mic__rosidl_typesupport_fastrtps_cpp.hpp
[75.070s] -- Symlinking: /home/wheeltec/wheeltec_ros2/install/wheeltec_mic_msg/include/wheeltec_mic_msg/wheeltec_mic_msg/msg/detail/motion_control__rosidl_typesupport_introspection_c.h
[75.160s] -- Symlinking: /home/wheeltec/wheeltec_ros2/install/wheeltec_mic_msg/include/wheeltec_mic_msg/wheeltec_mic_msg/msg/detail/pcm_msg__rosidl_typesupport_introspection_c.h
[75.228s] -- Symlinking: /home/wheeltec/wheeltec_ros2/install/wheeltec_mic_msg/include/wheeltec_mic_msg/wheeltec_mic_msg/msg/rosidl_typesupport_introspection_c__visibility_control.h
[75.295s] -- Symlinking: /home/wheeltec/wheeltec_ros2/install/wheeltec_mic_msg/include/wheeltec_mic_msg/wheeltec_mic_msg/srv/detail/get_device_type__rosidl_typesupport_introspection_c.h
[75.363s] -- Symlinking: /home/wheeltec/wheeltec_ros2/install/wheeltec_mic_msg/include/wheeltec_mic_msg/wheeltec_mic_msg/srv/detail/get_offline_result__rosidl_typesupport_introspection_c.h
[75.430s] -- Symlinking: /home/wheeltec/wheeltec_ros2/install/wheeltec_mic_msg/include/wheeltec_mic_msg/wheeltec_mic_msg/srv/detail/set_awake_word__rosidl_typesupport_introspection_c.h
[75.495s] -- Symlinking: /home/wheeltec/wheeltec_ros2/install/wheeltec_mic_msg/include/wheeltec_mic_msg/wheeltec_mic_msg/srv/detail/set_major_mic__rosidl_typesupport_introspection_c.h
[75.563s] -- Symlinking: /home/wheeltec/wheeltec_ros2/install/wheeltec_mic_msg/include/wheeltec_mic_msg/wheeltec_mic_msg/srv/detail/switch_mic__rosidl_typesupport_introspection_c.h
[75.627s] -- Symlinking: /home/wheeltec/wheeltec_ros2/install/wheeltec_mic_msg/include/wheeltec_mic_msg/wheeltec_mic_msg/msg/detail/motion_control__rosidl_typesupport_introspection_cpp.hpp
[75.696s] -- Symlinking: /home/wheeltec/wheeltec_ros2/install/wheeltec_mic_msg/include/wheeltec_mic_msg/wheeltec_mic_msg/msg/detail/pcm_msg__rosidl_typesupport_introspection_cpp.hpp
[75.760s] -- Symlinking: /home/wheeltec/wheeltec_ros2/install/wheeltec_mic_msg/include/wheeltec_mic_msg/wheeltec_mic_msg/srv/detail/get_device_type__rosidl_typesupport_introspection_cpp.hpp
[75.842s] -- Symlinking: /home/wheeltec/wheeltec_ros2/install/wheeltec_mic_msg/include/wheeltec_mic_msg/wheeltec_mic_msg/srv/detail/get_offline_result__rosidl_typesupport_introspection_cpp.hpp
[75.919s] -- Symlinking: /home/wheeltec/wheeltec_ros2/install/wheeltec_mic_msg/include/wheeltec_mic_msg/wheeltec_mic_msg/srv/detail/set_awake_word__rosidl_typesupport_introspection_cpp.hpp
[75.995s] -- Symlinking: /home/wheeltec/wheeltec_ros2/install/wheeltec_mic_msg/include/wheeltec_mic_msg/wheeltec_mic_msg/srv/detail/set_major_mic__rosidl_typesupport_introspection_cpp.hpp
[76.058s] -- Symlinking: /home/wheeltec/wheeltec_ros2/install/wheeltec_mic_msg/include/wheeltec_mic_msg/wheeltec_mic_msg/srv/detail/switch_mic__rosidl_typesupport_introspection_cpp.hpp
[76.131s] -- Symlinking: /home/wheeltec/wheeltec_ros2/install/wheeltec_mic_msg/share/wheeltec_mic_msg/environment/pythonpath.sh
[76.200s] -- Symlinking: /home/wheeltec/wheeltec_ros2/install/wheeltec_mic_msg/share/wheeltec_mic_msg/environment/pythonpath.dsv
[76.270s] -- Symlinking: /home/wheeltec/wheeltec_ros2/install/wheeltec_mic_msg/local/lib/python3.10/dist-packages/wheeltec_mic_msg-0.0.0-py3.10.egg-info/PKG-INFO
[76.339s] -- Symlinking: /home/wheeltec/wheeltec_ros2/install/wheeltec_mic_msg/local/lib/python3.10/dist-packages/wheeltec_mic_msg-0.0.0-py3.10.egg-info/SOURCES.txt
[76.403s] -- Symlinking: /home/wheeltec/wheeltec_ros2/install/wheeltec_mic_msg/local/lib/python3.10/dist-packages/wheeltec_mic_msg-0.0.0-py3.10.egg-info/dependency_links.txt
[76.470s] -- Symlinking: /home/wheeltec/wheeltec_ros2/install/wheeltec_mic_msg/local/lib/python3.10/dist-packages/wheeltec_mic_msg-0.0.0-py3.10.egg-info/top_level.txt
[76.539s] -- Symlinking: /home/wheeltec/wheeltec_ros2/install/wheeltec_mic_msg/local/lib/python3.10/dist-packages/wheeltec_mic_msg/__init__.py
[76.606s] -- Symlinking: /home/wheeltec/wheeltec_ros2/install/wheeltec_mic_msg/local/lib/python3.10/dist-packages/wheeltec_mic_msg/_wheeltec_mic_msg_s.ep.rosidl_typesupport_c.c
[76.680s] -- Symlinking: /home/wheeltec/wheeltec_ros2/install/wheeltec_mic_msg/local/lib/python3.10/dist-packages/wheeltec_mic_msg/_wheeltec_mic_msg_s.ep.rosidl_typesupport_fastrtps_c.c
[76.743s] -- Symlinking: /home/wheeltec/wheeltec_ros2/install/wheeltec_mic_msg/local/lib/python3.10/dist-packages/wheeltec_mic_msg/_wheeltec_mic_msg_s.ep.rosidl_typesupport_introspection_c.c
[76.814s] -- Symlinking: /home/wheeltec/wheeltec_ros2/install/wheeltec_mic_msg/local/lib/python3.10/dist-packages/wheeltec_mic_msg/libwheeltec_mic_msg__rosidl_generator_py.so
[76.881s] -- Symlinking: /home/wheeltec/wheeltec_ros2/install/wheeltec_mic_msg/local/lib/python3.10/dist-packages/wheeltec_mic_msg/msg/__init__.py
[76.952s] -- Symlinking: /home/wheeltec/wheeltec_ros2/install/wheeltec_mic_msg/local/lib/python3.10/dist-packages/wheeltec_mic_msg/msg/_motion_control.py
[77.029s] -- Symlinking: /home/wheeltec/wheeltec_ros2/install/wheeltec_mic_msg/local/lib/python3.10/dist-packages/wheeltec_mic_msg/msg/_motion_control_s.c
[77.096s] -- Symlinking: /home/wheeltec/wheeltec_ros2/install/wheeltec_mic_msg/local/lib/python3.10/dist-packages/wheeltec_mic_msg/msg/_pcm_msg.py
[77.169s] -- Symlinking: /home/wheeltec/wheeltec_ros2/install/wheeltec_mic_msg/local/lib/python3.10/dist-packages/wheeltec_mic_msg/msg/_pcm_msg_s.c
[77.229s] -- Symlinking: /home/wheeltec/wheeltec_ros2/install/wheeltec_mic_msg/local/lib/python3.10/dist-packages/wheeltec_mic_msg/srv/__init__.py
[77.296s] -- Symlinking: /home/wheeltec/wheeltec_ros2/install/wheeltec_mic_msg/local/lib/python3.10/dist-packages/wheeltec_mic_msg/srv/_get_device_type.py
[77.362s] -- Symlinking: /home/wheeltec/wheeltec_ros2/install/wheeltec_mic_msg/local/lib/python3.10/dist-packages/wheeltec_mic_msg/srv/_get_device_type_s.c
[77.434s] -- Symlinking: /home/wheeltec/wheeltec_ros2/install/wheeltec_mic_msg/local/lib/python3.10/dist-packages/wheeltec_mic_msg/srv/_get_offline_result.py
[77.512s] -- Symlinking: /home/wheeltec/wheeltec_ros2/install/wheeltec_mic_msg/local/lib/python3.10/dist-packages/wheeltec_mic_msg/srv/_get_offline_result_s.c
[77.578s] -- Symlinking: /home/wheeltec/wheeltec_ros2/install/wheeltec_mic_msg/local/lib/python3.10/dist-packages/wheeltec_mic_msg/srv/_set_awake_word.py
[77.640s] -- Symlinking: /home/wheeltec/wheeltec_ros2/install/wheeltec_mic_msg/local/lib/python3.10/dist-packages/wheeltec_mic_msg/srv/_set_awake_word_s.c
[77.705s] -- Symlinking: /home/wheeltec/wheeltec_ros2/install/wheeltec_mic_msg/local/lib/python3.10/dist-packages/wheeltec_mic_msg/srv/_set_major_mic.py
[77.767s] -- Symlinking: /home/wheeltec/wheeltec_ros2/install/wheeltec_mic_msg/local/lib/python3.10/dist-packages/wheeltec_mic_msg/srv/_set_major_mic_s.c
[77.840s] -- Symlinking: /home/wheeltec/wheeltec_ros2/install/wheeltec_mic_msg/local/lib/python3.10/dist-packages/wheeltec_mic_msg/srv/_switch_mic.py
[77.914s] -- Symlinking: /home/wheeltec/wheeltec_ros2/install/wheeltec_mic_msg/local/lib/python3.10/dist-packages/wheeltec_mic_msg/srv/_switch_mic_s.c
[77.975s] -- Symlinking: /home/wheeltec/wheeltec_ros2/install/wheeltec_mic_msg/local/lib/python3.10/dist-packages/wheeltec_mic_msg/wheeltec_mic_msg_s__rosidl_typesupport_c.cpython-310-aarch64-linux-gnu.so
[78.037s] -- Symlinking: /home/wheeltec/wheeltec_ros2/install/wheeltec_mic_msg/local/lib/python3.10/dist-packages/wheeltec_mic_msg/wheeltec_mic_msg_s__rosidl_typesupport_fastrtps_c.cpython-310-aarch64-linux-gnu.so
[78.102s] -- Symlinking: /home/wheeltec/wheeltec_ros2/install/wheeltec_mic_msg/local/lib/python3.10/dist-packages/wheeltec_mic_msg/wheeltec_mic_msg_s__rosidl_typesupport_introspection_c.cpython-310-aarch64-linux-gnu.so
[78.163s] -- Up-to-date symlink: /home/wheeltec/wheeltec_ros2/install/wheeltec_mic_msg/local/lib/python3.10/dist-packages/wheeltec_mic_msg/wheeltec_mic_msg_s__rosidl_typesupport_fastrtps_c.cpython-310-aarch64-linux-gnu.so
[78.163s] -- Up-to-date symlink: /home/wheeltec/wheeltec_ros2/install/wheeltec_mic_msg/local/lib/python3.10/dist-packages/wheeltec_mic_msg/wheeltec_mic_msg_s__rosidl_typesupport_introspection_c.cpython-310-aarch64-linux-gnu.so
[78.163s] -- Up-to-date symlink: /home/wheeltec/wheeltec_ros2/install/wheeltec_mic_msg/local/lib/python3.10/dist-packages/wheeltec_mic_msg/wheeltec_mic_msg_s__rosidl_typesupport_c.cpython-310-aarch64-linux-gnu.so
[78.163s] -- Symlinking: /home/wheeltec/wheeltec_ros2/install/wheeltec_mic_msg/share/wheeltec_mic_msg/msg/PcmMsg.idl
[78.232s] -- Symlinking: /home/wheeltec/wheeltec_ros2/install/wheeltec_mic_msg/share/wheeltec_mic_msg/msg/MotionControl.idl
[78.317s] -- Symlinking: /home/wheeltec/wheeltec_ros2/install/wheeltec_mic_msg/share/wheeltec_mic_msg/srv/GetDeviceType.idl
[78.386s] -- Symlinking: /home/wheeltec/wheeltec_ros2/install/wheeltec_mic_msg/share/wheeltec_mic_msg/srv/GetOfflineResult.idl
[78.468s] -- Symlinking: /home/wheeltec/wheeltec_ros2/install/wheeltec_mic_msg/share/wheeltec_mic_msg/srv/SetAwakeWord.idl
[78.536s] -- Symlinking: /home/wheeltec/wheeltec_ros2/install/wheeltec_mic_msg/share/wheeltec_mic_msg/srv/SetMajorMic.idl
[78.599s] -- Symlinking: /home/wheeltec/wheeltec_ros2/install/wheeltec_mic_msg/share/wheeltec_mic_msg/srv/SwitchMic.idl
[78.675s] -- Symlinking: /home/wheeltec/wheeltec_ros2/install/wheeltec_mic_msg/share/wheeltec_mic_msg/msg/PcmMsg.msg
[78.737s] -- Symlinking: /home/wheeltec/wheeltec_ros2/install/wheeltec_mic_msg/share/wheeltec_mic_msg/msg/MotionControl.msg
[78.798s] -- Symlinking: /home/wheeltec/wheeltec_ros2/install/wheeltec_mic_msg/share/wheeltec_mic_msg/srv/GetDeviceType.srv
[78.869s] -- Symlinking: /home/wheeltec/wheeltec_ros2/install/wheeltec_mic_msg/share/wheeltec_mic_msg/srv/GetDeviceType_Request.msg
[78.930s] -- Symlinking: /home/wheeltec/wheeltec_ros2/install/wheeltec_mic_msg/share/wheeltec_mic_msg/srv/GetDeviceType_Response.msg
[78.994s] -- Symlinking: /home/wheeltec/wheeltec_ros2/install/wheeltec_mic_msg/share/wheeltec_mic_msg/srv/GetOfflineResult.srv
[79.054s] -- Symlinking: /home/wheeltec/wheeltec_ros2/install/wheeltec_mic_msg/share/wheeltec_mic_msg/srv/GetOfflineResult_Request.msg
[79.119s] -- Symlinking: /home/wheeltec/wheeltec_ros2/install/wheeltec_mic_msg/share/wheeltec_mic_msg/srv/GetOfflineResult_Response.msg
[79.183s] -- Symlinking: /home/wheeltec/wheeltec_ros2/install/wheeltec_mic_msg/share/wheeltec_mic_msg/srv/SetAwakeWord.srv
[79.254s] -- Symlinking: /home/wheeltec/wheeltec_ros2/install/wheeltec_mic_msg/share/wheeltec_mic_msg/srv/SetAwakeWord_Request.msg
[79.326s] -- Symlinking: /home/wheeltec/wheeltec_ros2/install/wheeltec_mic_msg/share/wheeltec_mic_msg/srv/SetAwakeWord_Response.msg
[79.391s] -- Symlinking: /home/wheeltec/wheeltec_ros2/install/wheeltec_mic_msg/share/wheeltec_mic_msg/srv/SetMajorMic.srv
[79.461s] -- Symlinking: /home/wheeltec/wheeltec_ros2/install/wheeltec_mic_msg/share/wheeltec_mic_msg/srv/SetMajorMic_Request.msg
[79.524s] -- Symlinking: /home/wheeltec/wheeltec_ros2/install/wheeltec_mic_msg/share/wheeltec_mic_msg/srv/SetMajorMic_Response.msg
[79.591s] -- Symlinking: /home/wheeltec/wheeltec_ros2/install/wheeltec_mic_msg/share/wheeltec_mic_msg/srv/SwitchMic.srv
[79.659s] -- Symlinking: /home/wheeltec/wheeltec_ros2/install/wheeltec_mic_msg/share/wheeltec_mic_msg/srv/SwitchMic_Request.msg
[79.721s] -- Symlinking: /home/wheeltec/wheeltec_ros2/install/wheeltec_mic_msg/share/wheeltec_mic_msg/srv/SwitchMic_Response.msg
[79.787s] -- Symlinking: /home/wheeltec/wheeltec_ros2/install/wheeltec_mic_msg/share/ament_index/resource_index/package_run_dependencies/wheeltec_mic_msg
[79.853s] -- Symlinking: /home/wheeltec/wheeltec_ros2/install/wheeltec_mic_msg/share/ament_index/resource_index/parent_prefix_path/wheeltec_mic_msg
[79.917s] -- Symlinking: /home/wheeltec/wheeltec_ros2/install/wheeltec_mic_msg/share/wheeltec_mic_msg/environment/ament_prefix_path.sh
[79.985s] -- Symlinking: /home/wheeltec/wheeltec_ros2/install/wheeltec_mic_msg/share/wheeltec_mic_msg/environment/ament_prefix_path.dsv
[80.052s] -- Symlinking: /home/wheeltec/wheeltec_ros2/install/wheeltec_mic_msg/share/wheeltec_mic_msg/environment/path.sh
[80.116s] -- Symlinking: /home/wheeltec/wheeltec_ros2/install/wheeltec_mic_msg/share/wheeltec_mic_msg/environment/path.dsv
[80.184s] -- Symlinking: /home/wheeltec/wheeltec_ros2/install/wheeltec_mic_msg/share/wheeltec_mic_msg/local_setup.bash
[80.250s] -- Symlinking: /home/wheeltec/wheeltec_ros2/install/wheeltec_mic_msg/share/wheeltec_mic_msg/local_setup.sh
[80.314s] -- Symlinking: /home/wheeltec/wheeltec_ros2/install/wheeltec_mic_msg/share/wheeltec_mic_msg/local_setup.zsh
[80.383s] -- Symlinking: /home/wheeltec/wheeltec_ros2/install/wheeltec_mic_msg/share/wheeltec_mic_msg/local_setup.dsv
[80.454s] -- Symlinking: /home/wheeltec/wheeltec_ros2/install/wheeltec_mic_msg/share/wheeltec_mic_msg/package.dsv
[80.518s] -- Symlinking: /home/wheeltec/wheeltec_ros2/install/wheeltec_mic_msg/share/ament_index/resource_index/packages/wheeltec_mic_msg
[80.587s] -- Symlinking: /home/wheeltec/wheeltec_ros2/install/wheeltec_mic_msg/share/wheeltec_mic_msg/cmake/rosidl_cmake-extras.cmake
[80.654s] -- Symlinking: /home/wheeltec/wheeltec_ros2/install/wheeltec_mic_msg/share/wheeltec_mic_msg/cmake/ament_cmake_export_dependencies-extras.cmake
[80.718s] -- Symlinking: /home/wheeltec/wheeltec_ros2/install/wheeltec_mic_msg/share/wheeltec_mic_msg/cmake/ament_cmake_export_include_directories-extras.cmake
[80.794s] -- Symlinking: /home/wheeltec/wheeltec_ros2/install/wheeltec_mic_msg/share/wheeltec_mic_msg/cmake/ament_cmake_export_libraries-extras.cmake
[80.865s] -- Symlinking: /home/wheeltec/wheeltec_ros2/install/wheeltec_mic_msg/share/wheeltec_mic_msg/cmake/ament_cmake_export_targets-extras.cmake
[80.941s] -- Symlinking: /home/wheeltec/wheeltec_ros2/install/wheeltec_mic_msg/share/wheeltec_mic_msg/cmake/rosidl_cmake_export_typesupport_targets-extras.cmake
[81.007s] -- Symlinking: /home/wheeltec/wheeltec_ros2/install/wheeltec_mic_msg/share/wheeltec_mic_msg/cmake/rosidl_cmake_export_typesupport_libraries-extras.cmake
[81.068s] -- Symlinking: /home/wheeltec/wheeltec_ros2/install/wheeltec_mic_msg/share/wheeltec_mic_msg/cmake/wheeltec_mic_msgConfig.cmake
[81.131s] -- Symlinking: /home/wheeltec/wheeltec_ros2/install/wheeltec_mic_msg/share/wheeltec_mic_msg/cmake/wheeltec_mic_msgConfig-version.cmake
[81.195s] -- Symlinking: /home/wheeltec/wheeltec_ros2/install/wheeltec_mic_msg/share/wheeltec_mic_msg/package.xml
[81.257s] -- Installing: /home/wheeltec/wheeltec_ros2/install/wheeltec_mic_msg/lib/libwheeltec_mic_msg__rosidl_generator_c.so
[81.257s] -- Set runtime path of "/home/wheeltec/wheeltec_ros2/install/wheeltec_mic_msg/lib/libwheeltec_mic_msg__rosidl_generator_c.so" to ""
[81.262s] -- Installing: /home/wheeltec/wheeltec_ros2/install/wheeltec_mic_msg/lib/libwheeltec_mic_msg__rosidl_typesupport_fastrtps_c.so
[81.262s] -- Set runtime path of "/home/wheeltec/wheeltec_ros2/install/wheeltec_mic_msg/lib/libwheeltec_mic_msg__rosidl_typesupport_fastrtps_c.so" to ""
[81.262s] -- Installing: /home/wheeltec/wheeltec_ros2/install/wheeltec_mic_msg/lib/libwheeltec_mic_msg__rosidl_typesupport_fastrtps_cpp.so
[81.262s] -- Set runtime path of "/home/wheeltec/wheeltec_ros2/install/wheeltec_mic_msg/lib/libwheeltec_mic_msg__rosidl_typesupport_fastrtps_cpp.so" to ""
[81.262s] -- Installing: /home/wheeltec/wheeltec_ros2/install/wheeltec_mic_msg/lib/libwheeltec_mic_msg__rosidl_typesupport_introspection_c.so
[81.263s] -- Set runtime path of "/home/wheeltec/wheeltec_ros2/install/wheeltec_mic_msg/lib/libwheeltec_mic_msg__rosidl_typesupport_introspection_c.so" to ""
[81.263s] -- Installing: /home/wheeltec/wheeltec_ros2/install/wheeltec_mic_msg/lib/libwheeltec_mic_msg__rosidl_typesupport_c.so
[81.263s] -- Set runtime path of "/home/wheeltec/wheeltec_ros2/install/wheeltec_mic_msg/lib/libwheeltec_mic_msg__rosidl_typesupport_c.so" to ""
[81.263s] -- Installing: /home/wheeltec/wheeltec_ros2/install/wheeltec_mic_msg/lib/libwheeltec_mic_msg__rosidl_typesupport_introspection_cpp.so
[81.263s] -- Set runtime path of "/home/wheeltec/wheeltec_ros2/install/wheeltec_mic_msg/lib/libwheeltec_mic_msg__rosidl_typesupport_introspection_cpp.so" to ""
[81.263s] -- Installing: /home/wheeltec/wheeltec_ros2/install/wheeltec_mic_msg/lib/libwheeltec_mic_msg__rosidl_typesupport_cpp.so
[81.263s] -- Set runtime path of "/home/wheeltec/wheeltec_ros2/install/wheeltec_mic_msg/lib/libwheeltec_mic_msg__rosidl_typesupport_cpp.so" to ""
[81.396s] Listing '/home/wheeltec/wheeltec_ros2/install/wheeltec_mic_msg/local/lib/python3.10/dist-packages/wheeltec_mic_msg'...
[81.396s] Compiling '/home/wheeltec/wheeltec_ros2/install/wheeltec_mic_msg/local/lib/python3.10/dist-packages/wheeltec_mic_msg/__init__.py'...
[81.396s] Listing '/home/wheeltec/wheeltec_ros2/install/wheeltec_mic_msg/local/lib/python3.10/dist-packages/wheeltec_mic_msg/msg'...
[81.396s] Compiling '/home/wheeltec/wheeltec_ros2/install/wheeltec_mic_msg/local/lib/python3.10/dist-packages/wheeltec_mic_msg/msg/__init__.py'...
[81.396s] Compiling '/home/wheeltec/wheeltec_ros2/install/wheeltec_mic_msg/local/lib/python3.10/dist-packages/wheeltec_mic_msg/msg/_motion_control.py'...
[81.396s] Compiling '/home/wheeltec/wheeltec_ros2/install/wheeltec_mic_msg/local/lib/python3.10/dist-packages/wheeltec_mic_msg/msg/_pcm_msg.py'...
[81.396s] Listing '/home/wheeltec/wheeltec_ros2/install/wheeltec_mic_msg/local/lib/python3.10/dist-packages/wheeltec_mic_msg/srv'...
[81.397s] Compiling '/home/wheeltec/wheeltec_ros2/install/wheeltec_mic_msg/local/lib/python3.10/dist-packages/wheeltec_mic_msg/srv/__init__.py'...
[81.397s] Compiling '/home/wheeltec/wheeltec_ros2/install/wheeltec_mic_msg/local/lib/python3.10/dist-packages/wheeltec_mic_msg/srv/_get_device_type.py'...
[81.397s] Compiling '/home/wheeltec/wheeltec_ros2/install/wheeltec_mic_msg/local/lib/python3.10/dist-packages/wheeltec_mic_msg/srv/_get_offline_result.py'...
[81.397s] Compiling '/home/wheeltec/wheeltec_ros2/install/wheeltec_mic_msg/local/lib/python3.10/dist-packages/wheeltec_mic_msg/srv/_set_awake_word.py'...
[81.397s] Compiling '/home/wheeltec/wheeltec_ros2/install/wheeltec_mic_msg/local/lib/python3.10/dist-packages/wheeltec_mic_msg/srv/_set_major_mic.py'...
[81.397s] Compiling '/home/wheeltec/wheeltec_ros2/install/wheeltec_mic_msg/local/lib/python3.10/dist-packages/wheeltec_mic_msg/srv/_switch_mic.py'...
[81.407s] -- Installing: /home/wheeltec/wheeltec_ros2/install/wheeltec_mic_msg/lib/libwheeltec_mic_msg__rosidl_generator_py.so
[81.408s] -- Set runtime path of "/home/wheeltec/wheeltec_ros2/install/wheeltec_mic_msg/lib/libwheeltec_mic_msg__rosidl_generator_py.so" to ""
[81.415s] -- Installing: /home/wheeltec/wheeltec_ros2/install/wheeltec_mic_msg/share/wheeltec_mic_msg/cmake/export_wheeltec_mic_msg__rosidl_generator_cExport.cmake
[81.416s] -- Installing: /home/wheeltec/wheeltec_ros2/install/wheeltec_mic_msg/share/wheeltec_mic_msg/cmake/export_wheeltec_mic_msg__rosidl_generator_cExport-noconfig.cmake
[81.417s] -- Installing: /home/wheeltec/wheeltec_ros2/install/wheeltec_mic_msg/share/wheeltec_mic_msg/cmake/export_wheeltec_mic_msg__rosidl_typesupport_fastrtps_cExport.cmake
[81.417s] -- Installing: /home/wheeltec/wheeltec_ros2/install/wheeltec_mic_msg/share/wheeltec_mic_msg/cmake/export_wheeltec_mic_msg__rosidl_typesupport_fastrtps_cExport-noconfig.cmake
[81.417s] -- Installing: /home/wheeltec/wheeltec_ros2/install/wheeltec_mic_msg/share/wheeltec_mic_msg/cmake/export_wheeltec_mic_msg__rosidl_generator_cppExport.cmake
[81.417s] -- Installing: /home/wheeltec/wheeltec_ros2/install/wheeltec_mic_msg/share/wheeltec_mic_msg/cmake/export_wheeltec_mic_msg__rosidl_typesupport_fastrtps_cppExport.cmake
[81.417s] -- Installing: /home/wheeltec/wheeltec_ros2/install/wheeltec_mic_msg/share/wheeltec_mic_msg/cmake/export_wheeltec_mic_msg__rosidl_typesupport_fastrtps_cppExport-noconfig.cmake
[81.417s] -- Installing: /home/wheeltec/wheeltec_ros2/install/wheeltec_mic_msg/share/wheeltec_mic_msg/cmake/wheeltec_mic_msg__rosidl_typesupport_introspection_cExport.cmake
[81.417s] -- Installing: /home/wheeltec/wheeltec_ros2/install/wheeltec_mic_msg/share/wheeltec_mic_msg/cmake/wheeltec_mic_msg__rosidl_typesupport_introspection_cExport-noconfig.cmake
[81.418s] -- Installing: /home/wheeltec/wheeltec_ros2/install/wheeltec_mic_msg/share/wheeltec_mic_msg/cmake/wheeltec_mic_msg__rosidl_typesupport_cExport.cmake
[81.418s] -- Installing: /home/wheeltec/wheeltec_ros2/install/wheeltec_mic_msg/share/wheeltec_mic_msg/cmake/wheeltec_mic_msg__rosidl_typesupport_cExport-noconfig.cmake
[81.418s] -- Installing: /home/wheeltec/wheeltec_ros2/install/wheeltec_mic_msg/share/wheeltec_mic_msg/cmake/wheeltec_mic_msg__rosidl_typesupport_introspection_cppExport.cmake
[81.418s] -- Installing: /home/wheeltec/wheeltec_ros2/install/wheeltec_mic_msg/share/wheeltec_mic_msg/cmake/wheeltec_mic_msg__rosidl_typesupport_introspection_cppExport-noconfig.cmake
[81.418s] -- Installing: /home/wheeltec/wheeltec_ros2/install/wheeltec_mic_msg/share/wheeltec_mic_msg/cmake/wheeltec_mic_msg__rosidl_typesupport_cppExport.cmake
[81.418s] -- Installing: /home/wheeltec/wheeltec_ros2/install/wheeltec_mic_msg/share/wheeltec_mic_msg/cmake/wheeltec_mic_msg__rosidl_typesupport_cppExport-noconfig.cmake
[81.418s] -- Installing: /home/wheeltec/wheeltec_ros2/install/wheeltec_mic_msg/share/wheeltec_mic_msg/cmake/export_wheeltec_mic_msg__rosidl_generator_pyExport.cmake
[81.418s] -- Installing: /home/wheeltec/wheeltec_ros2/install/wheeltec_mic_msg/share/wheeltec_mic_msg/cmake/export_wheeltec_mic_msg__rosidl_generator_pyExport-noconfig.cmake
