[0.106s] Invoking command in '/home/wheeltec/wheeltec_ros2/build/interfaces': CMAKE_PREFIX_PATH=${CMAKE_PREFIX_PATH}:/home/wheeltec/wheeltec_ros2/install/simple_follower_ros2:/home/wheeltec/wheeltec_ros2/install/wheeltec_robot_keyboard:/home/wheeltec/wheeltec_ros2/install/wheeltec_dual_rtk_driver:/home/wheeltec/wheeltec_ros2/install/ultralytics_ros2:/home/wheeltec/wheeltec_ros2/install/tf2_tools:/home/wheeltec/wheeltec_ros2/install/ollama_ros_chat:/home/wheeltec/wheeltec_ros2/install/nmea_navsat_driver:/home/wheeltec/wheeltec_ros2/install/nav2_waypoint_cycle:/home/wheeltec/wheeltec_ros2/install/nav2_simple_commander:/home/wheeltec/wheeltec_ros2/install/auto_recharge_ros2:/home/wheeltec/autoware/install/autoware_wheeltec_interface:/home/wheeltec/autoware/install/ad_api_visualizers:/opt/ros/humble /usr/bin/cmake /home/wheeltec/wheeltec_ros2/src/interfaces -DAMENT_CMAKE_SYMLINK_INSTALL=1 -DCMAKE_INSTALL_PREFIX=/home/wheeltec/wheeltec_ros2/install/interfaces
[0.520s] -- The C compiler identification is GNU 11.4.0
[0.765s] -- The CXX compiler identification is GNU 11.4.0
[0.791s] -- Detecting C compiler ABI info
[1.204s] -- Detecting C compiler ABI info - done
[1.210s] -- Check for working C compiler: /usr/bin/cc - skipped
[1.211s] -- Detecting C compile features
[1.212s] -- Detecting C compile features - done
[1.218s] -- Detecting CXX compiler ABI info
[1.678s] -- Detecting CXX compiler ABI info - done
[1.689s] -- Check for working CXX compiler: /usr/bin/c++ - skipped
[1.689s] -- Detecting CXX compile features
[1.690s] -- Detecting CXX compile features - done
[1.792s] -- Found ament_cmake: 1.3.7 (/home/wheeltec/autoware/install/ament_cmake/share/ament_cmake/cmake)
[2.823s] -- Found Python3: /usr/bin/python3.10 (found version "3.10.12") found components: Interpreter 
[3.087s] -- Override CMake install command with custom implementation using symlinks instead of copying resources
[4.014s] -- Found rosidl_default_generators: 1.2.0 (/opt/ros/humble/share/rosidl_default_generators/cmake)
[4.412s] -- Using all available rosidl_typesupport_c: rosidl_typesupport_fastrtps_c;rosidl_typesupport_introspection_c
[4.618s] -- Found rosidl_adapter: 3.1.6 (/opt/ros/humble/share/rosidl_adapter/cmake)
[5.402s] -- Using all available rosidl_typesupport_cpp: rosidl_typesupport_fastrtps_cpp;rosidl_typesupport_introspection_cpp
[7.343s] -- Found ament_cmake_ros: 0.10.0 (/opt/ros/humble/share/ament_cmake_ros/cmake)
[8.375s] -- Using all available rosidl_typesupport_c: rosidl_typesupport_fastrtps_c;rosidl_typesupport_introspection_c
[9.531s] -- Using all available rosidl_typesupport_cpp: rosidl_typesupport_fastrtps_cpp;rosidl_typesupport_introspection_cpp
[9.674s] -- Found PythonInterp: /usr/bin/python3 (found suitable version "3.10.12", minimum required is "3.6") 
[9.735s] -- Found python_cmake_module: 0.10.0 (/opt/ros/humble/share/python_cmake_module/cmake)
[9.967s] -- Found PythonLibs: /usr/lib/aarch64-linux-gnu/libpython3.10.so (found suitable version "3.10.12", minimum required is "3.5") 
[9.967s] -- Using PYTHON_EXECUTABLE: /usr/bin/python3
[9.967s] -- Using PYTHON_INCLUDE_DIRS: /usr/include/python3.10
[9.967s] -- Using PYTHON_LIBRARIES: /usr/lib/aarch64-linux-gnu/libpython3.10.so
[10.079s] -- Found PythonExtra: .so  
[11.878s] -- Found ament_lint_auto: 0.12.11 (/opt/ros/humble/share/ament_lint_auto/cmake)
[12.395s] -- Added test 'lint_cmake' to check CMake code style
[12.410s] -- Added test 'xmllint' to check XML markup files
[12.445s] -- Configuring done
[12.512s] -- Generating done
[12.531s] -- Build files have been written to: /home/wheeltec/wheeltec_ros2/build/interfaces
[13.235s] Invoked command in '/home/wheeltec/wheeltec_ros2/build/interfaces' returned '0': CMAKE_PREFIX_PATH=${CMAKE_PREFIX_PATH}:/home/wheeltec/wheeltec_ros2/install/simple_follower_ros2:/home/wheeltec/wheeltec_ros2/install/wheeltec_robot_keyboard:/home/wheeltec/wheeltec_ros2/install/wheeltec_dual_rtk_driver:/home/wheeltec/wheeltec_ros2/install/ultralytics_ros2:/home/wheeltec/wheeltec_ros2/install/tf2_tools:/home/wheeltec/wheeltec_ros2/install/ollama_ros_chat:/home/wheeltec/wheeltec_ros2/install/nmea_navsat_driver:/home/wheeltec/wheeltec_ros2/install/nav2_waypoint_cycle:/home/wheeltec/wheeltec_ros2/install/nav2_simple_commander:/home/wheeltec/wheeltec_ros2/install/auto_recharge_ros2:/home/wheeltec/autoware/install/autoware_wheeltec_interface:/home/wheeltec/autoware/install/ad_api_visualizers:/opt/ros/humble /usr/bin/cmake /home/wheeltec/wheeltec_ros2/src/interfaces -DAMENT_CMAKE_SYMLINK_INSTALL=1 -DCMAKE_INSTALL_PREFIX=/home/wheeltec/wheeltec_ros2/install/interfaces
[13.237s] Invoking command in '/home/wheeltec/wheeltec_ros2/build/interfaces': CMAKE_PREFIX_PATH=${CMAKE_PREFIX_PATH}:/home/wheeltec/wheeltec_ros2/install/simple_follower_ros2:/home/wheeltec/wheeltec_ros2/install/wheeltec_robot_keyboard:/home/wheeltec/wheeltec_ros2/install/wheeltec_dual_rtk_driver:/home/wheeltec/wheeltec_ros2/install/ultralytics_ros2:/home/wheeltec/wheeltec_ros2/install/tf2_tools:/home/wheeltec/wheeltec_ros2/install/ollama_ros_chat:/home/wheeltec/wheeltec_ros2/install/nmea_navsat_driver:/home/wheeltec/wheeltec_ros2/install/nav2_waypoint_cycle:/home/wheeltec/wheeltec_ros2/install/nav2_simple_commander:/home/wheeltec/wheeltec_ros2/install/auto_recharge_ros2:/home/wheeltec/autoware/install/autoware_wheeltec_interface:/home/wheeltec/autoware/install/ad_api_visualizers:/opt/ros/humble /usr/bin/cmake --build /home/wheeltec/wheeltec_ros2/build/interfaces -- -j6 -l6
[13.592s] [  3%] [34m[1mGenerating C code for ROS interfaces[0m
[15.110s] [  6%] [32mBuilding C object CMakeFiles/interfaces__rosidl_generator_c.dir/rosidl_generator_c/interfaces/action/detail/progress__functions.c.o[0m
[15.522s] [  9%] [32m[1mLinking C shared library libinterfaces__rosidl_generator_c.so[0m
[15.775s] [  9%] Built target interfaces__rosidl_generator_c
[16.107s] [  9%] Built target ament_cmake_python_symlink_interfaces
[16.206s] [ 12%] [34m[1mGenerating C type support for eProsima Fast-RTPS[0m
[17.280s] [ 16%] [32mBuilding CXX object CMakeFiles/interfaces__rosidl_typesupport_fastrtps_c.dir/rosidl_typesupport_fastrtps_c/interfaces/action/detail/progress__type_support_c.cpp.o[0m
[18.151s] [ 19%] [32m[1mLinking CXX shared library libinterfaces__rosidl_typesupport_fastrtps_c.so[0m
[18.447s] [ 19%] Built target interfaces__rosidl_typesupport_fastrtps_c
[19.259s] running egg_info
[19.261s] creating interfaces.egg-info
[19.261s] writing interfaces.egg-info/PKG-INFO
[19.261s] writing dependency_links to interfaces.egg-info/dependency_links.txt
[19.261s] writing top-level names to interfaces.egg-info/top_level.txt
[19.267s] writing manifest file 'interfaces.egg-info/SOURCES.txt'
[19.271s] reading manifest file 'interfaces.egg-info/SOURCES.txt'
[19.272s] writing manifest file 'interfaces.egg-info/SOURCES.txt'
[19.419s] [ 19%] Built target ament_cmake_python_build_interfaces_egg
[19.517s] [ 22%] [34m[1mGenerating C type support dispatch for ROS interfaces[0m
[20.345s] [ 25%] [32mBuilding CXX object CMakeFiles/interfaces__rosidl_typesupport_c.dir/rosidl_typesupport_c/interfaces/action/progress__type_support.cpp.o[0m
[20.571s] [ 29%] [32m[1mLinking CXX shared library libinterfaces__rosidl_typesupport_c.so[0m
[20.834s] [ 29%] Built target interfaces__rosidl_typesupport_c
[20.936s] [ 32%] [34m[1mGenerating C introspection for ROS interfaces[0m
[22.037s] [ 35%] [32mBuilding C object CMakeFiles/interfaces__rosidl_typesupport_introspection_c.dir/rosidl_typesupport_introspection_c/interfaces/action/detail/progress__type_support.c.o[0m
[22.245s] [ 38%] [32m[1mLinking C shared library libinterfaces__rosidl_typesupport_introspection_c.so[0m
[22.475s] [ 38%] Built target interfaces__rosidl_typesupport_introspection_c
[22.661s] [ 41%] [34m[1mGenerating C++ code for ROS interfaces[0m
[23.853s] [ 41%] Built target interfaces__cpp
[23.947s] [ 45%] [34m[1mGenerating C++ type support for eProsima Fast-RTPS[0m
[24.955s] [ 48%] [32mBuilding CXX object CMakeFiles/interfaces__rosidl_typesupport_fastrtps_cpp.dir/rosidl_typesupport_fastrtps_cpp/interfaces/action/detail/dds_fastrtps/progress__type_support.cpp.o[0m
[26.097s] [ 51%] [32m[1mLinking CXX shared library libinterfaces__rosidl_typesupport_fastrtps_cpp.so[0m
[26.400s] [ 51%] Built target interfaces__rosidl_typesupport_fastrtps_cpp
[26.500s] [ 54%] [34m[1mGenerating C++ type support dispatch for ROS interfaces[0m
[26.501s] [ 58%] [34m[1mGenerating C++ introspection for ROS interfaces[0m
[27.287s] [ 61%] [32mBuilding CXX object CMakeFiles/interfaces__rosidl_typesupport_cpp.dir/rosidl_typesupport_cpp/interfaces/action/progress__type_support.cpp.o[0m
[27.438s] [ 64%] [32mBuilding CXX object CMakeFiles/interfaces__rosidl_typesupport_introspection_cpp.dir/rosidl_typesupport_introspection_cpp/interfaces/action/detail/progress__type_support.cpp.o[0m
[28.168s] [ 67%] [32m[1mLinking CXX shared library libinterfaces__rosidl_typesupport_cpp.so[0m
[28.409s] [ 67%] Built target interfaces__rosidl_typesupport_cpp
[28.596s] [ 70%] [32m[1mLinking CXX shared library libinterfaces__rosidl_typesupport_introspection_cpp.so[0m
[28.898s] [ 70%] Built target interfaces__rosidl_typesupport_introspection_cpp
[29.109s] [ 70%] Built target interfaces
[29.314s] [ 74%] [34m[1mGenerating Python code for ROS interfaces[0m
[30.829s] [ 74%] Built target interfaces__py
[31.038s] [ 77%] [32mBuilding C object CMakeFiles/interfaces__rosidl_generator_py.dir/rosidl_generator_py/interfaces/action/_progress_s.c.o[0m
[31.432s] [ 80%] [32m[1mLinking C shared library rosidl_generator_py/interfaces/libinterfaces__rosidl_generator_py.so[0m
[31.679s] [ 80%] Built target interfaces__rosidl_generator_py
[31.867s] [ 90%] [32mBuilding C object CMakeFiles/interfaces__rosidl_typesupport_c__pyext.dir/rosidl_generator_py/interfaces/_interfaces_s.ep.rosidl_typesupport_c.c.o[0m
[31.867s] [ 90%] [32mBuilding C object CMakeFiles/interfaces__rosidl_typesupport_fastrtps_c__pyext.dir/rosidl_generator_py/interfaces/_interfaces_s.ep.rosidl_typesupport_fastrtps_c.c.o[0m
[31.867s] [ 90%] [32mBuilding C object CMakeFiles/interfaces__rosidl_typesupport_introspection_c__pyext.dir/rosidl_generator_py/interfaces/_interfaces_s.ep.rosidl_typesupport_introspection_c.c.o[0m
[32.177s] [ 96%] [32m[1mLinking C shared library rosidl_generator_py/interfaces/interfaces_s__rosidl_typesupport_fastrtps_c.cpython-310-aarch64-linux-gnu.so[0m
[32.177s] [ 96%] [32m[1mLinking C shared library rosidl_generator_py/interfaces/interfaces_s__rosidl_typesupport_c.cpython-310-aarch64-linux-gnu.so[0m
[32.177s] [100%] [32m[1mLinking C shared library rosidl_generator_py/interfaces/interfaces_s__rosidl_typesupport_introspection_c.cpython-310-aarch64-linux-gnu.so[0m
[32.415s] [100%] Built target interfaces__rosidl_typesupport_introspection_c__pyext
[32.415s] [100%] Built target interfaces__rosidl_typesupport_c__pyext
[32.431s] [100%] Built target interfaces__rosidl_typesupport_fastrtps_c__pyext
[32.513s] Invoked command in '/home/wheeltec/wheeltec_ros2/build/interfaces' returned '0': CMAKE_PREFIX_PATH=${CMAKE_PREFIX_PATH}:/home/wheeltec/wheeltec_ros2/install/simple_follower_ros2:/home/wheeltec/wheeltec_ros2/install/wheeltec_robot_keyboard:/home/wheeltec/wheeltec_ros2/install/wheeltec_dual_rtk_driver:/home/wheeltec/wheeltec_ros2/install/ultralytics_ros2:/home/wheeltec/wheeltec_ros2/install/tf2_tools:/home/wheeltec/wheeltec_ros2/install/ollama_ros_chat:/home/wheeltec/wheeltec_ros2/install/nmea_navsat_driver:/home/wheeltec/wheeltec_ros2/install/nav2_waypoint_cycle:/home/wheeltec/wheeltec_ros2/install/nav2_simple_commander:/home/wheeltec/wheeltec_ros2/install/auto_recharge_ros2:/home/wheeltec/autoware/install/autoware_wheeltec_interface:/home/wheeltec/autoware/install/ad_api_visualizers:/opt/ros/humble /usr/bin/cmake --build /home/wheeltec/wheeltec_ros2/build/interfaces -- -j6 -l6
[32.518s] Invoking command in '/home/wheeltec/wheeltec_ros2/build/interfaces': CMAKE_PREFIX_PATH=${CMAKE_PREFIX_PATH}:/home/wheeltec/wheeltec_ros2/install/simple_follower_ros2:/home/wheeltec/wheeltec_ros2/install/wheeltec_robot_keyboard:/home/wheeltec/wheeltec_ros2/install/wheeltec_dual_rtk_driver:/home/wheeltec/wheeltec_ros2/install/ultralytics_ros2:/home/wheeltec/wheeltec_ros2/install/tf2_tools:/home/wheeltec/wheeltec_ros2/install/ollama_ros_chat:/home/wheeltec/wheeltec_ros2/install/nmea_navsat_driver:/home/wheeltec/wheeltec_ros2/install/nav2_waypoint_cycle:/home/wheeltec/wheeltec_ros2/install/nav2_simple_commander:/home/wheeltec/wheeltec_ros2/install/auto_recharge_ros2:/home/wheeltec/autoware/install/autoware_wheeltec_interface:/home/wheeltec/autoware/install/ad_api_visualizers:/opt/ros/humble /usr/bin/cmake --install /home/wheeltec/wheeltec_ros2/build/interfaces
[32.590s] -- Install configuration: ""
[32.591s] -- Execute custom install script
[32.591s] -- Symlinking: /home/wheeltec/wheeltec_ros2/install/interfaces/share/ament_index/resource_index/rosidl_interfaces/interfaces
[32.662s] -- Symlinking: /home/wheeltec/wheeltec_ros2/install/interfaces/include/interfaces/interfaces/action/detail/progress__functions.h
[32.736s] -- Symlinking: /home/wheeltec/wheeltec_ros2/install/interfaces/include/interfaces/interfaces/action/detail/progress__struct.h
[32.816s] -- Symlinking: /home/wheeltec/wheeltec_ros2/install/interfaces/include/interfaces/interfaces/action/detail/progress__type_support.h
[32.887s] -- Symlinking: /home/wheeltec/wheeltec_ros2/install/interfaces/include/interfaces/interfaces/action/progress.h
[32.958s] -- Symlinking: /home/wheeltec/wheeltec_ros2/install/interfaces/include/interfaces/interfaces/msg/rosidl_generator_c__visibility_control.h
[33.032s] -- Symlinking: /home/wheeltec/wheeltec_ros2/install/interfaces/share/interfaces/environment/library_path.sh
[33.107s] -- Symlinking: /home/wheeltec/wheeltec_ros2/install/interfaces/share/interfaces/environment/library_path.dsv
[33.187s] -- Symlinking: /home/wheeltec/wheeltec_ros2/install/interfaces/include/interfaces/interfaces/action/detail/progress__rosidl_typesupport_fastrtps_c.h
[33.261s] -- Symlinking: /home/wheeltec/wheeltec_ros2/install/interfaces/include/interfaces/interfaces/msg/rosidl_typesupport_fastrtps_c__visibility_control.h
[33.337s] -- Symlinking: /home/wheeltec/wheeltec_ros2/install/interfaces/include/interfaces/interfaces/action/detail/progress__rosidl_typesupport_introspection_c.h
[33.410s] -- Symlinking: /home/wheeltec/wheeltec_ros2/install/interfaces/include/interfaces/interfaces/msg/rosidl_typesupport_introspection_c__visibility_control.h
[33.487s] -- Symlinking: /home/wheeltec/wheeltec_ros2/install/interfaces/include/interfaces/interfaces/action/detail/progress__builder.hpp
[33.562s] -- Symlinking: /home/wheeltec/wheeltec_ros2/install/interfaces/include/interfaces/interfaces/action/detail/progress__struct.hpp
[33.637s] -- Symlinking: /home/wheeltec/wheeltec_ros2/install/interfaces/include/interfaces/interfaces/action/detail/progress__traits.hpp
[33.712s] -- Symlinking: /home/wheeltec/wheeltec_ros2/install/interfaces/include/interfaces/interfaces/action/detail/progress__type_support.hpp
[33.786s] -- Symlinking: /home/wheeltec/wheeltec_ros2/install/interfaces/include/interfaces/interfaces/action/progress.hpp
[33.864s] -- Symlinking: /home/wheeltec/wheeltec_ros2/install/interfaces/include/interfaces/interfaces/msg/rosidl_generator_cpp__visibility_control.hpp
[33.937s] -- Symlinking: /home/wheeltec/wheeltec_ros2/install/interfaces/include/interfaces/interfaces/action/detail/progress__rosidl_typesupport_fastrtps_cpp.hpp
[34.012s] -- Symlinking: /home/wheeltec/wheeltec_ros2/install/interfaces/include/interfaces/interfaces/msg/rosidl_typesupport_fastrtps_cpp__visibility_control.h
[34.089s] -- Symlinking: /home/wheeltec/wheeltec_ros2/install/interfaces/include/interfaces/interfaces/action/detail/progress__rosidl_typesupport_introspection_cpp.hpp
[34.162s] -- Symlinking: /home/wheeltec/wheeltec_ros2/install/interfaces/share/interfaces/environment/pythonpath.sh
[34.237s] -- Symlinking: /home/wheeltec/wheeltec_ros2/install/interfaces/share/interfaces/environment/pythonpath.dsv
[34.314s] -- Symlinking: /home/wheeltec/wheeltec_ros2/install/interfaces/local/lib/python3.10/dist-packages/interfaces-0.0.0-py3.10.egg-info/PKG-INFO
[34.390s] -- Symlinking: /home/wheeltec/wheeltec_ros2/install/interfaces/local/lib/python3.10/dist-packages/interfaces-0.0.0-py3.10.egg-info/SOURCES.txt
[34.464s] -- Symlinking: /home/wheeltec/wheeltec_ros2/install/interfaces/local/lib/python3.10/dist-packages/interfaces-0.0.0-py3.10.egg-info/dependency_links.txt
[34.543s] -- Symlinking: /home/wheeltec/wheeltec_ros2/install/interfaces/local/lib/python3.10/dist-packages/interfaces-0.0.0-py3.10.egg-info/top_level.txt
[34.625s] -- Symlinking: /home/wheeltec/wheeltec_ros2/install/interfaces/local/lib/python3.10/dist-packages/interfaces/__init__.py
[34.703s] -- Symlinking: /home/wheeltec/wheeltec_ros2/install/interfaces/local/lib/python3.10/dist-packages/interfaces/_interfaces_s.ep.rosidl_typesupport_c.c
[34.777s] -- Symlinking: /home/wheeltec/wheeltec_ros2/install/interfaces/local/lib/python3.10/dist-packages/interfaces/_interfaces_s.ep.rosidl_typesupport_fastrtps_c.c
[34.852s] -- Symlinking: /home/wheeltec/wheeltec_ros2/install/interfaces/local/lib/python3.10/dist-packages/interfaces/_interfaces_s.ep.rosidl_typesupport_introspection_c.c
[34.926s] -- Symlinking: /home/wheeltec/wheeltec_ros2/install/interfaces/local/lib/python3.10/dist-packages/interfaces/action/__init__.py
[35.001s] -- Symlinking: /home/wheeltec/wheeltec_ros2/install/interfaces/local/lib/python3.10/dist-packages/interfaces/action/_progress.py
[35.077s] -- Symlinking: /home/wheeltec/wheeltec_ros2/install/interfaces/local/lib/python3.10/dist-packages/interfaces/action/_progress_s.c
[35.153s] -- Symlinking: /home/wheeltec/wheeltec_ros2/install/interfaces/local/lib/python3.10/dist-packages/interfaces/interfaces_s__rosidl_typesupport_c.cpython-310-aarch64-linux-gnu.so
[35.227s] -- Symlinking: /home/wheeltec/wheeltec_ros2/install/interfaces/local/lib/python3.10/dist-packages/interfaces/interfaces_s__rosidl_typesupport_fastrtps_c.cpython-310-aarch64-linux-gnu.so
[35.303s] -- Symlinking: /home/wheeltec/wheeltec_ros2/install/interfaces/local/lib/python3.10/dist-packages/interfaces/interfaces_s__rosidl_typesupport_introspection_c.cpython-310-aarch64-linux-gnu.so
[35.376s] -- Symlinking: /home/wheeltec/wheeltec_ros2/install/interfaces/local/lib/python3.10/dist-packages/interfaces/libinterfaces__rosidl_generator_py.so
[35.454s] -- Up-to-date symlink: /home/wheeltec/wheeltec_ros2/install/interfaces/local/lib/python3.10/dist-packages/interfaces/interfaces_s__rosidl_typesupport_fastrtps_c.cpython-310-aarch64-linux-gnu.so
[35.455s] -- Up-to-date symlink: /home/wheeltec/wheeltec_ros2/install/interfaces/local/lib/python3.10/dist-packages/interfaces/interfaces_s__rosidl_typesupport_introspection_c.cpython-310-aarch64-linux-gnu.so
[35.456s] -- Up-to-date symlink: /home/wheeltec/wheeltec_ros2/install/interfaces/local/lib/python3.10/dist-packages/interfaces/interfaces_s__rosidl_typesupport_c.cpython-310-aarch64-linux-gnu.so
[35.457s] -- Symlinking: /home/wheeltec/wheeltec_ros2/install/interfaces/share/interfaces/action/Progress.idl
[35.532s] -- Symlinking: /home/wheeltec/wheeltec_ros2/install/interfaces/share/interfaces/action/Progress.action
[35.606s] -- Symlinking: /home/wheeltec/wheeltec_ros2/install/interfaces/share/ament_index/resource_index/package_run_dependencies/interfaces
[35.683s] -- Symlinking: /home/wheeltec/wheeltec_ros2/install/interfaces/share/ament_index/resource_index/parent_prefix_path/interfaces
[35.755s] -- Symlinking: /home/wheeltec/wheeltec_ros2/install/interfaces/share/interfaces/environment/ament_prefix_path.sh
[35.830s] -- Symlinking: /home/wheeltec/wheeltec_ros2/install/interfaces/share/interfaces/environment/ament_prefix_path.dsv
[35.905s] -- Symlinking: /home/wheeltec/wheeltec_ros2/install/interfaces/share/interfaces/environment/path.sh
[35.981s] -- Symlinking: /home/wheeltec/wheeltec_ros2/install/interfaces/share/interfaces/environment/path.dsv
[36.054s] -- Symlinking: /home/wheeltec/wheeltec_ros2/install/interfaces/share/interfaces/local_setup.bash
[36.130s] -- Symlinking: /home/wheeltec/wheeltec_ros2/install/interfaces/share/interfaces/local_setup.sh
[36.206s] -- Symlinking: /home/wheeltec/wheeltec_ros2/install/interfaces/share/interfaces/local_setup.zsh
[36.281s] -- Symlinking: /home/wheeltec/wheeltec_ros2/install/interfaces/share/interfaces/local_setup.dsv
[36.352s] -- Symlinking: /home/wheeltec/wheeltec_ros2/install/interfaces/share/interfaces/package.dsv
[36.428s] -- Symlinking: /home/wheeltec/wheeltec_ros2/install/interfaces/share/ament_index/resource_index/packages/interfaces
[36.502s] -- Symlinking: /home/wheeltec/wheeltec_ros2/install/interfaces/share/interfaces/cmake/rosidl_cmake-extras.cmake
[36.577s] -- Symlinking: /home/wheeltec/wheeltec_ros2/install/interfaces/share/interfaces/cmake/ament_cmake_export_dependencies-extras.cmake
[36.651s] -- Symlinking: /home/wheeltec/wheeltec_ros2/install/interfaces/share/interfaces/cmake/ament_cmake_export_include_directories-extras.cmake
[36.727s] -- Symlinking: /home/wheeltec/wheeltec_ros2/install/interfaces/share/interfaces/cmake/ament_cmake_export_libraries-extras.cmake
[36.803s] -- Symlinking: /home/wheeltec/wheeltec_ros2/install/interfaces/share/interfaces/cmake/ament_cmake_export_targets-extras.cmake
[36.880s] -- Symlinking: /home/wheeltec/wheeltec_ros2/install/interfaces/share/interfaces/cmake/rosidl_cmake_export_typesupport_targets-extras.cmake
[36.961s] -- Symlinking: /home/wheeltec/wheeltec_ros2/install/interfaces/share/interfaces/cmake/rosidl_cmake_export_typesupport_libraries-extras.cmake
[37.040s] -- Symlinking: /home/wheeltec/wheeltec_ros2/install/interfaces/share/interfaces/cmake/interfacesConfig.cmake
[37.136s] -- Symlinking: /home/wheeltec/wheeltec_ros2/install/interfaces/share/interfaces/cmake/interfacesConfig-version.cmake
[37.212s] -- Symlinking: /home/wheeltec/wheeltec_ros2/install/interfaces/share/interfaces/package.xml
[37.287s] -- Installing: /home/wheeltec/wheeltec_ros2/install/interfaces/lib/libinterfaces__rosidl_generator_c.so
[37.288s] -- Set runtime path of "/home/wheeltec/wheeltec_ros2/install/interfaces/lib/libinterfaces__rosidl_generator_c.so" to ""
[37.288s] -- Installing: /home/wheeltec/wheeltec_ros2/install/interfaces/lib/libinterfaces__rosidl_typesupport_fastrtps_c.so
[37.290s] -- Set runtime path of "/home/wheeltec/wheeltec_ros2/install/interfaces/lib/libinterfaces__rosidl_typesupport_fastrtps_c.so" to ""
[37.290s] -- Installing: /home/wheeltec/wheeltec_ros2/install/interfaces/lib/libinterfaces__rosidl_typesupport_introspection_c.so
[37.291s] -- Set runtime path of "/home/wheeltec/wheeltec_ros2/install/interfaces/lib/libinterfaces__rosidl_typesupport_introspection_c.so" to ""
[37.291s] -- Installing: /home/wheeltec/wheeltec_ros2/install/interfaces/lib/libinterfaces__rosidl_typesupport_c.so
[37.292s] -- Set runtime path of "/home/wheeltec/wheeltec_ros2/install/interfaces/lib/libinterfaces__rosidl_typesupport_c.so" to ""
[37.292s] -- Installing: /home/wheeltec/wheeltec_ros2/install/interfaces/lib/libinterfaces__rosidl_typesupport_fastrtps_cpp.so
[37.294s] -- Set runtime path of "/home/wheeltec/wheeltec_ros2/install/interfaces/lib/libinterfaces__rosidl_typesupport_fastrtps_cpp.so" to ""
[37.294s] -- Installing: /home/wheeltec/wheeltec_ros2/install/interfaces/lib/libinterfaces__rosidl_typesupport_introspection_cpp.so
[37.295s] -- Set runtime path of "/home/wheeltec/wheeltec_ros2/install/interfaces/lib/libinterfaces__rosidl_typesupport_introspection_cpp.so" to ""
[37.295s] -- Installing: /home/wheeltec/wheeltec_ros2/install/interfaces/lib/libinterfaces__rosidl_typesupport_cpp.so
[37.296s] -- Set runtime path of "/home/wheeltec/wheeltec_ros2/install/interfaces/lib/libinterfaces__rosidl_typesupport_cpp.so" to ""
[37.460s] Listing '/home/wheeltec/wheeltec_ros2/install/interfaces/local/lib/python3.10/dist-packages/interfaces'...
[37.460s] Compiling '/home/wheeltec/wheeltec_ros2/install/interfaces/local/lib/python3.10/dist-packages/interfaces/__init__.py'...
[37.461s] Listing '/home/wheeltec/wheeltec_ros2/install/interfaces/local/lib/python3.10/dist-packages/interfaces/action'...
[37.461s] Compiling '/home/wheeltec/wheeltec_ros2/install/interfaces/local/lib/python3.10/dist-packages/interfaces/action/__init__.py'...
[37.461s] Compiling '/home/wheeltec/wheeltec_ros2/install/interfaces/local/lib/python3.10/dist-packages/interfaces/action/_progress.py'...
[37.472s] -- Installing: /home/wheeltec/wheeltec_ros2/install/interfaces/lib/libinterfaces__rosidl_generator_py.so
[37.473s] -- Set runtime path of "/home/wheeltec/wheeltec_ros2/install/interfaces/lib/libinterfaces__rosidl_generator_py.so" to ""
[37.473s] -- Installing: /home/wheeltec/wheeltec_ros2/install/interfaces/share/interfaces/cmake/export_interfaces__rosidl_generator_cExport.cmake
[37.474s] -- Installing: /home/wheeltec/wheeltec_ros2/install/interfaces/share/interfaces/cmake/export_interfaces__rosidl_generator_cExport-noconfig.cmake
[37.474s] -- Installing: /home/wheeltec/wheeltec_ros2/install/interfaces/share/interfaces/cmake/export_interfaces__rosidl_typesupport_fastrtps_cExport.cmake
[37.475s] -- Installing: /home/wheeltec/wheeltec_ros2/install/interfaces/share/interfaces/cmake/export_interfaces__rosidl_typesupport_fastrtps_cExport-noconfig.cmake
[37.476s] -- Installing: /home/wheeltec/wheeltec_ros2/install/interfaces/share/interfaces/cmake/interfaces__rosidl_typesupport_introspection_cExport.cmake
[37.476s] -- Installing: /home/wheeltec/wheeltec_ros2/install/interfaces/share/interfaces/cmake/interfaces__rosidl_typesupport_introspection_cExport-noconfig.cmake
[37.477s] -- Installing: /home/wheeltec/wheeltec_ros2/install/interfaces/share/interfaces/cmake/interfaces__rosidl_typesupport_cExport.cmake
[37.477s] -- Installing: /home/wheeltec/wheeltec_ros2/install/interfaces/share/interfaces/cmake/interfaces__rosidl_typesupport_cExport-noconfig.cmake
[37.478s] -- Installing: /home/wheeltec/wheeltec_ros2/install/interfaces/share/interfaces/cmake/export_interfaces__rosidl_generator_cppExport.cmake
[37.478s] -- Installing: /home/wheeltec/wheeltec_ros2/install/interfaces/share/interfaces/cmake/export_interfaces__rosidl_typesupport_fastrtps_cppExport.cmake
[37.479s] -- Installing: /home/wheeltec/wheeltec_ros2/install/interfaces/share/interfaces/cmake/export_interfaces__rosidl_typesupport_fastrtps_cppExport-noconfig.cmake
[37.479s] -- Installing: /home/wheeltec/wheeltec_ros2/install/interfaces/share/interfaces/cmake/interfaces__rosidl_typesupport_introspection_cppExport.cmake
[37.480s] -- Installing: /home/wheeltec/wheeltec_ros2/install/interfaces/share/interfaces/cmake/interfaces__rosidl_typesupport_introspection_cppExport-noconfig.cmake
[37.481s] -- Installing: /home/wheeltec/wheeltec_ros2/install/interfaces/share/interfaces/cmake/interfaces__rosidl_typesupport_cppExport.cmake
[37.483s] -- Installing: /home/wheeltec/wheeltec_ros2/install/interfaces/share/interfaces/cmake/interfaces__rosidl_typesupport_cppExport-noconfig.cmake
[37.483s] -- Installing: /home/wheeltec/wheeltec_ros2/install/interfaces/share/interfaces/cmake/export_interfaces__rosidl_generator_pyExport.cmake
[37.483s] -- Installing: /home/wheeltec/wheeltec_ros2/install/interfaces/share/interfaces/cmake/export_interfaces__rosidl_generator_pyExport-noconfig.cmake
[37.492s] Invoked command in '/home/wheeltec/wheeltec_ros2/build/interfaces' returned '0': CMAKE_PREFIX_PATH=${CMAKE_PREFIX_PATH}:/home/wheeltec/wheeltec_ros2/install/simple_follower_ros2:/home/wheeltec/wheeltec_ros2/install/wheeltec_robot_keyboard:/home/wheeltec/wheeltec_ros2/install/wheeltec_dual_rtk_driver:/home/wheeltec/wheeltec_ros2/install/ultralytics_ros2:/home/wheeltec/wheeltec_ros2/install/tf2_tools:/home/wheeltec/wheeltec_ros2/install/ollama_ros_chat:/home/wheeltec/wheeltec_ros2/install/nmea_navsat_driver:/home/wheeltec/wheeltec_ros2/install/nav2_waypoint_cycle:/home/wheeltec/wheeltec_ros2/install/nav2_simple_commander:/home/wheeltec/wheeltec_ros2/install/auto_recharge_ros2:/home/wheeltec/autoware/install/autoware_wheeltec_interface:/home/wheeltec/autoware/install/ad_api_visualizers:/opt/ros/humble /usr/bin/cmake --install /home/wheeltec/wheeltec_ros2/build/interfaces
