[0.491s] Invoking command in '/home/wheeltec/wheeltec_ros2/build/wheeltec_joy': CMAKE_PREFIX_PATH=${CMAKE_PREFIX_PATH}:/home/wheeltec/wheeltec_ros2/install/wheeltec_robot_keyboard:/home/wheeltec/wheeltec_ros2/install/wheeltec_dual_rtk_driver:/home/wheeltec/wheeltec_ros2/install/ultralytics_ros2:/home/wheeltec/wheeltec_ros2/install/tf2_tools:/home/wheeltec/wheeltec_ros2/install/nav2_waypoint_cycle:/home/wheeltec/wheeltec_ros2/install/nav2_simple_commander:/home/wheeltec/wheeltec_ros2/install/auto_recharge_ros2:/home/wheeltec/autoware/install/autoware_wheeltec_interface:/home/wheeltec/autoware/install/ad_api_visualizers:/opt/ros/humble /usr/bin/cmake --build /home/wheeltec/wheeltec_ros2/build/wheeltec_joy -- -j6 -l6
[0.932s] [100%] Built target wheeltec_joy
[1.082s] Invoked command in '/home/wheeltec/wheeltec_ros2/build/wheeltec_joy' returned '0': CMAKE_PREFIX_PATH=${CMAKE_PREFIX_PATH}:/home/wheeltec/wheeltec_ros2/install/wheeltec_robot_keyboard:/home/wheeltec/wheeltec_ros2/install/wheeltec_dual_rtk_driver:/home/wheeltec/wheeltec_ros2/install/ultralytics_ros2:/home/wheeltec/wheeltec_ros2/install/tf2_tools:/home/wheeltec/wheeltec_ros2/install/nav2_waypoint_cycle:/home/wheeltec/wheeltec_ros2/install/nav2_simple_commander:/home/wheeltec/wheeltec_ros2/install/auto_recharge_ros2:/home/wheeltec/autoware/install/autoware_wheeltec_interface:/home/wheeltec/autoware/install/ad_api_visualizers:/opt/ros/humble /usr/bin/cmake --build /home/wheeltec/wheeltec_ros2/build/wheeltec_joy -- -j6 -l6
[1.083s] Invoking command in '/home/wheeltec/wheeltec_ros2/build/wheeltec_joy': CMAKE_PREFIX_PATH=${CMAKE_PREFIX_PATH}:/home/wheeltec/wheeltec_ros2/install/wheeltec_robot_keyboard:/home/wheeltec/wheeltec_ros2/install/wheeltec_dual_rtk_driver:/home/wheeltec/wheeltec_ros2/install/ultralytics_ros2:/home/wheeltec/wheeltec_ros2/install/tf2_tools:/home/wheeltec/wheeltec_ros2/install/nav2_waypoint_cycle:/home/wheeltec/wheeltec_ros2/install/nav2_simple_commander:/home/wheeltec/wheeltec_ros2/install/auto_recharge_ros2:/home/wheeltec/autoware/install/autoware_wheeltec_interface:/home/wheeltec/autoware/install/ad_api_visualizers:/opt/ros/humble /usr/bin/cmake --install /home/wheeltec/wheeltec_ros2/build/wheeltec_joy
[1.132s] -- Install configuration: ""
[1.132s] -- Execute custom install script
[1.132s] -- Up-to-date symlink: /home/wheeltec/wheeltec_ros2/install/wheeltec_joy/lib/wheeltec_joy/wheeltec_joy
[1.132s] -- Up-to-date symlink: /home/wheeltec/wheeltec_ros2/install/wheeltec_joy/share/wheeltec_joy/launch/only_joy.launch.py
[1.132s] -- Up-to-date symlink: /home/wheeltec/wheeltec_ros2/install/wheeltec_joy/share/wheeltec_joy/launch/wheeltec_joy.launch.py
[1.132s] -- Up-to-date symlink: /home/wheeltec/wheeltec_ros2/install/wheeltec_joy/share/ament_index/resource_index/package_run_dependencies/wheeltec_joy
[1.132s] -- Up-to-date symlink: /home/wheeltec/wheeltec_ros2/install/wheeltec_joy/share/ament_index/resource_index/parent_prefix_path/wheeltec_joy
[1.133s] -- Up-to-date symlink: /home/wheeltec/wheeltec_ros2/install/wheeltec_joy/share/wheeltec_joy/environment/ament_prefix_path.sh
[1.133s] -- Up-to-date symlink: /home/wheeltec/wheeltec_ros2/install/wheeltec_joy/share/wheeltec_joy/environment/ament_prefix_path.dsv
[1.133s] -- Up-to-date symlink: /home/wheeltec/wheeltec_ros2/install/wheeltec_joy/share/wheeltec_joy/environment/path.sh
[1.133s] -- Up-to-date symlink: /home/wheeltec/wheeltec_ros2/install/wheeltec_joy/share/wheeltec_joy/environment/path.dsv
[1.133s] -- Up-to-date symlink: /home/wheeltec/wheeltec_ros2/install/wheeltec_joy/share/wheeltec_joy/local_setup.bash
[1.133s] -- Up-to-date symlink: /home/wheeltec/wheeltec_ros2/install/wheeltec_joy/share/wheeltec_joy/local_setup.sh
[1.133s] -- Up-to-date symlink: /home/wheeltec/wheeltec_ros2/install/wheeltec_joy/share/wheeltec_joy/local_setup.zsh
[1.133s] -- Up-to-date symlink: /home/wheeltec/wheeltec_ros2/install/wheeltec_joy/share/wheeltec_joy/local_setup.dsv
[1.133s] -- Symlinking: /home/wheeltec/wheeltec_ros2/install/wheeltec_joy/share/wheeltec_joy/package.dsv
[1.197s] -- Up-to-date symlink: /home/wheeltec/wheeltec_ros2/install/wheeltec_joy/share/ament_index/resource_index/packages/wheeltec_joy
[1.197s] -- Up-to-date symlink: /home/wheeltec/wheeltec_ros2/install/wheeltec_joy/share/wheeltec_joy/cmake/wheeltec_joyConfig.cmake
[1.197s] -- Up-to-date symlink: /home/wheeltec/wheeltec_ros2/install/wheeltec_joy/share/wheeltec_joy/cmake/wheeltec_joyConfig-version.cmake
[1.197s] -- Up-to-date symlink: /home/wheeltec/wheeltec_ros2/install/wheeltec_joy/share/wheeltec_joy/package.xml
[1.209s] Invoked command in '/home/wheeltec/wheeltec_ros2/build/wheeltec_joy' returned '0': CMAKE_PREFIX_PATH=${CMAKE_PREFIX_PATH}:/home/wheeltec/wheeltec_ros2/install/wheeltec_robot_keyboard:/home/wheeltec/wheeltec_ros2/install/wheeltec_dual_rtk_driver:/home/wheeltec/wheeltec_ros2/install/ultralytics_ros2:/home/wheeltec/wheeltec_ros2/install/tf2_tools:/home/wheeltec/wheeltec_ros2/install/nav2_waypoint_cycle:/home/wheeltec/wheeltec_ros2/install/nav2_simple_commander:/home/wheeltec/wheeltec_ros2/install/auto_recharge_ros2:/home/wheeltec/autoware/install/autoware_wheeltec_interface:/home/wheeltec/autoware/install/ad_api_visualizers:/opt/ros/humble /usr/bin/cmake --install /home/wheeltec/wheeltec_ros2/build/wheeltec_joy
