[0.102s] Invoking command in '/home/wheeltec/wheeltec_ros2/build/fdilink_ahrs': CMAKE_PREFIX_PATH=${CMAKE_PREFIX_PATH}:/home/wheeltec/autoware/install/autoware_wheeltec_interface:/home/wheeltec/autoware/install/ad_api_visualizers:/opt/ros/humble /usr/bin/cmake /home/wheeltec/wheeltec_ros2/src/wheeltec_imu/fdilink_ahrs_ros-ros2 -DAMENT_CMAKE_SYMLINK_INSTALL=1 -DCMAKE_INSTALL_PREFIX=/home/wheeltec/wheeltec_ros2/install/fdilink_ahrs
[34.614s] [31mCMake Error at CMakeLists.txt:30 (find_package):
[34.614s]   By not providing "Findserial.cmake" in CMAKE_MODULE_PATH this project has
[34.614s]   asked CMake to find a package configuration file provided by "serial", but
[34.617s]   CMake did not find one.
[34.617s] 
[34.617s]   Could not find a package configuration file provided by "serial" with any
[34.617s]   of the following names:
[34.617s] 
[34.618s]     serialConfig.cmake
[34.620s]     serial-config.cmake
[34.621s] 
[34.621s]   Add the installation prefix of "serial" to CMAKE_PREFIX_PATH or set
[34.621s]   "serial_DIR" to a directory containing one of the above files.  If "serial"
[34.621s]   provides a separate development package or SDK, be sure it has been
[34.621s]   installed.
[34.621s] 
[34.621s] [0m
[34.621s] -- The C compiler identification is GNU 11.4.0
[34.621s] -- The CXX compiler identification is GNU 11.4.0
[34.621s] -- Detecting C compiler ABI info
[34.622s] -- Detecting C compiler ABI info - done
[34.622s] -- Check for working C compiler: /usr/bin/cc - skipped
[34.622s] -- Detecting C compile features
[34.622s] -- Detecting C compile features - done
[34.622s] -- Detecting CXX compiler ABI info
[34.622s] -- Detecting CXX compiler ABI info - done
[34.622s] -- Check for working CXX compiler: /usr/bin/c++ - skipped
[34.622s] -- Detecting CXX compile features
[34.622s] -- Detecting CXX compile features - done
[34.622s] -- Found ament_cmake: 1.3.7 (/home/wheeltec/autoware/install/ament_cmake/share/ament_cmake/cmake)
[34.622s] -- Found Python3: /usr/bin/python3.10 (found version "3.10.12") found components: Interpreter 
[34.622s] -- Override CMake install command with custom implementation using symlinks instead of copying resources
[34.623s] -- Found rclcpp: 16.0.11 (/opt/ros/humble/share/rclcpp/cmake)
[34.623s] -- Found rosidl_generator_c: 3.1.6 (/opt/ros/humble/share/rosidl_generator_c/cmake)
[34.623s] -- Found rosidl_adapter: 3.1.6 (/opt/ros/humble/share/rosidl_adapter/cmake)
[34.623s] -- Found rosidl_generator_cpp: 3.1.6 (/opt/ros/humble/share/rosidl_generator_cpp/cmake)
[34.623s] -- Using all available rosidl_typesupport_c: rosidl_typesupport_fastrtps_c;rosidl_typesupport_introspection_c
[34.623s] -- Using all available rosidl_typesupport_cpp: rosidl_typesupport_fastrtps_cpp;rosidl_typesupport_introspection_cpp
[34.623s] -- Found rmw_implementation_cmake: 6.1.2 (/opt/ros/humble/share/rmw_implementation_cmake/cmake)
[34.623s] -- Found rmw_fastrtps_cpp: 6.2.7 (/opt/ros/humble/share/rmw_fastrtps_cpp/cmake)
[34.623s] -- Found OpenSSL: /usr/lib/aarch64-linux-gnu/libcrypto.so (found version "3.0.2")  
[34.623s] -- Found FastRTPS: /opt/ros/humble/include  
[34.623s] -- Using RMW implementation 'rmw_fastrtps_cpp' as default
[34.624s] -- Looking for pthread.h
[34.624s] -- Looking for pthread.h - found
[34.624s] -- Performing Test CMAKE_HAVE_LIBC_PTHREAD
[34.624s] -- Performing Test CMAKE_HAVE_LIBC_PTHREAD - Success
[34.624s] -- Found Threads: TRUE  
[34.624s] -- Found rclpy: 3.3.15 (/opt/ros/humble/share/rclpy/cmake)
[34.624s] -- Found sensor_msgs: 4.2.4 (/opt/ros/humble/share/sensor_msgs/cmake)
[34.624s] -- Found tf2: 0.25.11 (/opt/ros/humble/share/tf2/cmake)
[34.624s] -- Found tf2_ros: 0.25.11 (/opt/ros/humble/share/tf2_ros/cmake)
[34.624s] -- Configuring incomplete, errors occurred!
[34.624s] See also "/home/wheeltec/wheeltec_ros2/build/fdilink_ahrs/CMakeFiles/CMakeOutput.log".
[34.631s] Invoked command in '/home/wheeltec/wheeltec_ros2/build/fdilink_ahrs' returned '1': CMAKE_PREFIX_PATH=${CMAKE_PREFIX_PATH}:/home/wheeltec/autoware/install/autoware_wheeltec_interface:/home/wheeltec/autoware/install/ad_api_visualizers:/opt/ros/humble /usr/bin/cmake /home/wheeltec/wheeltec_ros2/src/wheeltec_imu/fdilink_ahrs_ros-ros2 -DAMENT_CMAKE_SYMLINK_INSTALL=1 -DCMAKE_INSTALL_PREFIX=/home/wheeltec/wheeltec_ros2/install/fdilink_ahrs
