[  1%] Built target orb_slam2_ros__cpp
[  5%] Built target orb_slam2_ros__rosidl_generator_c
[ 12%] Built target DBoW2
[ 12%] Built target ament_cmake_python_symlink_orb_slam2_ros
[ 42%] Built target g2o
[ 46%] Built target orb_slam2_ros__rosidl_typesupport_fastrtps_cpp
[ 51%] Built target orb_slam2_ros__rosidl_typesupport_introspection_cpp
[ 55%] Built target orb_slam2_ros__rosidl_typesupport_cpp
[ 59%] Built target orb_slam2_ros__rosidl_typesupport_introspection_c
[ 63%] Built target orb_slam2_ros__rosidl_typesupport_fastrtps_c
[ 67%] Built target orb_slam2_ros__rosidl_typesupport_c
[ 67%] Built target orb_slam2_ros
[ 86%] Built target orb_slam2_ros_core
[ 87%] Built target orb_slam2_ros__py
[ 90%] Built target orb_slam2_ros__rosidl_generator_py
[ 93%] Built target orb_slam2_ros_rgbd
[ 95%] Built target orb_slam2_ros__rosidl_typesupport_introspection_c__pyext
[ 97%] Built target orb_slam2_ros__rosidl_typesupport_fastrtps_c__pyext
running egg_info
writing orb_slam2_ros.egg-info/PKG-INFO
writing dependency_links to orb_slam2_ros.egg-info/dependency_links.txt
writing top-level names to orb_slam2_ros.egg-info/top_level.txt
reading manifest file 'orb_slam2_ros.egg-info/SOURCES.txt'
writing manifest file 'orb_slam2_ros.egg-info/SOURCES.txt'
[ 97%] Built target ament_cmake_python_build_orb_slam2_ros_egg
[100%] Built target orb_slam2_ros__rosidl_typesupport_c__pyext
-- Install configuration: "Release"
-- Execute custom install script
-- Up-to-date symlink: /home/wheeltec/wheeltec_ros2/install/orb_slam2_ros/share/ament_index/resource_index/rosidl_interfaces/orb_slam2_ros
-- Up-to-date symlink: /home/wheeltec/wheeltec_ros2/install/orb_slam2_ros/include/orb_slam2_ros/orb_slam2_ros/msg/rosidl_generator_c__visibility_control.h
-- Up-to-date symlink: /home/wheeltec/wheeltec_ros2/install/orb_slam2_ros/include/orb_slam2_ros/orb_slam2_ros/srv/detail/save_cloud__functions.h
-- Up-to-date symlink: /home/wheeltec/wheeltec_ros2/install/orb_slam2_ros/include/orb_slam2_ros/orb_slam2_ros/srv/detail/save_cloud__struct.h
-- Up-to-date symlink: /home/wheeltec/wheeltec_ros2/install/orb_slam2_ros/include/orb_slam2_ros/orb_slam2_ros/srv/detail/save_cloud__type_support.h
-- Up-to-date symlink: /home/wheeltec/wheeltec_ros2/install/orb_slam2_ros/include/orb_slam2_ros/orb_slam2_ros/srv/detail/save_map__functions.h
-- Up-to-date symlink: /home/wheeltec/wheeltec_ros2/install/orb_slam2_ros/include/orb_slam2_ros/orb_slam2_ros/srv/detail/save_map__struct.h
-- Up-to-date symlink: /home/wheeltec/wheeltec_ros2/install/orb_slam2_ros/include/orb_slam2_ros/orb_slam2_ros/srv/detail/save_map__type_support.h
-- Up-to-date symlink: /home/wheeltec/wheeltec_ros2/install/orb_slam2_ros/include/orb_slam2_ros/orb_slam2_ros/srv/save_cloud.h
-- Up-to-date symlink: /home/wheeltec/wheeltec_ros2/install/orb_slam2_ros/include/orb_slam2_ros/orb_slam2_ros/srv/save_map.h
-- Up-to-date symlink: /home/wheeltec/wheeltec_ros2/install/orb_slam2_ros/share/orb_slam2_ros/environment/library_path.sh
-- Up-to-date symlink: /home/wheeltec/wheeltec_ros2/install/orb_slam2_ros/share/orb_slam2_ros/environment/library_path.dsv
-- Up-to-date symlink: /home/wheeltec/wheeltec_ros2/install/orb_slam2_ros/include/orb_slam2_ros/orb_slam2_ros/msg/rosidl_typesupport_fastrtps_c__visibility_control.h
-- Up-to-date symlink: /home/wheeltec/wheeltec_ros2/install/orb_slam2_ros/include/orb_slam2_ros/orb_slam2_ros/srv/detail/save_cloud__rosidl_typesupport_fastrtps_c.h
-- Up-to-date symlink: /home/wheeltec/wheeltec_ros2/install/orb_slam2_ros/include/orb_slam2_ros/orb_slam2_ros/srv/detail/save_map__rosidl_typesupport_fastrtps_c.h
-- Up-to-date symlink: /home/wheeltec/wheeltec_ros2/install/orb_slam2_ros/include/orb_slam2_ros/orb_slam2_ros/msg/rosidl_generator_cpp__visibility_control.hpp
-- Up-to-date symlink: /home/wheeltec/wheeltec_ros2/install/orb_slam2_ros/include/orb_slam2_ros/orb_slam2_ros/srv/detail/save_cloud__builder.hpp
-- Up-to-date symlink: /home/wheeltec/wheeltec_ros2/install/orb_slam2_ros/include/orb_slam2_ros/orb_slam2_ros/srv/detail/save_cloud__struct.hpp
-- Up-to-date symlink: /home/wheeltec/wheeltec_ros2/install/orb_slam2_ros/include/orb_slam2_ros/orb_slam2_ros/srv/detail/save_cloud__traits.hpp
-- Up-to-date symlink: /home/wheeltec/wheeltec_ros2/install/orb_slam2_ros/include/orb_slam2_ros/orb_slam2_ros/srv/detail/save_cloud__type_support.hpp
-- Up-to-date symlink: /home/wheeltec/wheeltec_ros2/install/orb_slam2_ros/include/orb_slam2_ros/orb_slam2_ros/srv/detail/save_map__builder.hpp
-- Up-to-date symlink: /home/wheeltec/wheeltec_ros2/install/orb_slam2_ros/include/orb_slam2_ros/orb_slam2_ros/srv/detail/save_map__struct.hpp
-- Up-to-date symlink: /home/wheeltec/wheeltec_ros2/install/orb_slam2_ros/include/orb_slam2_ros/orb_slam2_ros/srv/detail/save_map__traits.hpp
-- Up-to-date symlink: /home/wheeltec/wheeltec_ros2/install/orb_slam2_ros/include/orb_slam2_ros/orb_slam2_ros/srv/detail/save_map__type_support.hpp
-- Up-to-date symlink: /home/wheeltec/wheeltec_ros2/install/orb_slam2_ros/include/orb_slam2_ros/orb_slam2_ros/srv/save_cloud.hpp
-- Up-to-date symlink: /home/wheeltec/wheeltec_ros2/install/orb_slam2_ros/include/orb_slam2_ros/orb_slam2_ros/srv/save_map.hpp
-- Up-to-date symlink: /home/wheeltec/wheeltec_ros2/install/orb_slam2_ros/include/orb_slam2_ros/orb_slam2_ros/msg/rosidl_typesupport_fastrtps_cpp__visibility_control.h
-- Up-to-date symlink: /home/wheeltec/wheeltec_ros2/install/orb_slam2_ros/include/orb_slam2_ros/orb_slam2_ros/srv/detail/save_cloud__rosidl_typesupport_fastrtps_cpp.hpp
-- Up-to-date symlink: /home/wheeltec/wheeltec_ros2/install/orb_slam2_ros/include/orb_slam2_ros/orb_slam2_ros/srv/detail/save_map__rosidl_typesupport_fastrtps_cpp.hpp
-- Up-to-date symlink: /home/wheeltec/wheeltec_ros2/install/orb_slam2_ros/include/orb_slam2_ros/orb_slam2_ros/msg/rosidl_typesupport_introspection_c__visibility_control.h
-- Up-to-date symlink: /home/wheeltec/wheeltec_ros2/install/orb_slam2_ros/include/orb_slam2_ros/orb_slam2_ros/srv/detail/save_cloud__rosidl_typesupport_introspection_c.h
-- Up-to-date symlink: /home/wheeltec/wheeltec_ros2/install/orb_slam2_ros/include/orb_slam2_ros/orb_slam2_ros/srv/detail/save_map__rosidl_typesupport_introspection_c.h
-- Up-to-date symlink: /home/wheeltec/wheeltec_ros2/install/orb_slam2_ros/include/orb_slam2_ros/orb_slam2_ros/srv/detail/save_cloud__rosidl_typesupport_introspection_cpp.hpp
-- Up-to-date symlink: /home/wheeltec/wheeltec_ros2/install/orb_slam2_ros/include/orb_slam2_ros/orb_slam2_ros/srv/detail/save_map__rosidl_typesupport_introspection_cpp.hpp
-- Up-to-date symlink: /home/wheeltec/wheeltec_ros2/install/orb_slam2_ros/share/orb_slam2_ros/environment/pythonpath.sh
-- Up-to-date symlink: /home/wheeltec/wheeltec_ros2/install/orb_slam2_ros/share/orb_slam2_ros/environment/pythonpath.dsv
-- Up-to-date symlink: /home/wheeltec/wheeltec_ros2/install/orb_slam2_ros/local/lib/python3.10/dist-packages/orb_slam2_ros-1.1.0-py3.10.egg-info/PKG-INFO
-- Up-to-date symlink: /home/wheeltec/wheeltec_ros2/install/orb_slam2_ros/local/lib/python3.10/dist-packages/orb_slam2_ros-1.1.0-py3.10.egg-info/SOURCES.txt
-- Up-to-date symlink: /home/wheeltec/wheeltec_ros2/install/orb_slam2_ros/local/lib/python3.10/dist-packages/orb_slam2_ros-1.1.0-py3.10.egg-info/dependency_links.txt
-- Up-to-date symlink: /home/wheeltec/wheeltec_ros2/install/orb_slam2_ros/local/lib/python3.10/dist-packages/orb_slam2_ros-1.1.0-py3.10.egg-info/top_level.txt
-- Up-to-date symlink: /home/wheeltec/wheeltec_ros2/install/orb_slam2_ros/local/lib/python3.10/dist-packages/orb_slam2_ros/__init__.py
-- Up-to-date symlink: /home/wheeltec/wheeltec_ros2/install/orb_slam2_ros/local/lib/python3.10/dist-packages/orb_slam2_ros/_orb_slam2_ros_s.ep.rosidl_typesupport_c.c
-- Up-to-date symlink: /home/wheeltec/wheeltec_ros2/install/orb_slam2_ros/local/lib/python3.10/dist-packages/orb_slam2_ros/_orb_slam2_ros_s.ep.rosidl_typesupport_fastrtps_c.c
-- Up-to-date symlink: /home/wheeltec/wheeltec_ros2/install/orb_slam2_ros/local/lib/python3.10/dist-packages/orb_slam2_ros/_orb_slam2_ros_s.ep.rosidl_typesupport_introspection_c.c
-- Up-to-date symlink: /home/wheeltec/wheeltec_ros2/install/orb_slam2_ros/local/lib/python3.10/dist-packages/orb_slam2_ros/liborb_slam2_ros__rosidl_generator_py.so
-- Up-to-date symlink: /home/wheeltec/wheeltec_ros2/install/orb_slam2_ros/local/lib/python3.10/dist-packages/orb_slam2_ros/orb_slam2_ros_s__rosidl_typesupport_c.cpython-310-aarch64-linux-gnu.so
-- Up-to-date symlink: /home/wheeltec/wheeltec_ros2/install/orb_slam2_ros/local/lib/python3.10/dist-packages/orb_slam2_ros/orb_slam2_ros_s__rosidl_typesupport_fastrtps_c.cpython-310-aarch64-linux-gnu.so
-- Up-to-date symlink: /home/wheeltec/wheeltec_ros2/install/orb_slam2_ros/local/lib/python3.10/dist-packages/orb_slam2_ros/orb_slam2_ros_s__rosidl_typesupport_introspection_c.cpython-310-aarch64-linux-gnu.so
-- Up-to-date symlink: /home/wheeltec/wheeltec_ros2/install/orb_slam2_ros/local/lib/python3.10/dist-packages/orb_slam2_ros/srv/__init__.py
-- Up-to-date symlink: /home/wheeltec/wheeltec_ros2/install/orb_slam2_ros/local/lib/python3.10/dist-packages/orb_slam2_ros/srv/_save_cloud.py
-- Up-to-date symlink: /home/wheeltec/wheeltec_ros2/install/orb_slam2_ros/local/lib/python3.10/dist-packages/orb_slam2_ros/srv/_save_cloud_s.c
-- Up-to-date symlink: /home/wheeltec/wheeltec_ros2/install/orb_slam2_ros/local/lib/python3.10/dist-packages/orb_slam2_ros/srv/_save_map.py
-- Up-to-date symlink: /home/wheeltec/wheeltec_ros2/install/orb_slam2_ros/local/lib/python3.10/dist-packages/orb_slam2_ros/srv/_save_map_s.c
-- Up-to-date symlink: /home/wheeltec/wheeltec_ros2/install/orb_slam2_ros/local/lib/python3.10/dist-packages/orb_slam2_ros/orb_slam2_ros_s__rosidl_typesupport_fastrtps_c.cpython-310-aarch64-linux-gnu.so
-- Up-to-date symlink: /home/wheeltec/wheeltec_ros2/install/orb_slam2_ros/local/lib/python3.10/dist-packages/orb_slam2_ros/orb_slam2_ros_s__rosidl_typesupport_introspection_c.cpython-310-aarch64-linux-gnu.so
-- Up-to-date symlink: /home/wheeltec/wheeltec_ros2/install/orb_slam2_ros/local/lib/python3.10/dist-packages/orb_slam2_ros/orb_slam2_ros_s__rosidl_typesupport_c.cpython-310-aarch64-linux-gnu.so
-- Up-to-date symlink: /home/wheeltec/wheeltec_ros2/install/orb_slam2_ros/share/orb_slam2_ros/srv/SaveMap.idl
-- Up-to-date symlink: /home/wheeltec/wheeltec_ros2/install/orb_slam2_ros/share/orb_slam2_ros/srv/SaveCloud.idl
-- Up-to-date symlink: /home/wheeltec/wheeltec_ros2/install/orb_slam2_ros/share/orb_slam2_ros/srv/SaveMap.srv
-- Up-to-date symlink: /home/wheeltec/wheeltec_ros2/install/orb_slam2_ros/share/orb_slam2_ros/srv/SaveMap_Request.msg
-- Up-to-date symlink: /home/wheeltec/wheeltec_ros2/install/orb_slam2_ros/share/orb_slam2_ros/srv/SaveMap_Response.msg
-- Up-to-date symlink: /home/wheeltec/wheeltec_ros2/install/orb_slam2_ros/share/orb_slam2_ros/srv/SaveCloud.srv
-- Up-to-date symlink: /home/wheeltec/wheeltec_ros2/install/orb_slam2_ros/share/orb_slam2_ros/srv/SaveCloud_Request.msg
-- Up-to-date symlink: /home/wheeltec/wheeltec_ros2/install/orb_slam2_ros/share/orb_slam2_ros/srv/SaveCloud_Response.msg
-- Up-to-date symlink: /home/wheeltec/wheeltec_ros2/install/orb_slam2_ros/lib/orb_slam2_ros/orb_slam2_ros_rgbd
-- Up-to-date symlink: /home/wheeltec/wheeltec_ros2/install/orb_slam2_ros/lib/liborb_slam2_ros_core.so
-- Up-to-date symlink: /home/wheeltec/wheeltec_ros2/install/orb_slam2_ros/lib/libDBoW2.so
-- Up-to-date symlink: /home/wheeltec/wheeltec_ros2/install/orb_slam2_ros/lib/libg2o.so
-- Up-to-date symlink: /home/wheeltec/wheeltec_ros2/install/orb_slam2_ros/share/orb_slam2_ros/ros/launch/orb_slam2_Astra_rgbd_launch.py
-- Up-to-date symlink: /home/wheeltec/wheeltec_ros2/install/orb_slam2_ros/share/orb_slam2_ros/ros/launch/orb_slam2_Gemini_rgb_launch.py
-- Up-to-date symlink: /home/wheeltec/wheeltec_ros2/install/orb_slam2_ros/share/orb_slam2_ros/ros/launch/orb_slam2_d435_mono_launch.py
-- Up-to-date symlink: /home/wheeltec/wheeltec_ros2/install/orb_slam2_ros/share/orb_slam2_ros/ros/launch/orb_slam2_d435_rgbd_launch.py
-- Up-to-date symlink: /home/wheeltec/wheeltec_ros2/install/orb_slam2_ros/share/orb_slam2_ros/ros/launch/orb_slam2_t265_mono_launch.py
-- Up-to-date symlink: /home/wheeltec/wheeltec_ros2/install/orb_slam2_ros/share/orb_slam2_ros/ros/launch/orb_slam2_t265_stereo_launch.py
-- Up-to-date symlink: /home/wheeltec/wheeltec_ros2/install/orb_slam2_ros/share/orb_slam2_ros/ros/config/octomap_server.yaml
-- Up-to-date symlink: /home/wheeltec/wheeltec_ros2/install/orb_slam2_ros/share/orb_slam2_ros/ros/config/params_Astra_rgbd.yaml
-- Up-to-date symlink: /home/wheeltec/wheeltec_ros2/install/orb_slam2_ros/share/orb_slam2_ros/ros/config/params_Gemini_rgbd.yaml
-- Up-to-date symlink: /home/wheeltec/wheeltec_ros2/install/orb_slam2_ros/share/orb_slam2_ros/ros/config/params_d435_mono.yaml
-- Up-to-date symlink: /home/wheeltec/wheeltec_ros2/install/orb_slam2_ros/share/orb_slam2_ros/ros/config/params_d435_rgbd.yaml
-- Up-to-date symlink: /home/wheeltec/wheeltec_ros2/install/orb_slam2_ros/share/orb_slam2_ros/ros/config/params_t265_mono.yaml
-- Up-to-date symlink: /home/wheeltec/wheeltec_ros2/install/orb_slam2_ros/share/orb_slam2_ros/ros/config/params_t265_stereo.yaml
-- Up-to-date symlink: /home/wheeltec/wheeltec_ros2/install/orb_slam2_ros/share/orb_slam2_ros/ros/config/rviz_config.rviz
-- Up-to-date symlink: /home/wheeltec/wheeltec_ros2/install/orb_slam2_ros/share/orb_slam2_ros/orb_slam2/Vocabulary/ORBvoc.txt.bin
-- Up-to-date symlink: /home/wheeltec/wheeltec_ros2/install/orb_slam2_ros/share/orb_slam2_ros/orb_slam2/Vocabulary/ORBvoc.txt.tar.gz
-- Up-to-date symlink: /home/wheeltec/wheeltec_ros2/install/orb_slam2_ros/share/ament_index/resource_index/package_run_dependencies/orb_slam2_ros
-- Up-to-date symlink: /home/wheeltec/wheeltec_ros2/install/orb_slam2_ros/share/ament_index/resource_index/parent_prefix_path/orb_slam2_ros
-- Up-to-date symlink: /home/wheeltec/wheeltec_ros2/install/orb_slam2_ros/share/orb_slam2_ros/environment/ament_prefix_path.sh
-- Up-to-date symlink: /home/wheeltec/wheeltec_ros2/install/orb_slam2_ros/share/orb_slam2_ros/environment/ament_prefix_path.dsv
-- Up-to-date symlink: /home/wheeltec/wheeltec_ros2/install/orb_slam2_ros/share/orb_slam2_ros/environment/path.sh
-- Up-to-date symlink: /home/wheeltec/wheeltec_ros2/install/orb_slam2_ros/share/orb_slam2_ros/environment/path.dsv
-- Up-to-date symlink: /home/wheeltec/wheeltec_ros2/install/orb_slam2_ros/share/orb_slam2_ros/local_setup.bash
-- Up-to-date symlink: /home/wheeltec/wheeltec_ros2/install/orb_slam2_ros/share/orb_slam2_ros/local_setup.sh
-- Up-to-date symlink: /home/wheeltec/wheeltec_ros2/install/orb_slam2_ros/share/orb_slam2_ros/local_setup.zsh
-- Up-to-date symlink: /home/wheeltec/wheeltec_ros2/install/orb_slam2_ros/share/orb_slam2_ros/local_setup.dsv
-- Symlinking: /home/wheeltec/wheeltec_ros2/install/orb_slam2_ros/share/orb_slam2_ros/package.dsv
-- Up-to-date symlink: /home/wheeltec/wheeltec_ros2/install/orb_slam2_ros/share/ament_index/resource_index/packages/orb_slam2_ros
-- Up-to-date symlink: /home/wheeltec/wheeltec_ros2/install/orb_slam2_ros/share/orb_slam2_ros/cmake/rosidl_cmake-extras.cmake
-- Up-to-date symlink: /home/wheeltec/wheeltec_ros2/install/orb_slam2_ros/share/orb_slam2_ros/cmake/ament_cmake_export_dependencies-extras.cmake
-- Up-to-date symlink: /home/wheeltec/wheeltec_ros2/install/orb_slam2_ros/share/orb_slam2_ros/cmake/ament_cmake_export_include_directories-extras.cmake
-- Up-to-date symlink: /home/wheeltec/wheeltec_ros2/install/orb_slam2_ros/share/orb_slam2_ros/cmake/ament_cmake_export_libraries-extras.cmake
-- Up-to-date symlink: /home/wheeltec/wheeltec_ros2/install/orb_slam2_ros/share/orb_slam2_ros/cmake/ament_cmake_export_targets-extras.cmake
-- Up-to-date symlink: /home/wheeltec/wheeltec_ros2/install/orb_slam2_ros/share/orb_slam2_ros/cmake/rosidl_cmake_export_typesupport_targets-extras.cmake
-- Up-to-date symlink: /home/wheeltec/wheeltec_ros2/install/orb_slam2_ros/share/orb_slam2_ros/cmake/rosidl_cmake_export_typesupport_libraries-extras.cmake
-- Up-to-date symlink: /home/wheeltec/wheeltec_ros2/install/orb_slam2_ros/share/orb_slam2_ros/cmake/orb_slam2_rosConfig.cmake
-- Up-to-date symlink: /home/wheeltec/wheeltec_ros2/install/orb_slam2_ros/share/orb_slam2_ros/cmake/orb_slam2_rosConfig-version.cmake
-- Up-to-date symlink: /home/wheeltec/wheeltec_ros2/install/orb_slam2_ros/share/orb_slam2_ros/package.xml
-- Up-to-date: /home/wheeltec/wheeltec_ros2/install/orb_slam2_ros/lib/liborb_slam2_ros__rosidl_generator_c.so
-- Up-to-date: /home/wheeltec/wheeltec_ros2/install/orb_slam2_ros/lib/liborb_slam2_ros__rosidl_typesupport_fastrtps_c.so
-- Up-to-date: /home/wheeltec/wheeltec_ros2/install/orb_slam2_ros/lib/liborb_slam2_ros__rosidl_typesupport_fastrtps_cpp.so
-- Up-to-date: /home/wheeltec/wheeltec_ros2/install/orb_slam2_ros/lib/liborb_slam2_ros__rosidl_typesupport_introspection_c.so
-- Up-to-date: /home/wheeltec/wheeltec_ros2/install/orb_slam2_ros/lib/liborb_slam2_ros__rosidl_typesupport_c.so
-- Up-to-date: /home/wheeltec/wheeltec_ros2/install/orb_slam2_ros/lib/liborb_slam2_ros__rosidl_typesupport_introspection_cpp.so
-- Up-to-date: /home/wheeltec/wheeltec_ros2/install/orb_slam2_ros/lib/liborb_slam2_ros__rosidl_typesupport_cpp.so
Listing '/home/wheeltec/wheeltec_ros2/install/orb_slam2_ros/local/lib/python3.10/dist-packages/orb_slam2_ros'...
Listing '/home/wheeltec/wheeltec_ros2/install/orb_slam2_ros/local/lib/python3.10/dist-packages/orb_slam2_ros/srv'...
-- Up-to-date: /home/wheeltec/wheeltec_ros2/install/orb_slam2_ros/lib/liborb_slam2_ros__rosidl_generator_py.so
-- Up-to-date: /home/wheeltec/wheeltec_ros2/install/orb_slam2_ros/share/orb_slam2_ros/cmake/export_orb_slam2_ros__rosidl_generator_cExport.cmake
-- Up-to-date: /home/wheeltec/wheeltec_ros2/install/orb_slam2_ros/share/orb_slam2_ros/cmake/export_orb_slam2_ros__rosidl_generator_cExport-release.cmake
-- Up-to-date: /home/wheeltec/wheeltec_ros2/install/orb_slam2_ros/share/orb_slam2_ros/cmake/export_orb_slam2_ros__rosidl_typesupport_fastrtps_cExport.cmake
-- Up-to-date: /home/wheeltec/wheeltec_ros2/install/orb_slam2_ros/share/orb_slam2_ros/cmake/export_orb_slam2_ros__rosidl_typesupport_fastrtps_cExport-release.cmake
-- Up-to-date: /home/wheeltec/wheeltec_ros2/install/orb_slam2_ros/share/orb_slam2_ros/cmake/export_orb_slam2_ros__rosidl_generator_cppExport.cmake
-- Up-to-date: /home/wheeltec/wheeltec_ros2/install/orb_slam2_ros/share/orb_slam2_ros/cmake/export_orb_slam2_ros__rosidl_typesupport_fastrtps_cppExport.cmake
-- Up-to-date: /home/wheeltec/wheeltec_ros2/install/orb_slam2_ros/share/orb_slam2_ros/cmake/export_orb_slam2_ros__rosidl_typesupport_fastrtps_cppExport-release.cmake
-- Up-to-date: /home/wheeltec/wheeltec_ros2/install/orb_slam2_ros/share/orb_slam2_ros/cmake/orb_slam2_ros__rosidl_typesupport_introspection_cExport.cmake
-- Up-to-date: /home/wheeltec/wheeltec_ros2/install/orb_slam2_ros/share/orb_slam2_ros/cmake/orb_slam2_ros__rosidl_typesupport_introspection_cExport-release.cmake
-- Up-to-date: /home/wheeltec/wheeltec_ros2/install/orb_slam2_ros/share/orb_slam2_ros/cmake/orb_slam2_ros__rosidl_typesupport_cExport.cmake
-- Up-to-date: /home/wheeltec/wheeltec_ros2/install/orb_slam2_ros/share/orb_slam2_ros/cmake/orb_slam2_ros__rosidl_typesupport_cExport-release.cmake
-- Up-to-date: /home/wheeltec/wheeltec_ros2/install/orb_slam2_ros/share/orb_slam2_ros/cmake/orb_slam2_ros__rosidl_typesupport_introspection_cppExport.cmake
-- Up-to-date: /home/wheeltec/wheeltec_ros2/install/orb_slam2_ros/share/orb_slam2_ros/cmake/orb_slam2_ros__rosidl_typesupport_introspection_cppExport-release.cmake
-- Up-to-date: /home/wheeltec/wheeltec_ros2/install/orb_slam2_ros/share/orb_slam2_ros/cmake/orb_slam2_ros__rosidl_typesupport_cppExport.cmake
-- Up-to-date: /home/wheeltec/wheeltec_ros2/install/orb_slam2_ros/share/orb_slam2_ros/cmake/orb_slam2_ros__rosidl_typesupport_cppExport-release.cmake
-- Up-to-date: /home/wheeltec/wheeltec_ros2/install/orb_slam2_ros/share/orb_slam2_ros/cmake/export_orb_slam2_ros__rosidl_generator_pyExport.cmake
-- Up-to-date: /home/wheeltec/wheeltec_ros2/install/orb_slam2_ros/share/orb_slam2_ros/cmake/export_orb_slam2_ros__rosidl_generator_pyExport-release.cmake
