[2.117s] Invoking command in '/home/wheeltec/wheeltec_ros2/build/orb_slam2_ros': CMAKE_PREFIX_PATH=${CMAKE_PREFIX_PATH}:/home/wheeltec/wheeltec_ros2/install/wheeltec_robot_keyboard:/home/wheeltec/wheeltec_ros2/install/wheeltec_dual_rtk_driver:/home/wheeltec/wheeltec_ros2/install/ultralytics_ros2:/home/wheeltec/wheeltec_ros2/install/tf2_tools:/home/wheeltec/wheeltec_ros2/install/nav2_waypoint_cycle:/home/wheeltec/wheeltec_ros2/install/nav2_simple_commander:/home/wheeltec/wheeltec_ros2/install/auto_recharge_ros2:/home/wheeltec/autoware/install/autoware_wheeltec_interface:/home/wheeltec/autoware/install/ad_api_visualizers:/opt/ros/humble /usr/bin/cmake --build /home/wheeltec/wheeltec_ros2/build/orb_slam2_ros -- -j6 -l6
[2.440s] [  1%] Built target orb_slam2_ros__cpp
[2.500s] [  5%] Built target orb_slam2_ros__rosidl_generator_c
[2.553s] [ 12%] Built target DBoW2
[2.583s] [ 12%] Built target ament_cmake_python_symlink_orb_slam2_ros
[2.688s] [ 42%] Built target g2o
[2.755s] [ 46%] Built target orb_slam2_ros__rosidl_typesupport_fastrtps_cpp
[2.775s] [ 51%] Built target orb_slam2_ros__rosidl_typesupport_introspection_cpp
[2.805s] [ 55%] Built target orb_slam2_ros__rosidl_typesupport_cpp
[2.893s] [ 59%] Built target orb_slam2_ros__rosidl_typesupport_introspection_c
[2.952s] [ 63%] Built target orb_slam2_ros__rosidl_typesupport_fastrtps_c
[2.953s] [ 67%] Built target orb_slam2_ros__rosidl_typesupport_c
[3.104s] [ 67%] Built target orb_slam2_ros
[3.195s] [ 86%] Built target orb_slam2_ros_core
[3.288s] [ 87%] Built target orb_slam2_ros__py
[3.496s] [ 90%] Built target orb_slam2_ros__rosidl_generator_py
[3.500s] [ 93%] Built target orb_slam2_ros_rgbd
[3.708s] [ 95%] Built target orb_slam2_ros__rosidl_typesupport_introspection_c__pyext
[3.709s] [ 97%] Built target orb_slam2_ros__rosidl_typesupport_fastrtps_c__pyext
[4.555s] running egg_info
[4.556s] writing orb_slam2_ros.egg-info/PKG-INFO
[4.557s] writing dependency_links to orb_slam2_ros.egg-info/dependency_links.txt
[4.557s] writing top-level names to orb_slam2_ros.egg-info/top_level.txt
[4.602s] reading manifest file 'orb_slam2_ros.egg-info/SOURCES.txt'
[4.606s] writing manifest file 'orb_slam2_ros.egg-info/SOURCES.txt'
[4.791s] [ 97%] Built target ament_cmake_python_build_orb_slam2_ros_egg
[4.969s] [100%] Built target orb_slam2_ros__rosidl_typesupport_c__pyext
[5.549s] Invoked command in '/home/wheeltec/wheeltec_ros2/build/orb_slam2_ros' returned '0': CMAKE_PREFIX_PATH=${CMAKE_PREFIX_PATH}:/home/wheeltec/wheeltec_ros2/install/wheeltec_robot_keyboard:/home/wheeltec/wheeltec_ros2/install/wheeltec_dual_rtk_driver:/home/wheeltec/wheeltec_ros2/install/ultralytics_ros2:/home/wheeltec/wheeltec_ros2/install/tf2_tools:/home/wheeltec/wheeltec_ros2/install/nav2_waypoint_cycle:/home/wheeltec/wheeltec_ros2/install/nav2_simple_commander:/home/wheeltec/wheeltec_ros2/install/auto_recharge_ros2:/home/wheeltec/autoware/install/autoware_wheeltec_interface:/home/wheeltec/autoware/install/ad_api_visualizers:/opt/ros/humble /usr/bin/cmake --build /home/wheeltec/wheeltec_ros2/build/orb_slam2_ros -- -j6 -l6
[5.554s] Invoking command in '/home/wheeltec/wheeltec_ros2/build/orb_slam2_ros': CMAKE_PREFIX_PATH=${CMAKE_PREFIX_PATH}:/home/wheeltec/wheeltec_ros2/install/wheeltec_robot_keyboard:/home/wheeltec/wheeltec_ros2/install/wheeltec_dual_rtk_driver:/home/wheeltec/wheeltec_ros2/install/ultralytics_ros2:/home/wheeltec/wheeltec_ros2/install/tf2_tools:/home/wheeltec/wheeltec_ros2/install/nav2_waypoint_cycle:/home/wheeltec/wheeltec_ros2/install/nav2_simple_commander:/home/wheeltec/wheeltec_ros2/install/auto_recharge_ros2:/home/wheeltec/autoware/install/autoware_wheeltec_interface:/home/wheeltec/autoware/install/ad_api_visualizers:/opt/ros/humble /usr/bin/cmake --install /home/wheeltec/wheeltec_ros2/build/orb_slam2_ros
[5.894s] -- Install configuration: "Release"
[5.895s] -- Execute custom install script
[5.896s] -- Up-to-date symlink: /home/wheeltec/wheeltec_ros2/install/orb_slam2_ros/share/ament_index/resource_index/rosidl_interfaces/orb_slam2_ros
[5.896s] -- Up-to-date symlink: /home/wheeltec/wheeltec_ros2/install/orb_slam2_ros/include/orb_slam2_ros/orb_slam2_ros/msg/rosidl_generator_c__visibility_control.h
[5.897s] -- Up-to-date symlink: /home/wheeltec/wheeltec_ros2/install/orb_slam2_ros/include/orb_slam2_ros/orb_slam2_ros/srv/detail/save_cloud__functions.h
[5.897s] -- Up-to-date symlink: /home/wheeltec/wheeltec_ros2/install/orb_slam2_ros/include/orb_slam2_ros/orb_slam2_ros/srv/detail/save_cloud__struct.h
[5.897s] -- Up-to-date symlink: /home/wheeltec/wheeltec_ros2/install/orb_slam2_ros/include/orb_slam2_ros/orb_slam2_ros/srv/detail/save_cloud__type_support.h
[5.897s] -- Up-to-date symlink: /home/wheeltec/wheeltec_ros2/install/orb_slam2_ros/include/orb_slam2_ros/orb_slam2_ros/srv/detail/save_map__functions.h
[5.897s] -- Up-to-date symlink: /home/wheeltec/wheeltec_ros2/install/orb_slam2_ros/include/orb_slam2_ros/orb_slam2_ros/srv/detail/save_map__struct.h
[5.897s] -- Up-to-date symlink: /home/wheeltec/wheeltec_ros2/install/orb_slam2_ros/include/orb_slam2_ros/orb_slam2_ros/srv/detail/save_map__type_support.h
[5.897s] -- Up-to-date symlink: /home/wheeltec/wheeltec_ros2/install/orb_slam2_ros/include/orb_slam2_ros/orb_slam2_ros/srv/save_cloud.h
[5.897s] -- Up-to-date symlink: /home/wheeltec/wheeltec_ros2/install/orb_slam2_ros/include/orb_slam2_ros/orb_slam2_ros/srv/save_map.h
[5.897s] -- Up-to-date symlink: /home/wheeltec/wheeltec_ros2/install/orb_slam2_ros/share/orb_slam2_ros/environment/library_path.sh
[5.897s] -- Up-to-date symlink: /home/wheeltec/wheeltec_ros2/install/orb_slam2_ros/share/orb_slam2_ros/environment/library_path.dsv
[5.898s] -- Up-to-date symlink: /home/wheeltec/wheeltec_ros2/install/orb_slam2_ros/include/orb_slam2_ros/orb_slam2_ros/msg/rosidl_typesupport_fastrtps_c__visibility_control.h
[5.898s] -- Up-to-date symlink: /home/wheeltec/wheeltec_ros2/install/orb_slam2_ros/include/orb_slam2_ros/orb_slam2_ros/srv/detail/save_cloud__rosidl_typesupport_fastrtps_c.h
[5.898s] -- Up-to-date symlink: /home/wheeltec/wheeltec_ros2/install/orb_slam2_ros/include/orb_slam2_ros/orb_slam2_ros/srv/detail/save_map__rosidl_typesupport_fastrtps_c.h
[5.898s] -- Up-to-date symlink: /home/wheeltec/wheeltec_ros2/install/orb_slam2_ros/include/orb_slam2_ros/orb_slam2_ros/msg/rosidl_generator_cpp__visibility_control.hpp
[5.898s] -- Up-to-date symlink: /home/wheeltec/wheeltec_ros2/install/orb_slam2_ros/include/orb_slam2_ros/orb_slam2_ros/srv/detail/save_cloud__builder.hpp
[5.898s] -- Up-to-date symlink: /home/wheeltec/wheeltec_ros2/install/orb_slam2_ros/include/orb_slam2_ros/orb_slam2_ros/srv/detail/save_cloud__struct.hpp
[5.898s] -- Up-to-date symlink: /home/wheeltec/wheeltec_ros2/install/orb_slam2_ros/include/orb_slam2_ros/orb_slam2_ros/srv/detail/save_cloud__traits.hpp
[5.898s] -- Up-to-date symlink: /home/wheeltec/wheeltec_ros2/install/orb_slam2_ros/include/orb_slam2_ros/orb_slam2_ros/srv/detail/save_cloud__type_support.hpp
[5.898s] -- Up-to-date symlink: /home/wheeltec/wheeltec_ros2/install/orb_slam2_ros/include/orb_slam2_ros/orb_slam2_ros/srv/detail/save_map__builder.hpp
[5.898s] -- Up-to-date symlink: /home/wheeltec/wheeltec_ros2/install/orb_slam2_ros/include/orb_slam2_ros/orb_slam2_ros/srv/detail/save_map__struct.hpp
[5.898s] -- Up-to-date symlink: /home/wheeltec/wheeltec_ros2/install/orb_slam2_ros/include/orb_slam2_ros/orb_slam2_ros/srv/detail/save_map__traits.hpp
[5.899s] -- Up-to-date symlink: /home/wheeltec/wheeltec_ros2/install/orb_slam2_ros/include/orb_slam2_ros/orb_slam2_ros/srv/detail/save_map__type_support.hpp
[5.899s] -- Up-to-date symlink: /home/wheeltec/wheeltec_ros2/install/orb_slam2_ros/include/orb_slam2_ros/orb_slam2_ros/srv/save_cloud.hpp
[5.899s] -- Up-to-date symlink: /home/wheeltec/wheeltec_ros2/install/orb_slam2_ros/include/orb_slam2_ros/orb_slam2_ros/srv/save_map.hpp
[5.899s] -- Up-to-date symlink: /home/wheeltec/wheeltec_ros2/install/orb_slam2_ros/include/orb_slam2_ros/orb_slam2_ros/msg/rosidl_typesupport_fastrtps_cpp__visibility_control.h
[5.899s] -- Up-to-date symlink: /home/wheeltec/wheeltec_ros2/install/orb_slam2_ros/include/orb_slam2_ros/orb_slam2_ros/srv/detail/save_cloud__rosidl_typesupport_fastrtps_cpp.hpp
[5.899s] -- Up-to-date symlink: /home/wheeltec/wheeltec_ros2/install/orb_slam2_ros/include/orb_slam2_ros/orb_slam2_ros/srv/detail/save_map__rosidl_typesupport_fastrtps_cpp.hpp
[5.899s] -- Up-to-date symlink: /home/wheeltec/wheeltec_ros2/install/orb_slam2_ros/include/orb_slam2_ros/orb_slam2_ros/msg/rosidl_typesupport_introspection_c__visibility_control.h
[5.899s] -- Up-to-date symlink: /home/wheeltec/wheeltec_ros2/install/orb_slam2_ros/include/orb_slam2_ros/orb_slam2_ros/srv/detail/save_cloud__rosidl_typesupport_introspection_c.h
[5.899s] -- Up-to-date symlink: /home/wheeltec/wheeltec_ros2/install/orb_slam2_ros/include/orb_slam2_ros/orb_slam2_ros/srv/detail/save_map__rosidl_typesupport_introspection_c.h
[5.899s] -- Up-to-date symlink: /home/wheeltec/wheeltec_ros2/install/orb_slam2_ros/include/orb_slam2_ros/orb_slam2_ros/srv/detail/save_cloud__rosidl_typesupport_introspection_cpp.hpp
[5.899s] -- Up-to-date symlink: /home/wheeltec/wheeltec_ros2/install/orb_slam2_ros/include/orb_slam2_ros/orb_slam2_ros/srv/detail/save_map__rosidl_typesupport_introspection_cpp.hpp
[5.900s] -- Up-to-date symlink: /home/wheeltec/wheeltec_ros2/install/orb_slam2_ros/share/orb_slam2_ros/environment/pythonpath.sh
[5.900s] -- Up-to-date symlink: /home/wheeltec/wheeltec_ros2/install/orb_slam2_ros/share/orb_slam2_ros/environment/pythonpath.dsv
[5.900s] -- Up-to-date symlink: /home/wheeltec/wheeltec_ros2/install/orb_slam2_ros/local/lib/python3.10/dist-packages/orb_slam2_ros-1.1.0-py3.10.egg-info/PKG-INFO
[5.900s] -- Up-to-date symlink: /home/wheeltec/wheeltec_ros2/install/orb_slam2_ros/local/lib/python3.10/dist-packages/orb_slam2_ros-1.1.0-py3.10.egg-info/SOURCES.txt
[5.900s] -- Up-to-date symlink: /home/wheeltec/wheeltec_ros2/install/orb_slam2_ros/local/lib/python3.10/dist-packages/orb_slam2_ros-1.1.0-py3.10.egg-info/dependency_links.txt
[5.900s] -- Up-to-date symlink: /home/wheeltec/wheeltec_ros2/install/orb_slam2_ros/local/lib/python3.10/dist-packages/orb_slam2_ros-1.1.0-py3.10.egg-info/top_level.txt
[5.900s] -- Up-to-date symlink: /home/wheeltec/wheeltec_ros2/install/orb_slam2_ros/local/lib/python3.10/dist-packages/orb_slam2_ros/__init__.py
[5.900s] -- Up-to-date symlink: /home/wheeltec/wheeltec_ros2/install/orb_slam2_ros/local/lib/python3.10/dist-packages/orb_slam2_ros/_orb_slam2_ros_s.ep.rosidl_typesupport_c.c
[5.900s] -- Up-to-date symlink: /home/wheeltec/wheeltec_ros2/install/orb_slam2_ros/local/lib/python3.10/dist-packages/orb_slam2_ros/_orb_slam2_ros_s.ep.rosidl_typesupport_fastrtps_c.c
[5.900s] -- Up-to-date symlink: /home/wheeltec/wheeltec_ros2/install/orb_slam2_ros/local/lib/python3.10/dist-packages/orb_slam2_ros/_orb_slam2_ros_s.ep.rosidl_typesupport_introspection_c.c
[5.900s] -- Up-to-date symlink: /home/wheeltec/wheeltec_ros2/install/orb_slam2_ros/local/lib/python3.10/dist-packages/orb_slam2_ros/liborb_slam2_ros__rosidl_generator_py.so
[5.901s] -- Up-to-date symlink: /home/wheeltec/wheeltec_ros2/install/orb_slam2_ros/local/lib/python3.10/dist-packages/orb_slam2_ros/orb_slam2_ros_s__rosidl_typesupport_c.cpython-310-aarch64-linux-gnu.so
[5.901s] -- Up-to-date symlink: /home/wheeltec/wheeltec_ros2/install/orb_slam2_ros/local/lib/python3.10/dist-packages/orb_slam2_ros/orb_slam2_ros_s__rosidl_typesupport_fastrtps_c.cpython-310-aarch64-linux-gnu.so
[5.901s] -- Up-to-date symlink: /home/wheeltec/wheeltec_ros2/install/orb_slam2_ros/local/lib/python3.10/dist-packages/orb_slam2_ros/orb_slam2_ros_s__rosidl_typesupport_introspection_c.cpython-310-aarch64-linux-gnu.so
[5.901s] -- Up-to-date symlink: /home/wheeltec/wheeltec_ros2/install/orb_slam2_ros/local/lib/python3.10/dist-packages/orb_slam2_ros/srv/__init__.py
[5.901s] -- Up-to-date symlink: /home/wheeltec/wheeltec_ros2/install/orb_slam2_ros/local/lib/python3.10/dist-packages/orb_slam2_ros/srv/_save_cloud.py
[5.901s] -- Up-to-date symlink: /home/wheeltec/wheeltec_ros2/install/orb_slam2_ros/local/lib/python3.10/dist-packages/orb_slam2_ros/srv/_save_cloud_s.c
[5.901s] -- Up-to-date symlink: /home/wheeltec/wheeltec_ros2/install/orb_slam2_ros/local/lib/python3.10/dist-packages/orb_slam2_ros/srv/_save_map.py
[5.901s] -- Up-to-date symlink: /home/wheeltec/wheeltec_ros2/install/orb_slam2_ros/local/lib/python3.10/dist-packages/orb_slam2_ros/srv/_save_map_s.c
[5.901s] -- Up-to-date symlink: /home/wheeltec/wheeltec_ros2/install/orb_slam2_ros/local/lib/python3.10/dist-packages/orb_slam2_ros/orb_slam2_ros_s__rosidl_typesupport_fastrtps_c.cpython-310-aarch64-linux-gnu.so
[5.901s] -- Up-to-date symlink: /home/wheeltec/wheeltec_ros2/install/orb_slam2_ros/local/lib/python3.10/dist-packages/orb_slam2_ros/orb_slam2_ros_s__rosidl_typesupport_introspection_c.cpython-310-aarch64-linux-gnu.so
[5.901s] -- Up-to-date symlink: /home/wheeltec/wheeltec_ros2/install/orb_slam2_ros/local/lib/python3.10/dist-packages/orb_slam2_ros/orb_slam2_ros_s__rosidl_typesupport_c.cpython-310-aarch64-linux-gnu.so
[5.901s] -- Up-to-date symlink: /home/wheeltec/wheeltec_ros2/install/orb_slam2_ros/share/orb_slam2_ros/srv/SaveMap.idl
[5.902s] -- Up-to-date symlink: /home/wheeltec/wheeltec_ros2/install/orb_slam2_ros/share/orb_slam2_ros/srv/SaveCloud.idl
[5.902s] -- Up-to-date symlink: /home/wheeltec/wheeltec_ros2/install/orb_slam2_ros/share/orb_slam2_ros/srv/SaveMap.srv
[5.902s] -- Up-to-date symlink: /home/wheeltec/wheeltec_ros2/install/orb_slam2_ros/share/orb_slam2_ros/srv/SaveMap_Request.msg
[5.902s] -- Up-to-date symlink: /home/wheeltec/wheeltec_ros2/install/orb_slam2_ros/share/orb_slam2_ros/srv/SaveMap_Response.msg
[5.902s] -- Up-to-date symlink: /home/wheeltec/wheeltec_ros2/install/orb_slam2_ros/share/orb_slam2_ros/srv/SaveCloud.srv
[5.902s] -- Up-to-date symlink: /home/wheeltec/wheeltec_ros2/install/orb_slam2_ros/share/orb_slam2_ros/srv/SaveCloud_Request.msg
[5.902s] -- Up-to-date symlink: /home/wheeltec/wheeltec_ros2/install/orb_slam2_ros/share/orb_slam2_ros/srv/SaveCloud_Response.msg
[5.902s] -- Up-to-date symlink: /home/wheeltec/wheeltec_ros2/install/orb_slam2_ros/lib/orb_slam2_ros/orb_slam2_ros_rgbd
[5.902s] -- Up-to-date symlink: /home/wheeltec/wheeltec_ros2/install/orb_slam2_ros/lib/liborb_slam2_ros_core.so
[5.902s] -- Up-to-date symlink: /home/wheeltec/wheeltec_ros2/install/orb_slam2_ros/lib/libDBoW2.so
[5.915s] -- Up-to-date symlink: /home/wheeltec/wheeltec_ros2/install/orb_slam2_ros/lib/libg2o.so
[5.915s] -- Up-to-date symlink: /home/wheeltec/wheeltec_ros2/install/orb_slam2_ros/share/orb_slam2_ros/ros/launch/orb_slam2_Astra_rgbd_launch.py
[5.916s] -- Up-to-date symlink: /home/wheeltec/wheeltec_ros2/install/orb_slam2_ros/share/orb_slam2_ros/ros/launch/orb_slam2_Gemini_rgb_launch.py
[5.916s] -- Up-to-date symlink: /home/wheeltec/wheeltec_ros2/install/orb_slam2_ros/share/orb_slam2_ros/ros/launch/orb_slam2_d435_mono_launch.py
[5.916s] -- Up-to-date symlink: /home/wheeltec/wheeltec_ros2/install/orb_slam2_ros/share/orb_slam2_ros/ros/launch/orb_slam2_d435_rgbd_launch.py
[5.916s] -- Up-to-date symlink: /home/wheeltec/wheeltec_ros2/install/orb_slam2_ros/share/orb_slam2_ros/ros/launch/orb_slam2_t265_mono_launch.py
[5.916s] -- Up-to-date symlink: /home/wheeltec/wheeltec_ros2/install/orb_slam2_ros/share/orb_slam2_ros/ros/launch/orb_slam2_t265_stereo_launch.py
[5.916s] -- Up-to-date symlink: /home/wheeltec/wheeltec_ros2/install/orb_slam2_ros/share/orb_slam2_ros/ros/config/octomap_server.yaml
[5.916s] -- Up-to-date symlink: /home/wheeltec/wheeltec_ros2/install/orb_slam2_ros/share/orb_slam2_ros/ros/config/params_Astra_rgbd.yaml
[5.916s] -- Up-to-date symlink: /home/wheeltec/wheeltec_ros2/install/orb_slam2_ros/share/orb_slam2_ros/ros/config/params_Gemini_rgbd.yaml
[5.916s] -- Up-to-date symlink: /home/wheeltec/wheeltec_ros2/install/orb_slam2_ros/share/orb_slam2_ros/ros/config/params_d435_mono.yaml
[5.916s] -- Up-to-date symlink: /home/wheeltec/wheeltec_ros2/install/orb_slam2_ros/share/orb_slam2_ros/ros/config/params_d435_rgbd.yaml
[5.917s] -- Up-to-date symlink: /home/wheeltec/wheeltec_ros2/install/orb_slam2_ros/share/orb_slam2_ros/ros/config/params_t265_mono.yaml
[5.917s] -- Up-to-date symlink: /home/wheeltec/wheeltec_ros2/install/orb_slam2_ros/share/orb_slam2_ros/ros/config/params_t265_stereo.yaml
[5.917s] -- Up-to-date symlink: /home/wheeltec/wheeltec_ros2/install/orb_slam2_ros/share/orb_slam2_ros/ros/config/rviz_config.rviz
[5.917s] -- Up-to-date symlink: /home/wheeltec/wheeltec_ros2/install/orb_slam2_ros/share/orb_slam2_ros/orb_slam2/Vocabulary/ORBvoc.txt.bin
[5.917s] -- Up-to-date symlink: /home/wheeltec/wheeltec_ros2/install/orb_slam2_ros/share/orb_slam2_ros/orb_slam2/Vocabulary/ORBvoc.txt.tar.gz
[5.917s] -- Up-to-date symlink: /home/wheeltec/wheeltec_ros2/install/orb_slam2_ros/share/ament_index/resource_index/package_run_dependencies/orb_slam2_ros
[5.917s] -- Up-to-date symlink: /home/wheeltec/wheeltec_ros2/install/orb_slam2_ros/share/ament_index/resource_index/parent_prefix_path/orb_slam2_ros
[5.917s] -- Up-to-date symlink: /home/wheeltec/wheeltec_ros2/install/orb_slam2_ros/share/orb_slam2_ros/environment/ament_prefix_path.sh
[5.917s] -- Up-to-date symlink: /home/wheeltec/wheeltec_ros2/install/orb_slam2_ros/share/orb_slam2_ros/environment/ament_prefix_path.dsv
[5.917s] -- Up-to-date symlink: /home/wheeltec/wheeltec_ros2/install/orb_slam2_ros/share/orb_slam2_ros/environment/path.sh
[5.917s] -- Up-to-date symlink: /home/wheeltec/wheeltec_ros2/install/orb_slam2_ros/share/orb_slam2_ros/environment/path.dsv
[5.918s] -- Up-to-date symlink: /home/wheeltec/wheeltec_ros2/install/orb_slam2_ros/share/orb_slam2_ros/local_setup.bash
[5.918s] -- Up-to-date symlink: /home/wheeltec/wheeltec_ros2/install/orb_slam2_ros/share/orb_slam2_ros/local_setup.sh
[5.918s] -- Up-to-date symlink: /home/wheeltec/wheeltec_ros2/install/orb_slam2_ros/share/orb_slam2_ros/local_setup.zsh
[5.918s] -- Up-to-date symlink: /home/wheeltec/wheeltec_ros2/install/orb_slam2_ros/share/orb_slam2_ros/local_setup.dsv
[5.918s] -- Symlinking: /home/wheeltec/wheeltec_ros2/install/orb_slam2_ros/share/orb_slam2_ros/package.dsv
[5.918s] -- Up-to-date symlink: /home/wheeltec/wheeltec_ros2/install/orb_slam2_ros/share/ament_index/resource_index/packages/orb_slam2_ros
[5.918s] -- Up-to-date symlink: /home/wheeltec/wheeltec_ros2/install/orb_slam2_ros/share/orb_slam2_ros/cmake/rosidl_cmake-extras.cmake
[5.918s] -- Up-to-date symlink: /home/wheeltec/wheeltec_ros2/install/orb_slam2_ros/share/orb_slam2_ros/cmake/ament_cmake_export_dependencies-extras.cmake
[5.918s] -- Up-to-date symlink: /home/wheeltec/wheeltec_ros2/install/orb_slam2_ros/share/orb_slam2_ros/cmake/ament_cmake_export_include_directories-extras.cmake
[5.918s] -- Up-to-date symlink: /home/wheeltec/wheeltec_ros2/install/orb_slam2_ros/share/orb_slam2_ros/cmake/ament_cmake_export_libraries-extras.cmake
[5.918s] -- Up-to-date symlink: /home/wheeltec/wheeltec_ros2/install/orb_slam2_ros/share/orb_slam2_ros/cmake/ament_cmake_export_targets-extras.cmake
[5.919s] -- Up-to-date symlink: /home/wheeltec/wheeltec_ros2/install/orb_slam2_ros/share/orb_slam2_ros/cmake/rosidl_cmake_export_typesupport_targets-extras.cmake
[5.919s] -- Up-to-date symlink: /home/wheeltec/wheeltec_ros2/install/orb_slam2_ros/share/orb_slam2_ros/cmake/rosidl_cmake_export_typesupport_libraries-extras.cmake
[5.919s] -- Up-to-date symlink: /home/wheeltec/wheeltec_ros2/install/orb_slam2_ros/share/orb_slam2_ros/cmake/orb_slam2_rosConfig.cmake
[5.919s] -- Up-to-date symlink: /home/wheeltec/wheeltec_ros2/install/orb_slam2_ros/share/orb_slam2_ros/cmake/orb_slam2_rosConfig-version.cmake
[5.919s] -- Up-to-date symlink: /home/wheeltec/wheeltec_ros2/install/orb_slam2_ros/share/orb_slam2_ros/package.xml
[5.919s] -- Up-to-date: /home/wheeltec/wheeltec_ros2/install/orb_slam2_ros/lib/liborb_slam2_ros__rosidl_generator_c.so
[5.919s] -- Up-to-date: /home/wheeltec/wheeltec_ros2/install/orb_slam2_ros/lib/liborb_slam2_ros__rosidl_typesupport_fastrtps_c.so
[5.919s] -- Up-to-date: /home/wheeltec/wheeltec_ros2/install/orb_slam2_ros/lib/liborb_slam2_ros__rosidl_typesupport_fastrtps_cpp.so
[5.919s] -- Up-to-date: /home/wheeltec/wheeltec_ros2/install/orb_slam2_ros/lib/liborb_slam2_ros__rosidl_typesupport_introspection_c.so
[5.919s] -- Up-to-date: /home/wheeltec/wheeltec_ros2/install/orb_slam2_ros/lib/liborb_slam2_ros__rosidl_typesupport_c.so
[5.919s] -- Up-to-date: /home/wheeltec/wheeltec_ros2/install/orb_slam2_ros/lib/liborb_slam2_ros__rosidl_typesupport_introspection_cpp.so
[5.920s] -- Up-to-date: /home/wheeltec/wheeltec_ros2/install/orb_slam2_ros/lib/liborb_slam2_ros__rosidl_typesupport_cpp.so
[6.099s] Listing '/home/wheeltec/wheeltec_ros2/install/orb_slam2_ros/local/lib/python3.10/dist-packages/orb_slam2_ros'...
[6.099s] Listing '/home/wheeltec/wheeltec_ros2/install/orb_slam2_ros/local/lib/python3.10/dist-packages/orb_slam2_ros/srv'...
[6.124s] -- Up-to-date: /home/wheeltec/wheeltec_ros2/install/orb_slam2_ros/lib/liborb_slam2_ros__rosidl_generator_py.so
[6.125s] -- Up-to-date: /home/wheeltec/wheeltec_ros2/install/orb_slam2_ros/share/orb_slam2_ros/cmake/export_orb_slam2_ros__rosidl_generator_cExport.cmake
[6.125s] -- Up-to-date: /home/wheeltec/wheeltec_ros2/install/orb_slam2_ros/share/orb_slam2_ros/cmake/export_orb_slam2_ros__rosidl_generator_cExport-release.cmake
[6.126s] -- Up-to-date: /home/wheeltec/wheeltec_ros2/install/orb_slam2_ros/share/orb_slam2_ros/cmake/export_orb_slam2_ros__rosidl_typesupport_fastrtps_cExport.cmake
[6.126s] -- Up-to-date: /home/wheeltec/wheeltec_ros2/install/orb_slam2_ros/share/orb_slam2_ros/cmake/export_orb_slam2_ros__rosidl_typesupport_fastrtps_cExport-release.cmake
[6.126s] -- Up-to-date: /home/wheeltec/wheeltec_ros2/install/orb_slam2_ros/share/orb_slam2_ros/cmake/export_orb_slam2_ros__rosidl_generator_cppExport.cmake
[6.127s] -- Up-to-date: /home/wheeltec/wheeltec_ros2/install/orb_slam2_ros/share/orb_slam2_ros/cmake/export_orb_slam2_ros__rosidl_typesupport_fastrtps_cppExport.cmake
[6.127s] -- Up-to-date: /home/wheeltec/wheeltec_ros2/install/orb_slam2_ros/share/orb_slam2_ros/cmake/export_orb_slam2_ros__rosidl_typesupport_fastrtps_cppExport-release.cmake
[6.128s] -- Up-to-date: /home/wheeltec/wheeltec_ros2/install/orb_slam2_ros/share/orb_slam2_ros/cmake/orb_slam2_ros__rosidl_typesupport_introspection_cExport.cmake
[6.128s] -- Up-to-date: /home/wheeltec/wheeltec_ros2/install/orb_slam2_ros/share/orb_slam2_ros/cmake/orb_slam2_ros__rosidl_typesupport_introspection_cExport-release.cmake
[6.132s] -- Up-to-date: /home/wheeltec/wheeltec_ros2/install/orb_slam2_ros/share/orb_slam2_ros/cmake/orb_slam2_ros__rosidl_typesupport_cExport.cmake
[6.132s] -- Up-to-date: /home/wheeltec/wheeltec_ros2/install/orb_slam2_ros/share/orb_slam2_ros/cmake/orb_slam2_ros__rosidl_typesupport_cExport-release.cmake
[6.133s] -- Up-to-date: /home/wheeltec/wheeltec_ros2/install/orb_slam2_ros/share/orb_slam2_ros/cmake/orb_slam2_ros__rosidl_typesupport_introspection_cppExport.cmake
[6.133s] -- Up-to-date: /home/wheeltec/wheeltec_ros2/install/orb_slam2_ros/share/orb_slam2_ros/cmake/orb_slam2_ros__rosidl_typesupport_introspection_cppExport-release.cmake
[6.133s] -- Up-to-date: /home/wheeltec/wheeltec_ros2/install/orb_slam2_ros/share/orb_slam2_ros/cmake/orb_slam2_ros__rosidl_typesupport_cppExport.cmake
[6.133s] -- Up-to-date: /home/wheeltec/wheeltec_ros2/install/orb_slam2_ros/share/orb_slam2_ros/cmake/orb_slam2_ros__rosidl_typesupport_cppExport-release.cmake
[6.133s] -- Up-to-date: /home/wheeltec/wheeltec_ros2/install/orb_slam2_ros/share/orb_slam2_ros/cmake/export_orb_slam2_ros__rosidl_generator_pyExport.cmake
[6.133s] -- Up-to-date: /home/wheeltec/wheeltec_ros2/install/orb_slam2_ros/share/orb_slam2_ros/cmake/export_orb_slam2_ros__rosidl_generator_pyExport-release.cmake
[7.618s] Invoked command in '/home/wheeltec/wheeltec_ros2/build/orb_slam2_ros' returned '0': CMAKE_PREFIX_PATH=${CMAKE_PREFIX_PATH}:/home/wheeltec/wheeltec_ros2/install/wheeltec_robot_keyboard:/home/wheeltec/wheeltec_ros2/install/wheeltec_dual_rtk_driver:/home/wheeltec/wheeltec_ros2/install/ultralytics_ros2:/home/wheeltec/wheeltec_ros2/install/tf2_tools:/home/wheeltec/wheeltec_ros2/install/nav2_waypoint_cycle:/home/wheeltec/wheeltec_ros2/install/nav2_simple_commander:/home/wheeltec/wheeltec_ros2/install/auto_recharge_ros2:/home/wheeltec/autoware/install/autoware_wheeltec_interface:/home/wheeltec/autoware/install/ad_api_visualizers:/opt/ros/humble /usr/bin/cmake --install /home/wheeltec/wheeltec_ros2/build/orb_slam2_ros
