[2.252s] Invoking command in '/home/wheeltec/wheeltec_ros2/build/auto_recharge_ros2': PYTHONPATH=/home/wheeltec/wheeltec_ros2/build/auto_recharge_ros2/prefix_override:/usr/lib/python3/dist-packages/colcon_core/task/python/colcon_distutils_commands:/home/wheeltec/wheeltec_ros2/install/auto_recharge_ros2/lib/python3.10/site-packages:${PYTHONPATH} /usr/bin/python3 -W ignore:setup.py install is deprecated -W ignore:easy_install command is deprecated setup.py develop --editable --build-directory /home/wheeltec/wheeltec_ros2/build/auto_recharge_ros2/build --no-deps symlink_data
[5.899s] running develop
[5.900s] running egg_info
[5.900s] creating auto_recharge_ros2.egg-info
[5.900s] writing auto_recharge_ros2.egg-info/PKG-INFO
[5.900s] writing dependency_links to auto_recharge_ros2.egg-info/dependency_links.txt
[5.900s] writing entry points to auto_recharge_ros2.egg-info/entry_points.txt
[5.900s] writing requirements to auto_recharge_ros2.egg-info/requires.txt
[5.900s] writing top-level names to auto_recharge_ros2.egg-info/top_level.txt
[5.900s] writing manifest file 'auto_recharge_ros2.egg-info/SOURCES.txt'
[5.900s] reading manifest file 'auto_recharge_ros2.egg-info/SOURCES.txt'
[5.900s] writing manifest file 'auto_recharge_ros2.egg-info/SOURCES.txt'
[5.901s] running build_ext
[5.901s] Creating /home/wheeltec/wheeltec_ros2/install/auto_recharge_ros2/lib/python3.10/site-packages/auto-recharge-ros2.egg-link (link to .)
[5.901s] Installing auto_recharge script to /home/wheeltec/wheeltec_ros2/install/auto_recharge_ros2/lib/auto_recharge_ros2
[5.901s] 
[5.901s] Installed /home/wheeltec/wheeltec_ros2/build/auto_recharge_ros2
[5.901s] running symlink_data
[5.901s] creating /home/wheeltec/wheeltec_ros2/install/auto_recharge_ros2/share/ament_index
[5.901s] creating /home/wheeltec/wheeltec_ros2/install/auto_recharge_ros2/share/ament_index/resource_index
[5.901s] creating /home/wheeltec/wheeltec_ros2/install/auto_recharge_ros2/share/ament_index/resource_index/packages
[5.901s] symbolically linking /home/wheeltec/wheeltec_ros2/build/auto_recharge_ros2/resource/auto_recharge_ros2 -> /home/wheeltec/wheeltec_ros2/install/auto_recharge_ros2/share/ament_index/resource_index/packages
[5.901s] symbolically linking /home/wheeltec/wheeltec_ros2/build/auto_recharge_ros2/package.xml -> /home/wheeltec/wheeltec_ros2/install/auto_recharge_ros2/share/auto_recharge_ros2
[5.913s] Invoked command in '/home/wheeltec/wheeltec_ros2/build/auto_recharge_ros2' returned '0': PYTHONPATH=/home/wheeltec/wheeltec_ros2/build/auto_recharge_ros2/prefix_override:/usr/lib/python3/dist-packages/colcon_core/task/python/colcon_distutils_commands:/home/wheeltec/wheeltec_ros2/install/auto_recharge_ros2/lib/python3.10/site-packages:${PYTHONPATH} /usr/bin/python3 -W ignore:setup.py install is deprecated -W ignore:easy_install command is deprecated setup.py develop --editable --build-directory /home/wheeltec/wheeltec_ros2/build/auto_recharge_ros2/build --no-deps symlink_data
