[0.150s] Invoking command in '/home/wheeltec/wheeltec_ros2/build/bodyreader_msg': CMAKE_PREFIX_PATH=${CMAKE_PREFIX_PATH}:/home/wheeltec/wheeltec_ros2/install/wheeltec_dual_rtk_driver:/home/wheeltec/wheeltec_ros2/install/ultralytics_ros2:/home/wheeltec/wheeltec_ros2/install/tf2_tools:/home/wheeltec/wheeltec_ros2/install/nav2_waypoint_cycle:/home/wheeltec/wheeltec_ros2/install/nav2_simple_commander:/home/wheeltec/wheeltec_ros2/install/auto_recharge_ros2:/home/wheeltec/autoware/install/autoware_wheeltec_interface:/home/wheeltec/autoware/install/ad_api_visualizers:/opt/ros/humble /usr/bin/cmake --build /home/wheeltec/wheeltec_ros2/build/bodyreader_msg -- -j6 -l6
[0.463s] [  1%] Built target bodyreader_msg__cpp
[0.496s] [ 12%] Built target bodyreader_msg__rosidl_generator_c
[0.515s] [ 12%] Built target ament_cmake_python_symlink_bodyreader_msg
[0.580s] [ 24%] Built target bodyreader_msg__rosidl_typesupport_introspection_cpp
[0.627s] [ 35%] Built target bodyreader_msg__rosidl_typesupport_cpp
[0.658s] [ 47%] Built target bodyreader_msg__rosidl_typesupport_c
[0.678s] [ 58%] Built target bodyreader_msg__rosidl_typesupport_fastrtps_cpp
[0.695s] [ 72%] Built target bodyreader_msg__rosidl_typesupport_introspection_c
[0.698s] [ 82%] Built target bodyreader_msg__rosidl_typesupport_fastrtps_c
[0.802s] [ 82%] Built target bodyreader_msg
[0.866s] [ 83%] Built target bodyreader_msg__py
[1.022s] [ 93%] Built target bodyreader_msg__rosidl_generator_py
[1.147s] [ 97%] Built target bodyreader_msg__rosidl_typesupport_introspection_c__pyext
[1.153s] [ 97%] Built target bodyreader_msg__rosidl_typesupport_fastrtps_c__pyext
[1.195s] [100%] Built target bodyreader_msg__rosidl_typesupport_c__pyext
[1.677s] running egg_info
[1.684s] writing bodyreader_msg.egg-info/PKG-INFO
[1.684s] writing dependency_links to bodyreader_msg.egg-info/dependency_links.txt
[1.684s] writing top-level names to bodyreader_msg.egg-info/top_level.txt
[1.691s] reading manifest file 'bodyreader_msg.egg-info/SOURCES.txt'
[1.692s] writing manifest file 'bodyreader_msg.egg-info/SOURCES.txt'
[1.882s] [100%] Built target ament_cmake_python_build_bodyreader_msg_egg
[1.942s] Invoked command in '/home/wheeltec/wheeltec_ros2/build/bodyreader_msg' returned '0': CMAKE_PREFIX_PATH=${CMAKE_PREFIX_PATH}:/home/wheeltec/wheeltec_ros2/install/wheeltec_dual_rtk_driver:/home/wheeltec/wheeltec_ros2/install/ultralytics_ros2:/home/wheeltec/wheeltec_ros2/install/tf2_tools:/home/wheeltec/wheeltec_ros2/install/nav2_waypoint_cycle:/home/wheeltec/wheeltec_ros2/install/nav2_simple_commander:/home/wheeltec/wheeltec_ros2/install/auto_recharge_ros2:/home/wheeltec/autoware/install/autoware_wheeltec_interface:/home/wheeltec/autoware/install/ad_api_visualizers:/opt/ros/humble /usr/bin/cmake --build /home/wheeltec/wheeltec_ros2/build/bodyreader_msg -- -j6 -l6
[1.948s] Invoking command in '/home/wheeltec/wheeltec_ros2/build/bodyreader_msg': CMAKE_PREFIX_PATH=${CMAKE_PREFIX_PATH}:/home/wheeltec/wheeltec_ros2/install/wheeltec_dual_rtk_driver:/home/wheeltec/wheeltec_ros2/install/ultralytics_ros2:/home/wheeltec/wheeltec_ros2/install/tf2_tools:/home/wheeltec/wheeltec_ros2/install/nav2_waypoint_cycle:/home/wheeltec/wheeltec_ros2/install/nav2_simple_commander:/home/wheeltec/wheeltec_ros2/install/auto_recharge_ros2:/home/wheeltec/autoware/install/autoware_wheeltec_interface:/home/wheeltec/autoware/install/ad_api_visualizers:/opt/ros/humble /usr/bin/cmake --install /home/wheeltec/wheeltec_ros2/build/bodyreader_msg
[1.965s] -- Install configuration: ""
[1.969s] -- Execute custom install script
[1.973s] -- Up-to-date symlink: /home/wheeltec/wheeltec_ros2/install/bodyreader_msg/share/ament_index/resource_index/rosidl_interfaces/bodyreader_msg
[1.978s] -- Up-to-date symlink: /home/wheeltec/wheeltec_ros2/install/bodyreader_msg/include/bodyreader_msg/bodyreader_msg/msg/body.h
[1.980s] -- Up-to-date symlink: /home/wheeltec/wheeltec_ros2/install/bodyreader_msg/include/bodyreader_msg/bodyreader_msg/msg/bodylist.h
[1.981s] -- Up-to-date symlink: /home/wheeltec/wheeltec_ros2/install/bodyreader_msg/include/bodyreader_msg/bodyreader_msg/msg/bodyposture.h
[1.983s] -- Up-to-date symlink: /home/wheeltec/wheeltec_ros2/install/bodyreader_msg/include/bodyreader_msg/bodyreader_msg/msg/detail/body__functions.h
[1.984s] -- Up-to-date symlink: /home/wheeltec/wheeltec_ros2/install/bodyreader_msg/include/bodyreader_msg/bodyreader_msg/msg/detail/body__struct.h
[1.984s] -- Up-to-date symlink: /home/wheeltec/wheeltec_ros2/install/bodyreader_msg/include/bodyreader_msg/bodyreader_msg/msg/detail/body__type_support.h
[1.985s] -- Up-to-date symlink: /home/wheeltec/wheeltec_ros2/install/bodyreader_msg/include/bodyreader_msg/bodyreader_msg/msg/detail/bodylist__functions.h
[1.985s] -- Up-to-date symlink: /home/wheeltec/wheeltec_ros2/install/bodyreader_msg/include/bodyreader_msg/bodyreader_msg/msg/detail/bodylist__struct.h
[1.985s] -- Up-to-date symlink: /home/wheeltec/wheeltec_ros2/install/bodyreader_msg/include/bodyreader_msg/bodyreader_msg/msg/detail/bodylist__type_support.h
[1.986s] -- Up-to-date symlink: /home/wheeltec/wheeltec_ros2/install/bodyreader_msg/include/bodyreader_msg/bodyreader_msg/msg/detail/bodyposture__functions.h
[1.986s] -- Up-to-date symlink: /home/wheeltec/wheeltec_ros2/install/bodyreader_msg/include/bodyreader_msg/bodyreader_msg/msg/detail/bodyposture__struct.h
[1.986s] -- Up-to-date symlink: /home/wheeltec/wheeltec_ros2/install/bodyreader_msg/include/bodyreader_msg/bodyreader_msg/msg/detail/bodyposture__type_support.h
[1.987s] -- Up-to-date symlink: /home/wheeltec/wheeltec_ros2/install/bodyreader_msg/include/bodyreader_msg/bodyreader_msg/msg/detail/joint__functions.h
[1.987s] -- Up-to-date symlink: /home/wheeltec/wheeltec_ros2/install/bodyreader_msg/include/bodyreader_msg/bodyreader_msg/msg/detail/joint__struct.h
[1.988s] -- Up-to-date symlink: /home/wheeltec/wheeltec_ros2/install/bodyreader_msg/include/bodyreader_msg/bodyreader_msg/msg/detail/joint__type_support.h
[1.988s] -- Up-to-date symlink: /home/wheeltec/wheeltec_ros2/install/bodyreader_msg/include/bodyreader_msg/bodyreader_msg/msg/detail/lockedcharrgb__functions.h
[1.988s] -- Up-to-date symlink: /home/wheeltec/wheeltec_ros2/install/bodyreader_msg/include/bodyreader_msg/bodyreader_msg/msg/detail/lockedcharrgb__struct.h
[1.989s] -- Up-to-date symlink: /home/wheeltec/wheeltec_ros2/install/bodyreader_msg/include/bodyreader_msg/bodyreader_msg/msg/detail/lockedcharrgb__type_support.h
[1.989s] -- Up-to-date symlink: /home/wheeltec/wheeltec_ros2/install/bodyreader_msg/include/bodyreader_msg/bodyreader_msg/msg/detail/lockedmaskwh__functions.h
[1.990s] -- Up-to-date symlink: /home/wheeltec/wheeltec_ros2/install/bodyreader_msg/include/bodyreader_msg/bodyreader_msg/msg/detail/lockedmaskwh__struct.h
[1.990s] -- Up-to-date symlink: /home/wheeltec/wheeltec_ros2/install/bodyreader_msg/include/bodyreader_msg/bodyreader_msg/msg/detail/lockedmaskwh__type_support.h
[1.991s] -- Up-to-date symlink: /home/wheeltec/wheeltec_ros2/install/bodyreader_msg/include/bodyreader_msg/bodyreader_msg/msg/detail/maskdata__functions.h
[1.991s] -- Up-to-date symlink: /home/wheeltec/wheeltec_ros2/install/bodyreader_msg/include/bodyreader_msg/bodyreader_msg/msg/detail/maskdata__struct.h
[1.992s] -- Up-to-date symlink: /home/wheeltec/wheeltec_ros2/install/bodyreader_msg/include/bodyreader_msg/bodyreader_msg/msg/detail/maskdata__type_support.h
[1.992s] -- Up-to-date symlink: /home/wheeltec/wheeltec_ros2/install/bodyreader_msg/include/bodyreader_msg/bodyreader_msg/msg/detail/vector2f__functions.h
[1.992s] -- Up-to-date symlink: /home/wheeltec/wheeltec_ros2/install/bodyreader_msg/include/bodyreader_msg/bodyreader_msg/msg/detail/vector2f__struct.h
[1.992s] -- Up-to-date symlink: /home/wheeltec/wheeltec_ros2/install/bodyreader_msg/include/bodyreader_msg/bodyreader_msg/msg/detail/vector2f__type_support.h
[1.993s] -- Up-to-date symlink: /home/wheeltec/wheeltec_ros2/install/bodyreader_msg/include/bodyreader_msg/bodyreader_msg/msg/detail/vector3f__functions.h
[1.993s] -- Up-to-date symlink: /home/wheeltec/wheeltec_ros2/install/bodyreader_msg/include/bodyreader_msg/bodyreader_msg/msg/detail/vector3f__struct.h
[1.994s] -- Up-to-date symlink: /home/wheeltec/wheeltec_ros2/install/bodyreader_msg/include/bodyreader_msg/bodyreader_msg/msg/detail/vector3f__type_support.h
[1.994s] -- Up-to-date symlink: /home/wheeltec/wheeltec_ros2/install/bodyreader_msg/include/bodyreader_msg/bodyreader_msg/msg/joint.h
[1.994s] -- Up-to-date symlink: /home/wheeltec/wheeltec_ros2/install/bodyreader_msg/include/bodyreader_msg/bodyreader_msg/msg/lockedcharrgb.h
[1.995s] -- Up-to-date symlink: /home/wheeltec/wheeltec_ros2/install/bodyreader_msg/include/bodyreader_msg/bodyreader_msg/msg/lockedmaskwh.h
[1.995s] -- Up-to-date symlink: /home/wheeltec/wheeltec_ros2/install/bodyreader_msg/include/bodyreader_msg/bodyreader_msg/msg/maskdata.h
[1.995s] -- Up-to-date symlink: /home/wheeltec/wheeltec_ros2/install/bodyreader_msg/include/bodyreader_msg/bodyreader_msg/msg/rosidl_generator_c__visibility_control.h
[1.996s] -- Up-to-date symlink: /home/wheeltec/wheeltec_ros2/install/bodyreader_msg/include/bodyreader_msg/bodyreader_msg/msg/vector2f.h
[1.996s] -- Up-to-date symlink: /home/wheeltec/wheeltec_ros2/install/bodyreader_msg/include/bodyreader_msg/bodyreader_msg/msg/vector3f.h
[1.997s] -- Up-to-date symlink: /home/wheeltec/wheeltec_ros2/install/bodyreader_msg/share/bodyreader_msg/environment/library_path.sh
[1.997s] -- Up-to-date symlink: /home/wheeltec/wheeltec_ros2/install/bodyreader_msg/share/bodyreader_msg/environment/library_path.dsv
[1.998s] -- Up-to-date symlink: /home/wheeltec/wheeltec_ros2/install/bodyreader_msg/include/bodyreader_msg/bodyreader_msg/msg/detail/body__rosidl_typesupport_fastrtps_c.h
[1.998s] -- Up-to-date symlink: /home/wheeltec/wheeltec_ros2/install/bodyreader_msg/include/bodyreader_msg/bodyreader_msg/msg/detail/bodylist__rosidl_typesupport_fastrtps_c.h
[1.999s] -- Up-to-date symlink: /home/wheeltec/wheeltec_ros2/install/bodyreader_msg/include/bodyreader_msg/bodyreader_msg/msg/detail/bodyposture__rosidl_typesupport_fastrtps_c.h
[1.999s] -- Up-to-date symlink: /home/wheeltec/wheeltec_ros2/install/bodyreader_msg/include/bodyreader_msg/bodyreader_msg/msg/detail/joint__rosidl_typesupport_fastrtps_c.h
[1.999s] -- Up-to-date symlink: /home/wheeltec/wheeltec_ros2/install/bodyreader_msg/include/bodyreader_msg/bodyreader_msg/msg/detail/lockedcharrgb__rosidl_typesupport_fastrtps_c.h
[2.000s] -- Up-to-date symlink: /home/wheeltec/wheeltec_ros2/install/bodyreader_msg/include/bodyreader_msg/bodyreader_msg/msg/detail/lockedmaskwh__rosidl_typesupport_fastrtps_c.h
[2.000s] -- Up-to-date symlink: /home/wheeltec/wheeltec_ros2/install/bodyreader_msg/include/bodyreader_msg/bodyreader_msg/msg/detail/maskdata__rosidl_typesupport_fastrtps_c.h
[2.000s] -- Up-to-date symlink: /home/wheeltec/wheeltec_ros2/install/bodyreader_msg/include/bodyreader_msg/bodyreader_msg/msg/detail/vector2f__rosidl_typesupport_fastrtps_c.h
[2.000s] -- Up-to-date symlink: /home/wheeltec/wheeltec_ros2/install/bodyreader_msg/include/bodyreader_msg/bodyreader_msg/msg/detail/vector3f__rosidl_typesupport_fastrtps_c.h
[2.001s] -- Up-to-date symlink: /home/wheeltec/wheeltec_ros2/install/bodyreader_msg/include/bodyreader_msg/bodyreader_msg/msg/rosidl_typesupport_fastrtps_c__visibility_control.h
[2.002s] -- Up-to-date symlink: /home/wheeltec/wheeltec_ros2/install/bodyreader_msg/include/bodyreader_msg/bodyreader_msg/msg/body.hpp
[2.002s] -- Up-to-date symlink: /home/wheeltec/wheeltec_ros2/install/bodyreader_msg/include/bodyreader_msg/bodyreader_msg/msg/bodylist.hpp
[2.003s] -- Up-to-date symlink: /home/wheeltec/wheeltec_ros2/install/bodyreader_msg/include/bodyreader_msg/bodyreader_msg/msg/bodyposture.hpp
[2.003s] -- Up-to-date symlink: /home/wheeltec/wheeltec_ros2/install/bodyreader_msg/include/bodyreader_msg/bodyreader_msg/msg/detail/body__builder.hpp
[2.003s] -- Up-to-date symlink: /home/wheeltec/wheeltec_ros2/install/bodyreader_msg/include/bodyreader_msg/bodyreader_msg/msg/detail/body__struct.hpp
[2.003s] -- Up-to-date symlink: /home/wheeltec/wheeltec_ros2/install/bodyreader_msg/include/bodyreader_msg/bodyreader_msg/msg/detail/body__traits.hpp
[2.004s] -- Up-to-date symlink: /home/wheeltec/wheeltec_ros2/install/bodyreader_msg/include/bodyreader_msg/bodyreader_msg/msg/detail/body__type_support.hpp
[2.004s] -- Up-to-date symlink: /home/wheeltec/wheeltec_ros2/install/bodyreader_msg/include/bodyreader_msg/bodyreader_msg/msg/detail/bodylist__builder.hpp
[2.004s] -- Up-to-date symlink: /home/wheeltec/wheeltec_ros2/install/bodyreader_msg/include/bodyreader_msg/bodyreader_msg/msg/detail/bodylist__struct.hpp
[2.005s] -- Up-to-date symlink: /home/wheeltec/wheeltec_ros2/install/bodyreader_msg/include/bodyreader_msg/bodyreader_msg/msg/detail/bodylist__traits.hpp
[2.005s] -- Up-to-date symlink: /home/wheeltec/wheeltec_ros2/install/bodyreader_msg/include/bodyreader_msg/bodyreader_msg/msg/detail/bodylist__type_support.hpp
[2.005s] -- Up-to-date symlink: /home/wheeltec/wheeltec_ros2/install/bodyreader_msg/include/bodyreader_msg/bodyreader_msg/msg/detail/bodyposture__builder.hpp
[2.005s] -- Up-to-date symlink: /home/wheeltec/wheeltec_ros2/install/bodyreader_msg/include/bodyreader_msg/bodyreader_msg/msg/detail/bodyposture__struct.hpp
[2.006s] -- Up-to-date symlink: /home/wheeltec/wheeltec_ros2/install/bodyreader_msg/include/bodyreader_msg/bodyreader_msg/msg/detail/bodyposture__traits.hpp
[2.006s] -- Up-to-date symlink: /home/wheeltec/wheeltec_ros2/install/bodyreader_msg/include/bodyreader_msg/bodyreader_msg/msg/detail/bodyposture__type_support.hpp
[2.006s] -- Up-to-date symlink: /home/wheeltec/wheeltec_ros2/install/bodyreader_msg/include/bodyreader_msg/bodyreader_msg/msg/detail/joint__builder.hpp
[2.007s] -- Up-to-date symlink: /home/wheeltec/wheeltec_ros2/install/bodyreader_msg/include/bodyreader_msg/bodyreader_msg/msg/detail/joint__struct.hpp
[2.007s] -- Up-to-date symlink: /home/wheeltec/wheeltec_ros2/install/bodyreader_msg/include/bodyreader_msg/bodyreader_msg/msg/detail/joint__traits.hpp
[2.007s] -- Up-to-date symlink: /home/wheeltec/wheeltec_ros2/install/bodyreader_msg/include/bodyreader_msg/bodyreader_msg/msg/detail/joint__type_support.hpp
[2.007s] -- Up-to-date symlink: /home/wheeltec/wheeltec_ros2/install/bodyreader_msg/include/bodyreader_msg/bodyreader_msg/msg/detail/lockedcharrgb__builder.hpp
[2.008s] -- Up-to-date symlink: /home/wheeltec/wheeltec_ros2/install/bodyreader_msg/include/bodyreader_msg/bodyreader_msg/msg/detail/lockedcharrgb__struct.hpp
[2.008s] -- Up-to-date symlink: /home/wheeltec/wheeltec_ros2/install/bodyreader_msg/include/bodyreader_msg/bodyreader_msg/msg/detail/lockedcharrgb__traits.hpp
[2.008s] -- Up-to-date symlink: /home/wheeltec/wheeltec_ros2/install/bodyreader_msg/include/bodyreader_msg/bodyreader_msg/msg/detail/lockedcharrgb__type_support.hpp
[2.009s] -- Up-to-date symlink: /home/wheeltec/wheeltec_ros2/install/bodyreader_msg/include/bodyreader_msg/bodyreader_msg/msg/detail/lockedmaskwh__builder.hpp
[2.009s] -- Up-to-date symlink: /home/wheeltec/wheeltec_ros2/install/bodyreader_msg/include/bodyreader_msg/bodyreader_msg/msg/detail/lockedmaskwh__struct.hpp
[2.009s] -- Up-to-date symlink: /home/wheeltec/wheeltec_ros2/install/bodyreader_msg/include/bodyreader_msg/bodyreader_msg/msg/detail/lockedmaskwh__traits.hpp
[2.009s] -- Up-to-date symlink: /home/wheeltec/wheeltec_ros2/install/bodyreader_msg/include/bodyreader_msg/bodyreader_msg/msg/detail/lockedmaskwh__type_support.hpp
[2.010s] -- Up-to-date symlink: /home/wheeltec/wheeltec_ros2/install/bodyreader_msg/include/bodyreader_msg/bodyreader_msg/msg/detail/maskdata__builder.hpp
[2.010s] -- Up-to-date symlink: /home/wheeltec/wheeltec_ros2/install/bodyreader_msg/include/bodyreader_msg/bodyreader_msg/msg/detail/maskdata__struct.hpp
[2.010s] -- Up-to-date symlink: /home/wheeltec/wheeltec_ros2/install/bodyreader_msg/include/bodyreader_msg/bodyreader_msg/msg/detail/maskdata__traits.hpp
[2.011s] -- Up-to-date symlink: /home/wheeltec/wheeltec_ros2/install/bodyreader_msg/include/bodyreader_msg/bodyreader_msg/msg/detail/maskdata__type_support.hpp
[2.011s] -- Up-to-date symlink: /home/wheeltec/wheeltec_ros2/install/bodyreader_msg/include/bodyreader_msg/bodyreader_msg/msg/detail/vector2f__builder.hpp
[2.011s] -- Up-to-date symlink: /home/wheeltec/wheeltec_ros2/install/bodyreader_msg/include/bodyreader_msg/bodyreader_msg/msg/detail/vector2f__struct.hpp
[2.011s] -- Up-to-date symlink: /home/wheeltec/wheeltec_ros2/install/bodyreader_msg/include/bodyreader_msg/bodyreader_msg/msg/detail/vector2f__traits.hpp
[2.012s] -- Up-to-date symlink: /home/wheeltec/wheeltec_ros2/install/bodyreader_msg/include/bodyreader_msg/bodyreader_msg/msg/detail/vector2f__type_support.hpp
[2.012s] -- Up-to-date symlink: /home/wheeltec/wheeltec_ros2/install/bodyreader_msg/include/bodyreader_msg/bodyreader_msg/msg/detail/vector3f__builder.hpp
[2.012s] -- Up-to-date symlink: /home/wheeltec/wheeltec_ros2/install/bodyreader_msg/include/bodyreader_msg/bodyreader_msg/msg/detail/vector3f__struct.hpp
[2.013s] -- Up-to-date symlink: /home/wheeltec/wheeltec_ros2/install/bodyreader_msg/include/bodyreader_msg/bodyreader_msg/msg/detail/vector3f__traits.hpp
[2.013s] -- Up-to-date symlink: /home/wheeltec/wheeltec_ros2/install/bodyreader_msg/include/bodyreader_msg/bodyreader_msg/msg/detail/vector3f__type_support.hpp
[2.013s] -- Up-to-date symlink: /home/wheeltec/wheeltec_ros2/install/bodyreader_msg/include/bodyreader_msg/bodyreader_msg/msg/joint.hpp
[2.013s] -- Up-to-date symlink: /home/wheeltec/wheeltec_ros2/install/bodyreader_msg/include/bodyreader_msg/bodyreader_msg/msg/lockedcharrgb.hpp
[2.014s] -- Up-to-date symlink: /home/wheeltec/wheeltec_ros2/install/bodyreader_msg/include/bodyreader_msg/bodyreader_msg/msg/lockedmaskwh.hpp
[2.014s] -- Up-to-date symlink: /home/wheeltec/wheeltec_ros2/install/bodyreader_msg/include/bodyreader_msg/bodyreader_msg/msg/maskdata.hpp
[2.014s] -- Up-to-date symlink: /home/wheeltec/wheeltec_ros2/install/bodyreader_msg/include/bodyreader_msg/bodyreader_msg/msg/rosidl_generator_cpp__visibility_control.hpp
[2.014s] -- Up-to-date symlink: /home/wheeltec/wheeltec_ros2/install/bodyreader_msg/include/bodyreader_msg/bodyreader_msg/msg/vector2f.hpp
[2.015s] -- Up-to-date symlink: /home/wheeltec/wheeltec_ros2/install/bodyreader_msg/include/bodyreader_msg/bodyreader_msg/msg/vector3f.hpp
[2.016s] -- Up-to-date symlink: /home/wheeltec/wheeltec_ros2/install/bodyreader_msg/include/bodyreader_msg/bodyreader_msg/msg/detail/body__rosidl_typesupport_fastrtps_cpp.hpp
[2.016s] -- Up-to-date symlink: /home/wheeltec/wheeltec_ros2/install/bodyreader_msg/include/bodyreader_msg/bodyreader_msg/msg/detail/bodylist__rosidl_typesupport_fastrtps_cpp.hpp
[2.016s] -- Up-to-date symlink: /home/wheeltec/wheeltec_ros2/install/bodyreader_msg/include/bodyreader_msg/bodyreader_msg/msg/detail/bodyposture__rosidl_typesupport_fastrtps_cpp.hpp
[2.017s] -- Up-to-date symlink: /home/wheeltec/wheeltec_ros2/install/bodyreader_msg/include/bodyreader_msg/bodyreader_msg/msg/detail/joint__rosidl_typesupport_fastrtps_cpp.hpp
[2.017s] -- Up-to-date symlink: /home/wheeltec/wheeltec_ros2/install/bodyreader_msg/include/bodyreader_msg/bodyreader_msg/msg/detail/lockedcharrgb__rosidl_typesupport_fastrtps_cpp.hpp
[2.018s] -- Up-to-date symlink: /home/wheeltec/wheeltec_ros2/install/bodyreader_msg/include/bodyreader_msg/bodyreader_msg/msg/detail/lockedmaskwh__rosidl_typesupport_fastrtps_cpp.hpp
[2.018s] -- Up-to-date symlink: /home/wheeltec/wheeltec_ros2/install/bodyreader_msg/include/bodyreader_msg/bodyreader_msg/msg/detail/maskdata__rosidl_typesupport_fastrtps_cpp.hpp
[2.019s] -- Up-to-date symlink: /home/wheeltec/wheeltec_ros2/install/bodyreader_msg/include/bodyreader_msg/bodyreader_msg/msg/detail/vector2f__rosidl_typesupport_fastrtps_cpp.hpp
[2.019s] -- Up-to-date symlink: /home/wheeltec/wheeltec_ros2/install/bodyreader_msg/include/bodyreader_msg/bodyreader_msg/msg/detail/vector3f__rosidl_typesupport_fastrtps_cpp.hpp
[2.019s] -- Up-to-date symlink: /home/wheeltec/wheeltec_ros2/install/bodyreader_msg/include/bodyreader_msg/bodyreader_msg/msg/rosidl_typesupport_fastrtps_cpp__visibility_control.h
[2.019s] -- Up-to-date symlink: /home/wheeltec/wheeltec_ros2/install/bodyreader_msg/include/bodyreader_msg/bodyreader_msg/msg/detail/body__rosidl_typesupport_introspection_c.h
[2.020s] -- Up-to-date symlink: /home/wheeltec/wheeltec_ros2/install/bodyreader_msg/include/bodyreader_msg/bodyreader_msg/msg/detail/bodylist__rosidl_typesupport_introspection_c.h
[2.020s] -- Up-to-date symlink: /home/wheeltec/wheeltec_ros2/install/bodyreader_msg/include/bodyreader_msg/bodyreader_msg/msg/detail/bodyposture__rosidl_typesupport_introspection_c.h
[2.020s] -- Up-to-date symlink: /home/wheeltec/wheeltec_ros2/install/bodyreader_msg/include/bodyreader_msg/bodyreader_msg/msg/detail/joint__rosidl_typesupport_introspection_c.h
[2.020s] -- Up-to-date symlink: /home/wheeltec/wheeltec_ros2/install/bodyreader_msg/include/bodyreader_msg/bodyreader_msg/msg/detail/lockedcharrgb__rosidl_typesupport_introspection_c.h
[2.021s] -- Up-to-date symlink: /home/wheeltec/wheeltec_ros2/install/bodyreader_msg/include/bodyreader_msg/bodyreader_msg/msg/detail/lockedmaskwh__rosidl_typesupport_introspection_c.h
[2.021s] -- Up-to-date symlink: /home/wheeltec/wheeltec_ros2/install/bodyreader_msg/include/bodyreader_msg/bodyreader_msg/msg/detail/maskdata__rosidl_typesupport_introspection_c.h
[2.021s] -- Up-to-date symlink: /home/wheeltec/wheeltec_ros2/install/bodyreader_msg/include/bodyreader_msg/bodyreader_msg/msg/detail/vector2f__rosidl_typesupport_introspection_c.h
[2.022s] -- Up-to-date symlink: /home/wheeltec/wheeltec_ros2/install/bodyreader_msg/include/bodyreader_msg/bodyreader_msg/msg/detail/vector3f__rosidl_typesupport_introspection_c.h
[2.022s] -- Up-to-date symlink: /home/wheeltec/wheeltec_ros2/install/bodyreader_msg/include/bodyreader_msg/bodyreader_msg/msg/rosidl_typesupport_introspection_c__visibility_control.h
[2.023s] -- Up-to-date symlink: /home/wheeltec/wheeltec_ros2/install/bodyreader_msg/include/bodyreader_msg/bodyreader_msg/msg/detail/body__rosidl_typesupport_introspection_cpp.hpp
[2.023s] -- Up-to-date symlink: /home/wheeltec/wheeltec_ros2/install/bodyreader_msg/include/bodyreader_msg/bodyreader_msg/msg/detail/bodylist__rosidl_typesupport_introspection_cpp.hpp
[2.023s] -- Up-to-date symlink: /home/wheeltec/wheeltec_ros2/install/bodyreader_msg/include/bodyreader_msg/bodyreader_msg/msg/detail/bodyposture__rosidl_typesupport_introspection_cpp.hpp
[2.024s] -- Up-to-date symlink: /home/wheeltec/wheeltec_ros2/install/bodyreader_msg/include/bodyreader_msg/bodyreader_msg/msg/detail/joint__rosidl_typesupport_introspection_cpp.hpp
[2.024s] -- Up-to-date symlink: /home/wheeltec/wheeltec_ros2/install/bodyreader_msg/include/bodyreader_msg/bodyreader_msg/msg/detail/lockedcharrgb__rosidl_typesupport_introspection_cpp.hpp
[2.024s] -- Up-to-date symlink: /home/wheeltec/wheeltec_ros2/install/bodyreader_msg/include/bodyreader_msg/bodyreader_msg/msg/detail/lockedmaskwh__rosidl_typesupport_introspection_cpp.hpp
[2.025s] -- Up-to-date symlink: /home/wheeltec/wheeltec_ros2/install/bodyreader_msg/include/bodyreader_msg/bodyreader_msg/msg/detail/maskdata__rosidl_typesupport_introspection_cpp.hpp
[2.025s] -- Up-to-date symlink: /home/wheeltec/wheeltec_ros2/install/bodyreader_msg/include/bodyreader_msg/bodyreader_msg/msg/detail/vector2f__rosidl_typesupport_introspection_cpp.hpp
[2.026s] -- Up-to-date symlink: /home/wheeltec/wheeltec_ros2/install/bodyreader_msg/include/bodyreader_msg/bodyreader_msg/msg/detail/vector3f__rosidl_typesupport_introspection_cpp.hpp
[2.026s] -- Up-to-date symlink: /home/wheeltec/wheeltec_ros2/install/bodyreader_msg/share/bodyreader_msg/environment/pythonpath.sh
[2.026s] -- Up-to-date symlink: /home/wheeltec/wheeltec_ros2/install/bodyreader_msg/share/bodyreader_msg/environment/pythonpath.dsv
[2.027s] -- Up-to-date symlink: /home/wheeltec/wheeltec_ros2/install/bodyreader_msg/local/lib/python3.10/dist-packages/bodyreader_msg-0.0.0-py3.10.egg-info/PKG-INFO
[2.027s] -- Up-to-date symlink: /home/wheeltec/wheeltec_ros2/install/bodyreader_msg/local/lib/python3.10/dist-packages/bodyreader_msg-0.0.0-py3.10.egg-info/SOURCES.txt
[2.027s] -- Up-to-date symlink: /home/wheeltec/wheeltec_ros2/install/bodyreader_msg/local/lib/python3.10/dist-packages/bodyreader_msg-0.0.0-py3.10.egg-info/dependency_links.txt
[2.027s] -- Up-to-date symlink: /home/wheeltec/wheeltec_ros2/install/bodyreader_msg/local/lib/python3.10/dist-packages/bodyreader_msg-0.0.0-py3.10.egg-info/top_level.txt
[2.029s] -- Up-to-date symlink: /home/wheeltec/wheeltec_ros2/install/bodyreader_msg/local/lib/python3.10/dist-packages/bodyreader_msg/__init__.py
[2.029s] -- Up-to-date symlink: /home/wheeltec/wheeltec_ros2/install/bodyreader_msg/local/lib/python3.10/dist-packages/bodyreader_msg/_bodyreader_msg_s.ep.rosidl_typesupport_c.c
[2.029s] -- Up-to-date symlink: /home/wheeltec/wheeltec_ros2/install/bodyreader_msg/local/lib/python3.10/dist-packages/bodyreader_msg/_bodyreader_msg_s.ep.rosidl_typesupport_fastrtps_c.c
[2.030s] -- Up-to-date symlink: /home/wheeltec/wheeltec_ros2/install/bodyreader_msg/local/lib/python3.10/dist-packages/bodyreader_msg/_bodyreader_msg_s.ep.rosidl_typesupport_introspection_c.c
[2.030s] -- Up-to-date symlink: /home/wheeltec/wheeltec_ros2/install/bodyreader_msg/local/lib/python3.10/dist-packages/bodyreader_msg/bodyreader_msg_s__rosidl_typesupport_c.cpython-310-aarch64-linux-gnu.so
[2.030s] -- Up-to-date symlink: /home/wheeltec/wheeltec_ros2/install/bodyreader_msg/local/lib/python3.10/dist-packages/bodyreader_msg/bodyreader_msg_s__rosidl_typesupport_fastrtps_c.cpython-310-aarch64-linux-gnu.so
[2.030s] -- Up-to-date symlink: /home/wheeltec/wheeltec_ros2/install/bodyreader_msg/local/lib/python3.10/dist-packages/bodyreader_msg/bodyreader_msg_s__rosidl_typesupport_introspection_c.cpython-310-aarch64-linux-gnu.so
[2.031s] -- Up-to-date symlink: /home/wheeltec/wheeltec_ros2/install/bodyreader_msg/local/lib/python3.10/dist-packages/bodyreader_msg/libbodyreader_msg__rosidl_generator_py.so
[2.031s] -- Up-to-date symlink: /home/wheeltec/wheeltec_ros2/install/bodyreader_msg/local/lib/python3.10/dist-packages/bodyreader_msg/msg/__init__.py
[2.031s] -- Up-to-date symlink: /home/wheeltec/wheeltec_ros2/install/bodyreader_msg/local/lib/python3.10/dist-packages/bodyreader_msg/msg/_body.py
[2.032s] -- Up-to-date symlink: /home/wheeltec/wheeltec_ros2/install/bodyreader_msg/local/lib/python3.10/dist-packages/bodyreader_msg/msg/_body_s.c
[2.032s] -- Up-to-date symlink: /home/wheeltec/wheeltec_ros2/install/bodyreader_msg/local/lib/python3.10/dist-packages/bodyreader_msg/msg/_bodylist.py
[2.032s] -- Up-to-date symlink: /home/wheeltec/wheeltec_ros2/install/bodyreader_msg/local/lib/python3.10/dist-packages/bodyreader_msg/msg/_bodylist_s.c
[2.033s] -- Up-to-date symlink: /home/wheeltec/wheeltec_ros2/install/bodyreader_msg/local/lib/python3.10/dist-packages/bodyreader_msg/msg/_bodyposture.py
[2.033s] -- Up-to-date symlink: /home/wheeltec/wheeltec_ros2/install/bodyreader_msg/local/lib/python3.10/dist-packages/bodyreader_msg/msg/_bodyposture_s.c
[2.033s] -- Up-to-date symlink: /home/wheeltec/wheeltec_ros2/install/bodyreader_msg/local/lib/python3.10/dist-packages/bodyreader_msg/msg/_joint.py
[2.034s] -- Up-to-date symlink: /home/wheeltec/wheeltec_ros2/install/bodyreader_msg/local/lib/python3.10/dist-packages/bodyreader_msg/msg/_joint_s.c
[2.034s] -- Up-to-date symlink: /home/wheeltec/wheeltec_ros2/install/bodyreader_msg/local/lib/python3.10/dist-packages/bodyreader_msg/msg/_lockedcharrgb.py
[2.034s] -- Up-to-date symlink: /home/wheeltec/wheeltec_ros2/install/bodyreader_msg/local/lib/python3.10/dist-packages/bodyreader_msg/msg/_lockedcharrgb_s.c
[2.035s] -- Up-to-date symlink: /home/wheeltec/wheeltec_ros2/install/bodyreader_msg/local/lib/python3.10/dist-packages/bodyreader_msg/msg/_lockedmaskwh.py
[2.035s] -- Up-to-date symlink: /home/wheeltec/wheeltec_ros2/install/bodyreader_msg/local/lib/python3.10/dist-packages/bodyreader_msg/msg/_lockedmaskwh_s.c
[2.035s] -- Up-to-date symlink: /home/wheeltec/wheeltec_ros2/install/bodyreader_msg/local/lib/python3.10/dist-packages/bodyreader_msg/msg/_maskdata.py
[2.036s] -- Up-to-date symlink: /home/wheeltec/wheeltec_ros2/install/bodyreader_msg/local/lib/python3.10/dist-packages/bodyreader_msg/msg/_maskdata_s.c
[2.036s] -- Up-to-date symlink: /home/wheeltec/wheeltec_ros2/install/bodyreader_msg/local/lib/python3.10/dist-packages/bodyreader_msg/msg/_vector2f.py
[2.036s] -- Up-to-date symlink: /home/wheeltec/wheeltec_ros2/install/bodyreader_msg/local/lib/python3.10/dist-packages/bodyreader_msg/msg/_vector2f_s.c
[2.036s] -- Up-to-date symlink: /home/wheeltec/wheeltec_ros2/install/bodyreader_msg/local/lib/python3.10/dist-packages/bodyreader_msg/msg/_vector3f.py
[2.036s] -- Up-to-date symlink: /home/wheeltec/wheeltec_ros2/install/bodyreader_msg/local/lib/python3.10/dist-packages/bodyreader_msg/msg/_vector3f_s.c
[2.037s] -- Up-to-date symlink: /home/wheeltec/wheeltec_ros2/install/bodyreader_msg/local/lib/python3.10/dist-packages/bodyreader_msg/bodyreader_msg_s__rosidl_typesupport_fastrtps_c.cpython-310-aarch64-linux-gnu.so
[2.037s] -- Up-to-date symlink: /home/wheeltec/wheeltec_ros2/install/bodyreader_msg/local/lib/python3.10/dist-packages/bodyreader_msg/bodyreader_msg_s__rosidl_typesupport_introspection_c.cpython-310-aarch64-linux-gnu.so
[2.038s] -- Up-to-date symlink: /home/wheeltec/wheeltec_ros2/install/bodyreader_msg/local/lib/python3.10/dist-packages/bodyreader_msg/bodyreader_msg_s__rosidl_typesupport_c.cpython-310-aarch64-linux-gnu.so
[2.038s] -- Up-to-date symlink: /home/wheeltec/wheeltec_ros2/install/bodyreader_msg/share/bodyreader_msg/msg/Body.idl
[2.039s] -- Up-to-date symlink: /home/wheeltec/wheeltec_ros2/install/bodyreader_msg/share/bodyreader_msg/msg/Bodylist.idl
[2.039s] -- Up-to-date symlink: /home/wheeltec/wheeltec_ros2/install/bodyreader_msg/share/bodyreader_msg/msg/Bodyposture.idl
[2.039s] -- Up-to-date symlink: /home/wheeltec/wheeltec_ros2/install/bodyreader_msg/share/bodyreader_msg/msg/Joint.idl
[2.040s] -- Up-to-date symlink: /home/wheeltec/wheeltec_ros2/install/bodyreader_msg/share/bodyreader_msg/msg/Lockedcharrgb.idl
[2.040s] -- Up-to-date symlink: /home/wheeltec/wheeltec_ros2/install/bodyreader_msg/share/bodyreader_msg/msg/Lockedmaskwh.idl
[2.040s] -- Up-to-date symlink: /home/wheeltec/wheeltec_ros2/install/bodyreader_msg/share/bodyreader_msg/msg/Maskdata.idl
[2.041s] -- Up-to-date symlink: /home/wheeltec/wheeltec_ros2/install/bodyreader_msg/share/bodyreader_msg/msg/Vector2f.idl
[2.041s] -- Up-to-date symlink: /home/wheeltec/wheeltec_ros2/install/bodyreader_msg/share/bodyreader_msg/msg/Vector3f.idl
[2.041s] -- Up-to-date symlink: /home/wheeltec/wheeltec_ros2/install/bodyreader_msg/share/bodyreader_msg/msg/Body.msg
[2.042s] -- Up-to-date symlink: /home/wheeltec/wheeltec_ros2/install/bodyreader_msg/share/bodyreader_msg/msg/Bodylist.msg
[2.042s] -- Up-to-date symlink: /home/wheeltec/wheeltec_ros2/install/bodyreader_msg/share/bodyreader_msg/msg/Bodyposture.msg
[2.042s] -- Up-to-date symlink: /home/wheeltec/wheeltec_ros2/install/bodyreader_msg/share/bodyreader_msg/msg/Joint.msg
[2.043s] -- Up-to-date symlink: /home/wheeltec/wheeltec_ros2/install/bodyreader_msg/share/bodyreader_msg/msg/Lockedcharrgb.msg
[2.043s] -- Up-to-date symlink: /home/wheeltec/wheeltec_ros2/install/bodyreader_msg/share/bodyreader_msg/msg/Lockedmaskwh.msg
[2.043s] -- Up-to-date symlink: /home/wheeltec/wheeltec_ros2/install/bodyreader_msg/share/bodyreader_msg/msg/Maskdata.msg
[2.044s] -- Up-to-date symlink: /home/wheeltec/wheeltec_ros2/install/bodyreader_msg/share/bodyreader_msg/msg/Vector2f.msg
[2.044s] -- Up-to-date symlink: /home/wheeltec/wheeltec_ros2/install/bodyreader_msg/share/bodyreader_msg/msg/Vector3f.msg
[2.044s] -- Up-to-date symlink: /home/wheeltec/wheeltec_ros2/install/bodyreader_msg/share/ament_index/resource_index/package_run_dependencies/bodyreader_msg
[2.045s] -- Up-to-date symlink: /home/wheeltec/wheeltec_ros2/install/bodyreader_msg/share/ament_index/resource_index/parent_prefix_path/bodyreader_msg
[2.045s] -- Up-to-date symlink: /home/wheeltec/wheeltec_ros2/install/bodyreader_msg/share/bodyreader_msg/environment/ament_prefix_path.sh
[2.045s] -- Up-to-date symlink: /home/wheeltec/wheeltec_ros2/install/bodyreader_msg/share/bodyreader_msg/environment/ament_prefix_path.dsv
[2.046s] -- Up-to-date symlink: /home/wheeltec/wheeltec_ros2/install/bodyreader_msg/share/bodyreader_msg/environment/path.sh
[2.046s] -- Up-to-date symlink: /home/wheeltec/wheeltec_ros2/install/bodyreader_msg/share/bodyreader_msg/environment/path.dsv
[2.046s] -- Up-to-date symlink: /home/wheeltec/wheeltec_ros2/install/bodyreader_msg/share/bodyreader_msg/local_setup.bash
[2.047s] -- Up-to-date symlink: /home/wheeltec/wheeltec_ros2/install/bodyreader_msg/share/bodyreader_msg/local_setup.sh
[2.047s] -- Up-to-date symlink: /home/wheeltec/wheeltec_ros2/install/bodyreader_msg/share/bodyreader_msg/local_setup.zsh
[2.047s] -- Up-to-date symlink: /home/wheeltec/wheeltec_ros2/install/bodyreader_msg/share/bodyreader_msg/local_setup.dsv
[2.047s] -- Symlinking: /home/wheeltec/wheeltec_ros2/install/bodyreader_msg/share/bodyreader_msg/package.dsv
[2.065s] -- Up-to-date symlink: /home/wheeltec/wheeltec_ros2/install/bodyreader_msg/share/ament_index/resource_index/packages/bodyreader_msg
[2.065s] -- Up-to-date symlink: /home/wheeltec/wheeltec_ros2/install/bodyreader_msg/share/bodyreader_msg/cmake/rosidl_cmake-extras.cmake
[2.066s] -- Up-to-date symlink: /home/wheeltec/wheeltec_ros2/install/bodyreader_msg/share/bodyreader_msg/cmake/ament_cmake_export_dependencies-extras.cmake
[2.066s] -- Up-to-date symlink: /home/wheeltec/wheeltec_ros2/install/bodyreader_msg/share/bodyreader_msg/cmake/ament_cmake_export_include_directories-extras.cmake
[2.066s] -- Up-to-date symlink: /home/wheeltec/wheeltec_ros2/install/bodyreader_msg/share/bodyreader_msg/cmake/ament_cmake_export_libraries-extras.cmake
[2.067s] -- Up-to-date symlink: /home/wheeltec/wheeltec_ros2/install/bodyreader_msg/share/bodyreader_msg/cmake/ament_cmake_export_targets-extras.cmake
[2.067s] -- Up-to-date symlink: /home/wheeltec/wheeltec_ros2/install/bodyreader_msg/share/bodyreader_msg/cmake/rosidl_cmake_export_typesupport_targets-extras.cmake
[2.067s] -- Up-to-date symlink: /home/wheeltec/wheeltec_ros2/install/bodyreader_msg/share/bodyreader_msg/cmake/rosidl_cmake_export_typesupport_libraries-extras.cmake
[2.068s] -- Up-to-date symlink: /home/wheeltec/wheeltec_ros2/install/bodyreader_msg/share/bodyreader_msg/cmake/bodyreader_msgConfig.cmake
[2.068s] -- Up-to-date symlink: /home/wheeltec/wheeltec_ros2/install/bodyreader_msg/share/bodyreader_msg/cmake/bodyreader_msgConfig-version.cmake
[2.069s] -- Up-to-date symlink: /home/wheeltec/wheeltec_ros2/install/bodyreader_msg/share/bodyreader_msg/package.xml
[2.069s] -- Up-to-date: /home/wheeltec/wheeltec_ros2/install/bodyreader_msg/lib/libbodyreader_msg__rosidl_generator_c.so
[2.070s] -- Up-to-date: /home/wheeltec/wheeltec_ros2/install/bodyreader_msg/lib/libbodyreader_msg__rosidl_typesupport_fastrtps_c.so
[2.071s] -- Up-to-date: /home/wheeltec/wheeltec_ros2/install/bodyreader_msg/lib/libbodyreader_msg__rosidl_typesupport_fastrtps_cpp.so
[2.073s] -- Up-to-date: /home/wheeltec/wheeltec_ros2/install/bodyreader_msg/lib/libbodyreader_msg__rosidl_typesupport_introspection_c.so
[2.074s] -- Up-to-date: /home/wheeltec/wheeltec_ros2/install/bodyreader_msg/lib/libbodyreader_msg__rosidl_typesupport_c.so
[2.074s] -- Up-to-date: /home/wheeltec/wheeltec_ros2/install/bodyreader_msg/lib/libbodyreader_msg__rosidl_typesupport_introspection_cpp.so
[2.075s] -- Up-to-date: /home/wheeltec/wheeltec_ros2/install/bodyreader_msg/lib/libbodyreader_msg__rosidl_typesupport_cpp.so
[2.275s] Listing '/home/wheeltec/wheeltec_ros2/install/bodyreader_msg/local/lib/python3.10/dist-packages/bodyreader_msg'...
[2.275s] Listing '/home/wheeltec/wheeltec_ros2/install/bodyreader_msg/local/lib/python3.10/dist-packages/bodyreader_msg/msg'...
[2.293s] -- Up-to-date: /home/wheeltec/wheeltec_ros2/install/bodyreader_msg/lib/libbodyreader_msg__rosidl_generator_py.so
[2.301s] -- Up-to-date: /home/wheeltec/wheeltec_ros2/install/bodyreader_msg/share/bodyreader_msg/cmake/export_bodyreader_msg__rosidl_generator_cExport.cmake
[2.301s] -- Up-to-date: /home/wheeltec/wheeltec_ros2/install/bodyreader_msg/share/bodyreader_msg/cmake/export_bodyreader_msg__rosidl_generator_cExport-noconfig.cmake
[2.302s] -- Up-to-date: /home/wheeltec/wheeltec_ros2/install/bodyreader_msg/share/bodyreader_msg/cmake/export_bodyreader_msg__rosidl_typesupport_fastrtps_cExport.cmake
[2.302s] -- Up-to-date: /home/wheeltec/wheeltec_ros2/install/bodyreader_msg/share/bodyreader_msg/cmake/export_bodyreader_msg__rosidl_typesupport_fastrtps_cExport-noconfig.cmake
[2.302s] -- Up-to-date: /home/wheeltec/wheeltec_ros2/install/bodyreader_msg/share/bodyreader_msg/cmake/export_bodyreader_msg__rosidl_generator_cppExport.cmake
[2.303s] -- Up-to-date: /home/wheeltec/wheeltec_ros2/install/bodyreader_msg/share/bodyreader_msg/cmake/export_bodyreader_msg__rosidl_typesupport_fastrtps_cppExport.cmake
[2.303s] -- Up-to-date: /home/wheeltec/wheeltec_ros2/install/bodyreader_msg/share/bodyreader_msg/cmake/export_bodyreader_msg__rosidl_typesupport_fastrtps_cppExport-noconfig.cmake
[2.303s] -- Up-to-date: /home/wheeltec/wheeltec_ros2/install/bodyreader_msg/share/bodyreader_msg/cmake/bodyreader_msg__rosidl_typesupport_introspection_cExport.cmake
[2.304s] -- Up-to-date: /home/wheeltec/wheeltec_ros2/install/bodyreader_msg/share/bodyreader_msg/cmake/bodyreader_msg__rosidl_typesupport_introspection_cExport-noconfig.cmake
[2.304s] -- Up-to-date: /home/wheeltec/wheeltec_ros2/install/bodyreader_msg/share/bodyreader_msg/cmake/bodyreader_msg__rosidl_typesupport_cExport.cmake
[2.304s] -- Up-to-date: /home/wheeltec/wheeltec_ros2/install/bodyreader_msg/share/bodyreader_msg/cmake/bodyreader_msg__rosidl_typesupport_cExport-noconfig.cmake
[2.304s] -- Up-to-date: /home/wheeltec/wheeltec_ros2/install/bodyreader_msg/share/bodyreader_msg/cmake/bodyreader_msg__rosidl_typesupport_introspection_cppExport.cmake
[2.305s] -- Up-to-date: /home/wheeltec/wheeltec_ros2/install/bodyreader_msg/share/bodyreader_msg/cmake/bodyreader_msg__rosidl_typesupport_introspection_cppExport-noconfig.cmake
[2.305s] -- Up-to-date: /home/wheeltec/wheeltec_ros2/install/bodyreader_msg/share/bodyreader_msg/cmake/bodyreader_msg__rosidl_typesupport_cppExport.cmake
[2.305s] -- Up-to-date: /home/wheeltec/wheeltec_ros2/install/bodyreader_msg/share/bodyreader_msg/cmake/bodyreader_msg__rosidl_typesupport_cppExport-noconfig.cmake
[2.306s] -- Up-to-date: /home/wheeltec/wheeltec_ros2/install/bodyreader_msg/share/bodyreader_msg/cmake/export_bodyreader_msg__rosidl_generator_pyExport.cmake
[2.306s] -- Up-to-date: /home/wheeltec/wheeltec_ros2/install/bodyreader_msg/share/bodyreader_msg/cmake/export_bodyreader_msg__rosidl_generator_pyExport-noconfig.cmake
[2.943s] Invoked command in '/home/wheeltec/wheeltec_ros2/build/bodyreader_msg' returned '0': CMAKE_PREFIX_PATH=${CMAKE_PREFIX_PATH}:/home/wheeltec/wheeltec_ros2/install/wheeltec_dual_rtk_driver:/home/wheeltec/wheeltec_ros2/install/ultralytics_ros2:/home/wheeltec/wheeltec_ros2/install/tf2_tools:/home/wheeltec/wheeltec_ros2/install/nav2_waypoint_cycle:/home/wheeltec/wheeltec_ros2/install/nav2_simple_commander:/home/wheeltec/wheeltec_ros2/install/auto_recharge_ros2:/home/wheeltec/autoware/install/autoware_wheeltec_interface:/home/wheeltec/autoware/install/ad_api_visualizers:/opt/ros/humble /usr/bin/cmake --install /home/wheeltec/wheeltec_ros2/build/bodyreader_msg
