gmake: Warning: File 'Makefile' has modification time 1766048713 s in the future
gmake[1]: Warning: File 'CMakeFiles/Makefile2' has modification time 1766048713 s in the future
gmake[2]: Warning: File 'CMakeFiles/orb_slam2_ros__cpp.dir/progress.make' has modification time 1766048713 s in the future
gmake[2]: warning:  Clock skew detected.  Your build may be incomplete.
gmake[2]: Warning: File 'CMakeFiles/orb_slam2_ros__cpp.dir/progress.make' has modification time 1766048713 s in the future
gmake[2]: warning:  Clock skew detected.  Your build may be incomplete.
[  1%] Built target orb_slam2_ros__cpp
gmake[2]: Warning: File 'CMakeFiles/g2o.dir/flags.make' has modification time 1766048713 s in the future
gmake[2]: warning:  Clock skew detected.  Your build may be incomplete.
gmake[2]: Warning: File 'CMakeFiles/g2o.dir/flags.make' has modification time 1766048712 s in the future
gmake[2]: warning:  Clock skew detected.  Your build may be incomplete.
[ 31%] Built target g2o
gmake[2]: Warning: File 'CMakeFiles/orb_slam2_ros__rosidl_typesupport_fastrtps_cpp.dir/flags.make' has modification time 1766048712 s in the future
gmake[2]: warning:  Clock skew detected.  Your build may be incomplete.
gmake[2]: Warning: File 'CMakeFiles/orb_slam2_ros__rosidl_typesupport_fastrtps_cpp.dir/flags.make' has modification time 1766048712 s in the future
gmake[2]: warning:  Clock skew detected.  Your build may be incomplete.
[ 35%] Built target orb_slam2_ros__rosidl_typesupport_fastrtps_cpp
gmake[2]: Warning: File 'CMakeFiles/orb_slam2_ros__rosidl_typesupport_introspection_cpp.dir/flags.make' has modification time 1766048712 s in the future
gmake[2]: warning:  Clock skew detected.  Your build may be incomplete.
gmake[2]: Warning: File 'CMakeFiles/orb_slam2_ros__rosidl_typesupport_introspection_cpp.dir/flags.make' has modification time 1766048712 s in the future
gmake[2]: warning:  Clock skew detected.  Your build may be incomplete.
[ 39%] Built target orb_slam2_ros__rosidl_typesupport_introspection_cpp
gmake[2]: Warning: File 'CMakeFiles/orb_slam2_ros__rosidl_typesupport_cpp.dir/flags.make' has modification time 1766048712 s in the future
gmake[2]: warning:  Clock skew detected.  Your build may be incomplete.
gmake[2]: Warning: File 'CMakeFiles/orb_slam2_ros__rosidl_typesupport_cpp.dir/flags.make' has modification time 1766048711 s in the future
gmake[2]: warning:  Clock skew detected.  Your build may be incomplete.
[ 43%] Built target orb_slam2_ros__rosidl_typesupport_cpp
gmake[2]: Warning: File 'CMakeFiles/DBoW2.dir/flags.make' has modification time 1766048711 s in the future
gmake[2]: warning:  Clock skew detected.  Your build may be incomplete.
gmake[2]: Warning: File 'CMakeFiles/DBoW2.dir/flags.make' has modification time 1766048711 s in the future
gmake[2]: warning:  Clock skew detected.  Your build may be incomplete.
[ 51%] Built target DBoW2
gmake[2]: Warning: File 'CMakeFiles/ament_cmake_python_symlink_orb_slam2_ros.dir/progress.make' has modification time 1766048711 s in the future
gmake[2]: warning:  Clock skew detected.  Your build may be incomplete.
gmake[2]: Warning: File 'CMakeFiles/ament_cmake_python_symlink_orb_slam2_ros.dir/progress.make' has modification time 1766048711 s in the future
gmake[2]: warning:  Clock skew detected.  Your build may be incomplete.
[ 51%] Built target ament_cmake_python_symlink_orb_slam2_ros
gmake[2]: Warning: File 'CMakeFiles/orb_slam2_ros_core.dir/flags.make' has modification time 1766048711 s in the future
gmake[2]: warning:  Clock skew detected.  Your build may be incomplete.
gmake[2]: Warning: File 'CMakeFiles/orb_slam2_ros_core.dir/flags.make' has modification time 1766048711 s in the future
gmake[2]: warning:  Clock skew detected.  Your build may be incomplete.
[ 70%] Built target orb_slam2_ros_core
gmake[2]: Warning: File 'CMakeFiles/ament_cmake_python_build_orb_slam2_ros_egg.dir/progress.make' has modification time 1766048710 s in the future
gmake[2]: warning:  Clock skew detected.  Your build may be incomplete.
gmake[2]: Warning: File 'CMakeFiles/ament_cmake_python_build_orb_slam2_ros_egg.dir/progress.make' has modification time 1766048710 s in the future
running egg_info
writing orb_slam2_ros.egg-info/PKG-INFO
writing dependency_links to orb_slam2_ros.egg-info/dependency_links.txt
writing top-level names to orb_slam2_ros.egg-info/top_level.txt
reading manifest file 'orb_slam2_ros.egg-info/SOURCES.txt'
writing manifest file 'orb_slam2_ros.egg-info/SOURCES.txt'
gmake[2]: warning:  Clock skew detected.  Your build may be incomplete.
[ 70%] Built target ament_cmake_python_build_orb_slam2_ros_egg
gmake[2]: Warning: File 'CMakeFiles/orb_slam2_ros__rosidl_generator_c.dir/flags.make' has modification time 1766048709 s in the future
gmake[2]: warning:  Clock skew detected.  Your build may be incomplete.
gmake[2]: Warning: File 'CMakeFiles/orb_slam2_ros__rosidl_generator_c.dir/flags.make' has modification time 1766048709 s in the future
gmake[2]: warning:  Clock skew detected.  Your build may be incomplete.
[ 74%] Built target orb_slam2_ros__rosidl_generator_c
gmake[2]: Warning: File 'CMakeFiles/orb_slam2_ros__rosidl_typesupport_fastrtps_c.dir/flags.make' has modification time 1766048709 s in the future
gmake[2]: warning:  Clock skew detected.  Your build may be incomplete.
gmake[2]: Warning: File 'CMakeFiles/orb_slam2_ros__rosidl_typesupport_fastrtps_c.dir/flags.make' has modification time 1766048709 s in the future
gmake[2]: warning:  Clock skew detected.  Your build may be incomplete.
[ 78%] Built target orb_slam2_ros__rosidl_typesupport_fastrtps_c
gmake[2]: Warning: File 'CMakeFiles/orb_slam2_ros__rosidl_typesupport_c.dir/flags.make' has modification time 1766048708 s in the future
gmake[2]: warning:  Clock skew detected.  Your build may be incomplete.
gmake[2]: Warning: File 'CMakeFiles/orb_slam2_ros__rosidl_typesupport_c.dir/flags.make' has modification time 1766048708 s in the future
gmake[2]: warning:  Clock skew detected.  Your build may be incomplete.
[ 82%] Built target orb_slam2_ros__rosidl_typesupport_c
gmake[2]: Warning: File 'CMakeFiles/orb_slam2_ros__rosidl_typesupport_introspection_c.dir/flags.make' has modification time 1766048708 s in the future
gmake[2]: warning:  Clock skew detected.  Your build may be incomplete.
gmake[2]: Warning: File 'CMakeFiles/orb_slam2_ros__rosidl_typesupport_introspection_c.dir/flags.make' has modification time 1766048708 s in the future
gmake[2]: warning:  Clock skew detected.  Your build may be incomplete.
[ 86%] Built target orb_slam2_ros__rosidl_typesupport_introspection_c
gmake[2]: Warning: File 'CMakeFiles/orb_slam2_ros.dir/progress.make' has modification time 1766048708 s in the future
gmake[2]: warning:  Clock skew detected.  Your build may be incomplete.
gmake[2]: Warning: File 'CMakeFiles/orb_slam2_ros.dir/progress.make' has modification time 1766048708 s in the future
gmake[2]: warning:  Clock skew detected.  Your build may be incomplete.
[ 86%] Built target orb_slam2_ros
gmake[2]: Warning: File 'orb_slam2_ros__py/CMakeFiles/orb_slam2_ros__py.dir/progress.make' has modification time 1766048708 s in the future
gmake[2]: warning:  Clock skew detected.  Your build may be incomplete.
gmake[2]: Warning: File 'orb_slam2_ros__py/CMakeFiles/orb_slam2_ros__py.dir/progress.make' has modification time 1766048708 s in the future
gmake[2]: warning:  Clock skew detected.  Your build may be incomplete.
[ 87%] Built target orb_slam2_ros__py
gmake[2]: Warning: File 'CMakeFiles/orb_slam2_ros_rgbd.dir/flags.make' has modification time 1766048708 s in the future
gmake[2]: warning:  Clock skew detected.  Your build may be incomplete.
gmake[2]: Warning: File 'CMakeFiles/orb_slam2_ros_rgbd.dir/flags.make' has modification time 1766048707 s in the future
gmake[2]: warning:  Clock skew detected.  Your build may be incomplete.
[ 90%] Built target orb_slam2_ros_rgbd
gmake[2]: Warning: File 'CMakeFiles/orb_slam2_ros__rosidl_generator_py.dir/flags.make' has modification time 1766048707 s in the future
gmake[2]: warning:  Clock skew detected.  Your build may be incomplete.
gmake[2]: Warning: File 'CMakeFiles/orb_slam2_ros__rosidl_generator_py.dir/flags.make' has modification time 1766048707 s in the future
gmake[2]: warning:  Clock skew detected.  Your build may be incomplete.
[ 93%] Built target orb_slam2_ros__rosidl_generator_py
gmake[2]: Warning: File 'CMakeFiles/orb_slam2_ros__rosidl_typesupport_fastrtps_c__pyext.dir/flags.make' has modification time 1766048707 s in the future
gmake[2]: warning:  Clock skew detected.  Your build may be incomplete.
gmake[2]: Warning: File 'CMakeFiles/orb_slam2_ros__rosidl_typesupport_fastrtps_c__pyext.dir/flags.make' has modification time 1766048707 s in the future
gmake[2]: warning:  Clock skew detected.  Your build may be incomplete.
[ 95%] Built target orb_slam2_ros__rosidl_typesupport_fastrtps_c__pyext
gmake[2]: Warning: File 'CMakeFiles/orb_slam2_ros__rosidl_typesupport_c__pyext.dir/flags.make' has modification time 1766048706 s in the future
gmake[2]: warning:  Clock skew detected.  Your build may be incomplete.
gmake[2]: Warning: File 'CMakeFiles/orb_slam2_ros__rosidl_typesupport_c__pyext.dir/flags.make' has modification time 1766048706 s in the future
gmake[2]: warning:  Clock skew detected.  Your build may be incomplete.
[ 97%] Built target orb_slam2_ros__rosidl_typesupport_c__pyext
gmake[2]: Warning: File 'CMakeFiles/orb_slam2_ros__rosidl_typesupport_introspection_c__pyext.dir/flags.make' has modification time 1766048706 s in the future
gmake[2]: warning:  Clock skew detected.  Your build may be incomplete.
gmake[2]: Warning: File 'CMakeFiles/orb_slam2_ros__rosidl_typesupport_introspection_c__pyext.dir/flags.make' has modification time 1766048706 s in the future
gmake[2]: warning:  Clock skew detected.  Your build may be incomplete.
[100%] Built target orb_slam2_ros__rosidl_typesupport_introspection_c__pyext
gmake[1]: warning:  Clock skew detected.  Your build may be incomplete.
gmake: warning:  Clock skew detected.  Your build may be incomplete.
