[1.352s] Invoking command in '/home/wheeltec/wheeltec_ros2/build/orb_slam2_ros': CMAKE_PREFIX_PATH=${CMAKE_PREFIX_PATH}:/home/wheeltec/wheeltec_ros2/install/simple_follower_ros2:/home/wheeltec/wheeltec_ros2/install/wheeltec_robot_keyboard:/home/wheeltec/wheeltec_ros2/install/wheeltec_dual_rtk_driver:/home/wheeltec/wheeltec_ros2/install/ultralytics_ros2:/home/wheeltec/wheeltec_ros2/install/tf2_tools:/home/wheeltec/wheeltec_ros2/install/ollama_ros_chat:/home/wheeltec/wheeltec_ros2/install/nmea_navsat_driver:/home/wheeltec/wheeltec_ros2/install/nav2_waypoint_cycle:/home/wheeltec/wheeltec_ros2/install/nav2_simple_commander:/home/wheeltec/wheeltec_ros2/install/largemodel:/home/wheeltec/wheeltec_ros2/install/auto_recharge_ros2:/home/wheeltec/autoware/install/autoware_wheeltec_interface:/home/wheeltec/autoware/install/autoware_multi_point:/home/wheeltec/autoware/install/ad_api_visualizers:/opt/ros/humble /usr/bin/cmake --build /home/wheeltec/wheeltec_ros2/build/orb_slam2_ros -- -j6 -l6
[1.493s] gmake: Warning: File 'Makefile' has modification time 1766048713 s in the future
[1.739s] gmake[1]: Warning: File 'CMakeFiles/Makefile2' has modification time 1766048713 s in the future
[1.757s] gmake[2]: Warning: File 'CMakeFiles/orb_slam2_ros__cpp.dir/progress.make' has modification time 1766048713 s in the future
[1.891s] gmake[2]: warning:  Clock skew detected.  Your build may be incomplete.
[1.910s] gmake[2]: Warning: File 'CMakeFiles/orb_slam2_ros__cpp.dir/progress.make' has modification time 1766048713 s in the future
[1.910s] gmake[2]: warning:  Clock skew detected.  Your build may be incomplete.
[2.019s] [  1%] Built target orb_slam2_ros__cpp
[2.071s] gmake[2]: Warning: File 'CMakeFiles/g2o.dir/flags.make' has modification time 1766048713 s in the future
[2.189s] gmake[2]: warning:  Clock skew detected.  Your build may be incomplete.
[2.247s] gmake[2]: Warning: File 'CMakeFiles/g2o.dir/flags.make' has modification time 1766048712 s in the future
[2.247s] gmake[2]: warning:  Clock skew detected.  Your build may be incomplete.
[2.368s] [ 31%] Built target g2o
[2.393s] gmake[2]: Warning: File 'CMakeFiles/orb_slam2_ros__rosidl_typesupport_fastrtps_cpp.dir/flags.make' has modification time 1766048712 s in the future
[2.518s] gmake[2]: warning:  Clock skew detected.  Your build may be incomplete.
[2.538s] gmake[2]: Warning: File 'CMakeFiles/orb_slam2_ros__rosidl_typesupport_fastrtps_cpp.dir/flags.make' has modification time 1766048712 s in the future
[2.539s] gmake[2]: warning:  Clock skew detected.  Your build may be incomplete.
[2.644s] [ 35%] Built target orb_slam2_ros__rosidl_typesupport_fastrtps_cpp
[2.670s] gmake[2]: Warning: File 'CMakeFiles/orb_slam2_ros__rosidl_typesupport_introspection_cpp.dir/flags.make' has modification time 1766048712 s in the future
[2.780s] gmake[2]: warning:  Clock skew detected.  Your build may be incomplete.
[2.799s] gmake[2]: Warning: File 'CMakeFiles/orb_slam2_ros__rosidl_typesupport_introspection_cpp.dir/flags.make' has modification time 1766048712 s in the future
[2.800s] gmake[2]: warning:  Clock skew detected.  Your build may be incomplete.
[2.913s] [ 39%] Built target orb_slam2_ros__rosidl_typesupport_introspection_cpp
[2.935s] gmake[2]: Warning: File 'CMakeFiles/orb_slam2_ros__rosidl_typesupport_cpp.dir/flags.make' has modification time 1766048712 s in the future
[3.055s] gmake[2]: warning:  Clock skew detected.  Your build may be incomplete.
[3.072s] gmake[2]: Warning: File 'CMakeFiles/orb_slam2_ros__rosidl_typesupport_cpp.dir/flags.make' has modification time 1766048711 s in the future
[3.073s] gmake[2]: warning:  Clock skew detected.  Your build may be incomplete.
[3.190s] [ 43%] Built target orb_slam2_ros__rosidl_typesupport_cpp
[3.221s] gmake[2]: Warning: File 'CMakeFiles/DBoW2.dir/flags.make' has modification time 1766048711 s in the future
[3.345s] gmake[2]: warning:  Clock skew detected.  Your build may be incomplete.
[3.365s] gmake[2]: Warning: File 'CMakeFiles/DBoW2.dir/flags.make' has modification time 1766048711 s in the future
[3.367s] gmake[2]: warning:  Clock skew detected.  Your build may be incomplete.
[3.479s] [ 51%] Built target DBoW2
[3.500s] gmake[2]: Warning: File 'CMakeFiles/ament_cmake_python_symlink_orb_slam2_ros.dir/progress.make' has modification time 1766048711 s in the future
[3.606s] gmake[2]: warning:  Clock skew detected.  Your build may be incomplete.
[3.621s] gmake[2]: Warning: File 'CMakeFiles/ament_cmake_python_symlink_orb_slam2_ros.dir/progress.make' has modification time 1766048711 s in the future
[3.716s] gmake[2]: warning:  Clock skew detected.  Your build may be incomplete.
[3.825s] [ 51%] Built target ament_cmake_python_symlink_orb_slam2_ros
[3.920s] gmake[2]: Warning: File 'CMakeFiles/orb_slam2_ros_core.dir/flags.make' has modification time 1766048711 s in the future
[4.040s] gmake[2]: warning:  Clock skew detected.  Your build may be incomplete.
[4.099s] gmake[2]: Warning: File 'CMakeFiles/orb_slam2_ros_core.dir/flags.make' has modification time 1766048711 s in the future
[4.118s] gmake[2]: warning:  Clock skew detected.  Your build may be incomplete.
[4.230s] [ 70%] Built target orb_slam2_ros_core
[4.254s] gmake[2]: Warning: File 'CMakeFiles/ament_cmake_python_build_orb_slam2_ros_egg.dir/progress.make' has modification time 1766048710 s in the future
[4.370s] gmake[2]: warning:  Clock skew detected.  Your build may be incomplete.
[4.392s] gmake[2]: Warning: File 'CMakeFiles/ament_cmake_python_build_orb_slam2_ros_egg.dir/progress.make' has modification time 1766048710 s in the future
[5.314s] running egg_info
[5.316s] writing orb_slam2_ros.egg-info/PKG-INFO
[5.316s] writing dependency_links to orb_slam2_ros.egg-info/dependency_links.txt
[5.317s] writing top-level names to orb_slam2_ros.egg-info/top_level.txt
[5.329s] reading manifest file 'orb_slam2_ros.egg-info/SOURCES.txt'
[5.331s] writing manifest file 'orb_slam2_ros.egg-info/SOURCES.txt'
[5.387s] gmake[2]: warning:  Clock skew detected.  Your build may be incomplete.
[5.499s] [ 70%] Built target ament_cmake_python_build_orb_slam2_ros_egg
[5.524s] gmake[2]: Warning: File 'CMakeFiles/orb_slam2_ros__rosidl_generator_c.dir/flags.make' has modification time 1766048709 s in the future
[5.651s] gmake[2]: warning:  Clock skew detected.  Your build may be incomplete.
[5.676s] gmake[2]: Warning: File 'CMakeFiles/orb_slam2_ros__rosidl_generator_c.dir/flags.make' has modification time 1766048709 s in the future
[5.676s] gmake[2]: warning:  Clock skew detected.  Your build may be incomplete.
[5.789s] [ 74%] Built target orb_slam2_ros__rosidl_generator_c
[5.812s] gmake[2]: Warning: File 'CMakeFiles/orb_slam2_ros__rosidl_typesupport_fastrtps_c.dir/flags.make' has modification time 1766048709 s in the future
[5.924s] gmake[2]: warning:  Clock skew detected.  Your build may be incomplete.
[5.950s] gmake[2]: Warning: File 'CMakeFiles/orb_slam2_ros__rosidl_typesupport_fastrtps_c.dir/flags.make' has modification time 1766048709 s in the future
[5.952s] gmake[2]: warning:  Clock skew detected.  Your build may be incomplete.
[6.069s] [ 78%] Built target orb_slam2_ros__rosidl_typesupport_fastrtps_c
[6.096s] gmake[2]: Warning: File 'CMakeFiles/orb_slam2_ros__rosidl_typesupport_c.dir/flags.make' has modification time 1766048708 s in the future
[6.195s] gmake[2]: warning:  Clock skew detected.  Your build may be incomplete.
[6.218s] gmake[2]: Warning: File 'CMakeFiles/orb_slam2_ros__rosidl_typesupport_c.dir/flags.make' has modification time 1766048708 s in the future
[6.218s] gmake[2]: warning:  Clock skew detected.  Your build may be incomplete.
[6.330s] [ 82%] Built target orb_slam2_ros__rosidl_typesupport_c
[6.351s] gmake[2]: Warning: File 'CMakeFiles/orb_slam2_ros__rosidl_typesupport_introspection_c.dir/flags.make' has modification time 1766048708 s in the future
[6.461s] gmake[2]: warning:  Clock skew detected.  Your build may be incomplete.
[6.485s] gmake[2]: Warning: File 'CMakeFiles/orb_slam2_ros__rosidl_typesupport_introspection_c.dir/flags.make' has modification time 1766048708 s in the future
[6.485s] gmake[2]: warning:  Clock skew detected.  Your build may be incomplete.
[6.592s] [ 86%] Built target orb_slam2_ros__rosidl_typesupport_introspection_c
[6.618s] gmake[2]: Warning: File 'CMakeFiles/orb_slam2_ros.dir/progress.make' has modification time 1766048708 s in the future
[6.731s] gmake[2]: warning:  Clock skew detected.  Your build may be incomplete.
[6.751s] gmake[2]: Warning: File 'CMakeFiles/orb_slam2_ros.dir/progress.make' has modification time 1766048708 s in the future
[6.752s] gmake[2]: warning:  Clock skew detected.  Your build may be incomplete.
[6.866s] [ 86%] Built target orb_slam2_ros
[6.890s] gmake[2]: Warning: File 'orb_slam2_ros__py/CMakeFiles/orb_slam2_ros__py.dir/progress.make' has modification time 1766048708 s in the future
[7.000s] gmake[2]: warning:  Clock skew detected.  Your build may be incomplete.
[7.024s] gmake[2]: Warning: File 'orb_slam2_ros__py/CMakeFiles/orb_slam2_ros__py.dir/progress.make' has modification time 1766048708 s in the future
[7.025s] gmake[2]: warning:  Clock skew detected.  Your build may be incomplete.
[7.135s] [ 87%] Built target orb_slam2_ros__py
[7.181s] gmake[2]: Warning: File 'CMakeFiles/orb_slam2_ros_rgbd.dir/flags.make' has modification time 1766048708 s in the future
[7.305s] gmake[2]: warning:  Clock skew detected.  Your build may be incomplete.
[7.349s] gmake[2]: Warning: File 'CMakeFiles/orb_slam2_ros_rgbd.dir/flags.make' has modification time 1766048707 s in the future
[7.361s] gmake[2]: warning:  Clock skew detected.  Your build may be incomplete.
[7.473s] [ 90%] Built target orb_slam2_ros_rgbd
[7.503s] gmake[2]: Warning: File 'CMakeFiles/orb_slam2_ros__rosidl_generator_py.dir/flags.make' has modification time 1766048707 s in the future
[7.616s] gmake[2]: warning:  Clock skew detected.  Your build may be incomplete.
[7.641s] gmake[2]: Warning: File 'CMakeFiles/orb_slam2_ros__rosidl_generator_py.dir/flags.make' has modification time 1766048707 s in the future
[7.642s] gmake[2]: warning:  Clock skew detected.  Your build may be incomplete.
[7.767s] [ 93%] Built target orb_slam2_ros__rosidl_generator_py
[7.791s] gmake[2]: Warning: File 'CMakeFiles/orb_slam2_ros__rosidl_typesupport_fastrtps_c__pyext.dir/flags.make' has modification time 1766048707 s in the future
[7.904s] gmake[2]: warning:  Clock skew detected.  Your build may be incomplete.
[7.923s] gmake[2]: Warning: File 'CMakeFiles/orb_slam2_ros__rosidl_typesupport_fastrtps_c__pyext.dir/flags.make' has modification time 1766048707 s in the future
[7.924s] gmake[2]: warning:  Clock skew detected.  Your build may be incomplete.
[8.036s] [ 95%] Built target orb_slam2_ros__rosidl_typesupport_fastrtps_c__pyext
[8.065s] gmake[2]: Warning: File 'CMakeFiles/orb_slam2_ros__rosidl_typesupport_c__pyext.dir/flags.make' has modification time 1766048706 s in the future
[8.182s] gmake[2]: warning:  Clock skew detected.  Your build may be incomplete.
[8.208s] gmake[2]: Warning: File 'CMakeFiles/orb_slam2_ros__rosidl_typesupport_c__pyext.dir/flags.make' has modification time 1766048706 s in the future
[8.210s] gmake[2]: warning:  Clock skew detected.  Your build may be incomplete.
[8.337s] [ 97%] Built target orb_slam2_ros__rosidl_typesupport_c__pyext
[8.361s] gmake[2]: Warning: File 'CMakeFiles/orb_slam2_ros__rosidl_typesupport_introspection_c__pyext.dir/flags.make' has modification time 1766048706 s in the future
[8.472s] gmake[2]: warning:  Clock skew detected.  Your build may be incomplete.
[8.495s] gmake[2]: Warning: File 'CMakeFiles/orb_slam2_ros__rosidl_typesupport_introspection_c__pyext.dir/flags.make' has modification time 1766048706 s in the future
[8.496s] gmake[2]: warning:  Clock skew detected.  Your build may be incomplete.
[8.609s] [100%] Built target orb_slam2_ros__rosidl_typesupport_introspection_c__pyext
[8.611s] gmake[1]: warning:  Clock skew detected.  Your build may be incomplete.
[8.707s] gmake: warning:  Clock skew detected.  Your build may be incomplete.
