[0.107s] Invoking command in '/home/wheeltec/wheeltec_ros2/build/wheeltec_mic_aiui': CMAKE_PREFIX_PATH=${CMAKE_PREFIX_PATH}:/home/wheeltec/wheeltec_ros2/install/simple_follower_ros2:/home/wheeltec/wheeltec_ros2/install/wheeltec_robot_keyboard:/home/wheeltec/wheeltec_ros2/install/wheeltec_dual_rtk_driver:/home/wheeltec/wheeltec_ros2/install/ultralytics_ros2:/home/wheeltec/wheeltec_ros2/install/tf2_tools:/home/wheeltec/wheeltec_ros2/install/ollama_ros_chat:/home/wheeltec/wheeltec_ros2/install/nmea_navsat_driver:/home/wheeltec/wheeltec_ros2/install/nav2_waypoint_cycle:/home/wheeltec/wheeltec_ros2/install/nav2_simple_commander:/home/wheeltec/wheeltec_ros2/install/largemodel:/home/wheeltec/wheeltec_ros2/install/auto_recharge_ros2:/home/wheeltec/autoware/install/autoware_wheeltec_interface:/home/wheeltec/autoware/install/ad_api_visualizers:/opt/ros/humble /usr/bin/cmake --build /home/wheeltec/wheeltec_ros2/build/wheeltec_mic_aiui -- -j6 -l6
[0.737s] [  8%] Built target chat_service
[0.738s] [ 20%] Built target wheeltec_mic
[0.740s] [ 29%] Built target motion_control
[0.756s] [ 83%] Built target wheeltec_mic_aiui
[0.774s] [ 91%] Built target node_feedback
[0.785s] [100%] Built target command_recognition
[0.872s] Invoked command in '/home/wheeltec/wheeltec_ros2/build/wheeltec_mic_aiui' returned '0': CMAKE_PREFIX_PATH=${CMAKE_PREFIX_PATH}:/home/wheeltec/wheeltec_ros2/install/simple_follower_ros2:/home/wheeltec/wheeltec_ros2/install/wheeltec_robot_keyboard:/home/wheeltec/wheeltec_ros2/install/wheeltec_dual_rtk_driver:/home/wheeltec/wheeltec_ros2/install/ultralytics_ros2:/home/wheeltec/wheeltec_ros2/install/tf2_tools:/home/wheeltec/wheeltec_ros2/install/ollama_ros_chat:/home/wheeltec/wheeltec_ros2/install/nmea_navsat_driver:/home/wheeltec/wheeltec_ros2/install/nav2_waypoint_cycle:/home/wheeltec/wheeltec_ros2/install/nav2_simple_commander:/home/wheeltec/wheeltec_ros2/install/largemodel:/home/wheeltec/wheeltec_ros2/install/auto_recharge_ros2:/home/wheeltec/autoware/install/autoware_wheeltec_interface:/home/wheeltec/autoware/install/ad_api_visualizers:/opt/ros/humble /usr/bin/cmake --build /home/wheeltec/wheeltec_ros2/build/wheeltec_mic_aiui -- -j6 -l6
[0.992s] Invoking command in '/home/wheeltec/wheeltec_ros2/build/wheeltec_mic_aiui': CMAKE_PREFIX_PATH=${CMAKE_PREFIX_PATH}:/home/wheeltec/wheeltec_ros2/install/simple_follower_ros2:/home/wheeltec/wheeltec_ros2/install/wheeltec_robot_keyboard:/home/wheeltec/wheeltec_ros2/install/wheeltec_dual_rtk_driver:/home/wheeltec/wheeltec_ros2/install/ultralytics_ros2:/home/wheeltec/wheeltec_ros2/install/tf2_tools:/home/wheeltec/wheeltec_ros2/install/ollama_ros_chat:/home/wheeltec/wheeltec_ros2/install/nmea_navsat_driver:/home/wheeltec/wheeltec_ros2/install/nav2_waypoint_cycle:/home/wheeltec/wheeltec_ros2/install/nav2_simple_commander:/home/wheeltec/wheeltec_ros2/install/largemodel:/home/wheeltec/wheeltec_ros2/install/auto_recharge_ros2:/home/wheeltec/autoware/install/autoware_wheeltec_interface:/home/wheeltec/autoware/install/ad_api_visualizers:/opt/ros/humble /usr/bin/cmake --install /home/wheeltec/wheeltec_ros2/build/wheeltec_mic_aiui
[1.100s] -- Install configuration: ""
[1.101s] -- Up-to-date: /home/wheeltec/wheeltec_ros2/install/wheeltec_mic_aiui/share/wheeltec_mic_aiui/launch
[1.101s] -- Up-to-date: /home/wheeltec/wheeltec_ros2/install/wheeltec_mic_aiui/share/wheeltec_mic_aiui/launch/mic_start.launch.py
[1.101s] -- Up-to-date: /home/wheeltec/wheeltec_ros2/install/wheeltec_mic_aiui/share/wheeltec_mic_aiui/launch/include
[1.102s] -- Up-to-date: /home/wheeltec/wheeltec_ros2/install/wheeltec_mic_aiui/share/wheeltec_mic_aiui/launch/include/voi_navigation.launch.py
[1.102s] -- Up-to-date: /home/wheeltec/wheeltec_ros2/install/wheeltec_mic_aiui/share/wheeltec_mic_aiui/launch/include/lasertracker.launch.py
[1.102s] -- Up-to-date: /home/wheeltec/wheeltec_ros2/install/wheeltec_mic_aiui/share/wheeltec_mic_aiui/launch/include/laserfollower.launch.py
[1.102s] -- Up-to-date: /home/wheeltec/wheeltec_ros2/install/wheeltec_mic_aiui/share/wheeltec_mic_aiui/launch/aiui_chat.launch.py
[1.103s] -- Up-to-date: /home/wheeltec/wheeltec_ros2/install/wheeltec_mic_aiui/share/wheeltec_mic_aiui/launch/base.launch.py
[1.103s] -- Up-to-date: /home/wheeltec/wheeltec_ros2/install/wheeltec_mic_aiui/share/wheeltec_mic_aiui/AIUI
[1.104s] -- Up-to-date: /home/wheeltec/wheeltec_ros2/install/wheeltec_mic_aiui/share/wheeltec_mic_aiui/AIUI/esr_10801
[1.104s] -- Up-to-date: /home/wheeltec/wheeltec_ros2/install/wheeltec_mic_aiui/share/wheeltec_mic_aiui/AIUI/esr_10801/esr.cfg
[1.104s] -- Up-to-date: /home/wheeltec/wheeltec_ros2/install/wheeltec_mic_aiui/share/wheeltec_mic_aiui/AIUI/esr_10801/esr.log
[1.104s] -- Up-to-date: /home/wheeltec/wheeltec_ros2/install/wheeltec_mic_aiui/share/wheeltec_mic_aiui/AIUI/esr_10801/grammar
[1.104s] -- Up-to-date: /home/wheeltec/wheeltec_ros2/install/wheeltec_mic_aiui/share/wheeltec_mic_aiui/AIUI/assets
[1.105s] -- Up-to-date: /home/wheeltec/wheeltec_ros2/install/wheeltec_mic_aiui/share/wheeltec_mic_aiui/AIUI/assets/vtn
[1.105s] -- Up-to-date: /home/wheeltec/wheeltec_ros2/install/wheeltec_mic_aiui/share/wheeltec_mic_aiui/AIUI/assets/vtn/vtn.ini
[1.105s] -- Up-to-date: /home/wheeltec/wheeltec_ros2/install/wheeltec_mic_aiui/share/wheeltec_mic_aiui/AIUI/assets/vtn/res.bin
[1.105s] -- Up-to-date: /home/wheeltec/wheeltec_ros2/install/wheeltec_mic_aiui/share/wheeltec_mic_aiui/AIUI/assets/esr
[1.105s] -- Up-to-date: /home/wheeltec/wheeltec_ros2/install/wheeltec_mic_aiui/share/wheeltec_mic_aiui/AIUI/assets/esr/contact.jet
[1.106s] -- Up-to-date: /home/wheeltec/wheeltec_ros2/install/wheeltec_mic_aiui/share/wheeltec_mic_aiui/AIUI/assets/esr/esr.jet
[1.106s] -- Up-to-date: /home/wheeltec/wheeltec_ros2/install/wheeltec_mic_aiui/share/wheeltec_mic_aiui/AIUI/assets/xtts
[1.106s] -- Up-to-date: /home/wheeltec/wheeltec_ros2/install/wheeltec_mic_aiui/share/wheeltec_mic_aiui/AIUI/assets/xtts/xiaofeng.jet
[1.106s] -- Up-to-date: /home/wheeltec/wheeltec_ros2/install/wheeltec_mic_aiui/share/wheeltec_mic_aiui/AIUI/assets/xtts/xiaoqian.jet
[1.107s] -- Up-to-date: /home/wheeltec/wheeltec_ros2/install/wheeltec_mic_aiui/share/wheeltec_mic_aiui/AIUI/assets/xtts/yifeng.jet
[1.107s] -- Up-to-date: /home/wheeltec/wheeltec_ros2/install/wheeltec_mic_aiui/share/wheeltec_mic_aiui/AIUI/assets/xtts/xiaoqiang.jet
[1.107s] -- Up-to-date: /home/wheeltec/wheeltec_ros2/install/wheeltec_mic_aiui/share/wheeltec_mic_aiui/AIUI/assets/xtts/chongchong.jet
[1.107s] -- Up-to-date: /home/wheeltec/wheeltec_ros2/install/wheeltec_mic_aiui/share/wheeltec_mic_aiui/AIUI/assets/xtts/xiaomei.jet
[1.107s] -- Up-to-date: /home/wheeltec/wheeltec_ros2/install/wheeltec_mic_aiui/share/wheeltec_mic_aiui/AIUI/assets/xtts/xiaomeng.jet
[1.108s] -- Up-to-date: /home/wheeltec/wheeltec_ros2/install/wheeltec_mic_aiui/share/wheeltec_mic_aiui/AIUI/assets/xtts/xiaoxue.jet
[1.108s] -- Up-to-date: /home/wheeltec/wheeltec_ros2/install/wheeltec_mic_aiui/share/wheeltec_mic_aiui/AIUI/assets/xtts/xiaokun.jet
[1.108s] -- Up-to-date: /home/wheeltec/wheeltec_ros2/install/wheeltec_mic_aiui/share/wheeltec_mic_aiui/AIUI/assets/xtts/xiaodong.jet
[1.108s] -- Up-to-date: /home/wheeltec/wheeltec_ros2/install/wheeltec_mic_aiui/share/wheeltec_mic_aiui/AIUI/assets/xtts/catherine.jet
[1.108s] -- Up-to-date: /home/wheeltec/wheeltec_ros2/install/wheeltec_mic_aiui/share/wheeltec_mic_aiui/AIUI/assets/xtts/xiaoshi.jet
[1.108s] -- Up-to-date: /home/wheeltec/wheeltec_ros2/install/wheeltec_mic_aiui/share/wheeltec_mic_aiui/AIUI/assets/xtts/xiaoyuan.jet
[1.109s] -- Up-to-date: /home/wheeltec/wheeltec_ros2/install/wheeltec_mic_aiui/share/wheeltec_mic_aiui/AIUI/assets/xtts/john.jet
[1.109s] -- Up-to-date: /home/wheeltec/wheeltec_ros2/install/wheeltec_mic_aiui/share/wheeltec_mic_aiui/AIUI/assets/xtts/xiaolin.jet
[1.109s] -- Up-to-date: /home/wheeltec/wheeltec_ros2/install/wheeltec_mic_aiui/share/wheeltec_mic_aiui/AIUI/assets/xtts/xiaofei.jet
[1.109s] -- Up-to-date: /home/wheeltec/wheeltec_ros2/install/wheeltec_mic_aiui/share/wheeltec_mic_aiui/AIUI/assets/xtts/common_CnCn.jet
[1.109s] -- Up-to-date: /home/wheeltec/wheeltec_ros2/install/wheeltec_mic_aiui/share/wheeltec_mic_aiui/AIUI/assets/xtts/xiaofang.jet
[1.109s] -- Up-to-date: /home/wheeltec/wheeltec_ros2/install/wheeltec_mic_aiui/share/wheeltec_mic_aiui/AIUI/assets/xtts/qianqian.jet
[1.110s] -- Up-to-date: /home/wheeltec/wheeltec_ros2/install/wheeltec_mic_aiui/share/wheeltec_mic_aiui/AIUI/assets/xtts/xiaoyan.jet
[1.110s] -- Up-to-date: /home/wheeltec/wheeltec_ros2/install/wheeltec_mic_aiui/share/wheeltec_mic_aiui/AIUI/assets/xtts/xiaobao.jet
[1.110s] -- Up-to-date: /home/wheeltec/wheeltec_ros2/install/wheeltec_mic_aiui/share/wheeltec_mic_aiui/AIUI/assets/xtts/xiaorong.jet
[1.110s] -- Up-to-date: /home/wheeltec/wheeltec_ros2/install/wheeltec_mic_aiui/share/wheeltec_mic_aiui/AIUI/assets/xtts/xiaowang.jet
[1.110s] -- Up-to-date: /home/wheeltec/wheeltec_ros2/install/wheeltec_mic_aiui/share/wheeltec_mic_aiui/AIUI/assets/xtts/nannan.jet
[1.110s] -- Up-to-date: /home/wheeltec/wheeltec_ros2/install/wheeltec_mic_aiui/share/wheeltec_mic_aiui/AIUI/assets/xtts/xiaoying.jet
[1.110s] -- Up-to-date: /home/wheeltec/wheeltec_ros2/install/wheeltec_mic_aiui/share/wheeltec_mic_aiui/AIUI/msc
[1.110s] -- Up-to-date: /home/wheeltec/wheeltec_ros2/install/wheeltec_mic_aiui/share/wheeltec_mic_aiui/AIUI/msc/msc.cfg
[1.110s] -- Up-to-date: /home/wheeltec/wheeltec_ros2/install/wheeltec_mic_aiui/share/wheeltec_mic_aiui/AIUI/msc/40be1a8bba4e1264909677def48f42ee
[1.110s] -- Up-to-date: /home/wheeltec/wheeltec_ros2/install/wheeltec_mic_aiui/share/wheeltec_mic_aiui/AIUI/msc/40be1a8bba4e1264909677def48f42ee/local.6.6.0001.0047
[1.110s] -- Up-to-date: /home/wheeltec/wheeltec_ros2/install/wheeltec_mic_aiui/share/wheeltec_mic_aiui/AIUI/msc/40be1a8bba4e1264909677def48f42ee/local.6.6.0001.0047/local.cache
[1.110s] -- Up-to-date: /home/wheeltec/wheeltec_ros2/install/wheeltec_mic_aiui/share/wheeltec_mic_aiui/AIUI/msc/7b8b82d171b126a5dcdd8e70adb0e4d3
[1.111s] -- Up-to-date: /home/wheeltec/wheeltec_ros2/install/wheeltec_mic_aiui/share/wheeltec_mic_aiui/AIUI/msc/7b8b82d171b126a5dcdd8e70adb0e4d3/ns.6.6.0001.0047
[1.111s] -- Installing: /home/wheeltec/wheeltec_ros2/install/wheeltec_mic_aiui/share/wheeltec_mic_aiui/AIUI/msc/7b8b82d171b126a5dcdd8e70adb0e4d3/ns.6.6.0001.0047/ns.cache
[1.111s] -- Up-to-date: /home/wheeltec/wheeltec_ros2/install/wheeltec_mic_aiui/share/wheeltec_mic_aiui/AIUI/msc/7b8b82d171b126a5dcdd8e70adb0e4d3/local.6.6.0001.0047
[1.111s] -- Installing: /home/wheeltec/wheeltec_ros2/install/wheeltec_mic_aiui/share/wheeltec_mic_aiui/AIUI/msc/7b8b82d171b126a5dcdd8e70adb0e4d3/local.6.6.0001.0047/local.cache
[1.111s] -- Installing: /home/wheeltec/wheeltec_ros2/install/wheeltec_mic_aiui/share/wheeltec_mic_aiui/AIUI/msc/aiui.log
[1.141s] -- Up-to-date: /home/wheeltec/wheeltec_ros2/install/wheeltec_mic_aiui/share/wheeltec_mic_aiui/AIUI/audio
[1.141s] -- Up-to-date: /home/wheeltec/wheeltec_ros2/install/wheeltec_mic_aiui/share/wheeltec_mic_aiui/AIUI/audio/test.pcm
[1.141s] -- Up-to-date: /home/wheeltec/wheeltec_ros2/install/wheeltec_mic_aiui/share/wheeltec_mic_aiui/AIUI/cfg
[1.141s] -- Installing: /home/wheeltec/wheeltec_ros2/install/wheeltec_mic_aiui/share/wheeltec_mic_aiui/AIUI/cfg/aiui.cfg
[1.141s] -- Installing: /home/wheeltec/wheeltec_ros2/install/wheeltec_mic_aiui/share/wheeltec_mic_aiui/AIUI/cfg/aiui.cfg1
[1.141s] -- Up-to-date: /home/wheeltec/wheeltec_ros2/install/wheeltec_mic_aiui/share/wheeltec_mic_aiui/config
[1.142s] -- Up-to-date: /home/wheeltec/wheeltec_ros2/install/wheeltec_mic_aiui/share/wheeltec_mic_aiui/config/param.yaml
[1.143s] -- Execute custom install script
[1.144s] -- Up-to-date symlink: /home/wheeltec/wheeltec_ros2/install/wheeltec_mic_aiui/lib/wheeltec_mic_aiui/wheeltec_mic_aiui
[1.144s] -- Up-to-date symlink: /home/wheeltec/wheeltec_ros2/install/wheeltec_mic_aiui/lib/wheeltec_mic_aiui/node_feedback
[1.145s] -- Up-to-date symlink: /home/wheeltec/wheeltec_ros2/install/wheeltec_mic_aiui/lib/wheeltec_mic_aiui/command_recognition
[1.145s] -- Up-to-date symlink: /home/wheeltec/wheeltec_ros2/install/wheeltec_mic_aiui/lib/wheeltec_mic_aiui/wheeltec_mic
[1.145s] -- Up-to-date symlink: /home/wheeltec/wheeltec_ros2/install/wheeltec_mic_aiui/lib/wheeltec_mic_aiui/motion_control
[1.146s] -- Up-to-date symlink: /home/wheeltec/wheeltec_ros2/install/wheeltec_mic_aiui/lib/wheeltec_mic_aiui/chat_service
[1.146s] -- Up-to-date symlink: /home/wheeltec/wheeltec_ros2/install/wheeltec_mic_aiui/share/ament_index/resource_index/package_run_dependencies/wheeltec_mic_aiui
[1.147s] -- Up-to-date symlink: /home/wheeltec/wheeltec_ros2/install/wheeltec_mic_aiui/share/ament_index/resource_index/parent_prefix_path/wheeltec_mic_aiui
[1.147s] -- Up-to-date symlink: /home/wheeltec/wheeltec_ros2/install/wheeltec_mic_aiui/share/wheeltec_mic_aiui/environment/ament_prefix_path.sh
[1.147s] -- Up-to-date symlink: /home/wheeltec/wheeltec_ros2/install/wheeltec_mic_aiui/share/wheeltec_mic_aiui/environment/ament_prefix_path.dsv
[1.148s] -- Up-to-date symlink: /home/wheeltec/wheeltec_ros2/install/wheeltec_mic_aiui/share/wheeltec_mic_aiui/environment/path.sh
[1.148s] -- Up-to-date symlink: /home/wheeltec/wheeltec_ros2/install/wheeltec_mic_aiui/share/wheeltec_mic_aiui/environment/path.dsv
[1.148s] -- Up-to-date symlink: /home/wheeltec/wheeltec_ros2/install/wheeltec_mic_aiui/share/wheeltec_mic_aiui/local_setup.bash
[1.149s] -- Up-to-date symlink: /home/wheeltec/wheeltec_ros2/install/wheeltec_mic_aiui/share/wheeltec_mic_aiui/local_setup.sh
[1.149s] -- Up-to-date symlink: /home/wheeltec/wheeltec_ros2/install/wheeltec_mic_aiui/share/wheeltec_mic_aiui/local_setup.zsh
[1.150s] -- Up-to-date symlink: /home/wheeltec/wheeltec_ros2/install/wheeltec_mic_aiui/share/wheeltec_mic_aiui/local_setup.dsv
[1.150s] -- Symlinking: /home/wheeltec/wheeltec_ros2/install/wheeltec_mic_aiui/share/wheeltec_mic_aiui/package.dsv
[1.230s] -- Up-to-date symlink: /home/wheeltec/wheeltec_ros2/install/wheeltec_mic_aiui/share/ament_index/resource_index/packages/wheeltec_mic_aiui
[1.231s] -- Up-to-date symlink: /home/wheeltec/wheeltec_ros2/install/wheeltec_mic_aiui/share/wheeltec_mic_aiui/cmake/wheeltec_mic_aiuiConfig.cmake
[1.231s] -- Up-to-date symlink: /home/wheeltec/wheeltec_ros2/install/wheeltec_mic_aiui/share/wheeltec_mic_aiui/cmake/wheeltec_mic_aiuiConfig-version.cmake
[1.232s] -- Up-to-date symlink: /home/wheeltec/wheeltec_ros2/install/wheeltec_mic_aiui/share/wheeltec_mic_aiui/package.xml
[1.239s] Invoked command in '/home/wheeltec/wheeltec_ros2/build/wheeltec_mic_aiui' returned '0': CMAKE_PREFIX_PATH=${CMAKE_PREFIX_PATH}:/home/wheeltec/wheeltec_ros2/install/simple_follower_ros2:/home/wheeltec/wheeltec_ros2/install/wheeltec_robot_keyboard:/home/wheeltec/wheeltec_ros2/install/wheeltec_dual_rtk_driver:/home/wheeltec/wheeltec_ros2/install/ultralytics_ros2:/home/wheeltec/wheeltec_ros2/install/tf2_tools:/home/wheeltec/wheeltec_ros2/install/ollama_ros_chat:/home/wheeltec/wheeltec_ros2/install/nmea_navsat_driver:/home/wheeltec/wheeltec_ros2/install/nav2_waypoint_cycle:/home/wheeltec/wheeltec_ros2/install/nav2_simple_commander:/home/wheeltec/wheeltec_ros2/install/largemodel:/home/wheeltec/wheeltec_ros2/install/auto_recharge_ros2:/home/wheeltec/autoware/install/autoware_wheeltec_interface:/home/wheeltec/autoware/install/ad_api_visualizers:/opt/ros/humble /usr/bin/cmake --install /home/wheeltec/wheeltec_ros2/build/wheeltec_mic_aiui
