gmake: Warning: File 'Makefile' has modification time 1766048201 s in the future
gmake[1]: Warning: File 'CMakeFiles/Makefile2' has modification time 1766048200 s in the future
gmake[2]: Warning: File 'CMakeFiles/ublox_msgs__cpp.dir/progress.make' has modification time 1766048200 s in the future
gmake[2]: Warning: File 'CMakeFiles/ament_cmake_python_symlink_ublox_msgs.dir/progress.make' has modification time 1766048200 s in the future
gmake[2]: Warning: File 'CMakeFiles/ublox_msgs__rosidl_generator_c.dir/flags.make' has modification time 1766048200 s in the future
gmake[2]: warning:  Clock skew detected.  Your build may be incomplete.
gmake[2]: warning:  Clock skew detected.  Your build may be incomplete.
gmake[2]: Warning: File 'CMakeFiles/ament_cmake_python_symlink_ublox_msgs.dir/progress.make' has modification time 1766048200 s in the future
gmake[2]: Warning: File 'CMakeFiles/ublox_msgs__rosidl_generator_c.dir/flags.make' has modification time 1766048200 s in the future
gmake[2]: warning:  Clock skew detected.  Your build may be incomplete.
gmake[2]: warning:  Clock skew detected.  Your build may be incomplete.
gmake[2]: Warning: File 'CMakeFiles/ublox_msgs__cpp.dir/progress.make' has modification time 1766048200 s in the future
gmake[2]: warning:  Clock skew detected.  Your build may be incomplete.
gmake[2]: warning:  Clock skew detected.  Your build may be incomplete.
gmake[2]: Warning: File 'CMakeFiles/ublox_msgs__rosidl_typesupport_c.dir/flags.make' has modification time 1766048199 s in the future
gmake[2]: Warning: File 'CMakeFiles/ublox_msgs__rosidl_typesupport_introspection_c.dir/flags.make' has modification time 1766048199 s in the future
gmake[2]: Warning: File 'CMakeFiles/ublox_msgs__rosidl_typesupport_fastrtps_c.dir/flags.make' has modification time 1766048199 s in the future
gmake[2]: warning:  Clock skew detected.  Your build may be incomplete.
gmake[2]: Warning: File 'CMakeFiles/ublox_msgs__rosidl_typesupport_cpp.dir/flags.make' has modification time 1766048199 s in the future
gmake[2]: Warning: File 'CMakeFiles/ublox_msgs__rosidl_typesupport_introspection_cpp.dir/flags.make' has modification time 1766048199 s in the future
gmake[2]: Warning: File 'CMakeFiles/ublox_msgs__rosidl_typesupport_fastrtps_cpp.dir/flags.make' has modification time 1766048199 s in the future
gmake[2]: warning:  Clock skew detected.  Your build may be incomplete.
gmake[2]: Warning: File 'CMakeFiles/ublox_msgs__rosidl_typesupport_c.dir/flags.make' has modification time 1766048199 s in the future
gmake[2]: warning:  Clock skew detected.  Your build may be incomplete.
gmake[2]: warning:  Clock skew detected.  Your build may be incomplete.
gmake[2]: Warning: File 'CMakeFiles/ublox_msgs__rosidl_typesupport_introspection_c.dir/flags.make' has modification time 1766048199 s in the future
gmake[2]: Warning: File 'CMakeFiles/ublox_msgs__rosidl_typesupport_fastrtps_c.dir/flags.make' has modification time 1766048198 s in the future
gmake[2]: warning:  Clock skew detected.  Your build may be incomplete.
gmake[2]: warning:  Clock skew detected.  Your build may be incomplete.
gmake[2]: warning:  Clock skew detected.  Your build may be incomplete.
gmake[2]: warning:  Clock skew detected.  Your build may be incomplete.
gmake[2]: Warning: File 'CMakeFiles/ament_cmake_python_build_ublox_msgs_egg.dir/progress.make' has modification time 1766048198 s in the future
gmake[2]: Warning: File 'CMakeFiles/ublox_msgs__rosidl_typesupport_introspection_cpp.dir/flags.make' has modification time 1766048198 s in the future
gmake[2]: warning:  Clock skew detected.  Your build may be incomplete.
gmake[2]: Warning: File 'CMakeFiles/ublox_msgs__rosidl_typesupport_cpp.dir/flags.make' has modification time 1766048198 s in the future
gmake[2]: warning:  Clock skew detected.  Your build may be incomplete.
gmake[2]: warning:  Clock skew detected.  Your build may be incomplete.
gmake[2]: Warning: File 'CMakeFiles/ublox_msgs__rosidl_typesupport_fastrtps_cpp.dir/flags.make' has modification time 1766048198 s in the future
gmake[2]: warning:  Clock skew detected.  Your build may be incomplete.
gmake[2]: warning:  Clock skew detected.  Your build may be incomplete.
gmake[2]: Warning: File 'CMakeFiles/ament_cmake_python_build_ublox_msgs_egg.dir/progress.make' has modification time 1766048198 s in the future
gmake[2]: Warning: File 'CMakeFiles/ublox_msgs_lib.dir/flags.make' has modification time 1766048198 s in the future
gmake[2]: Warning: File 'CMakeFiles/ublox_msgs.dir/progress.make' has modification time 1766048198 s in the future
gmake[2]: warning:  Clock skew detected.  Your build may be incomplete.
gmake[2]: warning:  Clock skew detected.  Your build may be incomplete.
gmake[2]: Warning: File 'CMakeFiles/ublox_msgs_lib.dir/flags.make' has modification time 1766048198 s in the future
gmake[2]: warning:  Clock skew detected.  Your build may be incomplete.
gmake[2]: Warning: File 'CMakeFiles/ublox_msgs.dir/progress.make' has modification time 1766048198 s in the future
gmake[2]: warning:  Clock skew detected.  Your build may be incomplete.
gmake[2]: Warning: File 'ublox_msgs__py/CMakeFiles/ublox_msgs__py.dir/progress.make' has modification time 1766048198 s in the future
gmake[2]: warning:  Clock skew detected.  Your build may be incomplete.
gmake[2]: Warning: File 'ublox_msgs__py/CMakeFiles/ublox_msgs__py.dir/progress.make' has modification time 1766048197 s in the future
gmake[2]: warning:  Clock skew detected.  Your build may be incomplete.
gmake[2]: Warning: File 'CMakeFiles/ublox_msgs__rosidl_generator_py.dir/flags.make' has modification time 1766048197 s in the future
gmake[2]: warning:  Clock skew detected.  Your build may be incomplete.
gmake[2]: Warning: File 'CMakeFiles/ublox_msgs__rosidl_generator_py.dir/flags.make' has modification time 1766048197 s in the future
gmake[2]: warning:  Clock skew detected.  Your build may be incomplete.
gmake[2]: warning:  Clock skew detected.  Your build may be incomplete.
gmake[2]: Warning: File 'CMakeFiles/ublox_msgs__rosidl_typesupport_fastrtps_c__pyext.dir/flags.make' has modification time 1766048196 s in the future
gmake[2]: Warning: File 'CMakeFiles/ublox_msgs__rosidl_typesupport_introspection_c__pyext.dir/flags.make' has modification time 1766048196 s in the future
gmake[2]: Warning: File 'CMakeFiles/ublox_msgs__rosidl_typesupport_c__pyext.dir/flags.make' has modification time 1766048196 s in the future
gmake[2]: warning:  Clock skew detected.  Your build may be incomplete.
gmake[2]: Warning: File 'CMakeFiles/ublox_msgs__rosidl_typesupport_c__pyext.dir/flags.make' has modification time 1766048196 s in the future
gmake[2]: warning:  Clock skew detected.  Your build may be incomplete.
gmake[2]: warning:  Clock skew detected.  Your build may be incomplete.
gmake[2]: warning:  Clock skew detected.  Your build may be incomplete.
gmake[2]: Warning: File 'CMakeFiles/ublox_msgs__rosidl_typesupport_fastrtps_c__pyext.dir/flags.make' has modification time 1766048196 s in the future
gmake[2]: warning:  Clock skew detected.  Your build may be incomplete.
gmake[2]: Warning: File 'CMakeFiles/ublox_msgs__rosidl_typesupport_introspection_c__pyext.dir/flags.make' has modification time 1766048196 s in the future
gmake[2]: warning:  Clock skew detected.  Your build may be incomplete.
gmake[1]: warning:  Clock skew detected.  Your build may be incomplete.
gmake: warning:  Clock skew detected.  Your build may be incomplete.
