[0.215s] Invoking command in '/home/wheeltec/wheeltec_ros2/build/wheeltec_rrt_msg': CMAKE_PREFIX_PATH=${CMAKE_PREFIX_PATH}:/home/wheeltec/wheeltec_ros2/install/wheeltec_robot_keyboard:/home/wheeltec/wheeltec_ros2/install/wheeltec_dual_rtk_driver:/home/wheeltec/wheeltec_ros2/install/ultralytics_ros2:/home/wheeltec/wheeltec_ros2/install/tf2_tools:/home/wheeltec/wheeltec_ros2/install/nav2_waypoint_cycle:/home/wheeltec/wheeltec_ros2/install/nav2_simple_commander:/home/wheeltec/wheeltec_ros2/install/auto_recharge_ros2:/home/wheeltec/autoware/install/autoware_wheeltec_interface:/home/wheeltec/autoware/install/ad_api_visualizers:/opt/ros/humble /usr/bin/cmake --build /home/wheeltec/wheeltec_ros2/build/wheeltec_rrt_msg -- -j6 -l6
[2.279s] [  1%] Built target wheeltec_rrt_msg__cpp
[2.279s] [  1%] Built target ament_cmake_python_symlink_wheeltec_rrt_msg
[2.279s] [35m[1mConsolidate compiler generated dependencies of target wheeltec_rrt_msg__rosidl_typesupport_introspection_cpp[0m
[2.279s] [ 12%] Built target wheeltec_rrt_msg__rosidl_typesupport_introspection_cpp
[2.280s] running egg_info
[2.283s] writing wheeltec_rrt_msg.egg-info/PKG-INFO
[2.301s] writing dependency_links to wheeltec_rrt_msg.egg-info/dependency_links.txt
[2.301s] writing top-level names to wheeltec_rrt_msg.egg-info/top_level.txt
[2.322s] reading manifest file 'wheeltec_rrt_msg.egg-info/SOURCES.txt'
[2.343s] writing manifest file 'wheeltec_rrt_msg.egg-info/SOURCES.txt'
[2.542s] [ 12%] Built target ament_cmake_python_build_wheeltec_rrt_msg_egg
[2.613s] [35m[1mConsolidate compiler generated dependencies of target wheeltec_rrt_msg__rosidl_typesupport_fastrtps_cpp[0m
[2.704s] [ 23%] Built target wheeltec_rrt_msg__rosidl_typesupport_fastrtps_cpp
[2.780s] [35m[1mConsolidate compiler generated dependencies of target wheeltec_rrt_msg__rosidl_typesupport_cpp[0m
[2.916s] [ 34%] Built target wheeltec_rrt_msg__rosidl_typesupport_cpp
[2.994s] [35m[1mConsolidate compiler generated dependencies of target wheeltec_rrt_msg__rosidl_generator_c[0m
[3.074s] [ 46%] Built target wheeltec_rrt_msg__rosidl_generator_c
[3.167s] [35m[1mConsolidate compiler generated dependencies of target wheeltec_rrt_msg__rosidl_typesupport_fastrtps_c[0m
[3.255s] [ 57%] Built target wheeltec_rrt_msg__rosidl_typesupport_fastrtps_c
[3.327s] [35m[1mConsolidate compiler generated dependencies of target wheeltec_rrt_msg__rosidl_typesupport_c[0m
[3.410s] [ 68%] Built target wheeltec_rrt_msg__rosidl_typesupport_c
[3.497s] [35m[1mConsolidate compiler generated dependencies of target wheeltec_rrt_msg__rosidl_typesupport_introspection_c[0m
[3.574s] [ 79%] Built target wheeltec_rrt_msg__rosidl_typesupport_introspection_c
[3.692s] [ 79%] Built target wheeltec_rrt_msg
[3.814s] [ 80%] Built target wheeltec_rrt_msg__py
[3.891s] [35m[1mConsolidate compiler generated dependencies of target wheeltec_rrt_msg__rosidl_generator_py[0m
[3.965s] [ 90%] Built target wheeltec_rrt_msg__rosidl_generator_py
[4.041s] [35m[1mConsolidate compiler generated dependencies of target wheeltec_rrt_msg__rosidl_typesupport_fastrtps_c__pyext[0m
[4.087s] [ 93%] Built target wheeltec_rrt_msg__rosidl_typesupport_fastrtps_c__pyext
[4.166s] [35m[1mConsolidate compiler generated dependencies of target wheeltec_rrt_msg__rosidl_typesupport_c__pyext[0m
[4.213s] [ 96%] Built target wheeltec_rrt_msg__rosidl_typesupport_c__pyext
[4.279s] [35m[1mConsolidate compiler generated dependencies of target wheeltec_rrt_msg__rosidl_typesupport_introspection_c__pyext[0m
[4.365s] [100%] Built target wheeltec_rrt_msg__rosidl_typesupport_introspection_c__pyext
[4.414s] Invoked command in '/home/wheeltec/wheeltec_ros2/build/wheeltec_rrt_msg' returned '0': CMAKE_PREFIX_PATH=${CMAKE_PREFIX_PATH}:/home/wheeltec/wheeltec_ros2/install/wheeltec_robot_keyboard:/home/wheeltec/wheeltec_ros2/install/wheeltec_dual_rtk_driver:/home/wheeltec/wheeltec_ros2/install/ultralytics_ros2:/home/wheeltec/wheeltec_ros2/install/tf2_tools:/home/wheeltec/wheeltec_ros2/install/nav2_waypoint_cycle:/home/wheeltec/wheeltec_ros2/install/nav2_simple_commander:/home/wheeltec/wheeltec_ros2/install/auto_recharge_ros2:/home/wheeltec/autoware/install/autoware_wheeltec_interface:/home/wheeltec/autoware/install/ad_api_visualizers:/opt/ros/humble /usr/bin/cmake --build /home/wheeltec/wheeltec_ros2/build/wheeltec_rrt_msg -- -j6 -l6
[4.415s] Invoking command in '/home/wheeltec/wheeltec_ros2/build/wheeltec_rrt_msg': CMAKE_PREFIX_PATH=${CMAKE_PREFIX_PATH}:/home/wheeltec/wheeltec_ros2/install/wheeltec_robot_keyboard:/home/wheeltec/wheeltec_ros2/install/wheeltec_dual_rtk_driver:/home/wheeltec/wheeltec_ros2/install/ultralytics_ros2:/home/wheeltec/wheeltec_ros2/install/tf2_tools:/home/wheeltec/wheeltec_ros2/install/nav2_waypoint_cycle:/home/wheeltec/wheeltec_ros2/install/nav2_simple_commander:/home/wheeltec/wheeltec_ros2/install/auto_recharge_ros2:/home/wheeltec/autoware/install/autoware_wheeltec_interface:/home/wheeltec/autoware/install/ad_api_visualizers:/opt/ros/humble /usr/bin/cmake --install /home/wheeltec/wheeltec_ros2/build/wheeltec_rrt_msg
[4.533s] -- Install configuration: ""
[4.533s] -- Execute custom install script
[4.533s] -- Up-to-date symlink: /home/wheeltec/wheeltec_ros2/install/wheeltec_rrt_msg/share/ament_index/resource_index/rosidl_interfaces/wheeltec_rrt_msg
[4.533s] -- Up-to-date symlink: /home/wheeltec/wheeltec_ros2/install/wheeltec_rrt_msg/include/wheeltec_rrt_msg/wheeltec_rrt_msg/action/change_position.h
[4.534s] -- Up-to-date symlink: /home/wheeltec/wheeltec_ros2/install/wheeltec_rrt_msg/include/wheeltec_rrt_msg/wheeltec_rrt_msg/action/detail/change_position__functions.h
[4.534s] -- Up-to-date symlink: /home/wheeltec/wheeltec_ros2/install/wheeltec_rrt_msg/include/wheeltec_rrt_msg/wheeltec_rrt_msg/action/detail/change_position__struct.h
[4.534s] -- Up-to-date symlink: /home/wheeltec/wheeltec_ros2/install/wheeltec_rrt_msg/include/wheeltec_rrt_msg/wheeltec_rrt_msg/action/detail/change_position__type_support.h
[4.534s] -- Up-to-date symlink: /home/wheeltec/wheeltec_ros2/install/wheeltec_rrt_msg/include/wheeltec_rrt_msg/wheeltec_rrt_msg/action/detail/find_coloured_box__functions.h
[4.534s] -- Up-to-date symlink: /home/wheeltec/wheeltec_ros2/install/wheeltec_rrt_msg/include/wheeltec_rrt_msg/wheeltec_rrt_msg/action/detail/find_coloured_box__struct.h
[4.534s] -- Up-to-date symlink: /home/wheeltec/wheeltec_ros2/install/wheeltec_rrt_msg/include/wheeltec_rrt_msg/wheeltec_rrt_msg/action/detail/find_coloured_box__type_support.h
[4.534s] -- Up-to-date symlink: /home/wheeltec/wheeltec_ros2/install/wheeltec_rrt_msg/include/wheeltec_rrt_msg/wheeltec_rrt_msg/action/detail/pick_coloured_box__functions.h
[4.534s] -- Up-to-date symlink: /home/wheeltec/wheeltec_ros2/install/wheeltec_rrt_msg/include/wheeltec_rrt_msg/wheeltec_rrt_msg/action/detail/pick_coloured_box__struct.h
[4.534s] -- Up-to-date symlink: /home/wheeltec/wheeltec_ros2/install/wheeltec_rrt_msg/include/wheeltec_rrt_msg/wheeltec_rrt_msg/action/detail/pick_coloured_box__type_support.h
[4.534s] -- Up-to-date symlink: /home/wheeltec/wheeltec_ros2/install/wheeltec_rrt_msg/include/wheeltec_rrt_msg/wheeltec_rrt_msg/action/find_coloured_box.h
[4.534s] -- Up-to-date symlink: /home/wheeltec/wheeltec_ros2/install/wheeltec_rrt_msg/include/wheeltec_rrt_msg/wheeltec_rrt_msg/action/pick_coloured_box.h
[4.535s] -- Up-to-date symlink: /home/wheeltec/wheeltec_ros2/install/wheeltec_rrt_msg/include/wheeltec_rrt_msg/wheeltec_rrt_msg/msg/detail/point_array__functions.h
[4.535s] -- Up-to-date symlink: /home/wheeltec/wheeltec_ros2/install/wheeltec_rrt_msg/include/wheeltec_rrt_msg/wheeltec_rrt_msg/msg/detail/point_array__struct.h
[4.535s] -- Up-to-date symlink: /home/wheeltec/wheeltec_ros2/install/wheeltec_rrt_msg/include/wheeltec_rrt_msg/wheeltec_rrt_msg/msg/detail/point_array__type_support.h
[4.535s] -- Up-to-date symlink: /home/wheeltec/wheeltec_ros2/install/wheeltec_rrt_msg/include/wheeltec_rrt_msg/wheeltec_rrt_msg/msg/point_array.h
[4.535s] -- Up-to-date symlink: /home/wheeltec/wheeltec_ros2/install/wheeltec_rrt_msg/include/wheeltec_rrt_msg/wheeltec_rrt_msg/msg/rosidl_generator_c__visibility_control.h
[4.535s] -- Up-to-date symlink: /home/wheeltec/wheeltec_ros2/install/wheeltec_rrt_msg/include/wheeltec_rrt_msg/wheeltec_rrt_msg/srv/delete_shape.h
[4.535s] -- Up-to-date symlink: /home/wheeltec/wheeltec_ros2/install/wheeltec_rrt_msg/include/wheeltec_rrt_msg/wheeltec_rrt_msg/srv/detail/delete_shape__functions.h
[4.535s] -- Up-to-date symlink: /home/wheeltec/wheeltec_ros2/install/wheeltec_rrt_msg/include/wheeltec_rrt_msg/wheeltec_rrt_msg/srv/detail/delete_shape__struct.h
[4.535s] -- Up-to-date symlink: /home/wheeltec/wheeltec_ros2/install/wheeltec_rrt_msg/include/wheeltec_rrt_msg/wheeltec_rrt_msg/srv/detail/delete_shape__type_support.h
[4.535s] -- Up-to-date symlink: /home/wheeltec/wheeltec_ros2/install/wheeltec_rrt_msg/share/wheeltec_rrt_msg/environment/library_path.sh
[4.535s] -- Up-to-date symlink: /home/wheeltec/wheeltec_ros2/install/wheeltec_rrt_msg/share/wheeltec_rrt_msg/environment/library_path.dsv
[4.536s] -- Up-to-date symlink: /home/wheeltec/wheeltec_ros2/install/wheeltec_rrt_msg/include/wheeltec_rrt_msg/wheeltec_rrt_msg/action/detail/change_position__rosidl_typesupport_fastrtps_c.h
[4.541s] -- Up-to-date symlink: /home/wheeltec/wheeltec_ros2/install/wheeltec_rrt_msg/include/wheeltec_rrt_msg/wheeltec_rrt_msg/action/detail/find_coloured_box__rosidl_typesupport_fastrtps_c.h
[4.541s] -- Up-to-date symlink: /home/wheeltec/wheeltec_ros2/install/wheeltec_rrt_msg/include/wheeltec_rrt_msg/wheeltec_rrt_msg/action/detail/pick_coloured_box__rosidl_typesupport_fastrtps_c.h
[4.541s] -- Up-to-date symlink: /home/wheeltec/wheeltec_ros2/install/wheeltec_rrt_msg/include/wheeltec_rrt_msg/wheeltec_rrt_msg/msg/detail/point_array__rosidl_typesupport_fastrtps_c.h
[4.541s] -- Up-to-date symlink: /home/wheeltec/wheeltec_ros2/install/wheeltec_rrt_msg/include/wheeltec_rrt_msg/wheeltec_rrt_msg/msg/rosidl_typesupport_fastrtps_c__visibility_control.h
[4.541s] -- Up-to-date symlink: /home/wheeltec/wheeltec_ros2/install/wheeltec_rrt_msg/include/wheeltec_rrt_msg/wheeltec_rrt_msg/srv/detail/delete_shape__rosidl_typesupport_fastrtps_c.h
[4.542s] -- Up-to-date symlink: /home/wheeltec/wheeltec_ros2/install/wheeltec_rrt_msg/include/wheeltec_rrt_msg/wheeltec_rrt_msg/action/detail/change_position__rosidl_typesupport_introspection_c.h
[4.542s] -- Up-to-date symlink: /home/wheeltec/wheeltec_ros2/install/wheeltec_rrt_msg/include/wheeltec_rrt_msg/wheeltec_rrt_msg/action/detail/find_coloured_box__rosidl_typesupport_introspection_c.h
[4.542s] -- Up-to-date symlink: /home/wheeltec/wheeltec_ros2/install/wheeltec_rrt_msg/include/wheeltec_rrt_msg/wheeltec_rrt_msg/action/detail/pick_coloured_box__rosidl_typesupport_introspection_c.h
[4.542s] -- Up-to-date symlink: /home/wheeltec/wheeltec_ros2/install/wheeltec_rrt_msg/include/wheeltec_rrt_msg/wheeltec_rrt_msg/msg/detail/point_array__rosidl_typesupport_introspection_c.h
[4.542s] -- Up-to-date symlink: /home/wheeltec/wheeltec_ros2/install/wheeltec_rrt_msg/include/wheeltec_rrt_msg/wheeltec_rrt_msg/msg/rosidl_typesupport_introspection_c__visibility_control.h
[4.542s] -- Up-to-date symlink: /home/wheeltec/wheeltec_ros2/install/wheeltec_rrt_msg/include/wheeltec_rrt_msg/wheeltec_rrt_msg/srv/detail/delete_shape__rosidl_typesupport_introspection_c.h
[4.542s] -- Up-to-date symlink: /home/wheeltec/wheeltec_ros2/install/wheeltec_rrt_msg/include/wheeltec_rrt_msg/wheeltec_rrt_msg/action/change_position.hpp
[4.542s] -- Up-to-date symlink: /home/wheeltec/wheeltec_ros2/install/wheeltec_rrt_msg/include/wheeltec_rrt_msg/wheeltec_rrt_msg/action/detail/change_position__builder.hpp
[4.542s] -- Up-to-date symlink: /home/wheeltec/wheeltec_ros2/install/wheeltec_rrt_msg/include/wheeltec_rrt_msg/wheeltec_rrt_msg/action/detail/change_position__struct.hpp
[4.542s] -- Up-to-date symlink: /home/wheeltec/wheeltec_ros2/install/wheeltec_rrt_msg/include/wheeltec_rrt_msg/wheeltec_rrt_msg/action/detail/change_position__traits.hpp
[4.543s] -- Up-to-date symlink: /home/wheeltec/wheeltec_ros2/install/wheeltec_rrt_msg/include/wheeltec_rrt_msg/wheeltec_rrt_msg/action/detail/change_position__type_support.hpp
[4.543s] -- Up-to-date symlink: /home/wheeltec/wheeltec_ros2/install/wheeltec_rrt_msg/include/wheeltec_rrt_msg/wheeltec_rrt_msg/action/detail/find_coloured_box__builder.hpp
[4.543s] -- Up-to-date symlink: /home/wheeltec/wheeltec_ros2/install/wheeltec_rrt_msg/include/wheeltec_rrt_msg/wheeltec_rrt_msg/action/detail/find_coloured_box__struct.hpp
[4.543s] -- Up-to-date symlink: /home/wheeltec/wheeltec_ros2/install/wheeltec_rrt_msg/include/wheeltec_rrt_msg/wheeltec_rrt_msg/action/detail/find_coloured_box__traits.hpp
[4.543s] -- Up-to-date symlink: /home/wheeltec/wheeltec_ros2/install/wheeltec_rrt_msg/include/wheeltec_rrt_msg/wheeltec_rrt_msg/action/detail/find_coloured_box__type_support.hpp
[4.543s] -- Up-to-date symlink: /home/wheeltec/wheeltec_ros2/install/wheeltec_rrt_msg/include/wheeltec_rrt_msg/wheeltec_rrt_msg/action/detail/pick_coloured_box__builder.hpp
[4.543s] -- Up-to-date symlink: /home/wheeltec/wheeltec_ros2/install/wheeltec_rrt_msg/include/wheeltec_rrt_msg/wheeltec_rrt_msg/action/detail/pick_coloured_box__struct.hpp
[4.543s] -- Up-to-date symlink: /home/wheeltec/wheeltec_ros2/install/wheeltec_rrt_msg/include/wheeltec_rrt_msg/wheeltec_rrt_msg/action/detail/pick_coloured_box__traits.hpp
[4.543s] -- Up-to-date symlink: /home/wheeltec/wheeltec_ros2/install/wheeltec_rrt_msg/include/wheeltec_rrt_msg/wheeltec_rrt_msg/action/detail/pick_coloured_box__type_support.hpp
[4.543s] -- Up-to-date symlink: /home/wheeltec/wheeltec_ros2/install/wheeltec_rrt_msg/include/wheeltec_rrt_msg/wheeltec_rrt_msg/action/find_coloured_box.hpp
[4.543s] -- Up-to-date symlink: /home/wheeltec/wheeltec_ros2/install/wheeltec_rrt_msg/include/wheeltec_rrt_msg/wheeltec_rrt_msg/action/pick_coloured_box.hpp
[4.544s] -- Up-to-date symlink: /home/wheeltec/wheeltec_ros2/install/wheeltec_rrt_msg/include/wheeltec_rrt_msg/wheeltec_rrt_msg/msg/detail/point_array__builder.hpp
[4.544s] -- Up-to-date symlink: /home/wheeltec/wheeltec_ros2/install/wheeltec_rrt_msg/include/wheeltec_rrt_msg/wheeltec_rrt_msg/msg/detail/point_array__struct.hpp
[4.544s] -- Up-to-date symlink: /home/wheeltec/wheeltec_ros2/install/wheeltec_rrt_msg/include/wheeltec_rrt_msg/wheeltec_rrt_msg/msg/detail/point_array__traits.hpp
[4.544s] -- Up-to-date symlink: /home/wheeltec/wheeltec_ros2/install/wheeltec_rrt_msg/include/wheeltec_rrt_msg/wheeltec_rrt_msg/msg/detail/point_array__type_support.hpp
[4.544s] -- Up-to-date symlink: /home/wheeltec/wheeltec_ros2/install/wheeltec_rrt_msg/include/wheeltec_rrt_msg/wheeltec_rrt_msg/msg/point_array.hpp
[4.544s] -- Up-to-date symlink: /home/wheeltec/wheeltec_ros2/install/wheeltec_rrt_msg/include/wheeltec_rrt_msg/wheeltec_rrt_msg/msg/rosidl_generator_cpp__visibility_control.hpp
[4.545s] -- Up-to-date symlink: /home/wheeltec/wheeltec_ros2/install/wheeltec_rrt_msg/include/wheeltec_rrt_msg/wheeltec_rrt_msg/srv/delete_shape.hpp
[4.545s] -- Up-to-date symlink: /home/wheeltec/wheeltec_ros2/install/wheeltec_rrt_msg/include/wheeltec_rrt_msg/wheeltec_rrt_msg/srv/detail/delete_shape__builder.hpp
[4.545s] -- Up-to-date symlink: /home/wheeltec/wheeltec_ros2/install/wheeltec_rrt_msg/include/wheeltec_rrt_msg/wheeltec_rrt_msg/srv/detail/delete_shape__struct.hpp
[4.545s] -- Up-to-date symlink: /home/wheeltec/wheeltec_ros2/install/wheeltec_rrt_msg/include/wheeltec_rrt_msg/wheeltec_rrt_msg/srv/detail/delete_shape__traits.hpp
[4.545s] -- Up-to-date symlink: /home/wheeltec/wheeltec_ros2/install/wheeltec_rrt_msg/include/wheeltec_rrt_msg/wheeltec_rrt_msg/srv/detail/delete_shape__type_support.hpp
[4.545s] -- Up-to-date symlink: /home/wheeltec/wheeltec_ros2/install/wheeltec_rrt_msg/include/wheeltec_rrt_msg/wheeltec_rrt_msg/action/detail/change_position__rosidl_typesupport_fastrtps_cpp.hpp
[4.545s] -- Up-to-date symlink: /home/wheeltec/wheeltec_ros2/install/wheeltec_rrt_msg/include/wheeltec_rrt_msg/wheeltec_rrt_msg/action/detail/find_coloured_box__rosidl_typesupport_fastrtps_cpp.hpp
[4.546s] -- Up-to-date symlink: /home/wheeltec/wheeltec_ros2/install/wheeltec_rrt_msg/include/wheeltec_rrt_msg/wheeltec_rrt_msg/action/detail/pick_coloured_box__rosidl_typesupport_fastrtps_cpp.hpp
[4.546s] -- Up-to-date symlink: /home/wheeltec/wheeltec_ros2/install/wheeltec_rrt_msg/include/wheeltec_rrt_msg/wheeltec_rrt_msg/msg/detail/point_array__rosidl_typesupport_fastrtps_cpp.hpp
[4.546s] -- Up-to-date symlink: /home/wheeltec/wheeltec_ros2/install/wheeltec_rrt_msg/include/wheeltec_rrt_msg/wheeltec_rrt_msg/msg/rosidl_typesupport_fastrtps_cpp__visibility_control.h
[4.546s] -- Up-to-date symlink: /home/wheeltec/wheeltec_ros2/install/wheeltec_rrt_msg/include/wheeltec_rrt_msg/wheeltec_rrt_msg/srv/detail/delete_shape__rosidl_typesupport_fastrtps_cpp.hpp
[4.546s] -- Up-to-date symlink: /home/wheeltec/wheeltec_ros2/install/wheeltec_rrt_msg/include/wheeltec_rrt_msg/wheeltec_rrt_msg/action/detail/change_position__rosidl_typesupport_introspection_cpp.hpp
[4.546s] -- Up-to-date symlink: /home/wheeltec/wheeltec_ros2/install/wheeltec_rrt_msg/include/wheeltec_rrt_msg/wheeltec_rrt_msg/action/detail/find_coloured_box__rosidl_typesupport_introspection_cpp.hpp
[4.546s] -- Up-to-date symlink: /home/wheeltec/wheeltec_ros2/install/wheeltec_rrt_msg/include/wheeltec_rrt_msg/wheeltec_rrt_msg/action/detail/pick_coloured_box__rosidl_typesupport_introspection_cpp.hpp
[4.546s] -- Up-to-date symlink: /home/wheeltec/wheeltec_ros2/install/wheeltec_rrt_msg/include/wheeltec_rrt_msg/wheeltec_rrt_msg/msg/detail/point_array__rosidl_typesupport_introspection_cpp.hpp
[4.546s] -- Up-to-date symlink: /home/wheeltec/wheeltec_ros2/install/wheeltec_rrt_msg/include/wheeltec_rrt_msg/wheeltec_rrt_msg/srv/detail/delete_shape__rosidl_typesupport_introspection_cpp.hpp
[4.546s] -- Up-to-date symlink: /home/wheeltec/wheeltec_ros2/install/wheeltec_rrt_msg/share/wheeltec_rrt_msg/environment/pythonpath.sh
[4.547s] -- Up-to-date symlink: /home/wheeltec/wheeltec_ros2/install/wheeltec_rrt_msg/share/wheeltec_rrt_msg/environment/pythonpath.dsv
[4.547s] -- Up-to-date symlink: /home/wheeltec/wheeltec_ros2/install/wheeltec_rrt_msg/local/lib/python3.10/dist-packages/wheeltec_rrt_msg-0.0.0-py3.10.egg-info/PKG-INFO
[4.547s] -- Up-to-date symlink: /home/wheeltec/wheeltec_ros2/install/wheeltec_rrt_msg/local/lib/python3.10/dist-packages/wheeltec_rrt_msg-0.0.0-py3.10.egg-info/SOURCES.txt
[4.547s] -- Up-to-date symlink: /home/wheeltec/wheeltec_ros2/install/wheeltec_rrt_msg/local/lib/python3.10/dist-packages/wheeltec_rrt_msg-0.0.0-py3.10.egg-info/dependency_links.txt
[4.547s] -- Up-to-date symlink: /home/wheeltec/wheeltec_ros2/install/wheeltec_rrt_msg/local/lib/python3.10/dist-packages/wheeltec_rrt_msg-0.0.0-py3.10.egg-info/top_level.txt
[4.547s] -- Up-to-date symlink: /home/wheeltec/wheeltec_ros2/install/wheeltec_rrt_msg/local/lib/python3.10/dist-packages/wheeltec_rrt_msg/__init__.py
[4.547s] -- Up-to-date symlink: /home/wheeltec/wheeltec_ros2/install/wheeltec_rrt_msg/local/lib/python3.10/dist-packages/wheeltec_rrt_msg/_wheeltec_rrt_msg_s.ep.rosidl_typesupport_c.c
[4.547s] -- Up-to-date symlink: /home/wheeltec/wheeltec_ros2/install/wheeltec_rrt_msg/local/lib/python3.10/dist-packages/wheeltec_rrt_msg/_wheeltec_rrt_msg_s.ep.rosidl_typesupport_fastrtps_c.c
[4.547s] -- Up-to-date symlink: /home/wheeltec/wheeltec_ros2/install/wheeltec_rrt_msg/local/lib/python3.10/dist-packages/wheeltec_rrt_msg/_wheeltec_rrt_msg_s.ep.rosidl_typesupport_introspection_c.c
[4.547s] -- Up-to-date symlink: /home/wheeltec/wheeltec_ros2/install/wheeltec_rrt_msg/local/lib/python3.10/dist-packages/wheeltec_rrt_msg/action/__init__.py
[4.547s] -- Up-to-date symlink: /home/wheeltec/wheeltec_ros2/install/wheeltec_rrt_msg/local/lib/python3.10/dist-packages/wheeltec_rrt_msg/action/_change_position.py
[4.548s] -- Up-to-date symlink: /home/wheeltec/wheeltec_ros2/install/wheeltec_rrt_msg/local/lib/python3.10/dist-packages/wheeltec_rrt_msg/action/_change_position_s.c
[4.548s] -- Up-to-date symlink: /home/wheeltec/wheeltec_ros2/install/wheeltec_rrt_msg/local/lib/python3.10/dist-packages/wheeltec_rrt_msg/action/_find_coloured_box.py
[4.548s] -- Up-to-date symlink: /home/wheeltec/wheeltec_ros2/install/wheeltec_rrt_msg/local/lib/python3.10/dist-packages/wheeltec_rrt_msg/action/_find_coloured_box_s.c
[4.548s] -- Up-to-date symlink: /home/wheeltec/wheeltec_ros2/install/wheeltec_rrt_msg/local/lib/python3.10/dist-packages/wheeltec_rrt_msg/action/_pick_coloured_box.py
[4.548s] -- Up-to-date symlink: /home/wheeltec/wheeltec_ros2/install/wheeltec_rrt_msg/local/lib/python3.10/dist-packages/wheeltec_rrt_msg/action/_pick_coloured_box_s.c
[4.548s] -- Up-to-date symlink: /home/wheeltec/wheeltec_ros2/install/wheeltec_rrt_msg/local/lib/python3.10/dist-packages/wheeltec_rrt_msg/libwheeltec_rrt_msg__rosidl_generator_py.so
[4.548s] -- Up-to-date symlink: /home/wheeltec/wheeltec_ros2/install/wheeltec_rrt_msg/local/lib/python3.10/dist-packages/wheeltec_rrt_msg/msg/__init__.py
[4.548s] -- Up-to-date symlink: /home/wheeltec/wheeltec_ros2/install/wheeltec_rrt_msg/local/lib/python3.10/dist-packages/wheeltec_rrt_msg/msg/_point_array.py
[4.548s] -- Up-to-date symlink: /home/wheeltec/wheeltec_ros2/install/wheeltec_rrt_msg/local/lib/python3.10/dist-packages/wheeltec_rrt_msg/msg/_point_array_s.c
[4.548s] -- Up-to-date symlink: /home/wheeltec/wheeltec_ros2/install/wheeltec_rrt_msg/local/lib/python3.10/dist-packages/wheeltec_rrt_msg/srv/__init__.py
[4.549s] -- Up-to-date symlink: /home/wheeltec/wheeltec_ros2/install/wheeltec_rrt_msg/local/lib/python3.10/dist-packages/wheeltec_rrt_msg/srv/_delete_shape.py
[4.549s] -- Up-to-date symlink: /home/wheeltec/wheeltec_ros2/install/wheeltec_rrt_msg/local/lib/python3.10/dist-packages/wheeltec_rrt_msg/srv/_delete_shape_s.c
[4.549s] -- Up-to-date symlink: /home/wheeltec/wheeltec_ros2/install/wheeltec_rrt_msg/local/lib/python3.10/dist-packages/wheeltec_rrt_msg/wheeltec_rrt_msg_s__rosidl_typesupport_c.cpython-310-aarch64-linux-gnu.so
[4.549s] -- Up-to-date symlink: /home/wheeltec/wheeltec_ros2/install/wheeltec_rrt_msg/local/lib/python3.10/dist-packages/wheeltec_rrt_msg/wheeltec_rrt_msg_s__rosidl_typesupport_fastrtps_c.cpython-310-aarch64-linux-gnu.so
[4.549s] -- Up-to-date symlink: /home/wheeltec/wheeltec_ros2/install/wheeltec_rrt_msg/local/lib/python3.10/dist-packages/wheeltec_rrt_msg/wheeltec_rrt_msg_s__rosidl_typesupport_introspection_c.cpython-310-aarch64-linux-gnu.so
[4.549s] -- Up-to-date symlink: /home/wheeltec/wheeltec_ros2/install/wheeltec_rrt_msg/local/lib/python3.10/dist-packages/wheeltec_rrt_msg/wheeltec_rrt_msg_s__rosidl_typesupport_fastrtps_c.cpython-310-aarch64-linux-gnu.so
[4.549s] -- Up-to-date symlink: /home/wheeltec/wheeltec_ros2/install/wheeltec_rrt_msg/local/lib/python3.10/dist-packages/wheeltec_rrt_msg/wheeltec_rrt_msg_s__rosidl_typesupport_introspection_c.cpython-310-aarch64-linux-gnu.so
[4.549s] -- Up-to-date symlink: /home/wheeltec/wheeltec_ros2/install/wheeltec_rrt_msg/local/lib/python3.10/dist-packages/wheeltec_rrt_msg/wheeltec_rrt_msg_s__rosidl_typesupport_c.cpython-310-aarch64-linux-gnu.so
[4.549s] -- Up-to-date symlink: /home/wheeltec/wheeltec_ros2/install/wheeltec_rrt_msg/share/wheeltec_rrt_msg/action/ChangePosition.idl
[4.549s] -- Up-to-date symlink: /home/wheeltec/wheeltec_ros2/install/wheeltec_rrt_msg/share/wheeltec_rrt_msg/action/FindColouredBox.idl
[4.549s] -- Up-to-date symlink: /home/wheeltec/wheeltec_ros2/install/wheeltec_rrt_msg/share/wheeltec_rrt_msg/action/PickColouredBox.idl
[4.550s] -- Up-to-date symlink: /home/wheeltec/wheeltec_ros2/install/wheeltec_rrt_msg/share/wheeltec_rrt_msg/srv/DeleteShape.idl
[4.550s] -- Up-to-date symlink: /home/wheeltec/wheeltec_ros2/install/wheeltec_rrt_msg/share/wheeltec_rrt_msg/msg/PointArray.idl
[4.550s] -- Up-to-date symlink: /home/wheeltec/wheeltec_ros2/install/wheeltec_rrt_msg/share/wheeltec_rrt_msg/action/ChangePosition.action
[4.550s] -- Up-to-date symlink: /home/wheeltec/wheeltec_ros2/install/wheeltec_rrt_msg/share/wheeltec_rrt_msg/action/FindColouredBox.action
[4.550s] -- Up-to-date symlink: /home/wheeltec/wheeltec_ros2/install/wheeltec_rrt_msg/share/wheeltec_rrt_msg/action/PickColouredBox.action
[4.550s] -- Up-to-date symlink: /home/wheeltec/wheeltec_ros2/install/wheeltec_rrt_msg/share/wheeltec_rrt_msg/srv/DeleteShape.srv
[4.550s] -- Up-to-date symlink: /home/wheeltec/wheeltec_ros2/install/wheeltec_rrt_msg/share/wheeltec_rrt_msg/srv/DeleteShape_Request.msg
[4.550s] -- Up-to-date symlink: /home/wheeltec/wheeltec_ros2/install/wheeltec_rrt_msg/share/wheeltec_rrt_msg/srv/DeleteShape_Response.msg
[4.550s] -- Up-to-date symlink: /home/wheeltec/wheeltec_ros2/install/wheeltec_rrt_msg/share/wheeltec_rrt_msg/msg/PointArray.msg
[4.550s] -- Up-to-date symlink: /home/wheeltec/wheeltec_ros2/install/wheeltec_rrt_msg/share/ament_index/resource_index/package_run_dependencies/wheeltec_rrt_msg
[4.550s] -- Up-to-date symlink: /home/wheeltec/wheeltec_ros2/install/wheeltec_rrt_msg/share/ament_index/resource_index/parent_prefix_path/wheeltec_rrt_msg
[4.551s] -- Up-to-date symlink: /home/wheeltec/wheeltec_ros2/install/wheeltec_rrt_msg/share/wheeltec_rrt_msg/environment/ament_prefix_path.sh
[4.551s] -- Up-to-date symlink: /home/wheeltec/wheeltec_ros2/install/wheeltec_rrt_msg/share/wheeltec_rrt_msg/environment/ament_prefix_path.dsv
[4.551s] -- Up-to-date symlink: /home/wheeltec/wheeltec_ros2/install/wheeltec_rrt_msg/share/wheeltec_rrt_msg/environment/path.sh
[4.551s] -- Up-to-date symlink: /home/wheeltec/wheeltec_ros2/install/wheeltec_rrt_msg/share/wheeltec_rrt_msg/environment/path.dsv
[4.551s] -- Up-to-date symlink: /home/wheeltec/wheeltec_ros2/install/wheeltec_rrt_msg/share/wheeltec_rrt_msg/local_setup.bash
[4.551s] -- Up-to-date symlink: /home/wheeltec/wheeltec_ros2/install/wheeltec_rrt_msg/share/wheeltec_rrt_msg/local_setup.sh
[4.551s] -- Up-to-date symlink: /home/wheeltec/wheeltec_ros2/install/wheeltec_rrt_msg/share/wheeltec_rrt_msg/local_setup.zsh
[4.551s] -- Up-to-date symlink: /home/wheeltec/wheeltec_ros2/install/wheeltec_rrt_msg/share/wheeltec_rrt_msg/local_setup.dsv
[4.551s] -- Symlinking: /home/wheeltec/wheeltec_ros2/install/wheeltec_rrt_msg/share/wheeltec_rrt_msg/package.dsv
[4.590s] -- Up-to-date symlink: /home/wheeltec/wheeltec_ros2/install/wheeltec_rrt_msg/share/ament_index/resource_index/packages/wheeltec_rrt_msg
[4.591s] -- Up-to-date symlink: /home/wheeltec/wheeltec_ros2/install/wheeltec_rrt_msg/share/wheeltec_rrt_msg/cmake/rosidl_cmake-extras.cmake
[4.591s] -- Up-to-date symlink: /home/wheeltec/wheeltec_ros2/install/wheeltec_rrt_msg/share/wheeltec_rrt_msg/cmake/ament_cmake_export_dependencies-extras.cmake
[4.591s] -- Up-to-date symlink: /home/wheeltec/wheeltec_ros2/install/wheeltec_rrt_msg/share/wheeltec_rrt_msg/cmake/ament_cmake_export_include_directories-extras.cmake
[4.591s] -- Up-to-date symlink: /home/wheeltec/wheeltec_ros2/install/wheeltec_rrt_msg/share/wheeltec_rrt_msg/cmake/ament_cmake_export_libraries-extras.cmake
[4.591s] -- Up-to-date symlink: /home/wheeltec/wheeltec_ros2/install/wheeltec_rrt_msg/share/wheeltec_rrt_msg/cmake/ament_cmake_export_targets-extras.cmake
[4.591s] -- Up-to-date symlink: /home/wheeltec/wheeltec_ros2/install/wheeltec_rrt_msg/share/wheeltec_rrt_msg/cmake/rosidl_cmake_export_typesupport_targets-extras.cmake
[4.591s] -- Up-to-date symlink: /home/wheeltec/wheeltec_ros2/install/wheeltec_rrt_msg/share/wheeltec_rrt_msg/cmake/rosidl_cmake_export_typesupport_libraries-extras.cmake
[4.592s] -- Up-to-date symlink: /home/wheeltec/wheeltec_ros2/install/wheeltec_rrt_msg/share/wheeltec_rrt_msg/cmake/wheeltec_rrt_msgConfig.cmake
[4.592s] -- Up-to-date symlink: /home/wheeltec/wheeltec_ros2/install/wheeltec_rrt_msg/share/wheeltec_rrt_msg/cmake/wheeltec_rrt_msgConfig-version.cmake
[4.592s] -- Up-to-date symlink: /home/wheeltec/wheeltec_ros2/install/wheeltec_rrt_msg/share/wheeltec_rrt_msg/package.xml
[4.593s] -- Up-to-date: /home/wheeltec/wheeltec_ros2/install/wheeltec_rrt_msg/lib/libwheeltec_rrt_msg__rosidl_generator_c.so
[4.593s] -- Up-to-date: /home/wheeltec/wheeltec_ros2/install/wheeltec_rrt_msg/lib/libwheeltec_rrt_msg__rosidl_typesupport_fastrtps_c.so
[4.594s] -- Up-to-date: /home/wheeltec/wheeltec_ros2/install/wheeltec_rrt_msg/lib/libwheeltec_rrt_msg__rosidl_typesupport_introspection_c.so
[4.594s] -- Up-to-date: /home/wheeltec/wheeltec_ros2/install/wheeltec_rrt_msg/lib/libwheeltec_rrt_msg__rosidl_typesupport_c.so
[4.594s] -- Up-to-date: /home/wheeltec/wheeltec_ros2/install/wheeltec_rrt_msg/lib/libwheeltec_rrt_msg__rosidl_typesupport_fastrtps_cpp.so
[4.595s] -- Up-to-date: /home/wheeltec/wheeltec_ros2/install/wheeltec_rrt_msg/lib/libwheeltec_rrt_msg__rosidl_typesupport_introspection_cpp.so
[4.595s] -- Up-to-date: /home/wheeltec/wheeltec_ros2/install/wheeltec_rrt_msg/lib/libwheeltec_rrt_msg__rosidl_typesupport_cpp.so
[4.896s] Listing '/home/wheeltec/wheeltec_ros2/install/wheeltec_rrt_msg/local/lib/python3.10/dist-packages/wheeltec_rrt_msg'...
[4.896s] Listing '/home/wheeltec/wheeltec_ros2/install/wheeltec_rrt_msg/local/lib/python3.10/dist-packages/wheeltec_rrt_msg/action'...
[4.896s] Listing '/home/wheeltec/wheeltec_ros2/install/wheeltec_rrt_msg/local/lib/python3.10/dist-packages/wheeltec_rrt_msg/msg'...
[4.896s] Listing '/home/wheeltec/wheeltec_ros2/install/wheeltec_rrt_msg/local/lib/python3.10/dist-packages/wheeltec_rrt_msg/srv'...
[4.923s] -- Up-to-date: /home/wheeltec/wheeltec_ros2/install/wheeltec_rrt_msg/lib/libwheeltec_rrt_msg__rosidl_generator_py.so
[4.924s] -- Up-to-date: /home/wheeltec/wheeltec_ros2/install/wheeltec_rrt_msg/share/wheeltec_rrt_msg/cmake/export_wheeltec_rrt_msg__rosidl_generator_cExport.cmake
[4.924s] -- Up-to-date: /home/wheeltec/wheeltec_ros2/install/wheeltec_rrt_msg/share/wheeltec_rrt_msg/cmake/export_wheeltec_rrt_msg__rosidl_generator_cExport-noconfig.cmake
[4.924s] -- Up-to-date: /home/wheeltec/wheeltec_ros2/install/wheeltec_rrt_msg/share/wheeltec_rrt_msg/cmake/export_wheeltec_rrt_msg__rosidl_typesupport_fastrtps_cExport.cmake
[4.924s] -- Up-to-date: /home/wheeltec/wheeltec_ros2/install/wheeltec_rrt_msg/share/wheeltec_rrt_msg/cmake/export_wheeltec_rrt_msg__rosidl_typesupport_fastrtps_cExport-noconfig.cmake
[4.924s] -- Up-to-date: /home/wheeltec/wheeltec_ros2/install/wheeltec_rrt_msg/share/wheeltec_rrt_msg/cmake/wheeltec_rrt_msg__rosidl_typesupport_introspection_cExport.cmake
[4.924s] -- Up-to-date: /home/wheeltec/wheeltec_ros2/install/wheeltec_rrt_msg/share/wheeltec_rrt_msg/cmake/wheeltec_rrt_msg__rosidl_typesupport_introspection_cExport-noconfig.cmake
[4.924s] -- Up-to-date: /home/wheeltec/wheeltec_ros2/install/wheeltec_rrt_msg/share/wheeltec_rrt_msg/cmake/wheeltec_rrt_msg__rosidl_typesupport_cExport.cmake
[4.924s] -- Up-to-date: /home/wheeltec/wheeltec_ros2/install/wheeltec_rrt_msg/share/wheeltec_rrt_msg/cmake/wheeltec_rrt_msg__rosidl_typesupport_cExport-noconfig.cmake
[4.925s] -- Up-to-date: /home/wheeltec/wheeltec_ros2/install/wheeltec_rrt_msg/share/wheeltec_rrt_msg/cmake/export_wheeltec_rrt_msg__rosidl_generator_cppExport.cmake
[4.925s] -- Up-to-date: /home/wheeltec/wheeltec_ros2/install/wheeltec_rrt_msg/share/wheeltec_rrt_msg/cmake/export_wheeltec_rrt_msg__rosidl_typesupport_fastrtps_cppExport.cmake
[4.925s] -- Up-to-date: /home/wheeltec/wheeltec_ros2/install/wheeltec_rrt_msg/share/wheeltec_rrt_msg/cmake/export_wheeltec_rrt_msg__rosidl_typesupport_fastrtps_cppExport-noconfig.cmake
[4.925s] -- Up-to-date: /home/wheeltec/wheeltec_ros2/install/wheeltec_rrt_msg/share/wheeltec_rrt_msg/cmake/wheeltec_rrt_msg__rosidl_typesupport_introspection_cppExport.cmake
[4.925s] -- Up-to-date: /home/wheeltec/wheeltec_ros2/install/wheeltec_rrt_msg/share/wheeltec_rrt_msg/cmake/wheeltec_rrt_msg__rosidl_typesupport_introspection_cppExport-noconfig.cmake
[4.925s] -- Up-to-date: /home/wheeltec/wheeltec_ros2/install/wheeltec_rrt_msg/share/wheeltec_rrt_msg/cmake/wheeltec_rrt_msg__rosidl_typesupport_cppExport.cmake
[4.925s] -- Up-to-date: /home/wheeltec/wheeltec_ros2/install/wheeltec_rrt_msg/share/wheeltec_rrt_msg/cmake/wheeltec_rrt_msg__rosidl_typesupport_cppExport-noconfig.cmake
[4.925s] -- Up-to-date: /home/wheeltec/wheeltec_ros2/install/wheeltec_rrt_msg/share/wheeltec_rrt_msg/cmake/export_wheeltec_rrt_msg__rosidl_generator_pyExport.cmake
[4.925s] -- Up-to-date: /home/wheeltec/wheeltec_ros2/install/wheeltec_rrt_msg/share/wheeltec_rrt_msg/cmake/export_wheeltec_rrt_msg__rosidl_generator_pyExport-noconfig.cmake
[4.936s] Invoked command in '/home/wheeltec/wheeltec_ros2/build/wheeltec_rrt_msg' returned '0': CMAKE_PREFIX_PATH=${CMAKE_PREFIX_PATH}:/home/wheeltec/wheeltec_ros2/install/wheeltec_robot_keyboard:/home/wheeltec/wheeltec_ros2/install/wheeltec_dual_rtk_driver:/home/wheeltec/wheeltec_ros2/install/ultralytics_ros2:/home/wheeltec/wheeltec_ros2/install/tf2_tools:/home/wheeltec/wheeltec_ros2/install/nav2_waypoint_cycle:/home/wheeltec/wheeltec_ros2/install/nav2_simple_commander:/home/wheeltec/wheeltec_ros2/install/auto_recharge_ros2:/home/wheeltec/autoware/install/autoware_wheeltec_interface:/home/wheeltec/autoware/install/ad_api_visualizers:/opt/ros/humble /usr/bin/cmake --install /home/wheeltec/wheeltec_ros2/build/wheeltec_rrt_msg
