[0.183s] Invoking command in '/home/wheeltec/wheeltec_ros2/build/hipnuc_imu': CMAKE_PREFIX_PATH=${CMAKE_PREFIX_PATH}:/home/wheeltec/wheeltec_ros2/install/wheeltec_dual_rtk_driver:/home/wheeltec/wheeltec_ros2/install/ultralytics_ros2:/home/wheeltec/wheeltec_ros2/install/tf2_tools:/home/wheeltec/wheeltec_ros2/install/nav2_waypoint_cycle:/home/wheeltec/wheeltec_ros2/install/nav2_simple_commander:/home/wheeltec/wheeltec_ros2/install/auto_recharge_ros2:/home/wheeltec/autoware/install/autoware_wheeltec_interface:/home/wheeltec/autoware/install/ad_api_visualizers:/opt/ros/humble /usr/bin/cmake --build /home/wheeltec/wheeltec_ros2/build/hipnuc_imu -- -j6 -l6
[0.355s] [35m[1mConsolidate compiler generated dependencies of target talker[0m
[0.371s] [35m[1mConsolidate compiler generated dependencies of target listener[0m
[0.415s] [ 40%] Built target listener
[0.421s] [100%] Built target talker
[0.445s] Invoked command in '/home/wheeltec/wheeltec_ros2/build/hipnuc_imu' returned '0': CMAKE_PREFIX_PATH=${CMAKE_PREFIX_PATH}:/home/wheeltec/wheeltec_ros2/install/wheeltec_dual_rtk_driver:/home/wheeltec/wheeltec_ros2/install/ultralytics_ros2:/home/wheeltec/wheeltec_ros2/install/tf2_tools:/home/wheeltec/wheeltec_ros2/install/nav2_waypoint_cycle:/home/wheeltec/wheeltec_ros2/install/nav2_simple_commander:/home/wheeltec/wheeltec_ros2/install/auto_recharge_ros2:/home/wheeltec/autoware/install/autoware_wheeltec_interface:/home/wheeltec/autoware/install/ad_api_visualizers:/opt/ros/humble /usr/bin/cmake --build /home/wheeltec/wheeltec_ros2/build/hipnuc_imu -- -j6 -l6
[0.450s] Invoking command in '/home/wheeltec/wheeltec_ros2/build/hipnuc_imu': CMAKE_PREFIX_PATH=${CMAKE_PREFIX_PATH}:/home/wheeltec/wheeltec_ros2/install/wheeltec_dual_rtk_driver:/home/wheeltec/wheeltec_ros2/install/ultralytics_ros2:/home/wheeltec/wheeltec_ros2/install/tf2_tools:/home/wheeltec/wheeltec_ros2/install/nav2_waypoint_cycle:/home/wheeltec/wheeltec_ros2/install/nav2_simple_commander:/home/wheeltec/wheeltec_ros2/install/auto_recharge_ros2:/home/wheeltec/autoware/install/autoware_wheeltec_interface:/home/wheeltec/autoware/install/ad_api_visualizers:/opt/ros/humble /usr/bin/cmake --install /home/wheeltec/wheeltec_ros2/build/hipnuc_imu
[0.490s] -- Install configuration: ""
[0.490s] -- Execute custom install script
[0.490s] -- Up-to-date symlink: /home/wheeltec/wheeltec_ros2/install/hipnuc_imu/lib/hipnuc_imu/talker
[0.490s] -- Up-to-date symlink: /home/wheeltec/wheeltec_ros2/install/hipnuc_imu/lib/hipnuc_imu/listener
[0.490s] -- Up-to-date symlink: /home/wheeltec/wheeltec_ros2/install/hipnuc_imu/share/hipnuc_imu/launch/imu_spec_msg.launch.py
[0.490s] -- Up-to-date symlink: /home/wheeltec/wheeltec_ros2/install/hipnuc_imu/share/hipnuc_imu/config/hipnuc_config.yaml
[0.490s] -- Up-to-date symlink: /home/wheeltec/wheeltec_ros2/install/hipnuc_imu/share/ament_index/resource_index/package_run_dependencies/hipnuc_imu
[0.490s] -- Up-to-date symlink: /home/wheeltec/wheeltec_ros2/install/hipnuc_imu/share/ament_index/resource_index/parent_prefix_path/hipnuc_imu
[0.491s] -- Up-to-date symlink: /home/wheeltec/wheeltec_ros2/install/hipnuc_imu/share/hipnuc_imu/environment/ament_prefix_path.sh
[0.491s] -- Up-to-date symlink: /home/wheeltec/wheeltec_ros2/install/hipnuc_imu/share/hipnuc_imu/environment/ament_prefix_path.dsv
[0.491s] -- Up-to-date symlink: /home/wheeltec/wheeltec_ros2/install/hipnuc_imu/share/hipnuc_imu/environment/path.sh
[0.491s] -- Up-to-date symlink: /home/wheeltec/wheeltec_ros2/install/hipnuc_imu/share/hipnuc_imu/environment/path.dsv
[0.491s] -- Up-to-date symlink: /home/wheeltec/wheeltec_ros2/install/hipnuc_imu/share/hipnuc_imu/local_setup.bash
[0.491s] -- Up-to-date symlink: /home/wheeltec/wheeltec_ros2/install/hipnuc_imu/share/hipnuc_imu/local_setup.sh
[0.491s] -- Up-to-date symlink: /home/wheeltec/wheeltec_ros2/install/hipnuc_imu/share/hipnuc_imu/local_setup.zsh
[0.491s] -- Up-to-date symlink: /home/wheeltec/wheeltec_ros2/install/hipnuc_imu/share/hipnuc_imu/local_setup.dsv
[0.491s] -- Symlinking: /home/wheeltec/wheeltec_ros2/install/hipnuc_imu/share/hipnuc_imu/package.dsv
[0.515s] -- Up-to-date symlink: /home/wheeltec/wheeltec_ros2/install/hipnuc_imu/share/ament_index/resource_index/packages/hipnuc_imu
[0.516s] -- Up-to-date symlink: /home/wheeltec/wheeltec_ros2/install/hipnuc_imu/share/hipnuc_imu/cmake/hipnuc_imuConfig.cmake
[0.516s] -- Up-to-date symlink: /home/wheeltec/wheeltec_ros2/install/hipnuc_imu/share/hipnuc_imu/cmake/hipnuc_imuConfig-version.cmake
[0.516s] -- Up-to-date symlink: /home/wheeltec/wheeltec_ros2/install/hipnuc_imu/share/hipnuc_imu/package.xml
[0.605s] Invoked command in '/home/wheeltec/wheeltec_ros2/build/hipnuc_imu' returned '0': CMAKE_PREFIX_PATH=${CMAKE_PREFIX_PATH}:/home/wheeltec/wheeltec_ros2/install/wheeltec_dual_rtk_driver:/home/wheeltec/wheeltec_ros2/install/ultralytics_ros2:/home/wheeltec/wheeltec_ros2/install/tf2_tools:/home/wheeltec/wheeltec_ros2/install/nav2_waypoint_cycle:/home/wheeltec/wheeltec_ros2/install/nav2_simple_commander:/home/wheeltec/wheeltec_ros2/install/auto_recharge_ros2:/home/wheeltec/autoware/install/autoware_wheeltec_interface:/home/wheeltec/autoware/install/ad_api_visualizers:/opt/ros/humble /usr/bin/cmake --install /home/wheeltec/wheeltec_ros2/build/hipnuc_imu
