[0.143s] Invoking command in '/home/wheeltec/wheeltec_ros2/build/aruco': CMAKE_PREFIX_PATH=${CMAKE_PREFIX_PATH}:/home/wheeltec/wheeltec_ros2/install/simple_follower_ros2:/home/wheeltec/wheeltec_ros2/install/wheeltec_robot_keyboard:/home/wheeltec/wheeltec_ros2/install/wheeltec_dual_rtk_driver:/home/wheeltec/wheeltec_ros2/install/ultralytics_ros2:/home/wheeltec/wheeltec_ros2/install/tf2_tools:/home/wheeltec/wheeltec_ros2/install/ollama_ros_chat:/home/wheeltec/wheeltec_ros2/install/nmea_navsat_driver:/home/wheeltec/wheeltec_ros2/install/nav2_waypoint_cycle:/home/wheeltec/wheeltec_ros2/install/nav2_simple_commander:/home/wheeltec/wheeltec_ros2/install/largemodel:/home/wheeltec/wheeltec_ros2/install/auto_recharge_ros2:/home/wheeltec/autoware/install/autoware_wheeltec_interface:/home/wheeltec/autoware/install/ad_api_visualizers:/opt/ros/humble /usr/bin/cmake --build /home/wheeltec/wheeltec_ros2/build/aruco -- -j6 -l6
[1.194s] [100%] Built target aruco
[1.656s] Invoked command in '/home/wheeltec/wheeltec_ros2/build/aruco' returned '0': CMAKE_PREFIX_PATH=${CMAKE_PREFIX_PATH}:/home/wheeltec/wheeltec_ros2/install/simple_follower_ros2:/home/wheeltec/wheeltec_ros2/install/wheeltec_robot_keyboard:/home/wheeltec/wheeltec_ros2/install/wheeltec_dual_rtk_driver:/home/wheeltec/wheeltec_ros2/install/ultralytics_ros2:/home/wheeltec/wheeltec_ros2/install/tf2_tools:/home/wheeltec/wheeltec_ros2/install/ollama_ros_chat:/home/wheeltec/wheeltec_ros2/install/nmea_navsat_driver:/home/wheeltec/wheeltec_ros2/install/nav2_waypoint_cycle:/home/wheeltec/wheeltec_ros2/install/nav2_simple_commander:/home/wheeltec/wheeltec_ros2/install/largemodel:/home/wheeltec/wheeltec_ros2/install/auto_recharge_ros2:/home/wheeltec/autoware/install/autoware_wheeltec_interface:/home/wheeltec/autoware/install/ad_api_visualizers:/opt/ros/humble /usr/bin/cmake --build /home/wheeltec/wheeltec_ros2/build/aruco -- -j6 -l6
[1.680s] Invoking command in '/home/wheeltec/wheeltec_ros2/build/aruco': CMAKE_PREFIX_PATH=${CMAKE_PREFIX_PATH}:/home/wheeltec/wheeltec_ros2/install/simple_follower_ros2:/home/wheeltec/wheeltec_ros2/install/wheeltec_robot_keyboard:/home/wheeltec/wheeltec_ros2/install/wheeltec_dual_rtk_driver:/home/wheeltec/wheeltec_ros2/install/ultralytics_ros2:/home/wheeltec/wheeltec_ros2/install/tf2_tools:/home/wheeltec/wheeltec_ros2/install/ollama_ros_chat:/home/wheeltec/wheeltec_ros2/install/nmea_navsat_driver:/home/wheeltec/wheeltec_ros2/install/nav2_waypoint_cycle:/home/wheeltec/wheeltec_ros2/install/nav2_simple_commander:/home/wheeltec/wheeltec_ros2/install/largemodel:/home/wheeltec/wheeltec_ros2/install/auto_recharge_ros2:/home/wheeltec/autoware/install/autoware_wheeltec_interface:/home/wheeltec/autoware/install/ad_api_visualizers:/opt/ros/humble /usr/bin/cmake --install /home/wheeltec/wheeltec_ros2/build/aruco
[1.833s] -- Install configuration: ""
[1.834s] -- Execute custom install script
[1.834s] -- Up-to-date symlink: /home/wheeltec/wheeltec_ros2/install/aruco/lib/libaruco.so
[1.836s] -- Up-to-date symlink: /home/wheeltec/wheeltec_ros2/install/aruco/include/aruco/aruco.h
[1.837s] -- Up-to-date symlink: /home/wheeltec/wheeltec_ros2/install/aruco/include/aruco/aruco_cvversioning.h
[1.837s] -- Up-to-date symlink: /home/wheeltec/wheeltec_ros2/install/aruco/include/aruco/aruco_export.h
[1.837s] -- Up-to-date symlink: /home/wheeltec/wheeltec_ros2/install/aruco/include/aruco/cameraparameters.h
[1.838s] -- Up-to-date symlink: /home/wheeltec/wheeltec_ros2/install/aruco/include/aruco/cvdrawingutils.h
[1.838s] -- Up-to-date symlink: /home/wheeltec/wheeltec_ros2/install/aruco/include/aruco/debug.h
[1.838s] -- Up-to-date symlink: /home/wheeltec/wheeltec_ros2/install/aruco/include/aruco/dictionary.h
[1.839s] -- Up-to-date symlink: /home/wheeltec/wheeltec_ros2/install/aruco/include/aruco/dictionary_based.h
[1.839s] -- Up-to-date symlink: /home/wheeltec/wheeltec_ros2/install/aruco/include/aruco/fractaldetector.h
[1.840s] -- Up-to-date symlink: /home/wheeltec/wheeltec_ros2/install/aruco/include/aruco/fractallabelers/fractallabeler.h
[1.840s] -- Up-to-date symlink: /home/wheeltec/wheeltec_ros2/install/aruco/include/aruco/fractallabelers/fractalmarker.h
[1.840s] -- Up-to-date symlink: /home/wheeltec/wheeltec_ros2/install/aruco/include/aruco/fractallabelers/fractalmarkerset.h
[1.842s] -- Up-to-date symlink: /home/wheeltec/wheeltec_ros2/install/aruco/include/aruco/fractallabelers/fractalposetracker.h
[1.843s] -- Up-to-date symlink: /home/wheeltec/wheeltec_ros2/install/aruco/include/aruco/ippe.h
[1.843s] -- Up-to-date symlink: /home/wheeltec/wheeltec_ros2/install/aruco/include/aruco/levmarq.h
[1.844s] -- Up-to-date symlink: /home/wheeltec/wheeltec_ros2/install/aruco/include/aruco/marker.h
[1.846s] -- Up-to-date symlink: /home/wheeltec/wheeltec_ros2/install/aruco/include/aruco/markerdetector.h
[1.847s] -- Up-to-date symlink: /home/wheeltec/wheeltec_ros2/install/aruco/include/aruco/markerdetector_impl.h
[1.848s] -- Up-to-date symlink: /home/wheeltec/wheeltec_ros2/install/aruco/include/aruco/markerlabeler.h
[1.848s] -- Up-to-date symlink: /home/wheeltec/wheeltec_ros2/install/aruco/include/aruco/markermap.h
[1.848s] -- Up-to-date symlink: /home/wheeltec/wheeltec_ros2/install/aruco/include/aruco/picoflann.h
[1.849s] -- Up-to-date symlink: /home/wheeltec/wheeltec_ros2/install/aruco/include/aruco/posetracker.h
[1.849s] -- Up-to-date symlink: /home/wheeltec/wheeltec_ros2/install/aruco/include/aruco/timers.h
[1.849s] -- Up-to-date symlink: /home/wheeltec/wheeltec_ros2/install/aruco/share/aruco/environment/library_path.sh
[1.849s] -- Up-to-date symlink: /home/wheeltec/wheeltec_ros2/install/aruco/share/aruco/environment/library_path.dsv
[1.850s] -- Up-to-date symlink: /home/wheeltec/wheeltec_ros2/install/aruco/share/ament_index/resource_index/package_run_dependencies/aruco
[1.850s] -- Up-to-date symlink: /home/wheeltec/wheeltec_ros2/install/aruco/share/ament_index/resource_index/parent_prefix_path/aruco
[1.851s] -- Up-to-date symlink: /home/wheeltec/wheeltec_ros2/install/aruco/share/aruco/environment/ament_prefix_path.sh
[1.851s] -- Up-to-date symlink: /home/wheeltec/wheeltec_ros2/install/aruco/share/aruco/environment/ament_prefix_path.dsv
[1.851s] -- Up-to-date symlink: /home/wheeltec/wheeltec_ros2/install/aruco/share/aruco/environment/path.sh
[1.851s] -- Up-to-date symlink: /home/wheeltec/wheeltec_ros2/install/aruco/share/aruco/environment/path.dsv
[1.852s] -- Up-to-date symlink: /home/wheeltec/wheeltec_ros2/install/aruco/share/aruco/local_setup.bash
[1.852s] -- Up-to-date symlink: /home/wheeltec/wheeltec_ros2/install/aruco/share/aruco/local_setup.sh
[1.852s] -- Up-to-date symlink: /home/wheeltec/wheeltec_ros2/install/aruco/share/aruco/local_setup.zsh
[1.854s] -- Up-to-date symlink: /home/wheeltec/wheeltec_ros2/install/aruco/share/aruco/local_setup.dsv
[1.854s] -- Symlinking: /home/wheeltec/wheeltec_ros2/install/aruco/share/aruco/package.dsv
[1.967s] -- Up-to-date symlink: /home/wheeltec/wheeltec_ros2/install/aruco/share/ament_index/resource_index/packages/aruco
[1.967s] -- Up-to-date symlink: /home/wheeltec/wheeltec_ros2/install/aruco/share/aruco/cmake/ament_cmake_export_include_directories-extras.cmake
[1.967s] -- Up-to-date symlink: /home/wheeltec/wheeltec_ros2/install/aruco/share/aruco/cmake/ament_cmake_export_libraries-extras.cmake
[1.968s] -- Up-to-date symlink: /home/wheeltec/wheeltec_ros2/install/aruco/share/aruco/cmake/arucoConfig.cmake
[1.968s] -- Up-to-date symlink: /home/wheeltec/wheeltec_ros2/install/aruco/share/aruco/cmake/arucoConfig-version.cmake
[1.968s] -- Up-to-date symlink: /home/wheeltec/wheeltec_ros2/install/aruco/share/aruco/package.xml
[1.974s] Invoked command in '/home/wheeltec/wheeltec_ros2/build/aruco' returned '0': CMAKE_PREFIX_PATH=${CMAKE_PREFIX_PATH}:/home/wheeltec/wheeltec_ros2/install/simple_follower_ros2:/home/wheeltec/wheeltec_ros2/install/wheeltec_robot_keyboard:/home/wheeltec/wheeltec_ros2/install/wheeltec_dual_rtk_driver:/home/wheeltec/wheeltec_ros2/install/ultralytics_ros2:/home/wheeltec/wheeltec_ros2/install/tf2_tools:/home/wheeltec/wheeltec_ros2/install/ollama_ros_chat:/home/wheeltec/wheeltec_ros2/install/nmea_navsat_driver:/home/wheeltec/wheeltec_ros2/install/nav2_waypoint_cycle:/home/wheeltec/wheeltec_ros2/install/nav2_simple_commander:/home/wheeltec/wheeltec_ros2/install/largemodel:/home/wheeltec/wheeltec_ros2/install/auto_recharge_ros2:/home/wheeltec/autoware/install/autoware_wheeltec_interface:/home/wheeltec/autoware/install/ad_api_visualizers:/opt/ros/humble /usr/bin/cmake --install /home/wheeltec/wheeltec_ros2/build/aruco
