[0.293s] Invoking command in '/home/wheeltec/wheeltec_ros2/build/astra_camera_msgs': CMAKE_PREFIX_PATH=${CMAKE_PREFIX_PATH}:/home/wheeltec/wheeltec_ros2/install/wheeltec_robot_keyboard:/home/wheeltec/wheeltec_ros2/install/wheeltec_dual_rtk_driver:/home/wheeltec/wheeltec_ros2/install/ultralytics_ros2:/home/wheeltec/wheeltec_ros2/install/tf2_tools:/home/wheeltec/wheeltec_ros2/install/nav2_waypoint_cycle:/home/wheeltec/wheeltec_ros2/install/nav2_simple_commander:/home/wheeltec/wheeltec_ros2/install/auto_recharge_ros2:/home/wheeltec/autoware/install/autoware_wheeltec_interface:/home/wheeltec/autoware/install/ad_api_visualizers:/opt/ros/humble /usr/bin/cmake --build /home/wheeltec/wheeltec_ros2/build/astra_camera_msgs -- -j6 -l6
[0.544s] [  1%] Built target astra_camera_msgs__cpp
[0.567s] [  1%] Built target ament_cmake_python_symlink_astra_camera_msgs
[0.598s] [ 12%] Built target astra_camera_msgs__rosidl_generator_c
[0.721s] [ 25%] Built target astra_camera_msgs__rosidl_typesupport_fastrtps_cpp
[0.729s] [ 35%] Built target astra_camera_msgs__rosidl_typesupport_cpp
[0.770s] [ 47%] Built target astra_camera_msgs__rosidl_typesupport_introspection_cpp
[0.825s] [ 70%] Built target astra_camera_msgs__rosidl_typesupport_introspection_c
[0.828s] [ 70%] Built target astra_camera_msgs__rosidl_typesupport_fastrtps_c
[0.883s] [ 82%] Built target astra_camera_msgs__rosidl_typesupport_c
[0.980s] [ 82%] Built target astra_camera_msgs
[1.083s] [ 83%] Built target astra_camera_msgs__py
[1.226s] [ 93%] Built target astra_camera_msgs__rosidl_generator_py
[1.364s] [ 95%] Built target astra_camera_msgs__rosidl_typesupport_introspection_c__pyext
[1.375s] [ 97%] Built target astra_camera_msgs__rosidl_typesupport_fastrtps_c__pyext
[1.394s] [100%] Built target astra_camera_msgs__rosidl_typesupport_c__pyext
[1.791s] running egg_info
[1.791s] writing astra_camera_msgs.egg-info/PKG-INFO
[1.791s] writing dependency_links to astra_camera_msgs.egg-info/dependency_links.txt
[1.791s] writing top-level names to astra_camera_msgs.egg-info/top_level.txt
[1.804s] reading manifest file 'astra_camera_msgs.egg-info/SOURCES.txt'
[1.805s] writing manifest file 'astra_camera_msgs.egg-info/SOURCES.txt'
[1.888s] [100%] Built target ament_cmake_python_build_astra_camera_msgs_egg
[1.971s] Invoked command in '/home/wheeltec/wheeltec_ros2/build/astra_camera_msgs' returned '0': CMAKE_PREFIX_PATH=${CMAKE_PREFIX_PATH}:/home/wheeltec/wheeltec_ros2/install/wheeltec_robot_keyboard:/home/wheeltec/wheeltec_ros2/install/wheeltec_dual_rtk_driver:/home/wheeltec/wheeltec_ros2/install/ultralytics_ros2:/home/wheeltec/wheeltec_ros2/install/tf2_tools:/home/wheeltec/wheeltec_ros2/install/nav2_waypoint_cycle:/home/wheeltec/wheeltec_ros2/install/nav2_simple_commander:/home/wheeltec/wheeltec_ros2/install/auto_recharge_ros2:/home/wheeltec/autoware/install/autoware_wheeltec_interface:/home/wheeltec/autoware/install/ad_api_visualizers:/opt/ros/humble /usr/bin/cmake --build /home/wheeltec/wheeltec_ros2/build/astra_camera_msgs -- -j6 -l6
[1.974s] Invoking command in '/home/wheeltec/wheeltec_ros2/build/astra_camera_msgs': CMAKE_PREFIX_PATH=${CMAKE_PREFIX_PATH}:/home/wheeltec/wheeltec_ros2/install/wheeltec_robot_keyboard:/home/wheeltec/wheeltec_ros2/install/wheeltec_dual_rtk_driver:/home/wheeltec/wheeltec_ros2/install/ultralytics_ros2:/home/wheeltec/wheeltec_ros2/install/tf2_tools:/home/wheeltec/wheeltec_ros2/install/nav2_waypoint_cycle:/home/wheeltec/wheeltec_ros2/install/nav2_simple_commander:/home/wheeltec/wheeltec_ros2/install/auto_recharge_ros2:/home/wheeltec/autoware/install/autoware_wheeltec_interface:/home/wheeltec/autoware/install/ad_api_visualizers:/opt/ros/humble /usr/bin/cmake --install /home/wheeltec/wheeltec_ros2/build/astra_camera_msgs
[2.046s] -- Install configuration: ""
[2.047s] -- Execute custom install script
[2.047s] -- Up-to-date symlink: /home/wheeltec/wheeltec_ros2/install/astra_camera_msgs/share/ament_index/resource_index/rosidl_interfaces/astra_camera_msgs
[2.047s] -- Up-to-date symlink: /home/wheeltec/wheeltec_ros2/install/astra_camera_msgs/include/astra_camera_msgs/astra_camera_msgs/msg/detail/device_info__functions.h
[2.047s] -- Up-to-date symlink: /home/wheeltec/wheeltec_ros2/install/astra_camera_msgs/include/astra_camera_msgs/astra_camera_msgs/msg/detail/device_info__struct.h
[2.047s] -- Up-to-date symlink: /home/wheeltec/wheeltec_ros2/install/astra_camera_msgs/include/astra_camera_msgs/astra_camera_msgs/msg/detail/device_info__type_support.h
[2.048s] -- Up-to-date symlink: /home/wheeltec/wheeltec_ros2/install/astra_camera_msgs/include/astra_camera_msgs/astra_camera_msgs/msg/detail/extrinsics__functions.h
[2.049s] -- Up-to-date symlink: /home/wheeltec/wheeltec_ros2/install/astra_camera_msgs/include/astra_camera_msgs/astra_camera_msgs/msg/detail/extrinsics__struct.h
[2.052s] -- Up-to-date symlink: /home/wheeltec/wheeltec_ros2/install/astra_camera_msgs/include/astra_camera_msgs/astra_camera_msgs/msg/detail/extrinsics__type_support.h
[2.052s] -- Up-to-date symlink: /home/wheeltec/wheeltec_ros2/install/astra_camera_msgs/include/astra_camera_msgs/astra_camera_msgs/msg/detail/metadata__functions.h
[2.052s] -- Up-to-date symlink: /home/wheeltec/wheeltec_ros2/install/astra_camera_msgs/include/astra_camera_msgs/astra_camera_msgs/msg/detail/metadata__struct.h
[2.053s] -- Up-to-date symlink: /home/wheeltec/wheeltec_ros2/install/astra_camera_msgs/include/astra_camera_msgs/astra_camera_msgs/msg/detail/metadata__type_support.h
[2.053s] -- Up-to-date symlink: /home/wheeltec/wheeltec_ros2/install/astra_camera_msgs/include/astra_camera_msgs/astra_camera_msgs/msg/device_info.h
[2.053s] -- Up-to-date symlink: /home/wheeltec/wheeltec_ros2/install/astra_camera_msgs/include/astra_camera_msgs/astra_camera_msgs/msg/extrinsics.h
[2.054s] -- Up-to-date symlink: /home/wheeltec/wheeltec_ros2/install/astra_camera_msgs/include/astra_camera_msgs/astra_camera_msgs/msg/metadata.h
[2.054s] -- Up-to-date symlink: /home/wheeltec/wheeltec_ros2/install/astra_camera_msgs/include/astra_camera_msgs/astra_camera_msgs/msg/rosidl_generator_c__visibility_control.h
[2.054s] -- Up-to-date symlink: /home/wheeltec/wheeltec_ros2/install/astra_camera_msgs/include/astra_camera_msgs/astra_camera_msgs/srv/detail/get_camera_info__functions.h
[2.054s] -- Up-to-date symlink: /home/wheeltec/wheeltec_ros2/install/astra_camera_msgs/include/astra_camera_msgs/astra_camera_msgs/srv/detail/get_camera_info__struct.h
[2.055s] -- Up-to-date symlink: /home/wheeltec/wheeltec_ros2/install/astra_camera_msgs/include/astra_camera_msgs/astra_camera_msgs/srv/detail/get_camera_info__type_support.h
[2.055s] -- Up-to-date symlink: /home/wheeltec/wheeltec_ros2/install/astra_camera_msgs/include/astra_camera_msgs/astra_camera_msgs/srv/detail/get_camera_params__functions.h
[2.055s] -- Up-to-date symlink: /home/wheeltec/wheeltec_ros2/install/astra_camera_msgs/include/astra_camera_msgs/astra_camera_msgs/srv/detail/get_camera_params__struct.h
[2.055s] -- Up-to-date symlink: /home/wheeltec/wheeltec_ros2/install/astra_camera_msgs/include/astra_camera_msgs/astra_camera_msgs/srv/detail/get_camera_params__type_support.h
[2.056s] -- Up-to-date symlink: /home/wheeltec/wheeltec_ros2/install/astra_camera_msgs/include/astra_camera_msgs/astra_camera_msgs/srv/detail/get_device_info__functions.h
[2.056s] -- Up-to-date symlink: /home/wheeltec/wheeltec_ros2/install/astra_camera_msgs/include/astra_camera_msgs/astra_camera_msgs/srv/detail/get_device_info__struct.h
[2.056s] -- Up-to-date symlink: /home/wheeltec/wheeltec_ros2/install/astra_camera_msgs/include/astra_camera_msgs/astra_camera_msgs/srv/detail/get_device_info__type_support.h
[2.056s] -- Up-to-date symlink: /home/wheeltec/wheeltec_ros2/install/astra_camera_msgs/include/astra_camera_msgs/astra_camera_msgs/srv/detail/get_int32__functions.h
[2.056s] -- Up-to-date symlink: /home/wheeltec/wheeltec_ros2/install/astra_camera_msgs/include/astra_camera_msgs/astra_camera_msgs/srv/detail/get_int32__struct.h
[2.057s] -- Up-to-date symlink: /home/wheeltec/wheeltec_ros2/install/astra_camera_msgs/include/astra_camera_msgs/astra_camera_msgs/srv/detail/get_int32__type_support.h
[2.057s] -- Up-to-date symlink: /home/wheeltec/wheeltec_ros2/install/astra_camera_msgs/include/astra_camera_msgs/astra_camera_msgs/srv/detail/get_string__functions.h
[2.057s] -- Up-to-date symlink: /home/wheeltec/wheeltec_ros2/install/astra_camera_msgs/include/astra_camera_msgs/astra_camera_msgs/srv/detail/get_string__struct.h
[2.057s] -- Up-to-date symlink: /home/wheeltec/wheeltec_ros2/install/astra_camera_msgs/include/astra_camera_msgs/astra_camera_msgs/srv/detail/get_string__type_support.h
[2.058s] -- Up-to-date symlink: /home/wheeltec/wheeltec_ros2/install/astra_camera_msgs/include/astra_camera_msgs/astra_camera_msgs/srv/detail/set_int32__functions.h
[2.058s] -- Up-to-date symlink: /home/wheeltec/wheeltec_ros2/install/astra_camera_msgs/include/astra_camera_msgs/astra_camera_msgs/srv/detail/set_int32__struct.h
[2.058s] -- Up-to-date symlink: /home/wheeltec/wheeltec_ros2/install/astra_camera_msgs/include/astra_camera_msgs/astra_camera_msgs/srv/detail/set_int32__type_support.h
[2.058s] -- Up-to-date symlink: /home/wheeltec/wheeltec_ros2/install/astra_camera_msgs/include/astra_camera_msgs/astra_camera_msgs/srv/get_camera_info.h
[2.059s] -- Up-to-date symlink: /home/wheeltec/wheeltec_ros2/install/astra_camera_msgs/include/astra_camera_msgs/astra_camera_msgs/srv/get_camera_params.h
[2.059s] -- Up-to-date symlink: /home/wheeltec/wheeltec_ros2/install/astra_camera_msgs/include/astra_camera_msgs/astra_camera_msgs/srv/get_device_info.h
[2.059s] -- Up-to-date symlink: /home/wheeltec/wheeltec_ros2/install/astra_camera_msgs/include/astra_camera_msgs/astra_camera_msgs/srv/get_int32.h
[2.059s] -- Up-to-date symlink: /home/wheeltec/wheeltec_ros2/install/astra_camera_msgs/include/astra_camera_msgs/astra_camera_msgs/srv/get_string.h
[2.060s] -- Up-to-date symlink: /home/wheeltec/wheeltec_ros2/install/astra_camera_msgs/include/astra_camera_msgs/astra_camera_msgs/srv/set_int32.h
[2.060s] -- Up-to-date symlink: /home/wheeltec/wheeltec_ros2/install/astra_camera_msgs/share/astra_camera_msgs/environment/library_path.sh
[2.060s] -- Up-to-date symlink: /home/wheeltec/wheeltec_ros2/install/astra_camera_msgs/share/astra_camera_msgs/environment/library_path.dsv
[2.060s] -- Up-to-date symlink: /home/wheeltec/wheeltec_ros2/install/astra_camera_msgs/include/astra_camera_msgs/astra_camera_msgs/msg/detail/device_info__rosidl_typesupport_fastrtps_c.h
[2.061s] -- Up-to-date symlink: /home/wheeltec/wheeltec_ros2/install/astra_camera_msgs/include/astra_camera_msgs/astra_camera_msgs/msg/detail/extrinsics__rosidl_typesupport_fastrtps_c.h
[2.061s] -- Up-to-date symlink: /home/wheeltec/wheeltec_ros2/install/astra_camera_msgs/include/astra_camera_msgs/astra_camera_msgs/msg/detail/metadata__rosidl_typesupport_fastrtps_c.h
[2.061s] -- Up-to-date symlink: /home/wheeltec/wheeltec_ros2/install/astra_camera_msgs/include/astra_camera_msgs/astra_camera_msgs/msg/rosidl_typesupport_fastrtps_c__visibility_control.h
[2.062s] -- Up-to-date symlink: /home/wheeltec/wheeltec_ros2/install/astra_camera_msgs/include/astra_camera_msgs/astra_camera_msgs/srv/detail/get_camera_info__rosidl_typesupport_fastrtps_c.h
[2.062s] -- Up-to-date symlink: /home/wheeltec/wheeltec_ros2/install/astra_camera_msgs/include/astra_camera_msgs/astra_camera_msgs/srv/detail/get_camera_params__rosidl_typesupport_fastrtps_c.h
[2.062s] -- Up-to-date symlink: /home/wheeltec/wheeltec_ros2/install/astra_camera_msgs/include/astra_camera_msgs/astra_camera_msgs/srv/detail/get_device_info__rosidl_typesupport_fastrtps_c.h
[2.062s] -- Up-to-date symlink: /home/wheeltec/wheeltec_ros2/install/astra_camera_msgs/include/astra_camera_msgs/astra_camera_msgs/srv/detail/get_int32__rosidl_typesupport_fastrtps_c.h
[2.063s] -- Up-to-date symlink: /home/wheeltec/wheeltec_ros2/install/astra_camera_msgs/include/astra_camera_msgs/astra_camera_msgs/srv/detail/get_string__rosidl_typesupport_fastrtps_c.h
[2.063s] -- Up-to-date symlink: /home/wheeltec/wheeltec_ros2/install/astra_camera_msgs/include/astra_camera_msgs/astra_camera_msgs/srv/detail/set_int32__rosidl_typesupport_fastrtps_c.h
[2.063s] -- Up-to-date symlink: /home/wheeltec/wheeltec_ros2/install/astra_camera_msgs/include/astra_camera_msgs/astra_camera_msgs/msg/detail/device_info__rosidl_typesupport_introspection_c.h
[2.063s] -- Up-to-date symlink: /home/wheeltec/wheeltec_ros2/install/astra_camera_msgs/include/astra_camera_msgs/astra_camera_msgs/msg/detail/extrinsics__rosidl_typesupport_introspection_c.h
[2.064s] -- Up-to-date symlink: /home/wheeltec/wheeltec_ros2/install/astra_camera_msgs/include/astra_camera_msgs/astra_camera_msgs/msg/detail/metadata__rosidl_typesupport_introspection_c.h
[2.064s] -- Up-to-date symlink: /home/wheeltec/wheeltec_ros2/install/astra_camera_msgs/include/astra_camera_msgs/astra_camera_msgs/msg/rosidl_typesupport_introspection_c__visibility_control.h
[2.064s] -- Up-to-date symlink: /home/wheeltec/wheeltec_ros2/install/astra_camera_msgs/include/astra_camera_msgs/astra_camera_msgs/srv/detail/get_camera_info__rosidl_typesupport_introspection_c.h
[2.064s] -- Up-to-date symlink: /home/wheeltec/wheeltec_ros2/install/astra_camera_msgs/include/astra_camera_msgs/astra_camera_msgs/srv/detail/get_camera_params__rosidl_typesupport_introspection_c.h
[2.065s] -- Up-to-date symlink: /home/wheeltec/wheeltec_ros2/install/astra_camera_msgs/include/astra_camera_msgs/astra_camera_msgs/srv/detail/get_device_info__rosidl_typesupport_introspection_c.h
[2.065s] -- Up-to-date symlink: /home/wheeltec/wheeltec_ros2/install/astra_camera_msgs/include/astra_camera_msgs/astra_camera_msgs/srv/detail/get_int32__rosidl_typesupport_introspection_c.h
[2.065s] -- Up-to-date symlink: /home/wheeltec/wheeltec_ros2/install/astra_camera_msgs/include/astra_camera_msgs/astra_camera_msgs/srv/detail/get_string__rosidl_typesupport_introspection_c.h
[2.066s] -- Up-to-date symlink: /home/wheeltec/wheeltec_ros2/install/astra_camera_msgs/include/astra_camera_msgs/astra_camera_msgs/srv/detail/set_int32__rosidl_typesupport_introspection_c.h
[2.066s] -- Up-to-date symlink: /home/wheeltec/wheeltec_ros2/install/astra_camera_msgs/include/astra_camera_msgs/astra_camera_msgs/msg/detail/device_info__builder.hpp
[2.066s] -- Up-to-date symlink: /home/wheeltec/wheeltec_ros2/install/astra_camera_msgs/include/astra_camera_msgs/astra_camera_msgs/msg/detail/device_info__struct.hpp
[2.066s] -- Up-to-date symlink: /home/wheeltec/wheeltec_ros2/install/astra_camera_msgs/include/astra_camera_msgs/astra_camera_msgs/msg/detail/device_info__traits.hpp
[2.067s] -- Up-to-date symlink: /home/wheeltec/wheeltec_ros2/install/astra_camera_msgs/include/astra_camera_msgs/astra_camera_msgs/msg/detail/device_info__type_support.hpp
[2.067s] -- Up-to-date symlink: /home/wheeltec/wheeltec_ros2/install/astra_camera_msgs/include/astra_camera_msgs/astra_camera_msgs/msg/detail/extrinsics__builder.hpp
[2.067s] -- Up-to-date symlink: /home/wheeltec/wheeltec_ros2/install/astra_camera_msgs/include/astra_camera_msgs/astra_camera_msgs/msg/detail/extrinsics__struct.hpp
[2.067s] -- Up-to-date symlink: /home/wheeltec/wheeltec_ros2/install/astra_camera_msgs/include/astra_camera_msgs/astra_camera_msgs/msg/detail/extrinsics__traits.hpp
[2.068s] -- Up-to-date symlink: /home/wheeltec/wheeltec_ros2/install/astra_camera_msgs/include/astra_camera_msgs/astra_camera_msgs/msg/detail/extrinsics__type_support.hpp
[2.068s] -- Up-to-date symlink: /home/wheeltec/wheeltec_ros2/install/astra_camera_msgs/include/astra_camera_msgs/astra_camera_msgs/msg/detail/metadata__builder.hpp
[2.068s] -- Up-to-date symlink: /home/wheeltec/wheeltec_ros2/install/astra_camera_msgs/include/astra_camera_msgs/astra_camera_msgs/msg/detail/metadata__struct.hpp
[2.068s] -- Up-to-date symlink: /home/wheeltec/wheeltec_ros2/install/astra_camera_msgs/include/astra_camera_msgs/astra_camera_msgs/msg/detail/metadata__traits.hpp
[2.069s] -- Up-to-date symlink: /home/wheeltec/wheeltec_ros2/install/astra_camera_msgs/include/astra_camera_msgs/astra_camera_msgs/msg/detail/metadata__type_support.hpp
[2.072s] -- Up-to-date symlink: /home/wheeltec/wheeltec_ros2/install/astra_camera_msgs/include/astra_camera_msgs/astra_camera_msgs/msg/device_info.hpp
[2.073s] -- Up-to-date symlink: /home/wheeltec/wheeltec_ros2/install/astra_camera_msgs/include/astra_camera_msgs/astra_camera_msgs/msg/extrinsics.hpp
[2.073s] -- Up-to-date symlink: /home/wheeltec/wheeltec_ros2/install/astra_camera_msgs/include/astra_camera_msgs/astra_camera_msgs/msg/metadata.hpp
[2.073s] -- Up-to-date symlink: /home/wheeltec/wheeltec_ros2/install/astra_camera_msgs/include/astra_camera_msgs/astra_camera_msgs/msg/rosidl_generator_cpp__visibility_control.hpp
[2.073s] -- Up-to-date symlink: /home/wheeltec/wheeltec_ros2/install/astra_camera_msgs/include/astra_camera_msgs/astra_camera_msgs/srv/detail/get_camera_info__builder.hpp
[2.074s] -- Up-to-date symlink: /home/wheeltec/wheeltec_ros2/install/astra_camera_msgs/include/astra_camera_msgs/astra_camera_msgs/srv/detail/get_camera_info__struct.hpp
[2.074s] -- Up-to-date symlink: /home/wheeltec/wheeltec_ros2/install/astra_camera_msgs/include/astra_camera_msgs/astra_camera_msgs/srv/detail/get_camera_info__traits.hpp
[2.074s] -- Up-to-date symlink: /home/wheeltec/wheeltec_ros2/install/astra_camera_msgs/include/astra_camera_msgs/astra_camera_msgs/srv/detail/get_camera_info__type_support.hpp
[2.074s] -- Up-to-date symlink: /home/wheeltec/wheeltec_ros2/install/astra_camera_msgs/include/astra_camera_msgs/astra_camera_msgs/srv/detail/get_camera_params__builder.hpp
[2.075s] -- Up-to-date symlink: /home/wheeltec/wheeltec_ros2/install/astra_camera_msgs/include/astra_camera_msgs/astra_camera_msgs/srv/detail/get_camera_params__struct.hpp
[2.075s] -- Up-to-date symlink: /home/wheeltec/wheeltec_ros2/install/astra_camera_msgs/include/astra_camera_msgs/astra_camera_msgs/srv/detail/get_camera_params__traits.hpp
[2.077s] -- Up-to-date symlink: /home/wheeltec/wheeltec_ros2/install/astra_camera_msgs/include/astra_camera_msgs/astra_camera_msgs/srv/detail/get_camera_params__type_support.hpp
[2.078s] -- Up-to-date symlink: /home/wheeltec/wheeltec_ros2/install/astra_camera_msgs/include/astra_camera_msgs/astra_camera_msgs/srv/detail/get_device_info__builder.hpp
[2.079s] -- Up-to-date symlink: /home/wheeltec/wheeltec_ros2/install/astra_camera_msgs/include/astra_camera_msgs/astra_camera_msgs/srv/detail/get_device_info__struct.hpp
[2.079s] -- Up-to-date symlink: /home/wheeltec/wheeltec_ros2/install/astra_camera_msgs/include/astra_camera_msgs/astra_camera_msgs/srv/detail/get_device_info__traits.hpp
[2.079s] -- Up-to-date symlink: /home/wheeltec/wheeltec_ros2/install/astra_camera_msgs/include/astra_camera_msgs/astra_camera_msgs/srv/detail/get_device_info__type_support.hpp
[2.079s] -- Up-to-date symlink: /home/wheeltec/wheeltec_ros2/install/astra_camera_msgs/include/astra_camera_msgs/astra_camera_msgs/srv/detail/get_int32__builder.hpp
[2.080s] -- Up-to-date symlink: /home/wheeltec/wheeltec_ros2/install/astra_camera_msgs/include/astra_camera_msgs/astra_camera_msgs/srv/detail/get_int32__struct.hpp
[2.080s] -- Up-to-date symlink: /home/wheeltec/wheeltec_ros2/install/astra_camera_msgs/include/astra_camera_msgs/astra_camera_msgs/srv/detail/get_int32__traits.hpp
[2.082s] -- Up-to-date symlink: /home/wheeltec/wheeltec_ros2/install/astra_camera_msgs/include/astra_camera_msgs/astra_camera_msgs/srv/detail/get_int32__type_support.hpp
[2.083s] -- Up-to-date symlink: /home/wheeltec/wheeltec_ros2/install/astra_camera_msgs/include/astra_camera_msgs/astra_camera_msgs/srv/detail/get_string__builder.hpp
[2.083s] -- Up-to-date symlink: /home/wheeltec/wheeltec_ros2/install/astra_camera_msgs/include/astra_camera_msgs/astra_camera_msgs/srv/detail/get_string__struct.hpp
[2.084s] -- Up-to-date symlink: /home/wheeltec/wheeltec_ros2/install/astra_camera_msgs/include/astra_camera_msgs/astra_camera_msgs/srv/detail/get_string__traits.hpp
[2.086s] -- Up-to-date symlink: /home/wheeltec/wheeltec_ros2/install/astra_camera_msgs/include/astra_camera_msgs/astra_camera_msgs/srv/detail/get_string__type_support.hpp
[2.093s] -- Up-to-date symlink: /home/wheeltec/wheeltec_ros2/install/astra_camera_msgs/include/astra_camera_msgs/astra_camera_msgs/srv/detail/set_int32__builder.hpp
[2.094s] -- Up-to-date symlink: /home/wheeltec/wheeltec_ros2/install/astra_camera_msgs/include/astra_camera_msgs/astra_camera_msgs/srv/detail/set_int32__struct.hpp
[2.094s] -- Up-to-date symlink: /home/wheeltec/wheeltec_ros2/install/astra_camera_msgs/include/astra_camera_msgs/astra_camera_msgs/srv/detail/set_int32__traits.hpp
[2.094s] -- Up-to-date symlink: /home/wheeltec/wheeltec_ros2/install/astra_camera_msgs/include/astra_camera_msgs/astra_camera_msgs/srv/detail/set_int32__type_support.hpp
[2.094s] -- Up-to-date symlink: /home/wheeltec/wheeltec_ros2/install/astra_camera_msgs/include/astra_camera_msgs/astra_camera_msgs/srv/get_camera_info.hpp
[2.094s] -- Up-to-date symlink: /home/wheeltec/wheeltec_ros2/install/astra_camera_msgs/include/astra_camera_msgs/astra_camera_msgs/srv/get_camera_params.hpp
[2.094s] -- Up-to-date symlink: /home/wheeltec/wheeltec_ros2/install/astra_camera_msgs/include/astra_camera_msgs/astra_camera_msgs/srv/get_device_info.hpp
[2.095s] -- Up-to-date symlink: /home/wheeltec/wheeltec_ros2/install/astra_camera_msgs/include/astra_camera_msgs/astra_camera_msgs/srv/get_int32.hpp
[2.095s] -- Up-to-date symlink: /home/wheeltec/wheeltec_ros2/install/astra_camera_msgs/include/astra_camera_msgs/astra_camera_msgs/srv/get_string.hpp
[2.095s] -- Up-to-date symlink: /home/wheeltec/wheeltec_ros2/install/astra_camera_msgs/include/astra_camera_msgs/astra_camera_msgs/srv/set_int32.hpp
[2.095s] -- Up-to-date symlink: /home/wheeltec/wheeltec_ros2/install/astra_camera_msgs/include/astra_camera_msgs/astra_camera_msgs/msg/detail/device_info__rosidl_typesupport_fastrtps_cpp.hpp
[2.095s] -- Up-to-date symlink: /home/wheeltec/wheeltec_ros2/install/astra_camera_msgs/include/astra_camera_msgs/astra_camera_msgs/msg/detail/extrinsics__rosidl_typesupport_fastrtps_cpp.hpp
[2.095s] -- Up-to-date symlink: /home/wheeltec/wheeltec_ros2/install/astra_camera_msgs/include/astra_camera_msgs/astra_camera_msgs/msg/detail/metadata__rosidl_typesupport_fastrtps_cpp.hpp
[2.095s] -- Up-to-date symlink: /home/wheeltec/wheeltec_ros2/install/astra_camera_msgs/include/astra_camera_msgs/astra_camera_msgs/msg/rosidl_typesupport_fastrtps_cpp__visibility_control.h
[2.095s] -- Up-to-date symlink: /home/wheeltec/wheeltec_ros2/install/astra_camera_msgs/include/astra_camera_msgs/astra_camera_msgs/srv/detail/get_camera_info__rosidl_typesupport_fastrtps_cpp.hpp
[2.095s] -- Up-to-date symlink: /home/wheeltec/wheeltec_ros2/install/astra_camera_msgs/include/astra_camera_msgs/astra_camera_msgs/srv/detail/get_camera_params__rosidl_typesupport_fastrtps_cpp.hpp
[2.096s] -- Up-to-date symlink: /home/wheeltec/wheeltec_ros2/install/astra_camera_msgs/include/astra_camera_msgs/astra_camera_msgs/srv/detail/get_device_info__rosidl_typesupport_fastrtps_cpp.hpp
[2.096s] -- Up-to-date symlink: /home/wheeltec/wheeltec_ros2/install/astra_camera_msgs/include/astra_camera_msgs/astra_camera_msgs/srv/detail/get_int32__rosidl_typesupport_fastrtps_cpp.hpp
[2.096s] -- Up-to-date symlink: /home/wheeltec/wheeltec_ros2/install/astra_camera_msgs/include/astra_camera_msgs/astra_camera_msgs/srv/detail/get_string__rosidl_typesupport_fastrtps_cpp.hpp
[2.096s] -- Up-to-date symlink: /home/wheeltec/wheeltec_ros2/install/astra_camera_msgs/include/astra_camera_msgs/astra_camera_msgs/srv/detail/set_int32__rosidl_typesupport_fastrtps_cpp.hpp
[2.096s] -- Up-to-date symlink: /home/wheeltec/wheeltec_ros2/install/astra_camera_msgs/include/astra_camera_msgs/astra_camera_msgs/msg/detail/device_info__rosidl_typesupport_introspection_cpp.hpp
[2.096s] -- Up-to-date symlink: /home/wheeltec/wheeltec_ros2/install/astra_camera_msgs/include/astra_camera_msgs/astra_camera_msgs/msg/detail/extrinsics__rosidl_typesupport_introspection_cpp.hpp
[2.096s] -- Up-to-date symlink: /home/wheeltec/wheeltec_ros2/install/astra_camera_msgs/include/astra_camera_msgs/astra_camera_msgs/msg/detail/metadata__rosidl_typesupport_introspection_cpp.hpp
[2.096s] -- Up-to-date symlink: /home/wheeltec/wheeltec_ros2/install/astra_camera_msgs/include/astra_camera_msgs/astra_camera_msgs/srv/detail/get_camera_info__rosidl_typesupport_introspection_cpp.hpp
[2.096s] -- Up-to-date symlink: /home/wheeltec/wheeltec_ros2/install/astra_camera_msgs/include/astra_camera_msgs/astra_camera_msgs/srv/detail/get_camera_params__rosidl_typesupport_introspection_cpp.hpp
[2.097s] -- Up-to-date symlink: /home/wheeltec/wheeltec_ros2/install/astra_camera_msgs/include/astra_camera_msgs/astra_camera_msgs/srv/detail/get_device_info__rosidl_typesupport_introspection_cpp.hpp
[2.098s] -- Up-to-date symlink: /home/wheeltec/wheeltec_ros2/install/astra_camera_msgs/include/astra_camera_msgs/astra_camera_msgs/srv/detail/get_int32__rosidl_typesupport_introspection_cpp.hpp
[2.100s] -- Up-to-date symlink: /home/wheeltec/wheeltec_ros2/install/astra_camera_msgs/include/astra_camera_msgs/astra_camera_msgs/srv/detail/get_string__rosidl_typesupport_introspection_cpp.hpp
[2.100s] -- Up-to-date symlink: /home/wheeltec/wheeltec_ros2/install/astra_camera_msgs/include/astra_camera_msgs/astra_camera_msgs/srv/detail/set_int32__rosidl_typesupport_introspection_cpp.hpp
[2.100s] -- Up-to-date symlink: /home/wheeltec/wheeltec_ros2/install/astra_camera_msgs/share/astra_camera_msgs/environment/pythonpath.sh
[2.100s] -- Up-to-date symlink: /home/wheeltec/wheeltec_ros2/install/astra_camera_msgs/share/astra_camera_msgs/environment/pythonpath.dsv
[2.101s] -- Up-to-date symlink: /home/wheeltec/wheeltec_ros2/install/astra_camera_msgs/local/lib/python3.10/dist-packages/astra_camera_msgs-1.0.1-py3.10.egg-info/PKG-INFO
[2.102s] -- Up-to-date symlink: /home/wheeltec/wheeltec_ros2/install/astra_camera_msgs/local/lib/python3.10/dist-packages/astra_camera_msgs-1.0.1-py3.10.egg-info/SOURCES.txt
[2.105s] -- Up-to-date symlink: /home/wheeltec/wheeltec_ros2/install/astra_camera_msgs/local/lib/python3.10/dist-packages/astra_camera_msgs-1.0.1-py3.10.egg-info/dependency_links.txt
[2.105s] -- Up-to-date symlink: /home/wheeltec/wheeltec_ros2/install/astra_camera_msgs/local/lib/python3.10/dist-packages/astra_camera_msgs-1.0.1-py3.10.egg-info/top_level.txt
[2.106s] -- Up-to-date symlink: /home/wheeltec/wheeltec_ros2/install/astra_camera_msgs/local/lib/python3.10/dist-packages/astra_camera_msgs/__init__.py
[2.106s] -- Up-to-date symlink: /home/wheeltec/wheeltec_ros2/install/astra_camera_msgs/local/lib/python3.10/dist-packages/astra_camera_msgs/_astra_camera_msgs_s.ep.rosidl_typesupport_c.c
[2.106s] -- Up-to-date symlink: /home/wheeltec/wheeltec_ros2/install/astra_camera_msgs/local/lib/python3.10/dist-packages/astra_camera_msgs/_astra_camera_msgs_s.ep.rosidl_typesupport_fastrtps_c.c
[2.106s] -- Up-to-date symlink: /home/wheeltec/wheeltec_ros2/install/astra_camera_msgs/local/lib/python3.10/dist-packages/astra_camera_msgs/_astra_camera_msgs_s.ep.rosidl_typesupport_introspection_c.c
[2.106s] -- Up-to-date symlink: /home/wheeltec/wheeltec_ros2/install/astra_camera_msgs/local/lib/python3.10/dist-packages/astra_camera_msgs/astra_camera_msgs_s__rosidl_typesupport_c.cpython-310-aarch64-linux-gnu.so
[2.107s] -- Up-to-date symlink: /home/wheeltec/wheeltec_ros2/install/astra_camera_msgs/local/lib/python3.10/dist-packages/astra_camera_msgs/astra_camera_msgs_s__rosidl_typesupport_fastrtps_c.cpython-310-aarch64-linux-gnu.so
[2.107s] -- Up-to-date symlink: /home/wheeltec/wheeltec_ros2/install/astra_camera_msgs/local/lib/python3.10/dist-packages/astra_camera_msgs/astra_camera_msgs_s__rosidl_typesupport_introspection_c.cpython-310-aarch64-linux-gnu.so
[2.107s] -- Up-to-date symlink: /home/wheeltec/wheeltec_ros2/install/astra_camera_msgs/local/lib/python3.10/dist-packages/astra_camera_msgs/libastra_camera_msgs__rosidl_generator_py.so
[2.107s] -- Up-to-date symlink: /home/wheeltec/wheeltec_ros2/install/astra_camera_msgs/local/lib/python3.10/dist-packages/astra_camera_msgs/msg/__init__.py
[2.107s] -- Up-to-date symlink: /home/wheeltec/wheeltec_ros2/install/astra_camera_msgs/local/lib/python3.10/dist-packages/astra_camera_msgs/msg/_device_info.py
[2.107s] -- Up-to-date symlink: /home/wheeltec/wheeltec_ros2/install/astra_camera_msgs/local/lib/python3.10/dist-packages/astra_camera_msgs/msg/_device_info_s.c
[2.107s] -- Up-to-date symlink: /home/wheeltec/wheeltec_ros2/install/astra_camera_msgs/local/lib/python3.10/dist-packages/astra_camera_msgs/msg/_extrinsics.py
[2.108s] -- Up-to-date symlink: /home/wheeltec/wheeltec_ros2/install/astra_camera_msgs/local/lib/python3.10/dist-packages/astra_camera_msgs/msg/_extrinsics_s.c
[2.108s] -- Up-to-date symlink: /home/wheeltec/wheeltec_ros2/install/astra_camera_msgs/local/lib/python3.10/dist-packages/astra_camera_msgs/msg/_metadata.py
[2.108s] -- Up-to-date symlink: /home/wheeltec/wheeltec_ros2/install/astra_camera_msgs/local/lib/python3.10/dist-packages/astra_camera_msgs/msg/_metadata_s.c
[2.108s] -- Up-to-date symlink: /home/wheeltec/wheeltec_ros2/install/astra_camera_msgs/local/lib/python3.10/dist-packages/astra_camera_msgs/srv/__init__.py
[2.108s] -- Up-to-date symlink: /home/wheeltec/wheeltec_ros2/install/astra_camera_msgs/local/lib/python3.10/dist-packages/astra_camera_msgs/srv/_get_camera_info.py
[2.109s] -- Up-to-date symlink: /home/wheeltec/wheeltec_ros2/install/astra_camera_msgs/local/lib/python3.10/dist-packages/astra_camera_msgs/srv/_get_camera_info_s.c
[2.109s] -- Up-to-date symlink: /home/wheeltec/wheeltec_ros2/install/astra_camera_msgs/local/lib/python3.10/dist-packages/astra_camera_msgs/srv/_get_camera_params.py
[2.109s] -- Up-to-date symlink: /home/wheeltec/wheeltec_ros2/install/astra_camera_msgs/local/lib/python3.10/dist-packages/astra_camera_msgs/srv/_get_camera_params_s.c
[2.109s] -- Up-to-date symlink: /home/wheeltec/wheeltec_ros2/install/astra_camera_msgs/local/lib/python3.10/dist-packages/astra_camera_msgs/srv/_get_device_info.py
[2.109s] -- Up-to-date symlink: /home/wheeltec/wheeltec_ros2/install/astra_camera_msgs/local/lib/python3.10/dist-packages/astra_camera_msgs/srv/_get_device_info_s.c
[2.110s] -- Up-to-date symlink: /home/wheeltec/wheeltec_ros2/install/astra_camera_msgs/local/lib/python3.10/dist-packages/astra_camera_msgs/srv/_get_int32.py
[2.110s] -- Up-to-date symlink: /home/wheeltec/wheeltec_ros2/install/astra_camera_msgs/local/lib/python3.10/dist-packages/astra_camera_msgs/srv/_get_int32_s.c
[2.110s] -- Up-to-date symlink: /home/wheeltec/wheeltec_ros2/install/astra_camera_msgs/local/lib/python3.10/dist-packages/astra_camera_msgs/srv/_get_string.py
[2.110s] -- Up-to-date symlink: /home/wheeltec/wheeltec_ros2/install/astra_camera_msgs/local/lib/python3.10/dist-packages/astra_camera_msgs/srv/_get_string_s.c
[2.110s] -- Up-to-date symlink: /home/wheeltec/wheeltec_ros2/install/astra_camera_msgs/local/lib/python3.10/dist-packages/astra_camera_msgs/srv/_set_int32.py
[2.110s] -- Up-to-date symlink: /home/wheeltec/wheeltec_ros2/install/astra_camera_msgs/local/lib/python3.10/dist-packages/astra_camera_msgs/srv/_set_int32_s.c
[2.110s] -- Up-to-date symlink: /home/wheeltec/wheeltec_ros2/install/astra_camera_msgs/local/lib/python3.10/dist-packages/astra_camera_msgs/astra_camera_msgs_s__rosidl_typesupport_fastrtps_c.cpython-310-aarch64-linux-gnu.so
[2.110s] -- Up-to-date symlink: /home/wheeltec/wheeltec_ros2/install/astra_camera_msgs/local/lib/python3.10/dist-packages/astra_camera_msgs/astra_camera_msgs_s__rosidl_typesupport_introspection_c.cpython-310-aarch64-linux-gnu.so
[2.110s] -- Up-to-date symlink: /home/wheeltec/wheeltec_ros2/install/astra_camera_msgs/local/lib/python3.10/dist-packages/astra_camera_msgs/astra_camera_msgs_s__rosidl_typesupport_c.cpython-310-aarch64-linux-gnu.so
[2.111s] -- Up-to-date symlink: /home/wheeltec/wheeltec_ros2/install/astra_camera_msgs/share/astra_camera_msgs/msg/DeviceInfo.idl
[2.111s] -- Up-to-date symlink: /home/wheeltec/wheeltec_ros2/install/astra_camera_msgs/share/astra_camera_msgs/msg/Extrinsics.idl
[2.111s] -- Up-to-date symlink: /home/wheeltec/wheeltec_ros2/install/astra_camera_msgs/share/astra_camera_msgs/msg/Metadata.idl
[2.111s] -- Up-to-date symlink: /home/wheeltec/wheeltec_ros2/install/astra_camera_msgs/share/astra_camera_msgs/srv/GetDeviceInfo.idl
[2.111s] -- Up-to-date symlink: /home/wheeltec/wheeltec_ros2/install/astra_camera_msgs/share/astra_camera_msgs/srv/GetCameraInfo.idl
[2.111s] -- Up-to-date symlink: /home/wheeltec/wheeltec_ros2/install/astra_camera_msgs/share/astra_camera_msgs/srv/GetCameraParams.idl
[2.111s] -- Up-to-date symlink: /home/wheeltec/wheeltec_ros2/install/astra_camera_msgs/share/astra_camera_msgs/srv/GetInt32.idl
[2.111s] -- Up-to-date symlink: /home/wheeltec/wheeltec_ros2/install/astra_camera_msgs/share/astra_camera_msgs/srv/GetString.idl
[2.112s] -- Up-to-date symlink: /home/wheeltec/wheeltec_ros2/install/astra_camera_msgs/share/astra_camera_msgs/srv/SetInt32.idl
[2.112s] -- Up-to-date symlink: /home/wheeltec/wheeltec_ros2/install/astra_camera_msgs/share/astra_camera_msgs/msg/DeviceInfo.msg
[2.112s] -- Up-to-date symlink: /home/wheeltec/wheeltec_ros2/install/astra_camera_msgs/share/astra_camera_msgs/msg/Extrinsics.msg
[2.112s] -- Up-to-date symlink: /home/wheeltec/wheeltec_ros2/install/astra_camera_msgs/share/astra_camera_msgs/msg/Metadata.msg
[2.112s] -- Up-to-date symlink: /home/wheeltec/wheeltec_ros2/install/astra_camera_msgs/share/astra_camera_msgs/srv/GetDeviceInfo.srv
[2.112s] -- Up-to-date symlink: /home/wheeltec/wheeltec_ros2/install/astra_camera_msgs/share/astra_camera_msgs/srv/GetDeviceInfo_Request.msg
[2.112s] -- Up-to-date symlink: /home/wheeltec/wheeltec_ros2/install/astra_camera_msgs/share/astra_camera_msgs/srv/GetDeviceInfo_Response.msg
[2.113s] -- Up-to-date symlink: /home/wheeltec/wheeltec_ros2/install/astra_camera_msgs/share/astra_camera_msgs/srv/GetCameraInfo.srv
[2.113s] -- Up-to-date symlink: /home/wheeltec/wheeltec_ros2/install/astra_camera_msgs/share/astra_camera_msgs/srv/GetCameraInfo_Request.msg
[2.113s] -- Up-to-date symlink: /home/wheeltec/wheeltec_ros2/install/astra_camera_msgs/share/astra_camera_msgs/srv/GetCameraInfo_Response.msg
[2.113s] -- Up-to-date symlink: /home/wheeltec/wheeltec_ros2/install/astra_camera_msgs/share/astra_camera_msgs/srv/GetCameraParams.srv
[2.113s] -- Up-to-date symlink: /home/wheeltec/wheeltec_ros2/install/astra_camera_msgs/share/astra_camera_msgs/srv/GetCameraParams_Request.msg
[2.116s] -- Up-to-date symlink: /home/wheeltec/wheeltec_ros2/install/astra_camera_msgs/share/astra_camera_msgs/srv/GetCameraParams_Response.msg
[2.116s] -- Up-to-date symlink: /home/wheeltec/wheeltec_ros2/install/astra_camera_msgs/share/astra_camera_msgs/srv/GetInt32.srv
[2.116s] -- Up-to-date symlink: /home/wheeltec/wheeltec_ros2/install/astra_camera_msgs/share/astra_camera_msgs/srv/GetInt32_Request.msg
[2.116s] -- Up-to-date symlink: /home/wheeltec/wheeltec_ros2/install/astra_camera_msgs/share/astra_camera_msgs/srv/GetInt32_Response.msg
[2.116s] -- Up-to-date symlink: /home/wheeltec/wheeltec_ros2/install/astra_camera_msgs/share/astra_camera_msgs/srv/GetString.srv
[2.116s] -- Up-to-date symlink: /home/wheeltec/wheeltec_ros2/install/astra_camera_msgs/share/astra_camera_msgs/srv/GetString_Request.msg
[2.117s] -- Up-to-date symlink: /home/wheeltec/wheeltec_ros2/install/astra_camera_msgs/share/astra_camera_msgs/srv/GetString_Response.msg
[2.117s] -- Up-to-date symlink: /home/wheeltec/wheeltec_ros2/install/astra_camera_msgs/share/astra_camera_msgs/srv/SetInt32.srv
[2.120s] -- Up-to-date symlink: /home/wheeltec/wheeltec_ros2/install/astra_camera_msgs/share/astra_camera_msgs/srv/SetInt32_Request.msg
[2.120s] -- Up-to-date symlink: /home/wheeltec/wheeltec_ros2/install/astra_camera_msgs/share/astra_camera_msgs/srv/SetInt32_Response.msg
[2.120s] -- Up-to-date symlink: /home/wheeltec/wheeltec_ros2/install/astra_camera_msgs/share/ament_index/resource_index/package_run_dependencies/astra_camera_msgs
[2.121s] -- Up-to-date symlink: /home/wheeltec/wheeltec_ros2/install/astra_camera_msgs/share/ament_index/resource_index/parent_prefix_path/astra_camera_msgs
[2.121s] -- Up-to-date symlink: /home/wheeltec/wheeltec_ros2/install/astra_camera_msgs/share/astra_camera_msgs/environment/ament_prefix_path.sh
[2.121s] -- Up-to-date symlink: /home/wheeltec/wheeltec_ros2/install/astra_camera_msgs/share/astra_camera_msgs/environment/ament_prefix_path.dsv
[2.121s] -- Up-to-date symlink: /home/wheeltec/wheeltec_ros2/install/astra_camera_msgs/share/astra_camera_msgs/environment/path.sh
[2.121s] -- Up-to-date symlink: /home/wheeltec/wheeltec_ros2/install/astra_camera_msgs/share/astra_camera_msgs/environment/path.dsv
[2.121s] -- Up-to-date symlink: /home/wheeltec/wheeltec_ros2/install/astra_camera_msgs/share/astra_camera_msgs/local_setup.bash
[2.121s] -- Up-to-date symlink: /home/wheeltec/wheeltec_ros2/install/astra_camera_msgs/share/astra_camera_msgs/local_setup.sh
[2.122s] -- Up-to-date symlink: /home/wheeltec/wheeltec_ros2/install/astra_camera_msgs/share/astra_camera_msgs/local_setup.zsh
[2.122s] -- Up-to-date symlink: /home/wheeltec/wheeltec_ros2/install/astra_camera_msgs/share/astra_camera_msgs/local_setup.dsv
[2.122s] -- Symlinking: /home/wheeltec/wheeltec_ros2/install/astra_camera_msgs/share/astra_camera_msgs/package.dsv
[2.131s] -- Up-to-date symlink: /home/wheeltec/wheeltec_ros2/install/astra_camera_msgs/share/ament_index/resource_index/packages/astra_camera_msgs
[2.131s] -- Up-to-date symlink: /home/wheeltec/wheeltec_ros2/install/astra_camera_msgs/share/astra_camera_msgs/cmake/rosidl_cmake-extras.cmake
[2.131s] -- Up-to-date symlink: /home/wheeltec/wheeltec_ros2/install/astra_camera_msgs/share/astra_camera_msgs/cmake/ament_cmake_export_dependencies-extras.cmake
[2.132s] -- Up-to-date symlink: /home/wheeltec/wheeltec_ros2/install/astra_camera_msgs/share/astra_camera_msgs/cmake/ament_cmake_export_include_directories-extras.cmake
[2.132s] -- Up-to-date symlink: /home/wheeltec/wheeltec_ros2/install/astra_camera_msgs/share/astra_camera_msgs/cmake/ament_cmake_export_libraries-extras.cmake
[2.132s] -- Up-to-date symlink: /home/wheeltec/wheeltec_ros2/install/astra_camera_msgs/share/astra_camera_msgs/cmake/ament_cmake_export_targets-extras.cmake
[2.132s] -- Up-to-date symlink: /home/wheeltec/wheeltec_ros2/install/astra_camera_msgs/share/astra_camera_msgs/cmake/rosidl_cmake_export_typesupport_targets-extras.cmake
[2.133s] -- Up-to-date symlink: /home/wheeltec/wheeltec_ros2/install/astra_camera_msgs/share/astra_camera_msgs/cmake/rosidl_cmake_export_typesupport_libraries-extras.cmake
[2.133s] -- Up-to-date symlink: /home/wheeltec/wheeltec_ros2/install/astra_camera_msgs/share/astra_camera_msgs/cmake/astra_camera_msgsConfig.cmake
[2.135s] -- Up-to-date symlink: /home/wheeltec/wheeltec_ros2/install/astra_camera_msgs/share/astra_camera_msgs/cmake/astra_camera_msgsConfig-version.cmake
[2.137s] -- Up-to-date symlink: /home/wheeltec/wheeltec_ros2/install/astra_camera_msgs/share/astra_camera_msgs/package.xml
[2.137s] -- Up-to-date: /home/wheeltec/wheeltec_ros2/install/astra_camera_msgs/lib/libastra_camera_msgs__rosidl_generator_c.so
[2.137s] -- Up-to-date: /home/wheeltec/wheeltec_ros2/install/astra_camera_msgs/lib/libastra_camera_msgs__rosidl_typesupport_fastrtps_c.so
[2.137s] -- Up-to-date: /home/wheeltec/wheeltec_ros2/install/astra_camera_msgs/lib/libastra_camera_msgs__rosidl_typesupport_introspection_c.so
[2.137s] -- Up-to-date: /home/wheeltec/wheeltec_ros2/install/astra_camera_msgs/lib/libastra_camera_msgs__rosidl_typesupport_c.so
[2.137s] -- Up-to-date: /home/wheeltec/wheeltec_ros2/install/astra_camera_msgs/lib/libastra_camera_msgs__rosidl_typesupport_fastrtps_cpp.so
[2.138s] -- Up-to-date: /home/wheeltec/wheeltec_ros2/install/astra_camera_msgs/lib/libastra_camera_msgs__rosidl_typesupport_introspection_cpp.so
[2.138s] -- Up-to-date: /home/wheeltec/wheeltec_ros2/install/astra_camera_msgs/lib/libastra_camera_msgs__rosidl_typesupport_cpp.so
[2.242s] Listing '/home/wheeltec/wheeltec_ros2/install/astra_camera_msgs/local/lib/python3.10/dist-packages/astra_camera_msgs'...
[2.242s] Listing '/home/wheeltec/wheeltec_ros2/install/astra_camera_msgs/local/lib/python3.10/dist-packages/astra_camera_msgs/msg'...
[2.242s] Listing '/home/wheeltec/wheeltec_ros2/install/astra_camera_msgs/local/lib/python3.10/dist-packages/astra_camera_msgs/srv'...
[2.255s] -- Up-to-date: /home/wheeltec/wheeltec_ros2/install/astra_camera_msgs/lib/libastra_camera_msgs__rosidl_generator_py.so
[2.256s] -- Up-to-date: /home/wheeltec/wheeltec_ros2/install/astra_camera_msgs/share/astra_camera_msgs/cmake/export_astra_camera_msgs__rosidl_generator_cExport.cmake
[2.256s] -- Up-to-date: /home/wheeltec/wheeltec_ros2/install/astra_camera_msgs/share/astra_camera_msgs/cmake/export_astra_camera_msgs__rosidl_generator_cExport-noconfig.cmake
[2.256s] -- Up-to-date: /home/wheeltec/wheeltec_ros2/install/astra_camera_msgs/share/astra_camera_msgs/cmake/export_astra_camera_msgs__rosidl_typesupport_fastrtps_cExport.cmake
[2.257s] -- Up-to-date: /home/wheeltec/wheeltec_ros2/install/astra_camera_msgs/share/astra_camera_msgs/cmake/export_astra_camera_msgs__rosidl_typesupport_fastrtps_cExport-noconfig.cmake
[2.258s] -- Up-to-date: /home/wheeltec/wheeltec_ros2/install/astra_camera_msgs/share/astra_camera_msgs/cmake/astra_camera_msgs__rosidl_typesupport_introspection_cExport.cmake
[2.259s] -- Up-to-date: /home/wheeltec/wheeltec_ros2/install/astra_camera_msgs/share/astra_camera_msgs/cmake/astra_camera_msgs__rosidl_typesupport_introspection_cExport-noconfig.cmake
[2.260s] -- Up-to-date: /home/wheeltec/wheeltec_ros2/install/astra_camera_msgs/share/astra_camera_msgs/cmake/astra_camera_msgs__rosidl_typesupport_cExport.cmake
[2.261s] -- Up-to-date: /home/wheeltec/wheeltec_ros2/install/astra_camera_msgs/share/astra_camera_msgs/cmake/astra_camera_msgs__rosidl_typesupport_cExport-noconfig.cmake
[2.265s] -- Up-to-date: /home/wheeltec/wheeltec_ros2/install/astra_camera_msgs/share/astra_camera_msgs/cmake/export_astra_camera_msgs__rosidl_generator_cppExport.cmake
[2.265s] -- Up-to-date: /home/wheeltec/wheeltec_ros2/install/astra_camera_msgs/share/astra_camera_msgs/cmake/export_astra_camera_msgs__rosidl_typesupport_fastrtps_cppExport.cmake
[2.266s] -- Up-to-date: /home/wheeltec/wheeltec_ros2/install/astra_camera_msgs/share/astra_camera_msgs/cmake/export_astra_camera_msgs__rosidl_typesupport_fastrtps_cppExport-noconfig.cmake
[2.266s] -- Up-to-date: /home/wheeltec/wheeltec_ros2/install/astra_camera_msgs/share/astra_camera_msgs/cmake/astra_camera_msgs__rosidl_typesupport_introspection_cppExport.cmake
[2.266s] -- Up-to-date: /home/wheeltec/wheeltec_ros2/install/astra_camera_msgs/share/astra_camera_msgs/cmake/astra_camera_msgs__rosidl_typesupport_introspection_cppExport-noconfig.cmake
[2.267s] -- Up-to-date: /home/wheeltec/wheeltec_ros2/install/astra_camera_msgs/share/astra_camera_msgs/cmake/astra_camera_msgs__rosidl_typesupport_cppExport.cmake
[2.267s] -- Up-to-date: /home/wheeltec/wheeltec_ros2/install/astra_camera_msgs/share/astra_camera_msgs/cmake/astra_camera_msgs__rosidl_typesupport_cppExport-noconfig.cmake
[2.267s] -- Up-to-date: /home/wheeltec/wheeltec_ros2/install/astra_camera_msgs/share/astra_camera_msgs/cmake/export_astra_camera_msgs__rosidl_generator_pyExport.cmake
[2.268s] -- Up-to-date: /home/wheeltec/wheeltec_ros2/install/astra_camera_msgs/share/astra_camera_msgs/cmake/export_astra_camera_msgs__rosidl_generator_pyExport-noconfig.cmake
[2.361s] Invoked command in '/home/wheeltec/wheeltec_ros2/build/astra_camera_msgs' returned '0': CMAKE_PREFIX_PATH=${CMAKE_PREFIX_PATH}:/home/wheeltec/wheeltec_ros2/install/wheeltec_robot_keyboard:/home/wheeltec/wheeltec_ros2/install/wheeltec_dual_rtk_driver:/home/wheeltec/wheeltec_ros2/install/ultralytics_ros2:/home/wheeltec/wheeltec_ros2/install/tf2_tools:/home/wheeltec/wheeltec_ros2/install/nav2_waypoint_cycle:/home/wheeltec/wheeltec_ros2/install/nav2_simple_commander:/home/wheeltec/wheeltec_ros2/install/auto_recharge_ros2:/home/wheeltec/autoware/install/autoware_wheeltec_interface:/home/wheeltec/autoware/install/ad_api_visualizers:/opt/ros/humble /usr/bin/cmake --install /home/wheeltec/wheeltec_ros2/build/astra_camera_msgs
