[0.254s] Invoking command in '/home/wheeltec/wheeltec_ros2/build/wheeltec_mic_aiui': CMAKE_PREFIX_PATH=${CMAKE_PREFIX_PATH}:/home/wheeltec/wheeltec_ros2/install/wheeltec_robot_keyboard:/home/wheeltec/wheeltec_ros2/install/wheeltec_dual_rtk_driver:/home/wheeltec/wheeltec_ros2/install/ultralytics_ros2:/home/wheeltec/wheeltec_ros2/install/tf2_tools:/home/wheeltec/wheeltec_ros2/install/nav2_waypoint_cycle:/home/wheeltec/wheeltec_ros2/install/nav2_simple_commander:/home/wheeltec/wheeltec_ros2/install/auto_recharge_ros2:/home/wheeltec/autoware/install/autoware_wheeltec_interface:/home/wheeltec/autoware/install/ad_api_visualizers:/opt/ros/humble /usr/bin/cmake --build /home/wheeltec/wheeltec_ros2/build/wheeltec_mic_aiui -- -j6 -l6
[0.574s] [35m[1mConsolidate compiler generated dependencies of target wheeltec_mic_aiui[0m
[0.714s] [ 54%] Built target wheeltec_mic_aiui
[0.861s] [35m[1mConsolidate compiler generated dependencies of target chat_service[0m
[0.976s] [ 62%] Built target chat_service
[1.053s] [35m[1mConsolidate compiler generated dependencies of target motion_control[0m
[1.145s] [ 70%] Built target motion_control
[1.232s] [35m[1mConsolidate compiler generated dependencies of target wheeltec_mic[0m
[1.394s] [ 83%] Built target wheeltec_mic
[1.519s] [35m[1mConsolidate compiler generated dependencies of target command_recognition[0m
[1.650s] [ 91%] Built target command_recognition
[1.791s] [35m[1mConsolidate compiler generated dependencies of target node_feedback[0m
[1.868s] [100%] Built target node_feedback
[2.708s] Invoked command in '/home/wheeltec/wheeltec_ros2/build/wheeltec_mic_aiui' returned '0': CMAKE_PREFIX_PATH=${CMAKE_PREFIX_PATH}:/home/wheeltec/wheeltec_ros2/install/wheeltec_robot_keyboard:/home/wheeltec/wheeltec_ros2/install/wheeltec_dual_rtk_driver:/home/wheeltec/wheeltec_ros2/install/ultralytics_ros2:/home/wheeltec/wheeltec_ros2/install/tf2_tools:/home/wheeltec/wheeltec_ros2/install/nav2_waypoint_cycle:/home/wheeltec/wheeltec_ros2/install/nav2_simple_commander:/home/wheeltec/wheeltec_ros2/install/auto_recharge_ros2:/home/wheeltec/autoware/install/autoware_wheeltec_interface:/home/wheeltec/autoware/install/ad_api_visualizers:/opt/ros/humble /usr/bin/cmake --build /home/wheeltec/wheeltec_ros2/build/wheeltec_mic_aiui -- -j6 -l6
[2.722s] Invoking command in '/home/wheeltec/wheeltec_ros2/build/wheeltec_mic_aiui': CMAKE_PREFIX_PATH=${CMAKE_PREFIX_PATH}:/home/wheeltec/wheeltec_ros2/install/wheeltec_robot_keyboard:/home/wheeltec/wheeltec_ros2/install/wheeltec_dual_rtk_driver:/home/wheeltec/wheeltec_ros2/install/ultralytics_ros2:/home/wheeltec/wheeltec_ros2/install/tf2_tools:/home/wheeltec/wheeltec_ros2/install/nav2_waypoint_cycle:/home/wheeltec/wheeltec_ros2/install/nav2_simple_commander:/home/wheeltec/wheeltec_ros2/install/auto_recharge_ros2:/home/wheeltec/autoware/install/autoware_wheeltec_interface:/home/wheeltec/autoware/install/ad_api_visualizers:/opt/ros/humble /usr/bin/cmake --install /home/wheeltec/wheeltec_ros2/build/wheeltec_mic_aiui
[2.763s] -- Install configuration: ""
[2.764s] -- Up-to-date: /home/wheeltec/wheeltec_ros2/install/wheeltec_mic_aiui/share/wheeltec_mic_aiui/launch
[2.764s] -- Up-to-date: /home/wheeltec/wheeltec_ros2/install/wheeltec_mic_aiui/share/wheeltec_mic_aiui/launch/mic_start.launch.py
[2.764s] -- Up-to-date: /home/wheeltec/wheeltec_ros2/install/wheeltec_mic_aiui/share/wheeltec_mic_aiui/launch/include
[2.764s] -- Up-to-date: /home/wheeltec/wheeltec_ros2/install/wheeltec_mic_aiui/share/wheeltec_mic_aiui/launch/include/voi_navigation.launch.py
[2.764s] -- Up-to-date: /home/wheeltec/wheeltec_ros2/install/wheeltec_mic_aiui/share/wheeltec_mic_aiui/launch/include/lasertracker.launch.py
[2.764s] -- Up-to-date: /home/wheeltec/wheeltec_ros2/install/wheeltec_mic_aiui/share/wheeltec_mic_aiui/launch/include/laserfollower.launch.py
[2.764s] -- Up-to-date: /home/wheeltec/wheeltec_ros2/install/wheeltec_mic_aiui/share/wheeltec_mic_aiui/launch/aiui_chat.launch.py
[2.765s] -- Up-to-date: /home/wheeltec/wheeltec_ros2/install/wheeltec_mic_aiui/share/wheeltec_mic_aiui/launch/base.launch.py
[2.765s] -- Up-to-date: /home/wheeltec/wheeltec_ros2/install/wheeltec_mic_aiui/share/wheeltec_mic_aiui/AIUI
[2.765s] -- Up-to-date: /home/wheeltec/wheeltec_ros2/install/wheeltec_mic_aiui/share/wheeltec_mic_aiui/AIUI/esr_10801
[2.765s] -- Up-to-date: /home/wheeltec/wheeltec_ros2/install/wheeltec_mic_aiui/share/wheeltec_mic_aiui/AIUI/esr_10801/esr.cfg
[2.765s] -- Up-to-date: /home/wheeltec/wheeltec_ros2/install/wheeltec_mic_aiui/share/wheeltec_mic_aiui/AIUI/esr_10801/esr.log
[2.765s] -- Up-to-date: /home/wheeltec/wheeltec_ros2/install/wheeltec_mic_aiui/share/wheeltec_mic_aiui/AIUI/esr_10801/grammar
[2.765s] -- Up-to-date: /home/wheeltec/wheeltec_ros2/install/wheeltec_mic_aiui/share/wheeltec_mic_aiui/AIUI/assets
[2.765s] -- Up-to-date: /home/wheeltec/wheeltec_ros2/install/wheeltec_mic_aiui/share/wheeltec_mic_aiui/AIUI/assets/vtn
[2.765s] -- Up-to-date: /home/wheeltec/wheeltec_ros2/install/wheeltec_mic_aiui/share/wheeltec_mic_aiui/AIUI/assets/vtn/vtn.ini
[2.765s] -- Up-to-date: /home/wheeltec/wheeltec_ros2/install/wheeltec_mic_aiui/share/wheeltec_mic_aiui/AIUI/assets/vtn/res.bin
[2.766s] -- Up-to-date: /home/wheeltec/wheeltec_ros2/install/wheeltec_mic_aiui/share/wheeltec_mic_aiui/AIUI/assets/esr
[2.766s] -- Up-to-date: /home/wheeltec/wheeltec_ros2/install/wheeltec_mic_aiui/share/wheeltec_mic_aiui/AIUI/assets/esr/contact.jet
[2.766s] -- Up-to-date: /home/wheeltec/wheeltec_ros2/install/wheeltec_mic_aiui/share/wheeltec_mic_aiui/AIUI/assets/esr/esr.jet
[2.766s] -- Up-to-date: /home/wheeltec/wheeltec_ros2/install/wheeltec_mic_aiui/share/wheeltec_mic_aiui/AIUI/assets/xtts
[2.766s] -- Up-to-date: /home/wheeltec/wheeltec_ros2/install/wheeltec_mic_aiui/share/wheeltec_mic_aiui/AIUI/assets/xtts/xiaofeng.jet
[2.766s] -- Up-to-date: /home/wheeltec/wheeltec_ros2/install/wheeltec_mic_aiui/share/wheeltec_mic_aiui/AIUI/assets/xtts/xiaoqian.jet
[2.766s] -- Up-to-date: /home/wheeltec/wheeltec_ros2/install/wheeltec_mic_aiui/share/wheeltec_mic_aiui/AIUI/assets/xtts/yifeng.jet
[2.766s] -- Up-to-date: /home/wheeltec/wheeltec_ros2/install/wheeltec_mic_aiui/share/wheeltec_mic_aiui/AIUI/assets/xtts/xiaoqiang.jet
[2.766s] -- Up-to-date: /home/wheeltec/wheeltec_ros2/install/wheeltec_mic_aiui/share/wheeltec_mic_aiui/AIUI/assets/xtts/chongchong.jet
[2.766s] -- Up-to-date: /home/wheeltec/wheeltec_ros2/install/wheeltec_mic_aiui/share/wheeltec_mic_aiui/AIUI/assets/xtts/xiaomei.jet
[2.772s] -- Up-to-date: /home/wheeltec/wheeltec_ros2/install/wheeltec_mic_aiui/share/wheeltec_mic_aiui/AIUI/assets/xtts/xiaomeng.jet
[2.772s] -- Up-to-date: /home/wheeltec/wheeltec_ros2/install/wheeltec_mic_aiui/share/wheeltec_mic_aiui/AIUI/assets/xtts/xiaoxue.jet
[2.772s] -- Up-to-date: /home/wheeltec/wheeltec_ros2/install/wheeltec_mic_aiui/share/wheeltec_mic_aiui/AIUI/assets/xtts/xiaokun.jet
[2.772s] -- Up-to-date: /home/wheeltec/wheeltec_ros2/install/wheeltec_mic_aiui/share/wheeltec_mic_aiui/AIUI/assets/xtts/xiaodong.jet
[2.772s] -- Up-to-date: /home/wheeltec/wheeltec_ros2/install/wheeltec_mic_aiui/share/wheeltec_mic_aiui/AIUI/assets/xtts/catherine.jet
[2.772s] -- Up-to-date: /home/wheeltec/wheeltec_ros2/install/wheeltec_mic_aiui/share/wheeltec_mic_aiui/AIUI/assets/xtts/xiaoshi.jet
[2.772s] -- Up-to-date: /home/wheeltec/wheeltec_ros2/install/wheeltec_mic_aiui/share/wheeltec_mic_aiui/AIUI/assets/xtts/xiaoyuan.jet
[2.772s] -- Up-to-date: /home/wheeltec/wheeltec_ros2/install/wheeltec_mic_aiui/share/wheeltec_mic_aiui/AIUI/assets/xtts/john.jet
[2.772s] -- Up-to-date: /home/wheeltec/wheeltec_ros2/install/wheeltec_mic_aiui/share/wheeltec_mic_aiui/AIUI/assets/xtts/xiaolin.jet
[2.773s] -- Up-to-date: /home/wheeltec/wheeltec_ros2/install/wheeltec_mic_aiui/share/wheeltec_mic_aiui/AIUI/assets/xtts/xiaofei.jet
[2.773s] -- Up-to-date: /home/wheeltec/wheeltec_ros2/install/wheeltec_mic_aiui/share/wheeltec_mic_aiui/AIUI/assets/xtts/common_CnCn.jet
[2.773s] -- Up-to-date: /home/wheeltec/wheeltec_ros2/install/wheeltec_mic_aiui/share/wheeltec_mic_aiui/AIUI/assets/xtts/xiaofang.jet
[2.773s] -- Up-to-date: /home/wheeltec/wheeltec_ros2/install/wheeltec_mic_aiui/share/wheeltec_mic_aiui/AIUI/assets/xtts/qianqian.jet
[2.773s] -- Up-to-date: /home/wheeltec/wheeltec_ros2/install/wheeltec_mic_aiui/share/wheeltec_mic_aiui/AIUI/assets/xtts/xiaoyan.jet
[2.773s] -- Up-to-date: /home/wheeltec/wheeltec_ros2/install/wheeltec_mic_aiui/share/wheeltec_mic_aiui/AIUI/assets/xtts/xiaobao.jet
[2.773s] -- Up-to-date: /home/wheeltec/wheeltec_ros2/install/wheeltec_mic_aiui/share/wheeltec_mic_aiui/AIUI/assets/xtts/xiaorong.jet
[2.773s] -- Up-to-date: /home/wheeltec/wheeltec_ros2/install/wheeltec_mic_aiui/share/wheeltec_mic_aiui/AIUI/assets/xtts/xiaowang.jet
[2.773s] -- Up-to-date: /home/wheeltec/wheeltec_ros2/install/wheeltec_mic_aiui/share/wheeltec_mic_aiui/AIUI/assets/xtts/nannan.jet
[2.773s] -- Up-to-date: /home/wheeltec/wheeltec_ros2/install/wheeltec_mic_aiui/share/wheeltec_mic_aiui/AIUI/assets/xtts/xiaoying.jet
[2.773s] -- Up-to-date: /home/wheeltec/wheeltec_ros2/install/wheeltec_mic_aiui/share/wheeltec_mic_aiui/AIUI/msc
[2.774s] -- Up-to-date: /home/wheeltec/wheeltec_ros2/install/wheeltec_mic_aiui/share/wheeltec_mic_aiui/AIUI/msc/msc.cfg
[2.774s] -- Up-to-date: /home/wheeltec/wheeltec_ros2/install/wheeltec_mic_aiui/share/wheeltec_mic_aiui/AIUI/msc/40be1a8bba4e1264909677def48f42ee
[2.774s] -- Up-to-date: /home/wheeltec/wheeltec_ros2/install/wheeltec_mic_aiui/share/wheeltec_mic_aiui/AIUI/msc/40be1a8bba4e1264909677def48f42ee/local.6.6.0001.0047
[2.774s] -- Up-to-date: /home/wheeltec/wheeltec_ros2/install/wheeltec_mic_aiui/share/wheeltec_mic_aiui/AIUI/msc/40be1a8bba4e1264909677def48f42ee/local.6.6.0001.0047/local.cache
[2.774s] -- Up-to-date: /home/wheeltec/wheeltec_ros2/install/wheeltec_mic_aiui/share/wheeltec_mic_aiui/AIUI/msc/7b8b82d171b126a5dcdd8e70adb0e4d3
[2.774s] -- Up-to-date: /home/wheeltec/wheeltec_ros2/install/wheeltec_mic_aiui/share/wheeltec_mic_aiui/AIUI/msc/7b8b82d171b126a5dcdd8e70adb0e4d3/ns.6.6.0001.0047
[2.774s] -- Up-to-date: /home/wheeltec/wheeltec_ros2/install/wheeltec_mic_aiui/share/wheeltec_mic_aiui/AIUI/msc/7b8b82d171b126a5dcdd8e70adb0e4d3/ns.6.6.0001.0047/ns.cache
[2.774s] -- Up-to-date: /home/wheeltec/wheeltec_ros2/install/wheeltec_mic_aiui/share/wheeltec_mic_aiui/AIUI/msc/7b8b82d171b126a5dcdd8e70adb0e4d3/local.6.6.0001.0047
[2.774s] -- Up-to-date: /home/wheeltec/wheeltec_ros2/install/wheeltec_mic_aiui/share/wheeltec_mic_aiui/AIUI/msc/7b8b82d171b126a5dcdd8e70adb0e4d3/local.6.6.0001.0047/local.cache
[2.774s] -- Up-to-date: /home/wheeltec/wheeltec_ros2/install/wheeltec_mic_aiui/share/wheeltec_mic_aiui/AIUI/msc/aiui.log
[2.775s] -- Up-to-date: /home/wheeltec/wheeltec_ros2/install/wheeltec_mic_aiui/share/wheeltec_mic_aiui/AIUI/audio
[2.775s] -- Up-to-date: /home/wheeltec/wheeltec_ros2/install/wheeltec_mic_aiui/share/wheeltec_mic_aiui/AIUI/audio/test.pcm
[2.775s] -- Up-to-date: /home/wheeltec/wheeltec_ros2/install/wheeltec_mic_aiui/share/wheeltec_mic_aiui/AIUI/cfg
[2.775s] -- Up-to-date: /home/wheeltec/wheeltec_ros2/install/wheeltec_mic_aiui/share/wheeltec_mic_aiui/AIUI/cfg/aiui.cfg
[2.775s] -- Up-to-date: /home/wheeltec/wheeltec_ros2/install/wheeltec_mic_aiui/share/wheeltec_mic_aiui/config
[2.775s] -- Up-to-date: /home/wheeltec/wheeltec_ros2/install/wheeltec_mic_aiui/share/wheeltec_mic_aiui/config/param.yaml
[2.775s] -- Execute custom install script
[2.776s] -- Up-to-date symlink: /home/wheeltec/wheeltec_ros2/install/wheeltec_mic_aiui/lib/wheeltec_mic_aiui/wheeltec_mic_aiui
[2.777s] -- Up-to-date symlink: /home/wheeltec/wheeltec_ros2/install/wheeltec_mic_aiui/lib/wheeltec_mic_aiui/node_feedback
[2.777s] -- Up-to-date symlink: /home/wheeltec/wheeltec_ros2/install/wheeltec_mic_aiui/lib/wheeltec_mic_aiui/command_recognition
[2.779s] -- Up-to-date symlink: /home/wheeltec/wheeltec_ros2/install/wheeltec_mic_aiui/lib/wheeltec_mic_aiui/wheeltec_mic
[2.779s] -- Up-to-date symlink: /home/wheeltec/wheeltec_ros2/install/wheeltec_mic_aiui/lib/wheeltec_mic_aiui/motion_control
[2.779s] -- Up-to-date symlink: /home/wheeltec/wheeltec_ros2/install/wheeltec_mic_aiui/lib/wheeltec_mic_aiui/chat_service
[2.780s] -- Up-to-date symlink: /home/wheeltec/wheeltec_ros2/install/wheeltec_mic_aiui/share/ament_index/resource_index/package_run_dependencies/wheeltec_mic_aiui
[2.780s] -- Up-to-date symlink: /home/wheeltec/wheeltec_ros2/install/wheeltec_mic_aiui/share/ament_index/resource_index/parent_prefix_path/wheeltec_mic_aiui
[2.780s] -- Up-to-date symlink: /home/wheeltec/wheeltec_ros2/install/wheeltec_mic_aiui/share/wheeltec_mic_aiui/environment/ament_prefix_path.sh
[2.780s] -- Up-to-date symlink: /home/wheeltec/wheeltec_ros2/install/wheeltec_mic_aiui/share/wheeltec_mic_aiui/environment/ament_prefix_path.dsv
[2.780s] -- Up-to-date symlink: /home/wheeltec/wheeltec_ros2/install/wheeltec_mic_aiui/share/wheeltec_mic_aiui/environment/path.sh
[2.780s] -- Up-to-date symlink: /home/wheeltec/wheeltec_ros2/install/wheeltec_mic_aiui/share/wheeltec_mic_aiui/environment/path.dsv
[2.781s] -- Up-to-date symlink: /home/wheeltec/wheeltec_ros2/install/wheeltec_mic_aiui/share/wheeltec_mic_aiui/local_setup.bash
[2.781s] -- Up-to-date symlink: /home/wheeltec/wheeltec_ros2/install/wheeltec_mic_aiui/share/wheeltec_mic_aiui/local_setup.sh
[2.781s] -- Up-to-date symlink: /home/wheeltec/wheeltec_ros2/install/wheeltec_mic_aiui/share/wheeltec_mic_aiui/local_setup.zsh
[2.781s] -- Up-to-date symlink: /home/wheeltec/wheeltec_ros2/install/wheeltec_mic_aiui/share/wheeltec_mic_aiui/local_setup.dsv
[2.781s] -- Symlinking: /home/wheeltec/wheeltec_ros2/install/wheeltec_mic_aiui/share/wheeltec_mic_aiui/package.dsv
[2.831s] -- Up-to-date symlink: /home/wheeltec/wheeltec_ros2/install/wheeltec_mic_aiui/share/ament_index/resource_index/packages/wheeltec_mic_aiui
[2.831s] -- Up-to-date symlink: /home/wheeltec/wheeltec_ros2/install/wheeltec_mic_aiui/share/wheeltec_mic_aiui/cmake/wheeltec_mic_aiuiConfig.cmake
[2.831s] -- Up-to-date symlink: /home/wheeltec/wheeltec_ros2/install/wheeltec_mic_aiui/share/wheeltec_mic_aiui/cmake/wheeltec_mic_aiuiConfig-version.cmake
[2.831s] -- Up-to-date symlink: /home/wheeltec/wheeltec_ros2/install/wheeltec_mic_aiui/share/wheeltec_mic_aiui/package.xml
[3.041s] Invoked command in '/home/wheeltec/wheeltec_ros2/build/wheeltec_mic_aiui' returned '0': CMAKE_PREFIX_PATH=${CMAKE_PREFIX_PATH}:/home/wheeltec/wheeltec_ros2/install/wheeltec_robot_keyboard:/home/wheeltec/wheeltec_ros2/install/wheeltec_dual_rtk_driver:/home/wheeltec/wheeltec_ros2/install/ultralytics_ros2:/home/wheeltec/wheeltec_ros2/install/tf2_tools:/home/wheeltec/wheeltec_ros2/install/nav2_waypoint_cycle:/home/wheeltec/wheeltec_ros2/install/nav2_simple_commander:/home/wheeltec/wheeltec_ros2/install/auto_recharge_ros2:/home/wheeltec/autoware/install/autoware_wheeltec_interface:/home/wheeltec/autoware/install/ad_api_visualizers:/opt/ros/humble /usr/bin/cmake --install /home/wheeltec/wheeltec_ros2/build/wheeltec_mic_aiui
