[0.179s] Invoking command in '/home/wheeltec/wheeltec_ros2/build/ldlidar': CMAKE_PREFIX_PATH=${CMAKE_PREFIX_PATH}:/home/wheeltec/wheeltec_ros2/install/simple_follower_ros2:/home/wheeltec/wheeltec_ros2/install/wheeltec_robot_keyboard:/home/wheeltec/wheeltec_ros2/install/wheeltec_dual_rtk_driver:/home/wheeltec/wheeltec_ros2/install/ultralytics_ros2:/home/wheeltec/wheeltec_ros2/install/tf2_tools:/home/wheeltec/wheeltec_ros2/install/ollama_ros_chat:/home/wheeltec/wheeltec_ros2/install/nmea_navsat_driver:/home/wheeltec/wheeltec_ros2/install/nav2_waypoint_cycle:/home/wheeltec/wheeltec_ros2/install/nav2_simple_commander:/home/wheeltec/wheeltec_ros2/install/largemodel:/home/wheeltec/wheeltec_ros2/install/auto_recharge_ros2:/home/wheeltec/autoware/install/autoware_wheeltec_interface:/home/wheeltec/autoware/install/ad_api_visualizers:/opt/ros/humble /usr/bin/cmake --build /home/wheeltec/wheeltec_ros2/build/ldlidar -- -j6 -l6
[0.870s] [100%] Built target ldlidar
[0.967s] Invoked command in '/home/wheeltec/wheeltec_ros2/build/ldlidar' returned '0': CMAKE_PREFIX_PATH=${CMAKE_PREFIX_PATH}:/home/wheeltec/wheeltec_ros2/install/simple_follower_ros2:/home/wheeltec/wheeltec_ros2/install/wheeltec_robot_keyboard:/home/wheeltec/wheeltec_ros2/install/wheeltec_dual_rtk_driver:/home/wheeltec/wheeltec_ros2/install/ultralytics_ros2:/home/wheeltec/wheeltec_ros2/install/tf2_tools:/home/wheeltec/wheeltec_ros2/install/ollama_ros_chat:/home/wheeltec/wheeltec_ros2/install/nmea_navsat_driver:/home/wheeltec/wheeltec_ros2/install/nav2_waypoint_cycle:/home/wheeltec/wheeltec_ros2/install/nav2_simple_commander:/home/wheeltec/wheeltec_ros2/install/largemodel:/home/wheeltec/wheeltec_ros2/install/auto_recharge_ros2:/home/wheeltec/autoware/install/autoware_wheeltec_interface:/home/wheeltec/autoware/install/ad_api_visualizers:/opt/ros/humble /usr/bin/cmake --build /home/wheeltec/wheeltec_ros2/build/ldlidar -- -j6 -l6
[0.971s] Invoking command in '/home/wheeltec/wheeltec_ros2/build/ldlidar': CMAKE_PREFIX_PATH=${CMAKE_PREFIX_PATH}:/home/wheeltec/wheeltec_ros2/install/simple_follower_ros2:/home/wheeltec/wheeltec_ros2/install/wheeltec_robot_keyboard:/home/wheeltec/wheeltec_ros2/install/wheeltec_dual_rtk_driver:/home/wheeltec/wheeltec_ros2/install/ultralytics_ros2:/home/wheeltec/wheeltec_ros2/install/tf2_tools:/home/wheeltec/wheeltec_ros2/install/ollama_ros_chat:/home/wheeltec/wheeltec_ros2/install/nmea_navsat_driver:/home/wheeltec/wheeltec_ros2/install/nav2_waypoint_cycle:/home/wheeltec/wheeltec_ros2/install/nav2_simple_commander:/home/wheeltec/wheeltec_ros2/install/largemodel:/home/wheeltec/wheeltec_ros2/install/auto_recharge_ros2:/home/wheeltec/autoware/install/autoware_wheeltec_interface:/home/wheeltec/autoware/install/ad_api_visualizers:/opt/ros/humble /usr/bin/cmake --install /home/wheeltec/wheeltec_ros2/build/ldlidar
[1.049s] -- Install configuration: ""
[1.051s] -- Execute custom install script
[1.052s] -- Up-to-date symlink: /home/wheeltec/wheeltec_ros2/install/ldlidar/lib/ldlidar/ldlidar
[1.054s] -- Up-to-date symlink: /home/wheeltec/wheeltec_ros2/install/ldlidar/share/ldlidar//launch/ld06.launch.py
[1.054s] -- Up-to-date symlink: /home/wheeltec/wheeltec_ros2/install/ldlidar/share/ldlidar//launch/ld06net.launch.py
[1.055s] -- Up-to-date symlink: /home/wheeltec/wheeltec_ros2/install/ldlidar/share/ldlidar//launch/ld19.launch.py
[1.055s] -- Up-to-date symlink: /home/wheeltec/wheeltec_ros2/install/ldlidar/share/ldlidar//launch/stl06n.launch.py
[1.056s] -- Up-to-date symlink: /home/wheeltec/wheeltec_ros2/install/ldlidar/share/ldlidar//launch/stl06nbj.launch.py
[1.057s] -- Up-to-date symlink: /home/wheeltec/wheeltec_ros2/install/ldlidar/share/ldlidar//launch/stl06nbjnet.launch.py
[1.057s] -- Up-to-date symlink: /home/wheeltec/wheeltec_ros2/install/ldlidar/share/ldlidar//launch/stl06nnet.launch.py
[1.059s] -- Up-to-date symlink: /home/wheeltec/wheeltec_ros2/install/ldlidar/share/ldlidar//launch/stl06p.launch.py
[1.059s] -- Up-to-date symlink: /home/wheeltec/wheeltec_ros2/install/ldlidar/share/ldlidar//launch/stl19n.launch.py
[1.059s] -- Up-to-date symlink: /home/wheeltec/wheeltec_ros2/install/ldlidar/share/ldlidar//launch/stl19p.launch.py
[1.059s] -- Up-to-date symlink: /home/wheeltec/wheeltec_ros2/install/ldlidar/share/ldlidar//launch/stl19pnet.launch.py
[1.060s] -- Up-to-date symlink: /home/wheeltec/wheeltec_ros2/install/ldlidar/share/ldlidar//launch/stl26.launch.py
[1.060s] -- Up-to-date symlink: /home/wheeltec/wheeltec_ros2/install/ldlidar/share/ldlidar//launch/stl27l.launch.py
[1.060s] -- Up-to-date symlink: /home/wheeltec/wheeltec_ros2/install/ldlidar/share/ldlidar//launch/viewer_ld06.launch.py
[1.061s] -- Up-to-date symlink: /home/wheeltec/wheeltec_ros2/install/ldlidar/share/ldlidar//launch/viewer_ld19.launch.py
[1.062s] -- Up-to-date symlink: /home/wheeltec/wheeltec_ros2/install/ldlidar/share/ldlidar//launch/viewer_stl06n.launch.py
[1.064s] -- Up-to-date symlink: /home/wheeltec/wheeltec_ros2/install/ldlidar/share/ldlidar//launch/viewer_stl06p.launch.py
[1.064s] -- Up-to-date symlink: /home/wheeltec/wheeltec_ros2/install/ldlidar/share/ldlidar//launch/viewer_stl26.launch.py
[1.065s] -- Up-to-date symlink: /home/wheeltec/wheeltec_ros2/install/ldlidar/share/ldlidar//launch/viewer_stl27l.launch.py
[1.066s] -- Up-to-date symlink: /home/wheeltec/wheeltec_ros2/install/ldlidar/share/ldlidar//rviz2/ldlidar.rviz
[1.067s] -- Up-to-date symlink: /home/wheeltec/wheeltec_ros2/install/ldlidar/share/ament_index/resource_index/package_run_dependencies/ldlidar
[1.068s] -- Up-to-date symlink: /home/wheeltec/wheeltec_ros2/install/ldlidar/share/ament_index/resource_index/parent_prefix_path/ldlidar
[1.068s] -- Up-to-date symlink: /home/wheeltec/wheeltec_ros2/install/ldlidar/share/ldlidar/environment/ament_prefix_path.sh
[1.069s] -- Up-to-date symlink: /home/wheeltec/wheeltec_ros2/install/ldlidar/share/ldlidar/environment/ament_prefix_path.dsv
[1.070s] -- Up-to-date symlink: /home/wheeltec/wheeltec_ros2/install/ldlidar/share/ldlidar/environment/path.sh
[1.070s] -- Up-to-date symlink: /home/wheeltec/wheeltec_ros2/install/ldlidar/share/ldlidar/environment/path.dsv
[1.071s] -- Up-to-date symlink: /home/wheeltec/wheeltec_ros2/install/ldlidar/share/ldlidar/local_setup.bash
[1.072s] -- Up-to-date symlink: /home/wheeltec/wheeltec_ros2/install/ldlidar/share/ldlidar/local_setup.sh
[1.072s] -- Up-to-date symlink: /home/wheeltec/wheeltec_ros2/install/ldlidar/share/ldlidar/local_setup.zsh
[1.073s] -- Up-to-date symlink: /home/wheeltec/wheeltec_ros2/install/ldlidar/share/ldlidar/local_setup.dsv
[1.073s] -- Symlinking: /home/wheeltec/wheeltec_ros2/install/ldlidar/share/ldlidar/package.dsv
[1.160s] -- Up-to-date symlink: /home/wheeltec/wheeltec_ros2/install/ldlidar/share/ament_index/resource_index/packages/ldlidar
[1.161s] -- Up-to-date symlink: /home/wheeltec/wheeltec_ros2/install/ldlidar/share/ldlidar/cmake/ldlidarConfig.cmake
[1.161s] -- Up-to-date symlink: /home/wheeltec/wheeltec_ros2/install/ldlidar/share/ldlidar/cmake/ldlidarConfig-version.cmake
[1.162s] -- Up-to-date symlink: /home/wheeltec/wheeltec_ros2/install/ldlidar/share/ldlidar/package.xml
[1.178s] Invoked command in '/home/wheeltec/wheeltec_ros2/build/ldlidar' returned '0': CMAKE_PREFIX_PATH=${CMAKE_PREFIX_PATH}:/home/wheeltec/wheeltec_ros2/install/simple_follower_ros2:/home/wheeltec/wheeltec_ros2/install/wheeltec_robot_keyboard:/home/wheeltec/wheeltec_ros2/install/wheeltec_dual_rtk_driver:/home/wheeltec/wheeltec_ros2/install/ultralytics_ros2:/home/wheeltec/wheeltec_ros2/install/tf2_tools:/home/wheeltec/wheeltec_ros2/install/ollama_ros_chat:/home/wheeltec/wheeltec_ros2/install/nmea_navsat_driver:/home/wheeltec/wheeltec_ros2/install/nav2_waypoint_cycle:/home/wheeltec/wheeltec_ros2/install/nav2_simple_commander:/home/wheeltec/wheeltec_ros2/install/largemodel:/home/wheeltec/wheeltec_ros2/install/auto_recharge_ros2:/home/wheeltec/autoware/install/autoware_wheeltec_interface:/home/wheeltec/autoware/install/ad_api_visualizers:/opt/ros/humble /usr/bin/cmake --install /home/wheeltec/wheeltec_ros2/build/ldlidar
