[0.000000] (-) TimerEvent: {}
[0.000730] (-) JobUnselected: {'identifier': 'ackermann_msgs'}
[0.001041] (-) JobUnselected: {'identifier': 'aruco'}
[0.001163] (-) JobUnselected: {'identifier': 'aruco_msgs'}
[0.001248] (-) JobUnselected: {'identifier': 'aruco_ros'}
[0.001302] (-) JobUnselected: {'identifier': 'astra_camera'}
[0.001450] (-) JobUnselected: {'identifier': 'astra_camera_msgs'}
[0.001577] (-) JobUnselected: {'identifier': 'auto_recharge_ros2'}
[0.001789] (-) JobUnselected: {'identifier': 'bodyreader'}
[0.001884] (-) JobUnselected: {'identifier': 'bodyreader_msg'}
[0.001925] (-) JobUnselected: {'identifier': 'cloud_msgs'}
[0.001958] (-) JobUnselected: {'identifier': 'costmap_queue'}
[0.001987] (-) JobUnselected: {'identifier': 'dwb_core'}
[0.002015] (-) JobUnselected: {'identifier': 'dwb_critics'}
[0.002042] (-) JobUnselected: {'identifier': 'dwb_msgs'}
[0.002066] (-) JobUnselected: {'identifier': 'dwb_plugins'}
[0.002088] (-) JobUnselected: {'identifier': 'fdilink_ahrs'}
[0.002111] (-) JobUnselected: {'identifier': 'hipnuc_imu'}
[0.002143] (-) JobUnselected: {'identifier': 'interfaces'}
[0.002167] (-) JobUnselected: {'identifier': 'largemodel'}
[0.002191] (-) JobUnselected: {'identifier': 'ldlidar'}
[0.002214] (-) JobUnselected: {'identifier': 'lego_loam_sr'}
[0.002237] (-) JobUnselected: {'identifier': 'lio_sam'}
[0.002259] (-) JobUnselected: {'identifier': 'lslidar_driver'}
[0.002282] (-) JobUnselected: {'identifier': 'lslidar_msgs'}
[0.002303] (-) JobUnselected: {'identifier': 'nav2_amcl'}
[0.002326] (-) JobUnselected: {'identifier': 'nav2_behavior_tree'}
[0.002348] (-) JobUnselected: {'identifier': 'nav2_behaviors'}
[0.002371] (-) JobUnselected: {'identifier': 'nav2_bringup'}
[0.002393] (-) JobUnselected: {'identifier': 'nav2_bt_navigator'}
[0.002415] (-) JobUnselected: {'identifier': 'nav2_collision_monitor'}
[0.002438] (-) JobUnselected: {'identifier': 'nav2_common'}
[0.002460] (-) JobUnselected: {'identifier': 'nav2_constrained_smoother'}
[0.002483] (-) JobUnselected: {'identifier': 'nav2_controller'}
[0.002505] (-) JobUnselected: {'identifier': 'nav2_core'}
[0.002526] (-) JobUnselected: {'identifier': 'nav2_costmap_2d'}
[0.002548] (-) JobUnselected: {'identifier': 'nav2_dwb_controller'}
[0.002570] (-) JobUnselected: {'identifier': 'nav2_lifecycle_manager'}
[0.002593] (-) JobUnselected: {'identifier': 'nav2_map_server'}
[0.002615] (-) JobUnselected: {'identifier': 'nav2_mppi_controller'}
[0.002637] (-) JobUnselected: {'identifier': 'nav2_msgs'}
[0.002660] (-) JobUnselected: {'identifier': 'nav2_navfn_planner'}
[0.002682] (-) JobUnselected: {'identifier': 'nav2_planner'}
[0.002704] (-) JobUnselected: {'identifier': 'nav2_regulated_pure_pursuit_controller'}
[0.002727] (-) JobUnselected: {'identifier': 'nav2_rotation_shim_controller'}
[0.002750] (-) JobUnselected: {'identifier': 'nav2_rviz_plugins'}
[0.002771] (-) JobUnselected: {'identifier': 'nav2_simple_commander'}
[0.002793] (-) JobUnselected: {'identifier': 'nav2_smac_planner'}
[0.002814] (-) JobUnselected: {'identifier': 'nav2_smoother'}
[0.002834] (-) JobUnselected: {'identifier': 'nav2_theta_star_planner'}
[0.002856] (-) JobUnselected: {'identifier': 'nav2_util'}
[0.002877] (-) JobUnselected: {'identifier': 'nav2_velocity_smoother'}
[0.002898] (-) JobUnselected: {'identifier': 'nav2_voxel_grid'}
[0.002919] (-) JobUnselected: {'identifier': 'nav2_waypoint_cycle'}
[0.002940] (-) JobUnselected: {'identifier': 'nav2_waypoint_follower'}
[0.002961] (-) JobUnselected: {'identifier': 'nav_2d_msgs'}
[0.002981] (-) JobUnselected: {'identifier': 'nav_2d_utils'}
[0.003002] (-) JobUnselected: {'identifier': 'navigation2'}
[0.003023] (-) JobUnselected: {'identifier': 'nmea_msgs'}
[0.003044] (-) JobUnselected: {'identifier': 'nmea_navsat_driver'}
[0.003066] (-) JobUnselected: {'identifier': 'ollama_ros_chat'}
[0.003088] (-) JobUnselected: {'identifier': 'ollama_ros_msgs'}
[0.003110] (-) JobUnselected: {'identifier': 'openslam_gmapping'}
[0.003132] (-) JobUnselected: {'identifier': 'orb_slam2_ros'}
[0.003154] (-) JobUnselected: {'identifier': 'pointcloud_to_laserscan'}
[0.003199] (-) JobUnselected: {'identifier': 'rplidar_ros'}
[0.003222] (-) JobUnselected: {'identifier': 'serial'}
[0.003244] (-) JobUnselected: {'identifier': 'simple_follower_ros2'}
[0.003265] (-) JobUnselected: {'identifier': 'slam_gmapping'}
[0.003286] (-) JobUnselected: {'identifier': 'tf2_tools'}
[0.003307] (-) JobUnselected: {'identifier': 'tts'}
[0.003328] (-) JobUnselected: {'identifier': 'turn_on_wheeltec_robot'}
[0.003349] (-) JobUnselected: {'identifier': 'ublox'}
[0.003370] (-) JobUnselected: {'identifier': 'ublox_gps'}
[0.003391] (-) JobUnselected: {'identifier': 'ublox_msgs'}
[0.003412] (-) JobUnselected: {'identifier': 'ublox_serialization'}
[0.003433] (-) JobUnselected: {'identifier': 'ultralytics_ros2'}
[0.003453] (-) JobUnselected: {'identifier': 'usb_cam'}
[0.003486] (-) JobUnselected: {'identifier': 'web_video_server'}
[0.003510] (-) JobUnselected: {'identifier': 'wheeltec_cartographer'}
[0.003532] (-) JobUnselected: {'identifier': 'wheeltec_dual_rtk_driver'}
[0.003554] (-) JobUnselected: {'identifier': 'wheeltec_gps_driver'}
[0.003576] (-) JobUnselected: {'identifier': 'wheeltec_joy'}
[0.003598] (-) JobUnselected: {'identifier': 'wheeltec_mic_aiui'}
[0.003620] (-) JobUnselected: {'identifier': 'wheeltec_mic_msg'}
[0.003642] (-) JobUnselected: {'identifier': 'wheeltec_mic_ros2'}
[0.003664] (-) JobUnselected: {'identifier': 'wheeltec_multi'}
[0.003685] (-) JobUnselected: {'identifier': 'wheeltec_nav2'}
[0.003708] (-) JobUnselected: {'identifier': 'wheeltec_path_follow'}
[0.003730] (-) JobUnselected: {'identifier': 'wheeltec_radar'}
[0.003751] (-) JobUnselected: {'identifier': 'wheeltec_robot_kcf'}
[0.003774] (-) JobUnselected: {'identifier': 'wheeltec_robot_keyboard'}
[0.003796] (-) JobUnselected: {'identifier': 'wheeltec_robot_msg'}
[0.003818] (-) JobUnselected: {'identifier': 'wheeltec_robot_rrt'}
[0.003840] (-) JobUnselected: {'identifier': 'wheeltec_robot_rtab'}
[0.003862] (-) JobUnselected: {'identifier': 'wheeltec_robot_urdf'}
[0.003885] (-) JobUnselected: {'identifier': 'wheeltec_rrt_msg'}
[0.003907] (-) JobUnselected: {'identifier': 'wheeltec_rviz2'}
[0.003929] (-) JobUnselected: {'identifier': 'wheeltec_slam_toolbox'}
[0.003950] (-) JobUnselected: {'identifier': 'yesense_interface'}
[0.003972] (-) JobUnselected: {'identifier': 'yesense_std_ros2'}
[0.003997] (-) EventReactorShutdown: {}
