[0.112s] Invoking command in '/home/wheeltec/wheeltec_ros2/build/lio_sam': CMAKE_PREFIX_PATH=${CMAKE_PREFIX_PATH}:/home/wheeltec/wheeltec_ros2/install/simple_follower_ros2:/home/wheeltec/wheeltec_ros2/install/wheeltec_robot_keyboard:/home/wheeltec/wheeltec_ros2/install/wheeltec_dual_rtk_driver:/home/wheeltec/wheeltec_ros2/install/ultralytics_ros2:/home/wheeltec/wheeltec_ros2/install/tf2_tools:/home/wheeltec/wheeltec_ros2/install/ollama_ros_chat:/home/wheeltec/wheeltec_ros2/install/nmea_navsat_driver:/home/wheeltec/wheeltec_ros2/install/nav2_waypoint_cycle:/home/wheeltec/wheeltec_ros2/install/nav2_simple_commander:/home/wheeltec/wheeltec_ros2/install/auto_recharge_ros2:/home/wheeltec/autoware/install/autoware_wheeltec_interface:/home/wheeltec/autoware/install/ad_api_visualizers:/opt/ros/humble /usr/bin/cmake --build /home/wheeltec/wheeltec_ros2/build/lio_sam -- -j6 -l6
[0.582s] [  2%] Built target lio_sam__cpp
[0.856s] [  2%] Built target ament_cmake_python_symlink_lio_sam
[1.068s] [ 10%] Built target lio_sam__rosidl_typesupport_introspection_cpp
[1.933s] running egg_info
[1.933s] writing lio_sam.egg-info/PKG-INFO
[1.933s] writing dependency_links to lio_sam.egg-info/dependency_links.txt
[1.933s] writing top-level names to lio_sam.egg-info/top_level.txt
[1.941s] reading manifest file 'lio_sam.egg-info/SOURCES.txt'
[1.942s] writing manifest file 'lio_sam.egg-info/SOURCES.txt'
[2.074s] [ 10%] Built target ament_cmake_python_build_lio_sam_egg
[2.271s] [ 18%] Built target lio_sam__rosidl_typesupport_fastrtps_cpp
[2.492s] [ 26%] Built target lio_sam__rosidl_typesupport_cpp
[2.710s] [ 34%] Built target lio_sam__rosidl_generator_c
[2.993s] [ 38%] Built target lio_sam_simpleGpsOdom
[3.237s] [ 46%] Built target lio_sam__rosidl_typesupport_fastrtps_c
[3.454s] [ 55%] Built target lio_sam__rosidl_typesupport_introspection_c
[3.695s] [ 63%] Built target lio_sam__rosidl_typesupport_c
[3.985s] [ 67%] Built target lio_sam_mapOptimization
[4.201s] [ 67%] Built target lio_sam
[4.471s] [ 71%] Built target lio_sam_imuPreintegration
[4.691s] [ 73%] Built target lio_sam__py
[4.936s] [ 77%] Built target lio_sam_imageProjection
[5.154s] [ 83%] Built target lio_sam__rosidl_generator_py
[5.390s] [ 87%] Built target lio_sam_featureExtraction
[5.626s] [ 91%] Built target lio_sam__rosidl_typesupport_c__pyext
[5.859s] [ 95%] Built target lio_sam__rosidl_typesupport_introspection_c__pyext
[6.098s] [100%] Built target lio_sam__rosidl_typesupport_fastrtps_c__pyext
[6.198s] Invoked command in '/home/wheeltec/wheeltec_ros2/build/lio_sam' returned '0': CMAKE_PREFIX_PATH=${CMAKE_PREFIX_PATH}:/home/wheeltec/wheeltec_ros2/install/simple_follower_ros2:/home/wheeltec/wheeltec_ros2/install/wheeltec_robot_keyboard:/home/wheeltec/wheeltec_ros2/install/wheeltec_dual_rtk_driver:/home/wheeltec/wheeltec_ros2/install/ultralytics_ros2:/home/wheeltec/wheeltec_ros2/install/tf2_tools:/home/wheeltec/wheeltec_ros2/install/ollama_ros_chat:/home/wheeltec/wheeltec_ros2/install/nmea_navsat_driver:/home/wheeltec/wheeltec_ros2/install/nav2_waypoint_cycle:/home/wheeltec/wheeltec_ros2/install/nav2_simple_commander:/home/wheeltec/wheeltec_ros2/install/auto_recharge_ros2:/home/wheeltec/autoware/install/autoware_wheeltec_interface:/home/wheeltec/autoware/install/ad_api_visualizers:/opt/ros/humble /usr/bin/cmake --build /home/wheeltec/wheeltec_ros2/build/lio_sam -- -j6 -l6
[6.203s] Invoking command in '/home/wheeltec/wheeltec_ros2/build/lio_sam': CMAKE_PREFIX_PATH=${CMAKE_PREFIX_PATH}:/home/wheeltec/wheeltec_ros2/install/simple_follower_ros2:/home/wheeltec/wheeltec_ros2/install/wheeltec_robot_keyboard:/home/wheeltec/wheeltec_ros2/install/wheeltec_dual_rtk_driver:/home/wheeltec/wheeltec_ros2/install/ultralytics_ros2:/home/wheeltec/wheeltec_ros2/install/tf2_tools:/home/wheeltec/wheeltec_ros2/install/ollama_ros_chat:/home/wheeltec/wheeltec_ros2/install/nmea_navsat_driver:/home/wheeltec/wheeltec_ros2/install/nav2_waypoint_cycle:/home/wheeltec/wheeltec_ros2/install/nav2_simple_commander:/home/wheeltec/wheeltec_ros2/install/auto_recharge_ros2:/home/wheeltec/autoware/install/autoware_wheeltec_interface:/home/wheeltec/autoware/install/ad_api_visualizers:/opt/ros/humble /usr/bin/cmake --install /home/wheeltec/wheeltec_ros2/build/lio_sam
[6.290s] -- Install configuration: "Release"
[6.291s] -- Execute custom install script
[6.293s] -- Up-to-date symlink: /home/wheeltec/wheeltec_ros2/install/lio_sam/share/ament_index/resource_index/rosidl_interfaces/lio_sam
[6.295s] -- Up-to-date symlink: /home/wheeltec/wheeltec_ros2/install/lio_sam/include/lio_sam/lio_sam/msg/cloud_info.h
[6.296s] -- Up-to-date symlink: /home/wheeltec/wheeltec_ros2/install/lio_sam/include/lio_sam/lio_sam/msg/detail/cloud_info__functions.h
[6.296s] -- Up-to-date symlink: /home/wheeltec/wheeltec_ros2/install/lio_sam/include/lio_sam/lio_sam/msg/detail/cloud_info__struct.h
[6.297s] -- Up-to-date symlink: /home/wheeltec/wheeltec_ros2/install/lio_sam/include/lio_sam/lio_sam/msg/detail/cloud_info__type_support.h
[6.297s] -- Up-to-date symlink: /home/wheeltec/wheeltec_ros2/install/lio_sam/include/lio_sam/lio_sam/msg/rosidl_generator_c__visibility_control.h
[6.298s] -- Up-to-date symlink: /home/wheeltec/wheeltec_ros2/install/lio_sam/include/lio_sam/lio_sam/srv/detail/save_map__functions.h
[6.298s] -- Up-to-date symlink: /home/wheeltec/wheeltec_ros2/install/lio_sam/include/lio_sam/lio_sam/srv/detail/save_map__struct.h
[6.299s] -- Up-to-date symlink: /home/wheeltec/wheeltec_ros2/install/lio_sam/include/lio_sam/lio_sam/srv/detail/save_map__type_support.h
[6.299s] -- Up-to-date symlink: /home/wheeltec/wheeltec_ros2/install/lio_sam/include/lio_sam/lio_sam/srv/save_map.h
[6.300s] -- Up-to-date symlink: /home/wheeltec/wheeltec_ros2/install/lio_sam/share/lio_sam/environment/library_path.sh
[6.300s] -- Up-to-date symlink: /home/wheeltec/wheeltec_ros2/install/lio_sam/share/lio_sam/environment/library_path.dsv
[6.301s] -- Up-to-date symlink: /home/wheeltec/wheeltec_ros2/install/lio_sam/include/lio_sam/lio_sam/msg/detail/cloud_info__rosidl_typesupport_fastrtps_c.h
[6.302s] -- Up-to-date symlink: /home/wheeltec/wheeltec_ros2/install/lio_sam/include/lio_sam/lio_sam/msg/rosidl_typesupport_fastrtps_c__visibility_control.h
[6.302s] -- Up-to-date symlink: /home/wheeltec/wheeltec_ros2/install/lio_sam/include/lio_sam/lio_sam/srv/detail/save_map__rosidl_typesupport_fastrtps_c.h
[6.304s] -- Up-to-date symlink: /home/wheeltec/wheeltec_ros2/install/lio_sam/include/lio_sam/lio_sam/msg/detail/cloud_info__rosidl_typesupport_introspection_c.h
[6.306s] -- Up-to-date symlink: /home/wheeltec/wheeltec_ros2/install/lio_sam/include/lio_sam/lio_sam/msg/rosidl_typesupport_introspection_c__visibility_control.h
[6.307s] -- Up-to-date symlink: /home/wheeltec/wheeltec_ros2/install/lio_sam/include/lio_sam/lio_sam/srv/detail/save_map__rosidl_typesupport_introspection_c.h
[6.308s] -- Up-to-date symlink: /home/wheeltec/wheeltec_ros2/install/lio_sam/include/lio_sam/lio_sam/msg/cloud_info.hpp
[6.309s] -- Up-to-date symlink: /home/wheeltec/wheeltec_ros2/install/lio_sam/include/lio_sam/lio_sam/msg/detail/cloud_info__builder.hpp
[6.309s] -- Up-to-date symlink: /home/wheeltec/wheeltec_ros2/install/lio_sam/include/lio_sam/lio_sam/msg/detail/cloud_info__struct.hpp
[6.310s] -- Up-to-date symlink: /home/wheeltec/wheeltec_ros2/install/lio_sam/include/lio_sam/lio_sam/msg/detail/cloud_info__traits.hpp
[6.310s] -- Up-to-date symlink: /home/wheeltec/wheeltec_ros2/install/lio_sam/include/lio_sam/lio_sam/msg/detail/cloud_info__type_support.hpp
[6.311s] -- Up-to-date symlink: /home/wheeltec/wheeltec_ros2/install/lio_sam/include/lio_sam/lio_sam/msg/rosidl_generator_cpp__visibility_control.hpp
[6.311s] -- Up-to-date symlink: /home/wheeltec/wheeltec_ros2/install/lio_sam/include/lio_sam/lio_sam/srv/detail/save_map__builder.hpp
[6.312s] -- Up-to-date symlink: /home/wheeltec/wheeltec_ros2/install/lio_sam/include/lio_sam/lio_sam/srv/detail/save_map__struct.hpp
[6.312s] -- Up-to-date symlink: /home/wheeltec/wheeltec_ros2/install/lio_sam/include/lio_sam/lio_sam/srv/detail/save_map__traits.hpp
[6.312s] -- Up-to-date symlink: /home/wheeltec/wheeltec_ros2/install/lio_sam/include/lio_sam/lio_sam/srv/detail/save_map__type_support.hpp
[6.313s] -- Up-to-date symlink: /home/wheeltec/wheeltec_ros2/install/lio_sam/include/lio_sam/lio_sam/srv/save_map.hpp
[6.314s] -- Up-to-date symlink: /home/wheeltec/wheeltec_ros2/install/lio_sam/include/lio_sam/lio_sam/msg/detail/cloud_info__rosidl_typesupport_fastrtps_cpp.hpp
[6.314s] -- Up-to-date symlink: /home/wheeltec/wheeltec_ros2/install/lio_sam/include/lio_sam/lio_sam/msg/rosidl_typesupport_fastrtps_cpp__visibility_control.h
[6.314s] -- Up-to-date symlink: /home/wheeltec/wheeltec_ros2/install/lio_sam/include/lio_sam/lio_sam/srv/detail/save_map__rosidl_typesupport_fastrtps_cpp.hpp
[6.315s] -- Up-to-date symlink: /home/wheeltec/wheeltec_ros2/install/lio_sam/include/lio_sam/lio_sam/msg/detail/cloud_info__rosidl_typesupport_introspection_cpp.hpp
[6.316s] -- Up-to-date symlink: /home/wheeltec/wheeltec_ros2/install/lio_sam/include/lio_sam/lio_sam/srv/detail/save_map__rosidl_typesupport_introspection_cpp.hpp
[6.316s] -- Up-to-date symlink: /home/wheeltec/wheeltec_ros2/install/lio_sam/share/lio_sam/environment/pythonpath.sh
[6.316s] -- Up-to-date symlink: /home/wheeltec/wheeltec_ros2/install/lio_sam/share/lio_sam/environment/pythonpath.dsv
[6.317s] -- Up-to-date symlink: /home/wheeltec/wheeltec_ros2/install/lio_sam/local/lib/python3.10/dist-packages/lio_sam-1.0.0-py3.10.egg-info/PKG-INFO
[6.317s] -- Up-to-date symlink: /home/wheeltec/wheeltec_ros2/install/lio_sam/local/lib/python3.10/dist-packages/lio_sam-1.0.0-py3.10.egg-info/SOURCES.txt
[6.318s] -- Up-to-date symlink: /home/wheeltec/wheeltec_ros2/install/lio_sam/local/lib/python3.10/dist-packages/lio_sam-1.0.0-py3.10.egg-info/dependency_links.txt
[6.318s] -- Up-to-date symlink: /home/wheeltec/wheeltec_ros2/install/lio_sam/local/lib/python3.10/dist-packages/lio_sam-1.0.0-py3.10.egg-info/top_level.txt
[6.320s] -- Up-to-date symlink: /home/wheeltec/wheeltec_ros2/install/lio_sam/local/lib/python3.10/dist-packages/lio_sam/__init__.py
[6.320s] -- Up-to-date symlink: /home/wheeltec/wheeltec_ros2/install/lio_sam/local/lib/python3.10/dist-packages/lio_sam/_lio_sam_s.ep.rosidl_typesupport_c.c
[6.321s] -- Up-to-date symlink: /home/wheeltec/wheeltec_ros2/install/lio_sam/local/lib/python3.10/dist-packages/lio_sam/_lio_sam_s.ep.rosidl_typesupport_fastrtps_c.c
[6.321s] -- Up-to-date symlink: /home/wheeltec/wheeltec_ros2/install/lio_sam/local/lib/python3.10/dist-packages/lio_sam/_lio_sam_s.ep.rosidl_typesupport_introspection_c.c
[6.322s] -- Up-to-date symlink: /home/wheeltec/wheeltec_ros2/install/lio_sam/local/lib/python3.10/dist-packages/lio_sam/liblio_sam__rosidl_generator_py.so
[6.322s] -- Up-to-date symlink: /home/wheeltec/wheeltec_ros2/install/lio_sam/local/lib/python3.10/dist-packages/lio_sam/lio_sam_s__rosidl_typesupport_c.cpython-310-aarch64-linux-gnu.so
[6.323s] -- Up-to-date symlink: /home/wheeltec/wheeltec_ros2/install/lio_sam/local/lib/python3.10/dist-packages/lio_sam/lio_sam_s__rosidl_typesupport_fastrtps_c.cpython-310-aarch64-linux-gnu.so
[6.323s] -- Up-to-date symlink: /home/wheeltec/wheeltec_ros2/install/lio_sam/local/lib/python3.10/dist-packages/lio_sam/lio_sam_s__rosidl_typesupport_introspection_c.cpython-310-aarch64-linux-gnu.so
[6.324s] -- Up-to-date symlink: /home/wheeltec/wheeltec_ros2/install/lio_sam/local/lib/python3.10/dist-packages/lio_sam/msg/__init__.py
[6.324s] -- Up-to-date symlink: /home/wheeltec/wheeltec_ros2/install/lio_sam/local/lib/python3.10/dist-packages/lio_sam/msg/_cloud_info.py
[6.324s] -- Up-to-date symlink: /home/wheeltec/wheeltec_ros2/install/lio_sam/local/lib/python3.10/dist-packages/lio_sam/msg/_cloud_info_s.c
[6.325s] -- Up-to-date symlink: /home/wheeltec/wheeltec_ros2/install/lio_sam/local/lib/python3.10/dist-packages/lio_sam/srv/__init__.py
[6.325s] -- Up-to-date symlink: /home/wheeltec/wheeltec_ros2/install/lio_sam/local/lib/python3.10/dist-packages/lio_sam/srv/_save_map.py
[6.325s] -- Up-to-date symlink: /home/wheeltec/wheeltec_ros2/install/lio_sam/local/lib/python3.10/dist-packages/lio_sam/srv/_save_map_s.c
[6.326s] -- Up-to-date symlink: /home/wheeltec/wheeltec_ros2/install/lio_sam/local/lib/python3.10/dist-packages/lio_sam/lio_sam_s__rosidl_typesupport_fastrtps_c.cpython-310-aarch64-linux-gnu.so
[6.327s] -- Up-to-date symlink: /home/wheeltec/wheeltec_ros2/install/lio_sam/local/lib/python3.10/dist-packages/lio_sam/lio_sam_s__rosidl_typesupport_introspection_c.cpython-310-aarch64-linux-gnu.so
[6.328s] -- Up-to-date symlink: /home/wheeltec/wheeltec_ros2/install/lio_sam/local/lib/python3.10/dist-packages/lio_sam/lio_sam_s__rosidl_typesupport_c.cpython-310-aarch64-linux-gnu.so
[6.328s] -- Up-to-date symlink: /home/wheeltec/wheeltec_ros2/install/lio_sam/share/lio_sam/msg/CloudInfo.idl
[6.329s] -- Up-to-date symlink: /home/wheeltec/wheeltec_ros2/install/lio_sam/share/lio_sam/srv/SaveMap.idl
[6.329s] -- Up-to-date symlink: /home/wheeltec/wheeltec_ros2/install/lio_sam/share/lio_sam/msg/CloudInfo.msg
[6.329s] -- Up-to-date symlink: /home/wheeltec/wheeltec_ros2/install/lio_sam/share/lio_sam/srv/SaveMap.srv
[6.330s] -- Up-to-date symlink: /home/wheeltec/wheeltec_ros2/install/lio_sam/share/lio_sam/srv/SaveMap_Request.msg
[6.330s] -- Up-to-date symlink: /home/wheeltec/wheeltec_ros2/install/lio_sam/share/lio_sam/srv/SaveMap_Response.msg
[6.332s] -- Up-to-date symlink: /home/wheeltec/wheeltec_ros2/install/lio_sam/share/lio_sam//launch/include/turn_on_wheeltec_robot_lio.launch.py
[6.332s] -- Up-to-date symlink: /home/wheeltec/wheeltec_ros2/install/lio_sam/share/lio_sam//launch/include/wheeltec_sensors_liosam_g70.launch.py
[6.332s] -- Up-to-date symlink: /home/wheeltec/wheeltec_ros2/install/lio_sam/share/lio_sam//launch/include/wheeltec_sensors_liosam_g90.launch.py
[6.332s] -- Up-to-date symlink: /home/wheeltec/wheeltec_ros2/install/lio_sam/share/lio_sam//launch/run.launch.py
[6.333s] -- Up-to-date symlink: /home/wheeltec/wheeltec_ros2/install/lio_sam/share/lio_sam//launch/run_gnss.launch.py
[6.333s] -- Up-to-date symlink: /home/wheeltec/wheeltec_ros2/install/lio_sam/share/lio_sam//launch/run_offline.launch.py
[6.333s] -- Up-to-date symlink: /home/wheeltec/wheeltec_ros2/install/lio_sam/share/lio_sam//launch/run_offline_gnss.launch.py
[6.334s] -- Up-to-date symlink: /home/wheeltec/wheeltec_ros2/install/lio_sam/share/lio_sam//launch/run_usegnss.launch.py
[6.336s] -- Up-to-date symlink: /home/wheeltec/wheeltec_ros2/install/lio_sam/share/lio_sam//config/doc/demo.gif
[6.336s] -- Up-to-date symlink: /home/wheeltec/wheeltec_ros2/install/lio_sam/share/lio_sam//config/doc/device-boat.png
[6.336s] -- Up-to-date symlink: /home/wheeltec/wheeltec_ros2/install/lio_sam/share/lio_sam//config/doc/device-hand-2.png
[6.337s] -- Up-to-date symlink: /home/wheeltec/wheeltec_ros2/install/lio_sam/share/lio_sam//config/doc/device-hand.png
[6.337s] -- Up-to-date symlink: /home/wheeltec/wheeltec_ros2/install/lio_sam/share/lio_sam//config/doc/device-jackal.png
[6.337s] -- Up-to-date symlink: /home/wheeltec/wheeltec_ros2/install/lio_sam/share/lio_sam//config/doc/gps-demo.gif
[6.338s] -- Up-to-date symlink: /home/wheeltec/wheeltec_ros2/install/lio_sam/share/lio_sam//config/doc/imu-debug.gif
[6.339s] -- Up-to-date symlink: /home/wheeltec/wheeltec_ros2/install/lio_sam/share/lio_sam//config/doc/imu-transform.png
[6.339s] -- Up-to-date symlink: /home/wheeltec/wheeltec_ros2/install/lio_sam/share/lio_sam//config/doc/kitti-demo.gif
[6.340s] -- Up-to-date symlink: /home/wheeltec/wheeltec_ros2/install/lio_sam/share/lio_sam//config/doc/kitti-map.png
[6.341s] -- Up-to-date symlink: /home/wheeltec/wheeltec_ros2/install/lio_sam/share/lio_sam//config/doc/kitti2bag/README.md
[6.341s] -- Up-to-date symlink: /home/wheeltec/wheeltec_ros2/install/lio_sam/share/lio_sam//config/doc/kitti2bag/kitti2bag.py
[6.342s] -- Up-to-date symlink: /home/wheeltec/wheeltec_ros2/install/lio_sam/share/lio_sam//config/doc/loop-closure-2.gif
[6.343s] -- Up-to-date symlink: /home/wheeltec/wheeltec_ros2/install/lio_sam/share/lio_sam//config/doc/loop-closure.gif
[6.344s] -- Up-to-date symlink: /home/wheeltec/wheeltec_ros2/install/lio_sam/share/lio_sam//config/doc/ouster-demo.gif
[6.345s] -- Up-to-date symlink: /home/wheeltec/wheeltec_ros2/install/lio_sam/share/lio_sam//config/doc/ouster-device.jpg
[6.345s] -- Up-to-date symlink: /home/wheeltec/wheeltec_ros2/install/lio_sam/share/lio_sam//config/doc/paper.pdf
[6.346s] -- Up-to-date symlink: /home/wheeltec/wheeltec_ros2/install/lio_sam/share/lio_sam//config/doc/system.png
[6.346s] -- Up-to-date symlink: /home/wheeltec/wheeltec_ros2/install/lio_sam/share/lio_sam//config/params.yaml
[6.347s] -- Up-to-date symlink: /home/wheeltec/wheeltec_ros2/install/lio_sam/share/lio_sam//config/robot.urdf.xacro
[6.347s] -- Up-to-date symlink: /home/wheeltec/wheeltec_ros2/install/lio_sam/share/lio_sam//config/rviz2.rviz
[6.347s] -- Up-to-date symlink: /home/wheeltec/wheeltec_ros2/install/lio_sam/share/lio_sam//config/wheeltec_params.yaml
[6.349s] -- Up-to-date symlink: /home/wheeltec/wheeltec_ros2/install/lio_sam/lib/lio_sam/lio_sam_imageProjection
[6.350s] -- Up-to-date symlink: /home/wheeltec/wheeltec_ros2/install/lio_sam/lib/lio_sam/lio_sam_imuPreintegration
[6.351s] -- Up-to-date symlink: /home/wheeltec/wheeltec_ros2/install/lio_sam/lib/lio_sam/lio_sam_featureExtraction
[6.351s] -- Up-to-date symlink: /home/wheeltec/wheeltec_ros2/install/lio_sam/lib/lio_sam/lio_sam_mapOptimization
[6.352s] -- Up-to-date symlink: /home/wheeltec/wheeltec_ros2/install/lio_sam/lib/lio_sam/lio_sam_simpleGpsOdom
[6.353s] -- Up-to-date symlink: /home/wheeltec/wheeltec_ros2/install/lio_sam/include/lio_sam/gpsTools.hpp
[6.353s] -- Up-to-date symlink: /home/wheeltec/wheeltec_ros2/install/lio_sam/include/lio_sam/utility.hpp
[6.354s] -- Up-to-date symlink: /home/wheeltec/wheeltec_ros2/install/lio_sam/share/ament_index/resource_index/package_run_dependencies/lio_sam
[6.354s] -- Up-to-date symlink: /home/wheeltec/wheeltec_ros2/install/lio_sam/share/ament_index/resource_index/parent_prefix_path/lio_sam
[6.355s] -- Up-to-date symlink: /home/wheeltec/wheeltec_ros2/install/lio_sam/share/lio_sam/environment/ament_prefix_path.sh
[6.355s] -- Up-to-date symlink: /home/wheeltec/wheeltec_ros2/install/lio_sam/share/lio_sam/environment/ament_prefix_path.dsv
[6.356s] -- Up-to-date symlink: /home/wheeltec/wheeltec_ros2/install/lio_sam/share/lio_sam/environment/path.sh
[6.356s] -- Up-to-date symlink: /home/wheeltec/wheeltec_ros2/install/lio_sam/share/lio_sam/environment/path.dsv
[6.357s] -- Up-to-date symlink: /home/wheeltec/wheeltec_ros2/install/lio_sam/share/lio_sam/local_setup.bash
[6.357s] -- Up-to-date symlink: /home/wheeltec/wheeltec_ros2/install/lio_sam/share/lio_sam/local_setup.sh
[6.358s] -- Up-to-date symlink: /home/wheeltec/wheeltec_ros2/install/lio_sam/share/lio_sam/local_setup.zsh
[6.358s] -- Up-to-date symlink: /home/wheeltec/wheeltec_ros2/install/lio_sam/share/lio_sam/local_setup.dsv
[6.358s] -- Symlinking: /home/wheeltec/wheeltec_ros2/install/lio_sam/share/lio_sam/package.dsv
[6.471s] -- Up-to-date symlink: /home/wheeltec/wheeltec_ros2/install/lio_sam/share/ament_index/resource_index/packages/lio_sam
[6.471s] -- Up-to-date symlink: /home/wheeltec/wheeltec_ros2/install/lio_sam/share/lio_sam/cmake/rosidl_cmake-extras.cmake
[6.472s] -- Up-to-date symlink: /home/wheeltec/wheeltec_ros2/install/lio_sam/share/lio_sam/cmake/ament_cmake_export_dependencies-extras.cmake
[6.473s] -- Up-to-date symlink: /home/wheeltec/wheeltec_ros2/install/lio_sam/share/lio_sam/cmake/ament_cmake_export_include_directories-extras.cmake
[6.473s] -- Up-to-date symlink: /home/wheeltec/wheeltec_ros2/install/lio_sam/share/lio_sam/cmake/ament_cmake_export_libraries-extras.cmake
[6.474s] -- Up-to-date symlink: /home/wheeltec/wheeltec_ros2/install/lio_sam/share/lio_sam/cmake/ament_cmake_export_targets-extras.cmake
[6.475s] -- Up-to-date symlink: /home/wheeltec/wheeltec_ros2/install/lio_sam/share/lio_sam/cmake/rosidl_cmake_export_typesupport_targets-extras.cmake
[6.475s] -- Up-to-date symlink: /home/wheeltec/wheeltec_ros2/install/lio_sam/share/lio_sam/cmake/rosidl_cmake_export_typesupport_libraries-extras.cmake
[6.476s] -- Up-to-date symlink: /home/wheeltec/wheeltec_ros2/install/lio_sam/share/lio_sam/cmake/lio_samConfig.cmake
[6.477s] -- Up-to-date symlink: /home/wheeltec/wheeltec_ros2/install/lio_sam/share/lio_sam/cmake/lio_samConfig-version.cmake
[6.477s] -- Up-to-date symlink: /home/wheeltec/wheeltec_ros2/install/lio_sam/share/lio_sam/package.xml
[6.479s] -- Up-to-date: /home/wheeltec/wheeltec_ros2/install/lio_sam/lib/liblio_sam__rosidl_generator_c.so
[6.481s] -- Up-to-date: /home/wheeltec/wheeltec_ros2/install/lio_sam/lib/liblio_sam__rosidl_typesupport_fastrtps_c.so
[6.482s] -- Up-to-date: /home/wheeltec/wheeltec_ros2/install/lio_sam/lib/liblio_sam__rosidl_typesupport_introspection_c.so
[6.483s] -- Up-to-date: /home/wheeltec/wheeltec_ros2/install/lio_sam/lib/liblio_sam__rosidl_typesupport_c.so
[6.484s] -- Up-to-date: /home/wheeltec/wheeltec_ros2/install/lio_sam/lib/liblio_sam__rosidl_typesupport_fastrtps_cpp.so
[6.485s] -- Up-to-date: /home/wheeltec/wheeltec_ros2/install/lio_sam/lib/liblio_sam__rosidl_typesupport_introspection_cpp.so
[6.486s] -- Up-to-date: /home/wheeltec/wheeltec_ros2/install/lio_sam/lib/liblio_sam__rosidl_typesupport_cpp.so
[6.672s] Listing '/home/wheeltec/wheeltec_ros2/install/lio_sam/local/lib/python3.10/dist-packages/lio_sam'...
[6.672s] Listing '/home/wheeltec/wheeltec_ros2/install/lio_sam/local/lib/python3.10/dist-packages/lio_sam/msg'...
[6.672s] Listing '/home/wheeltec/wheeltec_ros2/install/lio_sam/local/lib/python3.10/dist-packages/lio_sam/srv'...
[6.687s] -- Up-to-date: /home/wheeltec/wheeltec_ros2/install/lio_sam/lib/liblio_sam__rosidl_generator_py.so
[6.688s] -- Up-to-date: /home/wheeltec/wheeltec_ros2/install/lio_sam/share/lio_sam/cmake/export_lio_sam__rosidl_generator_cExport.cmake
[6.688s] -- Up-to-date: /home/wheeltec/wheeltec_ros2/install/lio_sam/share/lio_sam/cmake/export_lio_sam__rosidl_generator_cExport-release.cmake
[6.689s] -- Up-to-date: /home/wheeltec/wheeltec_ros2/install/lio_sam/share/lio_sam/cmake/export_lio_sam__rosidl_typesupport_fastrtps_cExport.cmake
[6.689s] -- Up-to-date: /home/wheeltec/wheeltec_ros2/install/lio_sam/share/lio_sam/cmake/export_lio_sam__rosidl_typesupport_fastrtps_cExport-release.cmake
[6.690s] -- Up-to-date: /home/wheeltec/wheeltec_ros2/install/lio_sam/share/lio_sam/cmake/lio_sam__rosidl_typesupport_introspection_cExport.cmake
[6.690s] -- Up-to-date: /home/wheeltec/wheeltec_ros2/install/lio_sam/share/lio_sam/cmake/lio_sam__rosidl_typesupport_introspection_cExport-release.cmake
[6.691s] -- Up-to-date: /home/wheeltec/wheeltec_ros2/install/lio_sam/share/lio_sam/cmake/lio_sam__rosidl_typesupport_cExport.cmake
[6.691s] -- Up-to-date: /home/wheeltec/wheeltec_ros2/install/lio_sam/share/lio_sam/cmake/lio_sam__rosidl_typesupport_cExport-release.cmake
[6.692s] -- Up-to-date: /home/wheeltec/wheeltec_ros2/install/lio_sam/share/lio_sam/cmake/export_lio_sam__rosidl_generator_cppExport.cmake
[6.692s] -- Up-to-date: /home/wheeltec/wheeltec_ros2/install/lio_sam/share/lio_sam/cmake/export_lio_sam__rosidl_typesupport_fastrtps_cppExport.cmake
[6.693s] -- Up-to-date: /home/wheeltec/wheeltec_ros2/install/lio_sam/share/lio_sam/cmake/export_lio_sam__rosidl_typesupport_fastrtps_cppExport-release.cmake
[6.694s] -- Up-to-date: /home/wheeltec/wheeltec_ros2/install/lio_sam/share/lio_sam/cmake/lio_sam__rosidl_typesupport_introspection_cppExport.cmake
[6.694s] -- Up-to-date: /home/wheeltec/wheeltec_ros2/install/lio_sam/share/lio_sam/cmake/lio_sam__rosidl_typesupport_introspection_cppExport-release.cmake
[6.695s] -- Up-to-date: /home/wheeltec/wheeltec_ros2/install/lio_sam/share/lio_sam/cmake/lio_sam__rosidl_typesupport_cppExport.cmake
[6.695s] -- Up-to-date: /home/wheeltec/wheeltec_ros2/install/lio_sam/share/lio_sam/cmake/lio_sam__rosidl_typesupport_cppExport-release.cmake
[6.696s] -- Up-to-date: /home/wheeltec/wheeltec_ros2/install/lio_sam/share/lio_sam/cmake/export_lio_sam__rosidl_generator_pyExport.cmake
[6.696s] -- Up-to-date: /home/wheeltec/wheeltec_ros2/install/lio_sam/share/lio_sam/cmake/export_lio_sam__rosidl_generator_pyExport-release.cmake
[6.708s] Invoked command in '/home/wheeltec/wheeltec_ros2/build/lio_sam' returned '0': CMAKE_PREFIX_PATH=${CMAKE_PREFIX_PATH}:/home/wheeltec/wheeltec_ros2/install/simple_follower_ros2:/home/wheeltec/wheeltec_ros2/install/wheeltec_robot_keyboard:/home/wheeltec/wheeltec_ros2/install/wheeltec_dual_rtk_driver:/home/wheeltec/wheeltec_ros2/install/ultralytics_ros2:/home/wheeltec/wheeltec_ros2/install/tf2_tools:/home/wheeltec/wheeltec_ros2/install/ollama_ros_chat:/home/wheeltec/wheeltec_ros2/install/nmea_navsat_driver:/home/wheeltec/wheeltec_ros2/install/nav2_waypoint_cycle:/home/wheeltec/wheeltec_ros2/install/nav2_simple_commander:/home/wheeltec/wheeltec_ros2/install/auto_recharge_ros2:/home/wheeltec/autoware/install/autoware_wheeltec_interface:/home/wheeltec/autoware/install/ad_api_visualizers:/opt/ros/humble /usr/bin/cmake --install /home/wheeltec/wheeltec_ros2/build/lio_sam
