[0.073s] Invoking command in '/home/wheeltec/wheeltec_ros2/build/wheeltec_gps_driver': CMAKE_PREFIX_PATH=${CMAKE_PREFIX_PATH}:/home/wheeltec/wheeltec_ros2/install/auto_recharge_ros2:/home/wheeltec/autoware/install/autoware_wheeltec_interface:/home/wheeltec/autoware/install/ad_api_visualizers:/opt/ros/humble /usr/bin/cmake /home/wheeltec/wheeltec_ros2/src/wheeltec_gps/wheeltec_gps_driver -DAMENT_CMAKE_SYMLINK_INSTALL=1 -DCMAKE_INSTALL_PREFIX=/home/wheeltec/wheeltec_ros2/install/wheeltec_gps_driver
[1.025s] -- The C compiler identification is GNU 11.4.0
[1.025s] -- The CXX compiler identification is GNU 11.4.0
[1.025s] -- Detecting C compiler ABI info
[1.025s] -- Detecting C compiler ABI info - done
[1.026s] -- Check for working C compiler: /usr/bin/cc - skipped
[1.026s] -- Detecting C compile features
[1.026s] -- Detecting C compile features - done
[1.026s] -- Detecting CXX compiler ABI info
[1.026s] -- Detecting CXX compiler ABI info - done
[1.026s] -- Check for working CXX compiler: /usr/bin/c++ - skipped
[1.026s] -- Detecting CXX compile features
[1.026s] -- Detecting CXX compile features - done
[1.026s] -- Found ament_cmake: 1.3.7 (/home/wheeltec/autoware/install/ament_cmake/share/ament_cmake/cmake)
[1.584s] -- Found Python3: /usr/bin/python3.10 (found version "3.10.12") found components: Interpreter 
[1.803s] -- Override CMake install command with custom implementation using symlinks instead of copying resources
[3.207s] -- Found geometry_msgs: 4.2.4 (/opt/ros/humble/share/geometry_msgs/cmake)
[4.273s] -- Found rosidl_generator_c: 3.1.6 (/opt/ros/humble/share/rosidl_generator_c/cmake)
[4.458s] -- Found rosidl_adapter: 3.1.6 (/opt/ros/humble/share/rosidl_adapter/cmake)
[4.631s] -- Found rosidl_generator_cpp: 3.1.6 (/opt/ros/humble/share/rosidl_generator_cpp/cmake)
[4.861s] -- Using all available rosidl_typesupport_c: rosidl_typesupport_fastrtps_c;rosidl_typesupport_introspection_c
[5.143s] -- Using all available rosidl_typesupport_cpp: rosidl_typesupport_fastrtps_cpp;rosidl_typesupport_introspection_cpp
[5.509s] -- Found nav2_msgs: 1.1.17 (/opt/ros/humble/share/nav2_msgs/cmake)
[6.031s] -- Found rclcpp: 16.0.11 (/opt/ros/humble/share/rclcpp/cmake)
[6.814s] -- Found rmw_implementation_cmake: 6.1.2 (/opt/ros/humble/share/rmw_implementation_cmake/cmake)
[6.975s] -- Found rmw_fastrtps_cpp: 6.2.7 (/opt/ros/humble/share/rmw_fastrtps_cpp/cmake)
[7.902s] -- Found OpenSSL: /usr/lib/aarch64-linux-gnu/libcrypto.so (found version "3.0.2")  
[8.125s] -- Found FastRTPS: /opt/ros/humble/include  
[8.517s] -- Using RMW implementation 'rmw_fastrtps_cpp' as default
[8.818s] -- Looking for pthread.h
[9.064s] -- Looking for pthread.h - found
[9.065s] -- Performing Test CMAKE_HAVE_LIBC_PTHREAD
[9.295s] -- Performing Test CMAKE_HAVE_LIBC_PTHREAD - Success
[9.302s] -- Found Threads: TRUE  
[9.704s] -- Found rclpy: 3.3.15 (/opt/ros/humble/share/rclpy/cmake)
[9.764s] -- Found sensor_msgs: 4.2.4 (/opt/ros/humble/share/sensor_msgs/cmake)
[9.854s] -- Found tf2_geometry_msgs: 0.25.11 (/opt/ros/humble/share/tf2_geometry_msgs/cmake)
[10.115s] -- Found eigen3_cmake_module: 0.1.1 (/opt/ros/humble/share/eigen3_cmake_module/cmake)
[10.119s] -- Found Eigen3: TRUE (found version "3.4.0") 
[10.119s] -- Ensuring Eigen3 include directory is part of orocos-kdl CMake target
[11.098s] -- Found ament_lint_auto: 0.12.11 (/opt/ros/humble/share/ament_lint_auto/cmake)
[11.849s] -- Added test 'cppcheck' to perform static code analysis on C / C++ code
[11.850s] -- Configured cppcheck include dirs: /home/wheeltec/wheeltec_ros2/src/wheeltec_gps/wheeltec_gps_driver/include
[11.850s] -- Configured cppcheck exclude dirs and/or files: 
[11.865s] -- Added test 'flake8' to check Python code syntax and style conventions
[11.878s] -- Added test 'lint_cmake' to check CMake code style
[11.891s] -- Added test 'pep257' to check Python code against some of the docstring style conventions in PEP 257
[11.905s] -- Added test 'uncrustify' to check C / C++ code style
[11.906s] -- Configured uncrustify additional arguments: 
[11.919s] -- Added test 'xmllint' to check XML markup files
[11.947s] -- Configuring done
[11.980s] -- Generating done
[11.990s] -- Build files have been written to: /home/wheeltec/wheeltec_ros2/build/wheeltec_gps_driver
[12.047s] Invoked command in '/home/wheeltec/wheeltec_ros2/build/wheeltec_gps_driver' returned '0': CMAKE_PREFIX_PATH=${CMAKE_PREFIX_PATH}:/home/wheeltec/wheeltec_ros2/install/auto_recharge_ros2:/home/wheeltec/autoware/install/autoware_wheeltec_interface:/home/wheeltec/autoware/install/ad_api_visualizers:/opt/ros/humble /usr/bin/cmake /home/wheeltec/wheeltec_ros2/src/wheeltec_gps/wheeltec_gps_driver -DAMENT_CMAKE_SYMLINK_INSTALL=1 -DCMAKE_INSTALL_PREFIX=/home/wheeltec/wheeltec_ros2/install/wheeltec_gps_driver
[12.049s] Invoking command in '/home/wheeltec/wheeltec_ros2/build/wheeltec_gps_driver': CMAKE_PREFIX_PATH=${CMAKE_PREFIX_PATH}:/home/wheeltec/wheeltec_ros2/install/auto_recharge_ros2:/home/wheeltec/autoware/install/autoware_wheeltec_interface:/home/wheeltec/autoware/install/ad_api_visualizers:/opt/ros/humble /usr/bin/cmake --build /home/wheeltec/wheeltec_ros2/build/wheeltec_gps_driver -- -j6 -l6
[33.482s] [ 50%] [32mBuilding CXX object CMakeFiles/gps_path.dir/src/gps_path.cpp.o[0m
[33.485s] [100%] [32m[1mLinking CXX executable gps_path[0m
[34.093s] [100%] Built target gps_path
[34.148s] Invoked command in '/home/wheeltec/wheeltec_ros2/build/wheeltec_gps_driver' returned '0': CMAKE_PREFIX_PATH=${CMAKE_PREFIX_PATH}:/home/wheeltec/wheeltec_ros2/install/auto_recharge_ros2:/home/wheeltec/autoware/install/autoware_wheeltec_interface:/home/wheeltec/autoware/install/ad_api_visualizers:/opt/ros/humble /usr/bin/cmake --build /home/wheeltec/wheeltec_ros2/build/wheeltec_gps_driver -- -j6 -l6
[34.150s] Invoking command in '/home/wheeltec/wheeltec_ros2/build/wheeltec_gps_driver': CMAKE_PREFIX_PATH=${CMAKE_PREFIX_PATH}:/home/wheeltec/wheeltec_ros2/install/auto_recharge_ros2:/home/wheeltec/autoware/install/autoware_wheeltec_interface:/home/wheeltec/autoware/install/ad_api_visualizers:/opt/ros/humble /usr/bin/cmake --install /home/wheeltec/wheeltec_ros2/build/wheeltec_gps_driver
[34.156s] -- Install configuration: ""
[34.157s] -- Execute custom install script
[34.158s] -- Symlinking: /home/wheeltec/wheeltec_ros2/install/wheeltec_gps_driver/lib/wheeltec_gps_driver/gps_path
[34.180s] -- Symlinking: /home/wheeltec/wheeltec_ros2/install/wheeltec_gps_driver/share/wheeltec_gps_driver/launch/nmea_gps_path.launch.py
[34.194s] -- Symlinking: /home/wheeltec/wheeltec_ros2/install/wheeltec_gps_driver/share/wheeltec_gps_driver/launch/nmea_gps_path_dualrtk.launch.py
[34.212s] -- Symlinking: /home/wheeltec/wheeltec_ros2/install/wheeltec_gps_driver/share/wheeltec_gps_driver/launch/ublox_gps_path.launch.py
[34.234s] -- Symlinking: /home/wheeltec/wheeltec_ros2/install/wheeltec_gps_driver/share/wheeltec_gps_driver/launch/unicore_gps_path_dualrtk.launch.py
[34.255s] -- Symlinking: /home/wheeltec/wheeltec_ros2/install/wheeltec_gps_driver/share/wheeltec_gps_driver/launch/wheeltec_dual_rtk_driver_nmea.launch.py
[34.272s] -- Symlinking: /home/wheeltec/wheeltec_ros2/install/wheeltec_gps_driver/share/wheeltec_gps_driver/launch/wheeltec_dual_rtk_driver_unicore.launch.py
[34.292s] -- Symlinking: /home/wheeltec/wheeltec_ros2/install/wheeltec_gps_driver/share/wheeltec_gps_driver/launch/wheeltec_nmea_driver.launch.py
[34.308s] -- Symlinking: /home/wheeltec/wheeltec_ros2/install/wheeltec_gps_driver/share/wheeltec_gps_driver/launch/wheeltec_ublox_driver.launch.py
[34.343s] -- Symlinking: /home/wheeltec/wheeltec_ros2/install/wheeltec_gps_driver/share/wheeltec_gps_driver/config/nmea_serial_driver.yaml
[34.365s] -- Symlinking: /home/wheeltec/wheeltec_ros2/install/wheeltec_gps_driver/share/wheeltec_gps_driver/config/path.rviz
[34.386s] -- Symlinking: /home/wheeltec/wheeltec_ros2/install/wheeltec_gps_driver/share/wheeltec_gps_driver/config/ublox_serial_driver.yaml
[34.409s] -- Symlinking: /home/wheeltec/wheeltec_ros2/install/wheeltec_gps_driver/share/wheeltec_gps_driver/config/wheeltec_dual_rtk_nmea_serial_driver.yaml
[34.452s] -- Symlinking: /home/wheeltec/wheeltec_ros2/install/wheeltec_gps_driver/share/ament_index/resource_index/package_run_dependencies/wheeltec_gps_driver
[34.475s] -- Symlinking: /home/wheeltec/wheeltec_ros2/install/wheeltec_gps_driver/share/ament_index/resource_index/parent_prefix_path/wheeltec_gps_driver
[34.510s] -- Symlinking: /home/wheeltec/wheeltec_ros2/install/wheeltec_gps_driver/share/wheeltec_gps_driver/environment/ament_prefix_path.sh
[34.552s] -- Symlinking: /home/wheeltec/wheeltec_ros2/install/wheeltec_gps_driver/share/wheeltec_gps_driver/environment/ament_prefix_path.dsv
[34.577s] -- Symlinking: /home/wheeltec/wheeltec_ros2/install/wheeltec_gps_driver/share/wheeltec_gps_driver/environment/path.sh
[34.605s] -- Symlinking: /home/wheeltec/wheeltec_ros2/install/wheeltec_gps_driver/share/wheeltec_gps_driver/environment/path.dsv
[34.633s] -- Symlinking: /home/wheeltec/wheeltec_ros2/install/wheeltec_gps_driver/share/wheeltec_gps_driver/local_setup.bash
[34.654s] -- Symlinking: /home/wheeltec/wheeltec_ros2/install/wheeltec_gps_driver/share/wheeltec_gps_driver/local_setup.sh
[34.675s] -- Symlinking: /home/wheeltec/wheeltec_ros2/install/wheeltec_gps_driver/share/wheeltec_gps_driver/local_setup.zsh
[34.701s] -- Symlinking: /home/wheeltec/wheeltec_ros2/install/wheeltec_gps_driver/share/wheeltec_gps_driver/local_setup.dsv
[34.726s] -- Symlinking: /home/wheeltec/wheeltec_ros2/install/wheeltec_gps_driver/share/wheeltec_gps_driver/package.dsv
[34.749s] -- Symlinking: /home/wheeltec/wheeltec_ros2/install/wheeltec_gps_driver/share/ament_index/resource_index/packages/wheeltec_gps_driver
[34.772s] -- Symlinking: /home/wheeltec/wheeltec_ros2/install/wheeltec_gps_driver/share/wheeltec_gps_driver/cmake/wheeltec_gps_driverConfig.cmake
[34.795s] -- Symlinking: /home/wheeltec/wheeltec_ros2/install/wheeltec_gps_driver/share/wheeltec_gps_driver/cmake/wheeltec_gps_driverConfig-version.cmake
[34.835s] -- Symlinking: /home/wheeltec/wheeltec_ros2/install/wheeltec_gps_driver/share/wheeltec_gps_driver/package.xml
[34.869s] Invoked command in '/home/wheeltec/wheeltec_ros2/build/wheeltec_gps_driver' returned '0': CMAKE_PREFIX_PATH=${CMAKE_PREFIX_PATH}:/home/wheeltec/wheeltec_ros2/install/auto_recharge_ros2:/home/wheeltec/autoware/install/autoware_wheeltec_interface:/home/wheeltec/autoware/install/ad_api_visualizers:/opt/ros/humble /usr/bin/cmake --install /home/wheeltec/wheeltec_ros2/build/wheeltec_gps_driver
