[0.143s] Invoking command in '/home/wheeltec/wheeltec_ros2/build/ackermann_msgs': CMAKE_PREFIX_PATH=${CMAKE_PREFIX_PATH}:/home/wheeltec/wheeltec_ros2/install/wheeltec_dual_rtk_driver:/home/wheeltec/wheeltec_ros2/install/ultralytics_ros2:/home/wheeltec/wheeltec_ros2/install/tf2_tools:/home/wheeltec/wheeltec_ros2/install/nav2_waypoint_cycle:/home/wheeltec/wheeltec_ros2/install/nav2_simple_commander:/home/wheeltec/wheeltec_ros2/install/auto_recharge_ros2:/home/wheeltec/autoware/install/autoware_wheeltec_interface:/home/wheeltec/autoware/install/ad_api_visualizers:/opt/ros/humble /usr/bin/cmake --build /home/wheeltec/wheeltec_ros2/build/ackermann_msgs -- -j6 -l6
[0.361s] [  2%] Built target ackermann_msgs__cpp
[0.365s] [ 12%] Built target ackermann_msgs__rosidl_generator_c
[0.386s] [ 12%] Built target ament_cmake_python_symlink_ackermann_msgs
[0.495s] [ 23%] Built target ackermann_msgs__rosidl_typesupport_cpp
[0.499s] [ 33%] Built target ackermann_msgs__rosidl_typesupport_c
[0.516s] [ 43%] Built target ackermann_msgs__rosidl_typesupport_fastrtps_cpp
[0.517s] [ 53%] Built target ackermann_msgs__rosidl_typesupport_fastrtps_c
[0.521s] [ 64%] Built target ackermann_msgs__rosidl_typesupport_introspection_cpp
[0.539s] [ 74%] Built target ackermann_msgs__rosidl_typesupport_introspection_c
[0.615s] [ 74%] Built target ackermann_msgs
[0.738s] [ 76%] Built target ackermann_msgs__py
[0.880s] [ 84%] Built target ackermann_msgs__rosidl_generator_py
[0.975s] [ 89%] Built target ackermann_msgs__rosidl_typesupport_fastrtps_c__pyext
[1.008s] [ 94%] Built target ackermann_msgs__rosidl_typesupport_introspection_c__pyext
[1.105s] [100%] Built target ackermann_msgs__rosidl_typesupport_c__pyext
[1.718s] running egg_info
[1.720s] writing ackermann_msgs.egg-info/PKG-INFO
[1.721s] writing dependency_links to ackermann_msgs.egg-info/dependency_links.txt
[1.721s] writing top-level names to ackermann_msgs.egg-info/top_level.txt
[1.733s] reading manifest file 'ackermann_msgs.egg-info/SOURCES.txt'
[1.736s] writing manifest file 'ackermann_msgs.egg-info/SOURCES.txt'
[1.893s] [100%] Built target ament_cmake_python_build_ackermann_msgs_egg
[1.946s] Invoked command in '/home/wheeltec/wheeltec_ros2/build/ackermann_msgs' returned '0': CMAKE_PREFIX_PATH=${CMAKE_PREFIX_PATH}:/home/wheeltec/wheeltec_ros2/install/wheeltec_dual_rtk_driver:/home/wheeltec/wheeltec_ros2/install/ultralytics_ros2:/home/wheeltec/wheeltec_ros2/install/tf2_tools:/home/wheeltec/wheeltec_ros2/install/nav2_waypoint_cycle:/home/wheeltec/wheeltec_ros2/install/nav2_simple_commander:/home/wheeltec/wheeltec_ros2/install/auto_recharge_ros2:/home/wheeltec/autoware/install/autoware_wheeltec_interface:/home/wheeltec/autoware/install/ad_api_visualizers:/opt/ros/humble /usr/bin/cmake --build /home/wheeltec/wheeltec_ros2/build/ackermann_msgs -- -j6 -l6
[1.954s] Invoking command in '/home/wheeltec/wheeltec_ros2/build/ackermann_msgs': CMAKE_PREFIX_PATH=${CMAKE_PREFIX_PATH}:/home/wheeltec/wheeltec_ros2/install/wheeltec_dual_rtk_driver:/home/wheeltec/wheeltec_ros2/install/ultralytics_ros2:/home/wheeltec/wheeltec_ros2/install/tf2_tools:/home/wheeltec/wheeltec_ros2/install/nav2_waypoint_cycle:/home/wheeltec/wheeltec_ros2/install/nav2_simple_commander:/home/wheeltec/wheeltec_ros2/install/auto_recharge_ros2:/home/wheeltec/autoware/install/autoware_wheeltec_interface:/home/wheeltec/autoware/install/ad_api_visualizers:/opt/ros/humble /usr/bin/cmake --install /home/wheeltec/wheeltec_ros2/build/ackermann_msgs
[2.046s] -- Install configuration: ""
[2.046s] -- Execute custom install script
[2.047s] -- Up-to-date symlink: /home/wheeltec/wheeltec_ros2/install/ackermann_msgs/share/ament_index/resource_index/rosidl_interfaces/ackermann_msgs
[2.047s] -- Up-to-date symlink: /home/wheeltec/wheeltec_ros2/install/ackermann_msgs/include/ackermann_msgs/ackermann_msgs/msg/ackermann_drive.h
[2.047s] -- Up-to-date symlink: /home/wheeltec/wheeltec_ros2/install/ackermann_msgs/include/ackermann_msgs/ackermann_msgs/msg/ackermann_drive_stamped.h
[2.047s] -- Up-to-date symlink: /home/wheeltec/wheeltec_ros2/install/ackermann_msgs/include/ackermann_msgs/ackermann_msgs/msg/detail/ackermann_drive__functions.h
[2.047s] -- Up-to-date symlink: /home/wheeltec/wheeltec_ros2/install/ackermann_msgs/include/ackermann_msgs/ackermann_msgs/msg/detail/ackermann_drive__struct.h
[2.047s] -- Up-to-date symlink: /home/wheeltec/wheeltec_ros2/install/ackermann_msgs/include/ackermann_msgs/ackermann_msgs/msg/detail/ackermann_drive__type_support.h
[2.047s] -- Up-to-date symlink: /home/wheeltec/wheeltec_ros2/install/ackermann_msgs/include/ackermann_msgs/ackermann_msgs/msg/detail/ackermann_drive_stamped__functions.h
[2.047s] -- Up-to-date symlink: /home/wheeltec/wheeltec_ros2/install/ackermann_msgs/include/ackermann_msgs/ackermann_msgs/msg/detail/ackermann_drive_stamped__struct.h
[2.047s] -- Up-to-date symlink: /home/wheeltec/wheeltec_ros2/install/ackermann_msgs/include/ackermann_msgs/ackermann_msgs/msg/detail/ackermann_drive_stamped__type_support.h
[2.047s] -- Up-to-date symlink: /home/wheeltec/wheeltec_ros2/install/ackermann_msgs/include/ackermann_msgs/ackermann_msgs/msg/rosidl_generator_c__visibility_control.h
[2.048s] -- Up-to-date symlink: /home/wheeltec/wheeltec_ros2/install/ackermann_msgs/share/ackermann_msgs/environment/library_path.sh
[2.048s] -- Up-to-date symlink: /home/wheeltec/wheeltec_ros2/install/ackermann_msgs/share/ackermann_msgs/environment/library_path.dsv
[2.048s] -- Up-to-date symlink: /home/wheeltec/wheeltec_ros2/install/ackermann_msgs/include/ackermann_msgs/ackermann_msgs/msg/detail/ackermann_drive__rosidl_typesupport_fastrtps_c.h
[2.048s] -- Up-to-date symlink: /home/wheeltec/wheeltec_ros2/install/ackermann_msgs/include/ackermann_msgs/ackermann_msgs/msg/detail/ackermann_drive_stamped__rosidl_typesupport_fastrtps_c.h
[2.048s] -- Up-to-date symlink: /home/wheeltec/wheeltec_ros2/install/ackermann_msgs/include/ackermann_msgs/ackermann_msgs/msg/rosidl_typesupport_fastrtps_c__visibility_control.h
[2.048s] -- Up-to-date symlink: /home/wheeltec/wheeltec_ros2/install/ackermann_msgs/include/ackermann_msgs/ackermann_msgs/msg/detail/ackermann_drive__rosidl_typesupport_introspection_c.h
[2.048s] -- Up-to-date symlink: /home/wheeltec/wheeltec_ros2/install/ackermann_msgs/include/ackermann_msgs/ackermann_msgs/msg/detail/ackermann_drive_stamped__rosidl_typesupport_introspection_c.h
[2.048s] -- Up-to-date symlink: /home/wheeltec/wheeltec_ros2/install/ackermann_msgs/include/ackermann_msgs/ackermann_msgs/msg/rosidl_typesupport_introspection_c__visibility_control.h
[2.048s] -- Up-to-date symlink: /home/wheeltec/wheeltec_ros2/install/ackermann_msgs/include/ackermann_msgs/ackermann_msgs/msg/ackermann_drive.hpp
[2.048s] -- Up-to-date symlink: /home/wheeltec/wheeltec_ros2/install/ackermann_msgs/include/ackermann_msgs/ackermann_msgs/msg/ackermann_drive_stamped.hpp
[2.048s] -- Up-to-date symlink: /home/wheeltec/wheeltec_ros2/install/ackermann_msgs/include/ackermann_msgs/ackermann_msgs/msg/detail/ackermann_drive__builder.hpp
[2.049s] -- Up-to-date symlink: /home/wheeltec/wheeltec_ros2/install/ackermann_msgs/include/ackermann_msgs/ackermann_msgs/msg/detail/ackermann_drive__struct.hpp
[2.049s] -- Up-to-date symlink: /home/wheeltec/wheeltec_ros2/install/ackermann_msgs/include/ackermann_msgs/ackermann_msgs/msg/detail/ackermann_drive__traits.hpp
[2.049s] -- Up-to-date symlink: /home/wheeltec/wheeltec_ros2/install/ackermann_msgs/include/ackermann_msgs/ackermann_msgs/msg/detail/ackermann_drive__type_support.hpp
[2.049s] -- Up-to-date symlink: /home/wheeltec/wheeltec_ros2/install/ackermann_msgs/include/ackermann_msgs/ackermann_msgs/msg/detail/ackermann_drive_stamped__builder.hpp
[2.056s] -- Up-to-date symlink: /home/wheeltec/wheeltec_ros2/install/ackermann_msgs/include/ackermann_msgs/ackermann_msgs/msg/detail/ackermann_drive_stamped__struct.hpp
[2.056s] -- Up-to-date symlink: /home/wheeltec/wheeltec_ros2/install/ackermann_msgs/include/ackermann_msgs/ackermann_msgs/msg/detail/ackermann_drive_stamped__traits.hpp
[2.056s] -- Up-to-date symlink: /home/wheeltec/wheeltec_ros2/install/ackermann_msgs/include/ackermann_msgs/ackermann_msgs/msg/detail/ackermann_drive_stamped__type_support.hpp
[2.056s] -- Up-to-date symlink: /home/wheeltec/wheeltec_ros2/install/ackermann_msgs/include/ackermann_msgs/ackermann_msgs/msg/rosidl_generator_cpp__visibility_control.hpp
[2.056s] -- Up-to-date symlink: /home/wheeltec/wheeltec_ros2/install/ackermann_msgs/include/ackermann_msgs/ackermann_msgs/msg/detail/ackermann_drive__rosidl_typesupport_fastrtps_cpp.hpp
[2.056s] -- Up-to-date symlink: /home/wheeltec/wheeltec_ros2/install/ackermann_msgs/include/ackermann_msgs/ackermann_msgs/msg/detail/ackermann_drive_stamped__rosidl_typesupport_fastrtps_cpp.hpp
[2.056s] -- Up-to-date symlink: /home/wheeltec/wheeltec_ros2/install/ackermann_msgs/include/ackermann_msgs/ackermann_msgs/msg/rosidl_typesupport_fastrtps_cpp__visibility_control.h
[2.056s] -- Up-to-date symlink: /home/wheeltec/wheeltec_ros2/install/ackermann_msgs/include/ackermann_msgs/ackermann_msgs/msg/detail/ackermann_drive__rosidl_typesupport_introspection_cpp.hpp
[2.057s] -- Up-to-date symlink: /home/wheeltec/wheeltec_ros2/install/ackermann_msgs/include/ackermann_msgs/ackermann_msgs/msg/detail/ackermann_drive_stamped__rosidl_typesupport_introspection_cpp.hpp
[2.057s] -- Up-to-date symlink: /home/wheeltec/wheeltec_ros2/install/ackermann_msgs/share/ackermann_msgs/environment/pythonpath.sh
[2.057s] -- Up-to-date symlink: /home/wheeltec/wheeltec_ros2/install/ackermann_msgs/share/ackermann_msgs/environment/pythonpath.dsv
[2.057s] -- Up-to-date symlink: /home/wheeltec/wheeltec_ros2/install/ackermann_msgs/local/lib/python3.10/dist-packages/ackermann_msgs-2.0.2-py3.10.egg-info/PKG-INFO
[2.057s] -- Up-to-date symlink: /home/wheeltec/wheeltec_ros2/install/ackermann_msgs/local/lib/python3.10/dist-packages/ackermann_msgs-2.0.2-py3.10.egg-info/SOURCES.txt
[2.057s] -- Up-to-date symlink: /home/wheeltec/wheeltec_ros2/install/ackermann_msgs/local/lib/python3.10/dist-packages/ackermann_msgs-2.0.2-py3.10.egg-info/dependency_links.txt
[2.057s] -- Up-to-date symlink: /home/wheeltec/wheeltec_ros2/install/ackermann_msgs/local/lib/python3.10/dist-packages/ackermann_msgs-2.0.2-py3.10.egg-info/top_level.txt
[2.057s] -- Up-to-date symlink: /home/wheeltec/wheeltec_ros2/install/ackermann_msgs/local/lib/python3.10/dist-packages/ackermann_msgs/__init__.py
[2.057s] -- Up-to-date symlink: /home/wheeltec/wheeltec_ros2/install/ackermann_msgs/local/lib/python3.10/dist-packages/ackermann_msgs/_ackermann_msgs_s.ep.rosidl_typesupport_c.c
[2.057s] -- Up-to-date symlink: /home/wheeltec/wheeltec_ros2/install/ackermann_msgs/local/lib/python3.10/dist-packages/ackermann_msgs/_ackermann_msgs_s.ep.rosidl_typesupport_fastrtps_c.c
[2.058s] -- Up-to-date symlink: /home/wheeltec/wheeltec_ros2/install/ackermann_msgs/local/lib/python3.10/dist-packages/ackermann_msgs/_ackermann_msgs_s.ep.rosidl_typesupport_introspection_c.c
[2.058s] -- Up-to-date symlink: /home/wheeltec/wheeltec_ros2/install/ackermann_msgs/local/lib/python3.10/dist-packages/ackermann_msgs/ackermann_msgs_s__rosidl_typesupport_c.cpython-310-aarch64-linux-gnu.so
[2.058s] -- Up-to-date symlink: /home/wheeltec/wheeltec_ros2/install/ackermann_msgs/local/lib/python3.10/dist-packages/ackermann_msgs/ackermann_msgs_s__rosidl_typesupport_fastrtps_c.cpython-310-aarch64-linux-gnu.so
[2.058s] -- Up-to-date symlink: /home/wheeltec/wheeltec_ros2/install/ackermann_msgs/local/lib/python3.10/dist-packages/ackermann_msgs/ackermann_msgs_s__rosidl_typesupport_introspection_c.cpython-310-aarch64-linux-gnu.so
[2.058s] -- Up-to-date symlink: /home/wheeltec/wheeltec_ros2/install/ackermann_msgs/local/lib/python3.10/dist-packages/ackermann_msgs/libackermann_msgs__rosidl_generator_py.so
[2.058s] -- Up-to-date symlink: /home/wheeltec/wheeltec_ros2/install/ackermann_msgs/local/lib/python3.10/dist-packages/ackermann_msgs/msg/__init__.py
[2.058s] -- Up-to-date symlink: /home/wheeltec/wheeltec_ros2/install/ackermann_msgs/local/lib/python3.10/dist-packages/ackermann_msgs/msg/_ackermann_drive.py
[2.058s] -- Up-to-date symlink: /home/wheeltec/wheeltec_ros2/install/ackermann_msgs/local/lib/python3.10/dist-packages/ackermann_msgs/msg/_ackermann_drive_s.c
[2.058s] -- Up-to-date symlink: /home/wheeltec/wheeltec_ros2/install/ackermann_msgs/local/lib/python3.10/dist-packages/ackermann_msgs/msg/_ackermann_drive_stamped.py
[2.058s] -- Up-to-date symlink: /home/wheeltec/wheeltec_ros2/install/ackermann_msgs/local/lib/python3.10/dist-packages/ackermann_msgs/msg/_ackermann_drive_stamped_s.c
[2.058s] -- Up-to-date symlink: /home/wheeltec/wheeltec_ros2/install/ackermann_msgs/local/lib/python3.10/dist-packages/ackermann_msgs/ackermann_msgs_s__rosidl_typesupport_fastrtps_c.cpython-310-aarch64-linux-gnu.so
[2.059s] -- Up-to-date symlink: /home/wheeltec/wheeltec_ros2/install/ackermann_msgs/local/lib/python3.10/dist-packages/ackermann_msgs/ackermann_msgs_s__rosidl_typesupport_introspection_c.cpython-310-aarch64-linux-gnu.so
[2.059s] -- Up-to-date symlink: /home/wheeltec/wheeltec_ros2/install/ackermann_msgs/local/lib/python3.10/dist-packages/ackermann_msgs/ackermann_msgs_s__rosidl_typesupport_c.cpython-310-aarch64-linux-gnu.so
[2.059s] -- Up-to-date symlink: /home/wheeltec/wheeltec_ros2/install/ackermann_msgs/share/ackermann_msgs/msg/AckermannDrive.idl
[2.059s] -- Up-to-date symlink: /home/wheeltec/wheeltec_ros2/install/ackermann_msgs/share/ackermann_msgs/msg/AckermannDriveStamped.idl
[2.062s] -- Up-to-date symlink: /home/wheeltec/wheeltec_ros2/install/ackermann_msgs/share/ackermann_msgs/msg/AckermannDrive.msg
[2.062s] -- Up-to-date symlink: /home/wheeltec/wheeltec_ros2/install/ackermann_msgs/share/ackermann_msgs/msg/AckermannDriveStamped.msg
[2.062s] -- Up-to-date symlink: /home/wheeltec/wheeltec_ros2/install/ackermann_msgs/share/ament_index/resource_index/package_run_dependencies/ackermann_msgs
[2.062s] -- Up-to-date symlink: /home/wheeltec/wheeltec_ros2/install/ackermann_msgs/share/ament_index/resource_index/parent_prefix_path/ackermann_msgs
[2.062s] -- Up-to-date symlink: /home/wheeltec/wheeltec_ros2/install/ackermann_msgs/share/ackermann_msgs/environment/ament_prefix_path.sh
[2.063s] -- Up-to-date symlink: /home/wheeltec/wheeltec_ros2/install/ackermann_msgs/share/ackermann_msgs/environment/ament_prefix_path.dsv
[2.063s] -- Up-to-date symlink: /home/wheeltec/wheeltec_ros2/install/ackermann_msgs/share/ackermann_msgs/environment/path.sh
[2.063s] -- Up-to-date symlink: /home/wheeltec/wheeltec_ros2/install/ackermann_msgs/share/ackermann_msgs/environment/path.dsv
[2.063s] -- Up-to-date symlink: /home/wheeltec/wheeltec_ros2/install/ackermann_msgs/share/ackermann_msgs/local_setup.bash
[2.063s] -- Up-to-date symlink: /home/wheeltec/wheeltec_ros2/install/ackermann_msgs/share/ackermann_msgs/local_setup.sh
[2.063s] -- Up-to-date symlink: /home/wheeltec/wheeltec_ros2/install/ackermann_msgs/share/ackermann_msgs/local_setup.zsh
[2.063s] -- Up-to-date symlink: /home/wheeltec/wheeltec_ros2/install/ackermann_msgs/share/ackermann_msgs/local_setup.dsv
[2.063s] -- Symlinking: /home/wheeltec/wheeltec_ros2/install/ackermann_msgs/share/ackermann_msgs/package.dsv
[2.063s] -- Up-to-date symlink: /home/wheeltec/wheeltec_ros2/install/ackermann_msgs/share/ament_index/resource_index/packages/ackermann_msgs
[2.063s] -- Up-to-date symlink: /home/wheeltec/wheeltec_ros2/install/ackermann_msgs/share/ackermann_msgs/cmake/rosidl_cmake-extras.cmake
[2.063s] -- Up-to-date symlink: /home/wheeltec/wheeltec_ros2/install/ackermann_msgs/share/ackermann_msgs/cmake/ament_cmake_export_dependencies-extras.cmake
[2.064s] -- Up-to-date symlink: /home/wheeltec/wheeltec_ros2/install/ackermann_msgs/share/ackermann_msgs/cmake/ament_cmake_export_include_directories-extras.cmake
[2.064s] -- Up-to-date symlink: /home/wheeltec/wheeltec_ros2/install/ackermann_msgs/share/ackermann_msgs/cmake/ament_cmake_export_libraries-extras.cmake
[2.064s] -- Up-to-date symlink: /home/wheeltec/wheeltec_ros2/install/ackermann_msgs/share/ackermann_msgs/cmake/ament_cmake_export_targets-extras.cmake
[2.064s] -- Up-to-date symlink: /home/wheeltec/wheeltec_ros2/install/ackermann_msgs/share/ackermann_msgs/cmake/rosidl_cmake_export_typesupport_targets-extras.cmake
[2.064s] -- Up-to-date symlink: /home/wheeltec/wheeltec_ros2/install/ackermann_msgs/share/ackermann_msgs/cmake/rosidl_cmake_export_typesupport_libraries-extras.cmake
[2.064s] -- Up-to-date symlink: /home/wheeltec/wheeltec_ros2/install/ackermann_msgs/share/ackermann_msgs/cmake/ackermann_msgsConfig.cmake
[2.064s] -- Up-to-date symlink: /home/wheeltec/wheeltec_ros2/install/ackermann_msgs/share/ackermann_msgs/cmake/ackermann_msgsConfig-version.cmake
[2.064s] -- Up-to-date symlink: /home/wheeltec/wheeltec_ros2/install/ackermann_msgs/share/ackermann_msgs/package.xml
[2.064s] -- Up-to-date: /home/wheeltec/wheeltec_ros2/install/ackermann_msgs/lib/libackermann_msgs__rosidl_generator_c.so
[2.064s] -- Up-to-date: /home/wheeltec/wheeltec_ros2/install/ackermann_msgs/lib/libackermann_msgs__rosidl_typesupport_fastrtps_c.so
[2.064s] -- Up-to-date: /home/wheeltec/wheeltec_ros2/install/ackermann_msgs/lib/libackermann_msgs__rosidl_typesupport_introspection_c.so
[2.065s] -- Up-to-date: /home/wheeltec/wheeltec_ros2/install/ackermann_msgs/lib/libackermann_msgs__rosidl_typesupport_c.so
[2.065s] -- Up-to-date: /home/wheeltec/wheeltec_ros2/install/ackermann_msgs/lib/libackermann_msgs__rosidl_typesupport_fastrtps_cpp.so
[2.065s] -- Up-to-date: /home/wheeltec/wheeltec_ros2/install/ackermann_msgs/lib/libackermann_msgs__rosidl_typesupport_introspection_cpp.so
[2.065s] -- Up-to-date: /home/wheeltec/wheeltec_ros2/install/ackermann_msgs/lib/libackermann_msgs__rosidl_typesupport_cpp.so
[2.225s] Listing '/home/wheeltec/wheeltec_ros2/install/ackermann_msgs/local/lib/python3.10/dist-packages/ackermann_msgs'...
[2.225s] Listing '/home/wheeltec/wheeltec_ros2/install/ackermann_msgs/local/lib/python3.10/dist-packages/ackermann_msgs/msg'...
[2.236s] -- Up-to-date: /home/wheeltec/wheeltec_ros2/install/ackermann_msgs/lib/libackermann_msgs__rosidl_generator_py.so
[2.236s] -- Up-to-date: /home/wheeltec/wheeltec_ros2/install/ackermann_msgs/share/ackermann_msgs/cmake/export_ackermann_msgs__rosidl_generator_cExport.cmake
[2.236s] -- Up-to-date: /home/wheeltec/wheeltec_ros2/install/ackermann_msgs/share/ackermann_msgs/cmake/export_ackermann_msgs__rosidl_generator_cExport-noconfig.cmake
[2.237s] -- Up-to-date: /home/wheeltec/wheeltec_ros2/install/ackermann_msgs/share/ackermann_msgs/cmake/export_ackermann_msgs__rosidl_typesupport_fastrtps_cExport.cmake
[2.237s] -- Up-to-date: /home/wheeltec/wheeltec_ros2/install/ackermann_msgs/share/ackermann_msgs/cmake/export_ackermann_msgs__rosidl_typesupport_fastrtps_cExport-noconfig.cmake
[2.238s] -- Up-to-date: /home/wheeltec/wheeltec_ros2/install/ackermann_msgs/share/ackermann_msgs/cmake/ackermann_msgs__rosidl_typesupport_introspection_cExport.cmake
[2.238s] -- Up-to-date: /home/wheeltec/wheeltec_ros2/install/ackermann_msgs/share/ackermann_msgs/cmake/ackermann_msgs__rosidl_typesupport_introspection_cExport-noconfig.cmake
[2.239s] -- Up-to-date: /home/wheeltec/wheeltec_ros2/install/ackermann_msgs/share/ackermann_msgs/cmake/ackermann_msgs__rosidl_typesupport_cExport.cmake
[2.239s] -- Up-to-date: /home/wheeltec/wheeltec_ros2/install/ackermann_msgs/share/ackermann_msgs/cmake/ackermann_msgs__rosidl_typesupport_cExport-noconfig.cmake
[2.240s] -- Up-to-date: /home/wheeltec/wheeltec_ros2/install/ackermann_msgs/share/ackermann_msgs/cmake/export_ackermann_msgs__rosidl_generator_cppExport.cmake
[2.240s] -- Up-to-date: /home/wheeltec/wheeltec_ros2/install/ackermann_msgs/share/ackermann_msgs/cmake/export_ackermann_msgs__rosidl_typesupport_fastrtps_cppExport.cmake
[2.241s] -- Up-to-date: /home/wheeltec/wheeltec_ros2/install/ackermann_msgs/share/ackermann_msgs/cmake/export_ackermann_msgs__rosidl_typesupport_fastrtps_cppExport-noconfig.cmake
[2.241s] -- Up-to-date: /home/wheeltec/wheeltec_ros2/install/ackermann_msgs/share/ackermann_msgs/cmake/ackermann_msgs__rosidl_typesupport_introspection_cppExport.cmake
[2.241s] -- Up-to-date: /home/wheeltec/wheeltec_ros2/install/ackermann_msgs/share/ackermann_msgs/cmake/ackermann_msgs__rosidl_typesupport_introspection_cppExport-noconfig.cmake
[2.242s] -- Up-to-date: /home/wheeltec/wheeltec_ros2/install/ackermann_msgs/share/ackermann_msgs/cmake/ackermann_msgs__rosidl_typesupport_cppExport.cmake
[2.242s] -- Up-to-date: /home/wheeltec/wheeltec_ros2/install/ackermann_msgs/share/ackermann_msgs/cmake/ackermann_msgs__rosidl_typesupport_cppExport-noconfig.cmake
[2.245s] -- Up-to-date: /home/wheeltec/wheeltec_ros2/install/ackermann_msgs/share/ackermann_msgs/cmake/export_ackermann_msgs__rosidl_generator_pyExport.cmake
[2.245s] -- Up-to-date: /home/wheeltec/wheeltec_ros2/install/ackermann_msgs/share/ackermann_msgs/cmake/export_ackermann_msgs__rosidl_generator_pyExport-noconfig.cmake
[2.396s] Invoked command in '/home/wheeltec/wheeltec_ros2/build/ackermann_msgs' returned '0': CMAKE_PREFIX_PATH=${CMAKE_PREFIX_PATH}:/home/wheeltec/wheeltec_ros2/install/wheeltec_dual_rtk_driver:/home/wheeltec/wheeltec_ros2/install/ultralytics_ros2:/home/wheeltec/wheeltec_ros2/install/tf2_tools:/home/wheeltec/wheeltec_ros2/install/nav2_waypoint_cycle:/home/wheeltec/wheeltec_ros2/install/nav2_simple_commander:/home/wheeltec/wheeltec_ros2/install/auto_recharge_ros2:/home/wheeltec/autoware/install/autoware_wheeltec_interface:/home/wheeltec/autoware/install/ad_api_visualizers:/opt/ros/humble /usr/bin/cmake --install /home/wheeltec/wheeltec_ros2/build/ackermann_msgs
