gmake: Warning: File 'Makefile' has modification time 1766048711 s in the future
gmake[1]: Warning: File 'CMakeFiles/Makefile2' has modification time 1766048710 s in the future
gmake[2]: Warning: File 'CMakeFiles/turn_on_wheeltec_robot__cpp.dir/progress.make' has modification time 1766048710 s in the future
gmake[2]: warning:  Clock skew detected.  Your build may be incomplete.
gmake[2]: Warning: File 'CMakeFiles/turn_on_wheeltec_robot__cpp.dir/progress.make' has modification time 1766048710 s in the future
gmake[2]: warning:  Clock skew detected.  Your build may be incomplete.
gmake[2]: Warning: File 'CMakeFiles/wheeltec_robot_node.dir/flags.make' has modification time 1766048710 s in the future
gmake[2]: warning:  Clock skew detected.  Your build may be incomplete.
gmake[2]: Warning: File 'CMakeFiles/wheeltec_robot_node.dir/flags.make' has modification time 1766048710 s in the future
gmake[2]: warning:  Clock skew detected.  Your build may be incomplete.
gmake[2]: Warning: File 'CMakeFiles/turn_on_wheeltec_robot__rosidl_typesupport_introspection_cpp.dir/flags.make' has modification time 1766048710 s in the future
gmake[2]: warning:  Clock skew detected.  Your build may be incomplete.
gmake[2]: Warning: File 'CMakeFiles/turn_on_wheeltec_robot__rosidl_typesupport_introspection_cpp.dir/flags.make' has modification time 1766048710 s in the future
gmake[2]: warning:  Clock skew detected.  Your build may be incomplete.
gmake[2]: Warning: File 'CMakeFiles/turn_on_wheeltec_robot__rosidl_typesupport_fastrtps_cpp.dir/flags.make' has modification time 1766048709 s in the future
gmake[2]: warning:  Clock skew detected.  Your build may be incomplete.
gmake[2]: Warning: File 'CMakeFiles/turn_on_wheeltec_robot__rosidl_typesupport_fastrtps_cpp.dir/flags.make' has modification time 1766048709 s in the future
gmake[2]: warning:  Clock skew detected.  Your build may be incomplete.
gmake[2]: Warning: File 'CMakeFiles/turn_on_wheeltec_robot__rosidl_typesupport_cpp.dir/flags.make' has modification time 1766048709 s in the future
gmake[2]: warning:  Clock skew detected.  Your build may be incomplete.
gmake[2]: Warning: File 'CMakeFiles/turn_on_wheeltec_robot__rosidl_typesupport_cpp.dir/flags.make' has modification time 1766048709 s in the future
gmake[2]: warning:  Clock skew detected.  Your build may be incomplete.
gmake[2]: Warning: File 'CMakeFiles/ament_cmake_python_symlink_turn_on_wheeltec_robot.dir/progress.make' has modification time 1766048709 s in the future
gmake[2]: warning:  Clock skew detected.  Your build may be incomplete.
gmake[2]: Warning: File 'CMakeFiles/ament_cmake_python_symlink_turn_on_wheeltec_robot.dir/progress.make' has modification time 1766048709 s in the future
gmake[2]: warning:  Clock skew detected.  Your build may be incomplete.
gmake[2]: Warning: File 'CMakeFiles/turn_on_wheeltec_robot__rosidl_generator_c.dir/flags.make' has modification time 1766048708 s in the future
gmake[2]: warning:  Clock skew detected.  Your build may be incomplete.
gmake[2]: Warning: File 'CMakeFiles/turn_on_wheeltec_robot__rosidl_generator_c.dir/flags.make' has modification time 1766048708 s in the future
gmake[2]: warning:  Clock skew detected.  Your build may be incomplete.
gmake[2]: Warning: File 'CMakeFiles/ament_cmake_python_build_turn_on_wheeltec_robot_egg.dir/progress.make' has modification time 1766048708 s in the future
gmake[2]: warning:  Clock skew detected.  Your build may be incomplete.
gmake[2]: Warning: File 'CMakeFiles/ament_cmake_python_build_turn_on_wheeltec_robot_egg.dir/progress.make' has modification time 1766048708 s in the future
gmake[2]: warning:  Clock skew detected.  Your build may be incomplete.
gmake[2]: Warning: File 'CMakeFiles/turn_on_wheeltec_robot__rosidl_typesupport_c.dir/flags.make' has modification time 1766048707 s in the future
gmake[2]: warning:  Clock skew detected.  Your build may be incomplete.
gmake[2]: Warning: File 'CMakeFiles/turn_on_wheeltec_robot__rosidl_typesupport_c.dir/flags.make' has modification time 1766048707 s in the future
gmake[2]: warning:  Clock skew detected.  Your build may be incomplete.
gmake[2]: Warning: File 'CMakeFiles/turn_on_wheeltec_robot__rosidl_typesupport_introspection_c.dir/flags.make' has modification time 1766048706 s in the future
gmake[2]: warning:  Clock skew detected.  Your build may be incomplete.
gmake[2]: Warning: File 'CMakeFiles/turn_on_wheeltec_robot__rosidl_typesupport_introspection_c.dir/flags.make' has modification time 1766048706 s in the future
gmake[2]: warning:  Clock skew detected.  Your build may be incomplete.
gmake[2]: Warning: File 'CMakeFiles/turn_on_wheeltec_robot__rosidl_typesupport_fastrtps_c.dir/flags.make' has modification time 1766048706 s in the future
gmake[2]: warning:  Clock skew detected.  Your build may be incomplete.
gmake[2]: Warning: File 'CMakeFiles/turn_on_wheeltec_robot__rosidl_typesupport_fastrtps_c.dir/flags.make' has modification time 1766048706 s in the future
gmake[2]: warning:  Clock skew detected.  Your build may be incomplete.
gmake[2]: Warning: File 'CMakeFiles/turn_on_wheeltec_robot.dir/progress.make' has modification time 1766048706 s in the future
gmake[2]: warning:  Clock skew detected.  Your build may be incomplete.
gmake[2]: Warning: File 'CMakeFiles/turn_on_wheeltec_robot.dir/progress.make' has modification time 1766048706 s in the future
gmake[2]: warning:  Clock skew detected.  Your build may be incomplete.
gmake[2]: Warning: File 'turn_on_wheeltec_robot__py/CMakeFiles/turn_on_wheeltec_robot__py.dir/progress.make' has modification time 1766048706 s in the future
gmake[2]: warning:  Clock skew detected.  Your build may be incomplete.
gmake[2]: Warning: File 'turn_on_wheeltec_robot__py/CMakeFiles/turn_on_wheeltec_robot__py.dir/progress.make' has modification time 1766048705 s in the future
gmake[2]: warning:  Clock skew detected.  Your build may be incomplete.
gmake[2]: Warning: File 'CMakeFiles/turn_on_wheeltec_robot__rosidl_generator_py.dir/flags.make' has modification time 1766048705 s in the future
gmake[2]: warning:  Clock skew detected.  Your build may be incomplete.
gmake[2]: Warning: File 'CMakeFiles/turn_on_wheeltec_robot__rosidl_generator_py.dir/flags.make' has modification time 1766048705 s in the future
gmake[2]: warning:  Clock skew detected.  Your build may be incomplete.
gmake[2]: Warning: File 'CMakeFiles/turn_on_wheeltec_robot__rosidl_typesupport_fastrtps_c__pyext.dir/flags.make' has modification time 1766048705 s in the future
gmake[2]: warning:  Clock skew detected.  Your build may be incomplete.
gmake[2]: Warning: File 'CMakeFiles/turn_on_wheeltec_robot__rosidl_typesupport_fastrtps_c__pyext.dir/flags.make' has modification time 1766048705 s in the future
gmake[2]: warning:  Clock skew detected.  Your build may be incomplete.
gmake[2]: Warning: File 'CMakeFiles/turn_on_wheeltec_robot__rosidl_typesupport_c__pyext.dir/flags.make' has modification time 1766048705 s in the future
gmake[2]: warning:  Clock skew detected.  Your build may be incomplete.
gmake[2]: Warning: File 'CMakeFiles/turn_on_wheeltec_robot__rosidl_typesupport_c__pyext.dir/flags.make' has modification time 1766048704 s in the future
gmake[2]: warning:  Clock skew detected.  Your build may be incomplete.
gmake[2]: Warning: File 'CMakeFiles/turn_on_wheeltec_robot__rosidl_typesupport_introspection_c__pyext.dir/flags.make' has modification time 1766048704 s in the future
gmake[2]: warning:  Clock skew detected.  Your build may be incomplete.
gmake[2]: Warning: File 'CMakeFiles/turn_on_wheeltec_robot__rosidl_typesupport_introspection_c__pyext.dir/flags.make' has modification time 1766048704 s in the future
gmake[2]: warning:  Clock skew detected.  Your build may be incomplete.
gmake[1]: warning:  Clock skew detected.  Your build may be incomplete.
gmake: warning:  Clock skew detected.  Your build may be incomplete.
