[0.309s] Invoking command in '/home/wheeltec/wheeltec_ros2/build/wheeltec_robot_msg': CMAKE_PREFIX_PATH=${CMAKE_PREFIX_PATH}:/home/wheeltec/wheeltec_ros2/install/simple_follower_ros2:/home/wheeltec/wheeltec_ros2/install/wheeltec_robot_keyboard:/home/wheeltec/wheeltec_ros2/install/wheeltec_dual_rtk_driver:/home/wheeltec/wheeltec_ros2/install/ultralytics_ros2:/home/wheeltec/wheeltec_ros2/install/tf2_tools:/home/wheeltec/wheeltec_ros2/install/ollama_ros_chat:/home/wheeltec/wheeltec_ros2/install/nmea_navsat_driver:/home/wheeltec/wheeltec_ros2/install/nav2_waypoint_cycle:/home/wheeltec/wheeltec_ros2/install/nav2_simple_commander:/home/wheeltec/wheeltec_ros2/install/largemodel:/home/wheeltec/wheeltec_ros2/install/auto_recharge_ros2:/home/wheeltec/autoware/install/autoware_wheeltec_interface:/home/wheeltec/autoware/install/ad_api_visualizers:/opt/ros/humble /usr/bin/cmake --build /home/wheeltec/wheeltec_ros2/build/wheeltec_robot_msg -- -j6 -l6
[1.672s] [  2%] Built target wheeltec_robot_msg__cpp
[1.776s] [ 12%] Built target wheeltec_robot_msg__rosidl_generator_c
[1.783s] [ 12%] Built target ament_cmake_python_symlink_wheeltec_robot_msg
[2.321s] [ 23%] Built target wheeltec_robot_msg__rosidl_typesupport_fastrtps_cpp
[2.489s] [ 33%] Built target wheeltec_robot_msg__rosidl_typesupport_introspection_cpp
[2.501s] [ 43%] Built target wheeltec_robot_msg__rosidl_typesupport_cpp
[2.503s] [ 53%] Built target wheeltec_robot_msg__rosidl_typesupport_c
[2.504s] [ 64%] Built target wheeltec_robot_msg__rosidl_typesupport_introspection_c
[2.540s] [ 74%] Built target wheeltec_robot_msg__rosidl_typesupport_fastrtps_c
[2.995s] [ 74%] Built target wheeltec_robot_msg
[3.342s] [ 76%] Built target wheeltec_robot_msg__py
[3.574s] [ 84%] Built target wheeltec_robot_msg__rosidl_generator_py
[3.682s] running egg_info
[3.701s] writing wheeltec_robot_msg.egg-info/PKG-INFO
[3.702s] writing dependency_links to wheeltec_robot_msg.egg-info/dependency_links.txt
[3.702s] writing top-level names to wheeltec_robot_msg.egg-info/top_level.txt
[3.702s] reading manifest file 'wheeltec_robot_msg.egg-info/SOURCES.txt'
[3.702s] writing manifest file 'wheeltec_robot_msg.egg-info/SOURCES.txt'
[3.801s] [ 89%] Built target wheeltec_robot_msg__rosidl_typesupport_introspection_c__pyext
[3.804s] [ 94%] Built target wheeltec_robot_msg__rosidl_typesupport_fastrtps_c__pyext
[3.824s] [100%] Built target wheeltec_robot_msg__rosidl_typesupport_c__pyext
[3.883s] [100%] Built target ament_cmake_python_build_wheeltec_robot_msg_egg
[3.966s] Invoked command in '/home/wheeltec/wheeltec_ros2/build/wheeltec_robot_msg' returned '0': CMAKE_PREFIX_PATH=${CMAKE_PREFIX_PATH}:/home/wheeltec/wheeltec_ros2/install/simple_follower_ros2:/home/wheeltec/wheeltec_ros2/install/wheeltec_robot_keyboard:/home/wheeltec/wheeltec_ros2/install/wheeltec_dual_rtk_driver:/home/wheeltec/wheeltec_ros2/install/ultralytics_ros2:/home/wheeltec/wheeltec_ros2/install/tf2_tools:/home/wheeltec/wheeltec_ros2/install/ollama_ros_chat:/home/wheeltec/wheeltec_ros2/install/nmea_navsat_driver:/home/wheeltec/wheeltec_ros2/install/nav2_waypoint_cycle:/home/wheeltec/wheeltec_ros2/install/nav2_simple_commander:/home/wheeltec/wheeltec_ros2/install/largemodel:/home/wheeltec/wheeltec_ros2/install/auto_recharge_ros2:/home/wheeltec/autoware/install/autoware_wheeltec_interface:/home/wheeltec/autoware/install/ad_api_visualizers:/opt/ros/humble /usr/bin/cmake --build /home/wheeltec/wheeltec_ros2/build/wheeltec_robot_msg -- -j6 -l6
[3.970s] Invoking command in '/home/wheeltec/wheeltec_ros2/build/wheeltec_robot_msg': CMAKE_PREFIX_PATH=${CMAKE_PREFIX_PATH}:/home/wheeltec/wheeltec_ros2/install/simple_follower_ros2:/home/wheeltec/wheeltec_ros2/install/wheeltec_robot_keyboard:/home/wheeltec/wheeltec_ros2/install/wheeltec_dual_rtk_driver:/home/wheeltec/wheeltec_ros2/install/ultralytics_ros2:/home/wheeltec/wheeltec_ros2/install/tf2_tools:/home/wheeltec/wheeltec_ros2/install/ollama_ros_chat:/home/wheeltec/wheeltec_ros2/install/nmea_navsat_driver:/home/wheeltec/wheeltec_ros2/install/nav2_waypoint_cycle:/home/wheeltec/wheeltec_ros2/install/nav2_simple_commander:/home/wheeltec/wheeltec_ros2/install/largemodel:/home/wheeltec/wheeltec_ros2/install/auto_recharge_ros2:/home/wheeltec/autoware/install/autoware_wheeltec_interface:/home/wheeltec/autoware/install/ad_api_visualizers:/opt/ros/humble /usr/bin/cmake --install /home/wheeltec/wheeltec_ros2/build/wheeltec_robot_msg
[4.917s] -- Install configuration: ""
[4.917s] -- Execute custom install script
[4.917s] -- Up-to-date symlink: /home/wheeltec/wheeltec_ros2/install/wheeltec_robot_msg/share/ament_index/resource_index/rosidl_interfaces/wheeltec_robot_msg
[4.917s] -- Up-to-date symlink: /home/wheeltec/wheeltec_ros2/install/wheeltec_robot_msg/include/wheeltec_robot_msg/wheeltec_robot_msg/msg/data.h
[4.917s] -- Up-to-date symlink: /home/wheeltec/wheeltec_ros2/install/wheeltec_robot_msg/include/wheeltec_robot_msg/wheeltec_robot_msg/msg/detail/data__functions.h
[4.917s] -- Up-to-date symlink: /home/wheeltec/wheeltec_ros2/install/wheeltec_robot_msg/include/wheeltec_robot_msg/wheeltec_robot_msg/msg/detail/data__struct.h
[4.918s] -- Up-to-date symlink: /home/wheeltec/wheeltec_ros2/install/wheeltec_robot_msg/include/wheeltec_robot_msg/wheeltec_robot_msg/msg/detail/data__type_support.h
[4.918s] -- Up-to-date symlink: /home/wheeltec/wheeltec_ros2/install/wheeltec_robot_msg/include/wheeltec_robot_msg/wheeltec_robot_msg/msg/detail/supersonic__functions.h
[4.918s] -- Up-to-date symlink: /home/wheeltec/wheeltec_ros2/install/wheeltec_robot_msg/include/wheeltec_robot_msg/wheeltec_robot_msg/msg/detail/supersonic__struct.h
[4.918s] -- Up-to-date symlink: /home/wheeltec/wheeltec_ros2/install/wheeltec_robot_msg/include/wheeltec_robot_msg/wheeltec_robot_msg/msg/detail/supersonic__type_support.h
[4.918s] -- Up-to-date symlink: /home/wheeltec/wheeltec_ros2/install/wheeltec_robot_msg/include/wheeltec_robot_msg/wheeltec_robot_msg/msg/rosidl_generator_c__visibility_control.h
[4.918s] -- Up-to-date symlink: /home/wheeltec/wheeltec_ros2/install/wheeltec_robot_msg/include/wheeltec_robot_msg/wheeltec_robot_msg/msg/supersonic.h
[4.918s] -- Up-to-date symlink: /home/wheeltec/wheeltec_ros2/install/wheeltec_robot_msg/share/wheeltec_robot_msg/environment/library_path.sh
[4.918s] -- Up-to-date symlink: /home/wheeltec/wheeltec_ros2/install/wheeltec_robot_msg/share/wheeltec_robot_msg/environment/library_path.dsv
[4.918s] -- Up-to-date symlink: /home/wheeltec/wheeltec_ros2/install/wheeltec_robot_msg/include/wheeltec_robot_msg/wheeltec_robot_msg/msg/detail/data__rosidl_typesupport_fastrtps_c.h
[4.918s] -- Up-to-date symlink: /home/wheeltec/wheeltec_ros2/install/wheeltec_robot_msg/include/wheeltec_robot_msg/wheeltec_robot_msg/msg/detail/supersonic__rosidl_typesupport_fastrtps_c.h
[4.919s] -- Up-to-date symlink: /home/wheeltec/wheeltec_ros2/install/wheeltec_robot_msg/include/wheeltec_robot_msg/wheeltec_robot_msg/msg/rosidl_typesupport_fastrtps_c__visibility_control.h
[4.919s] -- Up-to-date symlink: /home/wheeltec/wheeltec_ros2/install/wheeltec_robot_msg/include/wheeltec_robot_msg/wheeltec_robot_msg/msg/detail/data__rosidl_typesupport_introspection_c.h
[4.919s] -- Up-to-date symlink: /home/wheeltec/wheeltec_ros2/install/wheeltec_robot_msg/include/wheeltec_robot_msg/wheeltec_robot_msg/msg/detail/supersonic__rosidl_typesupport_introspection_c.h
[4.919s] -- Up-to-date symlink: /home/wheeltec/wheeltec_ros2/install/wheeltec_robot_msg/include/wheeltec_robot_msg/wheeltec_robot_msg/msg/rosidl_typesupport_introspection_c__visibility_control.h
[4.919s] -- Up-to-date symlink: /home/wheeltec/wheeltec_ros2/install/wheeltec_robot_msg/include/wheeltec_robot_msg/wheeltec_robot_msg/msg/data.hpp
[4.919s] -- Up-to-date symlink: /home/wheeltec/wheeltec_ros2/install/wheeltec_robot_msg/include/wheeltec_robot_msg/wheeltec_robot_msg/msg/detail/data__builder.hpp
[4.919s] -- Up-to-date symlink: /home/wheeltec/wheeltec_ros2/install/wheeltec_robot_msg/include/wheeltec_robot_msg/wheeltec_robot_msg/msg/detail/data__struct.hpp
[4.919s] -- Up-to-date symlink: /home/wheeltec/wheeltec_ros2/install/wheeltec_robot_msg/include/wheeltec_robot_msg/wheeltec_robot_msg/msg/detail/data__traits.hpp
[4.919s] -- Up-to-date symlink: /home/wheeltec/wheeltec_ros2/install/wheeltec_robot_msg/include/wheeltec_robot_msg/wheeltec_robot_msg/msg/detail/data__type_support.hpp
[4.919s] -- Up-to-date symlink: /home/wheeltec/wheeltec_ros2/install/wheeltec_robot_msg/include/wheeltec_robot_msg/wheeltec_robot_msg/msg/detail/supersonic__builder.hpp
[4.919s] -- Up-to-date symlink: /home/wheeltec/wheeltec_ros2/install/wheeltec_robot_msg/include/wheeltec_robot_msg/wheeltec_robot_msg/msg/detail/supersonic__struct.hpp
[4.958s] -- Up-to-date symlink: /home/wheeltec/wheeltec_ros2/install/wheeltec_robot_msg/include/wheeltec_robot_msg/wheeltec_robot_msg/msg/detail/supersonic__traits.hpp
[4.959s] -- Up-to-date symlink: /home/wheeltec/wheeltec_ros2/install/wheeltec_robot_msg/include/wheeltec_robot_msg/wheeltec_robot_msg/msg/detail/supersonic__type_support.hpp
[4.959s] -- Up-to-date symlink: /home/wheeltec/wheeltec_ros2/install/wheeltec_robot_msg/include/wheeltec_robot_msg/wheeltec_robot_msg/msg/rosidl_generator_cpp__visibility_control.hpp
[4.959s] -- Up-to-date symlink: /home/wheeltec/wheeltec_ros2/install/wheeltec_robot_msg/include/wheeltec_robot_msg/wheeltec_robot_msg/msg/supersonic.hpp
[4.959s] -- Up-to-date symlink: /home/wheeltec/wheeltec_ros2/install/wheeltec_robot_msg/include/wheeltec_robot_msg/wheeltec_robot_msg/msg/detail/data__rosidl_typesupport_fastrtps_cpp.hpp
[4.959s] -- Up-to-date symlink: /home/wheeltec/wheeltec_ros2/install/wheeltec_robot_msg/include/wheeltec_robot_msg/wheeltec_robot_msg/msg/detail/supersonic__rosidl_typesupport_fastrtps_cpp.hpp
[4.959s] -- Up-to-date symlink: /home/wheeltec/wheeltec_ros2/install/wheeltec_robot_msg/include/wheeltec_robot_msg/wheeltec_robot_msg/msg/rosidl_typesupport_fastrtps_cpp__visibility_control.h
[4.959s] -- Up-to-date symlink: /home/wheeltec/wheeltec_ros2/install/wheeltec_robot_msg/include/wheeltec_robot_msg/wheeltec_robot_msg/msg/detail/data__rosidl_typesupport_introspection_cpp.hpp
[4.959s] -- Up-to-date symlink: /home/wheeltec/wheeltec_ros2/install/wheeltec_robot_msg/include/wheeltec_robot_msg/wheeltec_robot_msg/msg/detail/supersonic__rosidl_typesupport_introspection_cpp.hpp
[4.959s] -- Up-to-date symlink: /home/wheeltec/wheeltec_ros2/install/wheeltec_robot_msg/share/wheeltec_robot_msg/environment/pythonpath.sh
[4.960s] -- Up-to-date symlink: /home/wheeltec/wheeltec_ros2/install/wheeltec_robot_msg/share/wheeltec_robot_msg/environment/pythonpath.dsv
[4.960s] -- Up-to-date symlink: /home/wheeltec/wheeltec_ros2/install/wheeltec_robot_msg/local/lib/python3.10/dist-packages/wheeltec_robot_msg-0.0.0-py3.10.egg-info/PKG-INFO
[4.960s] -- Up-to-date symlink: /home/wheeltec/wheeltec_ros2/install/wheeltec_robot_msg/local/lib/python3.10/dist-packages/wheeltec_robot_msg-0.0.0-py3.10.egg-info/SOURCES.txt
[4.960s] -- Up-to-date symlink: /home/wheeltec/wheeltec_ros2/install/wheeltec_robot_msg/local/lib/python3.10/dist-packages/wheeltec_robot_msg-0.0.0-py3.10.egg-info/dependency_links.txt
[4.960s] -- Up-to-date symlink: /home/wheeltec/wheeltec_ros2/install/wheeltec_robot_msg/local/lib/python3.10/dist-packages/wheeltec_robot_msg-0.0.0-py3.10.egg-info/top_level.txt
[4.960s] -- Up-to-date symlink: /home/wheeltec/wheeltec_ros2/install/wheeltec_robot_msg/local/lib/python3.10/dist-packages/wheeltec_robot_msg/__init__.py
[4.960s] -- Up-to-date symlink: /home/wheeltec/wheeltec_ros2/install/wheeltec_robot_msg/local/lib/python3.10/dist-packages/wheeltec_robot_msg/_wheeltec_robot_msg_s.ep.rosidl_typesupport_c.c
[4.960s] -- Up-to-date symlink: /home/wheeltec/wheeltec_ros2/install/wheeltec_robot_msg/local/lib/python3.10/dist-packages/wheeltec_robot_msg/_wheeltec_robot_msg_s.ep.rosidl_typesupport_fastrtps_c.c
[4.960s] -- Up-to-date symlink: /home/wheeltec/wheeltec_ros2/install/wheeltec_robot_msg/local/lib/python3.10/dist-packages/wheeltec_robot_msg/_wheeltec_robot_msg_s.ep.rosidl_typesupport_introspection_c.c
[4.960s] -- Up-to-date symlink: /home/wheeltec/wheeltec_ros2/install/wheeltec_robot_msg/local/lib/python3.10/dist-packages/wheeltec_robot_msg/libwheeltec_robot_msg__rosidl_generator_py.so
[4.960s] -- Up-to-date symlink: /home/wheeltec/wheeltec_ros2/install/wheeltec_robot_msg/local/lib/python3.10/dist-packages/wheeltec_robot_msg/msg/__init__.py
[4.961s] -- Up-to-date symlink: /home/wheeltec/wheeltec_ros2/install/wheeltec_robot_msg/local/lib/python3.10/dist-packages/wheeltec_robot_msg/msg/_data.py
[4.961s] -- Up-to-date symlink: /home/wheeltec/wheeltec_ros2/install/wheeltec_robot_msg/local/lib/python3.10/dist-packages/wheeltec_robot_msg/msg/_data_s.c
[4.961s] -- Up-to-date symlink: /home/wheeltec/wheeltec_ros2/install/wheeltec_robot_msg/local/lib/python3.10/dist-packages/wheeltec_robot_msg/msg/_supersonic.py
[4.962s] -- Up-to-date symlink: /home/wheeltec/wheeltec_ros2/install/wheeltec_robot_msg/local/lib/python3.10/dist-packages/wheeltec_robot_msg/msg/_supersonic_s.c
[4.962s] -- Up-to-date symlink: /home/wheeltec/wheeltec_ros2/install/wheeltec_robot_msg/local/lib/python3.10/dist-packages/wheeltec_robot_msg/wheeltec_robot_msg_s__rosidl_typesupport_c.cpython-310-aarch64-linux-gnu.so
[4.962s] -- Up-to-date symlink: /home/wheeltec/wheeltec_ros2/install/wheeltec_robot_msg/local/lib/python3.10/dist-packages/wheeltec_robot_msg/wheeltec_robot_msg_s__rosidl_typesupport_fastrtps_c.cpython-310-aarch64-linux-gnu.so
[4.962s] -- Up-to-date symlink: /home/wheeltec/wheeltec_ros2/install/wheeltec_robot_msg/local/lib/python3.10/dist-packages/wheeltec_robot_msg/wheeltec_robot_msg_s__rosidl_typesupport_introspection_c.cpython-310-aarch64-linux-gnu.so
[4.962s] -- Up-to-date symlink: /home/wheeltec/wheeltec_ros2/install/wheeltec_robot_msg/local/lib/python3.10/dist-packages/wheeltec_robot_msg/wheeltec_robot_msg_s__rosidl_typesupport_fastrtps_c.cpython-310-aarch64-linux-gnu.so
[4.962s] -- Up-to-date symlink: /home/wheeltec/wheeltec_ros2/install/wheeltec_robot_msg/local/lib/python3.10/dist-packages/wheeltec_robot_msg/wheeltec_robot_msg_s__rosidl_typesupport_introspection_c.cpython-310-aarch64-linux-gnu.so
[4.962s] -- Up-to-date symlink: /home/wheeltec/wheeltec_ros2/install/wheeltec_robot_msg/local/lib/python3.10/dist-packages/wheeltec_robot_msg/wheeltec_robot_msg_s__rosidl_typesupport_c.cpython-310-aarch64-linux-gnu.so
[4.963s] -- Up-to-date symlink: /home/wheeltec/wheeltec_ros2/install/wheeltec_robot_msg/share/wheeltec_robot_msg/msg/Data.idl
[4.963s] -- Up-to-date symlink: /home/wheeltec/wheeltec_ros2/install/wheeltec_robot_msg/share/wheeltec_robot_msg/msg/Supersonic.idl
[4.963s] -- Up-to-date symlink: /home/wheeltec/wheeltec_ros2/install/wheeltec_robot_msg/share/wheeltec_robot_msg/msg/Data.msg
[4.963s] -- Up-to-date symlink: /home/wheeltec/wheeltec_ros2/install/wheeltec_robot_msg/share/wheeltec_robot_msg/msg/Supersonic.msg
[4.963s] -- Up-to-date symlink: /home/wheeltec/wheeltec_ros2/install/wheeltec_robot_msg/share/ament_index/resource_index/package_run_dependencies/wheeltec_robot_msg
[4.963s] -- Up-to-date symlink: /home/wheeltec/wheeltec_ros2/install/wheeltec_robot_msg/share/ament_index/resource_index/parent_prefix_path/wheeltec_robot_msg
[4.963s] -- Up-to-date symlink: /home/wheeltec/wheeltec_ros2/install/wheeltec_robot_msg/share/wheeltec_robot_msg/environment/ament_prefix_path.sh
[4.963s] -- Up-to-date symlink: /home/wheeltec/wheeltec_ros2/install/wheeltec_robot_msg/share/wheeltec_robot_msg/environment/ament_prefix_path.dsv
[4.963s] -- Up-to-date symlink: /home/wheeltec/wheeltec_ros2/install/wheeltec_robot_msg/share/wheeltec_robot_msg/environment/path.sh
[4.963s] -- Up-to-date symlink: /home/wheeltec/wheeltec_ros2/install/wheeltec_robot_msg/share/wheeltec_robot_msg/environment/path.dsv
[4.963s] -- Up-to-date symlink: /home/wheeltec/wheeltec_ros2/install/wheeltec_robot_msg/share/wheeltec_robot_msg/local_setup.bash
[4.964s] -- Up-to-date symlink: /home/wheeltec/wheeltec_ros2/install/wheeltec_robot_msg/share/wheeltec_robot_msg/local_setup.sh
[4.964s] -- Up-to-date symlink: /home/wheeltec/wheeltec_ros2/install/wheeltec_robot_msg/share/wheeltec_robot_msg/local_setup.zsh
[4.964s] -- Up-to-date symlink: /home/wheeltec/wheeltec_ros2/install/wheeltec_robot_msg/share/wheeltec_robot_msg/local_setup.dsv
[4.964s] -- Symlinking: /home/wheeltec/wheeltec_ros2/install/wheeltec_robot_msg/share/wheeltec_robot_msg/package.dsv
[4.964s] -- Up-to-date symlink: /home/wheeltec/wheeltec_ros2/install/wheeltec_robot_msg/share/ament_index/resource_index/packages/wheeltec_robot_msg
[4.964s] -- Up-to-date symlink: /home/wheeltec/wheeltec_ros2/install/wheeltec_robot_msg/share/wheeltec_robot_msg/cmake/rosidl_cmake-extras.cmake
[4.964s] -- Up-to-date symlink: /home/wheeltec/wheeltec_ros2/install/wheeltec_robot_msg/share/wheeltec_robot_msg/cmake/ament_cmake_export_dependencies-extras.cmake
[4.964s] -- Up-to-date symlink: /home/wheeltec/wheeltec_ros2/install/wheeltec_robot_msg/share/wheeltec_robot_msg/cmake/ament_cmake_export_include_directories-extras.cmake
[4.964s] -- Up-to-date symlink: /home/wheeltec/wheeltec_ros2/install/wheeltec_robot_msg/share/wheeltec_robot_msg/cmake/ament_cmake_export_libraries-extras.cmake
[4.964s] -- Up-to-date symlink: /home/wheeltec/wheeltec_ros2/install/wheeltec_robot_msg/share/wheeltec_robot_msg/cmake/ament_cmake_export_targets-extras.cmake
[4.965s] -- Up-to-date symlink: /home/wheeltec/wheeltec_ros2/install/wheeltec_robot_msg/share/wheeltec_robot_msg/cmake/rosidl_cmake_export_typesupport_targets-extras.cmake
[4.965s] -- Up-to-date symlink: /home/wheeltec/wheeltec_ros2/install/wheeltec_robot_msg/share/wheeltec_robot_msg/cmake/rosidl_cmake_export_typesupport_libraries-extras.cmake
[4.965s] -- Up-to-date symlink: /home/wheeltec/wheeltec_ros2/install/wheeltec_robot_msg/share/wheeltec_robot_msg/cmake/wheeltec_robot_msgConfig.cmake
[4.965s] -- Up-to-date symlink: /home/wheeltec/wheeltec_ros2/install/wheeltec_robot_msg/share/wheeltec_robot_msg/cmake/wheeltec_robot_msgConfig-version.cmake
[4.965s] -- Up-to-date symlink: /home/wheeltec/wheeltec_ros2/install/wheeltec_robot_msg/share/wheeltec_robot_msg/package.xml
[4.965s] -- Up-to-date: /home/wheeltec/wheeltec_ros2/install/wheeltec_robot_msg/lib/libwheeltec_robot_msg__rosidl_generator_c.so
[4.965s] -- Up-to-date: /home/wheeltec/wheeltec_ros2/install/wheeltec_robot_msg/lib/libwheeltec_robot_msg__rosidl_typesupport_fastrtps_c.so
[4.965s] -- Up-to-date: /home/wheeltec/wheeltec_ros2/install/wheeltec_robot_msg/lib/libwheeltec_robot_msg__rosidl_typesupport_introspection_c.so
[4.965s] -- Up-to-date: /home/wheeltec/wheeltec_ros2/install/wheeltec_robot_msg/lib/libwheeltec_robot_msg__rosidl_typesupport_c.so
[4.965s] -- Up-to-date: /home/wheeltec/wheeltec_ros2/install/wheeltec_robot_msg/lib/libwheeltec_robot_msg__rosidl_typesupport_fastrtps_cpp.so
[4.965s] -- Up-to-date: /home/wheeltec/wheeltec_ros2/install/wheeltec_robot_msg/lib/libwheeltec_robot_msg__rosidl_typesupport_introspection_cpp.so
[4.966s] -- Up-to-date: /home/wheeltec/wheeltec_ros2/install/wheeltec_robot_msg/lib/libwheeltec_robot_msg__rosidl_typesupport_cpp.so
[4.966s] Listing '/home/wheeltec/wheeltec_ros2/install/wheeltec_robot_msg/local/lib/python3.10/dist-packages/wheeltec_robot_msg'...
[4.966s] Listing '/home/wheeltec/wheeltec_ros2/install/wheeltec_robot_msg/local/lib/python3.10/dist-packages/wheeltec_robot_msg/msg'...
[4.966s] -- Up-to-date: /home/wheeltec/wheeltec_ros2/install/wheeltec_robot_msg/lib/libwheeltec_robot_msg__rosidl_generator_py.so
[4.966s] -- Up-to-date: /home/wheeltec/wheeltec_ros2/install/wheeltec_robot_msg/share/wheeltec_robot_msg/cmake/export_wheeltec_robot_msg__rosidl_generator_cExport.cmake
[4.966s] -- Up-to-date: /home/wheeltec/wheeltec_ros2/install/wheeltec_robot_msg/share/wheeltec_robot_msg/cmake/export_wheeltec_robot_msg__rosidl_generator_cExport-noconfig.cmake
[4.966s] -- Up-to-date: /home/wheeltec/wheeltec_ros2/install/wheeltec_robot_msg/share/wheeltec_robot_msg/cmake/export_wheeltec_robot_msg__rosidl_typesupport_fastrtps_cExport.cmake
[4.966s] -- Up-to-date: /home/wheeltec/wheeltec_ros2/install/wheeltec_robot_msg/share/wheeltec_robot_msg/cmake/export_wheeltec_robot_msg__rosidl_typesupport_fastrtps_cExport-noconfig.cmake
[4.966s] -- Up-to-date: /home/wheeltec/wheeltec_ros2/install/wheeltec_robot_msg/share/wheeltec_robot_msg/cmake/wheeltec_robot_msg__rosidl_typesupport_introspection_cExport.cmake
[4.966s] -- Up-to-date: /home/wheeltec/wheeltec_ros2/install/wheeltec_robot_msg/share/wheeltec_robot_msg/cmake/wheeltec_robot_msg__rosidl_typesupport_introspection_cExport-noconfig.cmake
[4.966s] -- Up-to-date: /home/wheeltec/wheeltec_ros2/install/wheeltec_robot_msg/share/wheeltec_robot_msg/cmake/wheeltec_robot_msg__rosidl_typesupport_cExport.cmake
[4.967s] -- Up-to-date: /home/wheeltec/wheeltec_ros2/install/wheeltec_robot_msg/share/wheeltec_robot_msg/cmake/wheeltec_robot_msg__rosidl_typesupport_cExport-noconfig.cmake
[4.967s] -- Up-to-date: /home/wheeltec/wheeltec_ros2/install/wheeltec_robot_msg/share/wheeltec_robot_msg/cmake/export_wheeltec_robot_msg__rosidl_generator_cppExport.cmake
[4.967s] -- Up-to-date: /home/wheeltec/wheeltec_ros2/install/wheeltec_robot_msg/share/wheeltec_robot_msg/cmake/export_wheeltec_robot_msg__rosidl_typesupport_fastrtps_cppExport.cmake
[4.967s] -- Up-to-date: /home/wheeltec/wheeltec_ros2/install/wheeltec_robot_msg/share/wheeltec_robot_msg/cmake/export_wheeltec_robot_msg__rosidl_typesupport_fastrtps_cppExport-noconfig.cmake
[4.967s] -- Up-to-date: /home/wheeltec/wheeltec_ros2/install/wheeltec_robot_msg/share/wheeltec_robot_msg/cmake/wheeltec_robot_msg__rosidl_typesupport_introspection_cppExport.cmake
[4.967s] -- Up-to-date: /home/wheeltec/wheeltec_ros2/install/wheeltec_robot_msg/share/wheeltec_robot_msg/cmake/wheeltec_robot_msg__rosidl_typesupport_introspection_cppExport-noconfig.cmake
[4.967s] -- Up-to-date: /home/wheeltec/wheeltec_ros2/install/wheeltec_robot_msg/share/wheeltec_robot_msg/cmake/wheeltec_robot_msg__rosidl_typesupport_cppExport.cmake
[4.967s] -- Up-to-date: /home/wheeltec/wheeltec_ros2/install/wheeltec_robot_msg/share/wheeltec_robot_msg/cmake/wheeltec_robot_msg__rosidl_typesupport_cppExport-noconfig.cmake
[4.967s] -- Up-to-date: /home/wheeltec/wheeltec_ros2/install/wheeltec_robot_msg/share/wheeltec_robot_msg/cmake/export_wheeltec_robot_msg__rosidl_generator_pyExport.cmake
[4.967s] -- Up-to-date: /home/wheeltec/wheeltec_ros2/install/wheeltec_robot_msg/share/wheeltec_robot_msg/cmake/export_wheeltec_robot_msg__rosidl_generator_pyExport-noconfig.cmake
[5.008s] Invoked command in '/home/wheeltec/wheeltec_ros2/build/wheeltec_robot_msg' returned '0': CMAKE_PREFIX_PATH=${CMAKE_PREFIX_PATH}:/home/wheeltec/wheeltec_ros2/install/simple_follower_ros2:/home/wheeltec/wheeltec_ros2/install/wheeltec_robot_keyboard:/home/wheeltec/wheeltec_ros2/install/wheeltec_dual_rtk_driver:/home/wheeltec/wheeltec_ros2/install/ultralytics_ros2:/home/wheeltec/wheeltec_ros2/install/tf2_tools:/home/wheeltec/wheeltec_ros2/install/ollama_ros_chat:/home/wheeltec/wheeltec_ros2/install/nmea_navsat_driver:/home/wheeltec/wheeltec_ros2/install/nav2_waypoint_cycle:/home/wheeltec/wheeltec_ros2/install/nav2_simple_commander:/home/wheeltec/wheeltec_ros2/install/largemodel:/home/wheeltec/wheeltec_ros2/install/auto_recharge_ros2:/home/wheeltec/autoware/install/autoware_wheeltec_interface:/home/wheeltec/autoware/install/ad_api_visualizers:/opt/ros/humble /usr/bin/cmake --install /home/wheeltec/wheeltec_ros2/build/wheeltec_robot_msg
