gmake: Warning: File 'Makefile' has modification time 1766048249 s in the future
gmake[1]: Warning: File 'CMakeFiles/Makefile2' has modification time 1766048249 s in the future
gmake[2]: Warning: File 'CMakeFiles/bodyreader_msg__rosidl_generator_c.dir/flags.make' has modification time 1766048249 s in the future
gmake[2]: Warning: File 'CMakeFiles/bodyreader_msg__cpp.dir/progress.make' has modification time 1766048249 s in the future
gmake[2]: Warning: File 'CMakeFiles/ament_cmake_python_symlink_bodyreader_msg.dir/progress.make' has modification time 1766048249 s in the future
gmake[2]: warning:  Clock skew detected.  Your build may be incomplete.
gmake[2]: Warning: File 'CMakeFiles/bodyreader_msg__rosidl_generator_c.dir/flags.make' has modification time 1766048248 s in the future
gmake[2]: warning:  Clock skew detected.  Your build may be incomplete.
gmake[2]: warning:  Clock skew detected.  Your build may be incomplete.
gmake[2]: warning:  Clock skew detected.  Your build may be incomplete.
gmake[2]: Warning: File 'CMakeFiles/bodyreader_msg__cpp.dir/progress.make' has modification time 1766048248 s in the future
gmake[2]: warning:  Clock skew detected.  Your build may be incomplete.
gmake[2]: Warning: File 'CMakeFiles/ament_cmake_python_symlink_bodyreader_msg.dir/progress.make' has modification time 1766048248 s in the future
gmake[2]: warning:  Clock skew detected.  Your build may be incomplete.
gmake[2]: Warning: File 'CMakeFiles/bodyreader_msg__rosidl_typesupport_c.dir/flags.make' has modification time 1766048248 s in the future
gmake[2]: Warning: File 'CMakeFiles/bodyreader_msg__rosidl_typesupport_fastrtps_c.dir/flags.make' has modification time 1766048248 s in the future
gmake[2]: Warning: File 'CMakeFiles/bodyreader_msg__rosidl_typesupport_introspection_c.dir/flags.make' has modification time 1766048248 s in the future
gmake[2]: Warning: File 'CMakeFiles/bodyreader_msg__rosidl_typesupport_cpp.dir/flags.make' has modification time 1766048248 s in the future
gmake[2]: Warning: File 'CMakeFiles/bodyreader_msg__rosidl_typesupport_introspection_cpp.dir/flags.make' has modification time 1766048248 s in the future
gmake[2]: warning:  Clock skew detected.  Your build may be incomplete.
gmake[2]: warning:  Clock skew detected.  Your build may be incomplete.
gmake[2]: warning:  Clock skew detected.  Your build may be incomplete.
gmake[2]: Warning: File 'CMakeFiles/bodyreader_msg__rosidl_typesupport_c.dir/flags.make' has modification time 1766048247 s in the future
gmake[2]: warning:  Clock skew detected.  Your build may be incomplete.
gmake[2]: warning:  Clock skew detected.  Your build may be incomplete.
gmake[2]: Warning: File 'CMakeFiles/bodyreader_msg__rosidl_typesupport_introspection_c.dir/flags.make' has modification time 1766048247 s in the future
gmake[2]: Warning: File 'CMakeFiles/bodyreader_msg__rosidl_typesupport_fastrtps_c.dir/flags.make' has modification time 1766048247 s in the future
gmake[2]: warning:  Clock skew detected.  Your build may be incomplete.
gmake[2]: warning:  Clock skew detected.  Your build may be incomplete.
gmake[2]: Warning: File 'CMakeFiles/bodyreader_msg__rosidl_typesupport_cpp.dir/flags.make' has modification time 1766048247 s in the future
gmake[2]: warning:  Clock skew detected.  Your build may be incomplete.
gmake[2]: Warning: File 'CMakeFiles/bodyreader_msg__rosidl_typesupport_fastrtps_cpp.dir/flags.make' has modification time 1766048247 s in the future
gmake[2]: warning:  Clock skew detected.  Your build may be incomplete.
gmake[2]: Warning: File 'CMakeFiles/bodyreader_msg__rosidl_typesupport_introspection_cpp.dir/flags.make' has modification time 1766048247 s in the future
gmake[2]: warning:  Clock skew detected.  Your build may be incomplete.
gmake[2]: Warning: File 'CMakeFiles/ament_cmake_python_build_bodyreader_msg_egg.dir/progress.make' has modification time 1766048247 s in the future
gmake[2]: warning:  Clock skew detected.  Your build may be incomplete.
gmake[2]: Warning: File 'CMakeFiles/bodyreader_msg__rosidl_typesupport_fastrtps_cpp.dir/flags.make' has modification time 1766048247 s in the future
gmake[2]: warning:  Clock skew detected.  Your build may be incomplete.
gmake[2]: warning:  Clock skew detected.  Your build may be incomplete.
gmake[2]: Warning: File 'CMakeFiles/ament_cmake_python_build_bodyreader_msg_egg.dir/progress.make' has modification time 1766048247 s in the future
gmake[2]: Warning: File 'CMakeFiles/bodyreader_msg.dir/progress.make' has modification time 1766048246 s in the future
gmake[2]: warning:  Clock skew detected.  Your build may be incomplete.
gmake[2]: Warning: File 'CMakeFiles/bodyreader_msg.dir/progress.make' has modification time 1766048246 s in the future
gmake[2]: warning:  Clock skew detected.  Your build may be incomplete.
gmake[2]: Warning: File 'bodyreader_msg__py/CMakeFiles/bodyreader_msg__py.dir/progress.make' has modification time 1766048246 s in the future
gmake[2]: warning:  Clock skew detected.  Your build may be incomplete.
gmake[2]: Warning: File 'bodyreader_msg__py/CMakeFiles/bodyreader_msg__py.dir/progress.make' has modification time 1766048246 s in the future
gmake[2]: warning:  Clock skew detected.  Your build may be incomplete.
gmake[2]: Warning: File 'CMakeFiles/bodyreader_msg__rosidl_generator_py.dir/flags.make' has modification time 1766048245 s in the future
gmake[2]: warning:  Clock skew detected.  Your build may be incomplete.
gmake[2]: Warning: File 'CMakeFiles/bodyreader_msg__rosidl_generator_py.dir/flags.make' has modification time 1766048245 s in the future
gmake[2]: warning:  Clock skew detected.  Your build may be incomplete.
gmake[2]: Warning: File 'CMakeFiles/bodyreader_msg__rosidl_typesupport_introspection_c__pyext.dir/flags.make' has modification time 1766048245 s in the future
gmake[2]: Warning: File 'CMakeFiles/bodyreader_msg__rosidl_typesupport_c__pyext.dir/flags.make' has modification time 1766048245 s in the future
gmake[2]: Warning: File 'CMakeFiles/bodyreader_msg__rosidl_typesupport_fastrtps_c__pyext.dir/flags.make' has modification time 1766048245 s in the future
gmake[2]: warning:  Clock skew detected.  Your build may be incomplete.
gmake[2]: warning:  Clock skew detected.  Your build may be incomplete.
gmake[2]: Warning: File 'CMakeFiles/bodyreader_msg__rosidl_typesupport_introspection_c__pyext.dir/flags.make' has modification time 1766048244 s in the future
gmake[2]: warning:  Clock skew detected.  Your build may be incomplete.
gmake[2]: Warning: File 'CMakeFiles/bodyreader_msg__rosidl_typesupport_c__pyext.dir/flags.make' has modification time 1766048244 s in the future
gmake[2]: warning:  Clock skew detected.  Your build may be incomplete.
gmake[2]: warning:  Clock skew detected.  Your build may be incomplete.
gmake[2]: Warning: File 'CMakeFiles/bodyreader_msg__rosidl_typesupport_fastrtps_c__pyext.dir/flags.make' has modification time 1766048244 s in the future
gmake[2]: warning:  Clock skew detected.  Your build may be incomplete.
gmake[2]: warning:  Clock skew detected.  Your build may be incomplete.
gmake[1]: warning:  Clock skew detected.  Your build may be incomplete.
gmake: warning:  Clock skew detected.  Your build may be incomplete.
