[0.329s] Invoking command in '/home/wheeltec/wheeltec_ros2/build/bodyreader_msg': CMAKE_PREFIX_PATH=${CMAKE_PREFIX_PATH}:/home/wheeltec/wheeltec_ros2/install/simple_follower_ros2:/home/wheeltec/wheeltec_ros2/install/wheeltec_robot_keyboard:/home/wheeltec/wheeltec_ros2/install/wheeltec_dual_rtk_driver:/home/wheeltec/wheeltec_ros2/install/ultralytics_ros2:/home/wheeltec/wheeltec_ros2/install/tf2_tools:/home/wheeltec/wheeltec_ros2/install/ollama_ros_chat:/home/wheeltec/wheeltec_ros2/install/nmea_navsat_driver:/home/wheeltec/wheeltec_ros2/install/nav2_waypoint_cycle:/home/wheeltec/wheeltec_ros2/install/nav2_simple_commander:/home/wheeltec/wheeltec_ros2/install/largemodel:/home/wheeltec/wheeltec_ros2/install/auto_recharge_ros2:/home/wheeltec/autoware/install/autoware_wheeltec_interface:/home/wheeltec/autoware/install/autoware_multi_point:/home/wheeltec/autoware/install/ad_api_visualizers:/opt/ros/humble /usr/bin/cmake --build /home/wheeltec/wheeltec_ros2/build/bodyreader_msg -- -j6 -l6
[0.679s] gmake: Warning: File 'Makefile' has modification time 1766048249 s in the future
[1.157s] gmake[1]: Warning: File 'CMakeFiles/Makefile2' has modification time 1766048249 s in the future
[1.215s] gmake[2]: Warning: File 'CMakeFiles/bodyreader_msg__rosidl_generator_c.dir/flags.make' has modification time 1766048249 s in the future
[1.230s] gmake[2]: Warning: File 'CMakeFiles/bodyreader_msg__cpp.dir/progress.make' has modification time 1766048249 s in the future
[1.265s] gmake[2]: Warning: File 'CMakeFiles/ament_cmake_python_symlink_bodyreader_msg.dir/progress.make' has modification time 1766048249 s in the future
[1.472s] gmake[2]: warning:  Clock skew detected.  Your build may be incomplete.
[1.541s] gmake[2]: Warning: File 'CMakeFiles/bodyreader_msg__rosidl_generator_c.dir/flags.make' has modification time 1766048248 s in the future
[1.546s] gmake[2]: warning:  Clock skew detected.  Your build may be incomplete.
[1.561s] gmake[2]: warning:  Clock skew detected.  Your build may be incomplete.
[1.596s] gmake[2]: warning:  Clock skew detected.  Your build may be incomplete.
[1.607s] gmake[2]: Warning: File 'CMakeFiles/bodyreader_msg__cpp.dir/progress.make' has modification time 1766048248 s in the future
[1.629s] gmake[2]: warning:  Clock skew detected.  Your build may be incomplete.
[1.679s] gmake[2]: Warning: File 'CMakeFiles/ament_cmake_python_symlink_bodyreader_msg.dir/progress.make' has modification time 1766048248 s in the future
[1.928s] [ 11%] Built target bodyreader_msg__rosidl_generator_c
[2.014s] gmake[2]: warning:  Clock skew detected.  Your build may be incomplete.
[2.018s] gmake[2]: Warning: File 'CMakeFiles/bodyreader_msg__rosidl_typesupport_c.dir/flags.make' has modification time 1766048248 s in the future
[2.038s] [ 12%] Built target bodyreader_msg__cpp
[2.043s] gmake[2]: Warning: File 'CMakeFiles/bodyreader_msg__rosidl_typesupport_fastrtps_c.dir/flags.make' has modification time 1766048248 s in the future
[2.047s] gmake[2]: Warning: File 'CMakeFiles/bodyreader_msg__rosidl_typesupport_introspection_c.dir/flags.make' has modification time 1766048248 s in the future
[2.138s] gmake[2]: Warning: File 'CMakeFiles/bodyreader_msg__rosidl_typesupport_cpp.dir/flags.make' has modification time 1766048248 s in the future
[2.153s] gmake[2]: Warning: File 'CMakeFiles/bodyreader_msg__rosidl_typesupport_introspection_cpp.dir/flags.make' has modification time 1766048248 s in the future
[2.374s] gmake[2]: warning:  Clock skew detected.  Your build may be incomplete.
[2.399s] gmake[2]: warning:  Clock skew detected.  Your build may be incomplete.
[2.405s] gmake[2]: warning:  Clock skew detected.  Your build may be incomplete.
[2.444s] [ 12%] Built target ament_cmake_python_symlink_bodyreader_msg
[2.471s] gmake[2]: Warning: File 'CMakeFiles/bodyreader_msg__rosidl_typesupport_c.dir/flags.make' has modification time 1766048247 s in the future
[2.471s] gmake[2]: warning:  Clock skew detected.  Your build may be incomplete.
[2.471s] gmake[2]: warning:  Clock skew detected.  Your build may be incomplete.
[2.471s] gmake[2]: Warning: File 'CMakeFiles/bodyreader_msg__rosidl_typesupport_introspection_c.dir/flags.make' has modification time 1766048247 s in the future
[2.474s] gmake[2]: Warning: File 'CMakeFiles/bodyreader_msg__rosidl_typesupport_fastrtps_c.dir/flags.make' has modification time 1766048247 s in the future
[2.476s] gmake[2]: warning:  Clock skew detected.  Your build may be incomplete.
[2.478s] gmake[2]: warning:  Clock skew detected.  Your build may be incomplete.
[2.554s] gmake[2]: Warning: File 'CMakeFiles/bodyreader_msg__rosidl_typesupport_cpp.dir/flags.make' has modification time 1766048247 s in the future
[2.556s] gmake[2]: warning:  Clock skew detected.  Your build may be incomplete.
[2.619s] gmake[2]: Warning: File 'CMakeFiles/bodyreader_msg__rosidl_typesupport_fastrtps_cpp.dir/flags.make' has modification time 1766048247 s in the future
[2.630s] gmake[2]: warning:  Clock skew detected.  Your build may be incomplete.
[2.705s] gmake[2]: Warning: File 'CMakeFiles/bodyreader_msg__rosidl_typesupport_introspection_cpp.dir/flags.make' has modification time 1766048247 s in the future
[2.709s] gmake[2]: warning:  Clock skew detected.  Your build may be incomplete.
[2.857s] [ 24%] Built target bodyreader_msg__rosidl_typesupport_cpp
[2.880s] gmake[2]: Warning: File 'CMakeFiles/ament_cmake_python_build_bodyreader_msg_egg.dir/progress.make' has modification time 1766048247 s in the future
[2.926s] [ 35%] Built target bodyreader_msg__rosidl_typesupport_introspection_c
[2.963s] [ 47%] Built target bodyreader_msg__rosidl_typesupport_c
[2.976s] [ 58%] Built target bodyreader_msg__rosidl_typesupport_fastrtps_c
[3.059s] gmake[2]: warning:  Clock skew detected.  Your build may be incomplete.
[3.146s] [ 70%] Built target bodyreader_msg__rosidl_typesupport_introspection_cpp
[3.149s] gmake[2]: Warning: File 'CMakeFiles/bodyreader_msg__rosidl_typesupport_fastrtps_cpp.dir/flags.make' has modification time 1766048247 s in the future
[3.151s] gmake[2]: warning:  Clock skew detected.  Your build may be incomplete.
[3.212s] gmake[2]: warning:  Clock skew detected.  Your build may be incomplete.
[3.257s] gmake[2]: Warning: File 'CMakeFiles/ament_cmake_python_build_bodyreader_msg_egg.dir/progress.make' has modification time 1766048247 s in the future
[3.440s] [ 82%] Built target bodyreader_msg__rosidl_typesupport_fastrtps_cpp
[3.496s] gmake[2]: Warning: File 'CMakeFiles/bodyreader_msg.dir/progress.make' has modification time 1766048246 s in the future
[3.741s] gmake[2]: warning:  Clock skew detected.  Your build may be incomplete.
[3.765s] gmake[2]: Warning: File 'CMakeFiles/bodyreader_msg.dir/progress.make' has modification time 1766048246 s in the future
[3.773s] gmake[2]: warning:  Clock skew detected.  Your build may be incomplete.
[3.926s] [ 82%] Built target bodyreader_msg
[3.949s] gmake[2]: Warning: File 'bodyreader_msg__py/CMakeFiles/bodyreader_msg__py.dir/progress.make' has modification time 1766048246 s in the future
[4.096s] gmake[2]: warning:  Clock skew detected.  Your build may be incomplete.
[4.133s] gmake[2]: Warning: File 'bodyreader_msg__py/CMakeFiles/bodyreader_msg__py.dir/progress.make' has modification time 1766048246 s in the future
[4.134s] gmake[2]: warning:  Clock skew detected.  Your build may be incomplete.
[4.421s] [ 83%] Built target bodyreader_msg__py
[4.477s] gmake[2]: Warning: File 'CMakeFiles/bodyreader_msg__rosidl_generator_py.dir/flags.make' has modification time 1766048245 s in the future
[4.745s] gmake[2]: warning:  Clock skew detected.  Your build may be incomplete.
[4.810s] gmake[2]: Warning: File 'CMakeFiles/bodyreader_msg__rosidl_generator_py.dir/flags.make' has modification time 1766048245 s in the future
[4.812s] gmake[2]: warning:  Clock skew detected.  Your build may be incomplete.
[4.994s] [ 93%] Built target bodyreader_msg__rosidl_generator_py
[5.049s] gmake[2]: Warning: File 'CMakeFiles/bodyreader_msg__rosidl_typesupport_introspection_c__pyext.dir/flags.make' has modification time 1766048245 s in the future
[5.050s] gmake[2]: Warning: File 'CMakeFiles/bodyreader_msg__rosidl_typesupport_c__pyext.dir/flags.make' has modification time 1766048245 s in the future
[5.074s] gmake[2]: Warning: File 'CMakeFiles/bodyreader_msg__rosidl_typesupport_fastrtps_c__pyext.dir/flags.make' has modification time 1766048245 s in the future
[5.345s] gmake[2]: warning:  Clock skew detected.  Your build may be incomplete.
[5.408s] gmake[2]: warning:  Clock skew detected.  Your build may be incomplete.
[5.422s] gmake[2]: Warning: File 'CMakeFiles/bodyreader_msg__rosidl_typesupport_introspection_c__pyext.dir/flags.make' has modification time 1766048244 s in the future
[5.423s] gmake[2]: warning:  Clock skew detected.  Your build may be incomplete.
[5.459s] gmake[2]: Warning: File 'CMakeFiles/bodyreader_msg__rosidl_typesupport_c__pyext.dir/flags.make' has modification time 1766048244 s in the future
[5.461s] gmake[2]: warning:  Clock skew detected.  Your build may be incomplete.
[5.493s] gmake[2]: warning:  Clock skew detected.  Your build may be incomplete.
[5.546s] gmake[2]: Warning: File 'CMakeFiles/bodyreader_msg__rosidl_typesupport_fastrtps_c__pyext.dir/flags.make' has modification time 1766048244 s in the future
[5.548s] gmake[2]: warning:  Clock skew detected.  Your build may be incomplete.
[5.604s] running egg_info
[5.610s] writing bodyreader_msg.egg-info/PKG-INFO
[5.614s] writing dependency_links to bodyreader_msg.egg-info/dependency_links.txt
[5.624s] writing top-level names to bodyreader_msg.egg-info/top_level.txt
[5.661s] reading manifest file 'bodyreader_msg.egg-info/SOURCES.txt'
[5.707s] writing manifest file 'bodyreader_msg.egg-info/SOURCES.txt'
[5.786s] [ 95%] Built target bodyreader_msg__rosidl_typesupport_introspection_c__pyext
[5.815s] [ 97%] Built target bodyreader_msg__rosidl_typesupport_c__pyext
[5.827s] [100%] Built target bodyreader_msg__rosidl_typesupport_fastrtps_c__pyext
[5.840s] gmake[2]: warning:  Clock skew detected.  Your build may be incomplete.
[5.975s] [100%] Built target ament_cmake_python_build_bodyreader_msg_egg
[5.979s] gmake[1]: warning:  Clock skew detected.  Your build may be incomplete.
[6.070s] gmake: warning:  Clock skew detected.  Your build may be incomplete.
[7.147s] Invoked command in '/home/wheeltec/wheeltec_ros2/build/bodyreader_msg' returned '0': CMAKE_PREFIX_PATH=${CMAKE_PREFIX_PATH}:/home/wheeltec/wheeltec_ros2/install/simple_follower_ros2:/home/wheeltec/wheeltec_ros2/install/wheeltec_robot_keyboard:/home/wheeltec/wheeltec_ros2/install/wheeltec_dual_rtk_driver:/home/wheeltec/wheeltec_ros2/install/ultralytics_ros2:/home/wheeltec/wheeltec_ros2/install/tf2_tools:/home/wheeltec/wheeltec_ros2/install/ollama_ros_chat:/home/wheeltec/wheeltec_ros2/install/nmea_navsat_driver:/home/wheeltec/wheeltec_ros2/install/nav2_waypoint_cycle:/home/wheeltec/wheeltec_ros2/install/nav2_simple_commander:/home/wheeltec/wheeltec_ros2/install/largemodel:/home/wheeltec/wheeltec_ros2/install/auto_recharge_ros2:/home/wheeltec/autoware/install/autoware_wheeltec_interface:/home/wheeltec/autoware/install/autoware_multi_point:/home/wheeltec/autoware/install/ad_api_visualizers:/opt/ros/humble /usr/bin/cmake --build /home/wheeltec/wheeltec_ros2/build/bodyreader_msg -- -j6 -l6
[7.150s] Invoking command in '/home/wheeltec/wheeltec_ros2/build/bodyreader_msg': CMAKE_PREFIX_PATH=${CMAKE_PREFIX_PATH}:/home/wheeltec/wheeltec_ros2/install/simple_follower_ros2:/home/wheeltec/wheeltec_ros2/install/wheeltec_robot_keyboard:/home/wheeltec/wheeltec_ros2/install/wheeltec_dual_rtk_driver:/home/wheeltec/wheeltec_ros2/install/ultralytics_ros2:/home/wheeltec/wheeltec_ros2/install/tf2_tools:/home/wheeltec/wheeltec_ros2/install/ollama_ros_chat:/home/wheeltec/wheeltec_ros2/install/nmea_navsat_driver:/home/wheeltec/wheeltec_ros2/install/nav2_waypoint_cycle:/home/wheeltec/wheeltec_ros2/install/nav2_simple_commander:/home/wheeltec/wheeltec_ros2/install/largemodel:/home/wheeltec/wheeltec_ros2/install/auto_recharge_ros2:/home/wheeltec/autoware/install/autoware_wheeltec_interface:/home/wheeltec/autoware/install/autoware_multi_point:/home/wheeltec/autoware/install/ad_api_visualizers:/opt/ros/humble /usr/bin/cmake --install /home/wheeltec/wheeltec_ros2/build/bodyreader_msg
[7.249s] -- Install configuration: ""
[7.249s] -- Execute custom install script
[7.250s] -- Up-to-date symlink: /home/wheeltec/wheeltec_ros2/install/bodyreader_msg/share/ament_index/resource_index/rosidl_interfaces/bodyreader_msg
[7.250s] -- Up-to-date symlink: /home/wheeltec/wheeltec_ros2/install/bodyreader_msg/include/bodyreader_msg/bodyreader_msg/msg/body.h
[7.253s] -- Up-to-date symlink: /home/wheeltec/wheeltec_ros2/install/bodyreader_msg/include/bodyreader_msg/bodyreader_msg/msg/bodylist.h
[7.255s] -- Up-to-date symlink: /home/wheeltec/wheeltec_ros2/install/bodyreader_msg/include/bodyreader_msg/bodyreader_msg/msg/bodyposture.h
[7.255s] -- Up-to-date symlink: /home/wheeltec/wheeltec_ros2/install/bodyreader_msg/include/bodyreader_msg/bodyreader_msg/msg/detail/body__functions.h
[7.255s] -- Up-to-date symlink: /home/wheeltec/wheeltec_ros2/install/bodyreader_msg/include/bodyreader_msg/bodyreader_msg/msg/detail/body__struct.h
[7.255s] -- Up-to-date symlink: /home/wheeltec/wheeltec_ros2/install/bodyreader_msg/include/bodyreader_msg/bodyreader_msg/msg/detail/body__type_support.h
[7.255s] -- Up-to-date symlink: /home/wheeltec/wheeltec_ros2/install/bodyreader_msg/include/bodyreader_msg/bodyreader_msg/msg/detail/bodylist__functions.h
[7.256s] -- Up-to-date symlink: /home/wheeltec/wheeltec_ros2/install/bodyreader_msg/include/bodyreader_msg/bodyreader_msg/msg/detail/bodylist__struct.h
[7.256s] -- Up-to-date symlink: /home/wheeltec/wheeltec_ros2/install/bodyreader_msg/include/bodyreader_msg/bodyreader_msg/msg/detail/bodylist__type_support.h
[7.256s] -- Up-to-date symlink: /home/wheeltec/wheeltec_ros2/install/bodyreader_msg/include/bodyreader_msg/bodyreader_msg/msg/detail/bodyposture__functions.h
[7.256s] -- Up-to-date symlink: /home/wheeltec/wheeltec_ros2/install/bodyreader_msg/include/bodyreader_msg/bodyreader_msg/msg/detail/bodyposture__struct.h
[7.256s] -- Up-to-date symlink: /home/wheeltec/wheeltec_ros2/install/bodyreader_msg/include/bodyreader_msg/bodyreader_msg/msg/detail/bodyposture__type_support.h
[7.256s] -- Up-to-date symlink: /home/wheeltec/wheeltec_ros2/install/bodyreader_msg/include/bodyreader_msg/bodyreader_msg/msg/detail/joint__functions.h
[7.257s] -- Up-to-date symlink: /home/wheeltec/wheeltec_ros2/install/bodyreader_msg/include/bodyreader_msg/bodyreader_msg/msg/detail/joint__struct.h
[7.257s] -- Up-to-date symlink: /home/wheeltec/wheeltec_ros2/install/bodyreader_msg/include/bodyreader_msg/bodyreader_msg/msg/detail/joint__type_support.h
[7.257s] -- Up-to-date symlink: /home/wheeltec/wheeltec_ros2/install/bodyreader_msg/include/bodyreader_msg/bodyreader_msg/msg/detail/lockedcharrgb__functions.h
[7.257s] -- Up-to-date symlink: /home/wheeltec/wheeltec_ros2/install/bodyreader_msg/include/bodyreader_msg/bodyreader_msg/msg/detail/lockedcharrgb__struct.h
[7.257s] -- Up-to-date symlink: /home/wheeltec/wheeltec_ros2/install/bodyreader_msg/include/bodyreader_msg/bodyreader_msg/msg/detail/lockedcharrgb__type_support.h
[7.257s] -- Up-to-date symlink: /home/wheeltec/wheeltec_ros2/install/bodyreader_msg/include/bodyreader_msg/bodyreader_msg/msg/detail/lockedmaskwh__functions.h
[7.258s] -- Up-to-date symlink: /home/wheeltec/wheeltec_ros2/install/bodyreader_msg/include/bodyreader_msg/bodyreader_msg/msg/detail/lockedmaskwh__struct.h
[7.258s] -- Up-to-date symlink: /home/wheeltec/wheeltec_ros2/install/bodyreader_msg/include/bodyreader_msg/bodyreader_msg/msg/detail/lockedmaskwh__type_support.h
[7.258s] -- Up-to-date symlink: /home/wheeltec/wheeltec_ros2/install/bodyreader_msg/include/bodyreader_msg/bodyreader_msg/msg/detail/maskdata__functions.h
[7.259s] -- Up-to-date symlink: /home/wheeltec/wheeltec_ros2/install/bodyreader_msg/include/bodyreader_msg/bodyreader_msg/msg/detail/maskdata__struct.h
[7.259s] -- Up-to-date symlink: /home/wheeltec/wheeltec_ros2/install/bodyreader_msg/include/bodyreader_msg/bodyreader_msg/msg/detail/maskdata__type_support.h
[7.259s] -- Up-to-date symlink: /home/wheeltec/wheeltec_ros2/install/bodyreader_msg/include/bodyreader_msg/bodyreader_msg/msg/detail/vector2f__functions.h
[7.261s] -- Up-to-date symlink: /home/wheeltec/wheeltec_ros2/install/bodyreader_msg/include/bodyreader_msg/bodyreader_msg/msg/detail/vector2f__struct.h
[7.262s] -- Up-to-date symlink: /home/wheeltec/wheeltec_ros2/install/bodyreader_msg/include/bodyreader_msg/bodyreader_msg/msg/detail/vector2f__type_support.h
[7.262s] -- Up-to-date symlink: /home/wheeltec/wheeltec_ros2/install/bodyreader_msg/include/bodyreader_msg/bodyreader_msg/msg/detail/vector3f__functions.h
[7.263s] -- Up-to-date symlink: /home/wheeltec/wheeltec_ros2/install/bodyreader_msg/include/bodyreader_msg/bodyreader_msg/msg/detail/vector3f__struct.h
[7.279s] -- Up-to-date symlink: /home/wheeltec/wheeltec_ros2/install/bodyreader_msg/include/bodyreader_msg/bodyreader_msg/msg/detail/vector3f__type_support.h
[7.280s] -- Up-to-date symlink: /home/wheeltec/wheeltec_ros2/install/bodyreader_msg/include/bodyreader_msg/bodyreader_msg/msg/joint.h
[7.280s] -- Up-to-date symlink: /home/wheeltec/wheeltec_ros2/install/bodyreader_msg/include/bodyreader_msg/bodyreader_msg/msg/lockedcharrgb.h
[7.280s] -- Up-to-date symlink: /home/wheeltec/wheeltec_ros2/install/bodyreader_msg/include/bodyreader_msg/bodyreader_msg/msg/lockedmaskwh.h
[7.280s] -- Up-to-date symlink: /home/wheeltec/wheeltec_ros2/install/bodyreader_msg/include/bodyreader_msg/bodyreader_msg/msg/maskdata.h
[7.280s] -- Up-to-date symlink: /home/wheeltec/wheeltec_ros2/install/bodyreader_msg/include/bodyreader_msg/bodyreader_msg/msg/rosidl_generator_c__visibility_control.h
[7.280s] -- Up-to-date symlink: /home/wheeltec/wheeltec_ros2/install/bodyreader_msg/include/bodyreader_msg/bodyreader_msg/msg/vector2f.h
[7.281s] -- Up-to-date symlink: /home/wheeltec/wheeltec_ros2/install/bodyreader_msg/include/bodyreader_msg/bodyreader_msg/msg/vector3f.h
[7.281s] -- Up-to-date symlink: /home/wheeltec/wheeltec_ros2/install/bodyreader_msg/share/bodyreader_msg/environment/library_path.sh
[7.282s] -- Up-to-date symlink: /home/wheeltec/wheeltec_ros2/install/bodyreader_msg/share/bodyreader_msg/environment/library_path.dsv
[7.282s] -- Up-to-date symlink: /home/wheeltec/wheeltec_ros2/install/bodyreader_msg/include/bodyreader_msg/bodyreader_msg/msg/detail/body__rosidl_typesupport_fastrtps_c.h
[7.282s] -- Up-to-date symlink: /home/wheeltec/wheeltec_ros2/install/bodyreader_msg/include/bodyreader_msg/bodyreader_msg/msg/detail/bodylist__rosidl_typesupport_fastrtps_c.h
[7.282s] -- Up-to-date symlink: /home/wheeltec/wheeltec_ros2/install/bodyreader_msg/include/bodyreader_msg/bodyreader_msg/msg/detail/bodyposture__rosidl_typesupport_fastrtps_c.h
[7.282s] -- Up-to-date symlink: /home/wheeltec/wheeltec_ros2/install/bodyreader_msg/include/bodyreader_msg/bodyreader_msg/msg/detail/joint__rosidl_typesupport_fastrtps_c.h
[7.282s] -- Up-to-date symlink: /home/wheeltec/wheeltec_ros2/install/bodyreader_msg/include/bodyreader_msg/bodyreader_msg/msg/detail/lockedcharrgb__rosidl_typesupport_fastrtps_c.h
[7.282s] -- Up-to-date symlink: /home/wheeltec/wheeltec_ros2/install/bodyreader_msg/include/bodyreader_msg/bodyreader_msg/msg/detail/lockedmaskwh__rosidl_typesupport_fastrtps_c.h
[7.282s] -- Up-to-date symlink: /home/wheeltec/wheeltec_ros2/install/bodyreader_msg/include/bodyreader_msg/bodyreader_msg/msg/detail/maskdata__rosidl_typesupport_fastrtps_c.h
[7.283s] -- Up-to-date symlink: /home/wheeltec/wheeltec_ros2/install/bodyreader_msg/include/bodyreader_msg/bodyreader_msg/msg/detail/vector2f__rosidl_typesupport_fastrtps_c.h
[7.283s] -- Up-to-date symlink: /home/wheeltec/wheeltec_ros2/install/bodyreader_msg/include/bodyreader_msg/bodyreader_msg/msg/detail/vector3f__rosidl_typesupport_fastrtps_c.h
[7.283s] -- Up-to-date symlink: /home/wheeltec/wheeltec_ros2/install/bodyreader_msg/include/bodyreader_msg/bodyreader_msg/msg/rosidl_typesupport_fastrtps_c__visibility_control.h
[7.284s] -- Up-to-date symlink: /home/wheeltec/wheeltec_ros2/install/bodyreader_msg/include/bodyreader_msg/bodyreader_msg/msg/body.hpp
[7.285s] -- Up-to-date symlink: /home/wheeltec/wheeltec_ros2/install/bodyreader_msg/include/bodyreader_msg/bodyreader_msg/msg/bodylist.hpp
[7.285s] -- Up-to-date symlink: /home/wheeltec/wheeltec_ros2/install/bodyreader_msg/include/bodyreader_msg/bodyreader_msg/msg/bodyposture.hpp
[7.285s] -- Up-to-date symlink: /home/wheeltec/wheeltec_ros2/install/bodyreader_msg/include/bodyreader_msg/bodyreader_msg/msg/detail/body__builder.hpp
[7.291s] -- Up-to-date symlink: /home/wheeltec/wheeltec_ros2/install/bodyreader_msg/include/bodyreader_msg/bodyreader_msg/msg/detail/body__struct.hpp
[7.294s] -- Up-to-date symlink: /home/wheeltec/wheeltec_ros2/install/bodyreader_msg/include/bodyreader_msg/bodyreader_msg/msg/detail/body__traits.hpp
[7.295s] -- Up-to-date symlink: /home/wheeltec/wheeltec_ros2/install/bodyreader_msg/include/bodyreader_msg/bodyreader_msg/msg/detail/body__type_support.hpp
[7.297s] -- Up-to-date symlink: /home/wheeltec/wheeltec_ros2/install/bodyreader_msg/include/bodyreader_msg/bodyreader_msg/msg/detail/bodylist__builder.hpp
[7.300s] -- Up-to-date symlink: /home/wheeltec/wheeltec_ros2/install/bodyreader_msg/include/bodyreader_msg/bodyreader_msg/msg/detail/bodylist__struct.hpp
[7.302s] -- Up-to-date symlink: /home/wheeltec/wheeltec_ros2/install/bodyreader_msg/include/bodyreader_msg/bodyreader_msg/msg/detail/bodylist__traits.hpp
[7.302s] -- Up-to-date symlink: /home/wheeltec/wheeltec_ros2/install/bodyreader_msg/include/bodyreader_msg/bodyreader_msg/msg/detail/bodylist__type_support.hpp
[7.304s] -- Up-to-date symlink: /home/wheeltec/wheeltec_ros2/install/bodyreader_msg/include/bodyreader_msg/bodyreader_msg/msg/detail/bodyposture__builder.hpp
[7.304s] -- Up-to-date symlink: /home/wheeltec/wheeltec_ros2/install/bodyreader_msg/include/bodyreader_msg/bodyreader_msg/msg/detail/bodyposture__struct.hpp
[7.304s] -- Up-to-date symlink: /home/wheeltec/wheeltec_ros2/install/bodyreader_msg/include/bodyreader_msg/bodyreader_msg/msg/detail/bodyposture__traits.hpp
[7.304s] -- Up-to-date symlink: /home/wheeltec/wheeltec_ros2/install/bodyreader_msg/include/bodyreader_msg/bodyreader_msg/msg/detail/bodyposture__type_support.hpp
[7.304s] -- Up-to-date symlink: /home/wheeltec/wheeltec_ros2/install/bodyreader_msg/include/bodyreader_msg/bodyreader_msg/msg/detail/joint__builder.hpp
[7.304s] -- Up-to-date symlink: /home/wheeltec/wheeltec_ros2/install/bodyreader_msg/include/bodyreader_msg/bodyreader_msg/msg/detail/joint__struct.hpp
[7.305s] -- Up-to-date symlink: /home/wheeltec/wheeltec_ros2/install/bodyreader_msg/include/bodyreader_msg/bodyreader_msg/msg/detail/joint__traits.hpp
[7.305s] -- Up-to-date symlink: /home/wheeltec/wheeltec_ros2/install/bodyreader_msg/include/bodyreader_msg/bodyreader_msg/msg/detail/joint__type_support.hpp
[7.305s] -- Up-to-date symlink: /home/wheeltec/wheeltec_ros2/install/bodyreader_msg/include/bodyreader_msg/bodyreader_msg/msg/detail/lockedcharrgb__builder.hpp
[7.305s] -- Up-to-date symlink: /home/wheeltec/wheeltec_ros2/install/bodyreader_msg/include/bodyreader_msg/bodyreader_msg/msg/detail/lockedcharrgb__struct.hpp
[7.305s] -- Up-to-date symlink: /home/wheeltec/wheeltec_ros2/install/bodyreader_msg/include/bodyreader_msg/bodyreader_msg/msg/detail/lockedcharrgb__traits.hpp
[7.305s] -- Up-to-date symlink: /home/wheeltec/wheeltec_ros2/install/bodyreader_msg/include/bodyreader_msg/bodyreader_msg/msg/detail/lockedcharrgb__type_support.hpp
[7.305s] -- Up-to-date symlink: /home/wheeltec/wheeltec_ros2/install/bodyreader_msg/include/bodyreader_msg/bodyreader_msg/msg/detail/lockedmaskwh__builder.hpp
[7.305s] -- Up-to-date symlink: /home/wheeltec/wheeltec_ros2/install/bodyreader_msg/include/bodyreader_msg/bodyreader_msg/msg/detail/lockedmaskwh__struct.hpp
[7.306s] -- Up-to-date symlink: /home/wheeltec/wheeltec_ros2/install/bodyreader_msg/include/bodyreader_msg/bodyreader_msg/msg/detail/lockedmaskwh__traits.hpp
[7.306s] -- Up-to-date symlink: /home/wheeltec/wheeltec_ros2/install/bodyreader_msg/include/bodyreader_msg/bodyreader_msg/msg/detail/lockedmaskwh__type_support.hpp
[7.306s] -- Up-to-date symlink: /home/wheeltec/wheeltec_ros2/install/bodyreader_msg/include/bodyreader_msg/bodyreader_msg/msg/detail/maskdata__builder.hpp
[7.306s] -- Up-to-date symlink: /home/wheeltec/wheeltec_ros2/install/bodyreader_msg/include/bodyreader_msg/bodyreader_msg/msg/detail/maskdata__struct.hpp
[7.306s] -- Up-to-date symlink: /home/wheeltec/wheeltec_ros2/install/bodyreader_msg/include/bodyreader_msg/bodyreader_msg/msg/detail/maskdata__traits.hpp
[7.306s] -- Up-to-date symlink: /home/wheeltec/wheeltec_ros2/install/bodyreader_msg/include/bodyreader_msg/bodyreader_msg/msg/detail/maskdata__type_support.hpp
[7.306s] -- Up-to-date symlink: /home/wheeltec/wheeltec_ros2/install/bodyreader_msg/include/bodyreader_msg/bodyreader_msg/msg/detail/vector2f__builder.hpp
[7.306s] -- Up-to-date symlink: /home/wheeltec/wheeltec_ros2/install/bodyreader_msg/include/bodyreader_msg/bodyreader_msg/msg/detail/vector2f__struct.hpp
[7.306s] -- Up-to-date symlink: /home/wheeltec/wheeltec_ros2/install/bodyreader_msg/include/bodyreader_msg/bodyreader_msg/msg/detail/vector2f__traits.hpp
[7.307s] -- Up-to-date symlink: /home/wheeltec/wheeltec_ros2/install/bodyreader_msg/include/bodyreader_msg/bodyreader_msg/msg/detail/vector2f__type_support.hpp
[7.307s] -- Up-to-date symlink: /home/wheeltec/wheeltec_ros2/install/bodyreader_msg/include/bodyreader_msg/bodyreader_msg/msg/detail/vector3f__builder.hpp
[7.307s] -- Up-to-date symlink: /home/wheeltec/wheeltec_ros2/install/bodyreader_msg/include/bodyreader_msg/bodyreader_msg/msg/detail/vector3f__struct.hpp
[7.307s] -- Up-to-date symlink: /home/wheeltec/wheeltec_ros2/install/bodyreader_msg/include/bodyreader_msg/bodyreader_msg/msg/detail/vector3f__traits.hpp
[7.307s] -- Up-to-date symlink: /home/wheeltec/wheeltec_ros2/install/bodyreader_msg/include/bodyreader_msg/bodyreader_msg/msg/detail/vector3f__type_support.hpp
[7.307s] -- Up-to-date symlink: /home/wheeltec/wheeltec_ros2/install/bodyreader_msg/include/bodyreader_msg/bodyreader_msg/msg/joint.hpp
[7.307s] -- Up-to-date symlink: /home/wheeltec/wheeltec_ros2/install/bodyreader_msg/include/bodyreader_msg/bodyreader_msg/msg/lockedcharrgb.hpp
[7.307s] -- Up-to-date symlink: /home/wheeltec/wheeltec_ros2/install/bodyreader_msg/include/bodyreader_msg/bodyreader_msg/msg/lockedmaskwh.hpp
[7.307s] -- Up-to-date symlink: /home/wheeltec/wheeltec_ros2/install/bodyreader_msg/include/bodyreader_msg/bodyreader_msg/msg/maskdata.hpp
[7.308s] -- Up-to-date symlink: /home/wheeltec/wheeltec_ros2/install/bodyreader_msg/include/bodyreader_msg/bodyreader_msg/msg/rosidl_generator_cpp__visibility_control.hpp
[7.308s] -- Up-to-date symlink: /home/wheeltec/wheeltec_ros2/install/bodyreader_msg/include/bodyreader_msg/bodyreader_msg/msg/vector2f.hpp
[7.308s] -- Up-to-date symlink: /home/wheeltec/wheeltec_ros2/install/bodyreader_msg/include/bodyreader_msg/bodyreader_msg/msg/vector3f.hpp
[7.308s] -- Up-to-date symlink: /home/wheeltec/wheeltec_ros2/install/bodyreader_msg/include/bodyreader_msg/bodyreader_msg/msg/detail/body__rosidl_typesupport_fastrtps_cpp.hpp
[7.308s] -- Up-to-date symlink: /home/wheeltec/wheeltec_ros2/install/bodyreader_msg/include/bodyreader_msg/bodyreader_msg/msg/detail/bodylist__rosidl_typesupport_fastrtps_cpp.hpp
[7.308s] -- Up-to-date symlink: /home/wheeltec/wheeltec_ros2/install/bodyreader_msg/include/bodyreader_msg/bodyreader_msg/msg/detail/bodyposture__rosidl_typesupport_fastrtps_cpp.hpp
[7.308s] -- Up-to-date symlink: /home/wheeltec/wheeltec_ros2/install/bodyreader_msg/include/bodyreader_msg/bodyreader_msg/msg/detail/joint__rosidl_typesupport_fastrtps_cpp.hpp
[7.308s] -- Up-to-date symlink: /home/wheeltec/wheeltec_ros2/install/bodyreader_msg/include/bodyreader_msg/bodyreader_msg/msg/detail/lockedcharrgb__rosidl_typesupport_fastrtps_cpp.hpp
[7.309s] -- Up-to-date symlink: /home/wheeltec/wheeltec_ros2/install/bodyreader_msg/include/bodyreader_msg/bodyreader_msg/msg/detail/lockedmaskwh__rosidl_typesupport_fastrtps_cpp.hpp
[7.309s] -- Up-to-date symlink: /home/wheeltec/wheeltec_ros2/install/bodyreader_msg/include/bodyreader_msg/bodyreader_msg/msg/detail/maskdata__rosidl_typesupport_fastrtps_cpp.hpp
[7.309s] -- Up-to-date symlink: /home/wheeltec/wheeltec_ros2/install/bodyreader_msg/include/bodyreader_msg/bodyreader_msg/msg/detail/vector2f__rosidl_typesupport_fastrtps_cpp.hpp
[7.309s] -- Up-to-date symlink: /home/wheeltec/wheeltec_ros2/install/bodyreader_msg/include/bodyreader_msg/bodyreader_msg/msg/detail/vector3f__rosidl_typesupport_fastrtps_cpp.hpp
[7.309s] -- Up-to-date symlink: /home/wheeltec/wheeltec_ros2/install/bodyreader_msg/include/bodyreader_msg/bodyreader_msg/msg/rosidl_typesupport_fastrtps_cpp__visibility_control.h
[7.309s] -- Up-to-date symlink: /home/wheeltec/wheeltec_ros2/install/bodyreader_msg/include/bodyreader_msg/bodyreader_msg/msg/detail/body__rosidl_typesupport_introspection_c.h
[7.309s] -- Up-to-date symlink: /home/wheeltec/wheeltec_ros2/install/bodyreader_msg/include/bodyreader_msg/bodyreader_msg/msg/detail/bodylist__rosidl_typesupport_introspection_c.h
[7.309s] -- Up-to-date symlink: /home/wheeltec/wheeltec_ros2/install/bodyreader_msg/include/bodyreader_msg/bodyreader_msg/msg/detail/bodyposture__rosidl_typesupport_introspection_c.h
[7.310s] -- Up-to-date symlink: /home/wheeltec/wheeltec_ros2/install/bodyreader_msg/include/bodyreader_msg/bodyreader_msg/msg/detail/joint__rosidl_typesupport_introspection_c.h
[7.310s] -- Up-to-date symlink: /home/wheeltec/wheeltec_ros2/install/bodyreader_msg/include/bodyreader_msg/bodyreader_msg/msg/detail/lockedcharrgb__rosidl_typesupport_introspection_c.h
[7.310s] -- Up-to-date symlink: /home/wheeltec/wheeltec_ros2/install/bodyreader_msg/include/bodyreader_msg/bodyreader_msg/msg/detail/lockedmaskwh__rosidl_typesupport_introspection_c.h
[7.310s] -- Up-to-date symlink: /home/wheeltec/wheeltec_ros2/install/bodyreader_msg/include/bodyreader_msg/bodyreader_msg/msg/detail/maskdata__rosidl_typesupport_introspection_c.h
[7.310s] -- Up-to-date symlink: /home/wheeltec/wheeltec_ros2/install/bodyreader_msg/include/bodyreader_msg/bodyreader_msg/msg/detail/vector2f__rosidl_typesupport_introspection_c.h
[7.310s] -- Up-to-date symlink: /home/wheeltec/wheeltec_ros2/install/bodyreader_msg/include/bodyreader_msg/bodyreader_msg/msg/detail/vector3f__rosidl_typesupport_introspection_c.h
[7.310s] -- Up-to-date symlink: /home/wheeltec/wheeltec_ros2/install/bodyreader_msg/include/bodyreader_msg/bodyreader_msg/msg/rosidl_typesupport_introspection_c__visibility_control.h
[7.310s] -- Up-to-date symlink: /home/wheeltec/wheeltec_ros2/install/bodyreader_msg/include/bodyreader_msg/bodyreader_msg/msg/detail/body__rosidl_typesupport_introspection_cpp.hpp
[7.310s] -- Up-to-date symlink: /home/wheeltec/wheeltec_ros2/install/bodyreader_msg/include/bodyreader_msg/bodyreader_msg/msg/detail/bodylist__rosidl_typesupport_introspection_cpp.hpp
[7.311s] -- Up-to-date symlink: /home/wheeltec/wheeltec_ros2/install/bodyreader_msg/include/bodyreader_msg/bodyreader_msg/msg/detail/bodyposture__rosidl_typesupport_introspection_cpp.hpp
[7.311s] -- Up-to-date symlink: /home/wheeltec/wheeltec_ros2/install/bodyreader_msg/include/bodyreader_msg/bodyreader_msg/msg/detail/joint__rosidl_typesupport_introspection_cpp.hpp
[7.311s] -- Up-to-date symlink: /home/wheeltec/wheeltec_ros2/install/bodyreader_msg/include/bodyreader_msg/bodyreader_msg/msg/detail/lockedcharrgb__rosidl_typesupport_introspection_cpp.hpp
[7.311s] -- Up-to-date symlink: /home/wheeltec/wheeltec_ros2/install/bodyreader_msg/include/bodyreader_msg/bodyreader_msg/msg/detail/lockedmaskwh__rosidl_typesupport_introspection_cpp.hpp
[7.311s] -- Up-to-date symlink: /home/wheeltec/wheeltec_ros2/install/bodyreader_msg/include/bodyreader_msg/bodyreader_msg/msg/detail/maskdata__rosidl_typesupport_introspection_cpp.hpp
[7.311s] -- Up-to-date symlink: /home/wheeltec/wheeltec_ros2/install/bodyreader_msg/include/bodyreader_msg/bodyreader_msg/msg/detail/vector2f__rosidl_typesupport_introspection_cpp.hpp
[7.311s] -- Up-to-date symlink: /home/wheeltec/wheeltec_ros2/install/bodyreader_msg/include/bodyreader_msg/bodyreader_msg/msg/detail/vector3f__rosidl_typesupport_introspection_cpp.hpp
[7.311s] -- Up-to-date symlink: /home/wheeltec/wheeltec_ros2/install/bodyreader_msg/share/bodyreader_msg/environment/pythonpath.sh
[7.311s] -- Up-to-date symlink: /home/wheeltec/wheeltec_ros2/install/bodyreader_msg/share/bodyreader_msg/environment/pythonpath.dsv
[7.312s] -- Up-to-date symlink: /home/wheeltec/wheeltec_ros2/install/bodyreader_msg/local/lib/python3.10/dist-packages/bodyreader_msg-0.0.0-py3.10.egg-info/PKG-INFO
[7.312s] -- Up-to-date symlink: /home/wheeltec/wheeltec_ros2/install/bodyreader_msg/local/lib/python3.10/dist-packages/bodyreader_msg-0.0.0-py3.10.egg-info/SOURCES.txt
[7.312s] -- Up-to-date symlink: /home/wheeltec/wheeltec_ros2/install/bodyreader_msg/local/lib/python3.10/dist-packages/bodyreader_msg-0.0.0-py3.10.egg-info/dependency_links.txt
[7.312s] -- Up-to-date symlink: /home/wheeltec/wheeltec_ros2/install/bodyreader_msg/local/lib/python3.10/dist-packages/bodyreader_msg-0.0.0-py3.10.egg-info/top_level.txt
[7.323s] -- Up-to-date symlink: /home/wheeltec/wheeltec_ros2/install/bodyreader_msg/local/lib/python3.10/dist-packages/bodyreader_msg/__init__.py
[7.330s] -- Up-to-date symlink: /home/wheeltec/wheeltec_ros2/install/bodyreader_msg/local/lib/python3.10/dist-packages/bodyreader_msg/_bodyreader_msg_s.ep.rosidl_typesupport_c.c
[7.330s] -- Up-to-date symlink: /home/wheeltec/wheeltec_ros2/install/bodyreader_msg/local/lib/python3.10/dist-packages/bodyreader_msg/_bodyreader_msg_s.ep.rosidl_typesupport_fastrtps_c.c
[7.330s] -- Up-to-date symlink: /home/wheeltec/wheeltec_ros2/install/bodyreader_msg/local/lib/python3.10/dist-packages/bodyreader_msg/_bodyreader_msg_s.ep.rosidl_typesupport_introspection_c.c
[7.331s] -- Up-to-date symlink: /home/wheeltec/wheeltec_ros2/install/bodyreader_msg/local/lib/python3.10/dist-packages/bodyreader_msg/bodyreader_msg_s__rosidl_typesupport_c.cpython-310-aarch64-linux-gnu.so
[7.331s] -- Up-to-date symlink: /home/wheeltec/wheeltec_ros2/install/bodyreader_msg/local/lib/python3.10/dist-packages/bodyreader_msg/bodyreader_msg_s__rosidl_typesupport_fastrtps_c.cpython-310-aarch64-linux-gnu.so
[7.331s] -- Up-to-date symlink: /home/wheeltec/wheeltec_ros2/install/bodyreader_msg/local/lib/python3.10/dist-packages/bodyreader_msg/bodyreader_msg_s__rosidl_typesupport_introspection_c.cpython-310-aarch64-linux-gnu.so
[7.331s] -- Up-to-date symlink: /home/wheeltec/wheeltec_ros2/install/bodyreader_msg/local/lib/python3.10/dist-packages/bodyreader_msg/libbodyreader_msg__rosidl_generator_py.so
[7.331s] -- Up-to-date symlink: /home/wheeltec/wheeltec_ros2/install/bodyreader_msg/local/lib/python3.10/dist-packages/bodyreader_msg/msg/__init__.py
[7.331s] -- Up-to-date symlink: /home/wheeltec/wheeltec_ros2/install/bodyreader_msg/local/lib/python3.10/dist-packages/bodyreader_msg/msg/_body.py
[7.331s] -- Up-to-date symlink: /home/wheeltec/wheeltec_ros2/install/bodyreader_msg/local/lib/python3.10/dist-packages/bodyreader_msg/msg/_body_s.c
[7.331s] -- Up-to-date symlink: /home/wheeltec/wheeltec_ros2/install/bodyreader_msg/local/lib/python3.10/dist-packages/bodyreader_msg/msg/_bodylist.py
[7.332s] -- Up-to-date symlink: /home/wheeltec/wheeltec_ros2/install/bodyreader_msg/local/lib/python3.10/dist-packages/bodyreader_msg/msg/_bodylist_s.c
[7.332s] -- Up-to-date symlink: /home/wheeltec/wheeltec_ros2/install/bodyreader_msg/local/lib/python3.10/dist-packages/bodyreader_msg/msg/_bodyposture.py
[7.332s] -- Up-to-date symlink: /home/wheeltec/wheeltec_ros2/install/bodyreader_msg/local/lib/python3.10/dist-packages/bodyreader_msg/msg/_bodyposture_s.c
[7.332s] -- Up-to-date symlink: /home/wheeltec/wheeltec_ros2/install/bodyreader_msg/local/lib/python3.10/dist-packages/bodyreader_msg/msg/_joint.py
[7.332s] -- Up-to-date symlink: /home/wheeltec/wheeltec_ros2/install/bodyreader_msg/local/lib/python3.10/dist-packages/bodyreader_msg/msg/_joint_s.c
[7.332s] -- Up-to-date symlink: /home/wheeltec/wheeltec_ros2/install/bodyreader_msg/local/lib/python3.10/dist-packages/bodyreader_msg/msg/_lockedcharrgb.py
[7.332s] -- Up-to-date symlink: /home/wheeltec/wheeltec_ros2/install/bodyreader_msg/local/lib/python3.10/dist-packages/bodyreader_msg/msg/_lockedcharrgb_s.c
[7.332s] -- Up-to-date symlink: /home/wheeltec/wheeltec_ros2/install/bodyreader_msg/local/lib/python3.10/dist-packages/bodyreader_msg/msg/_lockedmaskwh.py
[7.333s] -- Up-to-date symlink: /home/wheeltec/wheeltec_ros2/install/bodyreader_msg/local/lib/python3.10/dist-packages/bodyreader_msg/msg/_lockedmaskwh_s.c
[7.333s] -- Up-to-date symlink: /home/wheeltec/wheeltec_ros2/install/bodyreader_msg/local/lib/python3.10/dist-packages/bodyreader_msg/msg/_maskdata.py
[7.333s] -- Up-to-date symlink: /home/wheeltec/wheeltec_ros2/install/bodyreader_msg/local/lib/python3.10/dist-packages/bodyreader_msg/msg/_maskdata_s.c
[7.333s] -- Up-to-date symlink: /home/wheeltec/wheeltec_ros2/install/bodyreader_msg/local/lib/python3.10/dist-packages/bodyreader_msg/msg/_vector2f.py
[7.333s] -- Up-to-date symlink: /home/wheeltec/wheeltec_ros2/install/bodyreader_msg/local/lib/python3.10/dist-packages/bodyreader_msg/msg/_vector2f_s.c
[7.333s] -- Up-to-date symlink: /home/wheeltec/wheeltec_ros2/install/bodyreader_msg/local/lib/python3.10/dist-packages/bodyreader_msg/msg/_vector3f.py
[7.333s] -- Up-to-date symlink: /home/wheeltec/wheeltec_ros2/install/bodyreader_msg/local/lib/python3.10/dist-packages/bodyreader_msg/msg/_vector3f_s.c
[7.333s] -- Up-to-date symlink: /home/wheeltec/wheeltec_ros2/install/bodyreader_msg/local/lib/python3.10/dist-packages/bodyreader_msg/bodyreader_msg_s__rosidl_typesupport_fastrtps_c.cpython-310-aarch64-linux-gnu.so
[7.333s] -- Up-to-date symlink: /home/wheeltec/wheeltec_ros2/install/bodyreader_msg/local/lib/python3.10/dist-packages/bodyreader_msg/bodyreader_msg_s__rosidl_typesupport_introspection_c.cpython-310-aarch64-linux-gnu.so
[7.334s] -- Up-to-date symlink: /home/wheeltec/wheeltec_ros2/install/bodyreader_msg/local/lib/python3.10/dist-packages/bodyreader_msg/bodyreader_msg_s__rosidl_typesupport_c.cpython-310-aarch64-linux-gnu.so
[7.334s] -- Up-to-date symlink: /home/wheeltec/wheeltec_ros2/install/bodyreader_msg/share/bodyreader_msg/msg/Body.idl
[7.334s] -- Up-to-date symlink: /home/wheeltec/wheeltec_ros2/install/bodyreader_msg/share/bodyreader_msg/msg/Bodylist.idl
[7.334s] -- Up-to-date symlink: /home/wheeltec/wheeltec_ros2/install/bodyreader_msg/share/bodyreader_msg/msg/Bodyposture.idl
[7.341s] -- Up-to-date symlink: /home/wheeltec/wheeltec_ros2/install/bodyreader_msg/share/bodyreader_msg/msg/Joint.idl
[7.341s] -- Up-to-date symlink: /home/wheeltec/wheeltec_ros2/install/bodyreader_msg/share/bodyreader_msg/msg/Lockedcharrgb.idl
[7.341s] -- Up-to-date symlink: /home/wheeltec/wheeltec_ros2/install/bodyreader_msg/share/bodyreader_msg/msg/Lockedmaskwh.idl
[7.341s] -- Up-to-date symlink: /home/wheeltec/wheeltec_ros2/install/bodyreader_msg/share/bodyreader_msg/msg/Maskdata.idl
[7.342s] -- Up-to-date symlink: /home/wheeltec/wheeltec_ros2/install/bodyreader_msg/share/bodyreader_msg/msg/Vector2f.idl
[7.352s] -- Up-to-date symlink: /home/wheeltec/wheeltec_ros2/install/bodyreader_msg/share/bodyreader_msg/msg/Vector3f.idl
[7.352s] -- Up-to-date symlink: /home/wheeltec/wheeltec_ros2/install/bodyreader_msg/share/bodyreader_msg/msg/Body.msg
[7.352s] -- Up-to-date symlink: /home/wheeltec/wheeltec_ros2/install/bodyreader_msg/share/bodyreader_msg/msg/Bodylist.msg
[7.352s] -- Up-to-date symlink: /home/wheeltec/wheeltec_ros2/install/bodyreader_msg/share/bodyreader_msg/msg/Bodyposture.msg
[7.352s] -- Up-to-date symlink: /home/wheeltec/wheeltec_ros2/install/bodyreader_msg/share/bodyreader_msg/msg/Joint.msg
[7.353s] -- Up-to-date symlink: /home/wheeltec/wheeltec_ros2/install/bodyreader_msg/share/bodyreader_msg/msg/Lockedcharrgb.msg
[7.353s] -- Up-to-date symlink: /home/wheeltec/wheeltec_ros2/install/bodyreader_msg/share/bodyreader_msg/msg/Lockedmaskwh.msg
[7.353s] -- Up-to-date symlink: /home/wheeltec/wheeltec_ros2/install/bodyreader_msg/share/bodyreader_msg/msg/Maskdata.msg
[7.353s] -- Up-to-date symlink: /home/wheeltec/wheeltec_ros2/install/bodyreader_msg/share/bodyreader_msg/msg/Vector2f.msg
[7.353s] -- Up-to-date symlink: /home/wheeltec/wheeltec_ros2/install/bodyreader_msg/share/bodyreader_msg/msg/Vector3f.msg
[7.353s] -- Up-to-date symlink: /home/wheeltec/wheeltec_ros2/install/bodyreader_msg/share/ament_index/resource_index/package_run_dependencies/bodyreader_msg
[7.353s] -- Up-to-date symlink: /home/wheeltec/wheeltec_ros2/install/bodyreader_msg/share/ament_index/resource_index/parent_prefix_path/bodyreader_msg
[7.353s] -- Up-to-date symlink: /home/wheeltec/wheeltec_ros2/install/bodyreader_msg/share/bodyreader_msg/environment/ament_prefix_path.sh
[7.353s] -- Up-to-date symlink: /home/wheeltec/wheeltec_ros2/install/bodyreader_msg/share/bodyreader_msg/environment/ament_prefix_path.dsv
[7.354s] -- Up-to-date symlink: /home/wheeltec/wheeltec_ros2/install/bodyreader_msg/share/bodyreader_msg/environment/path.sh
[7.354s] -- Up-to-date symlink: /home/wheeltec/wheeltec_ros2/install/bodyreader_msg/share/bodyreader_msg/environment/path.dsv
[7.354s] -- Up-to-date symlink: /home/wheeltec/wheeltec_ros2/install/bodyreader_msg/share/bodyreader_msg/local_setup.bash
[7.354s] -- Up-to-date symlink: /home/wheeltec/wheeltec_ros2/install/bodyreader_msg/share/bodyreader_msg/local_setup.sh
[7.354s] -- Up-to-date symlink: /home/wheeltec/wheeltec_ros2/install/bodyreader_msg/share/bodyreader_msg/local_setup.zsh
[7.354s] -- Up-to-date symlink: /home/wheeltec/wheeltec_ros2/install/bodyreader_msg/share/bodyreader_msg/local_setup.dsv
[7.354s] -- Symlinking: /home/wheeltec/wheeltec_ros2/install/bodyreader_msg/share/bodyreader_msg/package.dsv
[7.494s] -- Up-to-date symlink: /home/wheeltec/wheeltec_ros2/install/bodyreader_msg/share/ament_index/resource_index/packages/bodyreader_msg
[7.494s] -- Up-to-date symlink: /home/wheeltec/wheeltec_ros2/install/bodyreader_msg/share/bodyreader_msg/cmake/rosidl_cmake-extras.cmake
[7.495s] -- Up-to-date symlink: /home/wheeltec/wheeltec_ros2/install/bodyreader_msg/share/bodyreader_msg/cmake/ament_cmake_export_dependencies-extras.cmake
[7.495s] -- Up-to-date symlink: /home/wheeltec/wheeltec_ros2/install/bodyreader_msg/share/bodyreader_msg/cmake/ament_cmake_export_include_directories-extras.cmake
[7.495s] -- Up-to-date symlink: /home/wheeltec/wheeltec_ros2/install/bodyreader_msg/share/bodyreader_msg/cmake/ament_cmake_export_libraries-extras.cmake
[7.495s] -- Up-to-date symlink: /home/wheeltec/wheeltec_ros2/install/bodyreader_msg/share/bodyreader_msg/cmake/ament_cmake_export_targets-extras.cmake
[7.495s] -- Up-to-date symlink: /home/wheeltec/wheeltec_ros2/install/bodyreader_msg/share/bodyreader_msg/cmake/rosidl_cmake_export_typesupport_targets-extras.cmake
[7.495s] -- Up-to-date symlink: /home/wheeltec/wheeltec_ros2/install/bodyreader_msg/share/bodyreader_msg/cmake/rosidl_cmake_export_typesupport_libraries-extras.cmake
[7.495s] -- Up-to-date symlink: /home/wheeltec/wheeltec_ros2/install/bodyreader_msg/share/bodyreader_msg/cmake/bodyreader_msgConfig.cmake
[7.496s] -- Up-to-date symlink: /home/wheeltec/wheeltec_ros2/install/bodyreader_msg/share/bodyreader_msg/cmake/bodyreader_msgConfig-version.cmake
[7.496s] -- Up-to-date symlink: /home/wheeltec/wheeltec_ros2/install/bodyreader_msg/share/bodyreader_msg/package.xml
[7.497s] -- Up-to-date: /home/wheeltec/wheeltec_ros2/install/bodyreader_msg/lib/libbodyreader_msg__rosidl_generator_c.so
[7.497s] -- Up-to-date: /home/wheeltec/wheeltec_ros2/install/bodyreader_msg/lib/libbodyreader_msg__rosidl_typesupport_fastrtps_c.so
[7.498s] -- Up-to-date: /home/wheeltec/wheeltec_ros2/install/bodyreader_msg/lib/libbodyreader_msg__rosidl_typesupport_fastrtps_cpp.so
[7.500s] -- Up-to-date: /home/wheeltec/wheeltec_ros2/install/bodyreader_msg/lib/libbodyreader_msg__rosidl_typesupport_introspection_c.so
[7.512s] -- Up-to-date: /home/wheeltec/wheeltec_ros2/install/bodyreader_msg/lib/libbodyreader_msg__rosidl_typesupport_c.so
[7.512s] -- Up-to-date: /home/wheeltec/wheeltec_ros2/install/bodyreader_msg/lib/libbodyreader_msg__rosidl_typesupport_introspection_cpp.so
[7.512s] -- Up-to-date: /home/wheeltec/wheeltec_ros2/install/bodyreader_msg/lib/libbodyreader_msg__rosidl_typesupport_cpp.so
[7.792s] Listing '/home/wheeltec/wheeltec_ros2/install/bodyreader_msg/local/lib/python3.10/dist-packages/bodyreader_msg'...
[7.792s] Listing '/home/wheeltec/wheeltec_ros2/install/bodyreader_msg/local/lib/python3.10/dist-packages/bodyreader_msg/msg'...
[7.828s] -- Up-to-date: /home/wheeltec/wheeltec_ros2/install/bodyreader_msg/lib/libbodyreader_msg__rosidl_generator_py.so
[7.830s] -- Up-to-date: /home/wheeltec/wheeltec_ros2/install/bodyreader_msg/share/bodyreader_msg/cmake/export_bodyreader_msg__rosidl_generator_cExport.cmake
[7.831s] -- Up-to-date: /home/wheeltec/wheeltec_ros2/install/bodyreader_msg/share/bodyreader_msg/cmake/export_bodyreader_msg__rosidl_generator_cExport-noconfig.cmake
[7.832s] -- Up-to-date: /home/wheeltec/wheeltec_ros2/install/bodyreader_msg/share/bodyreader_msg/cmake/export_bodyreader_msg__rosidl_typesupport_fastrtps_cExport.cmake
[7.832s] -- Up-to-date: /home/wheeltec/wheeltec_ros2/install/bodyreader_msg/share/bodyreader_msg/cmake/export_bodyreader_msg__rosidl_typesupport_fastrtps_cExport-noconfig.cmake
[7.833s] -- Up-to-date: /home/wheeltec/wheeltec_ros2/install/bodyreader_msg/share/bodyreader_msg/cmake/export_bodyreader_msg__rosidl_generator_cppExport.cmake
[7.834s] -- Up-to-date: /home/wheeltec/wheeltec_ros2/install/bodyreader_msg/share/bodyreader_msg/cmake/export_bodyreader_msg__rosidl_typesupport_fastrtps_cppExport.cmake
[7.834s] -- Up-to-date: /home/wheeltec/wheeltec_ros2/install/bodyreader_msg/share/bodyreader_msg/cmake/export_bodyreader_msg__rosidl_typesupport_fastrtps_cppExport-noconfig.cmake
[7.835s] -- Up-to-date: /home/wheeltec/wheeltec_ros2/install/bodyreader_msg/share/bodyreader_msg/cmake/bodyreader_msg__rosidl_typesupport_introspection_cExport.cmake
[7.835s] -- Up-to-date: /home/wheeltec/wheeltec_ros2/install/bodyreader_msg/share/bodyreader_msg/cmake/bodyreader_msg__rosidl_typesupport_introspection_cExport-noconfig.cmake
[7.836s] -- Up-to-date: /home/wheeltec/wheeltec_ros2/install/bodyreader_msg/share/bodyreader_msg/cmake/bodyreader_msg__rosidl_typesupport_cExport.cmake
[7.836s] -- Up-to-date: /home/wheeltec/wheeltec_ros2/install/bodyreader_msg/share/bodyreader_msg/cmake/bodyreader_msg__rosidl_typesupport_cExport-noconfig.cmake
[7.837s] -- Up-to-date: /home/wheeltec/wheeltec_ros2/install/bodyreader_msg/share/bodyreader_msg/cmake/bodyreader_msg__rosidl_typesupport_introspection_cppExport.cmake
[7.838s] -- Up-to-date: /home/wheeltec/wheeltec_ros2/install/bodyreader_msg/share/bodyreader_msg/cmake/bodyreader_msg__rosidl_typesupport_introspection_cppExport-noconfig.cmake
[7.839s] -- Up-to-date: /home/wheeltec/wheeltec_ros2/install/bodyreader_msg/share/bodyreader_msg/cmake/bodyreader_msg__rosidl_typesupport_cppExport.cmake
[7.839s] -- Up-to-date: /home/wheeltec/wheeltec_ros2/install/bodyreader_msg/share/bodyreader_msg/cmake/bodyreader_msg__rosidl_typesupport_cppExport-noconfig.cmake
[7.840s] -- Up-to-date: /home/wheeltec/wheeltec_ros2/install/bodyreader_msg/share/bodyreader_msg/cmake/export_bodyreader_msg__rosidl_generator_pyExport.cmake
[7.841s] -- Up-to-date: /home/wheeltec/wheeltec_ros2/install/bodyreader_msg/share/bodyreader_msg/cmake/export_bodyreader_msg__rosidl_generator_pyExport-noconfig.cmake
[7.959s] Invoked command in '/home/wheeltec/wheeltec_ros2/build/bodyreader_msg' returned '0': CMAKE_PREFIX_PATH=${CMAKE_PREFIX_PATH}:/home/wheeltec/wheeltec_ros2/install/simple_follower_ros2:/home/wheeltec/wheeltec_ros2/install/wheeltec_robot_keyboard:/home/wheeltec/wheeltec_ros2/install/wheeltec_dual_rtk_driver:/home/wheeltec/wheeltec_ros2/install/ultralytics_ros2:/home/wheeltec/wheeltec_ros2/install/tf2_tools:/home/wheeltec/wheeltec_ros2/install/ollama_ros_chat:/home/wheeltec/wheeltec_ros2/install/nmea_navsat_driver:/home/wheeltec/wheeltec_ros2/install/nav2_waypoint_cycle:/home/wheeltec/wheeltec_ros2/install/nav2_simple_commander:/home/wheeltec/wheeltec_ros2/install/largemodel:/home/wheeltec/wheeltec_ros2/install/auto_recharge_ros2:/home/wheeltec/autoware/install/autoware_wheeltec_interface:/home/wheeltec/autoware/install/autoware_multi_point:/home/wheeltec/autoware/install/ad_api_visualizers:/opt/ros/humble /usr/bin/cmake --install /home/wheeltec/wheeltec_ros2/build/bodyreader_msg
