[0.149s] Invoking command in '/home/wheeltec/wheeltec_ros2/build/ollama_ros_msgs': CMAKE_PREFIX_PATH=${CMAKE_PREFIX_PATH}:/home/wheeltec/autoware/install/autoware_wheeltec_interface:/home/wheeltec/autoware/install/ad_api_visualizers:/opt/ros/humble /usr/bin/cmake /home/wheeltec/wheeltec_ros2/src/ollama_ros_chat-ros2/ollama_ros_msgs -DAMENT_CMAKE_SYMLINK_INSTALL=1 -DCMAKE_INSTALL_PREFIX=/home/wheeltec/wheeltec_ros2/install/ollama_ros_msgs
[12.560s] -- The C compiler identification is GNU 11.4.0
[12.560s] -- The CXX compiler identification is GNU 11.4.0
[12.561s] -- Detecting C compiler ABI info
[12.561s] -- Detecting C compiler ABI info - done
[12.561s] -- Check for working C compiler: /usr/bin/cc - skipped
[12.561s] -- Detecting C compile features
[12.561s] -- Detecting C compile features - done
[12.561s] -- Detecting CXX compiler ABI info
[12.561s] -- Detecting CXX compiler ABI info - done
[12.561s] -- Check for working CXX compiler: /usr/bin/c++ - skipped
[12.561s] -- Detecting CXX compile features
[12.561s] -- Detecting CXX compile features - done
[12.561s] -- Found ament_cmake: 1.3.7 (/home/wheeltec/autoware/install/ament_cmake/share/ament_cmake/cmake)
[12.562s] -- Found Python3: /usr/bin/python3.10 (found version "3.10.12") found components: Interpreter 
[12.562s] -- Override CMake install command with custom implementation using symlinks instead of copying resources
[12.562s] -- Found rosidl_default_generators: 1.2.0 (/opt/ros/humble/share/rosidl_default_generators/cmake)
[12.562s] -- Using all available rosidl_typesupport_c: rosidl_typesupport_fastrtps_c;rosidl_typesupport_introspection_c
[12.562s] -- Found rosidl_adapter: 3.1.6 (/opt/ros/humble/share/rosidl_adapter/cmake)
[12.562s] -- Using all available rosidl_typesupport_cpp: rosidl_typesupport_fastrtps_cpp;rosidl_typesupport_introspection_cpp
[12.562s] -- Found ament_cmake_ros: 0.10.0 (/opt/ros/humble/share/ament_cmake_ros/cmake)
[12.562s] -- Using all available rosidl_typesupport_c: rosidl_typesupport_fastrtps_c;rosidl_typesupport_introspection_c
[12.562s] -- Using all available rosidl_typesupport_cpp: rosidl_typesupport_fastrtps_cpp;rosidl_typesupport_introspection_cpp
[12.562s] -- Found PythonInterp: /usr/bin/python3 (found suitable version "3.10.12", minimum required is "3.6") 
[12.562s] -- Found python_cmake_module: 0.10.0 (/opt/ros/humble/share/python_cmake_module/cmake)
[12.563s] -- Found PythonLibs: /usr/lib/aarch64-linux-gnu/libpython3.10.so (found suitable version "3.10.12", minimum required is "3.5") 
[12.563s] -- Using PYTHON_EXECUTABLE: /usr/bin/python3
[12.563s] -- Using PYTHON_INCLUDE_DIRS: /usr/include/python3.10
[12.563s] -- Using PYTHON_LIBRARIES: /usr/lib/aarch64-linux-gnu/libpython3.10.so
[12.563s] -- Found PythonExtra: .so  
[12.563s] -- Found ament_lint_auto: 0.12.11 (/opt/ros/humble/share/ament_lint_auto/cmake)
[12.563s] -- Added test 'lint_cmake' to check CMake code style
[12.563s] -- Added test 'xmllint' to check XML markup files
[12.563s] -- Configuring done
[12.563s] -- Generating done
[12.563s] -- Build files have been written to: /home/wheeltec/wheeltec_ros2/build/ollama_ros_msgs
[12.641s] Invoked command in '/home/wheeltec/wheeltec_ros2/build/ollama_ros_msgs' returned '0': CMAKE_PREFIX_PATH=${CMAKE_PREFIX_PATH}:/home/wheeltec/autoware/install/autoware_wheeltec_interface:/home/wheeltec/autoware/install/ad_api_visualizers:/opt/ros/humble /usr/bin/cmake /home/wheeltec/wheeltec_ros2/src/ollama_ros_chat-ros2/ollama_ros_msgs -DAMENT_CMAKE_SYMLINK_INSTALL=1 -DCMAKE_INSTALL_PREFIX=/home/wheeltec/wheeltec_ros2/install/ollama_ros_msgs
[12.644s] Invoking command in '/home/wheeltec/wheeltec_ros2/build/ollama_ros_msgs': CMAKE_PREFIX_PATH=${CMAKE_PREFIX_PATH}:/home/wheeltec/autoware/install/autoware_wheeltec_interface:/home/wheeltec/autoware/install/ad_api_visualizers:/opt/ros/humble /usr/bin/cmake --build /home/wheeltec/wheeltec_ros2/build/ollama_ros_msgs -- -j6 -l6
[13.003s] [  3%] [34m[1mGenerating C code for ROS interfaces[0m
[14.018s] [  6%] [32mBuilding C object CMakeFiles/ollama_ros_msgs__rosidl_generator_c.dir/rosidl_generator_c/ollama_ros_msgs/srv/detail/chat__functions.c.o[0m
[14.232s] [  9%] [32m[1mLinking C shared library libollama_ros_msgs__rosidl_generator_c.so[0m
[14.452s] [  9%] Built target ollama_ros_msgs__rosidl_generator_c
[14.723s] [  9%] Built target ament_cmake_python_symlink_ollama_ros_msgs
[14.821s] [ 12%] [34m[1mGenerating C introspection for ROS interfaces[0m
[15.599s] [ 16%] [32mBuilding C object CMakeFiles/ollama_ros_msgs__rosidl_typesupport_introspection_c.dir/rosidl_typesupport_introspection_c/ollama_ros_msgs/srv/detail/chat__type_support.c.o[0m
[15.762s] [ 19%] [32m[1mLinking C shared library libollama_ros_msgs__rosidl_typesupport_introspection_c.so[0m
[15.972s] [ 19%] Built target ollama_ros_msgs__rosidl_typesupport_introspection_c
[16.731s] running egg_info
[16.731s] creating ollama_ros_msgs.egg-info
[16.732s] writing ollama_ros_msgs.egg-info/PKG-INFO
[16.732s] writing dependency_links to ollama_ros_msgs.egg-info/dependency_links.txt
[16.732s] writing top-level names to ollama_ros_msgs.egg-info/top_level.txt
[16.738s] writing manifest file 'ollama_ros_msgs.egg-info/SOURCES.txt'
[16.741s] reading manifest file 'ollama_ros_msgs.egg-info/SOURCES.txt'
[16.742s] writing manifest file 'ollama_ros_msgs.egg-info/SOURCES.txt'
[16.872s] [ 19%] Built target ament_cmake_python_build_ollama_ros_msgs_egg
[16.954s] [ 22%] [34m[1mGenerating C type support for eProsima Fast-RTPS[0m
[17.860s] [ 25%] [32mBuilding CXX object CMakeFiles/ollama_ros_msgs__rosidl_typesupport_fastrtps_c.dir/rosidl_typesupport_fastrtps_c/ollama_ros_msgs/srv/detail/chat__type_support_c.cpp.o[0m
[18.654s] [ 29%] [32m[1mLinking CXX shared library libollama_ros_msgs__rosidl_typesupport_fastrtps_c.so[0m
[18.958s] [ 29%] Built target ollama_ros_msgs__rosidl_typesupport_fastrtps_c
[19.060s] [ 32%] [34m[1mGenerating C type support dispatch for ROS interfaces[0m
[19.752s] [ 35%] [32mBuilding CXX object CMakeFiles/ollama_ros_msgs__rosidl_typesupport_c.dir/rosidl_typesupport_c/ollama_ros_msgs/srv/chat__type_support.cpp.o[0m
[19.936s] [ 38%] [32m[1mLinking CXX shared library libollama_ros_msgs__rosidl_typesupport_c.so[0m
[20.150s] [ 38%] Built target ollama_ros_msgs__rosidl_typesupport_c
[20.314s] [ 41%] [34m[1mGenerating C++ code for ROS interfaces[0m
[21.246s] [ 41%] Built target ollama_ros_msgs__cpp
[21.377s] [ 45%] [34m[1mGenerating C++ type support dispatch for ROS interfaces[0m
[22.075s] [ 48%] [32mBuilding CXX object CMakeFiles/ollama_ros_msgs__rosidl_typesupport_cpp.dir/rosidl_typesupport_cpp/ollama_ros_msgs/srv/chat__type_support.cpp.o[0m
[22.772s] [ 51%] [32m[1mLinking CXX shared library libollama_ros_msgs__rosidl_typesupport_cpp.so[0m
[23.033s] [ 51%] Built target ollama_ros_msgs__rosidl_typesupport_cpp
[23.144s] [ 54%] [34m[1mGenerating C++ introspection for ROS interfaces[0m
[23.981s] [ 58%] [32mBuilding CXX object CMakeFiles/ollama_ros_msgs__rosidl_typesupport_introspection_cpp.dir/rosidl_typesupport_introspection_cpp/ollama_ros_msgs/srv/detail/chat__type_support.cpp.o[0m
[24.981s] [ 61%] [32m[1mLinking CXX shared library libollama_ros_msgs__rosidl_typesupport_introspection_cpp.so[0m
[25.262s] [ 61%] Built target ollama_ros_msgs__rosidl_typesupport_introspection_cpp
[25.375s] [ 64%] [34m[1mGenerating C++ type support for eProsima Fast-RTPS[0m
[26.112s] [ 67%] [32mBuilding CXX object CMakeFiles/ollama_ros_msgs__rosidl_typesupport_fastrtps_cpp.dir/rosidl_typesupport_fastrtps_cpp/ollama_ros_msgs/srv/detail/dds_fastrtps/chat__type_support.cpp.o[0m
[26.933s] [ 70%] [32m[1mLinking CXX shared library libollama_ros_msgs__rosidl_typesupport_fastrtps_cpp.so[0m
[27.233s] [ 70%] Built target ollama_ros_msgs__rosidl_typesupport_fastrtps_cpp
[27.432s] [ 70%] Built target ollama_ros_msgs
[27.636s] [ 74%] [34m[1mGenerating Python code for ROS interfaces[0m
[28.842s] [ 74%] Built target ollama_ros_msgs__py
[29.062s] [ 77%] [32mBuilding C object CMakeFiles/ollama_ros_msgs__rosidl_generator_py.dir/rosidl_generator_py/ollama_ros_msgs/srv/_chat_s.c.o[0m
[29.385s] [ 80%] [32m[1mLinking C shared library rosidl_generator_py/ollama_ros_msgs/libollama_ros_msgs__rosidl_generator_py.so[0m
[29.663s] [ 80%] Built target ollama_ros_msgs__rosidl_generator_py
[29.866s] [ 83%] [32mBuilding C object CMakeFiles/ollama_ros_msgs__rosidl_typesupport_fastrtps_c__pyext.dir/rosidl_generator_py/ollama_ros_msgs/_ollama_ros_msgs_s.ep.rosidl_typesupport_fastrtps_c.c.o[0m
[30.183s] [ 87%] [32m[1mLinking C shared library rosidl_generator_py/ollama_ros_msgs/ollama_ros_msgs_s__rosidl_typesupport_fastrtps_c.cpython-310-aarch64-linux-gnu.so[0m
[30.410s] [ 87%] Built target ollama_ros_msgs__rosidl_typesupport_fastrtps_c__pyext
[30.604s] [ 90%] [32mBuilding C object CMakeFiles/ollama_ros_msgs__rosidl_typesupport_c__pyext.dir/rosidl_generator_py/ollama_ros_msgs/_ollama_ros_msgs_s.ep.rosidl_typesupport_c.c.o[0m
[30.892s] [ 93%] [32m[1mLinking C shared library rosidl_generator_py/ollama_ros_msgs/ollama_ros_msgs_s__rosidl_typesupport_c.cpython-310-aarch64-linux-gnu.so[0m
[31.118s] [ 93%] Built target ollama_ros_msgs__rosidl_typesupport_c__pyext
[31.330s] [ 96%] [32mBuilding C object CMakeFiles/ollama_ros_msgs__rosidl_typesupport_introspection_c__pyext.dir/rosidl_generator_py/ollama_ros_msgs/_ollama_ros_msgs_s.ep.rosidl_typesupport_introspection_c.c.o[0m
[31.582s] [100%] [32m[1mLinking C shared library rosidl_generator_py/ollama_ros_msgs/ollama_ros_msgs_s__rosidl_typesupport_introspection_c.cpython-310-aarch64-linux-gnu.so[0m
[31.786s] [100%] Built target ollama_ros_msgs__rosidl_typesupport_introspection_c__pyext
[31.892s] Invoked command in '/home/wheeltec/wheeltec_ros2/build/ollama_ros_msgs' returned '0': CMAKE_PREFIX_PATH=${CMAKE_PREFIX_PATH}:/home/wheeltec/autoware/install/autoware_wheeltec_interface:/home/wheeltec/autoware/install/ad_api_visualizers:/opt/ros/humble /usr/bin/cmake --build /home/wheeltec/wheeltec_ros2/build/ollama_ros_msgs -- -j6 -l6
[31.894s] Invoking command in '/home/wheeltec/wheeltec_ros2/build/ollama_ros_msgs': CMAKE_PREFIX_PATH=${CMAKE_PREFIX_PATH}:/home/wheeltec/autoware/install/autoware_wheeltec_interface:/home/wheeltec/autoware/install/ad_api_visualizers:/opt/ros/humble /usr/bin/cmake --install /home/wheeltec/wheeltec_ros2/build/ollama_ros_msgs
[38.317s] -- Install configuration: ""
[38.317s] -- Execute custom install script
[38.317s] -- Symlinking: /home/wheeltec/wheeltec_ros2/install/ollama_ros_msgs/share/ament_index/resource_index/rosidl_interfaces/ollama_ros_msgs
[38.318s] -- Symlinking: /home/wheeltec/wheeltec_ros2/install/ollama_ros_msgs/include/ollama_ros_msgs/ollama_ros_msgs/msg/rosidl_generator_c__visibility_control.h
[38.318s] -- Symlinking: /home/wheeltec/wheeltec_ros2/install/ollama_ros_msgs/include/ollama_ros_msgs/ollama_ros_msgs/srv/chat.h
[38.318s] -- Symlinking: /home/wheeltec/wheeltec_ros2/install/ollama_ros_msgs/include/ollama_ros_msgs/ollama_ros_msgs/srv/detail/chat__functions.h
[38.318s] -- Symlinking: /home/wheeltec/wheeltec_ros2/install/ollama_ros_msgs/include/ollama_ros_msgs/ollama_ros_msgs/srv/detail/chat__struct.h
[38.318s] -- Symlinking: /home/wheeltec/wheeltec_ros2/install/ollama_ros_msgs/include/ollama_ros_msgs/ollama_ros_msgs/srv/detail/chat__type_support.h
[38.318s] -- Symlinking: /home/wheeltec/wheeltec_ros2/install/ollama_ros_msgs/share/ollama_ros_msgs/environment/library_path.sh
[38.318s] -- Symlinking: /home/wheeltec/wheeltec_ros2/install/ollama_ros_msgs/share/ollama_ros_msgs/environment/library_path.dsv
[38.318s] -- Symlinking: /home/wheeltec/wheeltec_ros2/install/ollama_ros_msgs/include/ollama_ros_msgs/ollama_ros_msgs/msg/rosidl_typesupport_fastrtps_c__visibility_control.h
[38.318s] -- Symlinking: /home/wheeltec/wheeltec_ros2/install/ollama_ros_msgs/include/ollama_ros_msgs/ollama_ros_msgs/srv/detail/chat__rosidl_typesupport_fastrtps_c.h
[38.318s] -- Symlinking: /home/wheeltec/wheeltec_ros2/install/ollama_ros_msgs/include/ollama_ros_msgs/ollama_ros_msgs/msg/rosidl_typesupport_introspection_c__visibility_control.h
[38.319s] -- Symlinking: /home/wheeltec/wheeltec_ros2/install/ollama_ros_msgs/include/ollama_ros_msgs/ollama_ros_msgs/srv/detail/chat__rosidl_typesupport_introspection_c.h
[38.319s] -- Symlinking: /home/wheeltec/wheeltec_ros2/install/ollama_ros_msgs/include/ollama_ros_msgs/ollama_ros_msgs/msg/rosidl_generator_cpp__visibility_control.hpp
[38.319s] -- Symlinking: /home/wheeltec/wheeltec_ros2/install/ollama_ros_msgs/include/ollama_ros_msgs/ollama_ros_msgs/srv/chat.hpp
[38.319s] -- Symlinking: /home/wheeltec/wheeltec_ros2/install/ollama_ros_msgs/include/ollama_ros_msgs/ollama_ros_msgs/srv/detail/chat__builder.hpp
[38.319s] -- Symlinking: /home/wheeltec/wheeltec_ros2/install/ollama_ros_msgs/include/ollama_ros_msgs/ollama_ros_msgs/srv/detail/chat__struct.hpp
[38.319s] -- Symlinking: /home/wheeltec/wheeltec_ros2/install/ollama_ros_msgs/include/ollama_ros_msgs/ollama_ros_msgs/srv/detail/chat__traits.hpp
[38.319s] -- Symlinking: /home/wheeltec/wheeltec_ros2/install/ollama_ros_msgs/include/ollama_ros_msgs/ollama_ros_msgs/srv/detail/chat__type_support.hpp
[38.319s] -- Symlinking: /home/wheeltec/wheeltec_ros2/install/ollama_ros_msgs/include/ollama_ros_msgs/ollama_ros_msgs/msg/rosidl_typesupport_fastrtps_cpp__visibility_control.h
[38.319s] -- Symlinking: /home/wheeltec/wheeltec_ros2/install/ollama_ros_msgs/include/ollama_ros_msgs/ollama_ros_msgs/srv/detail/chat__rosidl_typesupport_fastrtps_cpp.hpp
[38.319s] -- Symlinking: /home/wheeltec/wheeltec_ros2/install/ollama_ros_msgs/include/ollama_ros_msgs/ollama_ros_msgs/srv/detail/chat__rosidl_typesupport_introspection_cpp.hpp
[38.319s] -- Symlinking: /home/wheeltec/wheeltec_ros2/install/ollama_ros_msgs/share/ollama_ros_msgs/environment/pythonpath.sh
[38.320s] -- Symlinking: /home/wheeltec/wheeltec_ros2/install/ollama_ros_msgs/share/ollama_ros_msgs/environment/pythonpath.dsv
[38.320s] -- Symlinking: /home/wheeltec/wheeltec_ros2/install/ollama_ros_msgs/local/lib/python3.10/dist-packages/ollama_ros_msgs-0.0.0-py3.10.egg-info/PKG-INFO
[38.320s] -- Symlinking: /home/wheeltec/wheeltec_ros2/install/ollama_ros_msgs/local/lib/python3.10/dist-packages/ollama_ros_msgs-0.0.0-py3.10.egg-info/SOURCES.txt
[38.320s] -- Symlinking: /home/wheeltec/wheeltec_ros2/install/ollama_ros_msgs/local/lib/python3.10/dist-packages/ollama_ros_msgs-0.0.0-py3.10.egg-info/dependency_links.txt
[38.320s] -- Symlinking: /home/wheeltec/wheeltec_ros2/install/ollama_ros_msgs/local/lib/python3.10/dist-packages/ollama_ros_msgs-0.0.0-py3.10.egg-info/top_level.txt
[38.326s] -- Symlinking: /home/wheeltec/wheeltec_ros2/install/ollama_ros_msgs/local/lib/python3.10/dist-packages/ollama_ros_msgs/__init__.py
[38.326s] -- Symlinking: /home/wheeltec/wheeltec_ros2/install/ollama_ros_msgs/local/lib/python3.10/dist-packages/ollama_ros_msgs/_ollama_ros_msgs_s.ep.rosidl_typesupport_c.c
[38.326s] -- Symlinking: /home/wheeltec/wheeltec_ros2/install/ollama_ros_msgs/local/lib/python3.10/dist-packages/ollama_ros_msgs/_ollama_ros_msgs_s.ep.rosidl_typesupport_fastrtps_c.c
[38.326s] -- Symlinking: /home/wheeltec/wheeltec_ros2/install/ollama_ros_msgs/local/lib/python3.10/dist-packages/ollama_ros_msgs/_ollama_ros_msgs_s.ep.rosidl_typesupport_introspection_c.c
[38.326s] -- Symlinking: /home/wheeltec/wheeltec_ros2/install/ollama_ros_msgs/local/lib/python3.10/dist-packages/ollama_ros_msgs/libollama_ros_msgs__rosidl_generator_py.so
[38.326s] -- Symlinking: /home/wheeltec/wheeltec_ros2/install/ollama_ros_msgs/local/lib/python3.10/dist-packages/ollama_ros_msgs/ollama_ros_msgs_s__rosidl_typesupport_c.cpython-310-aarch64-linux-gnu.so
[38.327s] -- Symlinking: /home/wheeltec/wheeltec_ros2/install/ollama_ros_msgs/local/lib/python3.10/dist-packages/ollama_ros_msgs/ollama_ros_msgs_s__rosidl_typesupport_fastrtps_c.cpython-310-aarch64-linux-gnu.so
[38.327s] -- Symlinking: /home/wheeltec/wheeltec_ros2/install/ollama_ros_msgs/local/lib/python3.10/dist-packages/ollama_ros_msgs/ollama_ros_msgs_s__rosidl_typesupport_introspection_c.cpython-310-aarch64-linux-gnu.so
[38.327s] -- Symlinking: /home/wheeltec/wheeltec_ros2/install/ollama_ros_msgs/local/lib/python3.10/dist-packages/ollama_ros_msgs/srv/__init__.py
[38.327s] -- Symlinking: /home/wheeltec/wheeltec_ros2/install/ollama_ros_msgs/local/lib/python3.10/dist-packages/ollama_ros_msgs/srv/_chat.py
[38.327s] -- Symlinking: /home/wheeltec/wheeltec_ros2/install/ollama_ros_msgs/local/lib/python3.10/dist-packages/ollama_ros_msgs/srv/_chat_s.c
[38.327s] -- Up-to-date symlink: /home/wheeltec/wheeltec_ros2/install/ollama_ros_msgs/local/lib/python3.10/dist-packages/ollama_ros_msgs/ollama_ros_msgs_s__rosidl_typesupport_fastrtps_c.cpython-310-aarch64-linux-gnu.so
[38.327s] -- Up-to-date symlink: /home/wheeltec/wheeltec_ros2/install/ollama_ros_msgs/local/lib/python3.10/dist-packages/ollama_ros_msgs/ollama_ros_msgs_s__rosidl_typesupport_introspection_c.cpython-310-aarch64-linux-gnu.so
[38.327s] -- Up-to-date symlink: /home/wheeltec/wheeltec_ros2/install/ollama_ros_msgs/local/lib/python3.10/dist-packages/ollama_ros_msgs/ollama_ros_msgs_s__rosidl_typesupport_c.cpython-310-aarch64-linux-gnu.so
[38.327s] -- Symlinking: /home/wheeltec/wheeltec_ros2/install/ollama_ros_msgs/share/ollama_ros_msgs/srv/Chat.idl
[38.327s] -- Symlinking: /home/wheeltec/wheeltec_ros2/install/ollama_ros_msgs/share/ollama_ros_msgs/srv/Chat.srv
[38.328s] -- Symlinking: /home/wheeltec/wheeltec_ros2/install/ollama_ros_msgs/share/ollama_ros_msgs/srv/Chat_Request.msg
[38.328s] -- Symlinking: /home/wheeltec/wheeltec_ros2/install/ollama_ros_msgs/share/ollama_ros_msgs/srv/Chat_Response.msg
[38.328s] -- Symlinking: /home/wheeltec/wheeltec_ros2/install/ollama_ros_msgs/share/ament_index/resource_index/package_run_dependencies/ollama_ros_msgs
[38.328s] -- Symlinking: /home/wheeltec/wheeltec_ros2/install/ollama_ros_msgs/share/ament_index/resource_index/parent_prefix_path/ollama_ros_msgs
[38.328s] -- Symlinking: /home/wheeltec/wheeltec_ros2/install/ollama_ros_msgs/share/ollama_ros_msgs/environment/ament_prefix_path.sh
[38.328s] -- Symlinking: /home/wheeltec/wheeltec_ros2/install/ollama_ros_msgs/share/ollama_ros_msgs/environment/ament_prefix_path.dsv
[38.328s] -- Symlinking: /home/wheeltec/wheeltec_ros2/install/ollama_ros_msgs/share/ollama_ros_msgs/environment/path.sh
[38.328s] -- Symlinking: /home/wheeltec/wheeltec_ros2/install/ollama_ros_msgs/share/ollama_ros_msgs/environment/path.dsv
[38.328s] -- Symlinking: /home/wheeltec/wheeltec_ros2/install/ollama_ros_msgs/share/ollama_ros_msgs/local_setup.bash
[38.328s] -- Symlinking: /home/wheeltec/wheeltec_ros2/install/ollama_ros_msgs/share/ollama_ros_msgs/local_setup.sh
[38.328s] -- Symlinking: /home/wheeltec/wheeltec_ros2/install/ollama_ros_msgs/share/ollama_ros_msgs/local_setup.zsh
[38.329s] -- Symlinking: /home/wheeltec/wheeltec_ros2/install/ollama_ros_msgs/share/ollama_ros_msgs/local_setup.dsv
[38.329s] -- Symlinking: /home/wheeltec/wheeltec_ros2/install/ollama_ros_msgs/share/ollama_ros_msgs/package.dsv
[38.329s] -- Symlinking: /home/wheeltec/wheeltec_ros2/install/ollama_ros_msgs/share/ament_index/resource_index/packages/ollama_ros_msgs
[38.329s] -- Symlinking: /home/wheeltec/wheeltec_ros2/install/ollama_ros_msgs/share/ollama_ros_msgs/cmake/rosidl_cmake-extras.cmake
[38.329s] -- Symlinking: /home/wheeltec/wheeltec_ros2/install/ollama_ros_msgs/share/ollama_ros_msgs/cmake/ament_cmake_export_include_directories-extras.cmake
[38.329s] -- Symlinking: /home/wheeltec/wheeltec_ros2/install/ollama_ros_msgs/share/ollama_ros_msgs/cmake/ament_cmake_export_libraries-extras.cmake
[38.329s] -- Symlinking: /home/wheeltec/wheeltec_ros2/install/ollama_ros_msgs/share/ollama_ros_msgs/cmake/ament_cmake_export_targets-extras.cmake
[38.329s] -- Symlinking: /home/wheeltec/wheeltec_ros2/install/ollama_ros_msgs/share/ollama_ros_msgs/cmake/rosidl_cmake_export_typesupport_targets-extras.cmake
[38.329s] -- Symlinking: /home/wheeltec/wheeltec_ros2/install/ollama_ros_msgs/share/ollama_ros_msgs/cmake/ament_cmake_export_dependencies-extras.cmake
[38.329s] -- Symlinking: /home/wheeltec/wheeltec_ros2/install/ollama_ros_msgs/share/ollama_ros_msgs/cmake/rosidl_cmake_export_typesupport_libraries-extras.cmake
[38.329s] -- Symlinking: /home/wheeltec/wheeltec_ros2/install/ollama_ros_msgs/share/ollama_ros_msgs/cmake/ollama_ros_msgsConfig.cmake
[38.330s] -- Symlinking: /home/wheeltec/wheeltec_ros2/install/ollama_ros_msgs/share/ollama_ros_msgs/cmake/ollama_ros_msgsConfig-version.cmake
[38.330s] -- Symlinking: /home/wheeltec/wheeltec_ros2/install/ollama_ros_msgs/share/ollama_ros_msgs/package.xml
[38.330s] -- Installing: /home/wheeltec/wheeltec_ros2/install/ollama_ros_msgs/lib/libollama_ros_msgs__rosidl_generator_c.so
[38.330s] -- Set runtime path of "/home/wheeltec/wheeltec_ros2/install/ollama_ros_msgs/lib/libollama_ros_msgs__rosidl_generator_c.so" to ""
[38.330s] -- Installing: /home/wheeltec/wheeltec_ros2/install/ollama_ros_msgs/lib/libollama_ros_msgs__rosidl_typesupport_fastrtps_c.so
[38.330s] -- Set runtime path of "/home/wheeltec/wheeltec_ros2/install/ollama_ros_msgs/lib/libollama_ros_msgs__rosidl_typesupport_fastrtps_c.so" to ""
[38.330s] -- Installing: /home/wheeltec/wheeltec_ros2/install/ollama_ros_msgs/lib/libollama_ros_msgs__rosidl_typesupport_introspection_c.so
[38.330s] -- Set runtime path of "/home/wheeltec/wheeltec_ros2/install/ollama_ros_msgs/lib/libollama_ros_msgs__rosidl_typesupport_introspection_c.so" to ""
[38.330s] -- Installing: /home/wheeltec/wheeltec_ros2/install/ollama_ros_msgs/lib/libollama_ros_msgs__rosidl_typesupport_c.so
[38.330s] -- Set runtime path of "/home/wheeltec/wheeltec_ros2/install/ollama_ros_msgs/lib/libollama_ros_msgs__rosidl_typesupport_c.so" to ""
[38.330s] -- Installing: /home/wheeltec/wheeltec_ros2/install/ollama_ros_msgs/lib/libollama_ros_msgs__rosidl_typesupport_fastrtps_cpp.so
[38.331s] -- Set runtime path of "/home/wheeltec/wheeltec_ros2/install/ollama_ros_msgs/lib/libollama_ros_msgs__rosidl_typesupport_fastrtps_cpp.so" to ""
[38.331s] -- Installing: /home/wheeltec/wheeltec_ros2/install/ollama_ros_msgs/lib/libollama_ros_msgs__rosidl_typesupport_introspection_cpp.so
[38.331s] -- Set runtime path of "/home/wheeltec/wheeltec_ros2/install/ollama_ros_msgs/lib/libollama_ros_msgs__rosidl_typesupport_introspection_cpp.so" to ""
[38.331s] -- Installing: /home/wheeltec/wheeltec_ros2/install/ollama_ros_msgs/lib/libollama_ros_msgs__rosidl_typesupport_cpp.so
[38.331s] -- Set runtime path of "/home/wheeltec/wheeltec_ros2/install/ollama_ros_msgs/lib/libollama_ros_msgs__rosidl_typesupport_cpp.so" to ""
[38.331s] Listing '/home/wheeltec/wheeltec_ros2/install/ollama_ros_msgs/local/lib/python3.10/dist-packages/ollama_ros_msgs'...
[38.331s] Compiling '/home/wheeltec/wheeltec_ros2/install/ollama_ros_msgs/local/lib/python3.10/dist-packages/ollama_ros_msgs/__init__.py'...
[38.331s] Listing '/home/wheeltec/wheeltec_ros2/install/ollama_ros_msgs/local/lib/python3.10/dist-packages/ollama_ros_msgs/srv'...
[38.331s] Compiling '/home/wheeltec/wheeltec_ros2/install/ollama_ros_msgs/local/lib/python3.10/dist-packages/ollama_ros_msgs/srv/__init__.py'...
[38.331s] Compiling '/home/wheeltec/wheeltec_ros2/install/ollama_ros_msgs/local/lib/python3.10/dist-packages/ollama_ros_msgs/srv/_chat.py'...
[38.331s] -- Installing: /home/wheeltec/wheeltec_ros2/install/ollama_ros_msgs/lib/libollama_ros_msgs__rosidl_generator_py.so
[38.332s] -- Set runtime path of "/home/wheeltec/wheeltec_ros2/install/ollama_ros_msgs/lib/libollama_ros_msgs__rosidl_generator_py.so" to ""
[38.332s] -- Installing: /home/wheeltec/wheeltec_ros2/install/ollama_ros_msgs/share/ollama_ros_msgs/cmake/export_ollama_ros_msgs__rosidl_generator_cExport.cmake
[38.332s] -- Installing: /home/wheeltec/wheeltec_ros2/install/ollama_ros_msgs/share/ollama_ros_msgs/cmake/export_ollama_ros_msgs__rosidl_generator_cExport-noconfig.cmake
[38.332s] -- Installing: /home/wheeltec/wheeltec_ros2/install/ollama_ros_msgs/share/ollama_ros_msgs/cmake/export_ollama_ros_msgs__rosidl_typesupport_fastrtps_cExport.cmake
[38.332s] -- Installing: /home/wheeltec/wheeltec_ros2/install/ollama_ros_msgs/share/ollama_ros_msgs/cmake/export_ollama_ros_msgs__rosidl_typesupport_fastrtps_cExport-noconfig.cmake
[38.332s] -- Installing: /home/wheeltec/wheeltec_ros2/install/ollama_ros_msgs/share/ollama_ros_msgs/cmake/ollama_ros_msgs__rosidl_typesupport_introspection_cExport.cmake
[38.332s] -- Installing: /home/wheeltec/wheeltec_ros2/install/ollama_ros_msgs/share/ollama_ros_msgs/cmake/ollama_ros_msgs__rosidl_typesupport_introspection_cExport-noconfig.cmake
[38.332s] -- Installing: /home/wheeltec/wheeltec_ros2/install/ollama_ros_msgs/share/ollama_ros_msgs/cmake/ollama_ros_msgs__rosidl_typesupport_cExport.cmake
[38.332s] -- Installing: /home/wheeltec/wheeltec_ros2/install/ollama_ros_msgs/share/ollama_ros_msgs/cmake/ollama_ros_msgs__rosidl_typesupport_cExport-noconfig.cmake
[38.332s] -- Installing: /home/wheeltec/wheeltec_ros2/install/ollama_ros_msgs/share/ollama_ros_msgs/cmake/export_ollama_ros_msgs__rosidl_generator_cppExport.cmake
[38.332s] -- Installing: /home/wheeltec/wheeltec_ros2/install/ollama_ros_msgs/share/ollama_ros_msgs/cmake/export_ollama_ros_msgs__rosidl_typesupport_fastrtps_cppExport.cmake
[38.333s] -- Installing: /home/wheeltec/wheeltec_ros2/install/ollama_ros_msgs/share/ollama_ros_msgs/cmake/export_ollama_ros_msgs__rosidl_typesupport_fastrtps_cppExport-noconfig.cmake
[38.333s] -- Installing: /home/wheeltec/wheeltec_ros2/install/ollama_ros_msgs/share/ollama_ros_msgs/cmake/ollama_ros_msgs__rosidl_typesupport_introspection_cppExport.cmake
[38.333s] -- Installing: /home/wheeltec/wheeltec_ros2/install/ollama_ros_msgs/share/ollama_ros_msgs/cmake/ollama_ros_msgs__rosidl_typesupport_introspection_cppExport-noconfig.cmake
[38.333s] -- Installing: /home/wheeltec/wheeltec_ros2/install/ollama_ros_msgs/share/ollama_ros_msgs/cmake/ollama_ros_msgs__rosidl_typesupport_cppExport.cmake
[38.333s] -- Installing: /home/wheeltec/wheeltec_ros2/install/ollama_ros_msgs/share/ollama_ros_msgs/cmake/ollama_ros_msgs__rosidl_typesupport_cppExport-noconfig.cmake
[38.333s] -- Installing: /home/wheeltec/wheeltec_ros2/install/ollama_ros_msgs/share/ollama_ros_msgs/cmake/export_ollama_ros_msgs__rosidl_generator_pyExport.cmake
[38.333s] -- Installing: /home/wheeltec/wheeltec_ros2/install/ollama_ros_msgs/share/ollama_ros_msgs/cmake/export_ollama_ros_msgs__rosidl_generator_pyExport-noconfig.cmake
[38.336s] Invoked command in '/home/wheeltec/wheeltec_ros2/build/ollama_ros_msgs' returned '0': CMAKE_PREFIX_PATH=${CMAKE_PREFIX_PATH}:/home/wheeltec/autoware/install/autoware_wheeltec_interface:/home/wheeltec/autoware/install/ad_api_visualizers:/opt/ros/humble /usr/bin/cmake --install /home/wheeltec/wheeltec_ros2/build/ollama_ros_msgs
