gmake: Warning: File 'Makefile' has modification time 1766049051 s in the future
gmake[1]: Warning: File 'CMakeFiles/Makefile2' has modification time 1766049051 s in the future
gmake[2]: Warning: File 'src/map/CMakeFiles/map_lib.dir/flags.make' has modification time 1766049051 s in the future
gmake[2]: Warning: File 'src/pf/CMakeFiles/pf_lib.dir/flags.make' has modification time 1766049051 s in the future
gmake[2]: warning:  Clock skew detected.  Your build may be incomplete.
gmake[2]: Warning: File 'src/map/CMakeFiles/map_lib.dir/flags.make' has modification time 1766049050 s in the future
gmake[2]: warning:  Clock skew detected.  Your build may be incomplete.
gmake[2]: warning:  Clock skew detected.  Your build may be incomplete.
gmake[2]: Warning: File 'src/pf/CMakeFiles/pf_lib.dir/flags.make' has modification time 1766049050 s in the future
gmake[2]: warning:  Clock skew detected.  Your build may be incomplete.
gmake[2]: Warning: File 'src/sensors/CMakeFiles/sensors_lib.dir/flags.make' has modification time 1766049050 s in the future
gmake[2]: Warning: File 'src/motion_model/CMakeFiles/motions_lib.dir/flags.make' has modification time 1766049050 s in the future
gmake[2]: warning:  Clock skew detected.  Your build may be incomplete.
gmake[2]: warning:  Clock skew detected.  Your build may be incomplete.
gmake[2]: Warning: File 'src/sensors/CMakeFiles/sensors_lib.dir/flags.make' has modification time 1766049050 s in the future
gmake[2]: warning:  Clock skew detected.  Your build may be incomplete.
gmake[2]: Warning: File 'src/motion_model/CMakeFiles/motions_lib.dir/flags.make' has modification time 1766049050 s in the future
gmake[2]: warning:  Clock skew detected.  Your build may be incomplete.
gmake[2]: Warning: File 'CMakeFiles/amcl_core.dir/flags.make' has modification time 1766049049 s in the future
gmake[2]: warning:  Clock skew detected.  Your build may be incomplete.
gmake[2]: Warning: File 'CMakeFiles/amcl_core.dir/flags.make' has modification time 1766049049 s in the future
gmake[2]: warning:  Clock skew detected.  Your build may be incomplete.
gmake[2]: Warning: File 'CMakeFiles/amcl.dir/flags.make' has modification time 1766049049 s in the future
gmake[2]: warning:  Clock skew detected.  Your build may be incomplete.
gmake[2]: Warning: File 'CMakeFiles/amcl.dir/flags.make' has modification time 1766049049 s in the future
gmake[2]: warning:  Clock skew detected.  Your build may be incomplete.
gmake[1]: warning:  Clock skew detected.  Your build may be incomplete.
gmake: warning:  Clock skew detected.  Your build may be incomplete.
