[0.135s] Invoking command in '/home/wheeltec/wheeltec_ros2/build/wheeltec_robot_kcf': CMAKE_PREFIX_PATH=${CMAKE_PREFIX_PATH}:/home/wheeltec/wheeltec_ros2/install/simple_follower_ros2:/home/wheeltec/wheeltec_ros2/install/wheeltec_robot_keyboard:/home/wheeltec/wheeltec_ros2/install/wheeltec_dual_rtk_driver:/home/wheeltec/wheeltec_ros2/install/ultralytics_ros2:/home/wheeltec/wheeltec_ros2/install/tf2_tools:/home/wheeltec/wheeltec_ros2/install/ollama_ros_chat:/home/wheeltec/wheeltec_ros2/install/nmea_navsat_driver:/home/wheeltec/wheeltec_ros2/install/nav2_waypoint_cycle:/home/wheeltec/wheeltec_ros2/install/nav2_simple_commander:/home/wheeltec/wheeltec_ros2/install/auto_recharge_ros2:/home/wheeltec/autoware/install/autoware_wheeltec_interface:/home/wheeltec/autoware/install/ad_api_visualizers:/opt/ros/humble /usr/bin/cmake --build /home/wheeltec/wheeltec_ros2/build/wheeltec_robot_kcf -- -j6 -l6
[0.651s] [100%] Built target run_tracker_node
[0.838s] Invoked command in '/home/wheeltec/wheeltec_ros2/build/wheeltec_robot_kcf' returned '0': CMAKE_PREFIX_PATH=${CMAKE_PREFIX_PATH}:/home/wheeltec/wheeltec_ros2/install/simple_follower_ros2:/home/wheeltec/wheeltec_ros2/install/wheeltec_robot_keyboard:/home/wheeltec/wheeltec_ros2/install/wheeltec_dual_rtk_driver:/home/wheeltec/wheeltec_ros2/install/ultralytics_ros2:/home/wheeltec/wheeltec_ros2/install/tf2_tools:/home/wheeltec/wheeltec_ros2/install/ollama_ros_chat:/home/wheeltec/wheeltec_ros2/install/nmea_navsat_driver:/home/wheeltec/wheeltec_ros2/install/nav2_waypoint_cycle:/home/wheeltec/wheeltec_ros2/install/nav2_simple_commander:/home/wheeltec/wheeltec_ros2/install/auto_recharge_ros2:/home/wheeltec/autoware/install/autoware_wheeltec_interface:/home/wheeltec/autoware/install/ad_api_visualizers:/opt/ros/humble /usr/bin/cmake --build /home/wheeltec/wheeltec_ros2/build/wheeltec_robot_kcf -- -j6 -l6
[0.841s] Invoking command in '/home/wheeltec/wheeltec_ros2/build/wheeltec_robot_kcf': CMAKE_PREFIX_PATH=${CMAKE_PREFIX_PATH}:/home/wheeltec/wheeltec_ros2/install/simple_follower_ros2:/home/wheeltec/wheeltec_ros2/install/wheeltec_robot_keyboard:/home/wheeltec/wheeltec_ros2/install/wheeltec_dual_rtk_driver:/home/wheeltec/wheeltec_ros2/install/ultralytics_ros2:/home/wheeltec/wheeltec_ros2/install/tf2_tools:/home/wheeltec/wheeltec_ros2/install/ollama_ros_chat:/home/wheeltec/wheeltec_ros2/install/nmea_navsat_driver:/home/wheeltec/wheeltec_ros2/install/nav2_waypoint_cycle:/home/wheeltec/wheeltec_ros2/install/nav2_simple_commander:/home/wheeltec/wheeltec_ros2/install/auto_recharge_ros2:/home/wheeltec/autoware/install/autoware_wheeltec_interface:/home/wheeltec/autoware/install/ad_api_visualizers:/opt/ros/humble /usr/bin/cmake --install /home/wheeltec/wheeltec_ros2/build/wheeltec_robot_kcf
[0.921s] -- Install configuration: ""
[0.922s] -- Execute custom install script
[0.923s] -- Up-to-date symlink: /home/wheeltec/wheeltec_ros2/install/wheeltec_robot_kcf/lib/wheeltec_robot_kcf/run_tracker_node
[0.924s] -- Up-to-date symlink: /home/wheeltec/wheeltec_ros2/install/wheeltec_robot_kcf/share/wheeltec_robot_kcf/launch/wheeltec_robot_kcf.launch.py
[0.925s] -- Up-to-date symlink: /home/wheeltec/wheeltec_ros2/install/wheeltec_robot_kcf/share/ament_index/resource_index/package_run_dependencies/wheeltec_robot_kcf
[0.926s] -- Up-to-date symlink: /home/wheeltec/wheeltec_ros2/install/wheeltec_robot_kcf/share/ament_index/resource_index/parent_prefix_path/wheeltec_robot_kcf
[0.926s] -- Up-to-date symlink: /home/wheeltec/wheeltec_ros2/install/wheeltec_robot_kcf/share/wheeltec_robot_kcf/environment/ament_prefix_path.sh
[0.926s] -- Up-to-date symlink: /home/wheeltec/wheeltec_ros2/install/wheeltec_robot_kcf/share/wheeltec_robot_kcf/environment/ament_prefix_path.dsv
[0.926s] -- Up-to-date symlink: /home/wheeltec/wheeltec_ros2/install/wheeltec_robot_kcf/share/wheeltec_robot_kcf/environment/path.sh
[0.926s] -- Up-to-date symlink: /home/wheeltec/wheeltec_ros2/install/wheeltec_robot_kcf/share/wheeltec_robot_kcf/environment/path.dsv
[0.927s] -- Up-to-date symlink: /home/wheeltec/wheeltec_ros2/install/wheeltec_robot_kcf/share/wheeltec_robot_kcf/local_setup.bash
[0.927s] -- Up-to-date symlink: /home/wheeltec/wheeltec_ros2/install/wheeltec_robot_kcf/share/wheeltec_robot_kcf/local_setup.sh
[0.927s] -- Up-to-date symlink: /home/wheeltec/wheeltec_ros2/install/wheeltec_robot_kcf/share/wheeltec_robot_kcf/local_setup.zsh
[0.927s] -- Up-to-date symlink: /home/wheeltec/wheeltec_ros2/install/wheeltec_robot_kcf/share/wheeltec_robot_kcf/local_setup.dsv
[0.927s] -- Symlinking: /home/wheeltec/wheeltec_ros2/install/wheeltec_robot_kcf/share/wheeltec_robot_kcf/package.dsv
[1.004s] -- Up-to-date symlink: /home/wheeltec/wheeltec_ros2/install/wheeltec_robot_kcf/share/ament_index/resource_index/packages/wheeltec_robot_kcf
[1.005s] -- Up-to-date symlink: /home/wheeltec/wheeltec_ros2/install/wheeltec_robot_kcf/share/wheeltec_robot_kcf/cmake/wheeltec_robot_kcfConfig.cmake
[1.005s] -- Up-to-date symlink: /home/wheeltec/wheeltec_ros2/install/wheeltec_robot_kcf/share/wheeltec_robot_kcf/cmake/wheeltec_robot_kcfConfig-version.cmake
[1.005s] -- Up-to-date symlink: /home/wheeltec/wheeltec_ros2/install/wheeltec_robot_kcf/share/wheeltec_robot_kcf/package.xml
[1.762s] Invoked command in '/home/wheeltec/wheeltec_ros2/build/wheeltec_robot_kcf' returned '0': CMAKE_PREFIX_PATH=${CMAKE_PREFIX_PATH}:/home/wheeltec/wheeltec_ros2/install/simple_follower_ros2:/home/wheeltec/wheeltec_ros2/install/wheeltec_robot_keyboard:/home/wheeltec/wheeltec_ros2/install/wheeltec_dual_rtk_driver:/home/wheeltec/wheeltec_ros2/install/ultralytics_ros2:/home/wheeltec/wheeltec_ros2/install/tf2_tools:/home/wheeltec/wheeltec_ros2/install/ollama_ros_chat:/home/wheeltec/wheeltec_ros2/install/nmea_navsat_driver:/home/wheeltec/wheeltec_ros2/install/nav2_waypoint_cycle:/home/wheeltec/wheeltec_ros2/install/nav2_simple_commander:/home/wheeltec/wheeltec_ros2/install/auto_recharge_ros2:/home/wheeltec/autoware/install/autoware_wheeltec_interface:/home/wheeltec/autoware/install/ad_api_visualizers:/opt/ros/humble /usr/bin/cmake --install /home/wheeltec/wheeltec_ros2/build/wheeltec_robot_kcf
