[0.280s] Invoking command in '/home/wheeltec/wheeltec_ros2/build/cloud_msgs': CMAKE_PREFIX_PATH=${CMAKE_PREFIX_PATH}:/home/wheeltec/wheeltec_ros2/install/simple_follower_ros2:/home/wheeltec/wheeltec_ros2/install/wheeltec_robot_keyboard:/home/wheeltec/wheeltec_ros2/install/wheeltec_dual_rtk_driver:/home/wheeltec/wheeltec_ros2/install/ultralytics_ros2:/home/wheeltec/wheeltec_ros2/install/tf2_tools:/home/wheeltec/wheeltec_ros2/install/ollama_ros_chat:/home/wheeltec/wheeltec_ros2/install/nmea_navsat_driver:/home/wheeltec/wheeltec_ros2/install/nav2_waypoint_cycle:/home/wheeltec/wheeltec_ros2/install/nav2_simple_commander:/home/wheeltec/wheeltec_ros2/install/largemodel:/home/wheeltec/wheeltec_ros2/install/auto_recharge_ros2:/home/wheeltec/autoware/install/autoware_wheeltec_interface:/home/wheeltec/autoware/install/ad_api_visualizers:/opt/ros/humble /usr/bin/cmake --build /home/wheeltec/wheeltec_ros2/build/cloud_msgs -- -j6 -l6
[1.482s] [  3%] Built target cloud_msgs__cpp
[1.640s] [ 12%] Built target cloud_msgs__rosidl_generator_c
[1.851s] [ 12%] Built target ament_cmake_python_symlink_cloud_msgs
[1.996s] [ 22%] Built target cloud_msgs__rosidl_typesupport_introspection_cpp
[2.027s] [ 32%] Built target cloud_msgs__rosidl_typesupport_fastrtps_cpp
[2.118s] [ 41%] Built target cloud_msgs__rosidl_typesupport_cpp
[2.157s] [ 51%] Built target cloud_msgs__rosidl_typesupport_introspection_c
[2.247s] [ 61%] Built target cloud_msgs__rosidl_typesupport_c
[2.474s] [ 70%] Built target cloud_msgs__rosidl_typesupport_fastrtps_c
[2.943s] [ 70%] Built target cloud_msgs
[3.340s] [ 74%] Built target cloud_msgs__py
[3.872s] [ 80%] Built target cloud_msgs__rosidl_generator_py
[4.125s] running egg_info
[4.138s] writing cloud_msgs.egg-info/PKG-INFO
[4.139s] writing dependency_links to cloud_msgs.egg-info/dependency_links.txt
[4.141s] writing top-level names to cloud_msgs.egg-info/top_level.txt
[4.195s] reading manifest file 'cloud_msgs.egg-info/SOURCES.txt'
[4.196s] writing manifest file 'cloud_msgs.egg-info/SOURCES.txt'
[4.444s] [ 87%] Built target cloud_msgs__rosidl_typesupport_c__pyext
[4.452s] [ 93%] Built target cloud_msgs__rosidl_typesupport_introspection_c__pyext
[4.466s] [100%] Built target cloud_msgs__rosidl_typesupport_fastrtps_c__pyext
[4.548s] [100%] Built target ament_cmake_python_build_cloud_msgs_egg
[4.722s] Invoked command in '/home/wheeltec/wheeltec_ros2/build/cloud_msgs' returned '0': CMAKE_PREFIX_PATH=${CMAKE_PREFIX_PATH}:/home/wheeltec/wheeltec_ros2/install/simple_follower_ros2:/home/wheeltec/wheeltec_ros2/install/wheeltec_robot_keyboard:/home/wheeltec/wheeltec_ros2/install/wheeltec_dual_rtk_driver:/home/wheeltec/wheeltec_ros2/install/ultralytics_ros2:/home/wheeltec/wheeltec_ros2/install/tf2_tools:/home/wheeltec/wheeltec_ros2/install/ollama_ros_chat:/home/wheeltec/wheeltec_ros2/install/nmea_navsat_driver:/home/wheeltec/wheeltec_ros2/install/nav2_waypoint_cycle:/home/wheeltec/wheeltec_ros2/install/nav2_simple_commander:/home/wheeltec/wheeltec_ros2/install/largemodel:/home/wheeltec/wheeltec_ros2/install/auto_recharge_ros2:/home/wheeltec/autoware/install/autoware_wheeltec_interface:/home/wheeltec/autoware/install/ad_api_visualizers:/opt/ros/humble /usr/bin/cmake --build /home/wheeltec/wheeltec_ros2/build/cloud_msgs -- -j6 -l6
[4.723s] Invoking command in '/home/wheeltec/wheeltec_ros2/build/cloud_msgs': CMAKE_PREFIX_PATH=${CMAKE_PREFIX_PATH}:/home/wheeltec/wheeltec_ros2/install/simple_follower_ros2:/home/wheeltec/wheeltec_ros2/install/wheeltec_robot_keyboard:/home/wheeltec/wheeltec_ros2/install/wheeltec_dual_rtk_driver:/home/wheeltec/wheeltec_ros2/install/ultralytics_ros2:/home/wheeltec/wheeltec_ros2/install/tf2_tools:/home/wheeltec/wheeltec_ros2/install/ollama_ros_chat:/home/wheeltec/wheeltec_ros2/install/nmea_navsat_driver:/home/wheeltec/wheeltec_ros2/install/nav2_waypoint_cycle:/home/wheeltec/wheeltec_ros2/install/nav2_simple_commander:/home/wheeltec/wheeltec_ros2/install/largemodel:/home/wheeltec/wheeltec_ros2/install/auto_recharge_ros2:/home/wheeltec/autoware/install/autoware_wheeltec_interface:/home/wheeltec/autoware/install/ad_api_visualizers:/opt/ros/humble /usr/bin/cmake --install /home/wheeltec/wheeltec_ros2/build/cloud_msgs
[4.831s] -- Install configuration: ""
[4.832s] -- Execute custom install script
[4.832s] -- Up-to-date symlink: /home/wheeltec/wheeltec_ros2/install/cloud_msgs/share/ament_index/resource_index/rosidl_interfaces/cloud_msgs
[4.833s] -- Up-to-date symlink: /home/wheeltec/wheeltec_ros2/install/cloud_msgs/include/cloud_msgs/cloud_msgs/msg/cloud_info.h
[4.833s] -- Up-to-date symlink: /home/wheeltec/wheeltec_ros2/install/cloud_msgs/include/cloud_msgs/cloud_msgs/msg/detail/cloud_info__functions.h
[4.833s] -- Up-to-date symlink: /home/wheeltec/wheeltec_ros2/install/cloud_msgs/include/cloud_msgs/cloud_msgs/msg/detail/cloud_info__struct.h
[4.833s] -- Up-to-date symlink: /home/wheeltec/wheeltec_ros2/install/cloud_msgs/include/cloud_msgs/cloud_msgs/msg/detail/cloud_info__type_support.h
[4.833s] -- Up-to-date symlink: /home/wheeltec/wheeltec_ros2/install/cloud_msgs/include/cloud_msgs/cloud_msgs/msg/rosidl_generator_c__visibility_control.h
[4.834s] -- Up-to-date symlink: /home/wheeltec/wheeltec_ros2/install/cloud_msgs/share/cloud_msgs/environment/library_path.sh
[4.834s] -- Up-to-date symlink: /home/wheeltec/wheeltec_ros2/install/cloud_msgs/share/cloud_msgs/environment/library_path.dsv
[4.835s] -- Up-to-date symlink: /home/wheeltec/wheeltec_ros2/install/cloud_msgs/include/cloud_msgs/cloud_msgs/msg/detail/cloud_info__rosidl_typesupport_fastrtps_c.h
[4.835s] -- Up-to-date symlink: /home/wheeltec/wheeltec_ros2/install/cloud_msgs/include/cloud_msgs/cloud_msgs/msg/rosidl_typesupport_fastrtps_c__visibility_control.h
[4.835s] -- Up-to-date symlink: /home/wheeltec/wheeltec_ros2/install/cloud_msgs/include/cloud_msgs/cloud_msgs/msg/cloud_info.hpp
[4.835s] -- Up-to-date symlink: /home/wheeltec/wheeltec_ros2/install/cloud_msgs/include/cloud_msgs/cloud_msgs/msg/detail/cloud_info__builder.hpp
[4.835s] -- Up-to-date symlink: /home/wheeltec/wheeltec_ros2/install/cloud_msgs/include/cloud_msgs/cloud_msgs/msg/detail/cloud_info__struct.hpp
[4.836s] -- Up-to-date symlink: /home/wheeltec/wheeltec_ros2/install/cloud_msgs/include/cloud_msgs/cloud_msgs/msg/detail/cloud_info__traits.hpp
[4.836s] -- Up-to-date symlink: /home/wheeltec/wheeltec_ros2/install/cloud_msgs/include/cloud_msgs/cloud_msgs/msg/detail/cloud_info__type_support.hpp
[4.836s] -- Up-to-date symlink: /home/wheeltec/wheeltec_ros2/install/cloud_msgs/include/cloud_msgs/cloud_msgs/msg/rosidl_generator_cpp__visibility_control.hpp
[4.837s] -- Up-to-date symlink: /home/wheeltec/wheeltec_ros2/install/cloud_msgs/include/cloud_msgs/cloud_msgs/msg/detail/cloud_info__rosidl_typesupport_fastrtps_cpp.hpp
[4.837s] -- Up-to-date symlink: /home/wheeltec/wheeltec_ros2/install/cloud_msgs/include/cloud_msgs/cloud_msgs/msg/rosidl_typesupport_fastrtps_cpp__visibility_control.h
[4.837s] -- Up-to-date symlink: /home/wheeltec/wheeltec_ros2/install/cloud_msgs/include/cloud_msgs/cloud_msgs/msg/detail/cloud_info__rosidl_typesupport_introspection_c.h
[4.837s] -- Up-to-date symlink: /home/wheeltec/wheeltec_ros2/install/cloud_msgs/include/cloud_msgs/cloud_msgs/msg/rosidl_typesupport_introspection_c__visibility_control.h
[4.838s] -- Up-to-date symlink: /home/wheeltec/wheeltec_ros2/install/cloud_msgs/include/cloud_msgs/cloud_msgs/msg/detail/cloud_info__rosidl_typesupport_introspection_cpp.hpp
[4.838s] -- Up-to-date symlink: /home/wheeltec/wheeltec_ros2/install/cloud_msgs/share/cloud_msgs/environment/pythonpath.sh
[4.838s] -- Up-to-date symlink: /home/wheeltec/wheeltec_ros2/install/cloud_msgs/share/cloud_msgs/environment/pythonpath.dsv
[4.839s] -- Up-to-date symlink: /home/wheeltec/wheeltec_ros2/install/cloud_msgs/local/lib/python3.10/dist-packages/cloud_msgs-1.0.0-py3.10.egg-info/PKG-INFO
[4.839s] -- Up-to-date symlink: /home/wheeltec/wheeltec_ros2/install/cloud_msgs/local/lib/python3.10/dist-packages/cloud_msgs-1.0.0-py3.10.egg-info/SOURCES.txt
[4.839s] -- Up-to-date symlink: /home/wheeltec/wheeltec_ros2/install/cloud_msgs/local/lib/python3.10/dist-packages/cloud_msgs-1.0.0-py3.10.egg-info/dependency_links.txt
[4.839s] -- Up-to-date symlink: /home/wheeltec/wheeltec_ros2/install/cloud_msgs/local/lib/python3.10/dist-packages/cloud_msgs-1.0.0-py3.10.egg-info/top_level.txt
[4.840s] -- Up-to-date symlink: /home/wheeltec/wheeltec_ros2/install/cloud_msgs/local/lib/python3.10/dist-packages/cloud_msgs/__init__.py
[4.840s] -- Up-to-date symlink: /home/wheeltec/wheeltec_ros2/install/cloud_msgs/local/lib/python3.10/dist-packages/cloud_msgs/_cloud_msgs_s.ep.rosidl_typesupport_c.c
[4.840s] -- Up-to-date symlink: /home/wheeltec/wheeltec_ros2/install/cloud_msgs/local/lib/python3.10/dist-packages/cloud_msgs/_cloud_msgs_s.ep.rosidl_typesupport_fastrtps_c.c
[4.840s] -- Up-to-date symlink: /home/wheeltec/wheeltec_ros2/install/cloud_msgs/local/lib/python3.10/dist-packages/cloud_msgs/_cloud_msgs_s.ep.rosidl_typesupport_introspection_c.c
[4.840s] -- Up-to-date symlink: /home/wheeltec/wheeltec_ros2/install/cloud_msgs/local/lib/python3.10/dist-packages/cloud_msgs/cloud_msgs_s__rosidl_typesupport_c.cpython-310-aarch64-linux-gnu.so
[4.841s] -- Up-to-date symlink: /home/wheeltec/wheeltec_ros2/install/cloud_msgs/local/lib/python3.10/dist-packages/cloud_msgs/cloud_msgs_s__rosidl_typesupport_fastrtps_c.cpython-310-aarch64-linux-gnu.so
[4.841s] -- Up-to-date symlink: /home/wheeltec/wheeltec_ros2/install/cloud_msgs/local/lib/python3.10/dist-packages/cloud_msgs/cloud_msgs_s__rosidl_typesupport_introspection_c.cpython-310-aarch64-linux-gnu.so
[4.841s] -- Up-to-date symlink: /home/wheeltec/wheeltec_ros2/install/cloud_msgs/local/lib/python3.10/dist-packages/cloud_msgs/libcloud_msgs__rosidl_generator_py.so
[4.841s] -- Up-to-date symlink: /home/wheeltec/wheeltec_ros2/install/cloud_msgs/local/lib/python3.10/dist-packages/cloud_msgs/msg/__init__.py
[4.841s] -- Up-to-date symlink: /home/wheeltec/wheeltec_ros2/install/cloud_msgs/local/lib/python3.10/dist-packages/cloud_msgs/msg/_cloud_info.py
[4.858s] -- Up-to-date symlink: /home/wheeltec/wheeltec_ros2/install/cloud_msgs/local/lib/python3.10/dist-packages/cloud_msgs/msg/_cloud_info_s.c
[4.858s] -- Up-to-date symlink: /home/wheeltec/wheeltec_ros2/install/cloud_msgs/local/lib/python3.10/dist-packages/cloud_msgs/cloud_msgs_s__rosidl_typesupport_fastrtps_c.cpython-310-aarch64-linux-gnu.so
[4.859s] -- Up-to-date symlink: /home/wheeltec/wheeltec_ros2/install/cloud_msgs/local/lib/python3.10/dist-packages/cloud_msgs/cloud_msgs_s__rosidl_typesupport_introspection_c.cpython-310-aarch64-linux-gnu.so
[4.859s] -- Up-to-date symlink: /home/wheeltec/wheeltec_ros2/install/cloud_msgs/local/lib/python3.10/dist-packages/cloud_msgs/cloud_msgs_s__rosidl_typesupport_c.cpython-310-aarch64-linux-gnu.so
[4.859s] -- Up-to-date symlink: /home/wheeltec/wheeltec_ros2/install/cloud_msgs/share/cloud_msgs/msg/CloudInfo.idl
[4.859s] -- Up-to-date symlink: /home/wheeltec/wheeltec_ros2/install/cloud_msgs/share/cloud_msgs/msg/CloudInfo.msg
[4.860s] -- Up-to-date symlink: /home/wheeltec/wheeltec_ros2/install/cloud_msgs/share/ament_index/resource_index/package_run_dependencies/cloud_msgs
[4.860s] -- Up-to-date symlink: /home/wheeltec/wheeltec_ros2/install/cloud_msgs/share/ament_index/resource_index/parent_prefix_path/cloud_msgs
[4.860s] -- Up-to-date symlink: /home/wheeltec/wheeltec_ros2/install/cloud_msgs/share/cloud_msgs/environment/ament_prefix_path.sh
[4.860s] -- Up-to-date symlink: /home/wheeltec/wheeltec_ros2/install/cloud_msgs/share/cloud_msgs/environment/ament_prefix_path.dsv
[4.861s] -- Up-to-date symlink: /home/wheeltec/wheeltec_ros2/install/cloud_msgs/share/cloud_msgs/environment/path.sh
[4.861s] -- Up-to-date symlink: /home/wheeltec/wheeltec_ros2/install/cloud_msgs/share/cloud_msgs/environment/path.dsv
[4.861s] -- Up-to-date symlink: /home/wheeltec/wheeltec_ros2/install/cloud_msgs/share/cloud_msgs/local_setup.bash
[4.861s] -- Up-to-date symlink: /home/wheeltec/wheeltec_ros2/install/cloud_msgs/share/cloud_msgs/local_setup.sh
[4.861s] -- Up-to-date symlink: /home/wheeltec/wheeltec_ros2/install/cloud_msgs/share/cloud_msgs/local_setup.zsh
[4.862s] -- Up-to-date symlink: /home/wheeltec/wheeltec_ros2/install/cloud_msgs/share/cloud_msgs/local_setup.dsv
[4.862s] -- Symlinking: /home/wheeltec/wheeltec_ros2/install/cloud_msgs/share/cloud_msgs/package.dsv
[4.989s] -- Up-to-date symlink: /home/wheeltec/wheeltec_ros2/install/cloud_msgs/share/ament_index/resource_index/packages/cloud_msgs
[4.989s] -- Up-to-date symlink: /home/wheeltec/wheeltec_ros2/install/cloud_msgs/share/cloud_msgs/cmake/rosidl_cmake-extras.cmake
[4.989s] -- Up-to-date symlink: /home/wheeltec/wheeltec_ros2/install/cloud_msgs/share/cloud_msgs/cmake/ament_cmake_export_dependencies-extras.cmake
[4.989s] -- Up-to-date symlink: /home/wheeltec/wheeltec_ros2/install/cloud_msgs/share/cloud_msgs/cmake/ament_cmake_export_include_directories-extras.cmake
[4.989s] -- Up-to-date symlink: /home/wheeltec/wheeltec_ros2/install/cloud_msgs/share/cloud_msgs/cmake/ament_cmake_export_libraries-extras.cmake
[4.990s] -- Up-to-date symlink: /home/wheeltec/wheeltec_ros2/install/cloud_msgs/share/cloud_msgs/cmake/ament_cmake_export_targets-extras.cmake
[4.990s] -- Up-to-date symlink: /home/wheeltec/wheeltec_ros2/install/cloud_msgs/share/cloud_msgs/cmake/rosidl_cmake_export_typesupport_targets-extras.cmake
[4.990s] -- Up-to-date symlink: /home/wheeltec/wheeltec_ros2/install/cloud_msgs/share/cloud_msgs/cmake/rosidl_cmake_export_typesupport_libraries-extras.cmake
[4.990s] -- Up-to-date symlink: /home/wheeltec/wheeltec_ros2/install/cloud_msgs/share/cloud_msgs/cmake/cloud_msgsConfig.cmake
[4.990s] -- Up-to-date symlink: /home/wheeltec/wheeltec_ros2/install/cloud_msgs/share/cloud_msgs/cmake/cloud_msgsConfig-version.cmake
[4.990s] -- Up-to-date symlink: /home/wheeltec/wheeltec_ros2/install/cloud_msgs/share/cloud_msgs/package.xml
[4.991s] -- Up-to-date: /home/wheeltec/wheeltec_ros2/install/cloud_msgs/lib/libcloud_msgs__rosidl_generator_c.so
[4.991s] -- Up-to-date: /home/wheeltec/wheeltec_ros2/install/cloud_msgs/lib/libcloud_msgs__rosidl_typesupport_fastrtps_c.so
[4.992s] -- Up-to-date: /home/wheeltec/wheeltec_ros2/install/cloud_msgs/lib/libcloud_msgs__rosidl_typesupport_fastrtps_cpp.so
[4.992s] -- Up-to-date: /home/wheeltec/wheeltec_ros2/install/cloud_msgs/lib/libcloud_msgs__rosidl_typesupport_introspection_c.so
[4.992s] -- Up-to-date: /home/wheeltec/wheeltec_ros2/install/cloud_msgs/lib/libcloud_msgs__rosidl_typesupport_c.so
[4.993s] -- Up-to-date: /home/wheeltec/wheeltec_ros2/install/cloud_msgs/lib/libcloud_msgs__rosidl_typesupport_introspection_cpp.so
[4.993s] -- Up-to-date: /home/wheeltec/wheeltec_ros2/install/cloud_msgs/lib/libcloud_msgs__rosidl_typesupport_cpp.so
[5.292s] Listing '/home/wheeltec/wheeltec_ros2/install/cloud_msgs/local/lib/python3.10/dist-packages/cloud_msgs'...
[5.292s] Listing '/home/wheeltec/wheeltec_ros2/install/cloud_msgs/local/lib/python3.10/dist-packages/cloud_msgs/msg'...
[5.306s] -- Up-to-date: /home/wheeltec/wheeltec_ros2/install/cloud_msgs/lib/libcloud_msgs__rosidl_generator_py.so
[5.306s] -- Up-to-date: /home/wheeltec/wheeltec_ros2/install/cloud_msgs/share/cloud_msgs/cmake/export_cloud_msgs__rosidl_generator_cExport.cmake
[5.307s] -- Up-to-date: /home/wheeltec/wheeltec_ros2/install/cloud_msgs/share/cloud_msgs/cmake/export_cloud_msgs__rosidl_generator_cExport-noconfig.cmake
[5.307s] -- Up-to-date: /home/wheeltec/wheeltec_ros2/install/cloud_msgs/share/cloud_msgs/cmake/export_cloud_msgs__rosidl_typesupport_fastrtps_cExport.cmake
[5.307s] -- Up-to-date: /home/wheeltec/wheeltec_ros2/install/cloud_msgs/share/cloud_msgs/cmake/export_cloud_msgs__rosidl_typesupport_fastrtps_cExport-noconfig.cmake
[5.307s] -- Up-to-date: /home/wheeltec/wheeltec_ros2/install/cloud_msgs/share/cloud_msgs/cmake/export_cloud_msgs__rosidl_generator_cppExport.cmake
[5.307s] -- Up-to-date: /home/wheeltec/wheeltec_ros2/install/cloud_msgs/share/cloud_msgs/cmake/export_cloud_msgs__rosidl_typesupport_fastrtps_cppExport.cmake
[5.307s] -- Up-to-date: /home/wheeltec/wheeltec_ros2/install/cloud_msgs/share/cloud_msgs/cmake/export_cloud_msgs__rosidl_typesupport_fastrtps_cppExport-noconfig.cmake
[5.307s] -- Up-to-date: /home/wheeltec/wheeltec_ros2/install/cloud_msgs/share/cloud_msgs/cmake/cloud_msgs__rosidl_typesupport_introspection_cExport.cmake
[5.308s] -- Up-to-date: /home/wheeltec/wheeltec_ros2/install/cloud_msgs/share/cloud_msgs/cmake/cloud_msgs__rosidl_typesupport_introspection_cExport-noconfig.cmake
[5.308s] -- Up-to-date: /home/wheeltec/wheeltec_ros2/install/cloud_msgs/share/cloud_msgs/cmake/cloud_msgs__rosidl_typesupport_cExport.cmake
[5.308s] -- Up-to-date: /home/wheeltec/wheeltec_ros2/install/cloud_msgs/share/cloud_msgs/cmake/cloud_msgs__rosidl_typesupport_cExport-noconfig.cmake
[5.308s] -- Up-to-date: /home/wheeltec/wheeltec_ros2/install/cloud_msgs/share/cloud_msgs/cmake/cloud_msgs__rosidl_typesupport_introspection_cppExport.cmake
[5.308s] -- Up-to-date: /home/wheeltec/wheeltec_ros2/install/cloud_msgs/share/cloud_msgs/cmake/cloud_msgs__rosidl_typesupport_introspection_cppExport-noconfig.cmake
[5.308s] -- Up-to-date: /home/wheeltec/wheeltec_ros2/install/cloud_msgs/share/cloud_msgs/cmake/cloud_msgs__rosidl_typesupport_cppExport.cmake
[5.308s] -- Up-to-date: /home/wheeltec/wheeltec_ros2/install/cloud_msgs/share/cloud_msgs/cmake/cloud_msgs__rosidl_typesupport_cppExport-noconfig.cmake
[5.308s] -- Up-to-date: /home/wheeltec/wheeltec_ros2/install/cloud_msgs/share/cloud_msgs/cmake/export_cloud_msgs__rosidl_generator_pyExport.cmake
[5.308s] -- Up-to-date: /home/wheeltec/wheeltec_ros2/install/cloud_msgs/share/cloud_msgs/cmake/export_cloud_msgs__rosidl_generator_pyExport-noconfig.cmake
[6.001s] Invoked command in '/home/wheeltec/wheeltec_ros2/build/cloud_msgs' returned '0': CMAKE_PREFIX_PATH=${CMAKE_PREFIX_PATH}:/home/wheeltec/wheeltec_ros2/install/simple_follower_ros2:/home/wheeltec/wheeltec_ros2/install/wheeltec_robot_keyboard:/home/wheeltec/wheeltec_ros2/install/wheeltec_dual_rtk_driver:/home/wheeltec/wheeltec_ros2/install/ultralytics_ros2:/home/wheeltec/wheeltec_ros2/install/tf2_tools:/home/wheeltec/wheeltec_ros2/install/ollama_ros_chat:/home/wheeltec/wheeltec_ros2/install/nmea_navsat_driver:/home/wheeltec/wheeltec_ros2/install/nav2_waypoint_cycle:/home/wheeltec/wheeltec_ros2/install/nav2_simple_commander:/home/wheeltec/wheeltec_ros2/install/largemodel:/home/wheeltec/wheeltec_ros2/install/auto_recharge_ros2:/home/wheeltec/autoware/install/autoware_wheeltec_interface:/home/wheeltec/autoware/install/ad_api_visualizers:/opt/ros/humble /usr/bin/cmake --install /home/wheeltec/wheeltec_ros2/build/cloud_msgs
