[0.340s] Invoking command in '/home/wheeltec/wheeltec_ros2/build/nav_2d_msgs': CMAKE_PREFIX_PATH=${CMAKE_PREFIX_PATH}:/home/wheeltec/wheeltec_ros2/install/simple_follower_ros2:/home/wheeltec/wheeltec_ros2/install/wheeltec_robot_keyboard:/home/wheeltec/wheeltec_ros2/install/wheeltec_dual_rtk_driver:/home/wheeltec/wheeltec_ros2/install/ultralytics_ros2:/home/wheeltec/wheeltec_ros2/install/tf2_tools:/home/wheeltec/wheeltec_ros2/install/ollama_ros_chat:/home/wheeltec/wheeltec_ros2/install/nmea_navsat_driver:/home/wheeltec/wheeltec_ros2/install/nav2_waypoint_cycle:/home/wheeltec/wheeltec_ros2/install/nav2_simple_commander:/home/wheeltec/wheeltec_ros2/install/auto_recharge_ros2:/home/wheeltec/autoware/install/autoware_wheeltec_interface:/home/wheeltec/autoware/install/ad_api_visualizers:/opt/ros/humble /usr/bin/cmake --build /home/wheeltec/wheeltec_ros2/build/nav_2d_msgs -- -j6 -l6
[1.782s] [  1%] Built target nav_2d_msgs__cpp
[1.897s] [  1%] Built target ament_cmake_python_symlink_nav_2d_msgs
[2.166s] [ 12%] Built target nav_2d_msgs__rosidl_generator_c
[2.435s] [ 23%] Built target nav_2d_msgs__rosidl_typesupport_fastrtps_cpp
[2.537s] [ 35%] Built target nav_2d_msgs__rosidl_typesupport_introspection_cpp
[2.546s] [ 46%] Built target nav_2d_msgs__rosidl_typesupport_cpp
[2.811s] [ 57%] Built target nav_2d_msgs__rosidl_typesupport_introspection_c
[2.815s] [ 69%] Built target nav_2d_msgs__rosidl_typesupport_fastrtps_c
[2.868s] [ 80%] Built target nav_2d_msgs__rosidl_typesupport_c
[3.212s] [ 80%] Built target nav_2d_msgs
[3.628s] [ 81%] Built target nav_2d_msgs__py
[3.744s] running egg_info
[3.746s] writing nav_2d_msgs.egg-info/PKG-INFO
[3.746s] writing dependency_links to nav_2d_msgs.egg-info/dependency_links.txt
[3.748s] writing top-level names to nav_2d_msgs.egg-info/top_level.txt
[3.762s] reading manifest file 'nav_2d_msgs.egg-info/SOURCES.txt'
[3.773s] writing manifest file 'nav_2d_msgs.egg-info/SOURCES.txt'
[4.074s] [ 91%] Built target nav_2d_msgs__rosidl_generator_py
[4.285s] [ 91%] Built target ament_cmake_python_build_nav_2d_msgs_egg
[4.759s] [ 94%] Built target nav_2d_msgs__rosidl_typesupport_introspection_c__pyext
[4.928s] [ 97%] Built target nav_2d_msgs__rosidl_typesupport_fastrtps_c__pyext
[4.958s] [100%] Built target nav_2d_msgs__rosidl_typesupport_c__pyext
[5.245s] Invoked command in '/home/wheeltec/wheeltec_ros2/build/nav_2d_msgs' returned '0': CMAKE_PREFIX_PATH=${CMAKE_PREFIX_PATH}:/home/wheeltec/wheeltec_ros2/install/simple_follower_ros2:/home/wheeltec/wheeltec_ros2/install/wheeltec_robot_keyboard:/home/wheeltec/wheeltec_ros2/install/wheeltec_dual_rtk_driver:/home/wheeltec/wheeltec_ros2/install/ultralytics_ros2:/home/wheeltec/wheeltec_ros2/install/tf2_tools:/home/wheeltec/wheeltec_ros2/install/ollama_ros_chat:/home/wheeltec/wheeltec_ros2/install/nmea_navsat_driver:/home/wheeltec/wheeltec_ros2/install/nav2_waypoint_cycle:/home/wheeltec/wheeltec_ros2/install/nav2_simple_commander:/home/wheeltec/wheeltec_ros2/install/auto_recharge_ros2:/home/wheeltec/autoware/install/autoware_wheeltec_interface:/home/wheeltec/autoware/install/ad_api_visualizers:/opt/ros/humble /usr/bin/cmake --build /home/wheeltec/wheeltec_ros2/build/nav_2d_msgs -- -j6 -l6
[5.257s] Invoking command in '/home/wheeltec/wheeltec_ros2/build/nav_2d_msgs': CMAKE_PREFIX_PATH=${CMAKE_PREFIX_PATH}:/home/wheeltec/wheeltec_ros2/install/simple_follower_ros2:/home/wheeltec/wheeltec_ros2/install/wheeltec_robot_keyboard:/home/wheeltec/wheeltec_ros2/install/wheeltec_dual_rtk_driver:/home/wheeltec/wheeltec_ros2/install/ultralytics_ros2:/home/wheeltec/wheeltec_ros2/install/tf2_tools:/home/wheeltec/wheeltec_ros2/install/ollama_ros_chat:/home/wheeltec/wheeltec_ros2/install/nmea_navsat_driver:/home/wheeltec/wheeltec_ros2/install/nav2_waypoint_cycle:/home/wheeltec/wheeltec_ros2/install/nav2_simple_commander:/home/wheeltec/wheeltec_ros2/install/auto_recharge_ros2:/home/wheeltec/autoware/install/autoware_wheeltec_interface:/home/wheeltec/autoware/install/ad_api_visualizers:/opt/ros/humble /usr/bin/cmake --install /home/wheeltec/wheeltec_ros2/build/nav_2d_msgs
[5.343s] -- Install configuration: ""
[5.345s] -- Execute custom install script
[5.345s] -- Up-to-date symlink: /home/wheeltec/wheeltec_ros2/install/nav_2d_msgs/share/ament_index/resource_index/rosidl_interfaces/nav_2d_msgs
[5.347s] -- Up-to-date symlink: /home/wheeltec/wheeltec_ros2/install/nav_2d_msgs/include/nav_2d_msgs/nav_2d_msgs/msg/detail/path2_d__functions.h
[5.348s] -- Up-to-date symlink: /home/wheeltec/wheeltec_ros2/install/nav_2d_msgs/include/nav_2d_msgs/nav_2d_msgs/msg/detail/path2_d__struct.h
[5.348s] -- Up-to-date symlink: /home/wheeltec/wheeltec_ros2/install/nav_2d_msgs/include/nav_2d_msgs/nav_2d_msgs/msg/detail/path2_d__type_support.h
[5.348s] -- Up-to-date symlink: /home/wheeltec/wheeltec_ros2/install/nav_2d_msgs/include/nav_2d_msgs/nav_2d_msgs/msg/detail/pose2_d32__functions.h
[5.348s] -- Up-to-date symlink: /home/wheeltec/wheeltec_ros2/install/nav_2d_msgs/include/nav_2d_msgs/nav_2d_msgs/msg/detail/pose2_d32__struct.h
[5.349s] -- Up-to-date symlink: /home/wheeltec/wheeltec_ros2/install/nav_2d_msgs/include/nav_2d_msgs/nav_2d_msgs/msg/detail/pose2_d32__type_support.h
[5.349s] -- Up-to-date symlink: /home/wheeltec/wheeltec_ros2/install/nav_2d_msgs/include/nav_2d_msgs/nav_2d_msgs/msg/detail/pose2_d_stamped__functions.h
[5.350s] -- Up-to-date symlink: /home/wheeltec/wheeltec_ros2/install/nav_2d_msgs/include/nav_2d_msgs/nav_2d_msgs/msg/detail/pose2_d_stamped__struct.h
[5.350s] -- Up-to-date symlink: /home/wheeltec/wheeltec_ros2/install/nav_2d_msgs/include/nav_2d_msgs/nav_2d_msgs/msg/detail/pose2_d_stamped__type_support.h
[5.350s] -- Up-to-date symlink: /home/wheeltec/wheeltec_ros2/install/nav_2d_msgs/include/nav_2d_msgs/nav_2d_msgs/msg/detail/twist2_d32__functions.h
[5.351s] -- Up-to-date symlink: /home/wheeltec/wheeltec_ros2/install/nav_2d_msgs/include/nav_2d_msgs/nav_2d_msgs/msg/detail/twist2_d32__struct.h
[5.351s] -- Up-to-date symlink: /home/wheeltec/wheeltec_ros2/install/nav_2d_msgs/include/nav_2d_msgs/nav_2d_msgs/msg/detail/twist2_d32__type_support.h
[5.352s] -- Up-to-date symlink: /home/wheeltec/wheeltec_ros2/install/nav_2d_msgs/include/nav_2d_msgs/nav_2d_msgs/msg/detail/twist2_d__functions.h
[5.352s] -- Up-to-date symlink: /home/wheeltec/wheeltec_ros2/install/nav_2d_msgs/include/nav_2d_msgs/nav_2d_msgs/msg/detail/twist2_d__struct.h
[5.352s] -- Up-to-date symlink: /home/wheeltec/wheeltec_ros2/install/nav_2d_msgs/include/nav_2d_msgs/nav_2d_msgs/msg/detail/twist2_d__type_support.h
[5.353s] -- Up-to-date symlink: /home/wheeltec/wheeltec_ros2/install/nav_2d_msgs/include/nav_2d_msgs/nav_2d_msgs/msg/detail/twist2_d_stamped__functions.h
[5.353s] -- Up-to-date symlink: /home/wheeltec/wheeltec_ros2/install/nav_2d_msgs/include/nav_2d_msgs/nav_2d_msgs/msg/detail/twist2_d_stamped__struct.h
[5.353s] -- Up-to-date symlink: /home/wheeltec/wheeltec_ros2/install/nav_2d_msgs/include/nav_2d_msgs/nav_2d_msgs/msg/detail/twist2_d_stamped__type_support.h
[5.354s] -- Up-to-date symlink: /home/wheeltec/wheeltec_ros2/install/nav_2d_msgs/include/nav_2d_msgs/nav_2d_msgs/msg/path2_d.h
[5.354s] -- Up-to-date symlink: /home/wheeltec/wheeltec_ros2/install/nav_2d_msgs/include/nav_2d_msgs/nav_2d_msgs/msg/pose2_d32.h
[5.354s] -- Up-to-date symlink: /home/wheeltec/wheeltec_ros2/install/nav_2d_msgs/include/nav_2d_msgs/nav_2d_msgs/msg/pose2_d_stamped.h
[5.355s] -- Up-to-date symlink: /home/wheeltec/wheeltec_ros2/install/nav_2d_msgs/include/nav_2d_msgs/nav_2d_msgs/msg/rosidl_generator_c__visibility_control.h
[5.355s] -- Up-to-date symlink: /home/wheeltec/wheeltec_ros2/install/nav_2d_msgs/include/nav_2d_msgs/nav_2d_msgs/msg/twist2_d.h
[5.355s] -- Up-to-date symlink: /home/wheeltec/wheeltec_ros2/install/nav_2d_msgs/include/nav_2d_msgs/nav_2d_msgs/msg/twist2_d32.h
[5.356s] -- Up-to-date symlink: /home/wheeltec/wheeltec_ros2/install/nav_2d_msgs/include/nav_2d_msgs/nav_2d_msgs/msg/twist2_d_stamped.h
[5.356s] -- Up-to-date symlink: /home/wheeltec/wheeltec_ros2/install/nav_2d_msgs/share/nav_2d_msgs/environment/library_path.sh
[5.357s] -- Up-to-date symlink: /home/wheeltec/wheeltec_ros2/install/nav_2d_msgs/share/nav_2d_msgs/environment/library_path.dsv
[5.359s] -- Up-to-date symlink: /home/wheeltec/wheeltec_ros2/install/nav_2d_msgs/include/nav_2d_msgs/nav_2d_msgs/msg/detail/path2_d__rosidl_typesupport_fastrtps_c.h
[5.359s] -- Up-to-date symlink: /home/wheeltec/wheeltec_ros2/install/nav_2d_msgs/include/nav_2d_msgs/nav_2d_msgs/msg/detail/pose2_d32__rosidl_typesupport_fastrtps_c.h
[5.360s] -- Up-to-date symlink: /home/wheeltec/wheeltec_ros2/install/nav_2d_msgs/include/nav_2d_msgs/nav_2d_msgs/msg/detail/pose2_d_stamped__rosidl_typesupport_fastrtps_c.h
[5.360s] -- Up-to-date symlink: /home/wheeltec/wheeltec_ros2/install/nav_2d_msgs/include/nav_2d_msgs/nav_2d_msgs/msg/detail/twist2_d32__rosidl_typesupport_fastrtps_c.h
[5.361s] -- Up-to-date symlink: /home/wheeltec/wheeltec_ros2/install/nav_2d_msgs/include/nav_2d_msgs/nav_2d_msgs/msg/detail/twist2_d__rosidl_typesupport_fastrtps_c.h
[5.361s] -- Up-to-date symlink: /home/wheeltec/wheeltec_ros2/install/nav_2d_msgs/include/nav_2d_msgs/nav_2d_msgs/msg/detail/twist2_d_stamped__rosidl_typesupport_fastrtps_c.h
[5.362s] -- Up-to-date symlink: /home/wheeltec/wheeltec_ros2/install/nav_2d_msgs/include/nav_2d_msgs/nav_2d_msgs/msg/rosidl_typesupport_fastrtps_c__visibility_control.h
[5.363s] -- Up-to-date symlink: /home/wheeltec/wheeltec_ros2/install/nav_2d_msgs/include/nav_2d_msgs/nav_2d_msgs/msg/detail/path2_d__builder.hpp
[5.364s] -- Up-to-date symlink: /home/wheeltec/wheeltec_ros2/install/nav_2d_msgs/include/nav_2d_msgs/nav_2d_msgs/msg/detail/path2_d__struct.hpp
[5.365s] -- Up-to-date symlink: /home/wheeltec/wheeltec_ros2/install/nav_2d_msgs/include/nav_2d_msgs/nav_2d_msgs/msg/detail/path2_d__traits.hpp
[5.365s] -- Up-to-date symlink: /home/wheeltec/wheeltec_ros2/install/nav_2d_msgs/include/nav_2d_msgs/nav_2d_msgs/msg/detail/path2_d__type_support.hpp
[5.366s] -- Up-to-date symlink: /home/wheeltec/wheeltec_ros2/install/nav_2d_msgs/include/nav_2d_msgs/nav_2d_msgs/msg/detail/pose2_d32__builder.hpp
[5.367s] -- Up-to-date symlink: /home/wheeltec/wheeltec_ros2/install/nav_2d_msgs/include/nav_2d_msgs/nav_2d_msgs/msg/detail/pose2_d32__struct.hpp
[5.368s] -- Up-to-date symlink: /home/wheeltec/wheeltec_ros2/install/nav_2d_msgs/include/nav_2d_msgs/nav_2d_msgs/msg/detail/pose2_d32__traits.hpp
[5.368s] -- Up-to-date symlink: /home/wheeltec/wheeltec_ros2/install/nav_2d_msgs/include/nav_2d_msgs/nav_2d_msgs/msg/detail/pose2_d32__type_support.hpp
[5.369s] -- Up-to-date symlink: /home/wheeltec/wheeltec_ros2/install/nav_2d_msgs/include/nav_2d_msgs/nav_2d_msgs/msg/detail/pose2_d_stamped__builder.hpp
[5.370s] -- Up-to-date symlink: /home/wheeltec/wheeltec_ros2/install/nav_2d_msgs/include/nav_2d_msgs/nav_2d_msgs/msg/detail/pose2_d_stamped__struct.hpp
[5.370s] -- Up-to-date symlink: /home/wheeltec/wheeltec_ros2/install/nav_2d_msgs/include/nav_2d_msgs/nav_2d_msgs/msg/detail/pose2_d_stamped__traits.hpp
[5.371s] -- Up-to-date symlink: /home/wheeltec/wheeltec_ros2/install/nav_2d_msgs/include/nav_2d_msgs/nav_2d_msgs/msg/detail/pose2_d_stamped__type_support.hpp
[5.371s] -- Up-to-date symlink: /home/wheeltec/wheeltec_ros2/install/nav_2d_msgs/include/nav_2d_msgs/nav_2d_msgs/msg/detail/twist2_d32__builder.hpp
[5.372s] -- Up-to-date symlink: /home/wheeltec/wheeltec_ros2/install/nav_2d_msgs/include/nav_2d_msgs/nav_2d_msgs/msg/detail/twist2_d32__struct.hpp
[5.373s] -- Up-to-date symlink: /home/wheeltec/wheeltec_ros2/install/nav_2d_msgs/include/nav_2d_msgs/nav_2d_msgs/msg/detail/twist2_d32__traits.hpp
[5.373s] -- Up-to-date symlink: /home/wheeltec/wheeltec_ros2/install/nav_2d_msgs/include/nav_2d_msgs/nav_2d_msgs/msg/detail/twist2_d32__type_support.hpp
[5.375s] -- Up-to-date symlink: /home/wheeltec/wheeltec_ros2/install/nav_2d_msgs/include/nav_2d_msgs/nav_2d_msgs/msg/detail/twist2_d__builder.hpp
[5.376s] -- Up-to-date symlink: /home/wheeltec/wheeltec_ros2/install/nav_2d_msgs/include/nav_2d_msgs/nav_2d_msgs/msg/detail/twist2_d__struct.hpp
[5.381s] -- Up-to-date symlink: /home/wheeltec/wheeltec_ros2/install/nav_2d_msgs/include/nav_2d_msgs/nav_2d_msgs/msg/detail/twist2_d__traits.hpp
[5.382s] -- Up-to-date symlink: /home/wheeltec/wheeltec_ros2/install/nav_2d_msgs/include/nav_2d_msgs/nav_2d_msgs/msg/detail/twist2_d__type_support.hpp
[5.383s] -- Up-to-date symlink: /home/wheeltec/wheeltec_ros2/install/nav_2d_msgs/include/nav_2d_msgs/nav_2d_msgs/msg/detail/twist2_d_stamped__builder.hpp
[5.383s] -- Up-to-date symlink: /home/wheeltec/wheeltec_ros2/install/nav_2d_msgs/include/nav_2d_msgs/nav_2d_msgs/msg/detail/twist2_d_stamped__struct.hpp
[5.384s] -- Up-to-date symlink: /home/wheeltec/wheeltec_ros2/install/nav_2d_msgs/include/nav_2d_msgs/nav_2d_msgs/msg/detail/twist2_d_stamped__traits.hpp
[5.384s] -- Up-to-date symlink: /home/wheeltec/wheeltec_ros2/install/nav_2d_msgs/include/nav_2d_msgs/nav_2d_msgs/msg/detail/twist2_d_stamped__type_support.hpp
[5.385s] -- Up-to-date symlink: /home/wheeltec/wheeltec_ros2/install/nav_2d_msgs/include/nav_2d_msgs/nav_2d_msgs/msg/path2_d.hpp
[5.386s] -- Up-to-date symlink: /home/wheeltec/wheeltec_ros2/install/nav_2d_msgs/include/nav_2d_msgs/nav_2d_msgs/msg/pose2_d32.hpp
[5.386s] -- Up-to-date symlink: /home/wheeltec/wheeltec_ros2/install/nav_2d_msgs/include/nav_2d_msgs/nav_2d_msgs/msg/pose2_d_stamped.hpp
[5.388s] -- Up-to-date symlink: /home/wheeltec/wheeltec_ros2/install/nav_2d_msgs/include/nav_2d_msgs/nav_2d_msgs/msg/rosidl_generator_cpp__visibility_control.hpp
[5.388s] -- Up-to-date symlink: /home/wheeltec/wheeltec_ros2/install/nav_2d_msgs/include/nav_2d_msgs/nav_2d_msgs/msg/twist2_d.hpp
[5.389s] -- Up-to-date symlink: /home/wheeltec/wheeltec_ros2/install/nav_2d_msgs/include/nav_2d_msgs/nav_2d_msgs/msg/twist2_d32.hpp
[5.391s] -- Up-to-date symlink: /home/wheeltec/wheeltec_ros2/install/nav_2d_msgs/include/nav_2d_msgs/nav_2d_msgs/msg/twist2_d_stamped.hpp
[5.392s] -- Up-to-date symlink: /home/wheeltec/wheeltec_ros2/install/nav_2d_msgs/include/nav_2d_msgs/nav_2d_msgs/msg/detail/path2_d__rosidl_typesupport_fastrtps_cpp.hpp
[5.393s] -- Up-to-date symlink: /home/wheeltec/wheeltec_ros2/install/nav_2d_msgs/include/nav_2d_msgs/nav_2d_msgs/msg/detail/pose2_d32__rosidl_typesupport_fastrtps_cpp.hpp
[5.394s] -- Up-to-date symlink: /home/wheeltec/wheeltec_ros2/install/nav_2d_msgs/include/nav_2d_msgs/nav_2d_msgs/msg/detail/pose2_d_stamped__rosidl_typesupport_fastrtps_cpp.hpp
[5.394s] -- Up-to-date symlink: /home/wheeltec/wheeltec_ros2/install/nav_2d_msgs/include/nav_2d_msgs/nav_2d_msgs/msg/detail/twist2_d32__rosidl_typesupport_fastrtps_cpp.hpp
[5.395s] -- Up-to-date symlink: /home/wheeltec/wheeltec_ros2/install/nav_2d_msgs/include/nav_2d_msgs/nav_2d_msgs/msg/detail/twist2_d__rosidl_typesupport_fastrtps_cpp.hpp
[5.395s] -- Up-to-date symlink: /home/wheeltec/wheeltec_ros2/install/nav_2d_msgs/include/nav_2d_msgs/nav_2d_msgs/msg/detail/twist2_d_stamped__rosidl_typesupport_fastrtps_cpp.hpp
[5.396s] -- Up-to-date symlink: /home/wheeltec/wheeltec_ros2/install/nav_2d_msgs/include/nav_2d_msgs/nav_2d_msgs/msg/rosidl_typesupport_fastrtps_cpp__visibility_control.h
[5.396s] -- Up-to-date symlink: /home/wheeltec/wheeltec_ros2/install/nav_2d_msgs/include/nav_2d_msgs/nav_2d_msgs/msg/detail/path2_d__rosidl_typesupport_introspection_c.h
[5.397s] -- Up-to-date symlink: /home/wheeltec/wheeltec_ros2/install/nav_2d_msgs/include/nav_2d_msgs/nav_2d_msgs/msg/detail/pose2_d32__rosidl_typesupport_introspection_c.h
[5.397s] -- Up-to-date symlink: /home/wheeltec/wheeltec_ros2/install/nav_2d_msgs/include/nav_2d_msgs/nav_2d_msgs/msg/detail/pose2_d_stamped__rosidl_typesupport_introspection_c.h
[5.399s] -- Up-to-date symlink: /home/wheeltec/wheeltec_ros2/install/nav_2d_msgs/include/nav_2d_msgs/nav_2d_msgs/msg/detail/twist2_d32__rosidl_typesupport_introspection_c.h
[5.400s] -- Up-to-date symlink: /home/wheeltec/wheeltec_ros2/install/nav_2d_msgs/include/nav_2d_msgs/nav_2d_msgs/msg/detail/twist2_d__rosidl_typesupport_introspection_c.h
[5.400s] -- Up-to-date symlink: /home/wheeltec/wheeltec_ros2/install/nav_2d_msgs/include/nav_2d_msgs/nav_2d_msgs/msg/detail/twist2_d_stamped__rosidl_typesupport_introspection_c.h
[5.401s] -- Up-to-date symlink: /home/wheeltec/wheeltec_ros2/install/nav_2d_msgs/include/nav_2d_msgs/nav_2d_msgs/msg/rosidl_typesupport_introspection_c__visibility_control.h
[5.402s] -- Up-to-date symlink: /home/wheeltec/wheeltec_ros2/install/nav_2d_msgs/include/nav_2d_msgs/nav_2d_msgs/msg/detail/path2_d__rosidl_typesupport_introspection_cpp.hpp
[5.403s] -- Up-to-date symlink: /home/wheeltec/wheeltec_ros2/install/nav_2d_msgs/include/nav_2d_msgs/nav_2d_msgs/msg/detail/pose2_d32__rosidl_typesupport_introspection_cpp.hpp
[5.403s] -- Up-to-date symlink: /home/wheeltec/wheeltec_ros2/install/nav_2d_msgs/include/nav_2d_msgs/nav_2d_msgs/msg/detail/pose2_d_stamped__rosidl_typesupport_introspection_cpp.hpp
[5.404s] -- Up-to-date symlink: /home/wheeltec/wheeltec_ros2/install/nav_2d_msgs/include/nav_2d_msgs/nav_2d_msgs/msg/detail/twist2_d32__rosidl_typesupport_introspection_cpp.hpp
[5.405s] -- Up-to-date symlink: /home/wheeltec/wheeltec_ros2/install/nav_2d_msgs/include/nav_2d_msgs/nav_2d_msgs/msg/detail/twist2_d__rosidl_typesupport_introspection_cpp.hpp
[5.405s] -- Up-to-date symlink: /home/wheeltec/wheeltec_ros2/install/nav_2d_msgs/include/nav_2d_msgs/nav_2d_msgs/msg/detail/twist2_d_stamped__rosidl_typesupport_introspection_cpp.hpp
[5.406s] -- Up-to-date symlink: /home/wheeltec/wheeltec_ros2/install/nav_2d_msgs/share/nav_2d_msgs/environment/pythonpath.sh
[5.406s] -- Up-to-date symlink: /home/wheeltec/wheeltec_ros2/install/nav_2d_msgs/share/nav_2d_msgs/environment/pythonpath.dsv
[5.407s] -- Up-to-date symlink: /home/wheeltec/wheeltec_ros2/install/nav_2d_msgs/local/lib/python3.10/dist-packages/nav_2d_msgs-1.1.6-py3.10.egg-info/PKG-INFO
[5.408s] -- Up-to-date symlink: /home/wheeltec/wheeltec_ros2/install/nav_2d_msgs/local/lib/python3.10/dist-packages/nav_2d_msgs-1.1.6-py3.10.egg-info/SOURCES.txt
[5.408s] -- Up-to-date symlink: /home/wheeltec/wheeltec_ros2/install/nav_2d_msgs/local/lib/python3.10/dist-packages/nav_2d_msgs-1.1.6-py3.10.egg-info/dependency_links.txt
[5.409s] -- Up-to-date symlink: /home/wheeltec/wheeltec_ros2/install/nav_2d_msgs/local/lib/python3.10/dist-packages/nav_2d_msgs-1.1.6-py3.10.egg-info/top_level.txt
[5.412s] -- Up-to-date symlink: /home/wheeltec/wheeltec_ros2/install/nav_2d_msgs/local/lib/python3.10/dist-packages/nav_2d_msgs/__init__.py
[5.413s] -- Up-to-date symlink: /home/wheeltec/wheeltec_ros2/install/nav_2d_msgs/local/lib/python3.10/dist-packages/nav_2d_msgs/_nav_2d_msgs_s.ep.rosidl_typesupport_c.c
[5.413s] -- Up-to-date symlink: /home/wheeltec/wheeltec_ros2/install/nav_2d_msgs/local/lib/python3.10/dist-packages/nav_2d_msgs/_nav_2d_msgs_s.ep.rosidl_typesupport_fastrtps_c.c
[5.414s] -- Up-to-date symlink: /home/wheeltec/wheeltec_ros2/install/nav_2d_msgs/local/lib/python3.10/dist-packages/nav_2d_msgs/_nav_2d_msgs_s.ep.rosidl_typesupport_introspection_c.c
[5.415s] -- Up-to-date symlink: /home/wheeltec/wheeltec_ros2/install/nav_2d_msgs/local/lib/python3.10/dist-packages/nav_2d_msgs/libnav_2d_msgs__rosidl_generator_py.so
[5.416s] -- Up-to-date symlink: /home/wheeltec/wheeltec_ros2/install/nav_2d_msgs/local/lib/python3.10/dist-packages/nav_2d_msgs/msg/__init__.py
[5.416s] -- Up-to-date symlink: /home/wheeltec/wheeltec_ros2/install/nav_2d_msgs/local/lib/python3.10/dist-packages/nav_2d_msgs/msg/_path2_d.py
[5.417s] -- Up-to-date symlink: /home/wheeltec/wheeltec_ros2/install/nav_2d_msgs/local/lib/python3.10/dist-packages/nav_2d_msgs/msg/_path2_d_s.c
[5.420s] -- Up-to-date symlink: /home/wheeltec/wheeltec_ros2/install/nav_2d_msgs/local/lib/python3.10/dist-packages/nav_2d_msgs/msg/_pose2_d32.py
[5.420s] -- Up-to-date symlink: /home/wheeltec/wheeltec_ros2/install/nav_2d_msgs/local/lib/python3.10/dist-packages/nav_2d_msgs/msg/_pose2_d32_s.c
[5.420s] -- Up-to-date symlink: /home/wheeltec/wheeltec_ros2/install/nav_2d_msgs/local/lib/python3.10/dist-packages/nav_2d_msgs/msg/_pose2_d_stamped.py
[5.421s] -- Up-to-date symlink: /home/wheeltec/wheeltec_ros2/install/nav_2d_msgs/local/lib/python3.10/dist-packages/nav_2d_msgs/msg/_pose2_d_stamped_s.c
[5.421s] -- Up-to-date symlink: /home/wheeltec/wheeltec_ros2/install/nav_2d_msgs/local/lib/python3.10/dist-packages/nav_2d_msgs/msg/_twist2_d.py
[5.422s] -- Up-to-date symlink: /home/wheeltec/wheeltec_ros2/install/nav_2d_msgs/local/lib/python3.10/dist-packages/nav_2d_msgs/msg/_twist2_d32.py
[5.422s] -- Up-to-date symlink: /home/wheeltec/wheeltec_ros2/install/nav_2d_msgs/local/lib/python3.10/dist-packages/nav_2d_msgs/msg/_twist2_d32_s.c
[5.423s] -- Up-to-date symlink: /home/wheeltec/wheeltec_ros2/install/nav_2d_msgs/local/lib/python3.10/dist-packages/nav_2d_msgs/msg/_twist2_d_s.c
[5.424s] -- Up-to-date symlink: /home/wheeltec/wheeltec_ros2/install/nav_2d_msgs/local/lib/python3.10/dist-packages/nav_2d_msgs/msg/_twist2_d_stamped.py
[5.424s] -- Up-to-date symlink: /home/wheeltec/wheeltec_ros2/install/nav_2d_msgs/local/lib/python3.10/dist-packages/nav_2d_msgs/msg/_twist2_d_stamped_s.c
[5.426s] -- Up-to-date symlink: /home/wheeltec/wheeltec_ros2/install/nav_2d_msgs/local/lib/python3.10/dist-packages/nav_2d_msgs/nav_2d_msgs_s__rosidl_typesupport_c.cpython-310-aarch64-linux-gnu.so
[5.427s] -- Up-to-date symlink: /home/wheeltec/wheeltec_ros2/install/nav_2d_msgs/local/lib/python3.10/dist-packages/nav_2d_msgs/nav_2d_msgs_s__rosidl_typesupport_fastrtps_c.cpython-310-aarch64-linux-gnu.so
[5.427s] -- Up-to-date symlink: /home/wheeltec/wheeltec_ros2/install/nav_2d_msgs/local/lib/python3.10/dist-packages/nav_2d_msgs/nav_2d_msgs_s__rosidl_typesupport_introspection_c.cpython-310-aarch64-linux-gnu.so
[5.428s] -- Up-to-date symlink: /home/wheeltec/wheeltec_ros2/install/nav_2d_msgs/local/lib/python3.10/dist-packages/nav_2d_msgs/nav_2d_msgs_s__rosidl_typesupport_fastrtps_c.cpython-310-aarch64-linux-gnu.so
[5.430s] -- Up-to-date symlink: /home/wheeltec/wheeltec_ros2/install/nav_2d_msgs/local/lib/python3.10/dist-packages/nav_2d_msgs/nav_2d_msgs_s__rosidl_typesupport_introspection_c.cpython-310-aarch64-linux-gnu.so
[5.431s] -- Up-to-date symlink: /home/wheeltec/wheeltec_ros2/install/nav_2d_msgs/local/lib/python3.10/dist-packages/nav_2d_msgs/nav_2d_msgs_s__rosidl_typesupport_c.cpython-310-aarch64-linux-gnu.so
[5.431s] -- Up-to-date symlink: /home/wheeltec/wheeltec_ros2/install/nav_2d_msgs/share/nav_2d_msgs/msg/Path2D.idl
[5.432s] -- Up-to-date symlink: /home/wheeltec/wheeltec_ros2/install/nav_2d_msgs/share/nav_2d_msgs/msg/Pose2D32.idl
[5.432s] -- Up-to-date symlink: /home/wheeltec/wheeltec_ros2/install/nav_2d_msgs/share/nav_2d_msgs/msg/Pose2DStamped.idl
[5.432s] -- Up-to-date symlink: /home/wheeltec/wheeltec_ros2/install/nav_2d_msgs/share/nav_2d_msgs/msg/Twist2D.idl
[5.433s] -- Up-to-date symlink: /home/wheeltec/wheeltec_ros2/install/nav_2d_msgs/share/nav_2d_msgs/msg/Twist2D32.idl
[5.433s] -- Up-to-date symlink: /home/wheeltec/wheeltec_ros2/install/nav_2d_msgs/share/nav_2d_msgs/msg/Twist2DStamped.idl
[5.434s] -- Up-to-date symlink: /home/wheeltec/wheeltec_ros2/install/nav_2d_msgs/share/nav_2d_msgs/msg/Path2D.msg
[5.434s] -- Up-to-date symlink: /home/wheeltec/wheeltec_ros2/install/nav_2d_msgs/share/nav_2d_msgs/msg/Pose2D32.msg
[5.434s] -- Up-to-date symlink: /home/wheeltec/wheeltec_ros2/install/nav_2d_msgs/share/nav_2d_msgs/msg/Pose2DStamped.msg
[5.435s] -- Up-to-date symlink: /home/wheeltec/wheeltec_ros2/install/nav_2d_msgs/share/nav_2d_msgs/msg/Twist2D.msg
[5.435s] -- Up-to-date symlink: /home/wheeltec/wheeltec_ros2/install/nav_2d_msgs/share/nav_2d_msgs/msg/Twist2D32.msg
[5.436s] -- Up-to-date symlink: /home/wheeltec/wheeltec_ros2/install/nav_2d_msgs/share/nav_2d_msgs/msg/Twist2DStamped.msg
[5.436s] -- Up-to-date symlink: /home/wheeltec/wheeltec_ros2/install/nav_2d_msgs/share/ament_index/resource_index/package_run_dependencies/nav_2d_msgs
[5.437s] -- Up-to-date symlink: /home/wheeltec/wheeltec_ros2/install/nav_2d_msgs/share/ament_index/resource_index/parent_prefix_path/nav_2d_msgs
[5.437s] -- Up-to-date symlink: /home/wheeltec/wheeltec_ros2/install/nav_2d_msgs/share/nav_2d_msgs/environment/ament_prefix_path.sh
[5.437s] -- Up-to-date symlink: /home/wheeltec/wheeltec_ros2/install/nav_2d_msgs/share/nav_2d_msgs/environment/ament_prefix_path.dsv
[5.438s] -- Up-to-date symlink: /home/wheeltec/wheeltec_ros2/install/nav_2d_msgs/share/nav_2d_msgs/environment/path.sh
[5.438s] -- Up-to-date symlink: /home/wheeltec/wheeltec_ros2/install/nav_2d_msgs/share/nav_2d_msgs/environment/path.dsv
[5.439s] -- Up-to-date symlink: /home/wheeltec/wheeltec_ros2/install/nav_2d_msgs/share/nav_2d_msgs/local_setup.bash
[5.439s] -- Up-to-date symlink: /home/wheeltec/wheeltec_ros2/install/nav_2d_msgs/share/nav_2d_msgs/local_setup.sh
[5.439s] -- Up-to-date symlink: /home/wheeltec/wheeltec_ros2/install/nav_2d_msgs/share/nav_2d_msgs/local_setup.zsh
[5.440s] -- Up-to-date symlink: /home/wheeltec/wheeltec_ros2/install/nav_2d_msgs/share/nav_2d_msgs/local_setup.dsv
[5.440s] -- Symlinking: /home/wheeltec/wheeltec_ros2/install/nav_2d_msgs/share/nav_2d_msgs/package.dsv
[5.545s] -- Up-to-date symlink: /home/wheeltec/wheeltec_ros2/install/nav_2d_msgs/share/ament_index/resource_index/packages/nav_2d_msgs
[5.546s] -- Up-to-date symlink: /home/wheeltec/wheeltec_ros2/install/nav_2d_msgs/share/nav_2d_msgs/cmake/rosidl_cmake-extras.cmake
[5.547s] -- Up-to-date symlink: /home/wheeltec/wheeltec_ros2/install/nav_2d_msgs/share/nav_2d_msgs/cmake/ament_cmake_export_dependencies-extras.cmake
[5.547s] -- Up-to-date symlink: /home/wheeltec/wheeltec_ros2/install/nav_2d_msgs/share/nav_2d_msgs/cmake/ament_cmake_export_include_directories-extras.cmake
[5.548s] -- Up-to-date symlink: /home/wheeltec/wheeltec_ros2/install/nav_2d_msgs/share/nav_2d_msgs/cmake/ament_cmake_export_libraries-extras.cmake
[5.548s] -- Up-to-date symlink: /home/wheeltec/wheeltec_ros2/install/nav_2d_msgs/share/nav_2d_msgs/cmake/ament_cmake_export_targets-extras.cmake
[5.549s] -- Up-to-date symlink: /home/wheeltec/wheeltec_ros2/install/nav_2d_msgs/share/nav_2d_msgs/cmake/rosidl_cmake_export_typesupport_targets-extras.cmake
[5.549s] -- Up-to-date symlink: /home/wheeltec/wheeltec_ros2/install/nav_2d_msgs/share/nav_2d_msgs/cmake/rosidl_cmake_export_typesupport_libraries-extras.cmake
[5.549s] -- Up-to-date symlink: /home/wheeltec/wheeltec_ros2/install/nav_2d_msgs/share/nav_2d_msgs/cmake/nav_2d_msgsConfig.cmake
[5.550s] -- Up-to-date symlink: /home/wheeltec/wheeltec_ros2/install/nav_2d_msgs/share/nav_2d_msgs/cmake/nav_2d_msgsConfig-version.cmake
[5.550s] -- Up-to-date symlink: /home/wheeltec/wheeltec_ros2/install/nav_2d_msgs/share/nav_2d_msgs/package.xml
[5.552s] -- Up-to-date: /home/wheeltec/wheeltec_ros2/install/nav_2d_msgs/lib/libnav_2d_msgs__rosidl_generator_c.so
[5.553s] -- Up-to-date: /home/wheeltec/wheeltec_ros2/install/nav_2d_msgs/lib/libnav_2d_msgs__rosidl_typesupport_fastrtps_c.so
[5.553s] -- Up-to-date: /home/wheeltec/wheeltec_ros2/install/nav_2d_msgs/lib/libnav_2d_msgs__rosidl_typesupport_fastrtps_cpp.so
[5.554s] -- Up-to-date: /home/wheeltec/wheeltec_ros2/install/nav_2d_msgs/lib/libnav_2d_msgs__rosidl_typesupport_introspection_c.so
[5.555s] -- Up-to-date: /home/wheeltec/wheeltec_ros2/install/nav_2d_msgs/lib/libnav_2d_msgs__rosidl_typesupport_c.so
[5.556s] -- Up-to-date: /home/wheeltec/wheeltec_ros2/install/nav_2d_msgs/lib/libnav_2d_msgs__rosidl_typesupport_introspection_cpp.so
[5.557s] -- Up-to-date: /home/wheeltec/wheeltec_ros2/install/nav_2d_msgs/lib/libnav_2d_msgs__rosidl_typesupport_cpp.so
[5.815s] Listing '/home/wheeltec/wheeltec_ros2/install/nav_2d_msgs/local/lib/python3.10/dist-packages/nav_2d_msgs'...
[5.816s] Listing '/home/wheeltec/wheeltec_ros2/install/nav_2d_msgs/local/lib/python3.10/dist-packages/nav_2d_msgs/msg'...
[5.837s] -- Up-to-date: /home/wheeltec/wheeltec_ros2/install/nav_2d_msgs/lib/libnav_2d_msgs__rosidl_generator_py.so
[5.838s] -- Up-to-date: /home/wheeltec/wheeltec_ros2/install/nav_2d_msgs/share/nav_2d_msgs/cmake/export_nav_2d_msgs__rosidl_generator_cExport.cmake
[5.838s] -- Up-to-date: /home/wheeltec/wheeltec_ros2/install/nav_2d_msgs/share/nav_2d_msgs/cmake/export_nav_2d_msgs__rosidl_generator_cExport-noconfig.cmake
[5.838s] -- Up-to-date: /home/wheeltec/wheeltec_ros2/install/nav_2d_msgs/share/nav_2d_msgs/cmake/export_nav_2d_msgs__rosidl_typesupport_fastrtps_cExport.cmake
[5.838s] -- Up-to-date: /home/wheeltec/wheeltec_ros2/install/nav_2d_msgs/share/nav_2d_msgs/cmake/export_nav_2d_msgs__rosidl_typesupport_fastrtps_cExport-noconfig.cmake
[5.839s] -- Up-to-date: /home/wheeltec/wheeltec_ros2/install/nav_2d_msgs/share/nav_2d_msgs/cmake/export_nav_2d_msgs__rosidl_generator_cppExport.cmake
[5.839s] -- Up-to-date: /home/wheeltec/wheeltec_ros2/install/nav_2d_msgs/share/nav_2d_msgs/cmake/export_nav_2d_msgs__rosidl_typesupport_fastrtps_cppExport.cmake
[5.839s] -- Up-to-date: /home/wheeltec/wheeltec_ros2/install/nav_2d_msgs/share/nav_2d_msgs/cmake/export_nav_2d_msgs__rosidl_typesupport_fastrtps_cppExport-noconfig.cmake
[5.840s] -- Up-to-date: /home/wheeltec/wheeltec_ros2/install/nav_2d_msgs/share/nav_2d_msgs/cmake/nav_2d_msgs__rosidl_typesupport_introspection_cExport.cmake
[5.840s] -- Up-to-date: /home/wheeltec/wheeltec_ros2/install/nav_2d_msgs/share/nav_2d_msgs/cmake/nav_2d_msgs__rosidl_typesupport_introspection_cExport-noconfig.cmake
[5.840s] -- Up-to-date: /home/wheeltec/wheeltec_ros2/install/nav_2d_msgs/share/nav_2d_msgs/cmake/nav_2d_msgs__rosidl_typesupport_cExport.cmake
[5.840s] -- Up-to-date: /home/wheeltec/wheeltec_ros2/install/nav_2d_msgs/share/nav_2d_msgs/cmake/nav_2d_msgs__rosidl_typesupport_cExport-noconfig.cmake
[5.841s] -- Up-to-date: /home/wheeltec/wheeltec_ros2/install/nav_2d_msgs/share/nav_2d_msgs/cmake/nav_2d_msgs__rosidl_typesupport_introspection_cppExport.cmake
[5.841s] -- Up-to-date: /home/wheeltec/wheeltec_ros2/install/nav_2d_msgs/share/nav_2d_msgs/cmake/nav_2d_msgs__rosidl_typesupport_introspection_cppExport-noconfig.cmake
[5.841s] -- Up-to-date: /home/wheeltec/wheeltec_ros2/install/nav_2d_msgs/share/nav_2d_msgs/cmake/nav_2d_msgs__rosidl_typesupport_cppExport.cmake
[5.841s] -- Up-to-date: /home/wheeltec/wheeltec_ros2/install/nav_2d_msgs/share/nav_2d_msgs/cmake/nav_2d_msgs__rosidl_typesupport_cppExport-noconfig.cmake
[5.842s] -- Up-to-date: /home/wheeltec/wheeltec_ros2/install/nav_2d_msgs/share/nav_2d_msgs/cmake/export_nav_2d_msgs__rosidl_generator_pyExport.cmake
[5.842s] -- Up-to-date: /home/wheeltec/wheeltec_ros2/install/nav_2d_msgs/share/nav_2d_msgs/cmake/export_nav_2d_msgs__rosidl_generator_pyExport-noconfig.cmake
[5.887s] Invoked command in '/home/wheeltec/wheeltec_ros2/build/nav_2d_msgs' returned '0': CMAKE_PREFIX_PATH=${CMAKE_PREFIX_PATH}:/home/wheeltec/wheeltec_ros2/install/simple_follower_ros2:/home/wheeltec/wheeltec_ros2/install/wheeltec_robot_keyboard:/home/wheeltec/wheeltec_ros2/install/wheeltec_dual_rtk_driver:/home/wheeltec/wheeltec_ros2/install/ultralytics_ros2:/home/wheeltec/wheeltec_ros2/install/tf2_tools:/home/wheeltec/wheeltec_ros2/install/ollama_ros_chat:/home/wheeltec/wheeltec_ros2/install/nmea_navsat_driver:/home/wheeltec/wheeltec_ros2/install/nav2_waypoint_cycle:/home/wheeltec/wheeltec_ros2/install/nav2_simple_commander:/home/wheeltec/wheeltec_ros2/install/auto_recharge_ros2:/home/wheeltec/autoware/install/autoware_wheeltec_interface:/home/wheeltec/autoware/install/ad_api_visualizers:/opt/ros/humble /usr/bin/cmake --install /home/wheeltec/wheeltec_ros2/build/nav_2d_msgs
