-- Found ament_cmake: 1.3.7 (/home/wheeltec/autoware/install/ament_cmake/share/ament_cmake/cmake)
-- Override CMake install command with custom implementation using symlinks instead of copying resources
-- Found geometry_msgs: 4.2.4 (/opt/ros/humble/share/geometry_msgs/cmake)
-- Found rosidl_generator_c: 3.1.6 (/opt/ros/humble/share/rosidl_generator_c/cmake)
-- Found rosidl_adapter: 3.1.6 (/opt/ros/humble/share/rosidl_adapter/cmake)
-- Found rosidl_generator_cpp: 3.1.6 (/opt/ros/humble/share/rosidl_generator_cpp/cmake)
-- Using all available rosidl_typesupport_c: rosidl_typesupport_fastrtps_c;rosidl_typesupport_introspection_c
-- Using all available rosidl_typesupport_cpp: rosidl_typesupport_fastrtps_cpp;rosidl_typesupport_introspection_cpp
-- Found nav2_msgs: 1.1.17 (/opt/ros/humble/share/nav2_msgs/cmake)
-- Found rosidl_default_generators: 1.2.0 (/opt/ros/humble/share/rosidl_default_generators/cmake)
-- Found rclcpp: 16.0.11 (/opt/ros/humble/share/rclcpp/cmake)
-- Found rmw_implementation_cmake: 6.1.2 (/opt/ros/humble/share/rmw_implementation_cmake/cmake)
-- Found rmw_fastrtps_cpp: 6.2.7 (/opt/ros/humble/share/rmw_fastrtps_cpp/cmake)
-- Using RMW implementation 'rmw_fastrtps_cpp' as default
-- Found rclcpp_action: 16.0.11 (/opt/ros/humble/share/rclcpp_action/cmake)
-- Found serial: 1.2.1 (/home/wheeltec/wheeltec_ros2/install/serial/share/serial/cmake)
-- Found ollama_ros_msgs: 0.0.0 (/home/wheeltec/wheeltec_ros2/install/ollama_ros_msgs/share/ollama_ros_msgs/cmake)
-- Found wheeltec_mic_msg: 0.0.0 (/home/wheeltec/wheeltec_ros2/install/wheeltec_mic_msg/share/wheeltec_mic_msg/cmake)
-- Found tf2_geometry_msgs: 0.25.11 (/opt/ros/humble/share/tf2_geometry_msgs/cmake)
-- Found eigen3_cmake_module: 0.1.1 (/opt/ros/humble/share/eigen3_cmake_module/cmake)
-- Found Eigen3: TRUE (found version "3.4.0") 
-- Ensuring Eigen3 include directory is part of orocos-kdl CMake target
-- Found turn_on_wheeltec_robot: 0.0.0 (/home/wheeltec/wheeltec_ros2/install/turn_on_wheeltec_robot/share/turn_on_wheeltec_robot/cmake)
-- Found ament_lint_auto: 0.12.11 (/opt/ros/humble/share/ament_lint_auto/cmake)
-- Added test 'cppcheck' to perform static code analysis on C / C++ code
-- Configured cppcheck include dirs: /home/wheeltec/wheeltec_ros2/src/wheeltec_mic_aiui/include;/home/wheeltec/wheeltec_ros2/src/wheeltec_mic_aiui/src/utils;/home/wheeltec/wheeltec_ros2/src/wheeltec_mic_aiui/src/jsoncpp
-- Configured cppcheck exclude dirs and/or files: 
-- Added test 'flake8' to check Python code syntax and style conventions
-- Added test 'lint_cmake' to check CMake code style
-- Added test 'pep257' to check Python code against some of the docstring style conventions in PEP 257
-- Added test 'uncrustify' to check C / C++ code style
-- Configured uncrustify additional arguments: 
-- Added test 'xmllint' to check XML markup files
-- Configuring done
-- Generating done
-- Build files have been written to: /home/wheeltec/wheeltec_ros2/build/wheeltec_mic_aiui
[  4%] [32mBuilding CXX object CMakeFiles/wheeltec_mic_aiui.dir/src/AudioListenThread.cpp.o[0m
[  8%] [32mBuilding CXX object CMakeFiles/node_feedback.dir/node/node_feedback.cpp.o[0m
[ 12%] [32mBuilding CXX object CMakeFiles/command_recognition.dir/node/command_recognition.cpp.o[0m
[ 16%] [32mBuilding CXX object CMakeFiles/motion_control.dir/node/motion_control.cpp.o[0m
[ 20%] [32mBuilding CXX object CMakeFiles/wheeltec_mic.dir/node/wheeltec_mic.cpp.o[0m
[ 25%] [32mBuilding CXX object CMakeFiles/wheeltec_mic_aiui.dir/src/AudioProvider.cpp.o[0m
[ 29%] [32mBuilding CXX object CMakeFiles/wheeltec_mic_aiui.dir/src/PCMPlayer.cpp.o[0m
[ 33%] [32mBuilding CXX object CMakeFiles/wheeltec_mic_aiui.dir/src/Processor.cpp.o[0m
[ 37%] [32mBuilding CXX object CMakeFiles/wheeltec_mic.dir/node/ros2_service.cpp.o[0m
[ 41%] [32m[1mLinking CXX executable wheeltec_mic[0m
[ 41%] Built target wheeltec_mic
[ 45%] [32m[1mLinking CXX executable node_feedback[0m
[ 45%] Built target node_feedback
[ 50%] [32m[1mLinking CXX executable command_recognition[0m
[ 50%] Built target command_recognition
[ 54%] [32mBuilding CXX object CMakeFiles/wheeltec_mic_aiui.dir/src/jsoncpp/json_writer.cpp.o[0m
[ 58%] [32mBuilding CXX object CMakeFiles/wheeltec_mic_aiui.dir/src/utils/Base64Util.cpp.o[0m
[ 62%] [32mBuilding CXX object CMakeFiles/wheeltec_mic_aiui.dir/src/utils/ConvertUtil.cpp.o[0m
[ 66%] [32mBuilding CXX object CMakeFiles/wheeltec_mic_aiui.dir/src/utils/IatResultUtil.cpp.o[0m
[ 70%] [32mBuilding CXX object CMakeFiles/wheeltec_mic_aiui.dir/src/utils/StreamNlpTtsHelper.cpp.o[0m
[ 75%] [32mBuilding CXX object CMakeFiles/wheeltec_mic_aiui.dir/src/utils/file/FileUtil.cpp.o[0m
[ 79%] [32mBuilding CXX object CMakeFiles/wheeltec_mic_aiui.dir/src/jsoncpp/json_value.cpp.o[0m
[ 83%] [32m[1mLinking CXX executable motion_control[0m
[ 87%] [32mBuilding CXX object CMakeFiles/wheeltec_mic_aiui.dir/src/jsoncpp/json_reader.cpp.o[0m
[ 91%] [32m[1mLinking CXX executable wheeltec_mic_aiui[0m
[ 91%] Built target motion_control
[ 91%] Built target wheeltec_mic_aiui
[ 95%] [32mBuilding CXX object CMakeFiles/chat_service.dir/node/chat_service.cpp.o[0m
[100%] [32m[1mLinking CXX executable chat_service[0m
[100%] Built target chat_service
-- Install configuration: ""
-- Installing: /home/wheeltec/wheeltec_ros2/install/wheeltec_mic_aiui/share/wheeltec_mic_aiui/launch
-- Installing: /home/wheeltec/wheeltec_ros2/install/wheeltec_mic_aiui/share/wheeltec_mic_aiui/launch/mic_start.launch.py
-- Installing: /home/wheeltec/wheeltec_ros2/install/wheeltec_mic_aiui/share/wheeltec_mic_aiui/launch/include
-- Installing: /home/wheeltec/wheeltec_ros2/install/wheeltec_mic_aiui/share/wheeltec_mic_aiui/launch/include/voi_navigation.launch.py
-- Installing: /home/wheeltec/wheeltec_ros2/install/wheeltec_mic_aiui/share/wheeltec_mic_aiui/launch/include/lasertracker.launch.py
-- Installing: /home/wheeltec/wheeltec_ros2/install/wheeltec_mic_aiui/share/wheeltec_mic_aiui/launch/include/laserfollower.launch.py
-- Installing: /home/wheeltec/wheeltec_ros2/install/wheeltec_mic_aiui/share/wheeltec_mic_aiui/launch/aiui_chat.launch.py
-- Installing: /home/wheeltec/wheeltec_ros2/install/wheeltec_mic_aiui/share/wheeltec_mic_aiui/launch/base.launch.py
-- Installing: /home/wheeltec/wheeltec_ros2/install/wheeltec_mic_aiui/share/wheeltec_mic_aiui/AIUI
-- Installing: /home/wheeltec/wheeltec_ros2/install/wheeltec_mic_aiui/share/wheeltec_mic_aiui/AIUI/esr_10801
-- Installing: /home/wheeltec/wheeltec_ros2/install/wheeltec_mic_aiui/share/wheeltec_mic_aiui/AIUI/esr_10801/esr.cfg
-- Installing: /home/wheeltec/wheeltec_ros2/install/wheeltec_mic_aiui/share/wheeltec_mic_aiui/AIUI/esr_10801/esr.log
-- Installing: /home/wheeltec/wheeltec_ros2/install/wheeltec_mic_aiui/share/wheeltec_mic_aiui/AIUI/esr_10801/grammar
-- Installing: /home/wheeltec/wheeltec_ros2/install/wheeltec_mic_aiui/share/wheeltec_mic_aiui/AIUI/assets
-- Installing: /home/wheeltec/wheeltec_ros2/install/wheeltec_mic_aiui/share/wheeltec_mic_aiui/AIUI/assets/vtn
-- Installing: /home/wheeltec/wheeltec_ros2/install/wheeltec_mic_aiui/share/wheeltec_mic_aiui/AIUI/assets/vtn/vtn.ini
-- Installing: /home/wheeltec/wheeltec_ros2/install/wheeltec_mic_aiui/share/wheeltec_mic_aiui/AIUI/assets/vtn/res.bin
-- Installing: /home/wheeltec/wheeltec_ros2/install/wheeltec_mic_aiui/share/wheeltec_mic_aiui/AIUI/assets/esr
-- Installing: /home/wheeltec/wheeltec_ros2/install/wheeltec_mic_aiui/share/wheeltec_mic_aiui/AIUI/assets/esr/contact.jet
-- Installing: /home/wheeltec/wheeltec_ros2/install/wheeltec_mic_aiui/share/wheeltec_mic_aiui/AIUI/assets/esr/esr.jet
-- Installing: /home/wheeltec/wheeltec_ros2/install/wheeltec_mic_aiui/share/wheeltec_mic_aiui/AIUI/assets/xtts
-- Installing: /home/wheeltec/wheeltec_ros2/install/wheeltec_mic_aiui/share/wheeltec_mic_aiui/AIUI/assets/xtts/xiaofeng.jet
-- Installing: /home/wheeltec/wheeltec_ros2/install/wheeltec_mic_aiui/share/wheeltec_mic_aiui/AIUI/assets/xtts/xiaoqian.jet
-- Installing: /home/wheeltec/wheeltec_ros2/install/wheeltec_mic_aiui/share/wheeltec_mic_aiui/AIUI/assets/xtts/yifeng.jet
-- Installing: /home/wheeltec/wheeltec_ros2/install/wheeltec_mic_aiui/share/wheeltec_mic_aiui/AIUI/assets/xtts/xiaoqiang.jet
-- Installing: /home/wheeltec/wheeltec_ros2/install/wheeltec_mic_aiui/share/wheeltec_mic_aiui/AIUI/assets/xtts/chongchong.jet
-- Installing: /home/wheeltec/wheeltec_ros2/install/wheeltec_mic_aiui/share/wheeltec_mic_aiui/AIUI/assets/xtts/xiaomei.jet
-- Installing: /home/wheeltec/wheeltec_ros2/install/wheeltec_mic_aiui/share/wheeltec_mic_aiui/AIUI/assets/xtts/xiaomeng.jet
-- Installing: /home/wheeltec/wheeltec_ros2/install/wheeltec_mic_aiui/share/wheeltec_mic_aiui/AIUI/assets/xtts/xiaoxue.jet
-- Installing: /home/wheeltec/wheeltec_ros2/install/wheeltec_mic_aiui/share/wheeltec_mic_aiui/AIUI/assets/xtts/xiaokun.jet
-- Installing: /home/wheeltec/wheeltec_ros2/install/wheeltec_mic_aiui/share/wheeltec_mic_aiui/AIUI/assets/xtts/xiaodong.jet
-- Installing: /home/wheeltec/wheeltec_ros2/install/wheeltec_mic_aiui/share/wheeltec_mic_aiui/AIUI/assets/xtts/catherine.jet
-- Installing: /home/wheeltec/wheeltec_ros2/install/wheeltec_mic_aiui/share/wheeltec_mic_aiui/AIUI/assets/xtts/xiaoshi.jet
-- Installing: /home/wheeltec/wheeltec_ros2/install/wheeltec_mic_aiui/share/wheeltec_mic_aiui/AIUI/assets/xtts/xiaoyuan.jet
-- Installing: /home/wheeltec/wheeltec_ros2/install/wheeltec_mic_aiui/share/wheeltec_mic_aiui/AIUI/assets/xtts/john.jet
-- Installing: /home/wheeltec/wheeltec_ros2/install/wheeltec_mic_aiui/share/wheeltec_mic_aiui/AIUI/assets/xtts/xiaolin.jet
-- Installing: /home/wheeltec/wheeltec_ros2/install/wheeltec_mic_aiui/share/wheeltec_mic_aiui/AIUI/assets/xtts/xiaofei.jet
-- Installing: /home/wheeltec/wheeltec_ros2/install/wheeltec_mic_aiui/share/wheeltec_mic_aiui/AIUI/assets/xtts/common_CnCn.jet
-- Installing: /home/wheeltec/wheeltec_ros2/install/wheeltec_mic_aiui/share/wheeltec_mic_aiui/AIUI/assets/xtts/xiaofang.jet
-- Installing: /home/wheeltec/wheeltec_ros2/install/wheeltec_mic_aiui/share/wheeltec_mic_aiui/AIUI/assets/xtts/qianqian.jet
-- Installing: /home/wheeltec/wheeltec_ros2/install/wheeltec_mic_aiui/share/wheeltec_mic_aiui/AIUI/assets/xtts/xiaoyan.jet
-- Installing: /home/wheeltec/wheeltec_ros2/install/wheeltec_mic_aiui/share/wheeltec_mic_aiui/AIUI/assets/xtts/xiaobao.jet
-- Installing: /home/wheeltec/wheeltec_ros2/install/wheeltec_mic_aiui/share/wheeltec_mic_aiui/AIUI/assets/xtts/xiaorong.jet
-- Installing: /home/wheeltec/wheeltec_ros2/install/wheeltec_mic_aiui/share/wheeltec_mic_aiui/AIUI/assets/xtts/xiaowang.jet
-- Installing: /home/wheeltec/wheeltec_ros2/install/wheeltec_mic_aiui/share/wheeltec_mic_aiui/AIUI/assets/xtts/nannan.jet
-- Installing: /home/wheeltec/wheeltec_ros2/install/wheeltec_mic_aiui/share/wheeltec_mic_aiui/AIUI/assets/xtts/xiaoying.jet
-- Installing: /home/wheeltec/wheeltec_ros2/install/wheeltec_mic_aiui/share/wheeltec_mic_aiui/AIUI/msc
-- Installing: /home/wheeltec/wheeltec_ros2/install/wheeltec_mic_aiui/share/wheeltec_mic_aiui/AIUI/msc/msc.cfg
-- Installing: /home/wheeltec/wheeltec_ros2/install/wheeltec_mic_aiui/share/wheeltec_mic_aiui/AIUI/msc/40be1a8bba4e1264909677def48f42ee
-- Installing: /home/wheeltec/wheeltec_ros2/install/wheeltec_mic_aiui/share/wheeltec_mic_aiui/AIUI/msc/40be1a8bba4e1264909677def48f42ee/local.6.6.0001.0047
-- Installing: /home/wheeltec/wheeltec_ros2/install/wheeltec_mic_aiui/share/wheeltec_mic_aiui/AIUI/msc/40be1a8bba4e1264909677def48f42ee/local.6.6.0001.0047/local.cache
-- Installing: /home/wheeltec/wheeltec_ros2/install/wheeltec_mic_aiui/share/wheeltec_mic_aiui/AIUI/msc/7b8b82d171b126a5dcdd8e70adb0e4d3
-- Installing: /home/wheeltec/wheeltec_ros2/install/wheeltec_mic_aiui/share/wheeltec_mic_aiui/AIUI/msc/7b8b82d171b126a5dcdd8e70adb0e4d3/ns.6.6.0001.0047
-- Installing: /home/wheeltec/wheeltec_ros2/install/wheeltec_mic_aiui/share/wheeltec_mic_aiui/AIUI/msc/7b8b82d171b126a5dcdd8e70adb0e4d3/ns.6.6.0001.0047/ns.cache
-- Installing: /home/wheeltec/wheeltec_ros2/install/wheeltec_mic_aiui/share/wheeltec_mic_aiui/AIUI/msc/7b8b82d171b126a5dcdd8e70adb0e4d3/local.6.6.0001.0047
-- Installing: /home/wheeltec/wheeltec_ros2/install/wheeltec_mic_aiui/share/wheeltec_mic_aiui/AIUI/msc/7b8b82d171b126a5dcdd8e70adb0e4d3/local.6.6.0001.0047/local.cache
-- Installing: /home/wheeltec/wheeltec_ros2/install/wheeltec_mic_aiui/share/wheeltec_mic_aiui/AIUI/msc/aiui.log
-- Installing: /home/wheeltec/wheeltec_ros2/install/wheeltec_mic_aiui/share/wheeltec_mic_aiui/AIUI/audio
-- Installing: /home/wheeltec/wheeltec_ros2/install/wheeltec_mic_aiui/share/wheeltec_mic_aiui/AIUI/audio/test.pcm
-- Installing: /home/wheeltec/wheeltec_ros2/install/wheeltec_mic_aiui/share/wheeltec_mic_aiui/AIUI/cfg
-- Installing: /home/wheeltec/wheeltec_ros2/install/wheeltec_mic_aiui/share/wheeltec_mic_aiui/AIUI/cfg/aiui.cfg
-- Installing: /home/wheeltec/wheeltec_ros2/install/wheeltec_mic_aiui/share/wheeltec_mic_aiui/config
-- Installing: /home/wheeltec/wheeltec_ros2/install/wheeltec_mic_aiui/share/wheeltec_mic_aiui/config/param.yaml
-- Execute custom install script
-- Symlinking: /home/wheeltec/wheeltec_ros2/install/wheeltec_mic_aiui/lib/wheeltec_mic_aiui/wheeltec_mic_aiui
-- Symlinking: /home/wheeltec/wheeltec_ros2/install/wheeltec_mic_aiui/lib/wheeltec_mic_aiui/node_feedback
-- Symlinking: /home/wheeltec/wheeltec_ros2/install/wheeltec_mic_aiui/lib/wheeltec_mic_aiui/command_recognition
-- Symlinking: /home/wheeltec/wheeltec_ros2/install/wheeltec_mic_aiui/lib/wheeltec_mic_aiui/wheeltec_mic
-- Symlinking: /home/wheeltec/wheeltec_ros2/install/wheeltec_mic_aiui/lib/wheeltec_mic_aiui/motion_control
-- Symlinking: /home/wheeltec/wheeltec_ros2/install/wheeltec_mic_aiui/lib/wheeltec_mic_aiui/chat_service
-- Symlinking: /home/wheeltec/wheeltec_ros2/install/wheeltec_mic_aiui/share/ament_index/resource_index/package_run_dependencies/wheeltec_mic_aiui
-- Symlinking: /home/wheeltec/wheeltec_ros2/install/wheeltec_mic_aiui/share/ament_index/resource_index/parent_prefix_path/wheeltec_mic_aiui
-- Symlinking: /home/wheeltec/wheeltec_ros2/install/wheeltec_mic_aiui/share/wheeltec_mic_aiui/environment/ament_prefix_path.sh
-- Symlinking: /home/wheeltec/wheeltec_ros2/install/wheeltec_mic_aiui/share/wheeltec_mic_aiui/environment/ament_prefix_path.dsv
-- Symlinking: /home/wheeltec/wheeltec_ros2/install/wheeltec_mic_aiui/share/wheeltec_mic_aiui/environment/path.sh
-- Symlinking: /home/wheeltec/wheeltec_ros2/install/wheeltec_mic_aiui/share/wheeltec_mic_aiui/environment/path.dsv
-- Symlinking: /home/wheeltec/wheeltec_ros2/install/wheeltec_mic_aiui/share/wheeltec_mic_aiui/local_setup.bash
-- Symlinking: /home/wheeltec/wheeltec_ros2/install/wheeltec_mic_aiui/share/wheeltec_mic_aiui/local_setup.sh
-- Symlinking: /home/wheeltec/wheeltec_ros2/install/wheeltec_mic_aiui/share/wheeltec_mic_aiui/local_setup.zsh
-- Symlinking: /home/wheeltec/wheeltec_ros2/install/wheeltec_mic_aiui/share/wheeltec_mic_aiui/local_setup.dsv
-- Symlinking: /home/wheeltec/wheeltec_ros2/install/wheeltec_mic_aiui/share/wheeltec_mic_aiui/package.dsv
-- Symlinking: /home/wheeltec/wheeltec_ros2/install/wheeltec_mic_aiui/share/ament_index/resource_index/packages/wheeltec_mic_aiui
-- Symlinking: /home/wheeltec/wheeltec_ros2/install/wheeltec_mic_aiui/share/wheeltec_mic_aiui/cmake/wheeltec_mic_aiuiConfig.cmake
-- Symlinking: /home/wheeltec/wheeltec_ros2/install/wheeltec_mic_aiui/share/wheeltec_mic_aiui/cmake/wheeltec_mic_aiuiConfig-version.cmake
-- Symlinking: /home/wheeltec/wheeltec_ros2/install/wheeltec_mic_aiui/share/wheeltec_mic_aiui/package.xml
