[  4%] Built target gtest
[  8%] Built target gtest_main
[ 30%] Built target mppi_critics
[ 47%] Built target mppi_controller
[35m[1mConsolidate compiler generated dependencies of target motion_model_tests[0m
[35m[1mConsolidate compiler generated dependencies of target noise_generator_test[0m
[ 50%] [32mBuilding CXX object test/CMakeFiles/controller_state_transition_test.dir/controller_state_transition_test.cpp.o[0m
[ 52%] [32mBuilding CXX object test/CMakeFiles/optimizer_smoke_test.dir/optimizer_smoke_test.cpp.o[0m
[ 54%] [32mBuilding CXX object test/CMakeFiles/parameter_handler_test.dir/parameter_handler_test.cpp.o[0m
[ 56%] [32mBuilding CXX object test/CMakeFiles/models_test.dir/models_test.cpp.o[0m
[ 58%] [32mBuilding CXX object test/CMakeFiles/noise_generator_test.dir/noise_generator_test.cpp.o[0m
[ 60%] [32mBuilding CXX object test/CMakeFiles/motion_model_tests.dir/motion_model_tests.cpp.o[0m
[ 63%] [32m[1mLinking CXX executable models_test[0m
[ 65%] [32m[1mLinking CXX executable noise_generator_test[0m
[ 65%] Built target models_test
[ 65%] Built target noise_generator_test
[ 67%] [32m[1mLinking CXX executable parameter_handler_test[0m
[ 67%] Built target parameter_handler_test
[ 69%] [32m[1mLinking CXX executable motion_model_tests[0m
[ 69%] Built target motion_model_tests
[ 71%] [32m[1mLinking CXX executable controller_state_transition_test[0m
[ 73%] [32m[1mLinking CXX executable optimizer_smoke_test[0m
[ 73%] Built target controller_state_transition_test
[ 73%] Built target optimizer_smoke_test
[ 76%] [32mBuilding CXX object test/CMakeFiles/optimizer_unit_tests.dir/optimizer_unit_tests.cpp.o[0m
[01m[K/home/wheeltec/wheeltec_ros2/src/navigation2-humble/nav2_mppi_controller/test/optimizer_unit_tests.cpp:[m[K In member function ‘[01m[Kstd::pair<double, double> OptimizerTester::getVelLimits()[m[K’:
[01m[K/home/wheeltec/wheeltec_ros2/src/navigation2-humble/nav2_mppi_controller/test/optimizer_unit_tests.cpp:147:3:[m[K [01;36m[Knote: [m[Kparameter passing for argument of type ‘[01m[Kstd::pair<double, double>[m[K’ when C++17 is enabled changed to match C++14 ]8;;https://gcc.gnu.org/gcc-10/changes.html#empty_basein GCC 10.1]8;;
  147 |   [01;36m[K{[m[K
      |   [01;36m[K^[m[K
[ 78%] [32m[1mLinking CXX executable optimizer_unit_tests[0m
[ 78%] Built target optimizer_unit_tests
[ 80%] [32mBuilding CXX object test/CMakeFiles/critics_tests.dir/critics_tests.cpp.o[0m
[ 82%] [32m[1mLinking CXX executable critics_tests[0m
[ 82%] Built target critics_tests
[35m[1mConsolidate compiler generated dependencies of target critic_manager_test[0m
[ 84%] [32mBuilding CXX object test/CMakeFiles/critic_manager_test.dir/critic_manager_test.cpp.o[0m
[ 86%] [32m[1mLinking CXX executable critic_manager_test[0m
[ 86%] Built target critic_manager_test
[35m[1mConsolidate compiler generated dependencies of target path_handler_test[0m
[ 89%] [32mBuilding CXX object test/CMakeFiles/path_handler_test.dir/path_handler_test.cpp.o[0m
[ 91%] [32m[1mLinking CXX executable path_handler_test[0m
[ 91%] Built target path_handler_test
[35m[1mConsolidate compiler generated dependencies of target utils_test[0m
[ 93%] [32mBuilding CXX object test/CMakeFiles/utils_test.dir/utils_test.cpp.o[0m
[ 95%] [32m[1mLinking CXX executable utils_test[0m
[ 95%] Built target utils_test
[35m[1mConsolidate compiler generated dependencies of target trajectory_visualizer_tests[0m
[ 97%] [32mBuilding CXX object test/CMakeFiles/trajectory_visualizer_tests.dir/trajectory_visualizer_tests.cpp.o[0m
[100%] [32m[1mLinking CXX executable trajectory_visualizer_tests[0m
[100%] Built target trajectory_visualizer_tests
-- Install configuration: "Release"
-- Execute custom install script
-- Symlinking: /home/wheeltec/wheeltec_ros2/install/nav2_mppi_controller/lib/libmppi_controller.so
-- Symlinking: /home/wheeltec/wheeltec_ros2/install/nav2_mppi_controller/lib/libmppi_critics.so
-- Symlinking: /home/wheeltec/wheeltec_ros2/install/nav2_mppi_controller/include//nav2_mppi_controller/controller.hpp
-- Symlinking: /home/wheeltec/wheeltec_ros2/install/nav2_mppi_controller/include//nav2_mppi_controller/critic_data.hpp
-- Symlinking: /home/wheeltec/wheeltec_ros2/install/nav2_mppi_controller/include//nav2_mppi_controller/critic_function.hpp
-- Symlinking: /home/wheeltec/wheeltec_ros2/install/nav2_mppi_controller/include//nav2_mppi_controller/critic_manager.hpp
-- Symlinking: /home/wheeltec/wheeltec_ros2/install/nav2_mppi_controller/include//nav2_mppi_controller/critics/constraint_critic.hpp
-- Symlinking: /home/wheeltec/wheeltec_ros2/install/nav2_mppi_controller/include//nav2_mppi_controller/critics/goal_angle_critic.hpp
-- Symlinking: /home/wheeltec/wheeltec_ros2/install/nav2_mppi_controller/include//nav2_mppi_controller/critics/goal_critic.hpp
-- Symlinking: /home/wheeltec/wheeltec_ros2/install/nav2_mppi_controller/include//nav2_mppi_controller/critics/obstacles_critic.hpp
-- Symlinking: /home/wheeltec/wheeltec_ros2/install/nav2_mppi_controller/include//nav2_mppi_controller/critics/path_align_critic.hpp
-- Symlinking: /home/wheeltec/wheeltec_ros2/install/nav2_mppi_controller/include//nav2_mppi_controller/critics/path_angle_critic.hpp
-- Symlinking: /home/wheeltec/wheeltec_ros2/install/nav2_mppi_controller/include//nav2_mppi_controller/critics/path_follow_critic.hpp
-- Symlinking: /home/wheeltec/wheeltec_ros2/install/nav2_mppi_controller/include//nav2_mppi_controller/critics/prefer_forward_critic.hpp
-- Symlinking: /home/wheeltec/wheeltec_ros2/install/nav2_mppi_controller/include//nav2_mppi_controller/critics/twirling_critic.hpp
-- Symlinking: /home/wheeltec/wheeltec_ros2/install/nav2_mppi_controller/include//nav2_mppi_controller/models/constraints.hpp
-- Symlinking: /home/wheeltec/wheeltec_ros2/install/nav2_mppi_controller/include//nav2_mppi_controller/models/control_sequence.hpp
-- Symlinking: /home/wheeltec/wheeltec_ros2/install/nav2_mppi_controller/include//nav2_mppi_controller/models/optimizer_settings.hpp
-- Symlinking: /home/wheeltec/wheeltec_ros2/install/nav2_mppi_controller/include//nav2_mppi_controller/models/path.hpp
-- Symlinking: /home/wheeltec/wheeltec_ros2/install/nav2_mppi_controller/include//nav2_mppi_controller/models/state.hpp
-- Symlinking: /home/wheeltec/wheeltec_ros2/install/nav2_mppi_controller/include//nav2_mppi_controller/models/trajectories.hpp
-- Symlinking: /home/wheeltec/wheeltec_ros2/install/nav2_mppi_controller/include//nav2_mppi_controller/motion_models.hpp
-- Symlinking: /home/wheeltec/wheeltec_ros2/install/nav2_mppi_controller/include//nav2_mppi_controller/optimizer.hpp
-- Symlinking: /home/wheeltec/wheeltec_ros2/install/nav2_mppi_controller/include//nav2_mppi_controller/tools/noise_generator.hpp
-- Symlinking: /home/wheeltec/wheeltec_ros2/install/nav2_mppi_controller/include//nav2_mppi_controller/tools/parameters_handler.hpp
-- Symlinking: /home/wheeltec/wheeltec_ros2/install/nav2_mppi_controller/include//nav2_mppi_controller/tools/path_handler.hpp
-- Symlinking: /home/wheeltec/wheeltec_ros2/install/nav2_mppi_controller/include//nav2_mppi_controller/tools/trajectory_visualizer.hpp
-- Symlinking: /home/wheeltec/wheeltec_ros2/install/nav2_mppi_controller/include//nav2_mppi_controller/tools/utils.hpp
-- Symlinking: /home/wheeltec/wheeltec_ros2/install/nav2_mppi_controller/share/nav2_mppi_controller/environment/library_path.sh
-- Symlinking: /home/wheeltec/wheeltec_ros2/install/nav2_mppi_controller/share/nav2_mppi_controller/environment/library_path.dsv
-- Symlinking: /home/wheeltec/wheeltec_ros2/install/nav2_mppi_controller/share/nav2_mppi_controller//mppic.xml
-- Symlinking: /home/wheeltec/wheeltec_ros2/install/nav2_mppi_controller/share/nav2_mppi_controller//critics.xml
-- Symlinking: /home/wheeltec/wheeltec_ros2/install/nav2_mppi_controller/share/ament_index/resource_index/package_run_dependencies/nav2_mppi_controller
-- Symlinking: /home/wheeltec/wheeltec_ros2/install/nav2_mppi_controller/share/ament_index/resource_index/parent_prefix_path/nav2_mppi_controller
-- Symlinking: /home/wheeltec/wheeltec_ros2/install/nav2_mppi_controller/share/nav2_mppi_controller/environment/ament_prefix_path.sh
-- Symlinking: /home/wheeltec/wheeltec_ros2/install/nav2_mppi_controller/share/nav2_mppi_controller/environment/ament_prefix_path.dsv
-- Symlinking: /home/wheeltec/wheeltec_ros2/install/nav2_mppi_controller/share/nav2_mppi_controller/environment/path.sh
-- Symlinking: /home/wheeltec/wheeltec_ros2/install/nav2_mppi_controller/share/nav2_mppi_controller/environment/path.dsv
-- Symlinking: /home/wheeltec/wheeltec_ros2/install/nav2_mppi_controller/share/nav2_mppi_controller/local_setup.bash
-- Symlinking: /home/wheeltec/wheeltec_ros2/install/nav2_mppi_controller/share/nav2_mppi_controller/local_setup.sh
-- Symlinking: /home/wheeltec/wheeltec_ros2/install/nav2_mppi_controller/share/nav2_mppi_controller/local_setup.zsh
-- Symlinking: /home/wheeltec/wheeltec_ros2/install/nav2_mppi_controller/share/nav2_mppi_controller/local_setup.dsv
-- Symlinking: /home/wheeltec/wheeltec_ros2/install/nav2_mppi_controller/share/nav2_mppi_controller/package.dsv
-- Symlinking: /home/wheeltec/wheeltec_ros2/install/nav2_mppi_controller/share/ament_index/resource_index/packages/nav2_mppi_controller
-- Symlinking: /home/wheeltec/wheeltec_ros2/install/nav2_mppi_controller/share/ament_index/resource_index/nav2_core__pluginlib__plugin/nav2_mppi_controller
-- Symlinking: /home/wheeltec/wheeltec_ros2/install/nav2_mppi_controller/share/ament_index/resource_index/nav2_mppi_controller__pluginlib__plugin/nav2_mppi_controller
-- Symlinking: /home/wheeltec/wheeltec_ros2/install/nav2_mppi_controller/share/nav2_mppi_controller/cmake/ament_cmake_export_libraries-extras.cmake
-- Symlinking: /home/wheeltec/wheeltec_ros2/install/nav2_mppi_controller/share/nav2_mppi_controller/cmake/ament_cmake_export_dependencies-extras.cmake
-- Symlinking: /home/wheeltec/wheeltec_ros2/install/nav2_mppi_controller/share/nav2_mppi_controller/cmake/ament_cmake_export_include_directories-extras.cmake
-- Symlinking: /home/wheeltec/wheeltec_ros2/install/nav2_mppi_controller/share/nav2_mppi_controller/cmake/nav2_mppi_controllerConfig.cmake
-- Symlinking: /home/wheeltec/wheeltec_ros2/install/nav2_mppi_controller/share/nav2_mppi_controller/cmake/nav2_mppi_controllerConfig-version.cmake
-- Symlinking: /home/wheeltec/wheeltec_ros2/install/nav2_mppi_controller/share/nav2_mppi_controller/package.xml
