[0.498s] Invoking command in '/home/wheeltec/wheeltec_ros2/build/ollama_ros_msgs': CMAKE_PREFIX_PATH=${CMAKE_PREFIX_PATH}:/home/wheeltec/wheeltec_ros2/install/simple_follower_ros2:/home/wheeltec/wheeltec_ros2/install/wheeltec_robot_keyboard:/home/wheeltec/wheeltec_ros2/install/wheeltec_dual_rtk_driver:/home/wheeltec/wheeltec_ros2/install/ultralytics_ros2:/home/wheeltec/wheeltec_ros2/install/tf2_tools:/home/wheeltec/wheeltec_ros2/install/ollama_ros_chat:/home/wheeltec/wheeltec_ros2/install/nmea_navsat_driver:/home/wheeltec/wheeltec_ros2/install/nav2_waypoint_cycle:/home/wheeltec/wheeltec_ros2/install/nav2_simple_commander:/home/wheeltec/wheeltec_ros2/install/largemodel:/home/wheeltec/wheeltec_ros2/install/auto_recharge_ros2:/home/wheeltec/autoware/install/autoware_wheeltec_interface:/home/wheeltec/autoware/install/ad_api_visualizers:/opt/ros/humble /usr/bin/cmake --build /home/wheeltec/wheeltec_ros2/build/ollama_ros_msgs -- -j6 -l6
[1.476s] [  9%] Built target ollama_ros_msgs__rosidl_generator_c
[1.761s] [  9%] Built target ament_cmake_python_symlink_ollama_ros_msgs
[2.009s] [ 19%] Built target ollama_ros_msgs__rosidl_typesupport_introspection_c
[2.874s] running egg_info
[2.875s] writing ollama_ros_msgs.egg-info/PKG-INFO
[2.884s] writing dependency_links to ollama_ros_msgs.egg-info/dependency_links.txt
[2.884s] writing top-level names to ollama_ros_msgs.egg-info/top_level.txt
[2.901s] reading manifest file 'ollama_ros_msgs.egg-info/SOURCES.txt'
[2.902s] writing manifest file 'ollama_ros_msgs.egg-info/SOURCES.txt'
[3.074s] [ 19%] Built target ament_cmake_python_build_ollama_ros_msgs_egg
[3.309s] [ 29%] Built target ollama_ros_msgs__rosidl_typesupport_fastrtps_c
[3.530s] [ 38%] Built target ollama_ros_msgs__rosidl_typesupport_c
[3.770s] [ 41%] Built target ollama_ros_msgs__cpp
[4.003s] [ 51%] Built target ollama_ros_msgs__rosidl_typesupport_cpp
[4.226s] [ 61%] Built target ollama_ros_msgs__rosidl_typesupport_introspection_cpp
[4.430s] [ 70%] Built target ollama_ros_msgs__rosidl_typesupport_fastrtps_cpp
[4.635s] [ 70%] Built target ollama_ros_msgs
[4.860s] [ 74%] Built target ollama_ros_msgs__py
[5.058s] [ 80%] Built target ollama_ros_msgs__rosidl_generator_py
[5.252s] [ 87%] Built target ollama_ros_msgs__rosidl_typesupport_fastrtps_c__pyext
[5.460s] [ 93%] Built target ollama_ros_msgs__rosidl_typesupport_c__pyext
[5.685s] [100%] Built target ollama_ros_msgs__rosidl_typesupport_introspection_c__pyext
[5.774s] Invoked command in '/home/wheeltec/wheeltec_ros2/build/ollama_ros_msgs' returned '0': CMAKE_PREFIX_PATH=${CMAKE_PREFIX_PATH}:/home/wheeltec/wheeltec_ros2/install/simple_follower_ros2:/home/wheeltec/wheeltec_ros2/install/wheeltec_robot_keyboard:/home/wheeltec/wheeltec_ros2/install/wheeltec_dual_rtk_driver:/home/wheeltec/wheeltec_ros2/install/ultralytics_ros2:/home/wheeltec/wheeltec_ros2/install/tf2_tools:/home/wheeltec/wheeltec_ros2/install/ollama_ros_chat:/home/wheeltec/wheeltec_ros2/install/nmea_navsat_driver:/home/wheeltec/wheeltec_ros2/install/nav2_waypoint_cycle:/home/wheeltec/wheeltec_ros2/install/nav2_simple_commander:/home/wheeltec/wheeltec_ros2/install/largemodel:/home/wheeltec/wheeltec_ros2/install/auto_recharge_ros2:/home/wheeltec/autoware/install/autoware_wheeltec_interface:/home/wheeltec/autoware/install/ad_api_visualizers:/opt/ros/humble /usr/bin/cmake --build /home/wheeltec/wheeltec_ros2/build/ollama_ros_msgs -- -j6 -l6
[5.780s] Invoking command in '/home/wheeltec/wheeltec_ros2/build/ollama_ros_msgs': CMAKE_PREFIX_PATH=${CMAKE_PREFIX_PATH}:/home/wheeltec/wheeltec_ros2/install/simple_follower_ros2:/home/wheeltec/wheeltec_ros2/install/wheeltec_robot_keyboard:/home/wheeltec/wheeltec_ros2/install/wheeltec_dual_rtk_driver:/home/wheeltec/wheeltec_ros2/install/ultralytics_ros2:/home/wheeltec/wheeltec_ros2/install/tf2_tools:/home/wheeltec/wheeltec_ros2/install/ollama_ros_chat:/home/wheeltec/wheeltec_ros2/install/nmea_navsat_driver:/home/wheeltec/wheeltec_ros2/install/nav2_waypoint_cycle:/home/wheeltec/wheeltec_ros2/install/nav2_simple_commander:/home/wheeltec/wheeltec_ros2/install/largemodel:/home/wheeltec/wheeltec_ros2/install/auto_recharge_ros2:/home/wheeltec/autoware/install/autoware_wheeltec_interface:/home/wheeltec/autoware/install/ad_api_visualizers:/opt/ros/humble /usr/bin/cmake --install /home/wheeltec/wheeltec_ros2/build/ollama_ros_msgs
[5.850s] -- Install configuration: ""
[5.851s] -- Execute custom install script
[5.852s] -- Up-to-date symlink: /home/wheeltec/wheeltec_ros2/install/ollama_ros_msgs/share/ament_index/resource_index/rosidl_interfaces/ollama_ros_msgs
[5.853s] -- Up-to-date symlink: /home/wheeltec/wheeltec_ros2/install/ollama_ros_msgs/include/ollama_ros_msgs/ollama_ros_msgs/msg/rosidl_generator_c__visibility_control.h
[5.854s] -- Up-to-date symlink: /home/wheeltec/wheeltec_ros2/install/ollama_ros_msgs/include/ollama_ros_msgs/ollama_ros_msgs/srv/chat.h
[5.854s] -- Up-to-date symlink: /home/wheeltec/wheeltec_ros2/install/ollama_ros_msgs/include/ollama_ros_msgs/ollama_ros_msgs/srv/detail/chat__functions.h
[5.854s] -- Up-to-date symlink: /home/wheeltec/wheeltec_ros2/install/ollama_ros_msgs/include/ollama_ros_msgs/ollama_ros_msgs/srv/detail/chat__struct.h
[5.854s] -- Up-to-date symlink: /home/wheeltec/wheeltec_ros2/install/ollama_ros_msgs/include/ollama_ros_msgs/ollama_ros_msgs/srv/detail/chat__type_support.h
[5.855s] -- Up-to-date symlink: /home/wheeltec/wheeltec_ros2/install/ollama_ros_msgs/share/ollama_ros_msgs/environment/library_path.sh
[5.855s] -- Up-to-date symlink: /home/wheeltec/wheeltec_ros2/install/ollama_ros_msgs/share/ollama_ros_msgs/environment/library_path.dsv
[5.856s] -- Up-to-date symlink: /home/wheeltec/wheeltec_ros2/install/ollama_ros_msgs/include/ollama_ros_msgs/ollama_ros_msgs/msg/rosidl_typesupport_fastrtps_c__visibility_control.h
[5.857s] -- Up-to-date symlink: /home/wheeltec/wheeltec_ros2/install/ollama_ros_msgs/include/ollama_ros_msgs/ollama_ros_msgs/srv/detail/chat__rosidl_typesupport_fastrtps_c.h
[5.863s] -- Up-to-date symlink: /home/wheeltec/wheeltec_ros2/install/ollama_ros_msgs/include/ollama_ros_msgs/ollama_ros_msgs/msg/rosidl_typesupport_introspection_c__visibility_control.h
[5.865s] -- Up-to-date symlink: /home/wheeltec/wheeltec_ros2/install/ollama_ros_msgs/include/ollama_ros_msgs/ollama_ros_msgs/srv/detail/chat__rosidl_typesupport_introspection_c.h
[5.866s] -- Up-to-date symlink: /home/wheeltec/wheeltec_ros2/install/ollama_ros_msgs/include/ollama_ros_msgs/ollama_ros_msgs/msg/rosidl_generator_cpp__visibility_control.hpp
[5.866s] -- Up-to-date symlink: /home/wheeltec/wheeltec_ros2/install/ollama_ros_msgs/include/ollama_ros_msgs/ollama_ros_msgs/srv/chat.hpp
[5.866s] -- Up-to-date symlink: /home/wheeltec/wheeltec_ros2/install/ollama_ros_msgs/include/ollama_ros_msgs/ollama_ros_msgs/srv/detail/chat__builder.hpp
[5.867s] -- Up-to-date symlink: /home/wheeltec/wheeltec_ros2/install/ollama_ros_msgs/include/ollama_ros_msgs/ollama_ros_msgs/srv/detail/chat__struct.hpp
[5.867s] -- Up-to-date symlink: /home/wheeltec/wheeltec_ros2/install/ollama_ros_msgs/include/ollama_ros_msgs/ollama_ros_msgs/srv/detail/chat__traits.hpp
[5.867s] -- Up-to-date symlink: /home/wheeltec/wheeltec_ros2/install/ollama_ros_msgs/include/ollama_ros_msgs/ollama_ros_msgs/srv/detail/chat__type_support.hpp
[5.868s] -- Up-to-date symlink: /home/wheeltec/wheeltec_ros2/install/ollama_ros_msgs/include/ollama_ros_msgs/ollama_ros_msgs/msg/rosidl_typesupport_fastrtps_cpp__visibility_control.h
[5.868s] -- Up-to-date symlink: /home/wheeltec/wheeltec_ros2/install/ollama_ros_msgs/include/ollama_ros_msgs/ollama_ros_msgs/srv/detail/chat__rosidl_typesupport_fastrtps_cpp.hpp
[5.869s] -- Up-to-date symlink: /home/wheeltec/wheeltec_ros2/install/ollama_ros_msgs/include/ollama_ros_msgs/ollama_ros_msgs/srv/detail/chat__rosidl_typesupport_introspection_cpp.hpp
[5.870s] -- Up-to-date symlink: /home/wheeltec/wheeltec_ros2/install/ollama_ros_msgs/share/ollama_ros_msgs/environment/pythonpath.sh
[5.870s] -- Up-to-date symlink: /home/wheeltec/wheeltec_ros2/install/ollama_ros_msgs/share/ollama_ros_msgs/environment/pythonpath.dsv
[5.870s] -- Up-to-date symlink: /home/wheeltec/wheeltec_ros2/install/ollama_ros_msgs/local/lib/python3.10/dist-packages/ollama_ros_msgs-0.0.0-py3.10.egg-info/PKG-INFO
[5.875s] -- Up-to-date symlink: /home/wheeltec/wheeltec_ros2/install/ollama_ros_msgs/local/lib/python3.10/dist-packages/ollama_ros_msgs-0.0.0-py3.10.egg-info/SOURCES.txt
[5.877s] -- Up-to-date symlink: /home/wheeltec/wheeltec_ros2/install/ollama_ros_msgs/local/lib/python3.10/dist-packages/ollama_ros_msgs-0.0.0-py3.10.egg-info/dependency_links.txt
[5.877s] -- Up-to-date symlink: /home/wheeltec/wheeltec_ros2/install/ollama_ros_msgs/local/lib/python3.10/dist-packages/ollama_ros_msgs-0.0.0-py3.10.egg-info/top_level.txt
[5.877s] -- Up-to-date symlink: /home/wheeltec/wheeltec_ros2/install/ollama_ros_msgs/local/lib/python3.10/dist-packages/ollama_ros_msgs/__init__.py
[5.877s] -- Up-to-date symlink: /home/wheeltec/wheeltec_ros2/install/ollama_ros_msgs/local/lib/python3.10/dist-packages/ollama_ros_msgs/_ollama_ros_msgs_s.ep.rosidl_typesupport_c.c
[5.877s] -- Up-to-date symlink: /home/wheeltec/wheeltec_ros2/install/ollama_ros_msgs/local/lib/python3.10/dist-packages/ollama_ros_msgs/_ollama_ros_msgs_s.ep.rosidl_typesupport_fastrtps_c.c
[5.878s] -- Up-to-date symlink: /home/wheeltec/wheeltec_ros2/install/ollama_ros_msgs/local/lib/python3.10/dist-packages/ollama_ros_msgs/_ollama_ros_msgs_s.ep.rosidl_typesupport_introspection_c.c
[5.878s] -- Up-to-date symlink: /home/wheeltec/wheeltec_ros2/install/ollama_ros_msgs/local/lib/python3.10/dist-packages/ollama_ros_msgs/libollama_ros_msgs__rosidl_generator_py.so
[5.878s] -- Up-to-date symlink: /home/wheeltec/wheeltec_ros2/install/ollama_ros_msgs/local/lib/python3.10/dist-packages/ollama_ros_msgs/ollama_ros_msgs_s__rosidl_typesupport_c.cpython-310-aarch64-linux-gnu.so
[5.879s] -- Up-to-date symlink: /home/wheeltec/wheeltec_ros2/install/ollama_ros_msgs/local/lib/python3.10/dist-packages/ollama_ros_msgs/ollama_ros_msgs_s__rosidl_typesupport_fastrtps_c.cpython-310-aarch64-linux-gnu.so
[5.879s] -- Up-to-date symlink: /home/wheeltec/wheeltec_ros2/install/ollama_ros_msgs/local/lib/python3.10/dist-packages/ollama_ros_msgs/ollama_ros_msgs_s__rosidl_typesupport_introspection_c.cpython-310-aarch64-linux-gnu.so
[5.879s] -- Up-to-date symlink: /home/wheeltec/wheeltec_ros2/install/ollama_ros_msgs/local/lib/python3.10/dist-packages/ollama_ros_msgs/srv/__init__.py
[5.880s] -- Up-to-date symlink: /home/wheeltec/wheeltec_ros2/install/ollama_ros_msgs/local/lib/python3.10/dist-packages/ollama_ros_msgs/srv/_chat.py
[5.880s] -- Up-to-date symlink: /home/wheeltec/wheeltec_ros2/install/ollama_ros_msgs/local/lib/python3.10/dist-packages/ollama_ros_msgs/srv/_chat_s.c
[5.881s] -- Up-to-date symlink: /home/wheeltec/wheeltec_ros2/install/ollama_ros_msgs/local/lib/python3.10/dist-packages/ollama_ros_msgs/ollama_ros_msgs_s__rosidl_typesupport_fastrtps_c.cpython-310-aarch64-linux-gnu.so
[5.886s] -- Up-to-date symlink: /home/wheeltec/wheeltec_ros2/install/ollama_ros_msgs/local/lib/python3.10/dist-packages/ollama_ros_msgs/ollama_ros_msgs_s__rosidl_typesupport_introspection_c.cpython-310-aarch64-linux-gnu.so
[5.886s] -- Up-to-date symlink: /home/wheeltec/wheeltec_ros2/install/ollama_ros_msgs/local/lib/python3.10/dist-packages/ollama_ros_msgs/ollama_ros_msgs_s__rosidl_typesupport_c.cpython-310-aarch64-linux-gnu.so
[5.886s] -- Up-to-date symlink: /home/wheeltec/wheeltec_ros2/install/ollama_ros_msgs/share/ollama_ros_msgs/srv/Chat.idl
[5.887s] -- Up-to-date symlink: /home/wheeltec/wheeltec_ros2/install/ollama_ros_msgs/share/ollama_ros_msgs/srv/Chat.srv
[5.887s] -- Up-to-date symlink: /home/wheeltec/wheeltec_ros2/install/ollama_ros_msgs/share/ollama_ros_msgs/srv/Chat_Request.msg
[5.887s] -- Up-to-date symlink: /home/wheeltec/wheeltec_ros2/install/ollama_ros_msgs/share/ollama_ros_msgs/srv/Chat_Response.msg
[5.888s] -- Up-to-date symlink: /home/wheeltec/wheeltec_ros2/install/ollama_ros_msgs/share/ament_index/resource_index/package_run_dependencies/ollama_ros_msgs
[5.888s] -- Up-to-date symlink: /home/wheeltec/wheeltec_ros2/install/ollama_ros_msgs/share/ament_index/resource_index/parent_prefix_path/ollama_ros_msgs
[5.889s] -- Up-to-date symlink: /home/wheeltec/wheeltec_ros2/install/ollama_ros_msgs/share/ollama_ros_msgs/environment/ament_prefix_path.sh
[5.889s] -- Up-to-date symlink: /home/wheeltec/wheeltec_ros2/install/ollama_ros_msgs/share/ollama_ros_msgs/environment/ament_prefix_path.dsv
[5.889s] -- Up-to-date symlink: /home/wheeltec/wheeltec_ros2/install/ollama_ros_msgs/share/ollama_ros_msgs/environment/path.sh
[5.889s] -- Up-to-date symlink: /home/wheeltec/wheeltec_ros2/install/ollama_ros_msgs/share/ollama_ros_msgs/environment/path.dsv
[5.890s] -- Up-to-date symlink: /home/wheeltec/wheeltec_ros2/install/ollama_ros_msgs/share/ollama_ros_msgs/local_setup.bash
[5.890s] -- Up-to-date symlink: /home/wheeltec/wheeltec_ros2/install/ollama_ros_msgs/share/ollama_ros_msgs/local_setup.sh
[5.894s] -- Up-to-date symlink: /home/wheeltec/wheeltec_ros2/install/ollama_ros_msgs/share/ollama_ros_msgs/local_setup.zsh
[5.894s] -- Up-to-date symlink: /home/wheeltec/wheeltec_ros2/install/ollama_ros_msgs/share/ollama_ros_msgs/local_setup.dsv
[5.894s] -- Symlinking: /home/wheeltec/wheeltec_ros2/install/ollama_ros_msgs/share/ollama_ros_msgs/package.dsv
[5.979s] -- Up-to-date symlink: /home/wheeltec/wheeltec_ros2/install/ollama_ros_msgs/share/ament_index/resource_index/packages/ollama_ros_msgs
[5.979s] -- Up-to-date symlink: /home/wheeltec/wheeltec_ros2/install/ollama_ros_msgs/share/ollama_ros_msgs/cmake/rosidl_cmake-extras.cmake
[5.979s] -- Up-to-date symlink: /home/wheeltec/wheeltec_ros2/install/ollama_ros_msgs/share/ollama_ros_msgs/cmake/ament_cmake_export_include_directories-extras.cmake
[5.979s] -- Up-to-date symlink: /home/wheeltec/wheeltec_ros2/install/ollama_ros_msgs/share/ollama_ros_msgs/cmake/ament_cmake_export_libraries-extras.cmake
[5.980s] -- Up-to-date symlink: /home/wheeltec/wheeltec_ros2/install/ollama_ros_msgs/share/ollama_ros_msgs/cmake/ament_cmake_export_targets-extras.cmake
[5.980s] -- Up-to-date symlink: /home/wheeltec/wheeltec_ros2/install/ollama_ros_msgs/share/ollama_ros_msgs/cmake/rosidl_cmake_export_typesupport_targets-extras.cmake
[5.980s] -- Up-to-date symlink: /home/wheeltec/wheeltec_ros2/install/ollama_ros_msgs/share/ollama_ros_msgs/cmake/ament_cmake_export_dependencies-extras.cmake
[5.981s] -- Up-to-date symlink: /home/wheeltec/wheeltec_ros2/install/ollama_ros_msgs/share/ollama_ros_msgs/cmake/rosidl_cmake_export_typesupport_libraries-extras.cmake
[5.981s] -- Up-to-date symlink: /home/wheeltec/wheeltec_ros2/install/ollama_ros_msgs/share/ollama_ros_msgs/cmake/ollama_ros_msgsConfig.cmake
[5.981s] -- Up-to-date symlink: /home/wheeltec/wheeltec_ros2/install/ollama_ros_msgs/share/ollama_ros_msgs/cmake/ollama_ros_msgsConfig-version.cmake
[5.981s] -- Up-to-date symlink: /home/wheeltec/wheeltec_ros2/install/ollama_ros_msgs/share/ollama_ros_msgs/package.xml
[5.982s] -- Up-to-date: /home/wheeltec/wheeltec_ros2/install/ollama_ros_msgs/lib/libollama_ros_msgs__rosidl_generator_c.so
[5.983s] -- Up-to-date: /home/wheeltec/wheeltec_ros2/install/ollama_ros_msgs/lib/libollama_ros_msgs__rosidl_typesupport_fastrtps_c.so
[5.984s] -- Up-to-date: /home/wheeltec/wheeltec_ros2/install/ollama_ros_msgs/lib/libollama_ros_msgs__rosidl_typesupport_introspection_c.so
[5.985s] -- Up-to-date: /home/wheeltec/wheeltec_ros2/install/ollama_ros_msgs/lib/libollama_ros_msgs__rosidl_typesupport_c.so
[5.986s] -- Up-to-date: /home/wheeltec/wheeltec_ros2/install/ollama_ros_msgs/lib/libollama_ros_msgs__rosidl_typesupport_fastrtps_cpp.so
[5.987s] -- Up-to-date: /home/wheeltec/wheeltec_ros2/install/ollama_ros_msgs/lib/libollama_ros_msgs__rosidl_typesupport_introspection_cpp.so
[5.989s] -- Up-to-date: /home/wheeltec/wheeltec_ros2/install/ollama_ros_msgs/lib/libollama_ros_msgs__rosidl_typesupport_cpp.so
[6.174s] Listing '/home/wheeltec/wheeltec_ros2/install/ollama_ros_msgs/local/lib/python3.10/dist-packages/ollama_ros_msgs'...
[6.174s] Listing '/home/wheeltec/wheeltec_ros2/install/ollama_ros_msgs/local/lib/python3.10/dist-packages/ollama_ros_msgs/srv'...
[6.189s] -- Up-to-date: /home/wheeltec/wheeltec_ros2/install/ollama_ros_msgs/lib/libollama_ros_msgs__rosidl_generator_py.so
[6.191s] -- Up-to-date: /home/wheeltec/wheeltec_ros2/install/ollama_ros_msgs/share/ollama_ros_msgs/cmake/export_ollama_ros_msgs__rosidl_generator_cExport.cmake
[6.191s] -- Up-to-date: /home/wheeltec/wheeltec_ros2/install/ollama_ros_msgs/share/ollama_ros_msgs/cmake/export_ollama_ros_msgs__rosidl_generator_cExport-noconfig.cmake
[6.192s] -- Up-to-date: /home/wheeltec/wheeltec_ros2/install/ollama_ros_msgs/share/ollama_ros_msgs/cmake/export_ollama_ros_msgs__rosidl_typesupport_fastrtps_cExport.cmake
[6.192s] -- Up-to-date: /home/wheeltec/wheeltec_ros2/install/ollama_ros_msgs/share/ollama_ros_msgs/cmake/export_ollama_ros_msgs__rosidl_typesupport_fastrtps_cExport-noconfig.cmake
[6.193s] -- Up-to-date: /home/wheeltec/wheeltec_ros2/install/ollama_ros_msgs/share/ollama_ros_msgs/cmake/ollama_ros_msgs__rosidl_typesupport_introspection_cExport.cmake
[6.193s] -- Up-to-date: /home/wheeltec/wheeltec_ros2/install/ollama_ros_msgs/share/ollama_ros_msgs/cmake/ollama_ros_msgs__rosidl_typesupport_introspection_cExport-noconfig.cmake
[6.196s] -- Up-to-date: /home/wheeltec/wheeltec_ros2/install/ollama_ros_msgs/share/ollama_ros_msgs/cmake/ollama_ros_msgs__rosidl_typesupport_cExport.cmake
[6.196s] -- Up-to-date: /home/wheeltec/wheeltec_ros2/install/ollama_ros_msgs/share/ollama_ros_msgs/cmake/ollama_ros_msgs__rosidl_typesupport_cExport-noconfig.cmake
[6.197s] -- Up-to-date: /home/wheeltec/wheeltec_ros2/install/ollama_ros_msgs/share/ollama_ros_msgs/cmake/export_ollama_ros_msgs__rosidl_generator_cppExport.cmake
[6.197s] -- Up-to-date: /home/wheeltec/wheeltec_ros2/install/ollama_ros_msgs/share/ollama_ros_msgs/cmake/export_ollama_ros_msgs__rosidl_typesupport_fastrtps_cppExport.cmake
[6.197s] -- Up-to-date: /home/wheeltec/wheeltec_ros2/install/ollama_ros_msgs/share/ollama_ros_msgs/cmake/export_ollama_ros_msgs__rosidl_typesupport_fastrtps_cppExport-noconfig.cmake
[6.197s] -- Up-to-date: /home/wheeltec/wheeltec_ros2/install/ollama_ros_msgs/share/ollama_ros_msgs/cmake/ollama_ros_msgs__rosidl_typesupport_introspection_cppExport.cmake
[6.197s] -- Up-to-date: /home/wheeltec/wheeltec_ros2/install/ollama_ros_msgs/share/ollama_ros_msgs/cmake/ollama_ros_msgs__rosidl_typesupport_introspection_cppExport-noconfig.cmake
[6.198s] -- Up-to-date: /home/wheeltec/wheeltec_ros2/install/ollama_ros_msgs/share/ollama_ros_msgs/cmake/ollama_ros_msgs__rosidl_typesupport_cppExport.cmake
[6.198s] -- Up-to-date: /home/wheeltec/wheeltec_ros2/install/ollama_ros_msgs/share/ollama_ros_msgs/cmake/ollama_ros_msgs__rosidl_typesupport_cppExport-noconfig.cmake
[6.198s] -- Up-to-date: /home/wheeltec/wheeltec_ros2/install/ollama_ros_msgs/share/ollama_ros_msgs/cmake/export_ollama_ros_msgs__rosidl_generator_pyExport.cmake
[6.198s] -- Up-to-date: /home/wheeltec/wheeltec_ros2/install/ollama_ros_msgs/share/ollama_ros_msgs/cmake/export_ollama_ros_msgs__rosidl_generator_pyExport-noconfig.cmake
[6.217s] Invoked command in '/home/wheeltec/wheeltec_ros2/build/ollama_ros_msgs' returned '0': CMAKE_PREFIX_PATH=${CMAKE_PREFIX_PATH}:/home/wheeltec/wheeltec_ros2/install/simple_follower_ros2:/home/wheeltec/wheeltec_ros2/install/wheeltec_robot_keyboard:/home/wheeltec/wheeltec_ros2/install/wheeltec_dual_rtk_driver:/home/wheeltec/wheeltec_ros2/install/ultralytics_ros2:/home/wheeltec/wheeltec_ros2/install/tf2_tools:/home/wheeltec/wheeltec_ros2/install/ollama_ros_chat:/home/wheeltec/wheeltec_ros2/install/nmea_navsat_driver:/home/wheeltec/wheeltec_ros2/install/nav2_waypoint_cycle:/home/wheeltec/wheeltec_ros2/install/nav2_simple_commander:/home/wheeltec/wheeltec_ros2/install/largemodel:/home/wheeltec/wheeltec_ros2/install/auto_recharge_ros2:/home/wheeltec/autoware/install/autoware_wheeltec_interface:/home/wheeltec/autoware/install/ad_api_visualizers:/opt/ros/humble /usr/bin/cmake --install /home/wheeltec/wheeltec_ros2/build/ollama_ros_msgs
