gmake: Warning: File 'Makefile' has modification time 1766050060 s in the future
gmake[1]: Warning: File 'CMakeFiles/Makefile2' has modification time 1766050060 s in the future
gmake[2]: Warning: File 'CMakeFiles/controller_server_core.dir/flags.make' has modification time 1766050060 s in the future
gmake[2]: warning:  Clock skew detected.  Your build may be incomplete.
gmake[2]: Warning: File 'CMakeFiles/controller_server_core.dir/flags.make' has modification time 1766050060 s in the future
gmake[2]: warning:  Clock skew detected.  Your build may be incomplete.
gmake[2]: Warning: File 'gtest/CMakeFiles/gtest.dir/flags.make' has modification time 1766050060 s in the future
gmake[2]: warning:  Clock skew detected.  Your build may be incomplete.
gmake[2]: Warning: File 'gtest/CMakeFiles/gtest.dir/flags.make' has modification time 1766050060 s in the future
gmake[2]: warning:  Clock skew detected.  Your build may be incomplete.
gmake[2]: Warning: File 'CMakeFiles/controller_server.dir/flags.make' has modification time 1766050059 s in the future
gmake[2]: warning:  Clock skew detected.  Your build may be incomplete.
gmake[2]: Warning: File 'CMakeFiles/controller_server.dir/flags.make' has modification time 1766050059 s in the future
gmake[2]: warning:  Clock skew detected.  Your build may be incomplete.
gmake[2]: Warning: File 'gtest/CMakeFiles/gtest_main.dir/flags.make' has modification time 1766050059 s in the future
gmake[2]: warning:  Clock skew detected.  Your build may be incomplete.
gmake[2]: Warning: File 'gtest/CMakeFiles/gtest_main.dir/flags.make' has modification time 1766050059 s in the future
gmake[2]: warning:  Clock skew detected.  Your build may be incomplete.
gmake[2]: Warning: File 'CMakeFiles/simple_goal_checker.dir/flags.make' has modification time 1766050059 s in the future
gmake[2]: warning:  Clock skew detected.  Your build may be incomplete.
gmake[2]: Warning: File 'CMakeFiles/simple_goal_checker.dir/flags.make' has modification time 1766050059 s in the future
gmake[2]: warning:  Clock skew detected.  Your build may be incomplete.
gmake[2]: Warning: File 'test/CMakeFiles/test_dynamic_parameters.dir/flags.make' has modification time 1766050059 s in the future
gmake[2]: warning:  Clock skew detected.  Your build may be incomplete.
gmake[2]: Warning: File 'test/CMakeFiles/test_dynamic_parameters.dir/flags.make' has modification time 1766050059 s in the future
gmake[2]: warning:  Clock skew detected.  Your build may be incomplete.
gmake[2]: Warning: File 'CMakeFiles/stopped_goal_checker.dir/flags.make' has modification time 1766050058 s in the future
gmake[2]: warning:  Clock skew detected.  Your build may be incomplete.
gmake[2]: Warning: File 'CMakeFiles/stopped_goal_checker.dir/flags.make' has modification time 1766050058 s in the future
gmake[2]: warning:  Clock skew detected.  Your build may be incomplete.
gmake[2]: Warning: File 'CMakeFiles/simple_progress_checker.dir/flags.make' has modification time 1766050058 s in the future
gmake[2]: warning:  Clock skew detected.  Your build may be incomplete.
gmake[2]: Warning: File 'CMakeFiles/simple_progress_checker.dir/flags.make' has modification time 1766050058 s in the future
gmake[2]: warning:  Clock skew detected.  Your build may be incomplete.
gmake[2]: Warning: File 'plugins/test/CMakeFiles/gctest.dir/flags.make' has modification time 1766050058 s in the future
gmake[2]: warning:  Clock skew detected.  Your build may be incomplete.
gmake[2]: Warning: File 'plugins/test/CMakeFiles/gctest.dir/flags.make' has modification time 1766050057 s in the future
gmake[2]: warning:  Clock skew detected.  Your build may be incomplete.
gmake[2]: Warning: File 'plugins/test/CMakeFiles/pctest.dir/flags.make' has modification time 1766050057 s in the future
gmake[2]: warning:  Clock skew detected.  Your build may be incomplete.
gmake[2]: Warning: File 'plugins/test/CMakeFiles/pctest.dir/flags.make' has modification time 1766050057 s in the future
gmake[2]: warning:  Clock skew detected.  Your build may be incomplete.
gmake[1]: warning:  Clock skew detected.  Your build may be incomplete.
gmake: warning:  Clock skew detected.  Your build may be incomplete.
