[0.476s] Invoking command in '/home/wheeltec/wheeltec_ros2/build/nav2_common': CMAKE_PREFIX_PATH=${CMAKE_PREFIX_PATH}:/home/wheeltec/wheeltec_ros2/install/simple_follower_ros2:/home/wheeltec/wheeltec_ros2/install/wheeltec_robot_keyboard:/home/wheeltec/wheeltec_ros2/install/wheeltec_dual_rtk_driver:/home/wheeltec/wheeltec_ros2/install/ultralytics_ros2:/home/wheeltec/wheeltec_ros2/install/tf2_tools:/home/wheeltec/wheeltec_ros2/install/ollama_ros_chat:/home/wheeltec/wheeltec_ros2/install/nmea_navsat_driver:/home/wheeltec/wheeltec_ros2/install/nav2_waypoint_cycle:/home/wheeltec/wheeltec_ros2/install/nav2_simple_commander:/home/wheeltec/wheeltec_ros2/install/largemodel:/home/wheeltec/wheeltec_ros2/install/auto_recharge_ros2:/home/wheeltec/autoware/install/autoware_wheeltec_interface:/home/wheeltec/autoware/install/autoware_multi_point:/home/wheeltec/autoware/install/ad_api_visualizers:/opt/ros/humble /usr/bin/cmake --build /home/wheeltec/wheeltec_ros2/build/nav2_common -- -j6 -l6
[0.663s] gmake: Warning: File 'Makefile' has modification time 1766048150 s in the future
[0.895s] gmake[1]: Warning: File 'CMakeFiles/Makefile2' has modification time 1766048150 s in the future
[0.914s] gmake[2]: Warning: File 'CMakeFiles/ament_cmake_python_symlink_nav2_common.dir/progress.make' has modification time 1766048150 s in the future
[1.144s] gmake[2]: warning:  Clock skew detected.  Your build may be incomplete.
[1.189s] gmake[2]: Warning: File 'CMakeFiles/ament_cmake_python_symlink_nav2_common.dir/progress.make' has modification time 1766048150 s in the future
[1.369s] gmake[2]: warning:  Clock skew detected.  Your build may be incomplete.
[1.640s] Built target ament_cmake_python_symlink_nav2_common
[1.736s] gmake[2]: Warning: File 'CMakeFiles/ament_cmake_python_build_nav2_common_egg.dir/progress.make' has modification time 1766048149 s in the future
[2.087s] gmake[2]: warning:  Clock skew detected.  Your build may be incomplete.
[2.142s] gmake[2]: Warning: File 'CMakeFiles/ament_cmake_python_build_nav2_common_egg.dir/progress.make' has modification time 1766048149 s in the future
[4.952s] running egg_info
[4.955s] writing nav2_common.egg-info/PKG-INFO
[4.960s] writing dependency_links to nav2_common.egg-info/dependency_links.txt
[4.961s] writing top-level names to nav2_common.egg-info/top_level.txt
[5.017s] reading manifest file 'nav2_common.egg-info/SOURCES.txt'
[5.028s] writing manifest file 'nav2_common.egg-info/SOURCES.txt'
[5.292s] gmake[2]: warning:  Clock skew detected.  Your build may be incomplete.
[5.594s] Built target ament_cmake_python_build_nav2_common_egg
[5.606s] gmake[1]: warning:  Clock skew detected.  Your build may be incomplete.
[5.884s] gmake: warning:  Clock skew detected.  Your build may be incomplete.
[5.898s] Invoked command in '/home/wheeltec/wheeltec_ros2/build/nav2_common' returned '0': CMAKE_PREFIX_PATH=${CMAKE_PREFIX_PATH}:/home/wheeltec/wheeltec_ros2/install/simple_follower_ros2:/home/wheeltec/wheeltec_ros2/install/wheeltec_robot_keyboard:/home/wheeltec/wheeltec_ros2/install/wheeltec_dual_rtk_driver:/home/wheeltec/wheeltec_ros2/install/ultralytics_ros2:/home/wheeltec/wheeltec_ros2/install/tf2_tools:/home/wheeltec/wheeltec_ros2/install/ollama_ros_chat:/home/wheeltec/wheeltec_ros2/install/nmea_navsat_driver:/home/wheeltec/wheeltec_ros2/install/nav2_waypoint_cycle:/home/wheeltec/wheeltec_ros2/install/nav2_simple_commander:/home/wheeltec/wheeltec_ros2/install/largemodel:/home/wheeltec/wheeltec_ros2/install/auto_recharge_ros2:/home/wheeltec/autoware/install/autoware_wheeltec_interface:/home/wheeltec/autoware/install/autoware_multi_point:/home/wheeltec/autoware/install/ad_api_visualizers:/opt/ros/humble /usr/bin/cmake --build /home/wheeltec/wheeltec_ros2/build/nav2_common -- -j6 -l6
[5.909s] Invoking command in '/home/wheeltec/wheeltec_ros2/build/nav2_common': CMAKE_PREFIX_PATH=${CMAKE_PREFIX_PATH}:/home/wheeltec/wheeltec_ros2/install/simple_follower_ros2:/home/wheeltec/wheeltec_ros2/install/wheeltec_robot_keyboard:/home/wheeltec/wheeltec_ros2/install/wheeltec_dual_rtk_driver:/home/wheeltec/wheeltec_ros2/install/ultralytics_ros2:/home/wheeltec/wheeltec_ros2/install/tf2_tools:/home/wheeltec/wheeltec_ros2/install/ollama_ros_chat:/home/wheeltec/wheeltec_ros2/install/nmea_navsat_driver:/home/wheeltec/wheeltec_ros2/install/nav2_waypoint_cycle:/home/wheeltec/wheeltec_ros2/install/nav2_simple_commander:/home/wheeltec/wheeltec_ros2/install/largemodel:/home/wheeltec/wheeltec_ros2/install/auto_recharge_ros2:/home/wheeltec/autoware/install/autoware_wheeltec_interface:/home/wheeltec/autoware/install/autoware_multi_point:/home/wheeltec/autoware/install/ad_api_visualizers:/opt/ros/humble /usr/bin/cmake --install /home/wheeltec/wheeltec_ros2/build/nav2_common
[6.245s] -- Install configuration: ""
[6.245s] -- Execute custom install script
[6.245s] -- Up-to-date symlink: /home/wheeltec/wheeltec_ros2/install/nav2_common/share/nav2_common/environment/pythonpath.sh
[6.245s] -- Up-to-date symlink: /home/wheeltec/wheeltec_ros2/install/nav2_common/share/nav2_common/environment/pythonpath.dsv
[6.245s] -- Up-to-date symlink: /home/wheeltec/wheeltec_ros2/install/nav2_common/local/lib/python3.10/dist-packages/nav2_common-1.1.6-py3.10.egg-info/PKG-INFO
[6.245s] -- Up-to-date symlink: /home/wheeltec/wheeltec_ros2/install/nav2_common/local/lib/python3.10/dist-packages/nav2_common-1.1.6-py3.10.egg-info/SOURCES.txt
[6.246s] -- Up-to-date symlink: /home/wheeltec/wheeltec_ros2/install/nav2_common/local/lib/python3.10/dist-packages/nav2_common-1.1.6-py3.10.egg-info/dependency_links.txt
[6.246s] -- Up-to-date symlink: /home/wheeltec/wheeltec_ros2/install/nav2_common/local/lib/python3.10/dist-packages/nav2_common-1.1.6-py3.10.egg-info/top_level.txt
[6.246s] -- Up-to-date symlink: /home/wheeltec/wheeltec_ros2/install/nav2_common/local/lib/python3.10/dist-packages/nav2_common/__init__.py
[6.246s] -- Up-to-date symlink: /home/wheeltec/wheeltec_ros2/install/nav2_common/local/lib/python3.10/dist-packages/nav2_common/launch/__init__.py
[6.246s] -- Up-to-date symlink: /home/wheeltec/wheeltec_ros2/install/nav2_common/local/lib/python3.10/dist-packages/nav2_common/launch/has_node_params.py
[6.246s] -- Up-to-date symlink: /home/wheeltec/wheeltec_ros2/install/nav2_common/local/lib/python3.10/dist-packages/nav2_common/launch/replace_string.py
[6.246s] -- Up-to-date symlink: /home/wheeltec/wheeltec_ros2/install/nav2_common/local/lib/python3.10/dist-packages/nav2_common/launch/rewritten_yaml.py
[6.246s] -- Up-to-date symlink: /home/wheeltec/wheeltec_ros2/install/nav2_common/share/ament_index/resource_index/package_run_dependencies/nav2_common
[6.247s] -- Up-to-date symlink: /home/wheeltec/wheeltec_ros2/install/nav2_common/share/ament_index/resource_index/parent_prefix_path/nav2_common
[6.247s] -- Up-to-date symlink: /home/wheeltec/wheeltec_ros2/install/nav2_common/share/nav2_common/environment/ament_prefix_path.sh
[6.247s] -- Up-to-date symlink: /home/wheeltec/wheeltec_ros2/install/nav2_common/share/nav2_common/environment/ament_prefix_path.dsv
[6.247s] -- Up-to-date symlink: /home/wheeltec/wheeltec_ros2/install/nav2_common/share/nav2_common/environment/path.sh
[6.247s] -- Up-to-date symlink: /home/wheeltec/wheeltec_ros2/install/nav2_common/share/nav2_common/environment/path.dsv
[6.247s] -- Up-to-date symlink: /home/wheeltec/wheeltec_ros2/install/nav2_common/share/nav2_common/local_setup.bash
[6.247s] -- Up-to-date symlink: /home/wheeltec/wheeltec_ros2/install/nav2_common/share/nav2_common/local_setup.sh
[6.247s] -- Up-to-date symlink: /home/wheeltec/wheeltec_ros2/install/nav2_common/share/nav2_common/local_setup.zsh
[6.247s] -- Up-to-date symlink: /home/wheeltec/wheeltec_ros2/install/nav2_common/share/nav2_common/local_setup.dsv
[6.248s] -- Symlinking: /home/wheeltec/wheeltec_ros2/install/nav2_common/share/nav2_common/package.dsv
[6.249s] -- Up-to-date symlink: /home/wheeltec/wheeltec_ros2/install/nav2_common/share/ament_index/resource_index/packages/nav2_common
[6.250s] -- Up-to-date symlink: /home/wheeltec/wheeltec_ros2/install/nav2_common/share/nav2_common/cmake/nav2_common-extras.cmake
[6.250s] -- Up-to-date symlink: /home/wheeltec/wheeltec_ros2/install/nav2_common/share/nav2_common/cmake/nav2_commonConfig.cmake
[6.250s] -- Up-to-date symlink: /home/wheeltec/wheeltec_ros2/install/nav2_common/share/nav2_common/cmake/nav2_commonConfig-version.cmake
[6.252s] -- Up-to-date symlink: /home/wheeltec/wheeltec_ros2/install/nav2_common/share/nav2_common/package.xml
[6.252s] -- Up-to-date symlink: /home/wheeltec/wheeltec_ros2/install/nav2_common/share/nav2_common/cmake/nav2_package.cmake
[6.655s] Listing '/home/wheeltec/wheeltec_ros2/install/nav2_common/local/lib/python3.10/dist-packages/nav2_common'...
[6.656s] Listing '/home/wheeltec/wheeltec_ros2/install/nav2_common/local/lib/python3.10/dist-packages/nav2_common/launch'...
[6.759s] Invoked command in '/home/wheeltec/wheeltec_ros2/build/nav2_common' returned '0': CMAKE_PREFIX_PATH=${CMAKE_PREFIX_PATH}:/home/wheeltec/wheeltec_ros2/install/simple_follower_ros2:/home/wheeltec/wheeltec_ros2/install/wheeltec_robot_keyboard:/home/wheeltec/wheeltec_ros2/install/wheeltec_dual_rtk_driver:/home/wheeltec/wheeltec_ros2/install/ultralytics_ros2:/home/wheeltec/wheeltec_ros2/install/tf2_tools:/home/wheeltec/wheeltec_ros2/install/ollama_ros_chat:/home/wheeltec/wheeltec_ros2/install/nmea_navsat_driver:/home/wheeltec/wheeltec_ros2/install/nav2_waypoint_cycle:/home/wheeltec/wheeltec_ros2/install/nav2_simple_commander:/home/wheeltec/wheeltec_ros2/install/largemodel:/home/wheeltec/wheeltec_ros2/install/auto_recharge_ros2:/home/wheeltec/autoware/install/autoware_wheeltec_interface:/home/wheeltec/autoware/install/autoware_multi_point:/home/wheeltec/autoware/install/ad_api_visualizers:/opt/ros/humble /usr/bin/cmake --install /home/wheeltec/wheeltec_ros2/build/nav2_common
