[0.168s] Invoking command in '/home/wheeltec/wheeltec_ros2/build/ublox_serialization': CMAKE_PREFIX_PATH=${CMAKE_PREFIX_PATH}:/home/wheeltec/wheeltec_ros2/install/wheeltec_dual_rtk_driver:/home/wheeltec/wheeltec_ros2/install/ultralytics_ros2:/home/wheeltec/wheeltec_ros2/install/tf2_tools:/home/wheeltec/wheeltec_ros2/install/nav2_waypoint_cycle:/home/wheeltec/wheeltec_ros2/install/nav2_simple_commander:/home/wheeltec/wheeltec_ros2/install/auto_recharge_ros2:/home/wheeltec/autoware/install/autoware_wheeltec_interface:/home/wheeltec/autoware/install/ad_api_visualizers:/opt/ros/humble /usr/bin/cmake --build /home/wheeltec/wheeltec_ros2/build/ublox_serialization -- -j6 -l6
[0.270s] Invoked command in '/home/wheeltec/wheeltec_ros2/build/ublox_serialization' returned '0': CMAKE_PREFIX_PATH=${CMAKE_PREFIX_PATH}:/home/wheeltec/wheeltec_ros2/install/wheeltec_dual_rtk_driver:/home/wheeltec/wheeltec_ros2/install/ultralytics_ros2:/home/wheeltec/wheeltec_ros2/install/tf2_tools:/home/wheeltec/wheeltec_ros2/install/nav2_waypoint_cycle:/home/wheeltec/wheeltec_ros2/install/nav2_simple_commander:/home/wheeltec/wheeltec_ros2/install/auto_recharge_ros2:/home/wheeltec/autoware/install/autoware_wheeltec_interface:/home/wheeltec/autoware/install/ad_api_visualizers:/opt/ros/humble /usr/bin/cmake --build /home/wheeltec/wheeltec_ros2/build/ublox_serialization -- -j6 -l6
[0.301s] Invoking command in '/home/wheeltec/wheeltec_ros2/build/ublox_serialization': CMAKE_PREFIX_PATH=${CMAKE_PREFIX_PATH}:/home/wheeltec/wheeltec_ros2/install/wheeltec_dual_rtk_driver:/home/wheeltec/wheeltec_ros2/install/ultralytics_ros2:/home/wheeltec/wheeltec_ros2/install/tf2_tools:/home/wheeltec/wheeltec_ros2/install/nav2_waypoint_cycle:/home/wheeltec/wheeltec_ros2/install/nav2_simple_commander:/home/wheeltec/wheeltec_ros2/install/auto_recharge_ros2:/home/wheeltec/autoware/install/autoware_wheeltec_interface:/home/wheeltec/autoware/install/ad_api_visualizers:/opt/ros/humble /usr/bin/cmake --install /home/wheeltec/wheeltec_ros2/build/ublox_serialization
[0.350s] -- Install configuration: ""
[0.352s] -- Execute custom install script
[0.357s] -- Up-to-date symlink: /home/wheeltec/wheeltec_ros2/install/ublox_serialization/include/ublox_serialization/ublox_serialization/checksum.hpp
[0.358s] -- Up-to-date symlink: /home/wheeltec/wheeltec_ros2/install/ublox_serialization/include/ublox_serialization/ublox_serialization/serialization.hpp
[0.359s] -- Up-to-date symlink: /home/wheeltec/wheeltec_ros2/install/ublox_serialization/share/ament_index/resource_index/package_run_dependencies/ublox_serialization
[0.361s] -- Up-to-date symlink: /home/wheeltec/wheeltec_ros2/install/ublox_serialization/share/ament_index/resource_index/parent_prefix_path/ublox_serialization
[0.363s] -- Up-to-date symlink: /home/wheeltec/wheeltec_ros2/install/ublox_serialization/share/ublox_serialization/environment/ament_prefix_path.sh
[0.363s] -- Up-to-date symlink: /home/wheeltec/wheeltec_ros2/install/ublox_serialization/share/ublox_serialization/environment/ament_prefix_path.dsv
[0.366s] -- Up-to-date symlink: /home/wheeltec/wheeltec_ros2/install/ublox_serialization/share/ublox_serialization/environment/path.sh
[0.367s] -- Up-to-date symlink: /home/wheeltec/wheeltec_ros2/install/ublox_serialization/share/ublox_serialization/environment/path.dsv
[0.372s] -- Up-to-date symlink: /home/wheeltec/wheeltec_ros2/install/ublox_serialization/share/ublox_serialization/local_setup.bash
[0.373s] -- Up-to-date symlink: /home/wheeltec/wheeltec_ros2/install/ublox_serialization/share/ublox_serialization/local_setup.sh
[0.374s] -- Up-to-date symlink: /home/wheeltec/wheeltec_ros2/install/ublox_serialization/share/ublox_serialization/local_setup.zsh
[0.375s] -- Up-to-date symlink: /home/wheeltec/wheeltec_ros2/install/ublox_serialization/share/ublox_serialization/local_setup.dsv
[0.375s] -- Symlinking: /home/wheeltec/wheeltec_ros2/install/ublox_serialization/share/ublox_serialization/package.dsv
[0.424s] -- Up-to-date symlink: /home/wheeltec/wheeltec_ros2/install/ublox_serialization/share/ament_index/resource_index/packages/ublox_serialization
[0.425s] -- Up-to-date symlink: /home/wheeltec/wheeltec_ros2/install/ublox_serialization/share/ublox_serialization/cmake/ament_cmake_export_include_directories-extras.cmake
[0.426s] -- Up-to-date symlink: /home/wheeltec/wheeltec_ros2/install/ublox_serialization/share/ublox_serialization/cmake/ament_cmake_export_targets-extras.cmake
[0.426s] -- Up-to-date symlink: /home/wheeltec/wheeltec_ros2/install/ublox_serialization/share/ublox_serialization/cmake/ublox_serializationConfig.cmake
[0.426s] -- Up-to-date symlink: /home/wheeltec/wheeltec_ros2/install/ublox_serialization/share/ublox_serialization/cmake/ublox_serializationConfig-version.cmake
[0.427s] -- Up-to-date symlink: /home/wheeltec/wheeltec_ros2/install/ublox_serialization/share/ublox_serialization/package.xml
[0.437s] -- Up-to-date: /home/wheeltec/wheeltec_ros2/install/ublox_serialization/share/ublox_serialization/cmake/export_ublox_serializationExport.cmake
[0.439s] Invoked command in '/home/wheeltec/wheeltec_ros2/build/ublox_serialization' returned '0': CMAKE_PREFIX_PATH=${CMAKE_PREFIX_PATH}:/home/wheeltec/wheeltec_ros2/install/wheeltec_dual_rtk_driver:/home/wheeltec/wheeltec_ros2/install/ultralytics_ros2:/home/wheeltec/wheeltec_ros2/install/tf2_tools:/home/wheeltec/wheeltec_ros2/install/nav2_waypoint_cycle:/home/wheeltec/wheeltec_ros2/install/nav2_simple_commander:/home/wheeltec/wheeltec_ros2/install/auto_recharge_ros2:/home/wheeltec/autoware/install/autoware_wheeltec_interface:/home/wheeltec/autoware/install/ad_api_visualizers:/opt/ros/humble /usr/bin/cmake --install /home/wheeltec/wheeltec_ros2/build/ublox_serialization
