[0.283s] Invoking command in '/home/wheeltec/wheeltec_ros2/build/lslidar_msgs': CMAKE_PREFIX_PATH=${CMAKE_PREFIX_PATH}:/home/wheeltec/wheeltec_ros2/install/wheeltec_robot_keyboard:/home/wheeltec/wheeltec_ros2/install/wheeltec_dual_rtk_driver:/home/wheeltec/wheeltec_ros2/install/ultralytics_ros2:/home/wheeltec/wheeltec_ros2/install/tf2_tools:/home/wheeltec/wheeltec_ros2/install/nav2_waypoint_cycle:/home/wheeltec/wheeltec_ros2/install/nav2_simple_commander:/home/wheeltec/wheeltec_ros2/install/auto_recharge_ros2:/home/wheeltec/autoware/install/autoware_wheeltec_interface:/home/wheeltec/autoware/install/ad_api_visualizers:/opt/ros/humble /usr/bin/cmake --build /home/wheeltec/wheeltec_ros2/build/lslidar_msgs -- -j6 -l6
[0.375s] [  0%] Built target ament_cmake_python_symlink_lslidar_msgs
[0.386s] [ 12%] Built target lslidar_msgs__rosidl_generator_c
[0.427s] [ 12%] Built target lslidar_msgs__cpp
[0.505s] [ 24%] Built target lslidar_msgs__rosidl_typesupport_fastrtps_c
[0.510s] [ 36%] Built target lslidar_msgs__rosidl_typesupport_introspection_c
[0.544s] [ 48%] Built target lslidar_msgs__rosidl_typesupport_c
[0.554s] [ 60%] Built target lslidar_msgs__rosidl_typesupport_fastrtps_cpp
[0.568s] [ 72%] Built target lslidar_msgs__rosidl_typesupport_introspection_cpp
[0.585s] [ 84%] Built target lslidar_msgs__rosidl_typesupport_cpp
[0.632s] [ 84%] Built target lslidar_msgs
[0.688s] [ 85%] Built target lslidar_msgs__py
[0.753s] [ 96%] Built target lslidar_msgs__rosidl_generator_py
[0.839s] [ 97%] Built target lslidar_msgs__rosidl_typesupport_fastrtps_c__pyext
[0.856s] [ 99%] Built target lslidar_msgs__rosidl_typesupport_introspection_c__pyext
[0.883s] [100%] Built target lslidar_msgs__rosidl_typesupport_c__pyext
[1.201s] running egg_info
[1.202s] writing lslidar_msgs.egg-info/PKG-INFO
[1.203s] writing dependency_links to lslidar_msgs.egg-info/dependency_links.txt
[1.203s] writing top-level names to lslidar_msgs.egg-info/top_level.txt
[1.213s] reading manifest file 'lslidar_msgs.egg-info/SOURCES.txt'
[1.236s] writing manifest file 'lslidar_msgs.egg-info/SOURCES.txt'
[1.310s] [100%] Built target ament_cmake_python_build_lslidar_msgs_egg
[1.804s] Invoked command in '/home/wheeltec/wheeltec_ros2/build/lslidar_msgs' returned '0': CMAKE_PREFIX_PATH=${CMAKE_PREFIX_PATH}:/home/wheeltec/wheeltec_ros2/install/wheeltec_robot_keyboard:/home/wheeltec/wheeltec_ros2/install/wheeltec_dual_rtk_driver:/home/wheeltec/wheeltec_ros2/install/ultralytics_ros2:/home/wheeltec/wheeltec_ros2/install/tf2_tools:/home/wheeltec/wheeltec_ros2/install/nav2_waypoint_cycle:/home/wheeltec/wheeltec_ros2/install/nav2_simple_commander:/home/wheeltec/wheeltec_ros2/install/auto_recharge_ros2:/home/wheeltec/autoware/install/autoware_wheeltec_interface:/home/wheeltec/autoware/install/ad_api_visualizers:/opt/ros/humble /usr/bin/cmake --build /home/wheeltec/wheeltec_ros2/build/lslidar_msgs -- -j6 -l6
[1.807s] Invoking command in '/home/wheeltec/wheeltec_ros2/build/lslidar_msgs': CMAKE_PREFIX_PATH=${CMAKE_PREFIX_PATH}:/home/wheeltec/wheeltec_ros2/install/wheeltec_robot_keyboard:/home/wheeltec/wheeltec_ros2/install/wheeltec_dual_rtk_driver:/home/wheeltec/wheeltec_ros2/install/ultralytics_ros2:/home/wheeltec/wheeltec_ros2/install/tf2_tools:/home/wheeltec/wheeltec_ros2/install/nav2_waypoint_cycle:/home/wheeltec/wheeltec_ros2/install/nav2_simple_commander:/home/wheeltec/wheeltec_ros2/install/auto_recharge_ros2:/home/wheeltec/autoware/install/autoware_wheeltec_interface:/home/wheeltec/autoware/install/ad_api_visualizers:/opt/ros/humble /usr/bin/cmake --install /home/wheeltec/wheeltec_ros2/build/lslidar_msgs
[1.825s] -- Install configuration: ""
[1.832s] -- Execute custom install script
[1.832s] -- Up-to-date symlink: /home/wheeltec/wheeltec_ros2/install/lslidar_msgs/share/ament_index/resource_index/rosidl_interfaces/lslidar_msgs
[1.832s] -- Up-to-date symlink: /home/wheeltec/wheeltec_ros2/install/lslidar_msgs/include/lslidar_msgs/lslidar_msgs/msg/detail/lslidar_information__functions.h
[1.832s] -- Up-to-date symlink: /home/wheeltec/wheeltec_ros2/install/lslidar_msgs/include/lslidar_msgs/lslidar_msgs/msg/detail/lslidar_information__struct.h
[1.832s] -- Up-to-date symlink: /home/wheeltec/wheeltec_ros2/install/lslidar_msgs/include/lslidar_msgs/lslidar_msgs/msg/detail/lslidar_information__type_support.h
[1.833s] -- Up-to-date symlink: /home/wheeltec/wheeltec_ros2/install/lslidar_msgs/include/lslidar_msgs/lslidar_msgs/msg/detail/lslidar_packet__functions.h
[1.833s] -- Up-to-date symlink: /home/wheeltec/wheeltec_ros2/install/lslidar_msgs/include/lslidar_msgs/lslidar_msgs/msg/detail/lslidar_packet__struct.h
[1.833s] -- Up-to-date symlink: /home/wheeltec/wheeltec_ros2/install/lslidar_msgs/include/lslidar_msgs/lslidar_msgs/msg/detail/lslidar_packet__type_support.h
[1.833s] -- Up-to-date symlink: /home/wheeltec/wheeltec_ros2/install/lslidar_msgs/include/lslidar_msgs/lslidar_msgs/msg/lslidar_information.h
[1.833s] -- Up-to-date symlink: /home/wheeltec/wheeltec_ros2/install/lslidar_msgs/include/lslidar_msgs/lslidar_msgs/msg/lslidar_packet.h
[1.833s] -- Up-to-date symlink: /home/wheeltec/wheeltec_ros2/install/lslidar_msgs/include/lslidar_msgs/lslidar_msgs/msg/rosidl_generator_c__visibility_control.h
[1.834s] -- Up-to-date symlink: /home/wheeltec/wheeltec_ros2/install/lslidar_msgs/include/lslidar_msgs/lslidar_msgs/srv/angle_distortion_correction.h
[1.834s] -- Up-to-date symlink: /home/wheeltec/wheeltec_ros2/install/lslidar_msgs/include/lslidar_msgs/lslidar_msgs/srv/detail/angle_distortion_correction__functions.h
[1.835s] -- Up-to-date symlink: /home/wheeltec/wheeltec_ros2/install/lslidar_msgs/include/lslidar_msgs/lslidar_msgs/srv/detail/angle_distortion_correction__struct.h
[1.835s] -- Up-to-date symlink: /home/wheeltec/wheeltec_ros2/install/lslidar_msgs/include/lslidar_msgs/lslidar_msgs/srv/detail/angle_distortion_correction__type_support.h
[1.836s] -- Up-to-date symlink: /home/wheeltec/wheeltec_ros2/install/lslidar_msgs/include/lslidar_msgs/lslidar_msgs/srv/detail/frame_rate__functions.h
[1.843s] -- Up-to-date symlink: /home/wheeltec/wheeltec_ros2/install/lslidar_msgs/include/lslidar_msgs/lslidar_msgs/srv/detail/frame_rate__struct.h
[1.845s] -- Up-to-date symlink: /home/wheeltec/wheeltec_ros2/install/lslidar_msgs/include/lslidar_msgs/lslidar_msgs/srv/detail/frame_rate__type_support.h
[1.845s] -- Up-to-date symlink: /home/wheeltec/wheeltec_ros2/install/lslidar_msgs/include/lslidar_msgs/lslidar_msgs/srv/detail/invalid_data__functions.h
[1.845s] -- Up-to-date symlink: /home/wheeltec/wheeltec_ros2/install/lslidar_msgs/include/lslidar_msgs/lslidar_msgs/srv/detail/invalid_data__struct.h
[1.846s] -- Up-to-date symlink: /home/wheeltec/wheeltec_ros2/install/lslidar_msgs/include/lslidar_msgs/lslidar_msgs/srv/detail/invalid_data__type_support.h
[1.846s] -- Up-to-date symlink: /home/wheeltec/wheeltec_ros2/install/lslidar_msgs/include/lslidar_msgs/lslidar_msgs/srv/detail/ip_and_port__functions.h
[1.846s] -- Up-to-date symlink: /home/wheeltec/wheeltec_ros2/install/lslidar_msgs/include/lslidar_msgs/lslidar_msgs/srv/detail/ip_and_port__struct.h
[1.846s] -- Up-to-date symlink: /home/wheeltec/wheeltec_ros2/install/lslidar_msgs/include/lslidar_msgs/lslidar_msgs/srv/detail/ip_and_port__type_support.h
[1.846s] -- Up-to-date symlink: /home/wheeltec/wheeltec_ros2/install/lslidar_msgs/include/lslidar_msgs/lslidar_msgs/srv/detail/motor_control__functions.h
[1.846s] -- Up-to-date symlink: /home/wheeltec/wheeltec_ros2/install/lslidar_msgs/include/lslidar_msgs/lslidar_msgs/srv/detail/motor_control__struct.h
[1.847s] -- Up-to-date symlink: /home/wheeltec/wheeltec_ros2/install/lslidar_msgs/include/lslidar_msgs/lslidar_msgs/srv/detail/motor_control__type_support.h
[1.847s] -- Up-to-date symlink: /home/wheeltec/wheeltec_ros2/install/lslidar_msgs/include/lslidar_msgs/lslidar_msgs/srv/detail/motor_speed__functions.h
[1.847s] -- Up-to-date symlink: /home/wheeltec/wheeltec_ros2/install/lslidar_msgs/include/lslidar_msgs/lslidar_msgs/srv/detail/motor_speed__struct.h
[1.847s] -- Up-to-date symlink: /home/wheeltec/wheeltec_ros2/install/lslidar_msgs/include/lslidar_msgs/lslidar_msgs/srv/detail/motor_speed__type_support.h
[1.847s] -- Up-to-date symlink: /home/wheeltec/wheeltec_ros2/install/lslidar_msgs/include/lslidar_msgs/lslidar_msgs/srv/detail/power_control__functions.h
[1.847s] -- Up-to-date symlink: /home/wheeltec/wheeltec_ros2/install/lslidar_msgs/include/lslidar_msgs/lslidar_msgs/srv/detail/power_control__struct.h
[1.847s] -- Up-to-date symlink: /home/wheeltec/wheeltec_ros2/install/lslidar_msgs/include/lslidar_msgs/lslidar_msgs/srv/detail/power_control__type_support.h
[1.847s] -- Up-to-date symlink: /home/wheeltec/wheeltec_ros2/install/lslidar_msgs/include/lslidar_msgs/lslidar_msgs/srv/detail/rfd_removal__functions.h
[1.848s] -- Up-to-date symlink: /home/wheeltec/wheeltec_ros2/install/lslidar_msgs/include/lslidar_msgs/lslidar_msgs/srv/detail/rfd_removal__struct.h
[1.848s] -- Up-to-date symlink: /home/wheeltec/wheeltec_ros2/install/lslidar_msgs/include/lslidar_msgs/lslidar_msgs/srv/detail/rfd_removal__type_support.h
[1.848s] -- Up-to-date symlink: /home/wheeltec/wheeltec_ros2/install/lslidar_msgs/include/lslidar_msgs/lslidar_msgs/srv/detail/standby_mode__functions.h
[1.848s] -- Up-to-date symlink: /home/wheeltec/wheeltec_ros2/install/lslidar_msgs/include/lslidar_msgs/lslidar_msgs/srv/detail/standby_mode__struct.h
[1.849s] -- Up-to-date symlink: /home/wheeltec/wheeltec_ros2/install/lslidar_msgs/include/lslidar_msgs/lslidar_msgs/srv/detail/standby_mode__type_support.h
[1.849s] -- Up-to-date symlink: /home/wheeltec/wheeltec_ros2/install/lslidar_msgs/include/lslidar_msgs/lslidar_msgs/srv/detail/tail_removal__functions.h
[1.849s] -- Up-to-date symlink: /home/wheeltec/wheeltec_ros2/install/lslidar_msgs/include/lslidar_msgs/lslidar_msgs/srv/detail/tail_removal__struct.h
[1.849s] -- Up-to-date symlink: /home/wheeltec/wheeltec_ros2/install/lslidar_msgs/include/lslidar_msgs/lslidar_msgs/srv/detail/tail_removal__type_support.h
[1.849s] -- Up-to-date symlink: /home/wheeltec/wheeltec_ros2/install/lslidar_msgs/include/lslidar_msgs/lslidar_msgs/srv/detail/time_mode__functions.h
[1.849s] -- Up-to-date symlink: /home/wheeltec/wheeltec_ros2/install/lslidar_msgs/include/lslidar_msgs/lslidar_msgs/srv/detail/time_mode__struct.h
[1.849s] -- Up-to-date symlink: /home/wheeltec/wheeltec_ros2/install/lslidar_msgs/include/lslidar_msgs/lslidar_msgs/srv/detail/time_mode__type_support.h
[1.849s] -- Up-to-date symlink: /home/wheeltec/wheeltec_ros2/install/lslidar_msgs/include/lslidar_msgs/lslidar_msgs/srv/frame_rate.h
[1.849s] -- Up-to-date symlink: /home/wheeltec/wheeltec_ros2/install/lslidar_msgs/include/lslidar_msgs/lslidar_msgs/srv/invalid_data.h
[1.849s] -- Up-to-date symlink: /home/wheeltec/wheeltec_ros2/install/lslidar_msgs/include/lslidar_msgs/lslidar_msgs/srv/ip_and_port.h
[1.849s] -- Up-to-date symlink: /home/wheeltec/wheeltec_ros2/install/lslidar_msgs/include/lslidar_msgs/lslidar_msgs/srv/motor_control.h
[1.850s] -- Up-to-date symlink: /home/wheeltec/wheeltec_ros2/install/lslidar_msgs/include/lslidar_msgs/lslidar_msgs/srv/motor_speed.h
[1.850s] -- Up-to-date symlink: /home/wheeltec/wheeltec_ros2/install/lslidar_msgs/include/lslidar_msgs/lslidar_msgs/srv/power_control.h
[1.850s] -- Up-to-date symlink: /home/wheeltec/wheeltec_ros2/install/lslidar_msgs/include/lslidar_msgs/lslidar_msgs/srv/rfd_removal.h
[1.850s] -- Up-to-date symlink: /home/wheeltec/wheeltec_ros2/install/lslidar_msgs/include/lslidar_msgs/lslidar_msgs/srv/standby_mode.h
[1.850s] -- Up-to-date symlink: /home/wheeltec/wheeltec_ros2/install/lslidar_msgs/include/lslidar_msgs/lslidar_msgs/srv/tail_removal.h
[1.850s] -- Up-to-date symlink: /home/wheeltec/wheeltec_ros2/install/lslidar_msgs/include/lslidar_msgs/lslidar_msgs/srv/time_mode.h
[1.850s] -- Up-to-date symlink: /home/wheeltec/wheeltec_ros2/install/lslidar_msgs/share/lslidar_msgs/environment/library_path.sh
[1.851s] -- Up-to-date symlink: /home/wheeltec/wheeltec_ros2/install/lslidar_msgs/share/lslidar_msgs/environment/library_path.dsv
[1.856s] -- Up-to-date symlink: /home/wheeltec/wheeltec_ros2/install/lslidar_msgs/include/lslidar_msgs/lslidar_msgs/msg/detail/lslidar_information__rosidl_typesupport_fastrtps_c.h
[1.857s] -- Up-to-date symlink: /home/wheeltec/wheeltec_ros2/install/lslidar_msgs/include/lslidar_msgs/lslidar_msgs/msg/detail/lslidar_packet__rosidl_typesupport_fastrtps_c.h
[1.857s] -- Up-to-date symlink: /home/wheeltec/wheeltec_ros2/install/lslidar_msgs/include/lslidar_msgs/lslidar_msgs/msg/rosidl_typesupport_fastrtps_c__visibility_control.h
[1.857s] -- Up-to-date symlink: /home/wheeltec/wheeltec_ros2/install/lslidar_msgs/include/lslidar_msgs/lslidar_msgs/srv/detail/angle_distortion_correction__rosidl_typesupport_fastrtps_c.h
[1.857s] -- Up-to-date symlink: /home/wheeltec/wheeltec_ros2/install/lslidar_msgs/include/lslidar_msgs/lslidar_msgs/srv/detail/frame_rate__rosidl_typesupport_fastrtps_c.h
[1.857s] -- Up-to-date symlink: /home/wheeltec/wheeltec_ros2/install/lslidar_msgs/include/lslidar_msgs/lslidar_msgs/srv/detail/invalid_data__rosidl_typesupport_fastrtps_c.h
[1.857s] -- Up-to-date symlink: /home/wheeltec/wheeltec_ros2/install/lslidar_msgs/include/lslidar_msgs/lslidar_msgs/srv/detail/ip_and_port__rosidl_typesupport_fastrtps_c.h
[1.857s] -- Up-to-date symlink: /home/wheeltec/wheeltec_ros2/install/lslidar_msgs/include/lslidar_msgs/lslidar_msgs/srv/detail/motor_control__rosidl_typesupport_fastrtps_c.h
[1.857s] -- Up-to-date symlink: /home/wheeltec/wheeltec_ros2/install/lslidar_msgs/include/lslidar_msgs/lslidar_msgs/srv/detail/motor_speed__rosidl_typesupport_fastrtps_c.h
[1.857s] -- Up-to-date symlink: /home/wheeltec/wheeltec_ros2/install/lslidar_msgs/include/lslidar_msgs/lslidar_msgs/srv/detail/power_control__rosidl_typesupport_fastrtps_c.h
[1.857s] -- Up-to-date symlink: /home/wheeltec/wheeltec_ros2/install/lslidar_msgs/include/lslidar_msgs/lslidar_msgs/srv/detail/rfd_removal__rosidl_typesupport_fastrtps_c.h
[1.858s] -- Up-to-date symlink: /home/wheeltec/wheeltec_ros2/install/lslidar_msgs/include/lslidar_msgs/lslidar_msgs/srv/detail/standby_mode__rosidl_typesupport_fastrtps_c.h
[1.858s] -- Up-to-date symlink: /home/wheeltec/wheeltec_ros2/install/lslidar_msgs/include/lslidar_msgs/lslidar_msgs/srv/detail/tail_removal__rosidl_typesupport_fastrtps_c.h
[1.860s] -- Up-to-date symlink: /home/wheeltec/wheeltec_ros2/install/lslidar_msgs/include/lslidar_msgs/lslidar_msgs/srv/detail/time_mode__rosidl_typesupport_fastrtps_c.h
[1.860s] -- Up-to-date symlink: /home/wheeltec/wheeltec_ros2/install/lslidar_msgs/include/lslidar_msgs/lslidar_msgs/msg/detail/lslidar_information__rosidl_typesupport_introspection_c.h
[1.860s] -- Up-to-date symlink: /home/wheeltec/wheeltec_ros2/install/lslidar_msgs/include/lslidar_msgs/lslidar_msgs/msg/detail/lslidar_packet__rosidl_typesupport_introspection_c.h
[1.860s] -- Up-to-date symlink: /home/wheeltec/wheeltec_ros2/install/lslidar_msgs/include/lslidar_msgs/lslidar_msgs/msg/rosidl_typesupport_introspection_c__visibility_control.h
[1.860s] -- Up-to-date symlink: /home/wheeltec/wheeltec_ros2/install/lslidar_msgs/include/lslidar_msgs/lslidar_msgs/srv/detail/angle_distortion_correction__rosidl_typesupport_introspection_c.h
[1.864s] -- Up-to-date symlink: /home/wheeltec/wheeltec_ros2/install/lslidar_msgs/include/lslidar_msgs/lslidar_msgs/srv/detail/frame_rate__rosidl_typesupport_introspection_c.h
[1.864s] -- Up-to-date symlink: /home/wheeltec/wheeltec_ros2/install/lslidar_msgs/include/lslidar_msgs/lslidar_msgs/srv/detail/invalid_data__rosidl_typesupport_introspection_c.h
[1.866s] -- Up-to-date symlink: /home/wheeltec/wheeltec_ros2/install/lslidar_msgs/include/lslidar_msgs/lslidar_msgs/srv/detail/ip_and_port__rosidl_typesupport_introspection_c.h
[1.866s] -- Up-to-date symlink: /home/wheeltec/wheeltec_ros2/install/lslidar_msgs/include/lslidar_msgs/lslidar_msgs/srv/detail/motor_control__rosidl_typesupport_introspection_c.h
[1.866s] -- Up-to-date symlink: /home/wheeltec/wheeltec_ros2/install/lslidar_msgs/include/lslidar_msgs/lslidar_msgs/srv/detail/motor_speed__rosidl_typesupport_introspection_c.h
[1.866s] -- Up-to-date symlink: /home/wheeltec/wheeltec_ros2/install/lslidar_msgs/include/lslidar_msgs/lslidar_msgs/srv/detail/power_control__rosidl_typesupport_introspection_c.h
[1.866s] -- Up-to-date symlink: /home/wheeltec/wheeltec_ros2/install/lslidar_msgs/include/lslidar_msgs/lslidar_msgs/srv/detail/rfd_removal__rosidl_typesupport_introspection_c.h
[1.866s] -- Up-to-date symlink: /home/wheeltec/wheeltec_ros2/install/lslidar_msgs/include/lslidar_msgs/lslidar_msgs/srv/detail/standby_mode__rosidl_typesupport_introspection_c.h
[1.869s] -- Up-to-date symlink: /home/wheeltec/wheeltec_ros2/install/lslidar_msgs/include/lslidar_msgs/lslidar_msgs/srv/detail/tail_removal__rosidl_typesupport_introspection_c.h
[1.870s] -- Up-to-date symlink: /home/wheeltec/wheeltec_ros2/install/lslidar_msgs/include/lslidar_msgs/lslidar_msgs/srv/detail/time_mode__rosidl_typesupport_introspection_c.h
[1.871s] -- Up-to-date symlink: /home/wheeltec/wheeltec_ros2/install/lslidar_msgs/include/lslidar_msgs/lslidar_msgs/msg/detail/lslidar_information__builder.hpp
[1.871s] -- Up-to-date symlink: /home/wheeltec/wheeltec_ros2/install/lslidar_msgs/include/lslidar_msgs/lslidar_msgs/msg/detail/lslidar_information__struct.hpp
[1.871s] -- Up-to-date symlink: /home/wheeltec/wheeltec_ros2/install/lslidar_msgs/include/lslidar_msgs/lslidar_msgs/msg/detail/lslidar_information__traits.hpp
[1.872s] -- Up-to-date symlink: /home/wheeltec/wheeltec_ros2/install/lslidar_msgs/include/lslidar_msgs/lslidar_msgs/msg/detail/lslidar_information__type_support.hpp
[1.872s] -- Up-to-date symlink: /home/wheeltec/wheeltec_ros2/install/lslidar_msgs/include/lslidar_msgs/lslidar_msgs/msg/detail/lslidar_packet__builder.hpp
[1.872s] -- Up-to-date symlink: /home/wheeltec/wheeltec_ros2/install/lslidar_msgs/include/lslidar_msgs/lslidar_msgs/msg/detail/lslidar_packet__struct.hpp
[1.872s] -- Up-to-date symlink: /home/wheeltec/wheeltec_ros2/install/lslidar_msgs/include/lslidar_msgs/lslidar_msgs/msg/detail/lslidar_packet__traits.hpp
[1.872s] -- Up-to-date symlink: /home/wheeltec/wheeltec_ros2/install/lslidar_msgs/include/lslidar_msgs/lslidar_msgs/msg/detail/lslidar_packet__type_support.hpp
[1.872s] -- Up-to-date symlink: /home/wheeltec/wheeltec_ros2/install/lslidar_msgs/include/lslidar_msgs/lslidar_msgs/msg/lslidar_information.hpp
[1.872s] -- Up-to-date symlink: /home/wheeltec/wheeltec_ros2/install/lslidar_msgs/include/lslidar_msgs/lslidar_msgs/msg/lslidar_packet.hpp
[1.872s] -- Up-to-date symlink: /home/wheeltec/wheeltec_ros2/install/lslidar_msgs/include/lslidar_msgs/lslidar_msgs/msg/rosidl_generator_cpp__visibility_control.hpp
[1.872s] -- Up-to-date symlink: /home/wheeltec/wheeltec_ros2/install/lslidar_msgs/include/lslidar_msgs/lslidar_msgs/srv/angle_distortion_correction.hpp
[1.872s] -- Up-to-date symlink: /home/wheeltec/wheeltec_ros2/install/lslidar_msgs/include/lslidar_msgs/lslidar_msgs/srv/detail/angle_distortion_correction__builder.hpp
[1.872s] -- Up-to-date symlink: /home/wheeltec/wheeltec_ros2/install/lslidar_msgs/include/lslidar_msgs/lslidar_msgs/srv/detail/angle_distortion_correction__struct.hpp
[1.873s] -- Up-to-date symlink: /home/wheeltec/wheeltec_ros2/install/lslidar_msgs/include/lslidar_msgs/lslidar_msgs/srv/detail/angle_distortion_correction__traits.hpp
[1.873s] -- Up-to-date symlink: /home/wheeltec/wheeltec_ros2/install/lslidar_msgs/include/lslidar_msgs/lslidar_msgs/srv/detail/angle_distortion_correction__type_support.hpp
[1.873s] -- Up-to-date symlink: /home/wheeltec/wheeltec_ros2/install/lslidar_msgs/include/lslidar_msgs/lslidar_msgs/srv/detail/frame_rate__builder.hpp
[1.873s] -- Up-to-date symlink: /home/wheeltec/wheeltec_ros2/install/lslidar_msgs/include/lslidar_msgs/lslidar_msgs/srv/detail/frame_rate__struct.hpp
[1.873s] -- Up-to-date symlink: /home/wheeltec/wheeltec_ros2/install/lslidar_msgs/include/lslidar_msgs/lslidar_msgs/srv/detail/frame_rate__traits.hpp
[1.877s] -- Up-to-date symlink: /home/wheeltec/wheeltec_ros2/install/lslidar_msgs/include/lslidar_msgs/lslidar_msgs/srv/detail/frame_rate__type_support.hpp
[1.877s] -- Up-to-date symlink: /home/wheeltec/wheeltec_ros2/install/lslidar_msgs/include/lslidar_msgs/lslidar_msgs/srv/detail/invalid_data__builder.hpp
[1.877s] -- Up-to-date symlink: /home/wheeltec/wheeltec_ros2/install/lslidar_msgs/include/lslidar_msgs/lslidar_msgs/srv/detail/invalid_data__struct.hpp
[1.877s] -- Up-to-date symlink: /home/wheeltec/wheeltec_ros2/install/lslidar_msgs/include/lslidar_msgs/lslidar_msgs/srv/detail/invalid_data__traits.hpp
[1.877s] -- Up-to-date symlink: /home/wheeltec/wheeltec_ros2/install/lslidar_msgs/include/lslidar_msgs/lslidar_msgs/srv/detail/invalid_data__type_support.hpp
[1.877s] -- Up-to-date symlink: /home/wheeltec/wheeltec_ros2/install/lslidar_msgs/include/lslidar_msgs/lslidar_msgs/srv/detail/ip_and_port__builder.hpp
[1.877s] -- Up-to-date symlink: /home/wheeltec/wheeltec_ros2/install/lslidar_msgs/include/lslidar_msgs/lslidar_msgs/srv/detail/ip_and_port__struct.hpp
[1.877s] -- Up-to-date symlink: /home/wheeltec/wheeltec_ros2/install/lslidar_msgs/include/lslidar_msgs/lslidar_msgs/srv/detail/ip_and_port__traits.hpp
[1.877s] -- Up-to-date symlink: /home/wheeltec/wheeltec_ros2/install/lslidar_msgs/include/lslidar_msgs/lslidar_msgs/srv/detail/ip_and_port__type_support.hpp
[1.878s] -- Up-to-date symlink: /home/wheeltec/wheeltec_ros2/install/lslidar_msgs/include/lslidar_msgs/lslidar_msgs/srv/detail/motor_control__builder.hpp
[1.878s] -- Up-to-date symlink: /home/wheeltec/wheeltec_ros2/install/lslidar_msgs/include/lslidar_msgs/lslidar_msgs/srv/detail/motor_control__struct.hpp
[1.878s] -- Up-to-date symlink: /home/wheeltec/wheeltec_ros2/install/lslidar_msgs/include/lslidar_msgs/lslidar_msgs/srv/detail/motor_control__traits.hpp
[1.878s] -- Up-to-date symlink: /home/wheeltec/wheeltec_ros2/install/lslidar_msgs/include/lslidar_msgs/lslidar_msgs/srv/detail/motor_control__type_support.hpp
[1.881s] -- Up-to-date symlink: /home/wheeltec/wheeltec_ros2/install/lslidar_msgs/include/lslidar_msgs/lslidar_msgs/srv/detail/motor_speed__builder.hpp
[1.881s] -- Up-to-date symlink: /home/wheeltec/wheeltec_ros2/install/lslidar_msgs/include/lslidar_msgs/lslidar_msgs/srv/detail/motor_speed__struct.hpp
[1.881s] -- Up-to-date symlink: /home/wheeltec/wheeltec_ros2/install/lslidar_msgs/include/lslidar_msgs/lslidar_msgs/srv/detail/motor_speed__traits.hpp
[1.881s] -- Up-to-date symlink: /home/wheeltec/wheeltec_ros2/install/lslidar_msgs/include/lslidar_msgs/lslidar_msgs/srv/detail/motor_speed__type_support.hpp
[1.882s] -- Up-to-date symlink: /home/wheeltec/wheeltec_ros2/install/lslidar_msgs/include/lslidar_msgs/lslidar_msgs/srv/detail/power_control__builder.hpp
[1.882s] -- Up-to-date symlink: /home/wheeltec/wheeltec_ros2/install/lslidar_msgs/include/lslidar_msgs/lslidar_msgs/srv/detail/power_control__struct.hpp
[1.882s] -- Up-to-date symlink: /home/wheeltec/wheeltec_ros2/install/lslidar_msgs/include/lslidar_msgs/lslidar_msgs/srv/detail/power_control__traits.hpp
[1.882s] -- Up-to-date symlink: /home/wheeltec/wheeltec_ros2/install/lslidar_msgs/include/lslidar_msgs/lslidar_msgs/srv/detail/power_control__type_support.hpp
[1.882s] -- Up-to-date symlink: /home/wheeltec/wheeltec_ros2/install/lslidar_msgs/include/lslidar_msgs/lslidar_msgs/srv/detail/rfd_removal__builder.hpp
[1.882s] -- Up-to-date symlink: /home/wheeltec/wheeltec_ros2/install/lslidar_msgs/include/lslidar_msgs/lslidar_msgs/srv/detail/rfd_removal__struct.hpp
[1.882s] -- Up-to-date symlink: /home/wheeltec/wheeltec_ros2/install/lslidar_msgs/include/lslidar_msgs/lslidar_msgs/srv/detail/rfd_removal__traits.hpp
[1.882s] -- Up-to-date symlink: /home/wheeltec/wheeltec_ros2/install/lslidar_msgs/include/lslidar_msgs/lslidar_msgs/srv/detail/rfd_removal__type_support.hpp
[1.882s] -- Up-to-date symlink: /home/wheeltec/wheeltec_ros2/install/lslidar_msgs/include/lslidar_msgs/lslidar_msgs/srv/detail/standby_mode__builder.hpp
[1.882s] -- Up-to-date symlink: /home/wheeltec/wheeltec_ros2/install/lslidar_msgs/include/lslidar_msgs/lslidar_msgs/srv/detail/standby_mode__struct.hpp
[1.882s] -- Up-to-date symlink: /home/wheeltec/wheeltec_ros2/install/lslidar_msgs/include/lslidar_msgs/lslidar_msgs/srv/detail/standby_mode__traits.hpp
[1.883s] -- Up-to-date symlink: /home/wheeltec/wheeltec_ros2/install/lslidar_msgs/include/lslidar_msgs/lslidar_msgs/srv/detail/standby_mode__type_support.hpp
[1.883s] -- Up-to-date symlink: /home/wheeltec/wheeltec_ros2/install/lslidar_msgs/include/lslidar_msgs/lslidar_msgs/srv/detail/tail_removal__builder.hpp
[1.883s] -- Up-to-date symlink: /home/wheeltec/wheeltec_ros2/install/lslidar_msgs/include/lslidar_msgs/lslidar_msgs/srv/detail/tail_removal__struct.hpp
[1.883s] -- Up-to-date symlink: /home/wheeltec/wheeltec_ros2/install/lslidar_msgs/include/lslidar_msgs/lslidar_msgs/srv/detail/tail_removal__traits.hpp
[1.883s] -- Up-to-date symlink: /home/wheeltec/wheeltec_ros2/install/lslidar_msgs/include/lslidar_msgs/lslidar_msgs/srv/detail/tail_removal__type_support.hpp
[1.883s] -- Up-to-date symlink: /home/wheeltec/wheeltec_ros2/install/lslidar_msgs/include/lslidar_msgs/lslidar_msgs/srv/detail/time_mode__builder.hpp
[1.883s] -- Up-to-date symlink: /home/wheeltec/wheeltec_ros2/install/lslidar_msgs/include/lslidar_msgs/lslidar_msgs/srv/detail/time_mode__struct.hpp
[1.883s] -- Up-to-date symlink: /home/wheeltec/wheeltec_ros2/install/lslidar_msgs/include/lslidar_msgs/lslidar_msgs/srv/detail/time_mode__traits.hpp
[1.883s] -- Up-to-date symlink: /home/wheeltec/wheeltec_ros2/install/lslidar_msgs/include/lslidar_msgs/lslidar_msgs/srv/detail/time_mode__type_support.hpp
[1.883s] -- Up-to-date symlink: /home/wheeltec/wheeltec_ros2/install/lslidar_msgs/include/lslidar_msgs/lslidar_msgs/srv/frame_rate.hpp
[1.883s] -- Up-to-date symlink: /home/wheeltec/wheeltec_ros2/install/lslidar_msgs/include/lslidar_msgs/lslidar_msgs/srv/invalid_data.hpp
[1.883s] -- Up-to-date symlink: /home/wheeltec/wheeltec_ros2/install/lslidar_msgs/include/lslidar_msgs/lslidar_msgs/srv/ip_and_port.hpp
[1.889s] -- Up-to-date symlink: /home/wheeltec/wheeltec_ros2/install/lslidar_msgs/include/lslidar_msgs/lslidar_msgs/srv/motor_control.hpp
[1.889s] -- Up-to-date symlink: /home/wheeltec/wheeltec_ros2/install/lslidar_msgs/include/lslidar_msgs/lslidar_msgs/srv/motor_speed.hpp
[1.890s] -- Up-to-date symlink: /home/wheeltec/wheeltec_ros2/install/lslidar_msgs/include/lslidar_msgs/lslidar_msgs/srv/power_control.hpp
[1.890s] -- Up-to-date symlink: /home/wheeltec/wheeltec_ros2/install/lslidar_msgs/include/lslidar_msgs/lslidar_msgs/srv/rfd_removal.hpp
[1.890s] -- Up-to-date symlink: /home/wheeltec/wheeltec_ros2/install/lslidar_msgs/include/lslidar_msgs/lslidar_msgs/srv/standby_mode.hpp
[1.890s] -- Up-to-date symlink: /home/wheeltec/wheeltec_ros2/install/lslidar_msgs/include/lslidar_msgs/lslidar_msgs/srv/tail_removal.hpp
[1.891s] -- Up-to-date symlink: /home/wheeltec/wheeltec_ros2/install/lslidar_msgs/include/lslidar_msgs/lslidar_msgs/srv/time_mode.hpp
[1.891s] -- Up-to-date symlink: /home/wheeltec/wheeltec_ros2/install/lslidar_msgs/include/lslidar_msgs/lslidar_msgs/msg/detail/lslidar_information__rosidl_typesupport_fastrtps_cpp.hpp
[1.891s] -- Up-to-date symlink: /home/wheeltec/wheeltec_ros2/install/lslidar_msgs/include/lslidar_msgs/lslidar_msgs/msg/detail/lslidar_packet__rosidl_typesupport_fastrtps_cpp.hpp
[1.891s] -- Up-to-date symlink: /home/wheeltec/wheeltec_ros2/install/lslidar_msgs/include/lslidar_msgs/lslidar_msgs/msg/rosidl_typesupport_fastrtps_cpp__visibility_control.h
[1.892s] -- Up-to-date symlink: /home/wheeltec/wheeltec_ros2/install/lslidar_msgs/include/lslidar_msgs/lslidar_msgs/srv/detail/angle_distortion_correction__rosidl_typesupport_fastrtps_cpp.hpp
[1.892s] -- Up-to-date symlink: /home/wheeltec/wheeltec_ros2/install/lslidar_msgs/include/lslidar_msgs/lslidar_msgs/srv/detail/frame_rate__rosidl_typesupport_fastrtps_cpp.hpp
[1.892s] -- Up-to-date symlink: /home/wheeltec/wheeltec_ros2/install/lslidar_msgs/include/lslidar_msgs/lslidar_msgs/srv/detail/invalid_data__rosidl_typesupport_fastrtps_cpp.hpp
[1.892s] -- Up-to-date symlink: /home/wheeltec/wheeltec_ros2/install/lslidar_msgs/include/lslidar_msgs/lslidar_msgs/srv/detail/ip_and_port__rosidl_typesupport_fastrtps_cpp.hpp
[1.892s] -- Up-to-date symlink: /home/wheeltec/wheeltec_ros2/install/lslidar_msgs/include/lslidar_msgs/lslidar_msgs/srv/detail/motor_control__rosidl_typesupport_fastrtps_cpp.hpp
[1.892s] -- Up-to-date symlink: /home/wheeltec/wheeltec_ros2/install/lslidar_msgs/include/lslidar_msgs/lslidar_msgs/srv/detail/motor_speed__rosidl_typesupport_fastrtps_cpp.hpp
[1.893s] -- Up-to-date symlink: /home/wheeltec/wheeltec_ros2/install/lslidar_msgs/include/lslidar_msgs/lslidar_msgs/srv/detail/power_control__rosidl_typesupport_fastrtps_cpp.hpp
[1.893s] -- Up-to-date symlink: /home/wheeltec/wheeltec_ros2/install/lslidar_msgs/include/lslidar_msgs/lslidar_msgs/srv/detail/rfd_removal__rosidl_typesupport_fastrtps_cpp.hpp
[1.893s] -- Up-to-date symlink: /home/wheeltec/wheeltec_ros2/install/lslidar_msgs/include/lslidar_msgs/lslidar_msgs/srv/detail/standby_mode__rosidl_typesupport_fastrtps_cpp.hpp
[1.895s] -- Up-to-date symlink: /home/wheeltec/wheeltec_ros2/install/lslidar_msgs/include/lslidar_msgs/lslidar_msgs/srv/detail/tail_removal__rosidl_typesupport_fastrtps_cpp.hpp
[1.896s] -- Up-to-date symlink: /home/wheeltec/wheeltec_ros2/install/lslidar_msgs/include/lslidar_msgs/lslidar_msgs/srv/detail/time_mode__rosidl_typesupport_fastrtps_cpp.hpp
[1.896s] -- Up-to-date symlink: /home/wheeltec/wheeltec_ros2/install/lslidar_msgs/include/lslidar_msgs/lslidar_msgs/msg/detail/lslidar_information__rosidl_typesupport_introspection_cpp.hpp
[1.896s] -- Up-to-date symlink: /home/wheeltec/wheeltec_ros2/install/lslidar_msgs/include/lslidar_msgs/lslidar_msgs/msg/detail/lslidar_packet__rosidl_typesupport_introspection_cpp.hpp
[1.896s] -- Up-to-date symlink: /home/wheeltec/wheeltec_ros2/install/lslidar_msgs/include/lslidar_msgs/lslidar_msgs/srv/detail/angle_distortion_correction__rosidl_typesupport_introspection_cpp.hpp
[1.896s] -- Up-to-date symlink: /home/wheeltec/wheeltec_ros2/install/lslidar_msgs/include/lslidar_msgs/lslidar_msgs/srv/detail/frame_rate__rosidl_typesupport_introspection_cpp.hpp
[1.896s] -- Up-to-date symlink: /home/wheeltec/wheeltec_ros2/install/lslidar_msgs/include/lslidar_msgs/lslidar_msgs/srv/detail/invalid_data__rosidl_typesupport_introspection_cpp.hpp
[1.896s] -- Up-to-date symlink: /home/wheeltec/wheeltec_ros2/install/lslidar_msgs/include/lslidar_msgs/lslidar_msgs/srv/detail/ip_and_port__rosidl_typesupport_introspection_cpp.hpp
[1.896s] -- Up-to-date symlink: /home/wheeltec/wheeltec_ros2/install/lslidar_msgs/include/lslidar_msgs/lslidar_msgs/srv/detail/motor_control__rosidl_typesupport_introspection_cpp.hpp
[1.896s] -- Up-to-date symlink: /home/wheeltec/wheeltec_ros2/install/lslidar_msgs/include/lslidar_msgs/lslidar_msgs/srv/detail/motor_speed__rosidl_typesupport_introspection_cpp.hpp
[1.897s] -- Up-to-date symlink: /home/wheeltec/wheeltec_ros2/install/lslidar_msgs/include/lslidar_msgs/lslidar_msgs/srv/detail/power_control__rosidl_typesupport_introspection_cpp.hpp
[1.897s] -- Up-to-date symlink: /home/wheeltec/wheeltec_ros2/install/lslidar_msgs/include/lslidar_msgs/lslidar_msgs/srv/detail/rfd_removal__rosidl_typesupport_introspection_cpp.hpp
[1.897s] -- Up-to-date symlink: /home/wheeltec/wheeltec_ros2/install/lslidar_msgs/include/lslidar_msgs/lslidar_msgs/srv/detail/standby_mode__rosidl_typesupport_introspection_cpp.hpp
[1.897s] -- Up-to-date symlink: /home/wheeltec/wheeltec_ros2/install/lslidar_msgs/include/lslidar_msgs/lslidar_msgs/srv/detail/tail_removal__rosidl_typesupport_introspection_cpp.hpp
[1.897s] -- Up-to-date symlink: /home/wheeltec/wheeltec_ros2/install/lslidar_msgs/include/lslidar_msgs/lslidar_msgs/srv/detail/time_mode__rosidl_typesupport_introspection_cpp.hpp
[1.897s] -- Up-to-date symlink: /home/wheeltec/wheeltec_ros2/install/lslidar_msgs/share/lslidar_msgs/environment/pythonpath.sh
[1.897s] -- Up-to-date symlink: /home/wheeltec/wheeltec_ros2/install/lslidar_msgs/share/lslidar_msgs/environment/pythonpath.dsv
[1.897s] -- Up-to-date symlink: /home/wheeltec/wheeltec_ros2/install/lslidar_msgs/local/lib/python3.10/dist-packages/lslidar_msgs-5.1.1-py3.10.egg-info/PKG-INFO
[1.897s] -- Up-to-date symlink: /home/wheeltec/wheeltec_ros2/install/lslidar_msgs/local/lib/python3.10/dist-packages/lslidar_msgs-5.1.1-py3.10.egg-info/SOURCES.txt
[1.897s] -- Up-to-date symlink: /home/wheeltec/wheeltec_ros2/install/lslidar_msgs/local/lib/python3.10/dist-packages/lslidar_msgs-5.1.1-py3.10.egg-info/dependency_links.txt
[1.897s] -- Up-to-date symlink: /home/wheeltec/wheeltec_ros2/install/lslidar_msgs/local/lib/python3.10/dist-packages/lslidar_msgs-5.1.1-py3.10.egg-info/top_level.txt
[1.898s] -- Up-to-date symlink: /home/wheeltec/wheeltec_ros2/install/lslidar_msgs/local/lib/python3.10/dist-packages/lslidar_msgs/__init__.py
[1.898s] -- Up-to-date symlink: /home/wheeltec/wheeltec_ros2/install/lslidar_msgs/local/lib/python3.10/dist-packages/lslidar_msgs/_lslidar_msgs_s.ep.rosidl_typesupport_c.c
[1.899s] -- Up-to-date symlink: /home/wheeltec/wheeltec_ros2/install/lslidar_msgs/local/lib/python3.10/dist-packages/lslidar_msgs/_lslidar_msgs_s.ep.rosidl_typesupport_fastrtps_c.c
[1.899s] -- Up-to-date symlink: /home/wheeltec/wheeltec_ros2/install/lslidar_msgs/local/lib/python3.10/dist-packages/lslidar_msgs/_lslidar_msgs_s.ep.rosidl_typesupport_introspection_c.c
[1.899s] -- Up-to-date symlink: /home/wheeltec/wheeltec_ros2/install/lslidar_msgs/local/lib/python3.10/dist-packages/lslidar_msgs/liblslidar_msgs__rosidl_generator_py.so
[1.899s] -- Up-to-date symlink: /home/wheeltec/wheeltec_ros2/install/lslidar_msgs/local/lib/python3.10/dist-packages/lslidar_msgs/lslidar_msgs_s__rosidl_typesupport_c.cpython-310-aarch64-linux-gnu.so
[1.900s] -- Up-to-date symlink: /home/wheeltec/wheeltec_ros2/install/lslidar_msgs/local/lib/python3.10/dist-packages/lslidar_msgs/lslidar_msgs_s__rosidl_typesupport_fastrtps_c.cpython-310-aarch64-linux-gnu.so
[1.900s] -- Up-to-date symlink: /home/wheeltec/wheeltec_ros2/install/lslidar_msgs/local/lib/python3.10/dist-packages/lslidar_msgs/lslidar_msgs_s__rosidl_typesupport_introspection_c.cpython-310-aarch64-linux-gnu.so
[1.900s] -- Up-to-date symlink: /home/wheeltec/wheeltec_ros2/install/lslidar_msgs/local/lib/python3.10/dist-packages/lslidar_msgs/msg/__init__.py
[1.900s] -- Up-to-date symlink: /home/wheeltec/wheeltec_ros2/install/lslidar_msgs/local/lib/python3.10/dist-packages/lslidar_msgs/msg/_lslidar_information.py
[1.900s] -- Up-to-date symlink: /home/wheeltec/wheeltec_ros2/install/lslidar_msgs/local/lib/python3.10/dist-packages/lslidar_msgs/msg/_lslidar_information_s.c
[1.900s] -- Up-to-date symlink: /home/wheeltec/wheeltec_ros2/install/lslidar_msgs/local/lib/python3.10/dist-packages/lslidar_msgs/msg/_lslidar_packet.py
[1.900s] -- Up-to-date symlink: /home/wheeltec/wheeltec_ros2/install/lslidar_msgs/local/lib/python3.10/dist-packages/lslidar_msgs/msg/_lslidar_packet_s.c
[1.900s] -- Up-to-date symlink: /home/wheeltec/wheeltec_ros2/install/lslidar_msgs/local/lib/python3.10/dist-packages/lslidar_msgs/srv/__init__.py
[1.900s] -- Up-to-date symlink: /home/wheeltec/wheeltec_ros2/install/lslidar_msgs/local/lib/python3.10/dist-packages/lslidar_msgs/srv/_angle_distortion_correction.py
[1.900s] -- Up-to-date symlink: /home/wheeltec/wheeltec_ros2/install/lslidar_msgs/local/lib/python3.10/dist-packages/lslidar_msgs/srv/_angle_distortion_correction_s.c
[1.900s] -- Up-to-date symlink: /home/wheeltec/wheeltec_ros2/install/lslidar_msgs/local/lib/python3.10/dist-packages/lslidar_msgs/srv/_frame_rate.py
[1.901s] -- Up-to-date symlink: /home/wheeltec/wheeltec_ros2/install/lslidar_msgs/local/lib/python3.10/dist-packages/lslidar_msgs/srv/_frame_rate_s.c
[1.901s] -- Up-to-date symlink: /home/wheeltec/wheeltec_ros2/install/lslidar_msgs/local/lib/python3.10/dist-packages/lslidar_msgs/srv/_invalid_data.py
[1.901s] -- Up-to-date symlink: /home/wheeltec/wheeltec_ros2/install/lslidar_msgs/local/lib/python3.10/dist-packages/lslidar_msgs/srv/_invalid_data_s.c
[1.901s] -- Up-to-date symlink: /home/wheeltec/wheeltec_ros2/install/lslidar_msgs/local/lib/python3.10/dist-packages/lslidar_msgs/srv/_ip_and_port.py
[1.901s] -- Up-to-date symlink: /home/wheeltec/wheeltec_ros2/install/lslidar_msgs/local/lib/python3.10/dist-packages/lslidar_msgs/srv/_ip_and_port_s.c
[1.901s] -- Up-to-date symlink: /home/wheeltec/wheeltec_ros2/install/lslidar_msgs/local/lib/python3.10/dist-packages/lslidar_msgs/srv/_motor_control.py
[1.901s] -- Up-to-date symlink: /home/wheeltec/wheeltec_ros2/install/lslidar_msgs/local/lib/python3.10/dist-packages/lslidar_msgs/srv/_motor_control_s.c
[1.901s] -- Up-to-date symlink: /home/wheeltec/wheeltec_ros2/install/lslidar_msgs/local/lib/python3.10/dist-packages/lslidar_msgs/srv/_motor_speed.py
[1.901s] -- Up-to-date symlink: /home/wheeltec/wheeltec_ros2/install/lslidar_msgs/local/lib/python3.10/dist-packages/lslidar_msgs/srv/_motor_speed_s.c
[1.901s] -- Up-to-date symlink: /home/wheeltec/wheeltec_ros2/install/lslidar_msgs/local/lib/python3.10/dist-packages/lslidar_msgs/srv/_power_control.py
[1.901s] -- Up-to-date symlink: /home/wheeltec/wheeltec_ros2/install/lslidar_msgs/local/lib/python3.10/dist-packages/lslidar_msgs/srv/_power_control_s.c
[1.902s] -- Up-to-date symlink: /home/wheeltec/wheeltec_ros2/install/lslidar_msgs/local/lib/python3.10/dist-packages/lslidar_msgs/srv/_rfd_removal.py
[1.902s] -- Up-to-date symlink: /home/wheeltec/wheeltec_ros2/install/lslidar_msgs/local/lib/python3.10/dist-packages/lslidar_msgs/srv/_rfd_removal_s.c
[1.902s] -- Up-to-date symlink: /home/wheeltec/wheeltec_ros2/install/lslidar_msgs/local/lib/python3.10/dist-packages/lslidar_msgs/srv/_standby_mode.py
[1.902s] -- Up-to-date symlink: /home/wheeltec/wheeltec_ros2/install/lslidar_msgs/local/lib/python3.10/dist-packages/lslidar_msgs/srv/_standby_mode_s.c
[1.902s] -- Up-to-date symlink: /home/wheeltec/wheeltec_ros2/install/lslidar_msgs/local/lib/python3.10/dist-packages/lslidar_msgs/srv/_tail_removal.py
[1.902s] -- Up-to-date symlink: /home/wheeltec/wheeltec_ros2/install/lslidar_msgs/local/lib/python3.10/dist-packages/lslidar_msgs/srv/_tail_removal_s.c
[1.902s] -- Up-to-date symlink: /home/wheeltec/wheeltec_ros2/install/lslidar_msgs/local/lib/python3.10/dist-packages/lslidar_msgs/srv/_time_mode.py
[1.902s] -- Up-to-date symlink: /home/wheeltec/wheeltec_ros2/install/lslidar_msgs/local/lib/python3.10/dist-packages/lslidar_msgs/srv/_time_mode_s.c
[1.902s] -- Up-to-date symlink: /home/wheeltec/wheeltec_ros2/install/lslidar_msgs/local/lib/python3.10/dist-packages/lslidar_msgs/lslidar_msgs_s__rosidl_typesupport_fastrtps_c.cpython-310-aarch64-linux-gnu.so
[1.902s] -- Up-to-date symlink: /home/wheeltec/wheeltec_ros2/install/lslidar_msgs/local/lib/python3.10/dist-packages/lslidar_msgs/lslidar_msgs_s__rosidl_typesupport_introspection_c.cpython-310-aarch64-linux-gnu.so
[1.902s] -- Up-to-date symlink: /home/wheeltec/wheeltec_ros2/install/lslidar_msgs/local/lib/python3.10/dist-packages/lslidar_msgs/lslidar_msgs_s__rosidl_typesupport_c.cpython-310-aarch64-linux-gnu.so
[1.903s] -- Up-to-date symlink: /home/wheeltec/wheeltec_ros2/install/lslidar_msgs/share/lslidar_msgs/msg/LslidarInformation.idl
[1.903s] -- Up-to-date symlink: /home/wheeltec/wheeltec_ros2/install/lslidar_msgs/share/lslidar_msgs/msg/LslidarPacket.idl
[1.903s] -- Up-to-date symlink: /home/wheeltec/wheeltec_ros2/install/lslidar_msgs/share/lslidar_msgs/srv/AngleDistortionCorrection.idl
[1.903s] -- Up-to-date symlink: /home/wheeltec/wheeltec_ros2/install/lslidar_msgs/share/lslidar_msgs/srv/FrameRate.idl
[1.903s] -- Up-to-date symlink: /home/wheeltec/wheeltec_ros2/install/lslidar_msgs/share/lslidar_msgs/srv/InvalidData.idl
[1.903s] -- Up-to-date symlink: /home/wheeltec/wheeltec_ros2/install/lslidar_msgs/share/lslidar_msgs/srv/IpAndPort.idl
[1.903s] -- Up-to-date symlink: /home/wheeltec/wheeltec_ros2/install/lslidar_msgs/share/lslidar_msgs/srv/MotorControl.idl
[1.903s] -- Up-to-date symlink: /home/wheeltec/wheeltec_ros2/install/lslidar_msgs/share/lslidar_msgs/srv/MotorSpeed.idl
[1.903s] -- Up-to-date symlink: /home/wheeltec/wheeltec_ros2/install/lslidar_msgs/share/lslidar_msgs/srv/PowerControl.idl
[1.903s] -- Up-to-date symlink: /home/wheeltec/wheeltec_ros2/install/lslidar_msgs/share/lslidar_msgs/srv/RfdRemoval.idl
[1.903s] -- Up-to-date symlink: /home/wheeltec/wheeltec_ros2/install/lslidar_msgs/share/lslidar_msgs/srv/StandbyMode.idl
[1.903s] -- Up-to-date symlink: /home/wheeltec/wheeltec_ros2/install/lslidar_msgs/share/lslidar_msgs/srv/TailRemoval.idl
[1.904s] -- Up-to-date symlink: /home/wheeltec/wheeltec_ros2/install/lslidar_msgs/share/lslidar_msgs/srv/TimeMode.idl
[1.904s] -- Up-to-date symlink: /home/wheeltec/wheeltec_ros2/install/lslidar_msgs/share/lslidar_msgs/msg/LslidarInformation.msg
[1.904s] -- Up-to-date symlink: /home/wheeltec/wheeltec_ros2/install/lslidar_msgs/share/lslidar_msgs/msg/LslidarPacket.msg
[1.904s] -- Up-to-date symlink: /home/wheeltec/wheeltec_ros2/install/lslidar_msgs/share/lslidar_msgs/srv/AngleDistortionCorrection.srv
[1.904s] -- Up-to-date symlink: /home/wheeltec/wheeltec_ros2/install/lslidar_msgs/share/lslidar_msgs/srv/AngleDistortionCorrection_Request.msg
[1.904s] -- Up-to-date symlink: /home/wheeltec/wheeltec_ros2/install/lslidar_msgs/share/lslidar_msgs/srv/AngleDistortionCorrection_Response.msg
[1.904s] -- Up-to-date symlink: /home/wheeltec/wheeltec_ros2/install/lslidar_msgs/share/lslidar_msgs/srv/FrameRate.srv
[1.904s] -- Up-to-date symlink: /home/wheeltec/wheeltec_ros2/install/lslidar_msgs/share/lslidar_msgs/srv/FrameRate_Request.msg
[1.904s] -- Up-to-date symlink: /home/wheeltec/wheeltec_ros2/install/lslidar_msgs/share/lslidar_msgs/srv/FrameRate_Response.msg
[1.904s] -- Up-to-date symlink: /home/wheeltec/wheeltec_ros2/install/lslidar_msgs/share/lslidar_msgs/srv/InvalidData.srv
[1.904s] -- Up-to-date symlink: /home/wheeltec/wheeltec_ros2/install/lslidar_msgs/share/lslidar_msgs/srv/InvalidData_Request.msg
[1.905s] -- Up-to-date symlink: /home/wheeltec/wheeltec_ros2/install/lslidar_msgs/share/lslidar_msgs/srv/InvalidData_Response.msg
[1.905s] -- Up-to-date symlink: /home/wheeltec/wheeltec_ros2/install/lslidar_msgs/share/lslidar_msgs/srv/IpAndPort.srv
[1.905s] -- Up-to-date symlink: /home/wheeltec/wheeltec_ros2/install/lslidar_msgs/share/lslidar_msgs/srv/IpAndPort_Request.msg
[1.905s] -- Up-to-date symlink: /home/wheeltec/wheeltec_ros2/install/lslidar_msgs/share/lslidar_msgs/srv/IpAndPort_Response.msg
[1.905s] -- Up-to-date symlink: /home/wheeltec/wheeltec_ros2/install/lslidar_msgs/share/lslidar_msgs/srv/MotorControl.srv
[1.905s] -- Up-to-date symlink: /home/wheeltec/wheeltec_ros2/install/lslidar_msgs/share/lslidar_msgs/srv/MotorControl_Request.msg
[1.905s] -- Up-to-date symlink: /home/wheeltec/wheeltec_ros2/install/lslidar_msgs/share/lslidar_msgs/srv/MotorControl_Response.msg
[1.905s] -- Up-to-date symlink: /home/wheeltec/wheeltec_ros2/install/lslidar_msgs/share/lslidar_msgs/srv/MotorSpeed.srv
[1.905s] -- Up-to-date symlink: /home/wheeltec/wheeltec_ros2/install/lslidar_msgs/share/lslidar_msgs/srv/MotorSpeed_Request.msg
[1.905s] -- Up-to-date symlink: /home/wheeltec/wheeltec_ros2/install/lslidar_msgs/share/lslidar_msgs/srv/MotorSpeed_Response.msg
[1.905s] -- Up-to-date symlink: /home/wheeltec/wheeltec_ros2/install/lslidar_msgs/share/lslidar_msgs/srv/PowerControl.srv
[1.905s] -- Up-to-date symlink: /home/wheeltec/wheeltec_ros2/install/lslidar_msgs/share/lslidar_msgs/srv/PowerControl_Request.msg
[1.919s] -- Up-to-date symlink: /home/wheeltec/wheeltec_ros2/install/lslidar_msgs/share/lslidar_msgs/srv/PowerControl_Response.msg
[1.919s] -- Up-to-date symlink: /home/wheeltec/wheeltec_ros2/install/lslidar_msgs/share/lslidar_msgs/srv/RfdRemoval.srv
[1.919s] -- Up-to-date symlink: /home/wheeltec/wheeltec_ros2/install/lslidar_msgs/share/lslidar_msgs/srv/RfdRemoval_Request.msg
[1.919s] -- Up-to-date symlink: /home/wheeltec/wheeltec_ros2/install/lslidar_msgs/share/lslidar_msgs/srv/RfdRemoval_Response.msg
[1.919s] -- Up-to-date symlink: /home/wheeltec/wheeltec_ros2/install/lslidar_msgs/share/lslidar_msgs/srv/StandbyMode.srv
[1.919s] -- Up-to-date symlink: /home/wheeltec/wheeltec_ros2/install/lslidar_msgs/share/lslidar_msgs/srv/StandbyMode_Request.msg
[1.919s] -- Up-to-date symlink: /home/wheeltec/wheeltec_ros2/install/lslidar_msgs/share/lslidar_msgs/srv/StandbyMode_Response.msg
[1.919s] -- Up-to-date symlink: /home/wheeltec/wheeltec_ros2/install/lslidar_msgs/share/lslidar_msgs/srv/TailRemoval.srv
[1.920s] -- Up-to-date symlink: /home/wheeltec/wheeltec_ros2/install/lslidar_msgs/share/lslidar_msgs/srv/TailRemoval_Request.msg
[1.920s] -- Up-to-date symlink: /home/wheeltec/wheeltec_ros2/install/lslidar_msgs/share/lslidar_msgs/srv/TailRemoval_Response.msg
[1.920s] -- Up-to-date symlink: /home/wheeltec/wheeltec_ros2/install/lslidar_msgs/share/lslidar_msgs/srv/TimeMode.srv
[1.920s] -- Up-to-date symlink: /home/wheeltec/wheeltec_ros2/install/lslidar_msgs/share/lslidar_msgs/srv/TimeMode_Request.msg
[1.920s] -- Up-to-date symlink: /home/wheeltec/wheeltec_ros2/install/lslidar_msgs/share/lslidar_msgs/srv/TimeMode_Response.msg
[1.920s] -- Up-to-date symlink: /home/wheeltec/wheeltec_ros2/install/lslidar_msgs/share/ament_index/resource_index/package_run_dependencies/lslidar_msgs
[1.920s] -- Up-to-date symlink: /home/wheeltec/wheeltec_ros2/install/lslidar_msgs/share/ament_index/resource_index/parent_prefix_path/lslidar_msgs
[1.920s] -- Up-to-date symlink: /home/wheeltec/wheeltec_ros2/install/lslidar_msgs/share/lslidar_msgs/environment/ament_prefix_path.sh
[1.920s] -- Up-to-date symlink: /home/wheeltec/wheeltec_ros2/install/lslidar_msgs/share/lslidar_msgs/environment/ament_prefix_path.dsv
[1.920s] -- Up-to-date symlink: /home/wheeltec/wheeltec_ros2/install/lslidar_msgs/share/lslidar_msgs/environment/path.sh
[1.921s] -- Up-to-date symlink: /home/wheeltec/wheeltec_ros2/install/lslidar_msgs/share/lslidar_msgs/environment/path.dsv
[1.921s] -- Up-to-date symlink: /home/wheeltec/wheeltec_ros2/install/lslidar_msgs/share/lslidar_msgs/local_setup.bash
[1.921s] -- Up-to-date symlink: /home/wheeltec/wheeltec_ros2/install/lslidar_msgs/share/lslidar_msgs/local_setup.sh
[1.921s] -- Up-to-date symlink: /home/wheeltec/wheeltec_ros2/install/lslidar_msgs/share/lslidar_msgs/local_setup.zsh
[1.921s] -- Up-to-date symlink: /home/wheeltec/wheeltec_ros2/install/lslidar_msgs/share/lslidar_msgs/local_setup.dsv
[1.921s] -- Symlinking: /home/wheeltec/wheeltec_ros2/install/lslidar_msgs/share/lslidar_msgs/package.dsv
[1.938s] -- Up-to-date symlink: /home/wheeltec/wheeltec_ros2/install/lslidar_msgs/share/ament_index/resource_index/packages/lslidar_msgs
[1.938s] -- Up-to-date symlink: /home/wheeltec/wheeltec_ros2/install/lslidar_msgs/share/lslidar_msgs/cmake/rosidl_cmake-extras.cmake
[1.938s] -- Up-to-date symlink: /home/wheeltec/wheeltec_ros2/install/lslidar_msgs/share/lslidar_msgs/cmake/ament_cmake_export_dependencies-extras.cmake
[1.939s] -- Up-to-date symlink: /home/wheeltec/wheeltec_ros2/install/lslidar_msgs/share/lslidar_msgs/cmake/ament_cmake_export_include_directories-extras.cmake
[1.939s] -- Up-to-date symlink: /home/wheeltec/wheeltec_ros2/install/lslidar_msgs/share/lslidar_msgs/cmake/ament_cmake_export_libraries-extras.cmake
[1.939s] -- Up-to-date symlink: /home/wheeltec/wheeltec_ros2/install/lslidar_msgs/share/lslidar_msgs/cmake/ament_cmake_export_targets-extras.cmake
[1.939s] -- Up-to-date symlink: /home/wheeltec/wheeltec_ros2/install/lslidar_msgs/share/lslidar_msgs/cmake/rosidl_cmake_export_typesupport_targets-extras.cmake
[1.939s] -- Up-to-date symlink: /home/wheeltec/wheeltec_ros2/install/lslidar_msgs/share/lslidar_msgs/cmake/rosidl_cmake_export_typesupport_libraries-extras.cmake
[1.939s] -- Up-to-date symlink: /home/wheeltec/wheeltec_ros2/install/lslidar_msgs/share/lslidar_msgs/cmake/lslidar_msgsConfig.cmake
[1.940s] -- Up-to-date symlink: /home/wheeltec/wheeltec_ros2/install/lslidar_msgs/share/lslidar_msgs/cmake/lslidar_msgsConfig-version.cmake
[1.940s] -- Up-to-date symlink: /home/wheeltec/wheeltec_ros2/install/lslidar_msgs/share/lslidar_msgs/package.xml
[1.940s] -- Up-to-date: /home/wheeltec/wheeltec_ros2/install/lslidar_msgs/lib/liblslidar_msgs__rosidl_generator_c.so
[1.941s] -- Up-to-date: /home/wheeltec/wheeltec_ros2/install/lslidar_msgs/lib/liblslidar_msgs__rosidl_typesupport_fastrtps_c.so
[1.941s] -- Up-to-date: /home/wheeltec/wheeltec_ros2/install/lslidar_msgs/lib/liblslidar_msgs__rosidl_typesupport_introspection_c.so
[1.941s] -- Up-to-date: /home/wheeltec/wheeltec_ros2/install/lslidar_msgs/lib/liblslidar_msgs__rosidl_typesupport_c.so
[1.942s] -- Up-to-date: /home/wheeltec/wheeltec_ros2/install/lslidar_msgs/lib/liblslidar_msgs__rosidl_typesupport_fastrtps_cpp.so
[1.942s] -- Up-to-date: /home/wheeltec/wheeltec_ros2/install/lslidar_msgs/lib/liblslidar_msgs__rosidl_typesupport_introspection_cpp.so
[1.943s] -- Up-to-date: /home/wheeltec/wheeltec_ros2/install/lslidar_msgs/lib/liblslidar_msgs__rosidl_typesupport_cpp.so
[2.211s] Listing '/home/wheeltec/wheeltec_ros2/install/lslidar_msgs/local/lib/python3.10/dist-packages/lslidar_msgs'...
[2.211s] Listing '/home/wheeltec/wheeltec_ros2/install/lslidar_msgs/local/lib/python3.10/dist-packages/lslidar_msgs/msg'...
[2.211s] Listing '/home/wheeltec/wheeltec_ros2/install/lslidar_msgs/local/lib/python3.10/dist-packages/lslidar_msgs/srv'...
[2.231s] -- Up-to-date: /home/wheeltec/wheeltec_ros2/install/lslidar_msgs/lib/liblslidar_msgs__rosidl_generator_py.so
[2.232s] -- Up-to-date: /home/wheeltec/wheeltec_ros2/install/lslidar_msgs/share/lslidar_msgs/cmake/export_lslidar_msgs__rosidl_generator_cExport.cmake
[2.232s] -- Up-to-date: /home/wheeltec/wheeltec_ros2/install/lslidar_msgs/share/lslidar_msgs/cmake/export_lslidar_msgs__rosidl_generator_cExport-noconfig.cmake
[2.233s] -- Up-to-date: /home/wheeltec/wheeltec_ros2/install/lslidar_msgs/share/lslidar_msgs/cmake/export_lslidar_msgs__rosidl_typesupport_fastrtps_cExport.cmake
[2.233s] -- Up-to-date: /home/wheeltec/wheeltec_ros2/install/lslidar_msgs/share/lslidar_msgs/cmake/export_lslidar_msgs__rosidl_typesupport_fastrtps_cExport-noconfig.cmake
[2.233s] -- Up-to-date: /home/wheeltec/wheeltec_ros2/install/lslidar_msgs/share/lslidar_msgs/cmake/lslidar_msgs__rosidl_typesupport_introspection_cExport.cmake
[2.233s] -- Up-to-date: /home/wheeltec/wheeltec_ros2/install/lslidar_msgs/share/lslidar_msgs/cmake/lslidar_msgs__rosidl_typesupport_introspection_cExport-noconfig.cmake
[2.234s] -- Up-to-date: /home/wheeltec/wheeltec_ros2/install/lslidar_msgs/share/lslidar_msgs/cmake/lslidar_msgs__rosidl_typesupport_cExport.cmake
[2.234s] -- Up-to-date: /home/wheeltec/wheeltec_ros2/install/lslidar_msgs/share/lslidar_msgs/cmake/lslidar_msgs__rosidl_typesupport_cExport-noconfig.cmake
[2.234s] -- Up-to-date: /home/wheeltec/wheeltec_ros2/install/lslidar_msgs/share/lslidar_msgs/cmake/export_lslidar_msgs__rosidl_generator_cppExport.cmake
[2.235s] -- Up-to-date: /home/wheeltec/wheeltec_ros2/install/lslidar_msgs/share/lslidar_msgs/cmake/export_lslidar_msgs__rosidl_typesupport_fastrtps_cppExport.cmake
[2.235s] -- Up-to-date: /home/wheeltec/wheeltec_ros2/install/lslidar_msgs/share/lslidar_msgs/cmake/export_lslidar_msgs__rosidl_typesupport_fastrtps_cppExport-noconfig.cmake
[2.235s] -- Up-to-date: /home/wheeltec/wheeltec_ros2/install/lslidar_msgs/share/lslidar_msgs/cmake/lslidar_msgs__rosidl_typesupport_introspection_cppExport.cmake
[2.235s] -- Up-to-date: /home/wheeltec/wheeltec_ros2/install/lslidar_msgs/share/lslidar_msgs/cmake/lslidar_msgs__rosidl_typesupport_introspection_cppExport-noconfig.cmake
[2.236s] -- Up-to-date: /home/wheeltec/wheeltec_ros2/install/lslidar_msgs/share/lslidar_msgs/cmake/lslidar_msgs__rosidl_typesupport_cppExport.cmake
[2.236s] -- Up-to-date: /home/wheeltec/wheeltec_ros2/install/lslidar_msgs/share/lslidar_msgs/cmake/lslidar_msgs__rosidl_typesupport_cppExport-noconfig.cmake
[2.236s] -- Up-to-date: /home/wheeltec/wheeltec_ros2/install/lslidar_msgs/share/lslidar_msgs/cmake/export_lslidar_msgs__rosidl_generator_pyExport.cmake
[2.236s] -- Up-to-date: /home/wheeltec/wheeltec_ros2/install/lslidar_msgs/share/lslidar_msgs/cmake/export_lslidar_msgs__rosidl_generator_pyExport-noconfig.cmake
[2.249s] Invoked command in '/home/wheeltec/wheeltec_ros2/build/lslidar_msgs' returned '0': CMAKE_PREFIX_PATH=${CMAKE_PREFIX_PATH}:/home/wheeltec/wheeltec_ros2/install/wheeltec_robot_keyboard:/home/wheeltec/wheeltec_ros2/install/wheeltec_dual_rtk_driver:/home/wheeltec/wheeltec_ros2/install/ultralytics_ros2:/home/wheeltec/wheeltec_ros2/install/tf2_tools:/home/wheeltec/wheeltec_ros2/install/nav2_waypoint_cycle:/home/wheeltec/wheeltec_ros2/install/nav2_simple_commander:/home/wheeltec/wheeltec_ros2/install/auto_recharge_ros2:/home/wheeltec/autoware/install/autoware_wheeltec_interface:/home/wheeltec/autoware/install/ad_api_visualizers:/opt/ros/humble /usr/bin/cmake --install /home/wheeltec/wheeltec_ros2/build/lslidar_msgs
