[0.904s] Invoking command in '/home/wheeltec/wheeltec_ros2/build/tts': CMAKE_PREFIX_PATH=${CMAKE_PREFIX_PATH}:/home/wheeltec/wheeltec_ros2/install/wheeltec_dual_rtk_driver:/home/wheeltec/wheeltec_ros2/install/ultralytics_ros2:/home/wheeltec/wheeltec_ros2/install/tf2_tools:/home/wheeltec/wheeltec_ros2/install/nav2_waypoint_cycle:/home/wheeltec/wheeltec_ros2/install/nav2_simple_commander:/home/wheeltec/wheeltec_ros2/install/auto_recharge_ros2:/home/wheeltec/autoware/install/autoware_wheeltec_interface:/home/wheeltec/autoware/install/ad_api_visualizers:/opt/ros/humble /usr/bin/cmake --build /home/wheeltec/wheeltec_ros2/build/tts -- -j6 -l6
[0.993s] [35m[1mConsolidate compiler generated dependencies of target tts_node[0m
[1.042s] [100%] Built target tts_node
[1.841s] Invoked command in '/home/wheeltec/wheeltec_ros2/build/tts' returned '0': CMAKE_PREFIX_PATH=${CMAKE_PREFIX_PATH}:/home/wheeltec/wheeltec_ros2/install/wheeltec_dual_rtk_driver:/home/wheeltec/wheeltec_ros2/install/ultralytics_ros2:/home/wheeltec/wheeltec_ros2/install/tf2_tools:/home/wheeltec/wheeltec_ros2/install/nav2_waypoint_cycle:/home/wheeltec/wheeltec_ros2/install/nav2_simple_commander:/home/wheeltec/wheeltec_ros2/install/auto_recharge_ros2:/home/wheeltec/autoware/install/autoware_wheeltec_interface:/home/wheeltec/autoware/install/ad_api_visualizers:/opt/ros/humble /usr/bin/cmake --build /home/wheeltec/wheeltec_ros2/build/tts -- -j6 -l6
[1.844s] Invoking command in '/home/wheeltec/wheeltec_ros2/build/tts': CMAKE_PREFIX_PATH=${CMAKE_PREFIX_PATH}:/home/wheeltec/wheeltec_ros2/install/wheeltec_dual_rtk_driver:/home/wheeltec/wheeltec_ros2/install/ultralytics_ros2:/home/wheeltec/wheeltec_ros2/install/tf2_tools:/home/wheeltec/wheeltec_ros2/install/nav2_waypoint_cycle:/home/wheeltec/wheeltec_ros2/install/nav2_simple_commander:/home/wheeltec/wheeltec_ros2/install/auto_recharge_ros2:/home/wheeltec/autoware/install/autoware_wheeltec_interface:/home/wheeltec/autoware/install/ad_api_visualizers:/opt/ros/humble /usr/bin/cmake --install /home/wheeltec/wheeltec_ros2/build/tts
[1.875s] -- Install configuration: ""
[1.876s] -- Up-to-date: /home/wheeltec/wheeltec_ros2/install/tts/share/tts/launch
[1.876s] -- Up-to-date: /home/wheeltec/wheeltec_ros2/install/tts/share/tts/launch/tts_make.launch.py
[1.876s] -- Up-to-date: /home/wheeltec/wheeltec_ros2/install/tts/share/tts/config
[1.876s] -- Up-to-date: /home/wheeltec/wheeltec_ros2/install/tts/share/tts/config/bin
[1.876s] -- Up-to-date: /home/wheeltec/wheeltec_ros2/install/tts/share/tts/config/bin/msc
[1.877s] -- Up-to-date: /home/wheeltec/wheeltec_ros2/install/tts/share/tts/config/bin/msc/msc.cfg
[1.877s] -- Up-to-date: /home/wheeltec/wheeltec_ros2/install/tts/share/tts/config/bin/msc/res
[1.877s] -- Up-to-date: /home/wheeltec/wheeltec_ros2/install/tts/share/tts/config/bin/msc/res/tts
[1.877s] -- Up-to-date: /home/wheeltec/wheeltec_ros2/install/tts/share/tts/config/bin/msc/res/tts/xiaofeng.jet
[1.877s] -- Up-to-date: /home/wheeltec/wheeltec_ros2/install/tts/share/tts/config/bin/msc/res/tts/common.jet
[1.877s] -- Up-to-date: /home/wheeltec/wheeltec_ros2/install/tts/share/tts/config/bin/msc/res/tts/xiaoyan.jet
[1.878s] -- Up-to-date: /home/wheeltec/wheeltec_ros2/install/tts/share/tts/config/bin/msc/res/xtts
[1.878s] -- Up-to-date: /home/wheeltec/wheeltec_ros2/install/tts/share/tts/config/bin/msc/res/xtts/xiaofeng.jet
[1.878s] -- Up-to-date: /home/wheeltec/wheeltec_ros2/install/tts/share/tts/config/bin/msc/res/xtts/common_en.jet
[1.878s] -- Up-to-date: /home/wheeltec/wheeltec_ros2/install/tts/share/tts/config/bin/msc/res/xtts/common.jet
[1.878s] -- Up-to-date: /home/wheeltec/wheeltec_ros2/install/tts/share/tts/config/bin/msc/res/xtts/xiaoyan.jet
[1.878s] -- Up-to-date: /home/wheeltec/wheeltec_ros2/install/tts/share/tts/config/tts_params.yaml
[1.879s] -- Execute custom install script
[1.880s] -- Up-to-date symlink: /home/wheeltec/wheeltec_ros2/install/tts/lib/tts/tts_node
[1.880s] -- Up-to-date symlink: /home/wheeltec/wheeltec_ros2/install/tts/share/ament_index/resource_index/package_run_dependencies/tts
[1.880s] -- Up-to-date symlink: /home/wheeltec/wheeltec_ros2/install/tts/share/ament_index/resource_index/parent_prefix_path/tts
[1.885s] -- Up-to-date symlink: /home/wheeltec/wheeltec_ros2/install/tts/share/tts/environment/ament_prefix_path.sh
[1.886s] -- Up-to-date symlink: /home/wheeltec/wheeltec_ros2/install/tts/share/tts/environment/ament_prefix_path.dsv
[1.887s] -- Up-to-date symlink: /home/wheeltec/wheeltec_ros2/install/tts/share/tts/environment/path.sh
[1.887s] -- Up-to-date symlink: /home/wheeltec/wheeltec_ros2/install/tts/share/tts/environment/path.dsv
[1.887s] -- Up-to-date symlink: /home/wheeltec/wheeltec_ros2/install/tts/share/tts/local_setup.bash
[1.888s] -- Up-to-date symlink: /home/wheeltec/wheeltec_ros2/install/tts/share/tts/local_setup.sh
[1.888s] -- Up-to-date symlink: /home/wheeltec/wheeltec_ros2/install/tts/share/tts/local_setup.zsh
[1.888s] -- Up-to-date symlink: /home/wheeltec/wheeltec_ros2/install/tts/share/tts/local_setup.dsv
[1.888s] -- Symlinking: /home/wheeltec/wheeltec_ros2/install/tts/share/tts/package.dsv
[1.925s] -- Up-to-date symlink: /home/wheeltec/wheeltec_ros2/install/tts/share/ament_index/resource_index/packages/tts
[1.925s] -- Up-to-date symlink: /home/wheeltec/wheeltec_ros2/install/tts/share/tts/cmake/ttsConfig.cmake
[1.926s] -- Up-to-date symlink: /home/wheeltec/wheeltec_ros2/install/tts/share/tts/cmake/ttsConfig-version.cmake
[1.926s] -- Up-to-date symlink: /home/wheeltec/wheeltec_ros2/install/tts/share/tts/package.xml
[1.931s] Invoked command in '/home/wheeltec/wheeltec_ros2/build/tts' returned '0': CMAKE_PREFIX_PATH=${CMAKE_PREFIX_PATH}:/home/wheeltec/wheeltec_ros2/install/wheeltec_dual_rtk_driver:/home/wheeltec/wheeltec_ros2/install/ultralytics_ros2:/home/wheeltec/wheeltec_ros2/install/tf2_tools:/home/wheeltec/wheeltec_ros2/install/nav2_waypoint_cycle:/home/wheeltec/wheeltec_ros2/install/nav2_simple_commander:/home/wheeltec/wheeltec_ros2/install/auto_recharge_ros2:/home/wheeltec/autoware/install/autoware_wheeltec_interface:/home/wheeltec/autoware/install/ad_api_visualizers:/opt/ros/humble /usr/bin/cmake --install /home/wheeltec/wheeltec_ros2/build/tts
