gmake: Warning: File 'Makefile' has modification time 1766050491 s in the future
gmake[1]: Warning: File 'CMakeFiles/Makefile2' has modification time 1766050491 s in the future
gmake[2]: Warning: File 'CMakeFiles/nav2_rotation_shim_controller.dir/flags.make' has modification time 1766050490 s in the future
gmake[2]: warning:  Clock skew detected.  Your build may be incomplete.
gmake[2]: Warning: File 'CMakeFiles/nav2_rotation_shim_controller.dir/flags.make' has modification time 1766050490 s in the future
gmake[2]: warning:  Clock skew detected.  Your build may be incomplete.
[ 25%] Built target nav2_rotation_shim_controller
gmake[2]: Warning: File 'gtest/CMakeFiles/gtest_main.dir/flags.make' has modification time 1766050490 s in the future
gmake[2]: warning:  Clock skew detected.  Your build may be incomplete.
gmake[2]: Warning: File 'gtest/CMakeFiles/gtest_main.dir/flags.make' has modification time 1766050490 s in the future
gmake[2]: warning:  Clock skew detected.  Your build may be incomplete.
[ 50%] Built target gtest_main
gmake[2]: Warning: File 'gtest/CMakeFiles/gtest.dir/flags.make' has modification time 1766050490 s in the future
gmake[2]: warning:  Clock skew detected.  Your build may be incomplete.
gmake[2]: Warning: File 'gtest/CMakeFiles/gtest.dir/flags.make' has modification time 1766050490 s in the future
gmake[2]: warning:  Clock skew detected.  Your build may be incomplete.
[ 75%] Built target gtest
gmake[2]: Warning: File 'test/CMakeFiles/test_shim_controller.dir/flags.make' has modification time 1766050490 s in the future
gmake[2]: warning:  Clock skew detected.  Your build may be incomplete.
gmake[2]: Warning: File 'test/CMakeFiles/test_shim_controller.dir/flags.make' has modification time 1766050489 s in the future
gmake[2]: warning:  Clock skew detected.  Your build may be incomplete.
[100%] Built target test_shim_controller
gmake[1]: warning:  Clock skew detected.  Your build may be incomplete.
gmake: warning:  Clock skew detected.  Your build may be incomplete.
-- Install configuration: "Release"
-- Execute custom install script
-- Up-to-date symlink: /home/wheeltec/wheeltec_ros2/install/nav2_rotation_shim_controller/lib/libnav2_rotation_shim_controller.so
-- Up-to-date symlink: /home/wheeltec/wheeltec_ros2/install/nav2_rotation_shim_controller/include//nav2_rotation_shim_controller/nav2_rotation_shim_controller.hpp
-- Up-to-date symlink: /home/wheeltec/wheeltec_ros2/install/nav2_rotation_shim_controller/share/nav2_rotation_shim_controller/environment/library_path.sh
-- Up-to-date symlink: /home/wheeltec/wheeltec_ros2/install/nav2_rotation_shim_controller/share/nav2_rotation_shim_controller/environment/library_path.dsv
-- Up-to-date symlink: /home/wheeltec/wheeltec_ros2/install/nav2_rotation_shim_controller/share/nav2_rotation_shim_controller//nav2_rotation_shim_controller.xml
-- Up-to-date symlink: /home/wheeltec/wheeltec_ros2/install/nav2_rotation_shim_controller/share/ament_index/resource_index/package_run_dependencies/nav2_rotation_shim_controller
-- Up-to-date symlink: /home/wheeltec/wheeltec_ros2/install/nav2_rotation_shim_controller/share/ament_index/resource_index/parent_prefix_path/nav2_rotation_shim_controller
-- Up-to-date symlink: /home/wheeltec/wheeltec_ros2/install/nav2_rotation_shim_controller/share/nav2_rotation_shim_controller/environment/ament_prefix_path.sh
-- Up-to-date symlink: /home/wheeltec/wheeltec_ros2/install/nav2_rotation_shim_controller/share/nav2_rotation_shim_controller/environment/ament_prefix_path.dsv
-- Up-to-date symlink: /home/wheeltec/wheeltec_ros2/install/nav2_rotation_shim_controller/share/nav2_rotation_shim_controller/environment/path.sh
-- Up-to-date symlink: /home/wheeltec/wheeltec_ros2/install/nav2_rotation_shim_controller/share/nav2_rotation_shim_controller/environment/path.dsv
-- Up-to-date symlink: /home/wheeltec/wheeltec_ros2/install/nav2_rotation_shim_controller/share/nav2_rotation_shim_controller/local_setup.bash
-- Up-to-date symlink: /home/wheeltec/wheeltec_ros2/install/nav2_rotation_shim_controller/share/nav2_rotation_shim_controller/local_setup.sh
-- Up-to-date symlink: /home/wheeltec/wheeltec_ros2/install/nav2_rotation_shim_controller/share/nav2_rotation_shim_controller/local_setup.zsh
-- Up-to-date symlink: /home/wheeltec/wheeltec_ros2/install/nav2_rotation_shim_controller/share/nav2_rotation_shim_controller/local_setup.dsv
-- Symlinking: /home/wheeltec/wheeltec_ros2/install/nav2_rotation_shim_controller/share/nav2_rotation_shim_controller/package.dsv
-- Up-to-date symlink: /home/wheeltec/wheeltec_ros2/install/nav2_rotation_shim_controller/share/ament_index/resource_index/packages/nav2_rotation_shim_controller
-- Up-to-date symlink: /home/wheeltec/wheeltec_ros2/install/nav2_rotation_shim_controller/share/ament_index/resource_index/nav2_core__pluginlib__plugin/nav2_rotation_shim_controller
-- Up-to-date symlink: /home/wheeltec/wheeltec_ros2/install/nav2_rotation_shim_controller/share/nav2_rotation_shim_controller/cmake/ament_cmake_export_include_directories-extras.cmake
-- Up-to-date symlink: /home/wheeltec/wheeltec_ros2/install/nav2_rotation_shim_controller/share/nav2_rotation_shim_controller/cmake/ament_cmake_export_libraries-extras.cmake
-- Up-to-date symlink: /home/wheeltec/wheeltec_ros2/install/nav2_rotation_shim_controller/share/nav2_rotation_shim_controller/cmake/ament_cmake_export_dependencies-extras.cmake
-- Up-to-date symlink: /home/wheeltec/wheeltec_ros2/install/nav2_rotation_shim_controller/share/nav2_rotation_shim_controller/cmake/nav2_rotation_shim_controllerConfig.cmake
-- Up-to-date symlink: /home/wheeltec/wheeltec_ros2/install/nav2_rotation_shim_controller/share/nav2_rotation_shim_controller/cmake/nav2_rotation_shim_controllerConfig-version.cmake
-- Up-to-date symlink: /home/wheeltec/wheeltec_ros2/install/nav2_rotation_shim_controller/share/nav2_rotation_shim_controller/package.xml
