gmake: Warning: File 'Makefile' has modification time 1766049172 s in the future
gmake[1]: Warning: File 'CMakeFiles/Makefile2' has modification time 1766049171 s in the future
gmake[2]: Warning: File 'gtest/CMakeFiles/gtest_main.dir/flags.make' has modification time 1766049171 s in the future
gmake[2]: Warning: File 'gtest/CMakeFiles/gtest.dir/flags.make' has modification time 1766049171 s in the future
gmake[2]: Warning: File 'CMakeFiles/velocity_smoother_core.dir/flags.make' has modification time 1766049171 s in the future
gmake[2]: warning:  Clock skew detected.  Your build may be incomplete.
gmake[2]: warning:  Clock skew detected.  Your build may be incomplete.
gmake[2]: Warning: File 'gtest/CMakeFiles/gtest_main.dir/flags.make' has modification time 1766049171 s in the future
gmake[2]: warning:  Clock skew detected.  Your build may be incomplete.
gmake[2]: Warning: File 'gtest/CMakeFiles/gtest.dir/flags.make' has modification time 1766049171 s in the future
gmake[2]: warning:  Clock skew detected.  Your build may be incomplete.
gmake[2]: warning:  Clock skew detected.  Your build may be incomplete.
gmake[2]: Warning: File 'CMakeFiles/velocity_smoother_core.dir/flags.make' has modification time 1766049171 s in the future
gmake[2]: warning:  Clock skew detected.  Your build may be incomplete.
gmake[2]: Warning: File 'CMakeFiles/velocity_smoother.dir/flags.make' has modification time 1766049170 s in the future
gmake[2]: Warning: File 'test/CMakeFiles/velocity_smoother_tests.dir/flags.make' has modification time 1766049170 s in the future
gmake[2]: warning:  Clock skew detected.  Your build may be incomplete.
gmake[2]: warning:  Clock skew detected.  Your build may be incomplete.
gmake[2]: Warning: File 'CMakeFiles/velocity_smoother.dir/flags.make' has modification time 1766049170 s in the future
gmake[2]: warning:  Clock skew detected.  Your build may be incomplete.
gmake[2]: Warning: File 'test/CMakeFiles/velocity_smoother_tests.dir/flags.make' has modification time 1766049170 s in the future
gmake[2]: warning:  Clock skew detected.  Your build may be incomplete.
gmake[1]: warning:  Clock skew detected.  Your build may be incomplete.
gmake: warning:  Clock skew detected.  Your build may be incomplete.
