[0.169s] Invoking command in '/home/wheeltec/wheeltec_ros2/build/hipnuc_imu': CMAKE_PREFIX_PATH=${CMAKE_PREFIX_PATH}:/home/wheeltec/wheeltec_ros2/install/auto_recharge_ros2:/home/wheeltec/autoware/install/autoware_wheeltec_interface:/home/wheeltec/autoware/install/ad_api_visualizers:/opt/ros/humble /usr/bin/cmake /home/wheeltec/wheeltec_ros2/src/wheeltec_imu/hipnuc_imu_ros-ros2 -DAMENT_CMAKE_SYMLINK_INSTALL=1 -DCMAKE_INSTALL_PREFIX=/home/wheeltec/wheeltec_ros2/install/hipnuc_imu
[0.327s] -- The C compiler identification is GNU 11.4.0
[0.447s] -- The CXX compiler identification is GNU 11.4.0
[0.461s] -- Detecting C compiler ABI info
[0.623s] -- Detecting C compiler ABI info - done
[0.633s] -- Check for working C compiler: /usr/bin/cc - skipped
[0.634s] -- Detecting C compile features
[0.634s] -- Detecting C compile features - done
[0.639s] -- Detecting CXX compiler ABI info
[0.812s] -- Detecting CXX compiler ABI info - done
[0.826s] -- Check for working CXX compiler: /usr/bin/c++ - skipped
[0.827s] -- Detecting CXX compile features
[0.828s] -- Detecting CXX compile features - done
[0.907s] -- Found ament_cmake: 1.3.7 (/home/wheeltec/autoware/install/ament_cmake/share/ament_cmake/cmake)
[1.822s] -- Found Python3: /usr/bin/python3.10 (found version "3.10.12") found components: Interpreter 
[2.109s] -- Override CMake install command with custom implementation using symlinks instead of copying resources
[2.934s] -- Found rclcpp: 16.0.11 (/opt/ros/humble/share/rclcpp/cmake)
[3.682s] -- Found rosidl_generator_c: 3.1.6 (/opt/ros/humble/share/rosidl_generator_c/cmake)
[3.809s] -- Found rosidl_adapter: 3.1.6 (/opt/ros/humble/share/rosidl_adapter/cmake)
[3.949s] -- Found rosidl_generator_cpp: 3.1.6 (/opt/ros/humble/share/rosidl_generator_cpp/cmake)
[4.130s] -- Using all available rosidl_typesupport_c: rosidl_typesupport_fastrtps_c;rosidl_typesupport_introspection_c
[4.413s] -- Using all available rosidl_typesupport_cpp: rosidl_typesupport_fastrtps_cpp;rosidl_typesupport_introspection_cpp
[5.179s] -- Found rmw_implementation_cmake: 6.1.2 (/opt/ros/humble/share/rmw_implementation_cmake/cmake)
[5.300s] -- Found rmw_fastrtps_cpp: 6.2.7 (/opt/ros/humble/share/rmw_fastrtps_cpp/cmake)
[6.078s] -- Found OpenSSL: /usr/lib/aarch64-linux-gnu/libcrypto.so (found version "3.0.2")  
[6.267s] -- Found FastRTPS: /opt/ros/humble/include  
[6.653s] -- Using RMW implementation 'rmw_fastrtps_cpp' as default
[6.837s] -- Looking for pthread.h
[7.050s] -- Looking for pthread.h - found
[7.051s] -- Performing Test CMAKE_HAVE_LIBC_PTHREAD
[7.369s] -- Performing Test CMAKE_HAVE_LIBC_PTHREAD - Success
[7.370s] -- Found Threads: TRUE  
[7.998s] -- Found sensor_msgs: 4.2.4 (/opt/ros/humble/share/sensor_msgs/cmake)
[8.155s] -- Found ament_lint_auto: 0.12.11 (/opt/ros/humble/share/ament_lint_auto/cmake)
[9.427s] -- Added test 'copyright' to check source files copyright and LICENSE
[9.459s] -- Added test 'cppcheck' to perform static code analysis on C / C++ code
[9.460s] -- Configured cppcheck include dirs: 
[9.460s] -- Configured cppcheck exclude dirs and/or files: 
[9.489s] -- Added test 'cpplint' to check C / C++ code against the Google style
[9.489s] -- Configured cpplint exclude dirs and/or files: 
[9.515s] -- Added test 'flake8' to check Python code syntax and style conventions
[9.542s] -- Added test 'lint_cmake' to check CMake code style
[9.556s] -- Added test 'pep257' to check Python code against some of the docstring style conventions in PEP 257
[9.580s] -- Added test 'uncrustify' to check C / C++ code style
[9.580s] -- Configured uncrustify additional arguments: 
[9.600s] -- Added test 'xmllint' to check XML markup files
[9.691s] -- Configuring done
[9.781s] -- Generating done
[9.801s] -- Build files have been written to: /home/wheeltec/wheeltec_ros2/build/hipnuc_imu
[9.859s] Invoked command in '/home/wheeltec/wheeltec_ros2/build/hipnuc_imu' returned '0': CMAKE_PREFIX_PATH=${CMAKE_PREFIX_PATH}:/home/wheeltec/wheeltec_ros2/install/auto_recharge_ros2:/home/wheeltec/autoware/install/autoware_wheeltec_interface:/home/wheeltec/autoware/install/ad_api_visualizers:/opt/ros/humble /usr/bin/cmake /home/wheeltec/wheeltec_ros2/src/wheeltec_imu/hipnuc_imu_ros-ros2 -DAMENT_CMAKE_SYMLINK_INSTALL=1 -DCMAKE_INSTALL_PREFIX=/home/wheeltec/wheeltec_ros2/install/hipnuc_imu
[9.860s] Invoking command in '/home/wheeltec/wheeltec_ros2/build/hipnuc_imu': CMAKE_PREFIX_PATH=${CMAKE_PREFIX_PATH}:/home/wheeltec/wheeltec_ros2/install/auto_recharge_ros2:/home/wheeltec/autoware/install/autoware_wheeltec_interface:/home/wheeltec/autoware/install/ad_api_visualizers:/opt/ros/humble /usr/bin/cmake --build /home/wheeltec/wheeltec_ros2/build/hipnuc_imu -- -j6 -l6
[22.144s] [ 20%] [32mBuilding C object CMakeFiles/talker.dir/src/hipnuc_dec.c.o[0m
[22.145s] [ 40%] [32mBuilding CXX object CMakeFiles/talker.dir/src/serial_port.cpp.o[0m
[22.145s] [ 60%] [32mBuilding CXX object CMakeFiles/listener.dir/src/sub_spec.cpp.o[0m
[22.265s] [ 80%] [32m[1mLinking CXX executable talker[0m
[22.996s] [ 80%] Built target talker
[38.435s] [100%] [32m[1mLinking CXX executable listener[0m
[39.590s] [100%] Built target listener
[39.646s] Invoked command in '/home/wheeltec/wheeltec_ros2/build/hipnuc_imu' returned '0': CMAKE_PREFIX_PATH=${CMAKE_PREFIX_PATH}:/home/wheeltec/wheeltec_ros2/install/auto_recharge_ros2:/home/wheeltec/autoware/install/autoware_wheeltec_interface:/home/wheeltec/autoware/install/ad_api_visualizers:/opt/ros/humble /usr/bin/cmake --build /home/wheeltec/wheeltec_ros2/build/hipnuc_imu -- -j6 -l6
[39.648s] Invoking command in '/home/wheeltec/wheeltec_ros2/build/hipnuc_imu': CMAKE_PREFIX_PATH=${CMAKE_PREFIX_PATH}:/home/wheeltec/wheeltec_ros2/install/auto_recharge_ros2:/home/wheeltec/autoware/install/autoware_wheeltec_interface:/home/wheeltec/autoware/install/ad_api_visualizers:/opt/ros/humble /usr/bin/cmake --install /home/wheeltec/wheeltec_ros2/build/hipnuc_imu
[45.000s] -- Install configuration: ""
[45.000s] -- Execute custom install script
[45.001s] -- Symlinking: /home/wheeltec/wheeltec_ros2/install/hipnuc_imu/lib/hipnuc_imu/talker
[45.001s] -- Symlinking: /home/wheeltec/wheeltec_ros2/install/hipnuc_imu/lib/hipnuc_imu/listener
[45.001s] -- Symlinking: /home/wheeltec/wheeltec_ros2/install/hipnuc_imu/share/hipnuc_imu/launch/imu_spec_msg.launch.py
[45.001s] -- Symlinking: /home/wheeltec/wheeltec_ros2/install/hipnuc_imu/share/hipnuc_imu/config/hipnuc_config.yaml
[45.001s] -- Symlinking: /home/wheeltec/wheeltec_ros2/install/hipnuc_imu/share/ament_index/resource_index/package_run_dependencies/hipnuc_imu
[45.001s] -- Symlinking: /home/wheeltec/wheeltec_ros2/install/hipnuc_imu/share/ament_index/resource_index/parent_prefix_path/hipnuc_imu
[45.001s] -- Symlinking: /home/wheeltec/wheeltec_ros2/install/hipnuc_imu/share/hipnuc_imu/environment/ament_prefix_path.sh
[45.001s] -- Symlinking: /home/wheeltec/wheeltec_ros2/install/hipnuc_imu/share/hipnuc_imu/environment/ament_prefix_path.dsv
[45.001s] -- Symlinking: /home/wheeltec/wheeltec_ros2/install/hipnuc_imu/share/hipnuc_imu/environment/path.sh
[45.001s] -- Symlinking: /home/wheeltec/wheeltec_ros2/install/hipnuc_imu/share/hipnuc_imu/environment/path.dsv
[45.002s] -- Symlinking: /home/wheeltec/wheeltec_ros2/install/hipnuc_imu/share/hipnuc_imu/local_setup.bash
[45.002s] -- Symlinking: /home/wheeltec/wheeltec_ros2/install/hipnuc_imu/share/hipnuc_imu/local_setup.sh
[45.002s] -- Symlinking: /home/wheeltec/wheeltec_ros2/install/hipnuc_imu/share/hipnuc_imu/local_setup.zsh
[45.002s] -- Symlinking: /home/wheeltec/wheeltec_ros2/install/hipnuc_imu/share/hipnuc_imu/local_setup.dsv
[45.002s] -- Symlinking: /home/wheeltec/wheeltec_ros2/install/hipnuc_imu/share/hipnuc_imu/package.dsv
[45.002s] -- Symlinking: /home/wheeltec/wheeltec_ros2/install/hipnuc_imu/share/ament_index/resource_index/packages/hipnuc_imu
[45.002s] -- Symlinking: /home/wheeltec/wheeltec_ros2/install/hipnuc_imu/share/hipnuc_imu/cmake/hipnuc_imuConfig.cmake
[45.002s] -- Symlinking: /home/wheeltec/wheeltec_ros2/install/hipnuc_imu/share/hipnuc_imu/cmake/hipnuc_imuConfig-version.cmake
[45.002s] -- Symlinking: /home/wheeltec/wheeltec_ros2/install/hipnuc_imu/share/hipnuc_imu/package.xml
[45.014s] Invoked command in '/home/wheeltec/wheeltec_ros2/build/hipnuc_imu' returned '0': CMAKE_PREFIX_PATH=${CMAKE_PREFIX_PATH}:/home/wheeltec/wheeltec_ros2/install/auto_recharge_ros2:/home/wheeltec/autoware/install/autoware_wheeltec_interface:/home/wheeltec/autoware/install/ad_api_visualizers:/opt/ros/humble /usr/bin/cmake --install /home/wheeltec/wheeltec_ros2/build/hipnuc_imu
