[0.150s] Invoking command in '/home/wheeltec/wheeltec_ros2/build/ublox_serialization': CMAKE_PREFIX_PATH=${CMAKE_PREFIX_PATH}:/home/wheeltec/wheeltec_ros2/install/auto_recharge_ros2:/home/wheeltec/autoware/install/autoware_wheeltec_interface:/home/wheeltec/autoware/install/ad_api_visualizers:/opt/ros/humble /usr/bin/cmake --build /home/wheeltec/wheeltec_ros2/build/ublox_serialization -- -j6 -l6
[0.246s] Invoked command in '/home/wheeltec/wheeltec_ros2/build/ublox_serialization' returned '0': CMAKE_PREFIX_PATH=${CMAKE_PREFIX_PATH}:/home/wheeltec/wheeltec_ros2/install/auto_recharge_ros2:/home/wheeltec/autoware/install/autoware_wheeltec_interface:/home/wheeltec/autoware/install/ad_api_visualizers:/opt/ros/humble /usr/bin/cmake --build /home/wheeltec/wheeltec_ros2/build/ublox_serialization -- -j6 -l6
[0.309s] Invoking command in '/home/wheeltec/wheeltec_ros2/build/ublox_serialization': CMAKE_PREFIX_PATH=${CMAKE_PREFIX_PATH}:/home/wheeltec/wheeltec_ros2/install/auto_recharge_ros2:/home/wheeltec/autoware/install/autoware_wheeltec_interface:/home/wheeltec/autoware/install/ad_api_visualizers:/opt/ros/humble /usr/bin/cmake --install /home/wheeltec/wheeltec_ros2/build/ublox_serialization
[0.340s] -- Install configuration: ""
[0.345s] -- Execute custom install script
[0.351s] -- Up-to-date symlink: /home/wheeltec/wheeltec_ros2/install/ublox_serialization/include/ublox_serialization/ublox_serialization/checksum.hpp
[0.352s] -- Up-to-date symlink: /home/wheeltec/wheeltec_ros2/install/ublox_serialization/include/ublox_serialization/ublox_serialization/serialization.hpp
[0.359s] -- Up-to-date symlink: /home/wheeltec/wheeltec_ros2/install/ublox_serialization/share/ament_index/resource_index/package_run_dependencies/ublox_serialization
[0.360s] -- Up-to-date symlink: /home/wheeltec/wheeltec_ros2/install/ublox_serialization/share/ament_index/resource_index/parent_prefix_path/ublox_serialization
[0.361s] -- Up-to-date symlink: /home/wheeltec/wheeltec_ros2/install/ublox_serialization/share/ublox_serialization/environment/ament_prefix_path.sh
[0.363s] -- Up-to-date symlink: /home/wheeltec/wheeltec_ros2/install/ublox_serialization/share/ublox_serialization/environment/ament_prefix_path.dsv
[0.363s] -- Up-to-date symlink: /home/wheeltec/wheeltec_ros2/install/ublox_serialization/share/ublox_serialization/environment/path.sh
[0.365s] -- Up-to-date symlink: /home/wheeltec/wheeltec_ros2/install/ublox_serialization/share/ublox_serialization/environment/path.dsv
[0.365s] -- Up-to-date symlink: /home/wheeltec/wheeltec_ros2/install/ublox_serialization/share/ublox_serialization/local_setup.bash
[0.366s] -- Up-to-date symlink: /home/wheeltec/wheeltec_ros2/install/ublox_serialization/share/ublox_serialization/local_setup.sh
[0.366s] -- Up-to-date symlink: /home/wheeltec/wheeltec_ros2/install/ublox_serialization/share/ublox_serialization/local_setup.zsh
[0.367s] -- Up-to-date symlink: /home/wheeltec/wheeltec_ros2/install/ublox_serialization/share/ublox_serialization/local_setup.dsv
[0.367s] -- Symlinking: /home/wheeltec/wheeltec_ros2/install/ublox_serialization/share/ublox_serialization/package.dsv
[0.413s] -- Up-to-date symlink: /home/wheeltec/wheeltec_ros2/install/ublox_serialization/share/ament_index/resource_index/packages/ublox_serialization
[0.414s] -- Up-to-date symlink: /home/wheeltec/wheeltec_ros2/install/ublox_serialization/share/ublox_serialization/cmake/ament_cmake_export_include_directories-extras.cmake
[0.414s] -- Up-to-date symlink: /home/wheeltec/wheeltec_ros2/install/ublox_serialization/share/ublox_serialization/cmake/ament_cmake_export_targets-extras.cmake
[0.414s] -- Up-to-date symlink: /home/wheeltec/wheeltec_ros2/install/ublox_serialization/share/ublox_serialization/cmake/ublox_serializationConfig.cmake
[0.414s] -- Up-to-date symlink: /home/wheeltec/wheeltec_ros2/install/ublox_serialization/share/ublox_serialization/cmake/ublox_serializationConfig-version.cmake
[0.414s] -- Up-to-date symlink: /home/wheeltec/wheeltec_ros2/install/ublox_serialization/share/ublox_serialization/package.xml
[0.414s] -- Up-to-date: /home/wheeltec/wheeltec_ros2/install/ublox_serialization/share/ublox_serialization/cmake/export_ublox_serializationExport.cmake
[0.423s] Invoked command in '/home/wheeltec/wheeltec_ros2/build/ublox_serialization' returned '0': CMAKE_PREFIX_PATH=${CMAKE_PREFIX_PATH}:/home/wheeltec/wheeltec_ros2/install/auto_recharge_ros2:/home/wheeltec/autoware/install/autoware_wheeltec_interface:/home/wheeltec/autoware/install/ad_api_visualizers:/opt/ros/humble /usr/bin/cmake --install /home/wheeltec/wheeltec_ros2/build/ublox_serialization
