[0.153s] Invoking command in '/home/wheeltec/wheeltec_ros2/build/ldlidar': CMAKE_PREFIX_PATH=${CMAKE_PREFIX_PATH}:/home/wheeltec/wheeltec_ros2/install/wheeltec_robot_keyboard:/home/wheeltec/wheeltec_ros2/install/wheeltec_dual_rtk_driver:/home/wheeltec/wheeltec_ros2/install/ultralytics_ros2:/home/wheeltec/wheeltec_ros2/install/tf2_tools:/home/wheeltec/wheeltec_ros2/install/nav2_waypoint_cycle:/home/wheeltec/wheeltec_ros2/install/nav2_simple_commander:/home/wheeltec/wheeltec_ros2/install/auto_recharge_ros2:/home/wheeltec/autoware/install/autoware_wheeltec_interface:/home/wheeltec/autoware/install/ad_api_visualizers:/opt/ros/humble /usr/bin/cmake --build /home/wheeltec/wheeltec_ros2/build/ldlidar -- -j6 -l6
[0.547s] [100%] Built target ldlidar
[0.734s] Invoked command in '/home/wheeltec/wheeltec_ros2/build/ldlidar' returned '0': CMAKE_PREFIX_PATH=${CMAKE_PREFIX_PATH}:/home/wheeltec/wheeltec_ros2/install/wheeltec_robot_keyboard:/home/wheeltec/wheeltec_ros2/install/wheeltec_dual_rtk_driver:/home/wheeltec/wheeltec_ros2/install/ultralytics_ros2:/home/wheeltec/wheeltec_ros2/install/tf2_tools:/home/wheeltec/wheeltec_ros2/install/nav2_waypoint_cycle:/home/wheeltec/wheeltec_ros2/install/nav2_simple_commander:/home/wheeltec/wheeltec_ros2/install/auto_recharge_ros2:/home/wheeltec/autoware/install/autoware_wheeltec_interface:/home/wheeltec/autoware/install/ad_api_visualizers:/opt/ros/humble /usr/bin/cmake --build /home/wheeltec/wheeltec_ros2/build/ldlidar -- -j6 -l6
[0.749s] Invoking command in '/home/wheeltec/wheeltec_ros2/build/ldlidar': CMAKE_PREFIX_PATH=${CMAKE_PREFIX_PATH}:/home/wheeltec/wheeltec_ros2/install/wheeltec_robot_keyboard:/home/wheeltec/wheeltec_ros2/install/wheeltec_dual_rtk_driver:/home/wheeltec/wheeltec_ros2/install/ultralytics_ros2:/home/wheeltec/wheeltec_ros2/install/tf2_tools:/home/wheeltec/wheeltec_ros2/install/nav2_waypoint_cycle:/home/wheeltec/wheeltec_ros2/install/nav2_simple_commander:/home/wheeltec/wheeltec_ros2/install/auto_recharge_ros2:/home/wheeltec/autoware/install/autoware_wheeltec_interface:/home/wheeltec/autoware/install/ad_api_visualizers:/opt/ros/humble /usr/bin/cmake --install /home/wheeltec/wheeltec_ros2/build/ldlidar
[0.789s] -- Install configuration: ""
[0.790s] -- Execute custom install script
[0.791s] -- Up-to-date symlink: /home/wheeltec/wheeltec_ros2/install/ldlidar/lib/ldlidar/ldlidar
[0.793s] -- Up-to-date symlink: /home/wheeltec/wheeltec_ros2/install/ldlidar/share/ldlidar//launch/ld06.launch.py
[0.793s] -- Up-to-date symlink: /home/wheeltec/wheeltec_ros2/install/ldlidar/share/ldlidar//launch/ld06net.launch.py
[0.794s] -- Up-to-date symlink: /home/wheeltec/wheeltec_ros2/install/ldlidar/share/ldlidar//launch/ld19.launch.py
[0.794s] -- Up-to-date symlink: /home/wheeltec/wheeltec_ros2/install/ldlidar/share/ldlidar//launch/stl06n.launch.py
[0.794s] -- Up-to-date symlink: /home/wheeltec/wheeltec_ros2/install/ldlidar/share/ldlidar//launch/stl06nbj.launch.py
[0.796s] -- Up-to-date symlink: /home/wheeltec/wheeltec_ros2/install/ldlidar/share/ldlidar//launch/stl06nbjnet.launch.py
[0.796s] -- Up-to-date symlink: /home/wheeltec/wheeltec_ros2/install/ldlidar/share/ldlidar//launch/stl06nnet.launch.py
[0.797s] -- Up-to-date symlink: /home/wheeltec/wheeltec_ros2/install/ldlidar/share/ldlidar//launch/stl06p.launch.py
[0.797s] -- Up-to-date symlink: /home/wheeltec/wheeltec_ros2/install/ldlidar/share/ldlidar//launch/stl19n.launch.py
[0.797s] -- Up-to-date symlink: /home/wheeltec/wheeltec_ros2/install/ldlidar/share/ldlidar//launch/stl19p.launch.py
[0.797s] -- Up-to-date symlink: /home/wheeltec/wheeltec_ros2/install/ldlidar/share/ldlidar//launch/stl19pnet.launch.py
[0.797s] -- Up-to-date symlink: /home/wheeltec/wheeltec_ros2/install/ldlidar/share/ldlidar//launch/stl26.launch.py
[0.797s] -- Up-to-date symlink: /home/wheeltec/wheeltec_ros2/install/ldlidar/share/ldlidar//launch/stl27l.launch.py
[0.797s] -- Up-to-date symlink: /home/wheeltec/wheeltec_ros2/install/ldlidar/share/ldlidar//launch/viewer_ld06.launch.py
[0.797s] -- Up-to-date symlink: /home/wheeltec/wheeltec_ros2/install/ldlidar/share/ldlidar//launch/viewer_ld19.launch.py
[0.797s] -- Up-to-date symlink: /home/wheeltec/wheeltec_ros2/install/ldlidar/share/ldlidar//launch/viewer_stl06n.launch.py
[0.797s] -- Up-to-date symlink: /home/wheeltec/wheeltec_ros2/install/ldlidar/share/ldlidar//launch/viewer_stl06p.launch.py
[0.798s] -- Up-to-date symlink: /home/wheeltec/wheeltec_ros2/install/ldlidar/share/ldlidar//launch/viewer_stl26.launch.py
[0.798s] -- Up-to-date symlink: /home/wheeltec/wheeltec_ros2/install/ldlidar/share/ldlidar//launch/viewer_stl27l.launch.py
[0.798s] -- Up-to-date symlink: /home/wheeltec/wheeltec_ros2/install/ldlidar/share/ldlidar//rviz2/ldlidar.rviz
[0.798s] -- Up-to-date symlink: /home/wheeltec/wheeltec_ros2/install/ldlidar/share/ament_index/resource_index/package_run_dependencies/ldlidar
[0.798s] -- Up-to-date symlink: /home/wheeltec/wheeltec_ros2/install/ldlidar/share/ament_index/resource_index/parent_prefix_path/ldlidar
[0.798s] -- Up-to-date symlink: /home/wheeltec/wheeltec_ros2/install/ldlidar/share/ldlidar/environment/ament_prefix_path.sh
[0.798s] -- Up-to-date symlink: /home/wheeltec/wheeltec_ros2/install/ldlidar/share/ldlidar/environment/ament_prefix_path.dsv
[0.798s] -- Up-to-date symlink: /home/wheeltec/wheeltec_ros2/install/ldlidar/share/ldlidar/environment/path.sh
[0.798s] -- Up-to-date symlink: /home/wheeltec/wheeltec_ros2/install/ldlidar/share/ldlidar/environment/path.dsv
[0.799s] -- Up-to-date symlink: /home/wheeltec/wheeltec_ros2/install/ldlidar/share/ldlidar/local_setup.bash
[0.799s] -- Up-to-date symlink: /home/wheeltec/wheeltec_ros2/install/ldlidar/share/ldlidar/local_setup.sh
[0.799s] -- Up-to-date symlink: /home/wheeltec/wheeltec_ros2/install/ldlidar/share/ldlidar/local_setup.zsh
[0.799s] -- Up-to-date symlink: /home/wheeltec/wheeltec_ros2/install/ldlidar/share/ldlidar/local_setup.dsv
[0.799s] -- Symlinking: /home/wheeltec/wheeltec_ros2/install/ldlidar/share/ldlidar/package.dsv
[0.846s] -- Up-to-date symlink: /home/wheeltec/wheeltec_ros2/install/ldlidar/share/ament_index/resource_index/packages/ldlidar
[0.847s] -- Up-to-date symlink: /home/wheeltec/wheeltec_ros2/install/ldlidar/share/ldlidar/cmake/ldlidarConfig.cmake
[0.848s] -- Up-to-date symlink: /home/wheeltec/wheeltec_ros2/install/ldlidar/share/ldlidar/cmake/ldlidarConfig-version.cmake
[0.848s] -- Up-to-date symlink: /home/wheeltec/wheeltec_ros2/install/ldlidar/share/ldlidar/package.xml
[1.144s] Invoked command in '/home/wheeltec/wheeltec_ros2/build/ldlidar' returned '0': CMAKE_PREFIX_PATH=${CMAKE_PREFIX_PATH}:/home/wheeltec/wheeltec_ros2/install/wheeltec_robot_keyboard:/home/wheeltec/wheeltec_ros2/install/wheeltec_dual_rtk_driver:/home/wheeltec/wheeltec_ros2/install/ultralytics_ros2:/home/wheeltec/wheeltec_ros2/install/tf2_tools:/home/wheeltec/wheeltec_ros2/install/nav2_waypoint_cycle:/home/wheeltec/wheeltec_ros2/install/nav2_simple_commander:/home/wheeltec/wheeltec_ros2/install/auto_recharge_ros2:/home/wheeltec/autoware/install/autoware_wheeltec_interface:/home/wheeltec/autoware/install/ad_api_visualizers:/opt/ros/humble /usr/bin/cmake --install /home/wheeltec/wheeltec_ros2/build/ldlidar
