In file included from [01m[K/usr/include/c++/11/bits/std_thread.h:44[m[K,
                 from [01m[K/usr/include/c++/11/thread:43[m[K,
                 from [01m[K/home/wheeltec/wheeltec_ros2/src/navigation2-humble/nav2_mppi_controller/test/motion_model_tests.cpp:16[m[K:
/usr/include/c++/11/bits/unique_ptr.h: In instantiation of ‘[01m[Ktypename std::_MakeUniq<_Tp>::__single_object std::make_unique(_Args&& ...) [with _Tp = mppi::AckermannMotionModel; _Args = {mppi::ParametersHandler*}; typename std::_MakeUniq<_Tp>::__single_object = std::unique_ptr<mppi::AckermannMotionModel>][m[K’:
[01m[K/home/wheeltec/wheeltec_ros2/src/navigation2-humble/nav2_mppi_controller/test/motion_model_tests.cpp:139:43:[m[K   required from here
[01m[K/usr/include/c++/11/bits/unique_ptr.h:962:30:[m[K [01;31m[Kerror: [m[Kno matching function for call to ‘[01m[Kmppi::AckermannMotionModel::AckermannMotionModel(mppi::ParametersHandler*)[m[K’
  962 |     { return unique_ptr<_Tp>([01;31m[Knew _Tp(std::forward<_Args>(__args)...)[m[K); }
      |                              [01;31m[K^~~~~~~~~~~~~~~~~~~~~~~~~~~~~~~~~~~~~~~[m[K
In file included from [01m[K/home/wheeltec/wheeltec_ros2/src/navigation2-humble/nav2_mppi_controller/test/motion_model_tests.cpp:20[m[K:
[01m[K/opt/ros/humble/include/nav2_mppi_controller/motion_models.hpp:92:12:[m[K [01;36m[Knote: [m[Kcandidate: ‘[01m[Kmppi::AckermannMotionModel::AckermannMotionModel(mppi::ParametersHandler*, const string&)[m[K’
   92 |   explicit [01;36m[KAckermannMotionModel[m[K(ParametersHandler * param_handler, const std::string & name)
      |            [01;36m[K^~~~~~~~~~~~~~~~~~~~[m[K
[01m[K/opt/ros/humble/include/nav2_mppi_controller/motion_models.hpp:92:12:[m[K [01;36m[Knote: [m[K  candidate expects 2 arguments, 1 provided
[01m[K/opt/ros/humble/include/nav2_mppi_controller/motion_models.hpp:86:7:[m[K [01;36m[Knote: [m[Kcandidate: ‘[01m[Kconstexpr mppi::AckermannMotionModel::AckermannMotionModel(const mppi::AckermannMotionModel&)[m[K’
   86 | class [01;36m[KAckermannMotionModel[m[K : public MotionModel
      |       [01;36m[K^~~~~~~~~~~~~~~~~~~~[m[K
[01m[K/opt/ros/humble/include/nav2_mppi_controller/motion_models.hpp:86:7:[m[K [01;36m[Knote: [m[K  no known conversion for argument 1 from ‘[01m[Kmppi::ParametersHandler*[m[K’ to ‘[01m[Kconst mppi::AckermannMotionModel&[m[K’
[01m[K/opt/ros/humble/include/nav2_mppi_controller/motion_models.hpp:86:7:[m[K [01;36m[Knote: [m[Kcandidate: ‘[01m[Kconstexpr mppi::AckermannMotionModel::AckermannMotionModel(mppi::AckermannMotionModel&&)[m[K’
[01m[K/opt/ros/humble/include/nav2_mppi_controller/motion_models.hpp:86:7:[m[K [01;36m[Knote: [m[K  no known conversion for argument 1 from ‘[01m[Kmppi::ParametersHandler*[m[K’ to ‘[01m[Kmppi::AckermannMotionModel&&[m[K’
[01m[K/home/wheeltec/wheeltec_ros2/src/navigation2-humble/nav2_mppi_controller/test/noise_generator_test.cpp:[m[K In member function ‘[01m[Kvirtual void NoiseGeneratorTest_NoiseGeneratorLifecycle_Test::TestBody()[m[K’:
[01m[K/home/wheeltec/wheeltec_ros2/src/navigation2-humble/nav2_mppi_controller/test/noise_generator_test.cpp:45:23:[m[K [01;31m[Kerror: [m[Kno matching function for call to ‘[01m[Kmppi::NoiseGenerator::initialize(mppi::models::OptimizerSettings&, bool)[m[K’
   45 |   [01;31m[Kgenerator.initialize(settings, false)[m[K;
      |   [01;31m[K~~~~~~~~~~~~~~~~~~~~^~~~~~~~~~~~~~~~~[m[K
In file included from [01m[K/home/wheeltec/wheeltec_ros2/src/navigation2-humble/nav2_mppi_controller/test/noise_generator_test.cpp:20[m[K:
[01m[K/opt/ros/humble/include/nav2_mppi_controller/tools/noise_generator.hpp:54:8:[m[K [01;36m[Knote: [m[Kcandidate: ‘[01m[Kvoid mppi::NoiseGenerator::initialize(mppi::models::OptimizerSettings&, bool, const string&, mppi::ParametersHandler*)[m[K’
   54 |   void [01;36m[Kinitialize[m[K(
      |        [01;36m[K^~~~~~~~~~[m[K
[01m[K/opt/ros/humble/include/nav2_mppi_controller/tools/noise_generator.hpp:54:8:[m[K [01;36m[Knote: [m[K  candidate expects 4 arguments, 2 provided
[01m[K/home/wheeltec/wheeltec_ros2/src/navigation2-humble/nav2_mppi_controller/test/noise_generator_test.cpp:[m[K In member function ‘[01m[Kvirtual void NoiseGeneratorTest_NoiseGeneratorMain_Test::TestBody()[m[K’:
[01m[K/home/wheeltec/wheeltec_ros2/src/navigation2-humble/nav2_mppi_controller/test/noise_generator_test.cpp:73:23:[m[K [01;31m[Kerror: [m[Kno matching function for call to ‘[01m[Kmppi::NoiseGenerator::initialize(mppi::models::OptimizerSettings&, bool)[m[K’
   73 |   [01;31m[Kgenerator.initialize(settings, false)[m[K;
      |   [01;31m[K~~~~~~~~~~~~~~~~~~~~^~~~~~~~~~~~~~~~~[m[K
In file included from [01m[K/home/wheeltec/wheeltec_ros2/src/navigation2-humble/nav2_mppi_controller/test/noise_generator_test.cpp:20[m[K:
[01m[K/opt/ros/humble/include/nav2_mppi_controller/tools/noise_generator.hpp:54:8:[m[K [01;36m[Knote: [m[Kcandidate: ‘[01m[Kvoid mppi::NoiseGenerator::initialize(mppi::models::OptimizerSettings&, bool, const string&, mppi::ParametersHandler*)[m[K’
   54 |   void [01;36m[Kinitialize[m[K(
      |        [01;36m[K^~~~~~~~~~[m[K
[01m[K/opt/ros/humble/include/nav2_mppi_controller/tools/noise_generator.hpp:54:8:[m[K [01;36m[Knote: [m[K  candidate expects 4 arguments, 2 provided
gmake[2]: *** [test/CMakeFiles/noise_generator_test.dir/build.make:76: test/CMakeFiles/noise_generator_test.dir/noise_generator_test.cpp.o] Error 1
gmake[1]: *** [CMakeFiles/Makefile2:334: test/CMakeFiles/noise_generator_test.dir/all] Error 2
gmake[1]: *** Waiting for unfinished jobs....
gmake[2]: *** [test/CMakeFiles/motion_model_tests.dir/build.make:76: test/CMakeFiles/motion_model_tests.dir/motion_model_tests.cpp.o] Error 1
gmake[1]: *** [CMakeFiles/Makefile2:390: test/CMakeFiles/motion_model_tests.dir/all] Error 2
gmake: *** [Makefile:146: all] Error 2
