[35m[1mConsolidate compiler generated dependencies of target mppi_controller[0m
[35m[1mConsolidate compiler generated dependencies of target gtest_main[0m
[35m[1mConsolidate compiler generated dependencies of target mppi_critics[0m
[35m[1mConsolidate compiler generated dependencies of target gtest[0m
[  4%] Built target gtest_main
[  8%] Built target gtest
[ 30%] Built target mppi_critics
[ 47%] Built target mppi_controller
[35m[1mConsolidate compiler generated dependencies of target optimizer_smoke_test[0m
[35m[1mConsolidate compiler generated dependencies of target controller_state_transition_test[0m
[35m[1mConsolidate compiler generated dependencies of target models_test[0m
[35m[1mConsolidate compiler generated dependencies of target noise_generator_test[0m
[35m[1mConsolidate compiler generated dependencies of target parameter_handler_test[0m
[ 50%] [32mBuilding CXX object test/CMakeFiles/motion_model_tests.dir/motion_model_tests.cpp.o[0m
[ 52%] [32mBuilding CXX object test/CMakeFiles/noise_generator_test.dir/noise_generator_test.cpp.o[0m
[ 56%] Built target controller_state_transition_test
[ 60%] Built target optimizer_smoke_test
[ 65%] Built target models_test
[ 69%] Built target parameter_handler_test
[ 71%] [32mBuilding CXX object test/CMakeFiles/trajectory_visualizer_tests.dir/trajectory_visualizer_tests.cpp.o[0m
[ 73%] [32mBuilding CXX object test/CMakeFiles/utils_test.dir/utils_test.cpp.o[0m
[ 76%] [32mBuilding CXX object test/CMakeFiles/path_handler_test.dir/path_handler_test.cpp.o[0m
[ 78%] [32mBuilding CXX object test/CMakeFiles/critic_manager_test.dir/critic_manager_test.cpp.o[0m
In file included from [01m[K/usr/include/c++/11/bits/std_thread.h:44[m[K,
                 from [01m[K/usr/include/c++/11/thread:43[m[K,
                 from [01m[K/home/wheeltec/wheeltec_ros2/src/navigation2-humble/nav2_mppi_controller/test/motion_model_tests.cpp:16[m[K:
/usr/include/c++/11/bits/unique_ptr.h: In instantiation of ‘[01m[Ktypename std::_MakeUniq<_Tp>::__single_object std::make_unique(_Args&& ...) [with _Tp = mppi::AckermannMotionModel; _Args = {mppi::ParametersHandler*}; typename std::_MakeUniq<_Tp>::__single_object = std::unique_ptr<mppi::AckermannMotionModel>][m[K’:
[01m[K/home/wheeltec/wheeltec_ros2/src/navigation2-humble/nav2_mppi_controller/test/motion_model_tests.cpp:139:43:[m[K   required from here
[01m[K/usr/include/c++/11/bits/unique_ptr.h:962:30:[m[K [01;31m[Kerror: [m[Kno matching function for call to ‘[01m[Kmppi::AckermannMotionModel::AckermannMotionModel(mppi::ParametersHandler*)[m[K’
  962 |     { return unique_ptr<_Tp>([01;31m[Knew _Tp(std::forward<_Args>(__args)...)[m[K); }
      |                              [01;31m[K^~~~~~~~~~~~~~~~~~~~~~~~~~~~~~~~~~~~~~~[m[K
In file included from [01m[K/home/wheeltec/wheeltec_ros2/src/navigation2-humble/nav2_mppi_controller/test/motion_model_tests.cpp:20[m[K:
[01m[K/opt/ros/humble/include/nav2_mppi_controller/motion_models.hpp:92:12:[m[K [01;36m[Knote: [m[Kcandidate: ‘[01m[Kmppi::AckermannMotionModel::AckermannMotionModel(mppi::ParametersHandler*, const string&)[m[K’
   92 |   explicit [01;36m[KAckermannMotionModel[m[K(ParametersHandler * param_handler, const std::string & name)
      |            [01;36m[K^~~~~~~~~~~~~~~~~~~~[m[K
[01m[K/opt/ros/humble/include/nav2_mppi_controller/motion_models.hpp:92:12:[m[K [01;36m[Knote: [m[K  candidate expects 2 arguments, 1 provided
[01m[K/opt/ros/humble/include/nav2_mppi_controller/motion_models.hpp:86:7:[m[K [01;36m[Knote: [m[Kcandidate: ‘[01m[Kconstexpr mppi::AckermannMotionModel::AckermannMotionModel(const mppi::AckermannMotionModel&)[m[K’
   86 | class [01;36m[KAckermannMotionModel[m[K : public MotionModel
      |       [01;36m[K^~~~~~~~~~~~~~~~~~~~[m[K
[01m[K/opt/ros/humble/include/nav2_mppi_controller/motion_models.hpp:86:7:[m[K [01;36m[Knote: [m[K  no known conversion for argument 1 from ‘[01m[Kmppi::ParametersHandler*[m[K’ to ‘[01m[Kconst mppi::AckermannMotionModel&[m[K’
[01m[K/opt/ros/humble/include/nav2_mppi_controller/motion_models.hpp:86:7:[m[K [01;36m[Knote: [m[Kcandidate: ‘[01m[Kconstexpr mppi::AckermannMotionModel::AckermannMotionModel(mppi::AckermannMotionModel&&)[m[K’
[01m[K/opt/ros/humble/include/nav2_mppi_controller/motion_models.hpp:86:7:[m[K [01;36m[Knote: [m[K  no known conversion for argument 1 from ‘[01m[Kmppi::ParametersHandler*[m[K’ to ‘[01m[Kmppi::AckermannMotionModel&&[m[K’
[01m[K/home/wheeltec/wheeltec_ros2/src/navigation2-humble/nav2_mppi_controller/test/noise_generator_test.cpp:[m[K In member function ‘[01m[Kvirtual void NoiseGeneratorTest_NoiseGeneratorLifecycle_Test::TestBody()[m[K’:
[01m[K/home/wheeltec/wheeltec_ros2/src/navigation2-humble/nav2_mppi_controller/test/noise_generator_test.cpp:45:23:[m[K [01;31m[Kerror: [m[Kno matching function for call to ‘[01m[Kmppi::NoiseGenerator::initialize(mppi::models::OptimizerSettings&, bool)[m[K’
   45 |   [01;31m[Kgenerator.initialize(settings, false)[m[K;
      |   [01;31m[K~~~~~~~~~~~~~~~~~~~~^~~~~~~~~~~~~~~~~[m[K
In file included from [01m[K/home/wheeltec/wheeltec_ros2/src/navigation2-humble/nav2_mppi_controller/test/noise_generator_test.cpp:20[m[K:
[01m[K/opt/ros/humble/include/nav2_mppi_controller/tools/noise_generator.hpp:54:8:[m[K [01;36m[Knote: [m[Kcandidate: ‘[01m[Kvoid mppi::NoiseGenerator::initialize(mppi::models::OptimizerSettings&, bool, const string&, mppi::ParametersHandler*)[m[K’
   54 |   void [01;36m[Kinitialize[m[K(
      |        [01;36m[K^~~~~~~~~~[m[K
[01m[K/opt/ros/humble/include/nav2_mppi_controller/tools/noise_generator.hpp:54:8:[m[K [01;36m[Knote: [m[K  candidate expects 4 arguments, 2 provided
[01m[K/home/wheeltec/wheeltec_ros2/src/navigation2-humble/nav2_mppi_controller/test/noise_generator_test.cpp:[m[K In member function ‘[01m[Kvirtual void NoiseGeneratorTest_NoiseGeneratorMain_Test::TestBody()[m[K’:
[01m[K/home/wheeltec/wheeltec_ros2/src/navigation2-humble/nav2_mppi_controller/test/noise_generator_test.cpp:73:23:[m[K [01;31m[Kerror: [m[Kno matching function for call to ‘[01m[Kmppi::NoiseGenerator::initialize(mppi::models::OptimizerSettings&, bool)[m[K’
   73 |   [01;31m[Kgenerator.initialize(settings, false)[m[K;
      |   [01;31m[K~~~~~~~~~~~~~~~~~~~~^~~~~~~~~~~~~~~~~[m[K
In file included from [01m[K/home/wheeltec/wheeltec_ros2/src/navigation2-humble/nav2_mppi_controller/test/noise_generator_test.cpp:20[m[K:
[01m[K/opt/ros/humble/include/nav2_mppi_controller/tools/noise_generator.hpp:54:8:[m[K [01;36m[Knote: [m[Kcandidate: ‘[01m[Kvoid mppi::NoiseGenerator::initialize(mppi::models::OptimizerSettings&, bool, const string&, mppi::ParametersHandler*)[m[K’
   54 |   void [01;36m[Kinitialize[m[K(
      |        [01;36m[K^~~~~~~~~~[m[K
[01m[K/opt/ros/humble/include/nav2_mppi_controller/tools/noise_generator.hpp:54:8:[m[K [01;36m[Knote: [m[K  candidate expects 4 arguments, 2 provided
gmake[2]: *** [test/CMakeFiles/noise_generator_test.dir/build.make:76: test/CMakeFiles/noise_generator_test.dir/noise_generator_test.cpp.o] Error 1
gmake[1]: *** [CMakeFiles/Makefile2:334: test/CMakeFiles/noise_generator_test.dir/all] Error 2
gmake[1]: *** Waiting for unfinished jobs....
gmake[2]: *** [test/CMakeFiles/motion_model_tests.dir/build.make:76: test/CMakeFiles/motion_model_tests.dir/motion_model_tests.cpp.o] Error 1
gmake[1]: *** [CMakeFiles/Makefile2:390: test/CMakeFiles/motion_model_tests.dir/all] Error 2
[ 80%] [32m[1mLinking CXX executable path_handler_test[0m
[ 80%] Built target path_handler_test
[ 82%] [32m[1mLinking CXX executable utils_test[0m
[ 84%] [32m[1mLinking CXX executable critic_manager_test[0m
[ 84%] Built target utils_test
[ 84%] Built target critic_manager_test
[ 86%] [32m[1mLinking CXX executable trajectory_visualizer_tests[0m
[ 86%] Built target trajectory_visualizer_tests
gmake: *** [Makefile:146: all] Error 2
