-- Found ament_cmake: 1.3.7 (/home/wheeltec/autoware/install/ament_cmake/share/ament_cmake/cmake)
-- Found geometry_msgs: 4.2.4 (/opt/ros/humble/share/geometry_msgs/cmake)
-- Found rosidl_generator_c: 3.1.6 (/opt/ros/humble/share/rosidl_generator_c/cmake)
-- Found rosidl_adapter: 3.1.6 (/opt/ros/humble/share/rosidl_adapter/cmake)
-- Found rosidl_generator_cpp: 3.1.6 (/opt/ros/humble/share/rosidl_generator_cpp/cmake)
-- Using all available rosidl_typesupport_c: rosidl_typesupport_fastrtps_c;rosidl_typesupport_introspection_c
-- Using all available rosidl_typesupport_cpp: rosidl_typesupport_fastrtps_cpp;rosidl_typesupport_introspection_cpp
-- Found tf2_geometry_msgs: 0.25.11 (/opt/ros/humble/share/tf2_geometry_msgs/cmake)
-- Found eigen3_cmake_module: 0.1.1 (/opt/ros/humble/share/eigen3_cmake_module/cmake)
-- Ensuring Eigen3 include directory is part of orocos-kdl CMake target
-- Found rmw_implementation_cmake: 6.1.2 (/opt/ros/humble/share/rmw_implementation_cmake/cmake)
-- Found rmw_fastrtps_cpp: 6.2.7 (/opt/ros/humble/share/rmw_fastrtps_cpp/cmake)
-- Using RMW implementation 'rmw_fastrtps_cpp' as default
-- Found nav2_msgs: 1.1.6 (/home/wheeltec/wheeltec_ros2/install/nav2_msgs/share/nav2_msgs/cmake)
-- Found rclpy: 3.3.15 (/opt/ros/humble/share/rclpy/cmake)
-- Found sensor_msgs: 4.2.4 (/opt/ros/humble/share/sensor_msgs/cmake)
-- Found std_srvs: 4.2.4 (/opt/ros/humble/share/std_srvs/cmake)
-- Found turn_on_wheeltec_robot: 0.0.0 (/home/wheeltec/wheeltec_ros2/install/turn_on_wheeltec_robot/share/turn_on_wheeltec_robot/cmake)
-- Found ament_lint_auto: 0.12.11 (/opt/ros/humble/share/ament_lint_auto/cmake)
-- Added test 'copyright' to check source files copyright and LICENSE
-- Added test 'cppcheck' to perform static code analysis on C / C++ code
-- Configured cppcheck include dirs: /home/wheeltec/wheeltec_ros2/src/wheeltec_multi/include
-- Configured cppcheck exclude dirs and/or files: 
-- Added test 'cpplint' to check C / C++ code against the Google style
-- Configured cpplint exclude dirs and/or files: 
-- Added test 'flake8' to check Python code syntax and style conventions
-- Added test 'lint_cmake' to check CMake code style
-- Added test 'pep257' to check Python code against some of the docstring style conventions in PEP 257
-- Added test 'uncrustify' to check C / C++ code style
-- Configured uncrustify additional arguments: 
-- Added test 'xmllint' to check XML markup files
-- Configuring done
-- Generating done
-- Build files have been written to: /home/wheeltec/wheeltec_ros2/build/wheeltec_multi
[35m[1mConsolidate compiler generated dependencies of target multi_slave[0m
[35m[1mConsolidate compiler generated dependencies of target multi_avoidance[0m
[ 50%] [32mBuilding CXX object CMakeFiles/multi_avoidance.dir/src/multi_avoidance.cpp.o[0m
[ 50%] [32mBuilding CXX object CMakeFiles/multi_slave.dir/src/slave_tf_listener.cpp.o[0m
[ 75%] [32m[1mLinking CXX executable multi_avoidance[0m
[ 75%] Built target multi_avoidance
[100%] [32m[1mLinking CXX executable multi_slave[0m
[100%] Built target multi_slave
-- Install configuration: ""
-- Installing: /home/wheeltec/wheeltec_ros2/install/wheeltec_multi/lib/wheeltec_multi/multi_slave
-- Set runtime path of "/home/wheeltec/wheeltec_ros2/install/wheeltec_multi/lib/wheeltec_multi/multi_slave" to ""
-- Installing: /home/wheeltec/wheeltec_ros2/install/wheeltec_multi/lib/wheeltec_multi/multi_avoidance
-- Set runtime path of "/home/wheeltec/wheeltec_ros2/install/wheeltec_multi/lib/wheeltec_multi/multi_avoidance" to ""
-- Up-to-date: /home/wheeltec/wheeltec_ros2/install/wheeltec_multi/share/wheeltec_multi/launch
-- Up-to-date: /home/wheeltec/wheeltec_ros2/install/wheeltec_multi/share/wheeltec_multi/launch/navigation.launch.py
-- Up-to-date: /home/wheeltec/wheeltec_ros2/install/wheeltec_multi/share/wheeltec_multi/launch/wheeltec_slave.launch.py
-- Up-to-date: /home/wheeltec/wheeltec_ros2/install/wheeltec_multi/lib/wheeltec_multi/listen_tfodom.py
-- Up-to-date: /home/wheeltec/wheeltec_ros2/install/wheeltec_multi/lib/wheeltec_multi/send_tfodom.py
-- Up-to-date: /home/wheeltec/wheeltec_ros2/install/wheeltec_multi/lib/wheeltec_multi/set_pose.py
-- Up-to-date: /home/wheeltec/wheeltec_ros2/install/wheeltec_multi/lib/wheeltec_multi/wheeltec_keyboard.py
-- Up-to-date: /home/wheeltec/wheeltec_ros2/install/wheeltec_multi/share/ament_index/resource_index/package_run_dependencies/wheeltec_multi
-- Up-to-date: /home/wheeltec/wheeltec_ros2/install/wheeltec_multi/share/ament_index/resource_index/parent_prefix_path/wheeltec_multi
-- Installing: /home/wheeltec/wheeltec_ros2/install/wheeltec_multi/share/wheeltec_multi/environment/ament_prefix_path.dsv
-- Installing: /home/wheeltec/wheeltec_ros2/install/wheeltec_multi/share/wheeltec_multi/environment/path.dsv
-- Up-to-date: /home/wheeltec/wheeltec_ros2/install/wheeltec_multi/share/wheeltec_multi/local_setup.bash
-- Up-to-date: /home/wheeltec/wheeltec_ros2/install/wheeltec_multi/share/wheeltec_multi/local_setup.sh
-- Up-to-date: /home/wheeltec/wheeltec_ros2/install/wheeltec_multi/share/wheeltec_multi/local_setup.zsh
-- Installing: /home/wheeltec/wheeltec_ros2/install/wheeltec_multi/share/wheeltec_multi/local_setup.dsv
-- Installing: /home/wheeltec/wheeltec_ros2/install/wheeltec_multi/share/wheeltec_multi/package.dsv
-- Up-to-date: /home/wheeltec/wheeltec_ros2/install/wheeltec_multi/share/ament_index/resource_index/packages/wheeltec_multi
-- Up-to-date: /home/wheeltec/wheeltec_ros2/install/wheeltec_multi/share/wheeltec_multi/cmake/wheeltec_multiConfig.cmake
-- Up-to-date: /home/wheeltec/wheeltec_ros2/install/wheeltec_multi/share/wheeltec_multi/cmake/wheeltec_multiConfig-version.cmake
-- Up-to-date: /home/wheeltec/wheeltec_ros2/install/wheeltec_multi/share/wheeltec_multi/package.xml
