[0.178s] Invoking command in '/home/wheeltec/wheeltec_ros2/build/yesense_interface': CMAKE_PREFIX_PATH=${CMAKE_PREFIX_PATH}:/home/wheeltec/wheeltec_ros2/install/simple_follower_ros2:/home/wheeltec/wheeltec_ros2/install/wheeltec_robot_keyboard:/home/wheeltec/wheeltec_ros2/install/wheeltec_dual_rtk_driver:/home/wheeltec/wheeltec_ros2/install/ultralytics_ros2:/home/wheeltec/wheeltec_ros2/install/tf2_tools:/home/wheeltec/wheeltec_ros2/install/ollama_ros_chat:/home/wheeltec/wheeltec_ros2/install/nmea_navsat_driver:/home/wheeltec/wheeltec_ros2/install/nav2_waypoint_cycle:/home/wheeltec/wheeltec_ros2/install/nav2_simple_commander:/home/wheeltec/wheeltec_ros2/install/auto_recharge_ros2:/home/wheeltec/autoware/install/autoware_wheeltec_interface:/home/wheeltec/autoware/install/ad_api_visualizers:/opt/ros/humble /usr/bin/cmake --build /home/wheeltec/wheeltec_ros2/build/yesense_interface -- -j6 -l6
[0.640s] [  0%] Built target yesense_interface__cpp
[0.941s] [  0%] Built target ament_cmake_python_symlink_yesense_interface
[1.158s] [ 13%] Built target yesense_interface__rosidl_typesupport_introspection_cpp
[2.012s] running egg_info
[2.013s] writing yesense_interface.egg-info/PKG-INFO
[2.014s] writing dependency_links to yesense_interface.egg-info/dependency_links.txt
[2.014s] writing top-level names to yesense_interface.egg-info/top_level.txt
[2.025s] reading manifest file 'yesense_interface.egg-info/SOURCES.txt'
[2.027s] writing manifest file 'yesense_interface.egg-info/SOURCES.txt'
[2.186s] [ 13%] Built target ament_cmake_python_build_yesense_interface_egg
[2.419s] [ 25%] Built target yesense_interface__rosidl_typesupport_fastrtps_cpp
[2.669s] [ 37%] Built target yesense_interface__rosidl_typesupport_cpp
[2.903s] [ 49%] Built target yesense_interface__rosidl_generator_c
[3.131s] [ 61%] Built target yesense_interface__rosidl_typesupport_introspection_c
[3.355s] [ 73%] Built target yesense_interface__rosidl_typesupport_fastrtps_c
[3.582s] [ 85%] Built target yesense_interface__rosidl_typesupport_c
[3.769s] [ 85%] Built target yesense_interface
[3.972s] [ 86%] Built target yesense_interface__py
[4.230s] [ 97%] Built target yesense_interface__rosidl_generator_py
[4.436s] [ 98%] Built target yesense_interface__rosidl_typesupport_fastrtps_c__pyext
[4.652s] [ 99%] Built target yesense_interface__rosidl_typesupport_c__pyext
[4.890s] [100%] Built target yesense_interface__rosidl_typesupport_introspection_c__pyext
[4.973s] Invoked command in '/home/wheeltec/wheeltec_ros2/build/yesense_interface' returned '0': CMAKE_PREFIX_PATH=${CMAKE_PREFIX_PATH}:/home/wheeltec/wheeltec_ros2/install/simple_follower_ros2:/home/wheeltec/wheeltec_ros2/install/wheeltec_robot_keyboard:/home/wheeltec/wheeltec_ros2/install/wheeltec_dual_rtk_driver:/home/wheeltec/wheeltec_ros2/install/ultralytics_ros2:/home/wheeltec/wheeltec_ros2/install/tf2_tools:/home/wheeltec/wheeltec_ros2/install/ollama_ros_chat:/home/wheeltec/wheeltec_ros2/install/nmea_navsat_driver:/home/wheeltec/wheeltec_ros2/install/nav2_waypoint_cycle:/home/wheeltec/wheeltec_ros2/install/nav2_simple_commander:/home/wheeltec/wheeltec_ros2/install/auto_recharge_ros2:/home/wheeltec/autoware/install/autoware_wheeltec_interface:/home/wheeltec/autoware/install/ad_api_visualizers:/opt/ros/humble /usr/bin/cmake --build /home/wheeltec/wheeltec_ros2/build/yesense_interface -- -j6 -l6
[4.978s] Invoking command in '/home/wheeltec/wheeltec_ros2/build/yesense_interface': CMAKE_PREFIX_PATH=${CMAKE_PREFIX_PATH}:/home/wheeltec/wheeltec_ros2/install/simple_follower_ros2:/home/wheeltec/wheeltec_ros2/install/wheeltec_robot_keyboard:/home/wheeltec/wheeltec_ros2/install/wheeltec_dual_rtk_driver:/home/wheeltec/wheeltec_ros2/install/ultralytics_ros2:/home/wheeltec/wheeltec_ros2/install/tf2_tools:/home/wheeltec/wheeltec_ros2/install/ollama_ros_chat:/home/wheeltec/wheeltec_ros2/install/nmea_navsat_driver:/home/wheeltec/wheeltec_ros2/install/nav2_waypoint_cycle:/home/wheeltec/wheeltec_ros2/install/nav2_simple_commander:/home/wheeltec/wheeltec_ros2/install/auto_recharge_ros2:/home/wheeltec/autoware/install/autoware_wheeltec_interface:/home/wheeltec/autoware/install/ad_api_visualizers:/opt/ros/humble /usr/bin/cmake --install /home/wheeltec/wheeltec_ros2/build/yesense_interface
[5.055s] -- Install configuration: ""
[5.059s] -- Execute custom install script
[5.063s] -- Up-to-date symlink: /home/wheeltec/wheeltec_ros2/install/yesense_interface/share/ament_index/resource_index/rosidl_interfaces/yesense_interface
[5.066s] -- Up-to-date symlink: /home/wheeltec/wheeltec_ros2/install/yesense_interface/include/yesense_interface/yesense_interface/msg/attitude_all_data.h
[5.066s] -- Up-to-date symlink: /home/wheeltec/wheeltec_ros2/install/yesense_interface/include/yesense_interface/yesense_interface/msg/attitude_min_ahrs.h
[5.066s] -- Up-to-date symlink: /home/wheeltec/wheeltec_ros2/install/yesense_interface/include/yesense_interface/yesense_interface/msg/attitude_min_vru.h
[5.067s] -- Up-to-date symlink: /home/wheeltec/wheeltec_ros2/install/yesense_interface/include/yesense_interface/yesense_interface/msg/detail/attitude_all_data__functions.h
[5.068s] -- Up-to-date symlink: /home/wheeltec/wheeltec_ros2/install/yesense_interface/include/yesense_interface/yesense_interface/msg/detail/attitude_all_data__struct.h
[5.069s] -- Up-to-date symlink: /home/wheeltec/wheeltec_ros2/install/yesense_interface/include/yesense_interface/yesense_interface/msg/detail/attitude_all_data__type_support.h
[5.069s] -- Up-to-date symlink: /home/wheeltec/wheeltec_ros2/install/yesense_interface/include/yesense_interface/yesense_interface/msg/detail/attitude_min_ahrs__functions.h
[5.069s] -- Up-to-date symlink: /home/wheeltec/wheeltec_ros2/install/yesense_interface/include/yesense_interface/yesense_interface/msg/detail/attitude_min_ahrs__struct.h
[5.069s] -- Up-to-date symlink: /home/wheeltec/wheeltec_ros2/install/yesense_interface/include/yesense_interface/yesense_interface/msg/detail/attitude_min_ahrs__type_support.h
[5.070s] -- Up-to-date symlink: /home/wheeltec/wheeltec_ros2/install/yesense_interface/include/yesense_interface/yesense_interface/msg/detail/attitude_min_vru__functions.h
[5.070s] -- Up-to-date symlink: /home/wheeltec/wheeltec_ros2/install/yesense_interface/include/yesense_interface/yesense_interface/msg/detail/attitude_min_vru__struct.h
[5.070s] -- Up-to-date symlink: /home/wheeltec/wheeltec_ros2/install/yesense_interface/include/yesense_interface/yesense_interface/msg/detail/attitude_min_vru__type_support.h
[5.070s] -- Up-to-date symlink: /home/wheeltec/wheeltec_ros2/install/yesense_interface/include/yesense_interface/yesense_interface/msg/detail/euler_angle__functions.h
[5.071s] -- Up-to-date symlink: /home/wheeltec/wheeltec_ros2/install/yesense_interface/include/yesense_interface/yesense_interface/msg/detail/euler_angle__struct.h
[5.071s] -- Up-to-date symlink: /home/wheeltec/wheeltec_ros2/install/yesense_interface/include/yesense_interface/yesense_interface/msg/detail/euler_angle__type_support.h
[5.071s] -- Up-to-date symlink: /home/wheeltec/wheeltec_ros2/install/yesense_interface/include/yesense_interface/yesense_interface/msg/detail/euler_only__functions.h
[5.072s] -- Up-to-date symlink: /home/wheeltec/wheeltec_ros2/install/yesense_interface/include/yesense_interface/yesense_interface/msg/detail/euler_only__struct.h
[5.072s] -- Up-to-date symlink: /home/wheeltec/wheeltec_ros2/install/yesense_interface/include/yesense_interface/yesense_interface/msg/detail/euler_only__type_support.h
[5.072s] -- Up-to-date symlink: /home/wheeltec/wheeltec_ros2/install/yesense_interface/include/yesense_interface/yesense_interface/msg/detail/gnss_pos__functions.h
[5.073s] -- Up-to-date symlink: /home/wheeltec/wheeltec_ros2/install/yesense_interface/include/yesense_interface/yesense_interface/msg/detail/gnss_pos__struct.h
[5.073s] -- Up-to-date symlink: /home/wheeltec/wheeltec_ros2/install/yesense_interface/include/yesense_interface/yesense_interface/msg/detail/gnss_pos__type_support.h
[5.073s] -- Up-to-date symlink: /home/wheeltec/wheeltec_ros2/install/yesense_interface/include/yesense_interface/yesense_interface/msg/detail/imu_data__functions.h
[5.074s] -- Up-to-date symlink: /home/wheeltec/wheeltec_ros2/install/yesense_interface/include/yesense_interface/yesense_interface/msg/detail/imu_data__struct.h
[5.074s] -- Up-to-date symlink: /home/wheeltec/wheeltec_ros2/install/yesense_interface/include/yesense_interface/yesense_interface/msg/detail/imu_data__type_support.h
[5.074s] -- Up-to-date symlink: /home/wheeltec/wheeltec_ros2/install/yesense_interface/include/yesense_interface/yesense_interface/msg/detail/imu_data_ten_axis__functions.h
[5.075s] -- Up-to-date symlink: /home/wheeltec/wheeltec_ros2/install/yesense_interface/include/yesense_interface/yesense_interface/msg/detail/imu_data_ten_axis__struct.h
[5.075s] -- Up-to-date symlink: /home/wheeltec/wheeltec_ros2/install/yesense_interface/include/yesense_interface/yesense_interface/msg/detail/imu_data_ten_axis__type_support.h
[5.075s] -- Up-to-date symlink: /home/wheeltec/wheeltec_ros2/install/yesense_interface/include/yesense_interface/yesense_interface/msg/detail/nav_all__functions.h
[5.075s] -- Up-to-date symlink: /home/wheeltec/wheeltec_ros2/install/yesense_interface/include/yesense_interface/yesense_interface/msg/detail/nav_all__struct.h
[5.076s] -- Up-to-date symlink: /home/wheeltec/wheeltec_ros2/install/yesense_interface/include/yesense_interface/yesense_interface/msg/detail/nav_all__type_support.h
[5.076s] -- Up-to-date symlink: /home/wheeltec/wheeltec_ros2/install/yesense_interface/include/yesense_interface/yesense_interface/msg/detail/nav_min__functions.h
[5.076s] -- Up-to-date symlink: /home/wheeltec/wheeltec_ros2/install/yesense_interface/include/yesense_interface/yesense_interface/msg/detail/nav_min__struct.h
[5.077s] -- Up-to-date symlink: /home/wheeltec/wheeltec_ros2/install/yesense_interface/include/yesense_interface/yesense_interface/msg/detail/nav_min__type_support.h
[5.077s] -- Up-to-date symlink: /home/wheeltec/wheeltec_ros2/install/yesense_interface/include/yesense_interface/yesense_interface/msg/detail/nav_min_utc__functions.h
[5.077s] -- Up-to-date symlink: /home/wheeltec/wheeltec_ros2/install/yesense_interface/include/yesense_interface/yesense_interface/msg/detail/nav_min_utc__struct.h
[5.077s] -- Up-to-date symlink: /home/wheeltec/wheeltec_ros2/install/yesense_interface/include/yesense_interface/yesense_interface/msg/detail/nav_min_utc__type_support.h
[5.078s] -- Up-to-date symlink: /home/wheeltec/wheeltec_ros2/install/yesense_interface/include/yesense_interface/yesense_interface/msg/detail/nav_status__functions.h
[5.078s] -- Up-to-date symlink: /home/wheeltec/wheeltec_ros2/install/yesense_interface/include/yesense_interface/yesense_interface/msg/detail/nav_status__struct.h
[5.078s] -- Up-to-date symlink: /home/wheeltec/wheeltec_ros2/install/yesense_interface/include/yesense_interface/yesense_interface/msg/detail/nav_status__type_support.h
[5.079s] -- Up-to-date symlink: /home/wheeltec/wheeltec_ros2/install/yesense_interface/include/yesense_interface/yesense_interface/msg/detail/pos_only__functions.h
[5.079s] -- Up-to-date symlink: /home/wheeltec/wheeltec_ros2/install/yesense_interface/include/yesense_interface/yesense_interface/msg/detail/pos_only__struct.h
[5.079s] -- Up-to-date symlink: /home/wheeltec/wheeltec_ros2/install/yesense_interface/include/yesense_interface/yesense_interface/msg/detail/pos_only__type_support.h
[5.079s] -- Up-to-date symlink: /home/wheeltec/wheeltec_ros2/install/yesense_interface/include/yesense_interface/yesense_interface/msg/detail/pressure__functions.h
[5.080s] -- Up-to-date symlink: /home/wheeltec/wheeltec_ros2/install/yesense_interface/include/yesense_interface/yesense_interface/msg/detail/pressure__struct.h
[5.080s] -- Up-to-date symlink: /home/wheeltec/wheeltec_ros2/install/yesense_interface/include/yesense_interface/yesense_interface/msg/detail/pressure__type_support.h
[5.080s] -- Up-to-date symlink: /home/wheeltec/wheeltec_ros2/install/yesense_interface/include/yesense_interface/yesense_interface/msg/detail/quat__functions.h
[5.081s] -- Up-to-date symlink: /home/wheeltec/wheeltec_ros2/install/yesense_interface/include/yesense_interface/yesense_interface/msg/detail/quat__struct.h
[5.082s] -- Up-to-date symlink: /home/wheeltec/wheeltec_ros2/install/yesense_interface/include/yesense_interface/yesense_interface/msg/detail/quat__type_support.h
[5.082s] -- Up-to-date symlink: /home/wheeltec/wheeltec_ros2/install/yesense_interface/include/yesense_interface/yesense_interface/msg/detail/robot_lord__functions.h
[5.088s] -- Up-to-date symlink: /home/wheeltec/wheeltec_ros2/install/yesense_interface/include/yesense_interface/yesense_interface/msg/detail/robot_lord__struct.h
[5.088s] -- Up-to-date symlink: /home/wheeltec/wheeltec_ros2/install/yesense_interface/include/yesense_interface/yesense_interface/msg/detail/robot_lord__type_support.h
[5.088s] -- Up-to-date symlink: /home/wheeltec/wheeltec_ros2/install/yesense_interface/include/yesense_interface/yesense_interface/msg/detail/sample_timestamp__functions.h
[5.089s] -- Up-to-date symlink: /home/wheeltec/wheeltec_ros2/install/yesense_interface/include/yesense_interface/yesense_interface/msg/detail/sample_timestamp__struct.h
[5.089s] -- Up-to-date symlink: /home/wheeltec/wheeltec_ros2/install/yesense_interface/include/yesense_interface/yesense_interface/msg/detail/sample_timestamp__type_support.h
[5.089s] -- Up-to-date symlink: /home/wheeltec/wheeltec_ros2/install/yesense_interface/include/yesense_interface/yesense_interface/msg/detail/sensor_temp__functions.h
[5.089s] -- Up-to-date symlink: /home/wheeltec/wheeltec_ros2/install/yesense_interface/include/yesense_interface/yesense_interface/msg/detail/sensor_temp__struct.h
[5.089s] -- Up-to-date symlink: /home/wheeltec/wheeltec_ros2/install/yesense_interface/include/yesense_interface/yesense_interface/msg/detail/sensor_temp__type_support.h
[5.089s] -- Up-to-date symlink: /home/wheeltec/wheeltec_ros2/install/yesense_interface/include/yesense_interface/yesense_interface/msg/detail/three_axis__functions.h
[5.089s] -- Up-to-date symlink: /home/wheeltec/wheeltec_ros2/install/yesense_interface/include/yesense_interface/yesense_interface/msg/detail/three_axis__struct.h
[5.089s] -- Up-to-date symlink: /home/wheeltec/wheeltec_ros2/install/yesense_interface/include/yesense_interface/yesense_interface/msg/detail/three_axis__type_support.h
[5.089s] -- Up-to-date symlink: /home/wheeltec/wheeltec_ros2/install/yesense_interface/include/yesense_interface/yesense_interface/msg/detail/tid__functions.h
[5.089s] -- Up-to-date symlink: /home/wheeltec/wheeltec_ros2/install/yesense_interface/include/yesense_interface/yesense_interface/msg/detail/tid__struct.h
[5.090s] -- Up-to-date symlink: /home/wheeltec/wheeltec_ros2/install/yesense_interface/include/yesense_interface/yesense_interface/msg/detail/tid__type_support.h
[5.090s] -- Up-to-date symlink: /home/wheeltec/wheeltec_ros2/install/yesense_interface/include/yesense_interface/yesense_interface/msg/detail/utc__functions.h
[5.090s] -- Up-to-date symlink: /home/wheeltec/wheeltec_ros2/install/yesense_interface/include/yesense_interface/yesense_interface/msg/detail/utc__struct.h
[5.090s] -- Up-to-date symlink: /home/wheeltec/wheeltec_ros2/install/yesense_interface/include/yesense_interface/yesense_interface/msg/detail/utc__type_support.h
[5.090s] -- Up-to-date symlink: /home/wheeltec/wheeltec_ros2/install/yesense_interface/include/yesense_interface/yesense_interface/msg/detail/vel__functions.h
[5.091s] -- Up-to-date symlink: /home/wheeltec/wheeltec_ros2/install/yesense_interface/include/yesense_interface/yesense_interface/msg/detail/vel__struct.h
[5.091s] -- Up-to-date symlink: /home/wheeltec/wheeltec_ros2/install/yesense_interface/include/yesense_interface/yesense_interface/msg/detail/vel__type_support.h
[5.091s] -- Up-to-date symlink: /home/wheeltec/wheeltec_ros2/install/yesense_interface/include/yesense_interface/yesense_interface/msg/euler_angle.h
[5.093s] -- Up-to-date symlink: /home/wheeltec/wheeltec_ros2/install/yesense_interface/include/yesense_interface/yesense_interface/msg/euler_only.h
[5.094s] -- Up-to-date symlink: /home/wheeltec/wheeltec_ros2/install/yesense_interface/include/yesense_interface/yesense_interface/msg/gnss_pos.h
[5.096s] -- Up-to-date symlink: /home/wheeltec/wheeltec_ros2/install/yesense_interface/include/yesense_interface/yesense_interface/msg/imu_data.h
[5.098s] -- Up-to-date symlink: /home/wheeltec/wheeltec_ros2/install/yesense_interface/include/yesense_interface/yesense_interface/msg/imu_data_ten_axis.h
[5.098s] -- Up-to-date symlink: /home/wheeltec/wheeltec_ros2/install/yesense_interface/include/yesense_interface/yesense_interface/msg/nav_all.h
[5.098s] -- Up-to-date symlink: /home/wheeltec/wheeltec_ros2/install/yesense_interface/include/yesense_interface/yesense_interface/msg/nav_min.h
[5.098s] -- Up-to-date symlink: /home/wheeltec/wheeltec_ros2/install/yesense_interface/include/yesense_interface/yesense_interface/msg/nav_min_utc.h
[5.098s] -- Up-to-date symlink: /home/wheeltec/wheeltec_ros2/install/yesense_interface/include/yesense_interface/yesense_interface/msg/nav_status.h
[5.099s] -- Up-to-date symlink: /home/wheeltec/wheeltec_ros2/install/yesense_interface/include/yesense_interface/yesense_interface/msg/pos_only.h
[5.100s] -- Up-to-date symlink: /home/wheeltec/wheeltec_ros2/install/yesense_interface/include/yesense_interface/yesense_interface/msg/pressure.h
[5.100s] -- Up-to-date symlink: /home/wheeltec/wheeltec_ros2/install/yesense_interface/include/yesense_interface/yesense_interface/msg/quat.h
[5.100s] -- Up-to-date symlink: /home/wheeltec/wheeltec_ros2/install/yesense_interface/include/yesense_interface/yesense_interface/msg/robot_lord.h
[5.100s] -- Up-to-date symlink: /home/wheeltec/wheeltec_ros2/install/yesense_interface/include/yesense_interface/yesense_interface/msg/rosidl_generator_c__visibility_control.h
[5.100s] -- Up-to-date symlink: /home/wheeltec/wheeltec_ros2/install/yesense_interface/include/yesense_interface/yesense_interface/msg/sample_timestamp.h
[5.100s] -- Up-to-date symlink: /home/wheeltec/wheeltec_ros2/install/yesense_interface/include/yesense_interface/yesense_interface/msg/sensor_temp.h
[5.100s] -- Up-to-date symlink: /home/wheeltec/wheeltec_ros2/install/yesense_interface/include/yesense_interface/yesense_interface/msg/three_axis.h
[5.101s] -- Up-to-date symlink: /home/wheeltec/wheeltec_ros2/install/yesense_interface/include/yesense_interface/yesense_interface/msg/tid.h
[5.101s] -- Up-to-date symlink: /home/wheeltec/wheeltec_ros2/install/yesense_interface/include/yesense_interface/yesense_interface/msg/utc.h
[5.101s] -- Up-to-date symlink: /home/wheeltec/wheeltec_ros2/install/yesense_interface/include/yesense_interface/yesense_interface/msg/vel.h
[5.101s] -- Up-to-date symlink: /home/wheeltec/wheeltec_ros2/install/yesense_interface/share/yesense_interface/environment/library_path.sh
[5.101s] -- Up-to-date symlink: /home/wheeltec/wheeltec_ros2/install/yesense_interface/share/yesense_interface/environment/library_path.dsv
[5.101s] -- Up-to-date symlink: /home/wheeltec/wheeltec_ros2/install/yesense_interface/include/yesense_interface/yesense_interface/msg/detail/attitude_all_data__rosidl_typesupport_fastrtps_c.h
[5.101s] -- Up-to-date symlink: /home/wheeltec/wheeltec_ros2/install/yesense_interface/include/yesense_interface/yesense_interface/msg/detail/attitude_min_ahrs__rosidl_typesupport_fastrtps_c.h
[5.101s] -- Up-to-date symlink: /home/wheeltec/wheeltec_ros2/install/yesense_interface/include/yesense_interface/yesense_interface/msg/detail/attitude_min_vru__rosidl_typesupport_fastrtps_c.h
[5.101s] -- Up-to-date symlink: /home/wheeltec/wheeltec_ros2/install/yesense_interface/include/yesense_interface/yesense_interface/msg/detail/euler_angle__rosidl_typesupport_fastrtps_c.h
[5.102s] -- Up-to-date symlink: /home/wheeltec/wheeltec_ros2/install/yesense_interface/include/yesense_interface/yesense_interface/msg/detail/euler_only__rosidl_typesupport_fastrtps_c.h
[5.102s] -- Up-to-date symlink: /home/wheeltec/wheeltec_ros2/install/yesense_interface/include/yesense_interface/yesense_interface/msg/detail/gnss_pos__rosidl_typesupport_fastrtps_c.h
[5.102s] -- Up-to-date symlink: /home/wheeltec/wheeltec_ros2/install/yesense_interface/include/yesense_interface/yesense_interface/msg/detail/imu_data__rosidl_typesupport_fastrtps_c.h
[5.102s] -- Up-to-date symlink: /home/wheeltec/wheeltec_ros2/install/yesense_interface/include/yesense_interface/yesense_interface/msg/detail/imu_data_ten_axis__rosidl_typesupport_fastrtps_c.h
[5.103s] -- Up-to-date symlink: /home/wheeltec/wheeltec_ros2/install/yesense_interface/include/yesense_interface/yesense_interface/msg/detail/nav_all__rosidl_typesupport_fastrtps_c.h
[5.103s] -- Up-to-date symlink: /home/wheeltec/wheeltec_ros2/install/yesense_interface/include/yesense_interface/yesense_interface/msg/detail/nav_min__rosidl_typesupport_fastrtps_c.h
[5.104s] -- Up-to-date symlink: /home/wheeltec/wheeltec_ros2/install/yesense_interface/include/yesense_interface/yesense_interface/msg/detail/nav_min_utc__rosidl_typesupport_fastrtps_c.h
[5.104s] -- Up-to-date symlink: /home/wheeltec/wheeltec_ros2/install/yesense_interface/include/yesense_interface/yesense_interface/msg/detail/nav_status__rosidl_typesupport_fastrtps_c.h
[5.104s] -- Up-to-date symlink: /home/wheeltec/wheeltec_ros2/install/yesense_interface/include/yesense_interface/yesense_interface/msg/detail/pos_only__rosidl_typesupport_fastrtps_c.h
[5.104s] -- Up-to-date symlink: /home/wheeltec/wheeltec_ros2/install/yesense_interface/include/yesense_interface/yesense_interface/msg/detail/pressure__rosidl_typesupport_fastrtps_c.h
[5.108s] -- Up-to-date symlink: /home/wheeltec/wheeltec_ros2/install/yesense_interface/include/yesense_interface/yesense_interface/msg/detail/quat__rosidl_typesupport_fastrtps_c.h
[5.112s] -- Up-to-date symlink: /home/wheeltec/wheeltec_ros2/install/yesense_interface/include/yesense_interface/yesense_interface/msg/detail/robot_lord__rosidl_typesupport_fastrtps_c.h
[5.112s] -- Up-to-date symlink: /home/wheeltec/wheeltec_ros2/install/yesense_interface/include/yesense_interface/yesense_interface/msg/detail/sample_timestamp__rosidl_typesupport_fastrtps_c.h
[5.112s] -- Up-to-date symlink: /home/wheeltec/wheeltec_ros2/install/yesense_interface/include/yesense_interface/yesense_interface/msg/detail/sensor_temp__rosidl_typesupport_fastrtps_c.h
[5.113s] -- Up-to-date symlink: /home/wheeltec/wheeltec_ros2/install/yesense_interface/include/yesense_interface/yesense_interface/msg/detail/three_axis__rosidl_typesupport_fastrtps_c.h
[5.113s] -- Up-to-date symlink: /home/wheeltec/wheeltec_ros2/install/yesense_interface/include/yesense_interface/yesense_interface/msg/detail/tid__rosidl_typesupport_fastrtps_c.h
[5.113s] -- Up-to-date symlink: /home/wheeltec/wheeltec_ros2/install/yesense_interface/include/yesense_interface/yesense_interface/msg/detail/utc__rosidl_typesupport_fastrtps_c.h
[5.113s] -- Up-to-date symlink: /home/wheeltec/wheeltec_ros2/install/yesense_interface/include/yesense_interface/yesense_interface/msg/detail/vel__rosidl_typesupport_fastrtps_c.h
[5.113s] -- Up-to-date symlink: /home/wheeltec/wheeltec_ros2/install/yesense_interface/include/yesense_interface/yesense_interface/msg/rosidl_typesupport_fastrtps_c__visibility_control.h
[5.113s] -- Up-to-date symlink: /home/wheeltec/wheeltec_ros2/install/yesense_interface/include/yesense_interface/yesense_interface/msg/detail/attitude_all_data__rosidl_typesupport_introspection_c.h
[5.114s] -- Up-to-date symlink: /home/wheeltec/wheeltec_ros2/install/yesense_interface/include/yesense_interface/yesense_interface/msg/detail/attitude_min_ahrs__rosidl_typesupport_introspection_c.h
[5.114s] -- Up-to-date symlink: /home/wheeltec/wheeltec_ros2/install/yesense_interface/include/yesense_interface/yesense_interface/msg/detail/attitude_min_vru__rosidl_typesupport_introspection_c.h
[5.115s] -- Up-to-date symlink: /home/wheeltec/wheeltec_ros2/install/yesense_interface/include/yesense_interface/yesense_interface/msg/detail/euler_angle__rosidl_typesupport_introspection_c.h
[5.115s] -- Up-to-date symlink: /home/wheeltec/wheeltec_ros2/install/yesense_interface/include/yesense_interface/yesense_interface/msg/detail/euler_only__rosidl_typesupport_introspection_c.h
[5.116s] -- Up-to-date symlink: /home/wheeltec/wheeltec_ros2/install/yesense_interface/include/yesense_interface/yesense_interface/msg/detail/gnss_pos__rosidl_typesupport_introspection_c.h
[5.116s] -- Up-to-date symlink: /home/wheeltec/wheeltec_ros2/install/yesense_interface/include/yesense_interface/yesense_interface/msg/detail/imu_data__rosidl_typesupport_introspection_c.h
[5.117s] -- Up-to-date symlink: /home/wheeltec/wheeltec_ros2/install/yesense_interface/include/yesense_interface/yesense_interface/msg/detail/imu_data_ten_axis__rosidl_typesupport_introspection_c.h
[5.117s] -- Up-to-date symlink: /home/wheeltec/wheeltec_ros2/install/yesense_interface/include/yesense_interface/yesense_interface/msg/detail/nav_all__rosidl_typesupport_introspection_c.h
[5.118s] -- Up-to-date symlink: /home/wheeltec/wheeltec_ros2/install/yesense_interface/include/yesense_interface/yesense_interface/msg/detail/nav_min__rosidl_typesupport_introspection_c.h
[5.118s] -- Up-to-date symlink: /home/wheeltec/wheeltec_ros2/install/yesense_interface/include/yesense_interface/yesense_interface/msg/detail/nav_min_utc__rosidl_typesupport_introspection_c.h
[5.119s] -- Up-to-date symlink: /home/wheeltec/wheeltec_ros2/install/yesense_interface/include/yesense_interface/yesense_interface/msg/detail/nav_status__rosidl_typesupport_introspection_c.h
[5.119s] -- Up-to-date symlink: /home/wheeltec/wheeltec_ros2/install/yesense_interface/include/yesense_interface/yesense_interface/msg/detail/pos_only__rosidl_typesupport_introspection_c.h
[5.120s] -- Up-to-date symlink: /home/wheeltec/wheeltec_ros2/install/yesense_interface/include/yesense_interface/yesense_interface/msg/detail/pressure__rosidl_typesupport_introspection_c.h
[5.120s] -- Up-to-date symlink: /home/wheeltec/wheeltec_ros2/install/yesense_interface/include/yesense_interface/yesense_interface/msg/detail/quat__rosidl_typesupport_introspection_c.h
[5.121s] -- Up-to-date symlink: /home/wheeltec/wheeltec_ros2/install/yesense_interface/include/yesense_interface/yesense_interface/msg/detail/robot_lord__rosidl_typesupport_introspection_c.h
[5.121s] -- Up-to-date symlink: /home/wheeltec/wheeltec_ros2/install/yesense_interface/include/yesense_interface/yesense_interface/msg/detail/sample_timestamp__rosidl_typesupport_introspection_c.h
[5.121s] -- Up-to-date symlink: /home/wheeltec/wheeltec_ros2/install/yesense_interface/include/yesense_interface/yesense_interface/msg/detail/sensor_temp__rosidl_typesupport_introspection_c.h
[5.122s] -- Up-to-date symlink: /home/wheeltec/wheeltec_ros2/install/yesense_interface/include/yesense_interface/yesense_interface/msg/detail/three_axis__rosidl_typesupport_introspection_c.h
[5.122s] -- Up-to-date symlink: /home/wheeltec/wheeltec_ros2/install/yesense_interface/include/yesense_interface/yesense_interface/msg/detail/tid__rosidl_typesupport_introspection_c.h
[5.123s] -- Up-to-date symlink: /home/wheeltec/wheeltec_ros2/install/yesense_interface/include/yesense_interface/yesense_interface/msg/detail/utc__rosidl_typesupport_introspection_c.h
[5.123s] -- Up-to-date symlink: /home/wheeltec/wheeltec_ros2/install/yesense_interface/include/yesense_interface/yesense_interface/msg/detail/vel__rosidl_typesupport_introspection_c.h
[5.125s] -- Up-to-date symlink: /home/wheeltec/wheeltec_ros2/install/yesense_interface/include/yesense_interface/yesense_interface/msg/rosidl_typesupport_introspection_c__visibility_control.h
[5.126s] -- Up-to-date symlink: /home/wheeltec/wheeltec_ros2/install/yesense_interface/include/yesense_interface/yesense_interface/msg/attitude_all_data.hpp
[5.127s] -- Up-to-date symlink: /home/wheeltec/wheeltec_ros2/install/yesense_interface/include/yesense_interface/yesense_interface/msg/attitude_min_ahrs.hpp
[5.127s] -- Up-to-date symlink: /home/wheeltec/wheeltec_ros2/install/yesense_interface/include/yesense_interface/yesense_interface/msg/attitude_min_vru.hpp
[5.128s] -- Up-to-date symlink: /home/wheeltec/wheeltec_ros2/install/yesense_interface/include/yesense_interface/yesense_interface/msg/detail/attitude_all_data__builder.hpp
[5.129s] -- Up-to-date symlink: /home/wheeltec/wheeltec_ros2/install/yesense_interface/include/yesense_interface/yesense_interface/msg/detail/attitude_all_data__struct.hpp
[5.129s] -- Up-to-date symlink: /home/wheeltec/wheeltec_ros2/install/yesense_interface/include/yesense_interface/yesense_interface/msg/detail/attitude_all_data__traits.hpp
[5.130s] -- Up-to-date symlink: /home/wheeltec/wheeltec_ros2/install/yesense_interface/include/yesense_interface/yesense_interface/msg/detail/attitude_all_data__type_support.hpp
[5.131s] -- Up-to-date symlink: /home/wheeltec/wheeltec_ros2/install/yesense_interface/include/yesense_interface/yesense_interface/msg/detail/attitude_min_ahrs__builder.hpp
[5.131s] -- Up-to-date symlink: /home/wheeltec/wheeltec_ros2/install/yesense_interface/include/yesense_interface/yesense_interface/msg/detail/attitude_min_ahrs__struct.hpp
[5.132s] -- Up-to-date symlink: /home/wheeltec/wheeltec_ros2/install/yesense_interface/include/yesense_interface/yesense_interface/msg/detail/attitude_min_ahrs__traits.hpp
[5.132s] -- Up-to-date symlink: /home/wheeltec/wheeltec_ros2/install/yesense_interface/include/yesense_interface/yesense_interface/msg/detail/attitude_min_ahrs__type_support.hpp
[5.133s] -- Up-to-date symlink: /home/wheeltec/wheeltec_ros2/install/yesense_interface/include/yesense_interface/yesense_interface/msg/detail/attitude_min_vru__builder.hpp
[5.134s] -- Up-to-date symlink: /home/wheeltec/wheeltec_ros2/install/yesense_interface/include/yesense_interface/yesense_interface/msg/detail/attitude_min_vru__struct.hpp
[5.134s] -- Up-to-date symlink: /home/wheeltec/wheeltec_ros2/install/yesense_interface/include/yesense_interface/yesense_interface/msg/detail/attitude_min_vru__traits.hpp
[5.135s] -- Up-to-date symlink: /home/wheeltec/wheeltec_ros2/install/yesense_interface/include/yesense_interface/yesense_interface/msg/detail/attitude_min_vru__type_support.hpp
[5.135s] -- Up-to-date symlink: /home/wheeltec/wheeltec_ros2/install/yesense_interface/include/yesense_interface/yesense_interface/msg/detail/euler_angle__builder.hpp
[5.136s] -- Up-to-date symlink: /home/wheeltec/wheeltec_ros2/install/yesense_interface/include/yesense_interface/yesense_interface/msg/detail/euler_angle__struct.hpp
[5.136s] -- Up-to-date symlink: /home/wheeltec/wheeltec_ros2/install/yesense_interface/include/yesense_interface/yesense_interface/msg/detail/euler_angle__traits.hpp
[5.137s] -- Up-to-date symlink: /home/wheeltec/wheeltec_ros2/install/yesense_interface/include/yesense_interface/yesense_interface/msg/detail/euler_angle__type_support.hpp
[5.138s] -- Up-to-date symlink: /home/wheeltec/wheeltec_ros2/install/yesense_interface/include/yesense_interface/yesense_interface/msg/detail/euler_only__builder.hpp
[5.138s] -- Up-to-date symlink: /home/wheeltec/wheeltec_ros2/install/yesense_interface/include/yesense_interface/yesense_interface/msg/detail/euler_only__struct.hpp
[5.139s] -- Up-to-date symlink: /home/wheeltec/wheeltec_ros2/install/yesense_interface/include/yesense_interface/yesense_interface/msg/detail/euler_only__traits.hpp
[5.139s] -- Up-to-date symlink: /home/wheeltec/wheeltec_ros2/install/yesense_interface/include/yesense_interface/yesense_interface/msg/detail/euler_only__type_support.hpp
[5.140s] -- Up-to-date symlink: /home/wheeltec/wheeltec_ros2/install/yesense_interface/include/yesense_interface/yesense_interface/msg/detail/gnss_pos__builder.hpp
[5.140s] -- Up-to-date symlink: /home/wheeltec/wheeltec_ros2/install/yesense_interface/include/yesense_interface/yesense_interface/msg/detail/gnss_pos__struct.hpp
[5.141s] -- Up-to-date symlink: /home/wheeltec/wheeltec_ros2/install/yesense_interface/include/yesense_interface/yesense_interface/msg/detail/gnss_pos__traits.hpp
[5.142s] -- Up-to-date symlink: /home/wheeltec/wheeltec_ros2/install/yesense_interface/include/yesense_interface/yesense_interface/msg/detail/gnss_pos__type_support.hpp
[5.142s] -- Up-to-date symlink: /home/wheeltec/wheeltec_ros2/install/yesense_interface/include/yesense_interface/yesense_interface/msg/detail/imu_data__builder.hpp
[5.143s] -- Up-to-date symlink: /home/wheeltec/wheeltec_ros2/install/yesense_interface/include/yesense_interface/yesense_interface/msg/detail/imu_data__struct.hpp
[5.143s] -- Up-to-date symlink: /home/wheeltec/wheeltec_ros2/install/yesense_interface/include/yesense_interface/yesense_interface/msg/detail/imu_data__traits.hpp
[5.144s] -- Up-to-date symlink: /home/wheeltec/wheeltec_ros2/install/yesense_interface/include/yesense_interface/yesense_interface/msg/detail/imu_data__type_support.hpp
[5.145s] -- Up-to-date symlink: /home/wheeltec/wheeltec_ros2/install/yesense_interface/include/yesense_interface/yesense_interface/msg/detail/imu_data_ten_axis__builder.hpp
[5.145s] -- Up-to-date symlink: /home/wheeltec/wheeltec_ros2/install/yesense_interface/include/yesense_interface/yesense_interface/msg/detail/imu_data_ten_axis__struct.hpp
[5.146s] -- Up-to-date symlink: /home/wheeltec/wheeltec_ros2/install/yesense_interface/include/yesense_interface/yesense_interface/msg/detail/imu_data_ten_axis__traits.hpp
[5.146s] -- Up-to-date symlink: /home/wheeltec/wheeltec_ros2/install/yesense_interface/include/yesense_interface/yesense_interface/msg/detail/imu_data_ten_axis__type_support.hpp
[5.147s] -- Up-to-date symlink: /home/wheeltec/wheeltec_ros2/install/yesense_interface/include/yesense_interface/yesense_interface/msg/detail/nav_all__builder.hpp
[5.148s] -- Up-to-date symlink: /home/wheeltec/wheeltec_ros2/install/yesense_interface/include/yesense_interface/yesense_interface/msg/detail/nav_all__struct.hpp
[5.148s] -- Up-to-date symlink: /home/wheeltec/wheeltec_ros2/install/yesense_interface/include/yesense_interface/yesense_interface/msg/detail/nav_all__traits.hpp
[5.149s] -- Up-to-date symlink: /home/wheeltec/wheeltec_ros2/install/yesense_interface/include/yesense_interface/yesense_interface/msg/detail/nav_all__type_support.hpp
[5.149s] -- Up-to-date symlink: /home/wheeltec/wheeltec_ros2/install/yesense_interface/include/yesense_interface/yesense_interface/msg/detail/nav_min__builder.hpp
[5.149s] -- Up-to-date symlink: /home/wheeltec/wheeltec_ros2/install/yesense_interface/include/yesense_interface/yesense_interface/msg/detail/nav_min__struct.hpp
[5.150s] -- Up-to-date symlink: /home/wheeltec/wheeltec_ros2/install/yesense_interface/include/yesense_interface/yesense_interface/msg/detail/nav_min__traits.hpp
[5.150s] -- Up-to-date symlink: /home/wheeltec/wheeltec_ros2/install/yesense_interface/include/yesense_interface/yesense_interface/msg/detail/nav_min__type_support.hpp
[5.150s] -- Up-to-date symlink: /home/wheeltec/wheeltec_ros2/install/yesense_interface/include/yesense_interface/yesense_interface/msg/detail/nav_min_utc__builder.hpp
[5.150s] -- Up-to-date symlink: /home/wheeltec/wheeltec_ros2/install/yesense_interface/include/yesense_interface/yesense_interface/msg/detail/nav_min_utc__struct.hpp
[5.151s] -- Up-to-date symlink: /home/wheeltec/wheeltec_ros2/install/yesense_interface/include/yesense_interface/yesense_interface/msg/detail/nav_min_utc__traits.hpp
[5.151s] -- Up-to-date symlink: /home/wheeltec/wheeltec_ros2/install/yesense_interface/include/yesense_interface/yesense_interface/msg/detail/nav_min_utc__type_support.hpp
[5.151s] -- Up-to-date symlink: /home/wheeltec/wheeltec_ros2/install/yesense_interface/include/yesense_interface/yesense_interface/msg/detail/nav_status__builder.hpp
[5.152s] -- Up-to-date symlink: /home/wheeltec/wheeltec_ros2/install/yesense_interface/include/yesense_interface/yesense_interface/msg/detail/nav_status__struct.hpp
[5.152s] -- Up-to-date symlink: /home/wheeltec/wheeltec_ros2/install/yesense_interface/include/yesense_interface/yesense_interface/msg/detail/nav_status__traits.hpp
[5.152s] -- Up-to-date symlink: /home/wheeltec/wheeltec_ros2/install/yesense_interface/include/yesense_interface/yesense_interface/msg/detail/nav_status__type_support.hpp
[5.153s] -- Up-to-date symlink: /home/wheeltec/wheeltec_ros2/install/yesense_interface/include/yesense_interface/yesense_interface/msg/detail/pos_only__builder.hpp
[5.153s] -- Up-to-date symlink: /home/wheeltec/wheeltec_ros2/install/yesense_interface/include/yesense_interface/yesense_interface/msg/detail/pos_only__struct.hpp
[5.153s] -- Up-to-date symlink: /home/wheeltec/wheeltec_ros2/install/yesense_interface/include/yesense_interface/yesense_interface/msg/detail/pos_only__traits.hpp
[5.153s] -- Up-to-date symlink: /home/wheeltec/wheeltec_ros2/install/yesense_interface/include/yesense_interface/yesense_interface/msg/detail/pos_only__type_support.hpp
[5.154s] -- Up-to-date symlink: /home/wheeltec/wheeltec_ros2/install/yesense_interface/include/yesense_interface/yesense_interface/msg/detail/pressure__builder.hpp
[5.154s] -- Up-to-date symlink: /home/wheeltec/wheeltec_ros2/install/yesense_interface/include/yesense_interface/yesense_interface/msg/detail/pressure__struct.hpp
[5.154s] -- Up-to-date symlink: /home/wheeltec/wheeltec_ros2/install/yesense_interface/include/yesense_interface/yesense_interface/msg/detail/pressure__traits.hpp
[5.155s] -- Up-to-date symlink: /home/wheeltec/wheeltec_ros2/install/yesense_interface/include/yesense_interface/yesense_interface/msg/detail/pressure__type_support.hpp
[5.155s] -- Up-to-date symlink: /home/wheeltec/wheeltec_ros2/install/yesense_interface/include/yesense_interface/yesense_interface/msg/detail/quat__builder.hpp
[5.155s] -- Up-to-date symlink: /home/wheeltec/wheeltec_ros2/install/yesense_interface/include/yesense_interface/yesense_interface/msg/detail/quat__struct.hpp
[5.156s] -- Up-to-date symlink: /home/wheeltec/wheeltec_ros2/install/yesense_interface/include/yesense_interface/yesense_interface/msg/detail/quat__traits.hpp
[5.156s] -- Up-to-date symlink: /home/wheeltec/wheeltec_ros2/install/yesense_interface/include/yesense_interface/yesense_interface/msg/detail/quat__type_support.hpp
[5.156s] -- Up-to-date symlink: /home/wheeltec/wheeltec_ros2/install/yesense_interface/include/yesense_interface/yesense_interface/msg/detail/robot_lord__builder.hpp
[5.157s] -- Up-to-date symlink: /home/wheeltec/wheeltec_ros2/install/yesense_interface/include/yesense_interface/yesense_interface/msg/detail/robot_lord__struct.hpp
[5.157s] -- Up-to-date symlink: /home/wheeltec/wheeltec_ros2/install/yesense_interface/include/yesense_interface/yesense_interface/msg/detail/robot_lord__traits.hpp
[5.157s] -- Up-to-date symlink: /home/wheeltec/wheeltec_ros2/install/yesense_interface/include/yesense_interface/yesense_interface/msg/detail/robot_lord__type_support.hpp
[5.157s] -- Up-to-date symlink: /home/wheeltec/wheeltec_ros2/install/yesense_interface/include/yesense_interface/yesense_interface/msg/detail/sample_timestamp__builder.hpp
[5.158s] -- Up-to-date symlink: /home/wheeltec/wheeltec_ros2/install/yesense_interface/include/yesense_interface/yesense_interface/msg/detail/sample_timestamp__struct.hpp
[5.158s] -- Up-to-date symlink: /home/wheeltec/wheeltec_ros2/install/yesense_interface/include/yesense_interface/yesense_interface/msg/detail/sample_timestamp__traits.hpp
[5.158s] -- Up-to-date symlink: /home/wheeltec/wheeltec_ros2/install/yesense_interface/include/yesense_interface/yesense_interface/msg/detail/sample_timestamp__type_support.hpp
[5.159s] -- Up-to-date symlink: /home/wheeltec/wheeltec_ros2/install/yesense_interface/include/yesense_interface/yesense_interface/msg/detail/sensor_temp__builder.hpp
[5.159s] -- Up-to-date symlink: /home/wheeltec/wheeltec_ros2/install/yesense_interface/include/yesense_interface/yesense_interface/msg/detail/sensor_temp__struct.hpp
[5.159s] -- Up-to-date symlink: /home/wheeltec/wheeltec_ros2/install/yesense_interface/include/yesense_interface/yesense_interface/msg/detail/sensor_temp__traits.hpp
[5.160s] -- Up-to-date symlink: /home/wheeltec/wheeltec_ros2/install/yesense_interface/include/yesense_interface/yesense_interface/msg/detail/sensor_temp__type_support.hpp
[5.161s] -- Up-to-date symlink: /home/wheeltec/wheeltec_ros2/install/yesense_interface/include/yesense_interface/yesense_interface/msg/detail/three_axis__builder.hpp
[5.162s] -- Up-to-date symlink: /home/wheeltec/wheeltec_ros2/install/yesense_interface/include/yesense_interface/yesense_interface/msg/detail/three_axis__struct.hpp
[5.162s] -- Up-to-date symlink: /home/wheeltec/wheeltec_ros2/install/yesense_interface/include/yesense_interface/yesense_interface/msg/detail/three_axis__traits.hpp
[5.162s] -- Up-to-date symlink: /home/wheeltec/wheeltec_ros2/install/yesense_interface/include/yesense_interface/yesense_interface/msg/detail/three_axis__type_support.hpp
[5.162s] -- Up-to-date symlink: /home/wheeltec/wheeltec_ros2/install/yesense_interface/include/yesense_interface/yesense_interface/msg/detail/tid__builder.hpp
[5.162s] -- Up-to-date symlink: /home/wheeltec/wheeltec_ros2/install/yesense_interface/include/yesense_interface/yesense_interface/msg/detail/tid__struct.hpp
[5.162s] -- Up-to-date symlink: /home/wheeltec/wheeltec_ros2/install/yesense_interface/include/yesense_interface/yesense_interface/msg/detail/tid__traits.hpp
[5.162s] -- Up-to-date symlink: /home/wheeltec/wheeltec_ros2/install/yesense_interface/include/yesense_interface/yesense_interface/msg/detail/tid__type_support.hpp
[5.163s] -- Up-to-date symlink: /home/wheeltec/wheeltec_ros2/install/yesense_interface/include/yesense_interface/yesense_interface/msg/detail/utc__builder.hpp
[5.163s] -- Up-to-date symlink: /home/wheeltec/wheeltec_ros2/install/yesense_interface/include/yesense_interface/yesense_interface/msg/detail/utc__struct.hpp
[5.163s] -- Up-to-date symlink: /home/wheeltec/wheeltec_ros2/install/yesense_interface/include/yesense_interface/yesense_interface/msg/detail/utc__traits.hpp
[5.163s] -- Up-to-date symlink: /home/wheeltec/wheeltec_ros2/install/yesense_interface/include/yesense_interface/yesense_interface/msg/detail/utc__type_support.hpp
[5.164s] -- Up-to-date symlink: /home/wheeltec/wheeltec_ros2/install/yesense_interface/include/yesense_interface/yesense_interface/msg/detail/vel__builder.hpp
[5.164s] -- Up-to-date symlink: /home/wheeltec/wheeltec_ros2/install/yesense_interface/include/yesense_interface/yesense_interface/msg/detail/vel__struct.hpp
[5.164s] -- Up-to-date symlink: /home/wheeltec/wheeltec_ros2/install/yesense_interface/include/yesense_interface/yesense_interface/msg/detail/vel__traits.hpp
[5.165s] -- Up-to-date symlink: /home/wheeltec/wheeltec_ros2/install/yesense_interface/include/yesense_interface/yesense_interface/msg/detail/vel__type_support.hpp
[5.165s] -- Up-to-date symlink: /home/wheeltec/wheeltec_ros2/install/yesense_interface/include/yesense_interface/yesense_interface/msg/euler_angle.hpp
[5.165s] -- Up-to-date symlink: /home/wheeltec/wheeltec_ros2/install/yesense_interface/include/yesense_interface/yesense_interface/msg/euler_only.hpp
[5.166s] -- Up-to-date symlink: /home/wheeltec/wheeltec_ros2/install/yesense_interface/include/yesense_interface/yesense_interface/msg/gnss_pos.hpp
[5.166s] -- Up-to-date symlink: /home/wheeltec/wheeltec_ros2/install/yesense_interface/include/yesense_interface/yesense_interface/msg/imu_data.hpp
[5.166s] -- Up-to-date symlink: /home/wheeltec/wheeltec_ros2/install/yesense_interface/include/yesense_interface/yesense_interface/msg/imu_data_ten_axis.hpp
[5.167s] -- Up-to-date symlink: /home/wheeltec/wheeltec_ros2/install/yesense_interface/include/yesense_interface/yesense_interface/msg/nav_all.hpp
[5.167s] -- Up-to-date symlink: /home/wheeltec/wheeltec_ros2/install/yesense_interface/include/yesense_interface/yesense_interface/msg/nav_min.hpp
[5.167s] -- Up-to-date symlink: /home/wheeltec/wheeltec_ros2/install/yesense_interface/include/yesense_interface/yesense_interface/msg/nav_min_utc.hpp
[5.168s] -- Up-to-date symlink: /home/wheeltec/wheeltec_ros2/install/yesense_interface/include/yesense_interface/yesense_interface/msg/nav_status.hpp
[5.168s] -- Up-to-date symlink: /home/wheeltec/wheeltec_ros2/install/yesense_interface/include/yesense_interface/yesense_interface/msg/pos_only.hpp
[5.168s] -- Up-to-date symlink: /home/wheeltec/wheeltec_ros2/install/yesense_interface/include/yesense_interface/yesense_interface/msg/pressure.hpp
[5.169s] -- Up-to-date symlink: /home/wheeltec/wheeltec_ros2/install/yesense_interface/include/yesense_interface/yesense_interface/msg/quat.hpp
[5.169s] -- Up-to-date symlink: /home/wheeltec/wheeltec_ros2/install/yesense_interface/include/yesense_interface/yesense_interface/msg/robot_lord.hpp
[5.169s] -- Up-to-date symlink: /home/wheeltec/wheeltec_ros2/install/yesense_interface/include/yesense_interface/yesense_interface/msg/rosidl_generator_cpp__visibility_control.hpp
[5.170s] -- Up-to-date symlink: /home/wheeltec/wheeltec_ros2/install/yesense_interface/include/yesense_interface/yesense_interface/msg/sample_timestamp.hpp
[5.170s] -- Up-to-date symlink: /home/wheeltec/wheeltec_ros2/install/yesense_interface/include/yesense_interface/yesense_interface/msg/sensor_temp.hpp
[5.170s] -- Up-to-date symlink: /home/wheeltec/wheeltec_ros2/install/yesense_interface/include/yesense_interface/yesense_interface/msg/three_axis.hpp
[5.170s] -- Up-to-date symlink: /home/wheeltec/wheeltec_ros2/install/yesense_interface/include/yesense_interface/yesense_interface/msg/tid.hpp
[5.171s] -- Up-to-date symlink: /home/wheeltec/wheeltec_ros2/install/yesense_interface/include/yesense_interface/yesense_interface/msg/utc.hpp
[5.171s] -- Up-to-date symlink: /home/wheeltec/wheeltec_ros2/install/yesense_interface/include/yesense_interface/yesense_interface/msg/vel.hpp
[5.173s] -- Up-to-date symlink: /home/wheeltec/wheeltec_ros2/install/yesense_interface/include/yesense_interface/yesense_interface/msg/detail/attitude_all_data__rosidl_typesupport_fastrtps_cpp.hpp
[5.173s] -- Up-to-date symlink: /home/wheeltec/wheeltec_ros2/install/yesense_interface/include/yesense_interface/yesense_interface/msg/detail/attitude_min_ahrs__rosidl_typesupport_fastrtps_cpp.hpp
[5.174s] -- Up-to-date symlink: /home/wheeltec/wheeltec_ros2/install/yesense_interface/include/yesense_interface/yesense_interface/msg/detail/attitude_min_vru__rosidl_typesupport_fastrtps_cpp.hpp
[5.174s] -- Up-to-date symlink: /home/wheeltec/wheeltec_ros2/install/yesense_interface/include/yesense_interface/yesense_interface/msg/detail/euler_angle__rosidl_typesupport_fastrtps_cpp.hpp
[5.174s] -- Up-to-date symlink: /home/wheeltec/wheeltec_ros2/install/yesense_interface/include/yesense_interface/yesense_interface/msg/detail/euler_only__rosidl_typesupport_fastrtps_cpp.hpp
[5.175s] -- Up-to-date symlink: /home/wheeltec/wheeltec_ros2/install/yesense_interface/include/yesense_interface/yesense_interface/msg/detail/gnss_pos__rosidl_typesupport_fastrtps_cpp.hpp
[5.175s] -- Up-to-date symlink: /home/wheeltec/wheeltec_ros2/install/yesense_interface/include/yesense_interface/yesense_interface/msg/detail/imu_data__rosidl_typesupport_fastrtps_cpp.hpp
[5.175s] -- Up-to-date symlink: /home/wheeltec/wheeltec_ros2/install/yesense_interface/include/yesense_interface/yesense_interface/msg/detail/imu_data_ten_axis__rosidl_typesupport_fastrtps_cpp.hpp
[5.176s] -- Up-to-date symlink: /home/wheeltec/wheeltec_ros2/install/yesense_interface/include/yesense_interface/yesense_interface/msg/detail/nav_all__rosidl_typesupport_fastrtps_cpp.hpp
[5.176s] -- Up-to-date symlink: /home/wheeltec/wheeltec_ros2/install/yesense_interface/include/yesense_interface/yesense_interface/msg/detail/nav_min__rosidl_typesupport_fastrtps_cpp.hpp
[5.176s] -- Up-to-date symlink: /home/wheeltec/wheeltec_ros2/install/yesense_interface/include/yesense_interface/yesense_interface/msg/detail/nav_min_utc__rosidl_typesupport_fastrtps_cpp.hpp
[5.176s] -- Up-to-date symlink: /home/wheeltec/wheeltec_ros2/install/yesense_interface/include/yesense_interface/yesense_interface/msg/detail/nav_status__rosidl_typesupport_fastrtps_cpp.hpp
[5.177s] -- Up-to-date symlink: /home/wheeltec/wheeltec_ros2/install/yesense_interface/include/yesense_interface/yesense_interface/msg/detail/pos_only__rosidl_typesupport_fastrtps_cpp.hpp
[5.177s] -- Up-to-date symlink: /home/wheeltec/wheeltec_ros2/install/yesense_interface/include/yesense_interface/yesense_interface/msg/detail/pressure__rosidl_typesupport_fastrtps_cpp.hpp
[5.177s] -- Up-to-date symlink: /home/wheeltec/wheeltec_ros2/install/yesense_interface/include/yesense_interface/yesense_interface/msg/detail/quat__rosidl_typesupport_fastrtps_cpp.hpp
[5.178s] -- Up-to-date symlink: /home/wheeltec/wheeltec_ros2/install/yesense_interface/include/yesense_interface/yesense_interface/msg/detail/robot_lord__rosidl_typesupport_fastrtps_cpp.hpp
[5.178s] -- Up-to-date symlink: /home/wheeltec/wheeltec_ros2/install/yesense_interface/include/yesense_interface/yesense_interface/msg/detail/sample_timestamp__rosidl_typesupport_fastrtps_cpp.hpp
[5.178s] -- Up-to-date symlink: /home/wheeltec/wheeltec_ros2/install/yesense_interface/include/yesense_interface/yesense_interface/msg/detail/sensor_temp__rosidl_typesupport_fastrtps_cpp.hpp
[5.179s] -- Up-to-date symlink: /home/wheeltec/wheeltec_ros2/install/yesense_interface/include/yesense_interface/yesense_interface/msg/detail/three_axis__rosidl_typesupport_fastrtps_cpp.hpp
[5.179s] -- Up-to-date symlink: /home/wheeltec/wheeltec_ros2/install/yesense_interface/include/yesense_interface/yesense_interface/msg/detail/tid__rosidl_typesupport_fastrtps_cpp.hpp
[5.179s] -- Up-to-date symlink: /home/wheeltec/wheeltec_ros2/install/yesense_interface/include/yesense_interface/yesense_interface/msg/detail/utc__rosidl_typesupport_fastrtps_cpp.hpp
[5.180s] -- Up-to-date symlink: /home/wheeltec/wheeltec_ros2/install/yesense_interface/include/yesense_interface/yesense_interface/msg/detail/vel__rosidl_typesupport_fastrtps_cpp.hpp
[5.181s] -- Up-to-date symlink: /home/wheeltec/wheeltec_ros2/install/yesense_interface/include/yesense_interface/yesense_interface/msg/rosidl_typesupport_fastrtps_cpp__visibility_control.h
[5.181s] -- Up-to-date symlink: /home/wheeltec/wheeltec_ros2/install/yesense_interface/include/yesense_interface/yesense_interface/msg/detail/attitude_all_data__rosidl_typesupport_introspection_cpp.hpp
[5.182s] -- Up-to-date symlink: /home/wheeltec/wheeltec_ros2/install/yesense_interface/include/yesense_interface/yesense_interface/msg/detail/attitude_min_ahrs__rosidl_typesupport_introspection_cpp.hpp
[5.185s] -- Up-to-date symlink: /home/wheeltec/wheeltec_ros2/install/yesense_interface/include/yesense_interface/yesense_interface/msg/detail/attitude_min_vru__rosidl_typesupport_introspection_cpp.hpp
[5.186s] -- Up-to-date symlink: /home/wheeltec/wheeltec_ros2/install/yesense_interface/include/yesense_interface/yesense_interface/msg/detail/euler_angle__rosidl_typesupport_introspection_cpp.hpp
[5.187s] -- Up-to-date symlink: /home/wheeltec/wheeltec_ros2/install/yesense_interface/include/yesense_interface/yesense_interface/msg/detail/euler_only__rosidl_typesupport_introspection_cpp.hpp
[5.187s] -- Up-to-date symlink: /home/wheeltec/wheeltec_ros2/install/yesense_interface/include/yesense_interface/yesense_interface/msg/detail/gnss_pos__rosidl_typesupport_introspection_cpp.hpp
[5.187s] -- Up-to-date symlink: /home/wheeltec/wheeltec_ros2/install/yesense_interface/include/yesense_interface/yesense_interface/msg/detail/imu_data__rosidl_typesupport_introspection_cpp.hpp
[5.188s] -- Up-to-date symlink: /home/wheeltec/wheeltec_ros2/install/yesense_interface/include/yesense_interface/yesense_interface/msg/detail/imu_data_ten_axis__rosidl_typesupport_introspection_cpp.hpp
[5.188s] -- Up-to-date symlink: /home/wheeltec/wheeltec_ros2/install/yesense_interface/include/yesense_interface/yesense_interface/msg/detail/nav_all__rosidl_typesupport_introspection_cpp.hpp
[5.188s] -- Up-to-date symlink: /home/wheeltec/wheeltec_ros2/install/yesense_interface/include/yesense_interface/yesense_interface/msg/detail/nav_min__rosidl_typesupport_introspection_cpp.hpp
[5.188s] -- Up-to-date symlink: /home/wheeltec/wheeltec_ros2/install/yesense_interface/include/yesense_interface/yesense_interface/msg/detail/nav_min_utc__rosidl_typesupport_introspection_cpp.hpp
[5.189s] -- Up-to-date symlink: /home/wheeltec/wheeltec_ros2/install/yesense_interface/include/yesense_interface/yesense_interface/msg/detail/nav_status__rosidl_typesupport_introspection_cpp.hpp
[5.189s] -- Up-to-date symlink: /home/wheeltec/wheeltec_ros2/install/yesense_interface/include/yesense_interface/yesense_interface/msg/detail/pos_only__rosidl_typesupport_introspection_cpp.hpp
[5.192s] -- Up-to-date symlink: /home/wheeltec/wheeltec_ros2/install/yesense_interface/include/yesense_interface/yesense_interface/msg/detail/pressure__rosidl_typesupport_introspection_cpp.hpp
[5.192s] -- Up-to-date symlink: /home/wheeltec/wheeltec_ros2/install/yesense_interface/include/yesense_interface/yesense_interface/msg/detail/quat__rosidl_typesupport_introspection_cpp.hpp
[5.193s] -- Up-to-date symlink: /home/wheeltec/wheeltec_ros2/install/yesense_interface/include/yesense_interface/yesense_interface/msg/detail/robot_lord__rosidl_typesupport_introspection_cpp.hpp
[5.193s] -- Up-to-date symlink: /home/wheeltec/wheeltec_ros2/install/yesense_interface/include/yesense_interface/yesense_interface/msg/detail/sample_timestamp__rosidl_typesupport_introspection_cpp.hpp
[5.193s] -- Up-to-date symlink: /home/wheeltec/wheeltec_ros2/install/yesense_interface/include/yesense_interface/yesense_interface/msg/detail/sensor_temp__rosidl_typesupport_introspection_cpp.hpp
[5.193s] -- Up-to-date symlink: /home/wheeltec/wheeltec_ros2/install/yesense_interface/include/yesense_interface/yesense_interface/msg/detail/three_axis__rosidl_typesupport_introspection_cpp.hpp
[5.193s] -- Up-to-date symlink: /home/wheeltec/wheeltec_ros2/install/yesense_interface/include/yesense_interface/yesense_interface/msg/detail/tid__rosidl_typesupport_introspection_cpp.hpp
[5.193s] -- Up-to-date symlink: /home/wheeltec/wheeltec_ros2/install/yesense_interface/include/yesense_interface/yesense_interface/msg/detail/utc__rosidl_typesupport_introspection_cpp.hpp
[5.193s] -- Up-to-date symlink: /home/wheeltec/wheeltec_ros2/install/yesense_interface/include/yesense_interface/yesense_interface/msg/detail/vel__rosidl_typesupport_introspection_cpp.hpp
[5.193s] -- Up-to-date symlink: /home/wheeltec/wheeltec_ros2/install/yesense_interface/share/yesense_interface/environment/pythonpath.sh
[5.193s] -- Up-to-date symlink: /home/wheeltec/wheeltec_ros2/install/yesense_interface/share/yesense_interface/environment/pythonpath.dsv
[5.193s] -- Up-to-date symlink: /home/wheeltec/wheeltec_ros2/install/yesense_interface/local/lib/python3.10/dist-packages/yesense_interface-1.0.0-py3.10.egg-info/PKG-INFO
[5.194s] -- Up-to-date symlink: /home/wheeltec/wheeltec_ros2/install/yesense_interface/local/lib/python3.10/dist-packages/yesense_interface-1.0.0-py3.10.egg-info/SOURCES.txt
[5.194s] -- Up-to-date symlink: /home/wheeltec/wheeltec_ros2/install/yesense_interface/local/lib/python3.10/dist-packages/yesense_interface-1.0.0-py3.10.egg-info/dependency_links.txt
[5.194s] -- Up-to-date symlink: /home/wheeltec/wheeltec_ros2/install/yesense_interface/local/lib/python3.10/dist-packages/yesense_interface-1.0.0-py3.10.egg-info/top_level.txt
[5.194s] -- Up-to-date symlink: /home/wheeltec/wheeltec_ros2/install/yesense_interface/local/lib/python3.10/dist-packages/yesense_interface/__init__.py
[5.194s] -- Up-to-date symlink: /home/wheeltec/wheeltec_ros2/install/yesense_interface/local/lib/python3.10/dist-packages/yesense_interface/_yesense_interface_s.ep.rosidl_typesupport_c.c
[5.194s] -- Up-to-date symlink: /home/wheeltec/wheeltec_ros2/install/yesense_interface/local/lib/python3.10/dist-packages/yesense_interface/_yesense_interface_s.ep.rosidl_typesupport_fastrtps_c.c
[5.195s] -- Up-to-date symlink: /home/wheeltec/wheeltec_ros2/install/yesense_interface/local/lib/python3.10/dist-packages/yesense_interface/_yesense_interface_s.ep.rosidl_typesupport_introspection_c.c
[5.196s] -- Up-to-date symlink: /home/wheeltec/wheeltec_ros2/install/yesense_interface/local/lib/python3.10/dist-packages/yesense_interface/libyesense_interface__rosidl_generator_py.so
[5.196s] -- Up-to-date symlink: /home/wheeltec/wheeltec_ros2/install/yesense_interface/local/lib/python3.10/dist-packages/yesense_interface/msg/__init__.py
[5.197s] -- Up-to-date symlink: /home/wheeltec/wheeltec_ros2/install/yesense_interface/local/lib/python3.10/dist-packages/yesense_interface/msg/_attitude_all_data.py
[5.197s] -- Up-to-date symlink: /home/wheeltec/wheeltec_ros2/install/yesense_interface/local/lib/python3.10/dist-packages/yesense_interface/msg/_attitude_all_data_s.c
[5.198s] -- Up-to-date symlink: /home/wheeltec/wheeltec_ros2/install/yesense_interface/local/lib/python3.10/dist-packages/yesense_interface/msg/_attitude_min_ahrs.py
[5.198s] -- Up-to-date symlink: /home/wheeltec/wheeltec_ros2/install/yesense_interface/local/lib/python3.10/dist-packages/yesense_interface/msg/_attitude_min_ahrs_s.c
[5.198s] -- Up-to-date symlink: /home/wheeltec/wheeltec_ros2/install/yesense_interface/local/lib/python3.10/dist-packages/yesense_interface/msg/_attitude_min_vru.py
[5.199s] -- Up-to-date symlink: /home/wheeltec/wheeltec_ros2/install/yesense_interface/local/lib/python3.10/dist-packages/yesense_interface/msg/_attitude_min_vru_s.c
[5.199s] -- Up-to-date symlink: /home/wheeltec/wheeltec_ros2/install/yesense_interface/local/lib/python3.10/dist-packages/yesense_interface/msg/_euler_angle.py
[5.200s] -- Up-to-date symlink: /home/wheeltec/wheeltec_ros2/install/yesense_interface/local/lib/python3.10/dist-packages/yesense_interface/msg/_euler_angle_s.c
[5.200s] -- Up-to-date symlink: /home/wheeltec/wheeltec_ros2/install/yesense_interface/local/lib/python3.10/dist-packages/yesense_interface/msg/_euler_only.py
[5.201s] -- Up-to-date symlink: /home/wheeltec/wheeltec_ros2/install/yesense_interface/local/lib/python3.10/dist-packages/yesense_interface/msg/_euler_only_s.c
[5.201s] -- Up-to-date symlink: /home/wheeltec/wheeltec_ros2/install/yesense_interface/local/lib/python3.10/dist-packages/yesense_interface/msg/_gnss_pos.py
[5.202s] -- Up-to-date symlink: /home/wheeltec/wheeltec_ros2/install/yesense_interface/local/lib/python3.10/dist-packages/yesense_interface/msg/_gnss_pos_s.c
[5.202s] -- Up-to-date symlink: /home/wheeltec/wheeltec_ros2/install/yesense_interface/local/lib/python3.10/dist-packages/yesense_interface/msg/_imu_data.py
[5.203s] -- Up-to-date symlink: /home/wheeltec/wheeltec_ros2/install/yesense_interface/local/lib/python3.10/dist-packages/yesense_interface/msg/_imu_data_s.c
[5.203s] -- Up-to-date symlink: /home/wheeltec/wheeltec_ros2/install/yesense_interface/local/lib/python3.10/dist-packages/yesense_interface/msg/_imu_data_ten_axis.py
[5.204s] -- Up-to-date symlink: /home/wheeltec/wheeltec_ros2/install/yesense_interface/local/lib/python3.10/dist-packages/yesense_interface/msg/_imu_data_ten_axis_s.c
[5.204s] -- Up-to-date symlink: /home/wheeltec/wheeltec_ros2/install/yesense_interface/local/lib/python3.10/dist-packages/yesense_interface/msg/_nav_all.py
[5.205s] -- Up-to-date symlink: /home/wheeltec/wheeltec_ros2/install/yesense_interface/local/lib/python3.10/dist-packages/yesense_interface/msg/_nav_all_s.c
[5.205s] -- Up-to-date symlink: /home/wheeltec/wheeltec_ros2/install/yesense_interface/local/lib/python3.10/dist-packages/yesense_interface/msg/_nav_min.py
[5.206s] -- Up-to-date symlink: /home/wheeltec/wheeltec_ros2/install/yesense_interface/local/lib/python3.10/dist-packages/yesense_interface/msg/_nav_min_s.c
[5.206s] -- Up-to-date symlink: /home/wheeltec/wheeltec_ros2/install/yesense_interface/local/lib/python3.10/dist-packages/yesense_interface/msg/_nav_min_utc.py
[5.206s] -- Up-to-date symlink: /home/wheeltec/wheeltec_ros2/install/yesense_interface/local/lib/python3.10/dist-packages/yesense_interface/msg/_nav_min_utc_s.c
[5.207s] -- Up-to-date symlink: /home/wheeltec/wheeltec_ros2/install/yesense_interface/local/lib/python3.10/dist-packages/yesense_interface/msg/_nav_status.py
[5.208s] -- Up-to-date symlink: /home/wheeltec/wheeltec_ros2/install/yesense_interface/local/lib/python3.10/dist-packages/yesense_interface/msg/_nav_status_s.c
[5.208s] -- Up-to-date symlink: /home/wheeltec/wheeltec_ros2/install/yesense_interface/local/lib/python3.10/dist-packages/yesense_interface/msg/_pos_only.py
[5.209s] -- Up-to-date symlink: /home/wheeltec/wheeltec_ros2/install/yesense_interface/local/lib/python3.10/dist-packages/yesense_interface/msg/_pos_only_s.c
[5.209s] -- Up-to-date symlink: /home/wheeltec/wheeltec_ros2/install/yesense_interface/local/lib/python3.10/dist-packages/yesense_interface/msg/_pressure.py
[5.210s] -- Up-to-date symlink: /home/wheeltec/wheeltec_ros2/install/yesense_interface/local/lib/python3.10/dist-packages/yesense_interface/msg/_pressure_s.c
[5.210s] -- Up-to-date symlink: /home/wheeltec/wheeltec_ros2/install/yesense_interface/local/lib/python3.10/dist-packages/yesense_interface/msg/_quat.py
[5.211s] -- Up-to-date symlink: /home/wheeltec/wheeltec_ros2/install/yesense_interface/local/lib/python3.10/dist-packages/yesense_interface/msg/_quat_s.c
[5.211s] -- Up-to-date symlink: /home/wheeltec/wheeltec_ros2/install/yesense_interface/local/lib/python3.10/dist-packages/yesense_interface/msg/_robot_lord.py
[5.211s] -- Up-to-date symlink: /home/wheeltec/wheeltec_ros2/install/yesense_interface/local/lib/python3.10/dist-packages/yesense_interface/msg/_robot_lord_s.c
[5.212s] -- Up-to-date symlink: /home/wheeltec/wheeltec_ros2/install/yesense_interface/local/lib/python3.10/dist-packages/yesense_interface/msg/_sample_timestamp.py
[5.212s] -- Up-to-date symlink: /home/wheeltec/wheeltec_ros2/install/yesense_interface/local/lib/python3.10/dist-packages/yesense_interface/msg/_sample_timestamp_s.c
[5.213s] -- Up-to-date symlink: /home/wheeltec/wheeltec_ros2/install/yesense_interface/local/lib/python3.10/dist-packages/yesense_interface/msg/_sensor_temp.py
[5.213s] -- Up-to-date symlink: /home/wheeltec/wheeltec_ros2/install/yesense_interface/local/lib/python3.10/dist-packages/yesense_interface/msg/_sensor_temp_s.c
[5.214s] -- Up-to-date symlink: /home/wheeltec/wheeltec_ros2/install/yesense_interface/local/lib/python3.10/dist-packages/yesense_interface/msg/_three_axis.py
[5.214s] -- Up-to-date symlink: /home/wheeltec/wheeltec_ros2/install/yesense_interface/local/lib/python3.10/dist-packages/yesense_interface/msg/_three_axis_s.c
[5.215s] -- Up-to-date symlink: /home/wheeltec/wheeltec_ros2/install/yesense_interface/local/lib/python3.10/dist-packages/yesense_interface/msg/_tid.py
[5.215s] -- Up-to-date symlink: /home/wheeltec/wheeltec_ros2/install/yesense_interface/local/lib/python3.10/dist-packages/yesense_interface/msg/_tid_s.c
[5.216s] -- Up-to-date symlink: /home/wheeltec/wheeltec_ros2/install/yesense_interface/local/lib/python3.10/dist-packages/yesense_interface/msg/_utc.py
[5.216s] -- Up-to-date symlink: /home/wheeltec/wheeltec_ros2/install/yesense_interface/local/lib/python3.10/dist-packages/yesense_interface/msg/_utc_s.c
[5.217s] -- Up-to-date symlink: /home/wheeltec/wheeltec_ros2/install/yesense_interface/local/lib/python3.10/dist-packages/yesense_interface/msg/_vel.py
[5.217s] -- Up-to-date symlink: /home/wheeltec/wheeltec_ros2/install/yesense_interface/local/lib/python3.10/dist-packages/yesense_interface/msg/_vel_s.c
[5.218s] -- Up-to-date symlink: /home/wheeltec/wheeltec_ros2/install/yesense_interface/local/lib/python3.10/dist-packages/yesense_interface/yesense_interface_s__rosidl_typesupport_c.cpython-310-aarch64-linux-gnu.so
[5.218s] -- Up-to-date symlink: /home/wheeltec/wheeltec_ros2/install/yesense_interface/local/lib/python3.10/dist-packages/yesense_interface/yesense_interface_s__rosidl_typesupport_fastrtps_c.cpython-310-aarch64-linux-gnu.so
[5.219s] -- Up-to-date symlink: /home/wheeltec/wheeltec_ros2/install/yesense_interface/local/lib/python3.10/dist-packages/yesense_interface/yesense_interface_s__rosidl_typesupport_introspection_c.cpython-310-aarch64-linux-gnu.so
[5.219s] -- Up-to-date symlink: /home/wheeltec/wheeltec_ros2/install/yesense_interface/local/lib/python3.10/dist-packages/yesense_interface/yesense_interface_s__rosidl_typesupport_fastrtps_c.cpython-310-aarch64-linux-gnu.so
[5.221s] -- Up-to-date symlink: /home/wheeltec/wheeltec_ros2/install/yesense_interface/local/lib/python3.10/dist-packages/yesense_interface/yesense_interface_s__rosidl_typesupport_introspection_c.cpython-310-aarch64-linux-gnu.so
[5.222s] -- Up-to-date symlink: /home/wheeltec/wheeltec_ros2/install/yesense_interface/local/lib/python3.10/dist-packages/yesense_interface/yesense_interface_s__rosidl_typesupport_c.cpython-310-aarch64-linux-gnu.so
[5.224s] -- Up-to-date symlink: /home/wheeltec/wheeltec_ros2/install/yesense_interface/share/yesense_interface/msg/Tid.idl
[5.224s] -- Up-to-date symlink: /home/wheeltec/wheeltec_ros2/install/yesense_interface/share/yesense_interface/msg/ThreeAxis.idl
[5.225s] -- Up-to-date symlink: /home/wheeltec/wheeltec_ros2/install/yesense_interface/share/yesense_interface/msg/SensorTemp.idl
[5.226s] -- Up-to-date symlink: /home/wheeltec/wheeltec_ros2/install/yesense_interface/share/yesense_interface/msg/Pressure.idl
[5.226s] -- Up-to-date symlink: /home/wheeltec/wheeltec_ros2/install/yesense_interface/share/yesense_interface/msg/EulerAngle.idl
[5.227s] -- Up-to-date symlink: /home/wheeltec/wheeltec_ros2/install/yesense_interface/share/yesense_interface/msg/Quat.idl
[5.228s] -- Up-to-date symlink: /home/wheeltec/wheeltec_ros2/install/yesense_interface/share/yesense_interface/msg/GnssPos.idl
[5.229s] -- Up-to-date symlink: /home/wheeltec/wheeltec_ros2/install/yesense_interface/share/yesense_interface/msg/NavStatus.idl
[5.229s] -- Up-to-date symlink: /home/wheeltec/wheeltec_ros2/install/yesense_interface/share/yesense_interface/msg/Vel.idl
[5.230s] -- Up-to-date symlink: /home/wheeltec/wheeltec_ros2/install/yesense_interface/share/yesense_interface/msg/Utc.idl
[5.230s] -- Up-to-date symlink: /home/wheeltec/wheeltec_ros2/install/yesense_interface/share/yesense_interface/msg/SampleTimestamp.idl
[5.233s] -- Up-to-date symlink: /home/wheeltec/wheeltec_ros2/install/yesense_interface/share/yesense_interface/msg/ImuData.idl
[5.233s] -- Up-to-date symlink: /home/wheeltec/wheeltec_ros2/install/yesense_interface/share/yesense_interface/msg/ImuDataTenAxis.idl
[5.233s] -- Up-to-date symlink: /home/wheeltec/wheeltec_ros2/install/yesense_interface/share/yesense_interface/msg/EulerOnly.idl
[5.234s] -- Up-to-date symlink: /home/wheeltec/wheeltec_ros2/install/yesense_interface/share/yesense_interface/msg/RobotLord.idl
[5.234s] -- Up-to-date symlink: /home/wheeltec/wheeltec_ros2/install/yesense_interface/share/yesense_interface/msg/AttitudeMinVru.idl
[5.235s] -- Up-to-date symlink: /home/wheeltec/wheeltec_ros2/install/yesense_interface/share/yesense_interface/msg/AttitudeMinAhrs.idl
[5.236s] -- Up-to-date symlink: /home/wheeltec/wheeltec_ros2/install/yesense_interface/share/yesense_interface/msg/AttitudeAllData.idl
[5.237s] -- Up-to-date symlink: /home/wheeltec/wheeltec_ros2/install/yesense_interface/share/yesense_interface/msg/PosOnly.idl
[5.237s] -- Up-to-date symlink: /home/wheeltec/wheeltec_ros2/install/yesense_interface/share/yesense_interface/msg/NavMin.idl
[5.238s] -- Up-to-date symlink: /home/wheeltec/wheeltec_ros2/install/yesense_interface/share/yesense_interface/msg/NavMinUtc.idl
[5.239s] -- Up-to-date symlink: /home/wheeltec/wheeltec_ros2/install/yesense_interface/share/yesense_interface/msg/NavAll.idl
[5.241s] -- Up-to-date symlink: /home/wheeltec/wheeltec_ros2/install/yesense_interface/share/yesense_interface/msg/Tid.msg
[5.241s] -- Up-to-date symlink: /home/wheeltec/wheeltec_ros2/install/yesense_interface/share/yesense_interface/msg/ThreeAxis.msg
[5.242s] -- Up-to-date symlink: /home/wheeltec/wheeltec_ros2/install/yesense_interface/share/yesense_interface/msg/SensorTemp.msg
[5.242s] -- Up-to-date symlink: /home/wheeltec/wheeltec_ros2/install/yesense_interface/share/yesense_interface/msg/Pressure.msg
[5.242s] -- Up-to-date symlink: /home/wheeltec/wheeltec_ros2/install/yesense_interface/share/yesense_interface/msg/EulerAngle.msg
[5.243s] -- Up-to-date symlink: /home/wheeltec/wheeltec_ros2/install/yesense_interface/share/yesense_interface/msg/Quat.msg
[5.243s] -- Up-to-date symlink: /home/wheeltec/wheeltec_ros2/install/yesense_interface/share/yesense_interface/msg/GnssPos.msg
[5.244s] -- Up-to-date symlink: /home/wheeltec/wheeltec_ros2/install/yesense_interface/share/yesense_interface/msg/NavStatus.msg
[5.244s] -- Up-to-date symlink: /home/wheeltec/wheeltec_ros2/install/yesense_interface/share/yesense_interface/msg/Vel.msg
[5.245s] -- Up-to-date symlink: /home/wheeltec/wheeltec_ros2/install/yesense_interface/share/yesense_interface/msg/Utc.msg
[5.245s] -- Up-to-date symlink: /home/wheeltec/wheeltec_ros2/install/yesense_interface/share/yesense_interface/msg/SampleTimestamp.msg
[5.246s] -- Up-to-date symlink: /home/wheeltec/wheeltec_ros2/install/yesense_interface/share/yesense_interface/msg/ImuData.msg
[5.246s] -- Up-to-date symlink: /home/wheeltec/wheeltec_ros2/install/yesense_interface/share/yesense_interface/msg/ImuDataTenAxis.msg
[5.247s] -- Up-to-date symlink: /home/wheeltec/wheeltec_ros2/install/yesense_interface/share/yesense_interface/msg/EulerOnly.msg
[5.247s] -- Up-to-date symlink: /home/wheeltec/wheeltec_ros2/install/yesense_interface/share/yesense_interface/msg/RobotLord.msg
[5.247s] -- Up-to-date symlink: /home/wheeltec/wheeltec_ros2/install/yesense_interface/share/yesense_interface/msg/AttitudeMinVru.msg
[5.248s] -- Up-to-date symlink: /home/wheeltec/wheeltec_ros2/install/yesense_interface/share/yesense_interface/msg/AttitudeMinAhrs.msg
[5.248s] -- Up-to-date symlink: /home/wheeltec/wheeltec_ros2/install/yesense_interface/share/yesense_interface/msg/AttitudeAllData.msg
[5.249s] -- Up-to-date symlink: /home/wheeltec/wheeltec_ros2/install/yesense_interface/share/yesense_interface/msg/PosOnly.msg
[5.249s] -- Up-to-date symlink: /home/wheeltec/wheeltec_ros2/install/yesense_interface/share/yesense_interface/msg/NavMin.msg
[5.250s] -- Up-to-date symlink: /home/wheeltec/wheeltec_ros2/install/yesense_interface/share/yesense_interface/msg/NavMinUtc.msg
[5.250s] -- Up-to-date symlink: /home/wheeltec/wheeltec_ros2/install/yesense_interface/share/yesense_interface/msg/NavAll.msg
[5.250s] -- Up-to-date symlink: /home/wheeltec/wheeltec_ros2/install/yesense_interface/share/ament_index/resource_index/package_run_dependencies/yesense_interface
[5.251s] -- Up-to-date symlink: /home/wheeltec/wheeltec_ros2/install/yesense_interface/share/ament_index/resource_index/parent_prefix_path/yesense_interface
[5.252s] -- Up-to-date symlink: /home/wheeltec/wheeltec_ros2/install/yesense_interface/share/yesense_interface/environment/ament_prefix_path.sh
[5.252s] -- Up-to-date symlink: /home/wheeltec/wheeltec_ros2/install/yesense_interface/share/yesense_interface/environment/ament_prefix_path.dsv
[5.252s] -- Up-to-date symlink: /home/wheeltec/wheeltec_ros2/install/yesense_interface/share/yesense_interface/environment/path.sh
[5.253s] -- Up-to-date symlink: /home/wheeltec/wheeltec_ros2/install/yesense_interface/share/yesense_interface/environment/path.dsv
[5.253s] -- Up-to-date symlink: /home/wheeltec/wheeltec_ros2/install/yesense_interface/share/yesense_interface/local_setup.bash
[5.254s] -- Up-to-date symlink: /home/wheeltec/wheeltec_ros2/install/yesense_interface/share/yesense_interface/local_setup.sh
[5.254s] -- Up-to-date symlink: /home/wheeltec/wheeltec_ros2/install/yesense_interface/share/yesense_interface/local_setup.zsh
[5.255s] -- Up-to-date symlink: /home/wheeltec/wheeltec_ros2/install/yesense_interface/share/yesense_interface/local_setup.dsv
[5.255s] -- Symlinking: /home/wheeltec/wheeltec_ros2/install/yesense_interface/share/yesense_interface/package.dsv
[5.326s] -- Up-to-date symlink: /home/wheeltec/wheeltec_ros2/install/yesense_interface/share/ament_index/resource_index/packages/yesense_interface
[5.326s] -- Up-to-date symlink: /home/wheeltec/wheeltec_ros2/install/yesense_interface/share/yesense_interface/cmake/rosidl_cmake-extras.cmake
[5.326s] -- Up-to-date symlink: /home/wheeltec/wheeltec_ros2/install/yesense_interface/share/yesense_interface/cmake/ament_cmake_export_include_directories-extras.cmake
[5.327s] -- Up-to-date symlink: /home/wheeltec/wheeltec_ros2/install/yesense_interface/share/yesense_interface/cmake/ament_cmake_export_libraries-extras.cmake
[5.327s] -- Up-to-date symlink: /home/wheeltec/wheeltec_ros2/install/yesense_interface/share/yesense_interface/cmake/ament_cmake_export_targets-extras.cmake
[5.328s] -- Up-to-date symlink: /home/wheeltec/wheeltec_ros2/install/yesense_interface/share/yesense_interface/cmake/rosidl_cmake_export_typesupport_targets-extras.cmake
[5.329s] -- Up-to-date symlink: /home/wheeltec/wheeltec_ros2/install/yesense_interface/share/yesense_interface/cmake/ament_cmake_export_dependencies-extras.cmake
[5.330s] -- Up-to-date symlink: /home/wheeltec/wheeltec_ros2/install/yesense_interface/share/yesense_interface/cmake/rosidl_cmake_export_typesupport_libraries-extras.cmake
[5.330s] -- Up-to-date symlink: /home/wheeltec/wheeltec_ros2/install/yesense_interface/share/yesense_interface/cmake/yesense_interfaceConfig.cmake
[5.330s] -- Up-to-date symlink: /home/wheeltec/wheeltec_ros2/install/yesense_interface/share/yesense_interface/cmake/yesense_interfaceConfig-version.cmake
[5.340s] -- Up-to-date symlink: /home/wheeltec/wheeltec_ros2/install/yesense_interface/share/yesense_interface/package.xml
[5.341s] -- Up-to-date: /home/wheeltec/wheeltec_ros2/install/yesense_interface/lib/libyesense_interface__rosidl_generator_c.so
[5.341s] -- Up-to-date: /home/wheeltec/wheeltec_ros2/install/yesense_interface/lib/libyesense_interface__rosidl_typesupport_fastrtps_c.so
[5.341s] -- Up-to-date: /home/wheeltec/wheeltec_ros2/install/yesense_interface/lib/libyesense_interface__rosidl_typesupport_introspection_c.so
[5.341s] -- Up-to-date: /home/wheeltec/wheeltec_ros2/install/yesense_interface/lib/libyesense_interface__rosidl_typesupport_c.so
[5.341s] -- Up-to-date: /home/wheeltec/wheeltec_ros2/install/yesense_interface/lib/libyesense_interface__rosidl_typesupport_fastrtps_cpp.so
[5.341s] -- Up-to-date: /home/wheeltec/wheeltec_ros2/install/yesense_interface/lib/libyesense_interface__rosidl_typesupport_introspection_cpp.so
[5.341s] -- Up-to-date: /home/wheeltec/wheeltec_ros2/install/yesense_interface/lib/libyesense_interface__rosidl_typesupport_cpp.so
[5.526s] Listing '/home/wheeltec/wheeltec_ros2/install/yesense_interface/local/lib/python3.10/dist-packages/yesense_interface'...
[5.526s] Listing '/home/wheeltec/wheeltec_ros2/install/yesense_interface/local/lib/python3.10/dist-packages/yesense_interface/msg'...
[5.540s] -- Up-to-date: /home/wheeltec/wheeltec_ros2/install/yesense_interface/lib/libyesense_interface__rosidl_generator_py.so
[5.542s] -- Up-to-date: /home/wheeltec/wheeltec_ros2/install/yesense_interface/share/yesense_interface/cmake/export_yesense_interface__rosidl_generator_cExport.cmake
[5.542s] -- Up-to-date: /home/wheeltec/wheeltec_ros2/install/yesense_interface/share/yesense_interface/cmake/export_yesense_interface__rosidl_generator_cExport-noconfig.cmake
[5.543s] -- Up-to-date: /home/wheeltec/wheeltec_ros2/install/yesense_interface/share/yesense_interface/cmake/export_yesense_interface__rosidl_typesupport_fastrtps_cExport.cmake
[5.543s] -- Up-to-date: /home/wheeltec/wheeltec_ros2/install/yesense_interface/share/yesense_interface/cmake/export_yesense_interface__rosidl_typesupport_fastrtps_cExport-noconfig.cmake
[5.544s] -- Up-to-date: /home/wheeltec/wheeltec_ros2/install/yesense_interface/share/yesense_interface/cmake/yesense_interface__rosidl_typesupport_introspection_cExport.cmake
[5.544s] -- Up-to-date: /home/wheeltec/wheeltec_ros2/install/yesense_interface/share/yesense_interface/cmake/yesense_interface__rosidl_typesupport_introspection_cExport-noconfig.cmake
[5.545s] -- Up-to-date: /home/wheeltec/wheeltec_ros2/install/yesense_interface/share/yesense_interface/cmake/yesense_interface__rosidl_typesupport_cExport.cmake
[5.545s] -- Up-to-date: /home/wheeltec/wheeltec_ros2/install/yesense_interface/share/yesense_interface/cmake/yesense_interface__rosidl_typesupport_cExport-noconfig.cmake
[5.546s] -- Up-to-date: /home/wheeltec/wheeltec_ros2/install/yesense_interface/share/yesense_interface/cmake/export_yesense_interface__rosidl_generator_cppExport.cmake
[5.546s] -- Up-to-date: /home/wheeltec/wheeltec_ros2/install/yesense_interface/share/yesense_interface/cmake/export_yesense_interface__rosidl_typesupport_fastrtps_cppExport.cmake
[5.546s] -- Up-to-date: /home/wheeltec/wheeltec_ros2/install/yesense_interface/share/yesense_interface/cmake/export_yesense_interface__rosidl_typesupport_fastrtps_cppExport-noconfig.cmake
[5.547s] -- Up-to-date: /home/wheeltec/wheeltec_ros2/install/yesense_interface/share/yesense_interface/cmake/yesense_interface__rosidl_typesupport_introspection_cppExport.cmake
[5.547s] -- Up-to-date: /home/wheeltec/wheeltec_ros2/install/yesense_interface/share/yesense_interface/cmake/yesense_interface__rosidl_typesupport_introspection_cppExport-noconfig.cmake
[5.548s] -- Up-to-date: /home/wheeltec/wheeltec_ros2/install/yesense_interface/share/yesense_interface/cmake/yesense_interface__rosidl_typesupport_cppExport.cmake
[5.549s] -- Up-to-date: /home/wheeltec/wheeltec_ros2/install/yesense_interface/share/yesense_interface/cmake/yesense_interface__rosidl_typesupport_cppExport-noconfig.cmake
[5.549s] -- Up-to-date: /home/wheeltec/wheeltec_ros2/install/yesense_interface/share/yesense_interface/cmake/export_yesense_interface__rosidl_generator_pyExport.cmake
[5.550s] -- Up-to-date: /home/wheeltec/wheeltec_ros2/install/yesense_interface/share/yesense_interface/cmake/export_yesense_interface__rosidl_generator_pyExport-noconfig.cmake
[5.558s] Invoked command in '/home/wheeltec/wheeltec_ros2/build/yesense_interface' returned '0': CMAKE_PREFIX_PATH=${CMAKE_PREFIX_PATH}:/home/wheeltec/wheeltec_ros2/install/simple_follower_ros2:/home/wheeltec/wheeltec_ros2/install/wheeltec_robot_keyboard:/home/wheeltec/wheeltec_ros2/install/wheeltec_dual_rtk_driver:/home/wheeltec/wheeltec_ros2/install/ultralytics_ros2:/home/wheeltec/wheeltec_ros2/install/tf2_tools:/home/wheeltec/wheeltec_ros2/install/ollama_ros_chat:/home/wheeltec/wheeltec_ros2/install/nmea_navsat_driver:/home/wheeltec/wheeltec_ros2/install/nav2_waypoint_cycle:/home/wheeltec/wheeltec_ros2/install/nav2_simple_commander:/home/wheeltec/wheeltec_ros2/install/auto_recharge_ros2:/home/wheeltec/autoware/install/autoware_wheeltec_interface:/home/wheeltec/autoware/install/ad_api_visualizers:/opt/ros/humble /usr/bin/cmake --install /home/wheeltec/wheeltec_ros2/build/yesense_interface
