gmake: Warning: File 'Makefile' has modification time 1766048313 s in the future
gmake[1]: Warning: File 'CMakeFiles/Makefile2' has modification time 1766048313 s in the future
gmake[2]: Warning: File 'CMakeFiles/ollama_ros_msgs__cpp.dir/progress.make' has modification time 1766048313 s in the future
gmake[2]: Warning: File 'CMakeFiles/ollama_ros_msgs__rosidl_generator_c.dir/flags.make' has modification time 1766048313 s in the future
gmake[2]: Warning: File 'CMakeFiles/ament_cmake_python_symlink_ollama_ros_msgs.dir/progress.make' has modification time 1766048313 s in the future
gmake[2]: warning:  Clock skew detected.  Your build may be incomplete.
gmake[2]: Warning: File 'CMakeFiles/ollama_ros_msgs__rosidl_generator_c.dir/flags.make' has modification time 1766048312 s in the future
gmake[2]: warning:  Clock skew detected.  Your build may be incomplete.
gmake[2]: warning:  Clock skew detected.  Your build may be incomplete.
gmake[2]: Warning: File 'CMakeFiles/ollama_ros_msgs__cpp.dir/progress.make' has modification time 1766048312 s in the future
gmake[2]: warning:  Clock skew detected.  Your build may be incomplete.
gmake[2]: warning:  Clock skew detected.  Your build may be incomplete.
gmake[2]: Warning: File 'CMakeFiles/ament_cmake_python_symlink_ollama_ros_msgs.dir/progress.make' has modification time 1766048312 s in the future
[  9%] Built target ollama_ros_msgs__rosidl_generator_c
gmake[2]: Warning: File 'CMakeFiles/ollama_ros_msgs__rosidl_typesupport_c.dir/flags.make' has modification time 1766048312 s in the future
[ 12%] Built target ollama_ros_msgs__cpp
gmake[2]: Warning: File 'CMakeFiles/ollama_ros_msgs__rosidl_typesupport_introspection_c.dir/flags.make' has modification time 1766048312 s in the future
gmake[2]: warning:  Clock skew detected.  Your build may be incomplete.
gmake[2]: warning:  Clock skew detected.  Your build may be incomplete.
gmake[2]: Warning: File 'CMakeFiles/ollama_ros_msgs__rosidl_typesupport_c.dir/flags.make' has modification time 1766048312 s in the future
gmake[2]: warning:  Clock skew detected.  Your build may be incomplete.
gmake[2]: Warning: File 'CMakeFiles/ollama_ros_msgs__rosidl_typesupport_fastrtps_cpp.dir/flags.make' has modification time 1766048312 s in the future
[ 12%] Built target ament_cmake_python_symlink_ollama_ros_msgs
gmake[2]: warning:  Clock skew detected.  Your build may be incomplete.
gmake[2]: Warning: File 'CMakeFiles/ollama_ros_msgs__rosidl_typesupport_cpp.dir/flags.make' has modification time 1766048312 s in the future
gmake[2]: Warning: File 'CMakeFiles/ollama_ros_msgs__rosidl_typesupport_introspection_c.dir/flags.make' has modification time 1766048312 s in the future
gmake[2]: warning:  Clock skew detected.  Your build may be incomplete.
gmake[2]: warning:  Clock skew detected.  Your build may be incomplete.
gmake[2]: Warning: File 'CMakeFiles/ollama_ros_msgs__rosidl_typesupport_fastrtps_cpp.dir/flags.make' has modification time 1766048311 s in the future
gmake[2]: warning:  Clock skew detected.  Your build may be incomplete.
[ 22%] Built target ollama_ros_msgs__rosidl_typesupport_c
gmake[2]: Warning: File 'CMakeFiles/ollama_ros_msgs__rosidl_typesupport_introspection_cpp.dir/flags.make' has modification time 1766048311 s in the future
[ 32%] Built target ollama_ros_msgs__rosidl_typesupport_introspection_c
gmake[2]: Warning: File 'CMakeFiles/ament_cmake_python_build_ollama_ros_msgs_egg.dir/progress.make' has modification time 1766048311 s in the future
gmake[2]: warning:  Clock skew detected.  Your build may be incomplete.
gmake[2]: Warning: File 'CMakeFiles/ollama_ros_msgs__rosidl_typesupport_cpp.dir/flags.make' has modification time 1766048311 s in the future
gmake[2]: warning:  Clock skew detected.  Your build may be incomplete.
[ 41%] Built target ollama_ros_msgs__rosidl_typesupport_fastrtps_cpp
gmake[2]: warning:  Clock skew detected.  Your build may be incomplete.
gmake[2]: Warning: File 'CMakeFiles/ollama_ros_msgs__rosidl_typesupport_fastrtps_c.dir/flags.make' has modification time 1766048311 s in the future
gmake[2]: Warning: File 'CMakeFiles/ollama_ros_msgs__rosidl_typesupport_introspection_cpp.dir/flags.make' has modification time 1766048311 s in the future
gmake[2]: warning:  Clock skew detected.  Your build may be incomplete.
gmake[2]: warning:  Clock skew detected.  Your build may be incomplete.
gmake[2]: Warning: File 'CMakeFiles/ament_cmake_python_build_ollama_ros_msgs_egg.dir/progress.make' has modification time 1766048311 s in the future
[ 51%] Built target ollama_ros_msgs__rosidl_typesupport_cpp
gmake[2]: warning:  Clock skew detected.  Your build may be incomplete.
gmake[2]: Warning: File 'CMakeFiles/ollama_ros_msgs__rosidl_typesupport_fastrtps_c.dir/flags.make' has modification time 1766048311 s in the future
gmake[2]: warning:  Clock skew detected.  Your build may be incomplete.
[ 61%] Built target ollama_ros_msgs__rosidl_typesupport_introspection_cpp
[ 70%] Built target ollama_ros_msgs__rosidl_typesupport_fastrtps_c
gmake[2]: Warning: File 'CMakeFiles/ollama_ros_msgs.dir/progress.make' has modification time 1766048310 s in the future
gmake[2]: warning:  Clock skew detected.  Your build may be incomplete.
gmake[2]: Warning: File 'CMakeFiles/ollama_ros_msgs.dir/progress.make' has modification time 1766048310 s in the future
gmake[2]: warning:  Clock skew detected.  Your build may be incomplete.
[ 70%] Built target ollama_ros_msgs
running egg_info
writing ollama_ros_msgs.egg-info/PKG-INFO
writing dependency_links to ollama_ros_msgs.egg-info/dependency_links.txt
writing top-level names to ollama_ros_msgs.egg-info/top_level.txt
reading manifest file 'ollama_ros_msgs.egg-info/SOURCES.txt'
writing manifest file 'ollama_ros_msgs.egg-info/SOURCES.txt'
gmake[2]: warning:  Clock skew detected.  Your build may be incomplete.
[ 70%] Built target ament_cmake_python_build_ollama_ros_msgs_egg
gmake[2]: Warning: File 'ollama_ros_msgs__py/CMakeFiles/ollama_ros_msgs__py.dir/progress.make' has modification time 1766048309 s in the future
gmake[2]: warning:  Clock skew detected.  Your build may be incomplete.
gmake[2]: Warning: File 'ollama_ros_msgs__py/CMakeFiles/ollama_ros_msgs__py.dir/progress.make' has modification time 1766048309 s in the future
gmake[2]: warning:  Clock skew detected.  Your build may be incomplete.
[ 74%] Built target ollama_ros_msgs__py
gmake[2]: Warning: File 'CMakeFiles/ollama_ros_msgs__rosidl_generator_py.dir/flags.make' has modification time 1766048308 s in the future
gmake[2]: warning:  Clock skew detected.  Your build may be incomplete.
gmake[2]: Warning: File 'CMakeFiles/ollama_ros_msgs__rosidl_generator_py.dir/flags.make' has modification time 1766048308 s in the future
gmake[2]: warning:  Clock skew detected.  Your build may be incomplete.
[ 80%] Built target ollama_ros_msgs__rosidl_generator_py
gmake[2]: Warning: File 'CMakeFiles/ollama_ros_msgs__rosidl_typesupport_fastrtps_c__pyext.dir/flags.make' has modification time 1766048308 s in the future
gmake[2]: warning:  Clock skew detected.  Your build may be incomplete.
gmake[2]: Warning: File 'CMakeFiles/ollama_ros_msgs__rosidl_typesupport_fastrtps_c__pyext.dir/flags.make' has modification time 1766048308 s in the future
gmake[2]: warning:  Clock skew detected.  Your build may be incomplete.
[ 87%] Built target ollama_ros_msgs__rosidl_typesupport_fastrtps_c__pyext
gmake[2]: Warning: File 'CMakeFiles/ollama_ros_msgs__rosidl_typesupport_c__pyext.dir/flags.make' has modification time 1766048308 s in the future
gmake[2]: warning:  Clock skew detected.  Your build may be incomplete.
gmake[2]: Warning: File 'CMakeFiles/ollama_ros_msgs__rosidl_typesupport_c__pyext.dir/flags.make' has modification time 1766048308 s in the future
gmake[2]: warning:  Clock skew detected.  Your build may be incomplete.
[ 93%] Built target ollama_ros_msgs__rosidl_typesupport_c__pyext
gmake[2]: Warning: File 'CMakeFiles/ollama_ros_msgs__rosidl_typesupport_introspection_c__pyext.dir/flags.make' has modification time 1766048308 s in the future
gmake[2]: warning:  Clock skew detected.  Your build may be incomplete.
gmake[2]: Warning: File 'CMakeFiles/ollama_ros_msgs__rosidl_typesupport_introspection_c__pyext.dir/flags.make' has modification time 1766048307 s in the future
gmake[2]: warning:  Clock skew detected.  Your build may be incomplete.
[100%] Built target ollama_ros_msgs__rosidl_typesupport_introspection_c__pyext
gmake[1]: warning:  Clock skew detected.  Your build may be incomplete.
gmake: warning:  Clock skew detected.  Your build may be incomplete.
-- Install configuration: ""
-- Execute custom install script
-- Up-to-date symlink: /home/wheeltec/wheeltec_ros2/install/ollama_ros_msgs/share/ament_index/resource_index/rosidl_interfaces/ollama_ros_msgs
-- Up-to-date symlink: /home/wheeltec/wheeltec_ros2/install/ollama_ros_msgs/include/ollama_ros_msgs/ollama_ros_msgs/msg/rosidl_generator_c__visibility_control.h
-- Up-to-date symlink: /home/wheeltec/wheeltec_ros2/install/ollama_ros_msgs/include/ollama_ros_msgs/ollama_ros_msgs/srv/chat.h
-- Up-to-date symlink: /home/wheeltec/wheeltec_ros2/install/ollama_ros_msgs/include/ollama_ros_msgs/ollama_ros_msgs/srv/detail/chat__functions.h
-- Up-to-date symlink: /home/wheeltec/wheeltec_ros2/install/ollama_ros_msgs/include/ollama_ros_msgs/ollama_ros_msgs/srv/detail/chat__struct.h
-- Up-to-date symlink: /home/wheeltec/wheeltec_ros2/install/ollama_ros_msgs/include/ollama_ros_msgs/ollama_ros_msgs/srv/detail/chat__type_support.h
-- Up-to-date symlink: /home/wheeltec/wheeltec_ros2/install/ollama_ros_msgs/share/ollama_ros_msgs/environment/library_path.sh
-- Up-to-date symlink: /home/wheeltec/wheeltec_ros2/install/ollama_ros_msgs/share/ollama_ros_msgs/environment/library_path.dsv
-- Up-to-date symlink: /home/wheeltec/wheeltec_ros2/install/ollama_ros_msgs/include/ollama_ros_msgs/ollama_ros_msgs/msg/rosidl_typesupport_fastrtps_c__visibility_control.h
-- Up-to-date symlink: /home/wheeltec/wheeltec_ros2/install/ollama_ros_msgs/include/ollama_ros_msgs/ollama_ros_msgs/srv/detail/chat__rosidl_typesupport_fastrtps_c.h
-- Up-to-date symlink: /home/wheeltec/wheeltec_ros2/install/ollama_ros_msgs/include/ollama_ros_msgs/ollama_ros_msgs/msg/rosidl_typesupport_introspection_c__visibility_control.h
-- Up-to-date symlink: /home/wheeltec/wheeltec_ros2/install/ollama_ros_msgs/include/ollama_ros_msgs/ollama_ros_msgs/srv/detail/chat__rosidl_typesupport_introspection_c.h
-- Up-to-date symlink: /home/wheeltec/wheeltec_ros2/install/ollama_ros_msgs/include/ollama_ros_msgs/ollama_ros_msgs/msg/rosidl_generator_cpp__visibility_control.hpp
-- Up-to-date symlink: /home/wheeltec/wheeltec_ros2/install/ollama_ros_msgs/include/ollama_ros_msgs/ollama_ros_msgs/srv/chat.hpp
-- Up-to-date symlink: /home/wheeltec/wheeltec_ros2/install/ollama_ros_msgs/include/ollama_ros_msgs/ollama_ros_msgs/srv/detail/chat__builder.hpp
-- Up-to-date symlink: /home/wheeltec/wheeltec_ros2/install/ollama_ros_msgs/include/ollama_ros_msgs/ollama_ros_msgs/srv/detail/chat__struct.hpp
-- Up-to-date symlink: /home/wheeltec/wheeltec_ros2/install/ollama_ros_msgs/include/ollama_ros_msgs/ollama_ros_msgs/srv/detail/chat__traits.hpp
-- Up-to-date symlink: /home/wheeltec/wheeltec_ros2/install/ollama_ros_msgs/include/ollama_ros_msgs/ollama_ros_msgs/srv/detail/chat__type_support.hpp
-- Up-to-date symlink: /home/wheeltec/wheeltec_ros2/install/ollama_ros_msgs/include/ollama_ros_msgs/ollama_ros_msgs/msg/rosidl_typesupport_fastrtps_cpp__visibility_control.h
-- Up-to-date symlink: /home/wheeltec/wheeltec_ros2/install/ollama_ros_msgs/include/ollama_ros_msgs/ollama_ros_msgs/srv/detail/chat__rosidl_typesupport_fastrtps_cpp.hpp
-- Up-to-date symlink: /home/wheeltec/wheeltec_ros2/install/ollama_ros_msgs/include/ollama_ros_msgs/ollama_ros_msgs/srv/detail/chat__rosidl_typesupport_introspection_cpp.hpp
-- Up-to-date symlink: /home/wheeltec/wheeltec_ros2/install/ollama_ros_msgs/share/ollama_ros_msgs/environment/pythonpath.sh
-- Up-to-date symlink: /home/wheeltec/wheeltec_ros2/install/ollama_ros_msgs/share/ollama_ros_msgs/environment/pythonpath.dsv
-- Up-to-date symlink: /home/wheeltec/wheeltec_ros2/install/ollama_ros_msgs/local/lib/python3.10/dist-packages/ollama_ros_msgs-0.0.0-py3.10.egg-info/PKG-INFO
-- Up-to-date symlink: /home/wheeltec/wheeltec_ros2/install/ollama_ros_msgs/local/lib/python3.10/dist-packages/ollama_ros_msgs-0.0.0-py3.10.egg-info/SOURCES.txt
-- Up-to-date symlink: /home/wheeltec/wheeltec_ros2/install/ollama_ros_msgs/local/lib/python3.10/dist-packages/ollama_ros_msgs-0.0.0-py3.10.egg-info/dependency_links.txt
-- Up-to-date symlink: /home/wheeltec/wheeltec_ros2/install/ollama_ros_msgs/local/lib/python3.10/dist-packages/ollama_ros_msgs-0.0.0-py3.10.egg-info/top_level.txt
-- Up-to-date symlink: /home/wheeltec/wheeltec_ros2/install/ollama_ros_msgs/local/lib/python3.10/dist-packages/ollama_ros_msgs/__init__.py
-- Up-to-date symlink: /home/wheeltec/wheeltec_ros2/install/ollama_ros_msgs/local/lib/python3.10/dist-packages/ollama_ros_msgs/_ollama_ros_msgs_s.ep.rosidl_typesupport_c.c
-- Up-to-date symlink: /home/wheeltec/wheeltec_ros2/install/ollama_ros_msgs/local/lib/python3.10/dist-packages/ollama_ros_msgs/_ollama_ros_msgs_s.ep.rosidl_typesupport_fastrtps_c.c
-- Up-to-date symlink: /home/wheeltec/wheeltec_ros2/install/ollama_ros_msgs/local/lib/python3.10/dist-packages/ollama_ros_msgs/_ollama_ros_msgs_s.ep.rosidl_typesupport_introspection_c.c
-- Up-to-date symlink: /home/wheeltec/wheeltec_ros2/install/ollama_ros_msgs/local/lib/python3.10/dist-packages/ollama_ros_msgs/libollama_ros_msgs__rosidl_generator_py.so
-- Up-to-date symlink: /home/wheeltec/wheeltec_ros2/install/ollama_ros_msgs/local/lib/python3.10/dist-packages/ollama_ros_msgs/ollama_ros_msgs_s__rosidl_typesupport_c.cpython-310-aarch64-linux-gnu.so
-- Up-to-date symlink: /home/wheeltec/wheeltec_ros2/install/ollama_ros_msgs/local/lib/python3.10/dist-packages/ollama_ros_msgs/ollama_ros_msgs_s__rosidl_typesupport_fastrtps_c.cpython-310-aarch64-linux-gnu.so
-- Up-to-date symlink: /home/wheeltec/wheeltec_ros2/install/ollama_ros_msgs/local/lib/python3.10/dist-packages/ollama_ros_msgs/ollama_ros_msgs_s__rosidl_typesupport_introspection_c.cpython-310-aarch64-linux-gnu.so
-- Up-to-date symlink: /home/wheeltec/wheeltec_ros2/install/ollama_ros_msgs/local/lib/python3.10/dist-packages/ollama_ros_msgs/srv/__init__.py
-- Up-to-date symlink: /home/wheeltec/wheeltec_ros2/install/ollama_ros_msgs/local/lib/python3.10/dist-packages/ollama_ros_msgs/srv/_chat.py
-- Up-to-date symlink: /home/wheeltec/wheeltec_ros2/install/ollama_ros_msgs/local/lib/python3.10/dist-packages/ollama_ros_msgs/srv/_chat_s.c
-- Up-to-date symlink: /home/wheeltec/wheeltec_ros2/install/ollama_ros_msgs/local/lib/python3.10/dist-packages/ollama_ros_msgs/ollama_ros_msgs_s__rosidl_typesupport_fastrtps_c.cpython-310-aarch64-linux-gnu.so
-- Up-to-date symlink: /home/wheeltec/wheeltec_ros2/install/ollama_ros_msgs/local/lib/python3.10/dist-packages/ollama_ros_msgs/ollama_ros_msgs_s__rosidl_typesupport_introspection_c.cpython-310-aarch64-linux-gnu.so
-- Up-to-date symlink: /home/wheeltec/wheeltec_ros2/install/ollama_ros_msgs/local/lib/python3.10/dist-packages/ollama_ros_msgs/ollama_ros_msgs_s__rosidl_typesupport_c.cpython-310-aarch64-linux-gnu.so
-- Up-to-date symlink: /home/wheeltec/wheeltec_ros2/install/ollama_ros_msgs/share/ollama_ros_msgs/srv/Chat.idl
-- Up-to-date symlink: /home/wheeltec/wheeltec_ros2/install/ollama_ros_msgs/share/ollama_ros_msgs/srv/Chat.srv
-- Up-to-date symlink: /home/wheeltec/wheeltec_ros2/install/ollama_ros_msgs/share/ollama_ros_msgs/srv/Chat_Request.msg
-- Up-to-date symlink: /home/wheeltec/wheeltec_ros2/install/ollama_ros_msgs/share/ollama_ros_msgs/srv/Chat_Response.msg
-- Up-to-date symlink: /home/wheeltec/wheeltec_ros2/install/ollama_ros_msgs/share/ament_index/resource_index/package_run_dependencies/ollama_ros_msgs
-- Up-to-date symlink: /home/wheeltec/wheeltec_ros2/install/ollama_ros_msgs/share/ament_index/resource_index/parent_prefix_path/ollama_ros_msgs
-- Up-to-date symlink: /home/wheeltec/wheeltec_ros2/install/ollama_ros_msgs/share/ollama_ros_msgs/environment/ament_prefix_path.sh
-- Up-to-date symlink: /home/wheeltec/wheeltec_ros2/install/ollama_ros_msgs/share/ollama_ros_msgs/environment/ament_prefix_path.dsv
-- Up-to-date symlink: /home/wheeltec/wheeltec_ros2/install/ollama_ros_msgs/share/ollama_ros_msgs/environment/path.sh
-- Up-to-date symlink: /home/wheeltec/wheeltec_ros2/install/ollama_ros_msgs/share/ollama_ros_msgs/environment/path.dsv
-- Up-to-date symlink: /home/wheeltec/wheeltec_ros2/install/ollama_ros_msgs/share/ollama_ros_msgs/local_setup.bash
-- Up-to-date symlink: /home/wheeltec/wheeltec_ros2/install/ollama_ros_msgs/share/ollama_ros_msgs/local_setup.sh
-- Up-to-date symlink: /home/wheeltec/wheeltec_ros2/install/ollama_ros_msgs/share/ollama_ros_msgs/local_setup.zsh
-- Up-to-date symlink: /home/wheeltec/wheeltec_ros2/install/ollama_ros_msgs/share/ollama_ros_msgs/local_setup.dsv
-- Symlinking: /home/wheeltec/wheeltec_ros2/install/ollama_ros_msgs/share/ollama_ros_msgs/package.dsv
-- Up-to-date symlink: /home/wheeltec/wheeltec_ros2/install/ollama_ros_msgs/share/ament_index/resource_index/packages/ollama_ros_msgs
-- Up-to-date symlink: /home/wheeltec/wheeltec_ros2/install/ollama_ros_msgs/share/ollama_ros_msgs/cmake/rosidl_cmake-extras.cmake
-- Up-to-date symlink: /home/wheeltec/wheeltec_ros2/install/ollama_ros_msgs/share/ollama_ros_msgs/cmake/ament_cmake_export_include_directories-extras.cmake
-- Up-to-date symlink: /home/wheeltec/wheeltec_ros2/install/ollama_ros_msgs/share/ollama_ros_msgs/cmake/ament_cmake_export_libraries-extras.cmake
-- Up-to-date symlink: /home/wheeltec/wheeltec_ros2/install/ollama_ros_msgs/share/ollama_ros_msgs/cmake/ament_cmake_export_targets-extras.cmake
-- Up-to-date symlink: /home/wheeltec/wheeltec_ros2/install/ollama_ros_msgs/share/ollama_ros_msgs/cmake/rosidl_cmake_export_typesupport_targets-extras.cmake
-- Up-to-date symlink: /home/wheeltec/wheeltec_ros2/install/ollama_ros_msgs/share/ollama_ros_msgs/cmake/ament_cmake_export_dependencies-extras.cmake
-- Up-to-date symlink: /home/wheeltec/wheeltec_ros2/install/ollama_ros_msgs/share/ollama_ros_msgs/cmake/rosidl_cmake_export_typesupport_libraries-extras.cmake
-- Up-to-date symlink: /home/wheeltec/wheeltec_ros2/install/ollama_ros_msgs/share/ollama_ros_msgs/cmake/ollama_ros_msgsConfig.cmake
-- Up-to-date symlink: /home/wheeltec/wheeltec_ros2/install/ollama_ros_msgs/share/ollama_ros_msgs/cmake/ollama_ros_msgsConfig-version.cmake
-- Up-to-date symlink: /home/wheeltec/wheeltec_ros2/install/ollama_ros_msgs/share/ollama_ros_msgs/package.xml
-- Up-to-date: /home/wheeltec/wheeltec_ros2/install/ollama_ros_msgs/lib/libollama_ros_msgs__rosidl_generator_c.so
-- Up-to-date: /home/wheeltec/wheeltec_ros2/install/ollama_ros_msgs/lib/libollama_ros_msgs__rosidl_typesupport_fastrtps_c.so
-- Up-to-date: /home/wheeltec/wheeltec_ros2/install/ollama_ros_msgs/lib/libollama_ros_msgs__rosidl_typesupport_introspection_c.so
-- Up-to-date: /home/wheeltec/wheeltec_ros2/install/ollama_ros_msgs/lib/libollama_ros_msgs__rosidl_typesupport_c.so
-- Up-to-date: /home/wheeltec/wheeltec_ros2/install/ollama_ros_msgs/lib/libollama_ros_msgs__rosidl_typesupport_fastrtps_cpp.so
-- Up-to-date: /home/wheeltec/wheeltec_ros2/install/ollama_ros_msgs/lib/libollama_ros_msgs__rosidl_typesupport_introspection_cpp.so
-- Up-to-date: /home/wheeltec/wheeltec_ros2/install/ollama_ros_msgs/lib/libollama_ros_msgs__rosidl_typesupport_cpp.so
Listing '/home/wheeltec/wheeltec_ros2/install/ollama_ros_msgs/local/lib/python3.10/dist-packages/ollama_ros_msgs'...
Listing '/home/wheeltec/wheeltec_ros2/install/ollama_ros_msgs/local/lib/python3.10/dist-packages/ollama_ros_msgs/srv'...
-- Up-to-date: /home/wheeltec/wheeltec_ros2/install/ollama_ros_msgs/lib/libollama_ros_msgs__rosidl_generator_py.so
-- Up-to-date: /home/wheeltec/wheeltec_ros2/install/ollama_ros_msgs/share/ollama_ros_msgs/cmake/export_ollama_ros_msgs__rosidl_generator_cExport.cmake
-- Up-to-date: /home/wheeltec/wheeltec_ros2/install/ollama_ros_msgs/share/ollama_ros_msgs/cmake/export_ollama_ros_msgs__rosidl_generator_cExport-noconfig.cmake
-- Up-to-date: /home/wheeltec/wheeltec_ros2/install/ollama_ros_msgs/share/ollama_ros_msgs/cmake/export_ollama_ros_msgs__rosidl_typesupport_fastrtps_cExport.cmake
-- Up-to-date: /home/wheeltec/wheeltec_ros2/install/ollama_ros_msgs/share/ollama_ros_msgs/cmake/export_ollama_ros_msgs__rosidl_typesupport_fastrtps_cExport-noconfig.cmake
-- Up-to-date: /home/wheeltec/wheeltec_ros2/install/ollama_ros_msgs/share/ollama_ros_msgs/cmake/ollama_ros_msgs__rosidl_typesupport_introspection_cExport.cmake
-- Up-to-date: /home/wheeltec/wheeltec_ros2/install/ollama_ros_msgs/share/ollama_ros_msgs/cmake/ollama_ros_msgs__rosidl_typesupport_introspection_cExport-noconfig.cmake
-- Up-to-date: /home/wheeltec/wheeltec_ros2/install/ollama_ros_msgs/share/ollama_ros_msgs/cmake/ollama_ros_msgs__rosidl_typesupport_cExport.cmake
-- Up-to-date: /home/wheeltec/wheeltec_ros2/install/ollama_ros_msgs/share/ollama_ros_msgs/cmake/ollama_ros_msgs__rosidl_typesupport_cExport-noconfig.cmake
-- Up-to-date: /home/wheeltec/wheeltec_ros2/install/ollama_ros_msgs/share/ollama_ros_msgs/cmake/export_ollama_ros_msgs__rosidl_generator_cppExport.cmake
-- Up-to-date: /home/wheeltec/wheeltec_ros2/install/ollama_ros_msgs/share/ollama_ros_msgs/cmake/export_ollama_ros_msgs__rosidl_typesupport_fastrtps_cppExport.cmake
-- Up-to-date: /home/wheeltec/wheeltec_ros2/install/ollama_ros_msgs/share/ollama_ros_msgs/cmake/export_ollama_ros_msgs__rosidl_typesupport_fastrtps_cppExport-noconfig.cmake
-- Up-to-date: /home/wheeltec/wheeltec_ros2/install/ollama_ros_msgs/share/ollama_ros_msgs/cmake/ollama_ros_msgs__rosidl_typesupport_introspection_cppExport.cmake
-- Up-to-date: /home/wheeltec/wheeltec_ros2/install/ollama_ros_msgs/share/ollama_ros_msgs/cmake/ollama_ros_msgs__rosidl_typesupport_introspection_cppExport-noconfig.cmake
-- Up-to-date: /home/wheeltec/wheeltec_ros2/install/ollama_ros_msgs/share/ollama_ros_msgs/cmake/ollama_ros_msgs__rosidl_typesupport_cppExport.cmake
-- Up-to-date: /home/wheeltec/wheeltec_ros2/install/ollama_ros_msgs/share/ollama_ros_msgs/cmake/ollama_ros_msgs__rosidl_typesupport_cppExport-noconfig.cmake
-- Up-to-date: /home/wheeltec/wheeltec_ros2/install/ollama_ros_msgs/share/ollama_ros_msgs/cmake/export_ollama_ros_msgs__rosidl_generator_pyExport.cmake
-- Up-to-date: /home/wheeltec/wheeltec_ros2/install/ollama_ros_msgs/share/ollama_ros_msgs/cmake/export_ollama_ros_msgs__rosidl_generator_pyExport-noconfig.cmake
