gmake: Warning: File 'Makefile' has modification time 1766048328 s in the future
gmake[1]: Warning: File 'CMakeFiles/Makefile2' has modification time 1766048327 s in the future
gmake[2]: Warning: File 'CMakeFiles/wheeltec_mic_msg__cpp.dir/progress.make' has modification time 1766048327 s in the future
gmake[2]: Warning: File 'CMakeFiles/wheeltec_mic_msg__rosidl_generator_c.dir/flags.make' has modification time 1766048327 s in the future
gmake[2]: Warning: File 'CMakeFiles/ament_cmake_python_symlink_wheeltec_mic_msg.dir/progress.make' has modification time 1766048327 s in the future
gmake[2]: warning:  Clock skew detected.  Your build may be incomplete.
gmake[2]: warning:  Clock skew detected.  Your build may be incomplete.
gmake[2]: Warning: File 'CMakeFiles/wheeltec_mic_msg__cpp.dir/progress.make' has modification time 1766048327 s in the future
gmake[2]: warning:  Clock skew detected.  Your build may be incomplete.
gmake[2]: warning:  Clock skew detected.  Your build may be incomplete.
gmake[2]: Warning: File 'CMakeFiles/wheeltec_mic_msg__rosidl_generator_c.dir/flags.make' has modification time 1766048327 s in the future
gmake[2]: warning:  Clock skew detected.  Your build may be incomplete.
gmake[2]: Warning: File 'CMakeFiles/ament_cmake_python_symlink_wheeltec_mic_msg.dir/progress.make' has modification time 1766048327 s in the future
gmake[2]: warning:  Clock skew detected.  Your build may be incomplete.
gmake[2]: Warning: File 'CMakeFiles/wheeltec_mic_msg__rosidl_typesupport_introspection_c.dir/flags.make' has modification time 1766048326 s in the future
gmake[2]: warning:  Clock skew detected.  Your build may be incomplete.
gmake[2]: Warning: File 'CMakeFiles/wheeltec_mic_msg__rosidl_typesupport_introspection_c.dir/flags.make' has modification time 1766048326 s in the future
gmake[2]: warning:  Clock skew detected.  Your build may be incomplete.
gmake[2]: Warning: File 'CMakeFiles/wheeltec_mic_msg__rosidl_typesupport_c.dir/flags.make' has modification time 1766048326 s in the future
gmake[2]: warning:  Clock skew detected.  Your build may be incomplete.
gmake[2]: Warning: File 'CMakeFiles/wheeltec_mic_msg__rosidl_typesupport_c.dir/flags.make' has modification time 1766048326 s in the future
gmake[2]: warning:  Clock skew detected.  Your build may be incomplete.
gmake[2]: Warning: File 'CMakeFiles/ament_cmake_python_build_wheeltec_mic_msg_egg.dir/progress.make' has modification time 1766048326 s in the future
gmake[2]: warning:  Clock skew detected.  Your build may be incomplete.
gmake[2]: Warning: File 'CMakeFiles/ament_cmake_python_build_wheeltec_mic_msg_egg.dir/progress.make' has modification time 1766048326 s in the future
gmake[2]: warning:  Clock skew detected.  Your build may be incomplete.
gmake[2]: Warning: File 'CMakeFiles/wheeltec_mic_msg__rosidl_typesupport_fastrtps_c.dir/flags.make' has modification time 1766048324 s in the future
gmake[2]: warning:  Clock skew detected.  Your build may be incomplete.
gmake[2]: Warning: File 'CMakeFiles/wheeltec_mic_msg__rosidl_typesupport_fastrtps_c.dir/flags.make' has modification time 1766048324 s in the future
gmake[2]: warning:  Clock skew detected.  Your build may be incomplete.
gmake[2]: Warning: File 'CMakeFiles/wheeltec_mic_msg__rosidl_typesupport_introspection_cpp.dir/flags.make' has modification time 1766048324 s in the future
gmake[2]: warning:  Clock skew detected.  Your build may be incomplete.
gmake[2]: Warning: File 'CMakeFiles/wheeltec_mic_msg__rosidl_typesupport_introspection_cpp.dir/flags.make' has modification time 1766048324 s in the future
gmake[2]: warning:  Clock skew detected.  Your build may be incomplete.
gmake[2]: Warning: File 'CMakeFiles/wheeltec_mic_msg__rosidl_typesupport_fastrtps_cpp.dir/flags.make' has modification time 1766048323 s in the future
gmake[2]: warning:  Clock skew detected.  Your build may be incomplete.
gmake[2]: Warning: File 'CMakeFiles/wheeltec_mic_msg__rosidl_typesupport_fastrtps_cpp.dir/flags.make' has modification time 1766048323 s in the future
gmake[2]: warning:  Clock skew detected.  Your build may be incomplete.
gmake[2]: Warning: File 'CMakeFiles/wheeltec_mic_msg__rosidl_typesupport_cpp.dir/flags.make' has modification time 1766048323 s in the future
gmake[2]: warning:  Clock skew detected.  Your build may be incomplete.
gmake[2]: Warning: File 'CMakeFiles/wheeltec_mic_msg__rosidl_typesupport_cpp.dir/flags.make' has modification time 1766048323 s in the future
gmake[2]: warning:  Clock skew detected.  Your build may be incomplete.
gmake[2]: Warning: File 'CMakeFiles/wheeltec_mic_msg.dir/progress.make' has modification time 1766048323 s in the future
gmake[2]: warning:  Clock skew detected.  Your build may be incomplete.
gmake[2]: Warning: File 'CMakeFiles/wheeltec_mic_msg.dir/progress.make' has modification time 1766048323 s in the future
gmake[2]: warning:  Clock skew detected.  Your build may be incomplete.
gmake[2]: Warning: File 'wheeltec_mic_msg__py/CMakeFiles/wheeltec_mic_msg__py.dir/progress.make' has modification time 1766048323 s in the future
gmake[2]: warning:  Clock skew detected.  Your build may be incomplete.
gmake[2]: Warning: File 'wheeltec_mic_msg__py/CMakeFiles/wheeltec_mic_msg__py.dir/progress.make' has modification time 1766048322 s in the future
gmake[2]: warning:  Clock skew detected.  Your build may be incomplete.
gmake[2]: Warning: File 'CMakeFiles/wheeltec_mic_msg__rosidl_generator_py.dir/flags.make' has modification time 1766048322 s in the future
gmake[2]: warning:  Clock skew detected.  Your build may be incomplete.
gmake[2]: Warning: File 'CMakeFiles/wheeltec_mic_msg__rosidl_generator_py.dir/flags.make' has modification time 1766048322 s in the future
gmake[2]: warning:  Clock skew detected.  Your build may be incomplete.
gmake[2]: Warning: File 'CMakeFiles/wheeltec_mic_msg__rosidl_typesupport_fastrtps_c__pyext.dir/flags.make' has modification time 1766048322 s in the future
gmake[2]: warning:  Clock skew detected.  Your build may be incomplete.
gmake[2]: Warning: File 'CMakeFiles/wheeltec_mic_msg__rosidl_typesupport_fastrtps_c__pyext.dir/flags.make' has modification time 1766048322 s in the future
gmake[2]: warning:  Clock skew detected.  Your build may be incomplete.
gmake[2]: Warning: File 'CMakeFiles/wheeltec_mic_msg__rosidl_typesupport_c__pyext.dir/flags.make' has modification time 1766048322 s in the future
gmake[2]: warning:  Clock skew detected.  Your build may be incomplete.
gmake[2]: Warning: File 'CMakeFiles/wheeltec_mic_msg__rosidl_typesupport_c__pyext.dir/flags.make' has modification time 1766048322 s in the future
gmake[2]: warning:  Clock skew detected.  Your build may be incomplete.
gmake[2]: Warning: File 'CMakeFiles/wheeltec_mic_msg__rosidl_typesupport_introspection_c__pyext.dir/flags.make' has modification time 1766048321 s in the future
gmake[2]: warning:  Clock skew detected.  Your build may be incomplete.
gmake[2]: Warning: File 'CMakeFiles/wheeltec_mic_msg__rosidl_typesupport_introspection_c__pyext.dir/flags.make' has modification time 1766048321 s in the future
gmake[2]: warning:  Clock skew detected.  Your build may be incomplete.
gmake[1]: warning:  Clock skew detected.  Your build may be incomplete.
gmake: warning:  Clock skew detected.  Your build may be incomplete.
