[4.482s] Invoking command in '/home/wheeltec/wheeltec_ros2/build/nav2_waypoint_cycle': PYTHONPATH=/home/wheeltec/wheeltec_ros2/build/nav2_waypoint_cycle/prefix_override:/usr/lib/python3/dist-packages/colcon_core/task/python/colcon_distutils_commands:/home/wheeltec/wheeltec_ros2/install/nav2_waypoint_cycle/lib/python3.10/site-packages:${PYTHONPATH} /usr/bin/python3 -W ignore:setup.py install is deprecated -W ignore:easy_install command is deprecated setup.py develop --editable --build-directory /home/wheeltec/wheeltec_ros2/build/nav2_waypoint_cycle/build --no-deps symlink_data
[5.898s] running develop
[6.596s] running egg_info
[6.596s] creating nav2_waypoint_cycle.egg-info
[6.596s] writing nav2_waypoint_cycle.egg-info/PKG-INFO
[6.597s] writing dependency_links to nav2_waypoint_cycle.egg-info/dependency_links.txt
[6.597s] writing entry points to nav2_waypoint_cycle.egg-info/entry_points.txt
[6.597s] writing requirements to nav2_waypoint_cycle.egg-info/requires.txt
[6.598s] writing top-level names to nav2_waypoint_cycle.egg-info/top_level.txt
[6.611s] writing manifest file 'nav2_waypoint_cycle.egg-info/SOURCES.txt'
[6.620s] reading manifest file 'nav2_waypoint_cycle.egg-info/SOURCES.txt'
[6.623s] writing manifest file 'nav2_waypoint_cycle.egg-info/SOURCES.txt'
[6.628s] running build_ext
[6.628s] Creating /home/wheeltec/wheeltec_ros2/install/nav2_waypoint_cycle/lib/python3.10/site-packages/nav2-waypoint-cycle.egg-link (link to .)
[6.630s] Installing nav2_waypoint_cycle script to /home/wheeltec/wheeltec_ros2/install/nav2_waypoint_cycle/lib/nav2_waypoint_cycle
[6.631s] 
[6.631s] Installed /home/wheeltec/wheeltec_ros2/build/nav2_waypoint_cycle
[6.631s] running symlink_data
[6.631s] creating /home/wheeltec/wheeltec_ros2/install/nav2_waypoint_cycle/share/ament_index
[6.631s] creating /home/wheeltec/wheeltec_ros2/install/nav2_waypoint_cycle/share/ament_index/resource_index
[6.631s] creating /home/wheeltec/wheeltec_ros2/install/nav2_waypoint_cycle/share/ament_index/resource_index/packages
[6.632s] symbolically linking /home/wheeltec/wheeltec_ros2/build/nav2_waypoint_cycle/resource/nav2_waypoint_cycle -> /home/wheeltec/wheeltec_ros2/install/nav2_waypoint_cycle/share/ament_index/resource_index/packages
[6.632s] symbolically linking /home/wheeltec/wheeltec_ros2/build/nav2_waypoint_cycle/package.xml -> /home/wheeltec/wheeltec_ros2/install/nav2_waypoint_cycle/share/nav2_waypoint_cycle
[6.804s] Invoked command in '/home/wheeltec/wheeltec_ros2/build/nav2_waypoint_cycle' returned '0': PYTHONPATH=/home/wheeltec/wheeltec_ros2/build/nav2_waypoint_cycle/prefix_override:/usr/lib/python3/dist-packages/colcon_core/task/python/colcon_distutils_commands:/home/wheeltec/wheeltec_ros2/install/nav2_waypoint_cycle/lib/python3.10/site-packages:${PYTHONPATH} /usr/bin/python3 -W ignore:setup.py install is deprecated -W ignore:easy_install command is deprecated setup.py develop --editable --build-directory /home/wheeltec/wheeltec_ros2/build/nav2_waypoint_cycle/build --no-deps symlink_data
