[0.102s] Invoking command in '/home/wheeltec/wheeltec_ros2/build/lslidar_msgs': CMAKE_PREFIX_PATH=${CMAKE_PREFIX_PATH}:/home/wheeltec/wheeltec_ros2/install/auto_recharge_ros2:/home/wheeltec/autoware/install/autoware_wheeltec_interface:/home/wheeltec/autoware/install/ad_api_visualizers:/opt/ros/humble /usr/bin/cmake --build /home/wheeltec/wheeltec_ros2/build/lslidar_msgs -- -j6 -l6
[0.255s] [35m[1mConsolidate compiler generated dependencies of target lslidar_msgs__rosidl_generator_c[0m
[0.293s] [  1%] Built target lslidar_msgs__cpp
[0.293s] [ 12%] Built target lslidar_msgs__rosidl_generator_c
[0.311s] [ 12%] Built target ament_cmake_python_symlink_lslidar_msgs
[0.343s] [35m[1mConsolidate compiler generated dependencies of target lslidar_msgs__rosidl_typesupport_introspection_cpp[0m
[0.356s] [35m[1mConsolidate compiler generated dependencies of target lslidar_msgs__rosidl_typesupport_cpp[0m
[0.359s] [35m[1mConsolidate compiler generated dependencies of target lslidar_msgs__rosidl_typesupport_fastrtps_cpp[0m
[0.366s] [35m[1mConsolidate compiler generated dependencies of target lslidar_msgs__rosidl_typesupport_fastrtps_c[0m
[0.407s] [ 24%] Built target lslidar_msgs__rosidl_typesupport_introspection_cpp
[0.411s] [35m[1mConsolidate compiler generated dependencies of target lslidar_msgs__rosidl_typesupport_c[0m
[0.420s] [35m[1mConsolidate compiler generated dependencies of target lslidar_msgs__rosidl_typesupport_introspection_c[0m
[0.432s] [ 36%] Built target lslidar_msgs__rosidl_typesupport_cpp
[0.450s] [ 48%] Built target lslidar_msgs__rosidl_typesupport_fastrtps_c
[0.475s] [ 60%] Built target lslidar_msgs__rosidl_typesupport_fastrtps_cpp
[0.478s] [ 72%] Built target lslidar_msgs__rosidl_typesupport_c
[0.508s] [ 84%] Built target lslidar_msgs__rosidl_typesupport_introspection_c
[0.598s] [ 84%] Built target lslidar_msgs
[0.689s] [ 85%] Built target lslidar_msgs__py
[0.753s] [35m[1mConsolidate compiler generated dependencies of target lslidar_msgs__rosidl_generator_py[0m
[0.807s] [ 96%] Built target lslidar_msgs__rosidl_generator_py
[0.847s] [35m[1mConsolidate compiler generated dependencies of target lslidar_msgs__rosidl_typesupport_c__pyext[0m
[0.857s] [35m[1mConsolidate compiler generated dependencies of target lslidar_msgs__rosidl_typesupport_fastrtps_c__pyext[0m
[0.861s] [35m[1mConsolidate compiler generated dependencies of target lslidar_msgs__rosidl_typesupport_introspection_c__pyext[0m
[0.907s] [ 97%] Built target lslidar_msgs__rosidl_typesupport_c__pyext
[0.917s] [ 98%] Built target lslidar_msgs__rosidl_typesupport_fastrtps_c__pyext
[0.943s] [100%] Built target lslidar_msgs__rosidl_typesupport_introspection_c__pyext
[1.278s] running egg_info
[1.280s] writing lslidar_msgs.egg-info/PKG-INFO
[1.280s] writing dependency_links to lslidar_msgs.egg-info/dependency_links.txt
[1.280s] writing top-level names to lslidar_msgs.egg-info/top_level.txt
[1.291s] reading manifest file 'lslidar_msgs.egg-info/SOURCES.txt'
[1.292s] writing manifest file 'lslidar_msgs.egg-info/SOURCES.txt'
[1.370s] [100%] Built target ament_cmake_python_build_lslidar_msgs_egg
[1.531s] Invoked command in '/home/wheeltec/wheeltec_ros2/build/lslidar_msgs' returned '0': CMAKE_PREFIX_PATH=${CMAKE_PREFIX_PATH}:/home/wheeltec/wheeltec_ros2/install/auto_recharge_ros2:/home/wheeltec/autoware/install/autoware_wheeltec_interface:/home/wheeltec/autoware/install/ad_api_visualizers:/opt/ros/humble /usr/bin/cmake --build /home/wheeltec/wheeltec_ros2/build/lslidar_msgs -- -j6 -l6
[1.536s] Invoking command in '/home/wheeltec/wheeltec_ros2/build/lslidar_msgs': CMAKE_PREFIX_PATH=${CMAKE_PREFIX_PATH}:/home/wheeltec/wheeltec_ros2/install/auto_recharge_ros2:/home/wheeltec/autoware/install/autoware_wheeltec_interface:/home/wheeltec/autoware/install/ad_api_visualizers:/opt/ros/humble /usr/bin/cmake --install /home/wheeltec/wheeltec_ros2/build/lslidar_msgs
[1.552s] -- Install configuration: ""
[1.553s] -- Execute custom install script
[1.554s] -- Symlinking: /home/wheeltec/wheeltec_ros2/install/lslidar_msgs/share/ament_index/resource_index/rosidl_interfaces/lslidar_msgs
[1.572s] -- Symlinking: /home/wheeltec/wheeltec_ros2/install/lslidar_msgs/include/lslidar_msgs/lslidar_msgs/msg/detail/lslidar_information__functions.h
[1.590s] -- Symlinking: /home/wheeltec/wheeltec_ros2/install/lslidar_msgs/include/lslidar_msgs/lslidar_msgs/msg/detail/lslidar_information__struct.h
[1.606s] -- Symlinking: /home/wheeltec/wheeltec_ros2/install/lslidar_msgs/include/lslidar_msgs/lslidar_msgs/msg/detail/lslidar_information__type_support.h
[1.625s] -- Symlinking: /home/wheeltec/wheeltec_ros2/install/lslidar_msgs/include/lslidar_msgs/lslidar_msgs/msg/detail/lslidar_packet__functions.h
[1.653s] -- Symlinking: /home/wheeltec/wheeltec_ros2/install/lslidar_msgs/include/lslidar_msgs/lslidar_msgs/msg/detail/lslidar_packet__struct.h
[1.685s] -- Symlinking: /home/wheeltec/wheeltec_ros2/install/lslidar_msgs/include/lslidar_msgs/lslidar_msgs/msg/detail/lslidar_packet__type_support.h
[1.730s] -- Symlinking: /home/wheeltec/wheeltec_ros2/install/lslidar_msgs/include/lslidar_msgs/lslidar_msgs/msg/lslidar_information.h
[1.782s] -- Symlinking: /home/wheeltec/wheeltec_ros2/install/lslidar_msgs/include/lslidar_msgs/lslidar_msgs/msg/lslidar_packet.h
[1.805s] -- Symlinking: /home/wheeltec/wheeltec_ros2/install/lslidar_msgs/include/lslidar_msgs/lslidar_msgs/msg/rosidl_generator_c__visibility_control.h
[1.831s] -- Symlinking: /home/wheeltec/wheeltec_ros2/install/lslidar_msgs/include/lslidar_msgs/lslidar_msgs/srv/angle_distortion_correction.h
[1.850s] -- Symlinking: /home/wheeltec/wheeltec_ros2/install/lslidar_msgs/include/lslidar_msgs/lslidar_msgs/srv/detail/angle_distortion_correction__functions.h
[1.883s] -- Symlinking: /home/wheeltec/wheeltec_ros2/install/lslidar_msgs/include/lslidar_msgs/lslidar_msgs/srv/detail/angle_distortion_correction__struct.h
[1.920s] -- Symlinking: /home/wheeltec/wheeltec_ros2/install/lslidar_msgs/include/lslidar_msgs/lslidar_msgs/srv/detail/angle_distortion_correction__type_support.h
[1.946s] -- Symlinking: /home/wheeltec/wheeltec_ros2/install/lslidar_msgs/include/lslidar_msgs/lslidar_msgs/srv/detail/frame_rate__functions.h
[1.992s] -- Symlinking: /home/wheeltec/wheeltec_ros2/install/lslidar_msgs/include/lslidar_msgs/lslidar_msgs/srv/detail/frame_rate__struct.h
[2.033s] -- Symlinking: /home/wheeltec/wheeltec_ros2/install/lslidar_msgs/include/lslidar_msgs/lslidar_msgs/srv/detail/frame_rate__type_support.h
[2.075s] -- Symlinking: /home/wheeltec/wheeltec_ros2/install/lslidar_msgs/include/lslidar_msgs/lslidar_msgs/srv/detail/invalid_data__functions.h
[2.105s] -- Symlinking: /home/wheeltec/wheeltec_ros2/install/lslidar_msgs/include/lslidar_msgs/lslidar_msgs/srv/detail/invalid_data__struct.h
[2.133s] -- Symlinking: /home/wheeltec/wheeltec_ros2/install/lslidar_msgs/include/lslidar_msgs/lslidar_msgs/srv/detail/invalid_data__type_support.h
[2.172s] -- Symlinking: /home/wheeltec/wheeltec_ros2/install/lslidar_msgs/include/lslidar_msgs/lslidar_msgs/srv/detail/ip_and_port__functions.h
[2.190s] -- Symlinking: /home/wheeltec/wheeltec_ros2/install/lslidar_msgs/include/lslidar_msgs/lslidar_msgs/srv/detail/ip_and_port__struct.h
[2.222s] -- Symlinking: /home/wheeltec/wheeltec_ros2/install/lslidar_msgs/include/lslidar_msgs/lslidar_msgs/srv/detail/ip_and_port__type_support.h
[2.238s] -- Symlinking: /home/wheeltec/wheeltec_ros2/install/lslidar_msgs/include/lslidar_msgs/lslidar_msgs/srv/detail/motor_control__functions.h
[2.254s] -- Symlinking: /home/wheeltec/wheeltec_ros2/install/lslidar_msgs/include/lslidar_msgs/lslidar_msgs/srv/detail/motor_control__struct.h
[2.272s] -- Symlinking: /home/wheeltec/wheeltec_ros2/install/lslidar_msgs/include/lslidar_msgs/lslidar_msgs/srv/detail/motor_control__type_support.h
[2.289s] -- Symlinking: /home/wheeltec/wheeltec_ros2/install/lslidar_msgs/include/lslidar_msgs/lslidar_msgs/srv/detail/motor_speed__functions.h
[2.304s] -- Symlinking: /home/wheeltec/wheeltec_ros2/install/lslidar_msgs/include/lslidar_msgs/lslidar_msgs/srv/detail/motor_speed__struct.h
[2.328s] -- Symlinking: /home/wheeltec/wheeltec_ros2/install/lslidar_msgs/include/lslidar_msgs/lslidar_msgs/srv/detail/motor_speed__type_support.h
[2.356s] -- Symlinking: /home/wheeltec/wheeltec_ros2/install/lslidar_msgs/include/lslidar_msgs/lslidar_msgs/srv/detail/power_control__functions.h
[2.380s] -- Symlinking: /home/wheeltec/wheeltec_ros2/install/lslidar_msgs/include/lslidar_msgs/lslidar_msgs/srv/detail/power_control__struct.h
[2.399s] -- Symlinking: /home/wheeltec/wheeltec_ros2/install/lslidar_msgs/include/lslidar_msgs/lslidar_msgs/srv/detail/power_control__type_support.h
[2.416s] -- Symlinking: /home/wheeltec/wheeltec_ros2/install/lslidar_msgs/include/lslidar_msgs/lslidar_msgs/srv/detail/rfd_removal__functions.h
[2.435s] -- Symlinking: /home/wheeltec/wheeltec_ros2/install/lslidar_msgs/include/lslidar_msgs/lslidar_msgs/srv/detail/rfd_removal__struct.h
[2.457s] -- Symlinking: /home/wheeltec/wheeltec_ros2/install/lslidar_msgs/include/lslidar_msgs/lslidar_msgs/srv/detail/rfd_removal__type_support.h
[2.474s] -- Symlinking: /home/wheeltec/wheeltec_ros2/install/lslidar_msgs/include/lslidar_msgs/lslidar_msgs/srv/detail/standby_mode__functions.h
[2.492s] -- Symlinking: /home/wheeltec/wheeltec_ros2/install/lslidar_msgs/include/lslidar_msgs/lslidar_msgs/srv/detail/standby_mode__struct.h
[2.510s] -- Symlinking: /home/wheeltec/wheeltec_ros2/install/lslidar_msgs/include/lslidar_msgs/lslidar_msgs/srv/detail/standby_mode__type_support.h
[2.529s] -- Symlinking: /home/wheeltec/wheeltec_ros2/install/lslidar_msgs/include/lslidar_msgs/lslidar_msgs/srv/detail/tail_removal__functions.h
[2.551s] -- Symlinking: /home/wheeltec/wheeltec_ros2/install/lslidar_msgs/include/lslidar_msgs/lslidar_msgs/srv/detail/tail_removal__struct.h
[2.571s] -- Symlinking: /home/wheeltec/wheeltec_ros2/install/lslidar_msgs/include/lslidar_msgs/lslidar_msgs/srv/detail/tail_removal__type_support.h
[2.588s] -- Symlinking: /home/wheeltec/wheeltec_ros2/install/lslidar_msgs/include/lslidar_msgs/lslidar_msgs/srv/detail/time_mode__functions.h
[2.609s] -- Symlinking: /home/wheeltec/wheeltec_ros2/install/lslidar_msgs/include/lslidar_msgs/lslidar_msgs/srv/detail/time_mode__struct.h
[2.626s] -- Symlinking: /home/wheeltec/wheeltec_ros2/install/lslidar_msgs/include/lslidar_msgs/lslidar_msgs/srv/detail/time_mode__type_support.h
[2.645s] -- Symlinking: /home/wheeltec/wheeltec_ros2/install/lslidar_msgs/include/lslidar_msgs/lslidar_msgs/srv/frame_rate.h
[2.664s] -- Symlinking: /home/wheeltec/wheeltec_ros2/install/lslidar_msgs/include/lslidar_msgs/lslidar_msgs/srv/invalid_data.h
[2.682s] -- Symlinking: /home/wheeltec/wheeltec_ros2/install/lslidar_msgs/include/lslidar_msgs/lslidar_msgs/srv/ip_and_port.h
[2.700s] -- Symlinking: /home/wheeltec/wheeltec_ros2/install/lslidar_msgs/include/lslidar_msgs/lslidar_msgs/srv/motor_control.h
[2.747s] -- Symlinking: /home/wheeltec/wheeltec_ros2/install/lslidar_msgs/include/lslidar_msgs/lslidar_msgs/srv/motor_speed.h
[2.753s] -- Symlinking: /home/wheeltec/wheeltec_ros2/install/lslidar_msgs/include/lslidar_msgs/lslidar_msgs/srv/power_control.h
[2.779s] -- Symlinking: /home/wheeltec/wheeltec_ros2/install/lslidar_msgs/include/lslidar_msgs/lslidar_msgs/srv/rfd_removal.h
[2.806s] -- Symlinking: /home/wheeltec/wheeltec_ros2/install/lslidar_msgs/include/lslidar_msgs/lslidar_msgs/srv/standby_mode.h
[2.833s] -- Symlinking: /home/wheeltec/wheeltec_ros2/install/lslidar_msgs/include/lslidar_msgs/lslidar_msgs/srv/tail_removal.h
[2.834s] -- Symlinking: /home/wheeltec/wheeltec_ros2/install/lslidar_msgs/include/lslidar_msgs/lslidar_msgs/srv/time_mode.h
[2.836s] -- Symlinking: /home/wheeltec/wheeltec_ros2/install/lslidar_msgs/share/lslidar_msgs/environment/library_path.sh
[2.849s] -- Symlinking: /home/wheeltec/wheeltec_ros2/install/lslidar_msgs/share/lslidar_msgs/environment/library_path.dsv
[2.866s] -- Symlinking: /home/wheeltec/wheeltec_ros2/install/lslidar_msgs/include/lslidar_msgs/lslidar_msgs/msg/detail/lslidar_information__rosidl_typesupport_fastrtps_c.h
[2.883s] -- Symlinking: /home/wheeltec/wheeltec_ros2/install/lslidar_msgs/include/lslidar_msgs/lslidar_msgs/msg/detail/lslidar_packet__rosidl_typesupport_fastrtps_c.h
[2.898s] -- Symlinking: /home/wheeltec/wheeltec_ros2/install/lslidar_msgs/include/lslidar_msgs/lslidar_msgs/msg/rosidl_typesupport_fastrtps_c__visibility_control.h
[2.920s] -- Symlinking: /home/wheeltec/wheeltec_ros2/install/lslidar_msgs/include/lslidar_msgs/lslidar_msgs/srv/detail/angle_distortion_correction__rosidl_typesupport_fastrtps_c.h
[2.929s] -- Symlinking: /home/wheeltec/wheeltec_ros2/install/lslidar_msgs/include/lslidar_msgs/lslidar_msgs/srv/detail/frame_rate__rosidl_typesupport_fastrtps_c.h
[2.950s] -- Symlinking: /home/wheeltec/wheeltec_ros2/install/lslidar_msgs/include/lslidar_msgs/lslidar_msgs/srv/detail/invalid_data__rosidl_typesupport_fastrtps_c.h
[2.966s] -- Symlinking: /home/wheeltec/wheeltec_ros2/install/lslidar_msgs/include/lslidar_msgs/lslidar_msgs/srv/detail/ip_and_port__rosidl_typesupport_fastrtps_c.h
[2.983s] -- Symlinking: /home/wheeltec/wheeltec_ros2/install/lslidar_msgs/include/lslidar_msgs/lslidar_msgs/srv/detail/motor_control__rosidl_typesupport_fastrtps_c.h
[2.999s] -- Symlinking: /home/wheeltec/wheeltec_ros2/install/lslidar_msgs/include/lslidar_msgs/lslidar_msgs/srv/detail/motor_speed__rosidl_typesupport_fastrtps_c.h
[3.015s] -- Symlinking: /home/wheeltec/wheeltec_ros2/install/lslidar_msgs/include/lslidar_msgs/lslidar_msgs/srv/detail/power_control__rosidl_typesupport_fastrtps_c.h
[3.032s] -- Symlinking: /home/wheeltec/wheeltec_ros2/install/lslidar_msgs/include/lslidar_msgs/lslidar_msgs/srv/detail/rfd_removal__rosidl_typesupport_fastrtps_c.h
[3.051s] -- Symlinking: /home/wheeltec/wheeltec_ros2/install/lslidar_msgs/include/lslidar_msgs/lslidar_msgs/srv/detail/standby_mode__rosidl_typesupport_fastrtps_c.h
[3.069s] -- Symlinking: /home/wheeltec/wheeltec_ros2/install/lslidar_msgs/include/lslidar_msgs/lslidar_msgs/srv/detail/tail_removal__rosidl_typesupport_fastrtps_c.h
[3.086s] -- Symlinking: /home/wheeltec/wheeltec_ros2/install/lslidar_msgs/include/lslidar_msgs/lslidar_msgs/srv/detail/time_mode__rosidl_typesupport_fastrtps_c.h
[3.106s] -- Symlinking: /home/wheeltec/wheeltec_ros2/install/lslidar_msgs/include/lslidar_msgs/lslidar_msgs/msg/detail/lslidar_information__rosidl_typesupport_introspection_c.h
[3.124s] -- Symlinking: /home/wheeltec/wheeltec_ros2/install/lslidar_msgs/include/lslidar_msgs/lslidar_msgs/msg/detail/lslidar_packet__rosidl_typesupport_introspection_c.h
[3.141s] -- Symlinking: /home/wheeltec/wheeltec_ros2/install/lslidar_msgs/include/lslidar_msgs/lslidar_msgs/msg/rosidl_typesupport_introspection_c__visibility_control.h
[3.158s] -- Symlinking: /home/wheeltec/wheeltec_ros2/install/lslidar_msgs/include/lslidar_msgs/lslidar_msgs/srv/detail/angle_distortion_correction__rosidl_typesupport_introspection_c.h
[3.175s] -- Symlinking: /home/wheeltec/wheeltec_ros2/install/lslidar_msgs/include/lslidar_msgs/lslidar_msgs/srv/detail/frame_rate__rosidl_typesupport_introspection_c.h
[3.192s] -- Symlinking: /home/wheeltec/wheeltec_ros2/install/lslidar_msgs/include/lslidar_msgs/lslidar_msgs/srv/detail/invalid_data__rosidl_typesupport_introspection_c.h
[3.210s] -- Symlinking: /home/wheeltec/wheeltec_ros2/install/lslidar_msgs/include/lslidar_msgs/lslidar_msgs/srv/detail/ip_and_port__rosidl_typesupport_introspection_c.h
[3.226s] -- Symlinking: /home/wheeltec/wheeltec_ros2/install/lslidar_msgs/include/lslidar_msgs/lslidar_msgs/srv/detail/motor_control__rosidl_typesupport_introspection_c.h
[3.243s] -- Symlinking: /home/wheeltec/wheeltec_ros2/install/lslidar_msgs/include/lslidar_msgs/lslidar_msgs/srv/detail/motor_speed__rosidl_typesupport_introspection_c.h
[3.261s] -- Symlinking: /home/wheeltec/wheeltec_ros2/install/lslidar_msgs/include/lslidar_msgs/lslidar_msgs/srv/detail/power_control__rosidl_typesupport_introspection_c.h
[3.277s] -- Symlinking: /home/wheeltec/wheeltec_ros2/install/lslidar_msgs/include/lslidar_msgs/lslidar_msgs/srv/detail/rfd_removal__rosidl_typesupport_introspection_c.h
[3.294s] -- Symlinking: /home/wheeltec/wheeltec_ros2/install/lslidar_msgs/include/lslidar_msgs/lslidar_msgs/srv/detail/standby_mode__rosidl_typesupport_introspection_c.h
[3.311s] -- Symlinking: /home/wheeltec/wheeltec_ros2/install/lslidar_msgs/include/lslidar_msgs/lslidar_msgs/srv/detail/tail_removal__rosidl_typesupport_introspection_c.h
[3.330s] -- Symlinking: /home/wheeltec/wheeltec_ros2/install/lslidar_msgs/include/lslidar_msgs/lslidar_msgs/srv/detail/time_mode__rosidl_typesupport_introspection_c.h
[3.350s] -- Symlinking: /home/wheeltec/wheeltec_ros2/install/lslidar_msgs/include/lslidar_msgs/lslidar_msgs/msg/detail/lslidar_information__builder.hpp
[3.369s] -- Symlinking: /home/wheeltec/wheeltec_ros2/install/lslidar_msgs/include/lslidar_msgs/lslidar_msgs/msg/detail/lslidar_information__struct.hpp
[3.387s] -- Symlinking: /home/wheeltec/wheeltec_ros2/install/lslidar_msgs/include/lslidar_msgs/lslidar_msgs/msg/detail/lslidar_information__traits.hpp
[3.404s] -- Symlinking: /home/wheeltec/wheeltec_ros2/install/lslidar_msgs/include/lslidar_msgs/lslidar_msgs/msg/detail/lslidar_information__type_support.hpp
[3.424s] -- Symlinking: /home/wheeltec/wheeltec_ros2/install/lslidar_msgs/include/lslidar_msgs/lslidar_msgs/msg/detail/lslidar_packet__builder.hpp
[3.445s] -- Symlinking: /home/wheeltec/wheeltec_ros2/install/lslidar_msgs/include/lslidar_msgs/lslidar_msgs/msg/detail/lslidar_packet__struct.hpp
[3.467s] -- Symlinking: /home/wheeltec/wheeltec_ros2/install/lslidar_msgs/include/lslidar_msgs/lslidar_msgs/msg/detail/lslidar_packet__traits.hpp
[3.484s] -- Symlinking: /home/wheeltec/wheeltec_ros2/install/lslidar_msgs/include/lslidar_msgs/lslidar_msgs/msg/detail/lslidar_packet__type_support.hpp
[3.501s] -- Symlinking: /home/wheeltec/wheeltec_ros2/install/lslidar_msgs/include/lslidar_msgs/lslidar_msgs/msg/lslidar_information.hpp
[3.519s] -- Symlinking: /home/wheeltec/wheeltec_ros2/install/lslidar_msgs/include/lslidar_msgs/lslidar_msgs/msg/lslidar_packet.hpp
[3.537s] -- Symlinking: /home/wheeltec/wheeltec_ros2/install/lslidar_msgs/include/lslidar_msgs/lslidar_msgs/msg/rosidl_generator_cpp__visibility_control.hpp
[3.554s] -- Symlinking: /home/wheeltec/wheeltec_ros2/install/lslidar_msgs/include/lslidar_msgs/lslidar_msgs/srv/angle_distortion_correction.hpp
[3.570s] -- Symlinking: /home/wheeltec/wheeltec_ros2/install/lslidar_msgs/include/lslidar_msgs/lslidar_msgs/srv/detail/angle_distortion_correction__builder.hpp
[3.588s] -- Symlinking: /home/wheeltec/wheeltec_ros2/install/lslidar_msgs/include/lslidar_msgs/lslidar_msgs/srv/detail/angle_distortion_correction__struct.hpp
[3.608s] -- Symlinking: /home/wheeltec/wheeltec_ros2/install/lslidar_msgs/include/lslidar_msgs/lslidar_msgs/srv/detail/angle_distortion_correction__traits.hpp
[3.628s] -- Symlinking: /home/wheeltec/wheeltec_ros2/install/lslidar_msgs/include/lslidar_msgs/lslidar_msgs/srv/detail/angle_distortion_correction__type_support.hpp
[3.649s] -- Symlinking: /home/wheeltec/wheeltec_ros2/install/lslidar_msgs/include/lslidar_msgs/lslidar_msgs/srv/detail/frame_rate__builder.hpp
[3.666s] -- Symlinking: /home/wheeltec/wheeltec_ros2/install/lslidar_msgs/include/lslidar_msgs/lslidar_msgs/srv/detail/frame_rate__struct.hpp
[3.686s] -- Symlinking: /home/wheeltec/wheeltec_ros2/install/lslidar_msgs/include/lslidar_msgs/lslidar_msgs/srv/detail/frame_rate__traits.hpp
[3.705s] -- Symlinking: /home/wheeltec/wheeltec_ros2/install/lslidar_msgs/include/lslidar_msgs/lslidar_msgs/srv/detail/frame_rate__type_support.hpp
[3.723s] -- Symlinking: /home/wheeltec/wheeltec_ros2/install/lslidar_msgs/include/lslidar_msgs/lslidar_msgs/srv/detail/invalid_data__builder.hpp
[3.742s] -- Symlinking: /home/wheeltec/wheeltec_ros2/install/lslidar_msgs/include/lslidar_msgs/lslidar_msgs/srv/detail/invalid_data__struct.hpp
[3.762s] -- Symlinking: /home/wheeltec/wheeltec_ros2/install/lslidar_msgs/include/lslidar_msgs/lslidar_msgs/srv/detail/invalid_data__traits.hpp
[3.779s] -- Symlinking: /home/wheeltec/wheeltec_ros2/install/lslidar_msgs/include/lslidar_msgs/lslidar_msgs/srv/detail/invalid_data__type_support.hpp
[3.797s] -- Symlinking: /home/wheeltec/wheeltec_ros2/install/lslidar_msgs/include/lslidar_msgs/lslidar_msgs/srv/detail/ip_and_port__builder.hpp
[3.817s] -- Symlinking: /home/wheeltec/wheeltec_ros2/install/lslidar_msgs/include/lslidar_msgs/lslidar_msgs/srv/detail/ip_and_port__struct.hpp
[3.833s] -- Symlinking: /home/wheeltec/wheeltec_ros2/install/lslidar_msgs/include/lslidar_msgs/lslidar_msgs/srv/detail/ip_and_port__traits.hpp
[3.853s] -- Symlinking: /home/wheeltec/wheeltec_ros2/install/lslidar_msgs/include/lslidar_msgs/lslidar_msgs/srv/detail/ip_and_port__type_support.hpp
[3.867s] -- Symlinking: /home/wheeltec/wheeltec_ros2/install/lslidar_msgs/include/lslidar_msgs/lslidar_msgs/srv/detail/motor_control__builder.hpp
[3.884s] -- Symlinking: /home/wheeltec/wheeltec_ros2/install/lslidar_msgs/include/lslidar_msgs/lslidar_msgs/srv/detail/motor_control__struct.hpp
[3.900s] -- Symlinking: /home/wheeltec/wheeltec_ros2/install/lslidar_msgs/include/lslidar_msgs/lslidar_msgs/srv/detail/motor_control__traits.hpp
[3.916s] -- Symlinking: /home/wheeltec/wheeltec_ros2/install/lslidar_msgs/include/lslidar_msgs/lslidar_msgs/srv/detail/motor_control__type_support.hpp
[3.933s] -- Symlinking: /home/wheeltec/wheeltec_ros2/install/lslidar_msgs/include/lslidar_msgs/lslidar_msgs/srv/detail/motor_speed__builder.hpp
[3.963s] -- Symlinking: /home/wheeltec/wheeltec_ros2/install/lslidar_msgs/include/lslidar_msgs/lslidar_msgs/srv/detail/motor_speed__struct.hpp
[3.980s] -- Symlinking: /home/wheeltec/wheeltec_ros2/install/lslidar_msgs/include/lslidar_msgs/lslidar_msgs/srv/detail/motor_speed__traits.hpp
[3.997s] -- Symlinking: /home/wheeltec/wheeltec_ros2/install/lslidar_msgs/include/lslidar_msgs/lslidar_msgs/srv/detail/motor_speed__type_support.hpp
[4.025s] -- Symlinking: /home/wheeltec/wheeltec_ros2/install/lslidar_msgs/include/lslidar_msgs/lslidar_msgs/srv/detail/power_control__builder.hpp
[4.043s] -- Symlinking: /home/wheeltec/wheeltec_ros2/install/lslidar_msgs/include/lslidar_msgs/lslidar_msgs/srv/detail/power_control__struct.hpp
[4.063s] -- Symlinking: /home/wheeltec/wheeltec_ros2/install/lslidar_msgs/include/lslidar_msgs/lslidar_msgs/srv/detail/power_control__traits.hpp
[4.084s] -- Symlinking: /home/wheeltec/wheeltec_ros2/install/lslidar_msgs/include/lslidar_msgs/lslidar_msgs/srv/detail/power_control__type_support.hpp
[4.101s] -- Symlinking: /home/wheeltec/wheeltec_ros2/install/lslidar_msgs/include/lslidar_msgs/lslidar_msgs/srv/detail/rfd_removal__builder.hpp
[4.117s] -- Symlinking: /home/wheeltec/wheeltec_ros2/install/lslidar_msgs/include/lslidar_msgs/lslidar_msgs/srv/detail/rfd_removal__struct.hpp
[4.133s] -- Symlinking: /home/wheeltec/wheeltec_ros2/install/lslidar_msgs/include/lslidar_msgs/lslidar_msgs/srv/detail/rfd_removal__traits.hpp
[4.150s] -- Symlinking: /home/wheeltec/wheeltec_ros2/install/lslidar_msgs/include/lslidar_msgs/lslidar_msgs/srv/detail/rfd_removal__type_support.hpp
[4.172s] -- Symlinking: /home/wheeltec/wheeltec_ros2/install/lslidar_msgs/include/lslidar_msgs/lslidar_msgs/srv/detail/standby_mode__builder.hpp
[4.189s] -- Symlinking: /home/wheeltec/wheeltec_ros2/install/lslidar_msgs/include/lslidar_msgs/lslidar_msgs/srv/detail/standby_mode__struct.hpp
[4.206s] -- Symlinking: /home/wheeltec/wheeltec_ros2/install/lslidar_msgs/include/lslidar_msgs/lslidar_msgs/srv/detail/standby_mode__traits.hpp
[4.223s] -- Symlinking: /home/wheeltec/wheeltec_ros2/install/lslidar_msgs/include/lslidar_msgs/lslidar_msgs/srv/detail/standby_mode__type_support.hpp
[4.240s] -- Symlinking: /home/wheeltec/wheeltec_ros2/install/lslidar_msgs/include/lslidar_msgs/lslidar_msgs/srv/detail/tail_removal__builder.hpp
[4.258s] -- Symlinking: /home/wheeltec/wheeltec_ros2/install/lslidar_msgs/include/lslidar_msgs/lslidar_msgs/srv/detail/tail_removal__struct.hpp
[4.276s] -- Symlinking: /home/wheeltec/wheeltec_ros2/install/lslidar_msgs/include/lslidar_msgs/lslidar_msgs/srv/detail/tail_removal__traits.hpp
[4.294s] -- Symlinking: /home/wheeltec/wheeltec_ros2/install/lslidar_msgs/include/lslidar_msgs/lslidar_msgs/srv/detail/tail_removal__type_support.hpp
[4.312s] -- Symlinking: /home/wheeltec/wheeltec_ros2/install/lslidar_msgs/include/lslidar_msgs/lslidar_msgs/srv/detail/time_mode__builder.hpp
[4.329s] -- Symlinking: /home/wheeltec/wheeltec_ros2/install/lslidar_msgs/include/lslidar_msgs/lslidar_msgs/srv/detail/time_mode__struct.hpp
[4.348s] -- Symlinking: /home/wheeltec/wheeltec_ros2/install/lslidar_msgs/include/lslidar_msgs/lslidar_msgs/srv/detail/time_mode__traits.hpp
[4.378s] -- Symlinking: /home/wheeltec/wheeltec_ros2/install/lslidar_msgs/include/lslidar_msgs/lslidar_msgs/srv/detail/time_mode__type_support.hpp
[4.406s] -- Symlinking: /home/wheeltec/wheeltec_ros2/install/lslidar_msgs/include/lslidar_msgs/lslidar_msgs/srv/frame_rate.hpp
[4.427s] -- Symlinking: /home/wheeltec/wheeltec_ros2/install/lslidar_msgs/include/lslidar_msgs/lslidar_msgs/srv/invalid_data.hpp
[4.447s] -- Symlinking: /home/wheeltec/wheeltec_ros2/install/lslidar_msgs/include/lslidar_msgs/lslidar_msgs/srv/ip_and_port.hpp
[4.466s] -- Symlinking: /home/wheeltec/wheeltec_ros2/install/lslidar_msgs/include/lslidar_msgs/lslidar_msgs/srv/motor_control.hpp
[4.503s] -- Symlinking: /home/wheeltec/wheeltec_ros2/install/lslidar_msgs/include/lslidar_msgs/lslidar_msgs/srv/motor_speed.hpp
[4.523s] -- Symlinking: /home/wheeltec/wheeltec_ros2/install/lslidar_msgs/include/lslidar_msgs/lslidar_msgs/srv/power_control.hpp
[4.540s] -- Symlinking: /home/wheeltec/wheeltec_ros2/install/lslidar_msgs/include/lslidar_msgs/lslidar_msgs/srv/rfd_removal.hpp
[4.558s] -- Symlinking: /home/wheeltec/wheeltec_ros2/install/lslidar_msgs/include/lslidar_msgs/lslidar_msgs/srv/standby_mode.hpp
[4.573s] -- Symlinking: /home/wheeltec/wheeltec_ros2/install/lslidar_msgs/include/lslidar_msgs/lslidar_msgs/srv/tail_removal.hpp
[4.589s] -- Symlinking: /home/wheeltec/wheeltec_ros2/install/lslidar_msgs/include/lslidar_msgs/lslidar_msgs/srv/time_mode.hpp
[4.605s] -- Symlinking: /home/wheeltec/wheeltec_ros2/install/lslidar_msgs/include/lslidar_msgs/lslidar_msgs/msg/detail/lslidar_information__rosidl_typesupport_fastrtps_cpp.hpp
[4.621s] -- Symlinking: /home/wheeltec/wheeltec_ros2/install/lslidar_msgs/include/lslidar_msgs/lslidar_msgs/msg/detail/lslidar_packet__rosidl_typesupport_fastrtps_cpp.hpp
[4.640s] -- Symlinking: /home/wheeltec/wheeltec_ros2/install/lslidar_msgs/include/lslidar_msgs/lslidar_msgs/msg/rosidl_typesupport_fastrtps_cpp__visibility_control.h
[4.667s] -- Symlinking: /home/wheeltec/wheeltec_ros2/install/lslidar_msgs/include/lslidar_msgs/lslidar_msgs/srv/detail/angle_distortion_correction__rosidl_typesupport_fastrtps_cpp.hpp
[4.687s] -- Symlinking: /home/wheeltec/wheeltec_ros2/install/lslidar_msgs/include/lslidar_msgs/lslidar_msgs/srv/detail/frame_rate__rosidl_typesupport_fastrtps_cpp.hpp
[4.704s] -- Symlinking: /home/wheeltec/wheeltec_ros2/install/lslidar_msgs/include/lslidar_msgs/lslidar_msgs/srv/detail/invalid_data__rosidl_typesupport_fastrtps_cpp.hpp
[4.719s] -- Symlinking: /home/wheeltec/wheeltec_ros2/install/lslidar_msgs/include/lslidar_msgs/lslidar_msgs/srv/detail/ip_and_port__rosidl_typesupport_fastrtps_cpp.hpp
[4.765s] -- Symlinking: /home/wheeltec/wheeltec_ros2/install/lslidar_msgs/include/lslidar_msgs/lslidar_msgs/srv/detail/motor_control__rosidl_typesupport_fastrtps_cpp.hpp
[4.781s] -- Symlinking: /home/wheeltec/wheeltec_ros2/install/lslidar_msgs/include/lslidar_msgs/lslidar_msgs/srv/detail/motor_speed__rosidl_typesupport_fastrtps_cpp.hpp
[4.798s] -- Symlinking: /home/wheeltec/wheeltec_ros2/install/lslidar_msgs/include/lslidar_msgs/lslidar_msgs/srv/detail/power_control__rosidl_typesupport_fastrtps_cpp.hpp
[4.814s] -- Symlinking: /home/wheeltec/wheeltec_ros2/install/lslidar_msgs/include/lslidar_msgs/lslidar_msgs/srv/detail/rfd_removal__rosidl_typesupport_fastrtps_cpp.hpp
[4.830s] -- Symlinking: /home/wheeltec/wheeltec_ros2/install/lslidar_msgs/include/lslidar_msgs/lslidar_msgs/srv/detail/standby_mode__rosidl_typesupport_fastrtps_cpp.hpp
[4.848s] -- Symlinking: /home/wheeltec/wheeltec_ros2/install/lslidar_msgs/include/lslidar_msgs/lslidar_msgs/srv/detail/tail_removal__rosidl_typesupport_fastrtps_cpp.hpp
[4.867s] -- Symlinking: /home/wheeltec/wheeltec_ros2/install/lslidar_msgs/include/lslidar_msgs/lslidar_msgs/srv/detail/time_mode__rosidl_typesupport_fastrtps_cpp.hpp
[4.884s] -- Symlinking: /home/wheeltec/wheeltec_ros2/install/lslidar_msgs/include/lslidar_msgs/lslidar_msgs/msg/detail/lslidar_information__rosidl_typesupport_introspection_cpp.hpp
[4.901s] -- Symlinking: /home/wheeltec/wheeltec_ros2/install/lslidar_msgs/include/lslidar_msgs/lslidar_msgs/msg/detail/lslidar_packet__rosidl_typesupport_introspection_cpp.hpp
[4.917s] -- Symlinking: /home/wheeltec/wheeltec_ros2/install/lslidar_msgs/include/lslidar_msgs/lslidar_msgs/srv/detail/angle_distortion_correction__rosidl_typesupport_introspection_cpp.hpp
[4.932s] -- Symlinking: /home/wheeltec/wheeltec_ros2/install/lslidar_msgs/include/lslidar_msgs/lslidar_msgs/srv/detail/frame_rate__rosidl_typesupport_introspection_cpp.hpp
[4.949s] -- Symlinking: /home/wheeltec/wheeltec_ros2/install/lslidar_msgs/include/lslidar_msgs/lslidar_msgs/srv/detail/invalid_data__rosidl_typesupport_introspection_cpp.hpp
[4.970s] -- Symlinking: /home/wheeltec/wheeltec_ros2/install/lslidar_msgs/include/lslidar_msgs/lslidar_msgs/srv/detail/ip_and_port__rosidl_typesupport_introspection_cpp.hpp
[4.987s] -- Symlinking: /home/wheeltec/wheeltec_ros2/install/lslidar_msgs/include/lslidar_msgs/lslidar_msgs/srv/detail/motor_control__rosidl_typesupport_introspection_cpp.hpp
[5.003s] -- Symlinking: /home/wheeltec/wheeltec_ros2/install/lslidar_msgs/include/lslidar_msgs/lslidar_msgs/srv/detail/motor_speed__rosidl_typesupport_introspection_cpp.hpp
[5.024s] -- Symlinking: /home/wheeltec/wheeltec_ros2/install/lslidar_msgs/include/lslidar_msgs/lslidar_msgs/srv/detail/power_control__rosidl_typesupport_introspection_cpp.hpp
[5.038s] -- Symlinking: /home/wheeltec/wheeltec_ros2/install/lslidar_msgs/include/lslidar_msgs/lslidar_msgs/srv/detail/rfd_removal__rosidl_typesupport_introspection_cpp.hpp
[5.054s] -- Symlinking: /home/wheeltec/wheeltec_ros2/install/lslidar_msgs/include/lslidar_msgs/lslidar_msgs/srv/detail/standby_mode__rosidl_typesupport_introspection_cpp.hpp
[5.072s] -- Symlinking: /home/wheeltec/wheeltec_ros2/install/lslidar_msgs/include/lslidar_msgs/lslidar_msgs/srv/detail/tail_removal__rosidl_typesupport_introspection_cpp.hpp
[5.116s] -- Symlinking: /home/wheeltec/wheeltec_ros2/install/lslidar_msgs/include/lslidar_msgs/lslidar_msgs/srv/detail/time_mode__rosidl_typesupport_introspection_cpp.hpp
[5.132s] -- Symlinking: /home/wheeltec/wheeltec_ros2/install/lslidar_msgs/share/lslidar_msgs/environment/pythonpath.sh
[5.149s] -- Symlinking: /home/wheeltec/wheeltec_ros2/install/lslidar_msgs/share/lslidar_msgs/environment/pythonpath.dsv
[5.172s] -- Symlinking: /home/wheeltec/wheeltec_ros2/install/lslidar_msgs/local/lib/python3.10/dist-packages/lslidar_msgs-5.1.1-py3.10.egg-info/PKG-INFO
[5.189s] -- Symlinking: /home/wheeltec/wheeltec_ros2/install/lslidar_msgs/local/lib/python3.10/dist-packages/lslidar_msgs-5.1.1-py3.10.egg-info/SOURCES.txt
[5.204s] -- Symlinking: /home/wheeltec/wheeltec_ros2/install/lslidar_msgs/local/lib/python3.10/dist-packages/lslidar_msgs-5.1.1-py3.10.egg-info/dependency_links.txt
[5.219s] -- Symlinking: /home/wheeltec/wheeltec_ros2/install/lslidar_msgs/local/lib/python3.10/dist-packages/lslidar_msgs-5.1.1-py3.10.egg-info/top_level.txt
[5.235s] -- Symlinking: /home/wheeltec/wheeltec_ros2/install/lslidar_msgs/local/lib/python3.10/dist-packages/lslidar_msgs/__init__.py
[5.254s] -- Symlinking: /home/wheeltec/wheeltec_ros2/install/lslidar_msgs/local/lib/python3.10/dist-packages/lslidar_msgs/_lslidar_msgs_s.ep.rosidl_typesupport_c.c
[5.281s] -- Symlinking: /home/wheeltec/wheeltec_ros2/install/lslidar_msgs/local/lib/python3.10/dist-packages/lslidar_msgs/_lslidar_msgs_s.ep.rosidl_typesupport_fastrtps_c.c
[5.298s] -- Symlinking: /home/wheeltec/wheeltec_ros2/install/lslidar_msgs/local/lib/python3.10/dist-packages/lslidar_msgs/_lslidar_msgs_s.ep.rosidl_typesupport_introspection_c.c
[5.313s] -- Symlinking: /home/wheeltec/wheeltec_ros2/install/lslidar_msgs/local/lib/python3.10/dist-packages/lslidar_msgs/liblslidar_msgs__rosidl_generator_py.so
[5.331s] -- Symlinking: /home/wheeltec/wheeltec_ros2/install/lslidar_msgs/local/lib/python3.10/dist-packages/lslidar_msgs/lslidar_msgs_s__rosidl_typesupport_c.cpython-310-aarch64-linux-gnu.so
[5.346s] -- Symlinking: /home/wheeltec/wheeltec_ros2/install/lslidar_msgs/local/lib/python3.10/dist-packages/lslidar_msgs/lslidar_msgs_s__rosidl_typesupport_fastrtps_c.cpython-310-aarch64-linux-gnu.so
[5.369s] -- Symlinking: /home/wheeltec/wheeltec_ros2/install/lslidar_msgs/local/lib/python3.10/dist-packages/lslidar_msgs/lslidar_msgs_s__rosidl_typesupport_introspection_c.cpython-310-aarch64-linux-gnu.so
[5.414s] -- Symlinking: /home/wheeltec/wheeltec_ros2/install/lslidar_msgs/local/lib/python3.10/dist-packages/lslidar_msgs/msg/__init__.py
[5.430s] -- Symlinking: /home/wheeltec/wheeltec_ros2/install/lslidar_msgs/local/lib/python3.10/dist-packages/lslidar_msgs/msg/_lslidar_information.py
[5.445s] -- Symlinking: /home/wheeltec/wheeltec_ros2/install/lslidar_msgs/local/lib/python3.10/dist-packages/lslidar_msgs/msg/_lslidar_information_s.c
[5.463s] -- Symlinking: /home/wheeltec/wheeltec_ros2/install/lslidar_msgs/local/lib/python3.10/dist-packages/lslidar_msgs/msg/_lslidar_packet.py
[5.479s] -- Symlinking: /home/wheeltec/wheeltec_ros2/install/lslidar_msgs/local/lib/python3.10/dist-packages/lslidar_msgs/msg/_lslidar_packet_s.c
[5.496s] -- Symlinking: /home/wheeltec/wheeltec_ros2/install/lslidar_msgs/local/lib/python3.10/dist-packages/lslidar_msgs/srv/__init__.py
[5.513s] -- Symlinking: /home/wheeltec/wheeltec_ros2/install/lslidar_msgs/local/lib/python3.10/dist-packages/lslidar_msgs/srv/_angle_distortion_correction.py
[5.529s] -- Symlinking: /home/wheeltec/wheeltec_ros2/install/lslidar_msgs/local/lib/python3.10/dist-packages/lslidar_msgs/srv/_angle_distortion_correction_s.c
[5.545s] -- Symlinking: /home/wheeltec/wheeltec_ros2/install/lslidar_msgs/local/lib/python3.10/dist-packages/lslidar_msgs/srv/_frame_rate.py
[5.561s] -- Symlinking: /home/wheeltec/wheeltec_ros2/install/lslidar_msgs/local/lib/python3.10/dist-packages/lslidar_msgs/srv/_frame_rate_s.c
[5.577s] -- Symlinking: /home/wheeltec/wheeltec_ros2/install/lslidar_msgs/local/lib/python3.10/dist-packages/lslidar_msgs/srv/_invalid_data.py
[5.592s] -- Symlinking: /home/wheeltec/wheeltec_ros2/install/lslidar_msgs/local/lib/python3.10/dist-packages/lslidar_msgs/srv/_invalid_data_s.c
[5.608s] -- Symlinking: /home/wheeltec/wheeltec_ros2/install/lslidar_msgs/local/lib/python3.10/dist-packages/lslidar_msgs/srv/_ip_and_port.py
[5.626s] -- Symlinking: /home/wheeltec/wheeltec_ros2/install/lslidar_msgs/local/lib/python3.10/dist-packages/lslidar_msgs/srv/_ip_and_port_s.c
[5.642s] -- Symlinking: /home/wheeltec/wheeltec_ros2/install/lslidar_msgs/local/lib/python3.10/dist-packages/lslidar_msgs/srv/_motor_control.py
[5.658s] -- Symlinking: /home/wheeltec/wheeltec_ros2/install/lslidar_msgs/local/lib/python3.10/dist-packages/lslidar_msgs/srv/_motor_control_s.c
[5.672s] -- Symlinking: /home/wheeltec/wheeltec_ros2/install/lslidar_msgs/local/lib/python3.10/dist-packages/lslidar_msgs/srv/_motor_speed.py
[5.688s] -- Symlinking: /home/wheeltec/wheeltec_ros2/install/lslidar_msgs/local/lib/python3.10/dist-packages/lslidar_msgs/srv/_motor_speed_s.c
[5.704s] -- Symlinking: /home/wheeltec/wheeltec_ros2/install/lslidar_msgs/local/lib/python3.10/dist-packages/lslidar_msgs/srv/_power_control.py
[5.720s] -- Symlinking: /home/wheeltec/wheeltec_ros2/install/lslidar_msgs/local/lib/python3.10/dist-packages/lslidar_msgs/srv/_power_control_s.c
[5.738s] -- Symlinking: /home/wheeltec/wheeltec_ros2/install/lslidar_msgs/local/lib/python3.10/dist-packages/lslidar_msgs/srv/_rfd_removal.py
[5.759s] -- Symlinking: /home/wheeltec/wheeltec_ros2/install/lslidar_msgs/local/lib/python3.10/dist-packages/lslidar_msgs/srv/_rfd_removal_s.c
[5.775s] -- Symlinking: /home/wheeltec/wheeltec_ros2/install/lslidar_msgs/local/lib/python3.10/dist-packages/lslidar_msgs/srv/_standby_mode.py
[5.791s] -- Symlinking: /home/wheeltec/wheeltec_ros2/install/lslidar_msgs/local/lib/python3.10/dist-packages/lslidar_msgs/srv/_standby_mode_s.c
[5.808s] -- Symlinking: /home/wheeltec/wheeltec_ros2/install/lslidar_msgs/local/lib/python3.10/dist-packages/lslidar_msgs/srv/_tail_removal.py
[5.825s] -- Symlinking: /home/wheeltec/wheeltec_ros2/install/lslidar_msgs/local/lib/python3.10/dist-packages/lslidar_msgs/srv/_tail_removal_s.c
[5.842s] -- Symlinking: /home/wheeltec/wheeltec_ros2/install/lslidar_msgs/local/lib/python3.10/dist-packages/lslidar_msgs/srv/_time_mode.py
[5.861s] -- Symlinking: /home/wheeltec/wheeltec_ros2/install/lslidar_msgs/local/lib/python3.10/dist-packages/lslidar_msgs/srv/_time_mode_s.c
[5.881s] -- Up-to-date symlink: /home/wheeltec/wheeltec_ros2/install/lslidar_msgs/local/lib/python3.10/dist-packages/lslidar_msgs/lslidar_msgs_s__rosidl_typesupport_fastrtps_c.cpython-310-aarch64-linux-gnu.so
[5.882s] -- Up-to-date symlink: /home/wheeltec/wheeltec_ros2/install/lslidar_msgs/local/lib/python3.10/dist-packages/lslidar_msgs/lslidar_msgs_s__rosidl_typesupport_introspection_c.cpython-310-aarch64-linux-gnu.so
[5.882s] -- Up-to-date symlink: /home/wheeltec/wheeltec_ros2/install/lslidar_msgs/local/lib/python3.10/dist-packages/lslidar_msgs/lslidar_msgs_s__rosidl_typesupport_c.cpython-310-aarch64-linux-gnu.so
[5.882s] -- Symlinking: /home/wheeltec/wheeltec_ros2/install/lslidar_msgs/share/lslidar_msgs/msg/LslidarInformation.idl
[5.899s] -- Symlinking: /home/wheeltec/wheeltec_ros2/install/lslidar_msgs/share/lslidar_msgs/msg/LslidarPacket.idl
[5.917s] -- Symlinking: /home/wheeltec/wheeltec_ros2/install/lslidar_msgs/share/lslidar_msgs/srv/AngleDistortionCorrection.idl
[5.933s] -- Symlinking: /home/wheeltec/wheeltec_ros2/install/lslidar_msgs/share/lslidar_msgs/srv/FrameRate.idl
[5.951s] -- Symlinking: /home/wheeltec/wheeltec_ros2/install/lslidar_msgs/share/lslidar_msgs/srv/InvalidData.idl
[5.968s] -- Symlinking: /home/wheeltec/wheeltec_ros2/install/lslidar_msgs/share/lslidar_msgs/srv/IpAndPort.idl
[5.986s] -- Symlinking: /home/wheeltec/wheeltec_ros2/install/lslidar_msgs/share/lslidar_msgs/srv/MotorControl.idl
[6.004s] -- Symlinking: /home/wheeltec/wheeltec_ros2/install/lslidar_msgs/share/lslidar_msgs/srv/MotorSpeed.idl
[6.023s] -- Symlinking: /home/wheeltec/wheeltec_ros2/install/lslidar_msgs/share/lslidar_msgs/srv/PowerControl.idl
[6.044s] -- Symlinking: /home/wheeltec/wheeltec_ros2/install/lslidar_msgs/share/lslidar_msgs/srv/RfdRemoval.idl
[6.064s] -- Symlinking: /home/wheeltec/wheeltec_ros2/install/lslidar_msgs/share/lslidar_msgs/srv/StandbyMode.idl
[6.086s] -- Symlinking: /home/wheeltec/wheeltec_ros2/install/lslidar_msgs/share/lslidar_msgs/srv/TailRemoval.idl
[6.108s] -- Symlinking: /home/wheeltec/wheeltec_ros2/install/lslidar_msgs/share/lslidar_msgs/srv/TimeMode.idl
[6.126s] -- Symlinking: /home/wheeltec/wheeltec_ros2/install/lslidar_msgs/share/lslidar_msgs/msg/LslidarInformation.msg
[6.144s] -- Symlinking: /home/wheeltec/wheeltec_ros2/install/lslidar_msgs/share/lslidar_msgs/msg/LslidarPacket.msg
[6.166s] -- Symlinking: /home/wheeltec/wheeltec_ros2/install/lslidar_msgs/share/lslidar_msgs/srv/AngleDistortionCorrection.srv
[6.187s] -- Symlinking: /home/wheeltec/wheeltec_ros2/install/lslidar_msgs/share/lslidar_msgs/srv/AngleDistortionCorrection_Request.msg
[6.206s] -- Symlinking: /home/wheeltec/wheeltec_ros2/install/lslidar_msgs/share/lslidar_msgs/srv/AngleDistortionCorrection_Response.msg
[6.228s] -- Symlinking: /home/wheeltec/wheeltec_ros2/install/lslidar_msgs/share/lslidar_msgs/srv/FrameRate.srv
[6.245s] -- Symlinking: /home/wheeltec/wheeltec_ros2/install/lslidar_msgs/share/lslidar_msgs/srv/FrameRate_Request.msg
[6.285s] -- Symlinking: /home/wheeltec/wheeltec_ros2/install/lslidar_msgs/share/lslidar_msgs/srv/FrameRate_Response.msg
[6.315s] -- Symlinking: /home/wheeltec/wheeltec_ros2/install/lslidar_msgs/share/lslidar_msgs/srv/InvalidData.srv
[6.324s] -- Symlinking: /home/wheeltec/wheeltec_ros2/install/lslidar_msgs/share/lslidar_msgs/srv/InvalidData_Request.msg
[6.349s] -- Symlinking: /home/wheeltec/wheeltec_ros2/install/lslidar_msgs/share/lslidar_msgs/srv/InvalidData_Response.msg
[6.370s] -- Symlinking: /home/wheeltec/wheeltec_ros2/install/lslidar_msgs/share/lslidar_msgs/srv/IpAndPort.srv
[6.387s] -- Symlinking: /home/wheeltec/wheeltec_ros2/install/lslidar_msgs/share/lslidar_msgs/srv/IpAndPort_Request.msg
[6.404s] -- Symlinking: /home/wheeltec/wheeltec_ros2/install/lslidar_msgs/share/lslidar_msgs/srv/IpAndPort_Response.msg
[6.424s] -- Symlinking: /home/wheeltec/wheeltec_ros2/install/lslidar_msgs/share/lslidar_msgs/srv/MotorControl.srv
[6.439s] -- Symlinking: /home/wheeltec/wheeltec_ros2/install/lslidar_msgs/share/lslidar_msgs/srv/MotorControl_Request.msg
[6.456s] -- Symlinking: /home/wheeltec/wheeltec_ros2/install/lslidar_msgs/share/lslidar_msgs/srv/MotorControl_Response.msg
[6.473s] -- Symlinking: /home/wheeltec/wheeltec_ros2/install/lslidar_msgs/share/lslidar_msgs/srv/MotorSpeed.srv
[6.493s] -- Symlinking: /home/wheeltec/wheeltec_ros2/install/lslidar_msgs/share/lslidar_msgs/srv/MotorSpeed_Request.msg
[6.511s] -- Symlinking: /home/wheeltec/wheeltec_ros2/install/lslidar_msgs/share/lslidar_msgs/srv/MotorSpeed_Response.msg
[6.531s] -- Symlinking: /home/wheeltec/wheeltec_ros2/install/lslidar_msgs/share/lslidar_msgs/srv/PowerControl.srv
[6.550s] -- Symlinking: /home/wheeltec/wheeltec_ros2/install/lslidar_msgs/share/lslidar_msgs/srv/PowerControl_Request.msg
[6.567s] -- Symlinking: /home/wheeltec/wheeltec_ros2/install/lslidar_msgs/share/lslidar_msgs/srv/PowerControl_Response.msg
[6.583s] -- Symlinking: /home/wheeltec/wheeltec_ros2/install/lslidar_msgs/share/lslidar_msgs/srv/RfdRemoval.srv
[6.601s] -- Symlinking: /home/wheeltec/wheeltec_ros2/install/lslidar_msgs/share/lslidar_msgs/srv/RfdRemoval_Request.msg
[6.620s] -- Symlinking: /home/wheeltec/wheeltec_ros2/install/lslidar_msgs/share/lslidar_msgs/srv/RfdRemoval_Response.msg
[6.667s] -- Symlinking: /home/wheeltec/wheeltec_ros2/install/lslidar_msgs/share/lslidar_msgs/srv/StandbyMode.srv
[6.683s] -- Symlinking: /home/wheeltec/wheeltec_ros2/install/lslidar_msgs/share/lslidar_msgs/srv/StandbyMode_Request.msg
[6.700s] -- Symlinking: /home/wheeltec/wheeltec_ros2/install/lslidar_msgs/share/lslidar_msgs/srv/StandbyMode_Response.msg
[6.718s] -- Symlinking: /home/wheeltec/wheeltec_ros2/install/lslidar_msgs/share/lslidar_msgs/srv/TailRemoval.srv
[6.737s] -- Symlinking: /home/wheeltec/wheeltec_ros2/install/lslidar_msgs/share/lslidar_msgs/srv/TailRemoval_Request.msg
[6.756s] -- Symlinking: /home/wheeltec/wheeltec_ros2/install/lslidar_msgs/share/lslidar_msgs/srv/TailRemoval_Response.msg
[6.780s] -- Symlinking: /home/wheeltec/wheeltec_ros2/install/lslidar_msgs/share/lslidar_msgs/srv/TimeMode.srv
[6.798s] -- Symlinking: /home/wheeltec/wheeltec_ros2/install/lslidar_msgs/share/lslidar_msgs/srv/TimeMode_Request.msg
[6.817s] -- Symlinking: /home/wheeltec/wheeltec_ros2/install/lslidar_msgs/share/lslidar_msgs/srv/TimeMode_Response.msg
[6.834s] -- Symlinking: /home/wheeltec/wheeltec_ros2/install/lslidar_msgs/share/ament_index/resource_index/package_run_dependencies/lslidar_msgs
[6.851s] -- Symlinking: /home/wheeltec/wheeltec_ros2/install/lslidar_msgs/share/ament_index/resource_index/parent_prefix_path/lslidar_msgs
[6.874s] -- Symlinking: /home/wheeltec/wheeltec_ros2/install/lslidar_msgs/share/lslidar_msgs/environment/ament_prefix_path.sh
[6.889s] -- Symlinking: /home/wheeltec/wheeltec_ros2/install/lslidar_msgs/share/lslidar_msgs/environment/ament_prefix_path.dsv
[6.907s] -- Symlinking: /home/wheeltec/wheeltec_ros2/install/lslidar_msgs/share/lslidar_msgs/environment/path.sh
[6.925s] -- Symlinking: /home/wheeltec/wheeltec_ros2/install/lslidar_msgs/share/lslidar_msgs/environment/path.dsv
[6.955s] -- Symlinking: /home/wheeltec/wheeltec_ros2/install/lslidar_msgs/share/lslidar_msgs/local_setup.bash
[6.974s] -- Symlinking: /home/wheeltec/wheeltec_ros2/install/lslidar_msgs/share/lslidar_msgs/local_setup.sh
[6.992s] -- Symlinking: /home/wheeltec/wheeltec_ros2/install/lslidar_msgs/share/lslidar_msgs/local_setup.zsh
[7.010s] -- Symlinking: /home/wheeltec/wheeltec_ros2/install/lslidar_msgs/share/lslidar_msgs/local_setup.dsv
[7.057s] -- Symlinking: /home/wheeltec/wheeltec_ros2/install/lslidar_msgs/share/lslidar_msgs/package.dsv
[7.084s] -- Symlinking: /home/wheeltec/wheeltec_ros2/install/lslidar_msgs/share/ament_index/resource_index/packages/lslidar_msgs
[7.102s] -- Symlinking: /home/wheeltec/wheeltec_ros2/install/lslidar_msgs/share/lslidar_msgs/cmake/rosidl_cmake-extras.cmake
[7.120s] -- Symlinking: /home/wheeltec/wheeltec_ros2/install/lslidar_msgs/share/lslidar_msgs/cmake/ament_cmake_export_dependencies-extras.cmake
[7.137s] -- Symlinking: /home/wheeltec/wheeltec_ros2/install/lslidar_msgs/share/lslidar_msgs/cmake/ament_cmake_export_include_directories-extras.cmake
[7.154s] -- Symlinking: /home/wheeltec/wheeltec_ros2/install/lslidar_msgs/share/lslidar_msgs/cmake/ament_cmake_export_libraries-extras.cmake
[7.172s] -- Symlinking: /home/wheeltec/wheeltec_ros2/install/lslidar_msgs/share/lslidar_msgs/cmake/ament_cmake_export_targets-extras.cmake
[7.188s] -- Symlinking: /home/wheeltec/wheeltec_ros2/install/lslidar_msgs/share/lslidar_msgs/cmake/rosidl_cmake_export_typesupport_targets-extras.cmake
[7.205s] -- Symlinking: /home/wheeltec/wheeltec_ros2/install/lslidar_msgs/share/lslidar_msgs/cmake/rosidl_cmake_export_typesupport_libraries-extras.cmake
[7.227s] -- Symlinking: /home/wheeltec/wheeltec_ros2/install/lslidar_msgs/share/lslidar_msgs/cmake/lslidar_msgsConfig.cmake
[7.274s] -- Symlinking: /home/wheeltec/wheeltec_ros2/install/lslidar_msgs/share/lslidar_msgs/cmake/lslidar_msgsConfig-version.cmake
[7.291s] -- Symlinking: /home/wheeltec/wheeltec_ros2/install/lslidar_msgs/share/lslidar_msgs/package.xml
[7.308s] -- Installing: /home/wheeltec/wheeltec_ros2/install/lslidar_msgs/lib/liblslidar_msgs__rosidl_generator_c.so
[7.308s] -- Set runtime path of "/home/wheeltec/wheeltec_ros2/install/lslidar_msgs/lib/liblslidar_msgs__rosidl_generator_c.so" to ""
[7.309s] -- Installing: /home/wheeltec/wheeltec_ros2/install/lslidar_msgs/lib/liblslidar_msgs__rosidl_typesupport_fastrtps_c.so
[7.312s] -- Set runtime path of "/home/wheeltec/wheeltec_ros2/install/lslidar_msgs/lib/liblslidar_msgs__rosidl_typesupport_fastrtps_c.so" to ""
[7.312s] -- Installing: /home/wheeltec/wheeltec_ros2/install/lslidar_msgs/lib/liblslidar_msgs__rosidl_typesupport_introspection_c.so
[7.312s] -- Set runtime path of "/home/wheeltec/wheeltec_ros2/install/lslidar_msgs/lib/liblslidar_msgs__rosidl_typesupport_introspection_c.so" to ""
[7.312s] -- Installing: /home/wheeltec/wheeltec_ros2/install/lslidar_msgs/lib/liblslidar_msgs__rosidl_typesupport_c.so
[7.313s] -- Set runtime path of "/home/wheeltec/wheeltec_ros2/install/lslidar_msgs/lib/liblslidar_msgs__rosidl_typesupport_c.so" to ""
[7.313s] -- Installing: /home/wheeltec/wheeltec_ros2/install/lslidar_msgs/lib/liblslidar_msgs__rosidl_typesupport_fastrtps_cpp.so
[7.315s] -- Set runtime path of "/home/wheeltec/wheeltec_ros2/install/lslidar_msgs/lib/liblslidar_msgs__rosidl_typesupport_fastrtps_cpp.so" to ""
[7.315s] -- Installing: /home/wheeltec/wheeltec_ros2/install/lslidar_msgs/lib/liblslidar_msgs__rosidl_typesupport_introspection_cpp.so
[7.316s] -- Set runtime path of "/home/wheeltec/wheeltec_ros2/install/lslidar_msgs/lib/liblslidar_msgs__rosidl_typesupport_introspection_cpp.so" to ""
[7.316s] -- Installing: /home/wheeltec/wheeltec_ros2/install/lslidar_msgs/lib/liblslidar_msgs__rosidl_typesupport_cpp.so
[7.317s] -- Set runtime path of "/home/wheeltec/wheeltec_ros2/install/lslidar_msgs/lib/liblslidar_msgs__rosidl_typesupport_cpp.so" to ""
[7.495s] Listing '/home/wheeltec/wheeltec_ros2/install/lslidar_msgs/local/lib/python3.10/dist-packages/lslidar_msgs'...
[7.495s] Compiling '/home/wheeltec/wheeltec_ros2/install/lslidar_msgs/local/lib/python3.10/dist-packages/lslidar_msgs/__init__.py'...
[7.495s] Listing '/home/wheeltec/wheeltec_ros2/install/lslidar_msgs/local/lib/python3.10/dist-packages/lslidar_msgs/msg'...
[7.496s] Compiling '/home/wheeltec/wheeltec_ros2/install/lslidar_msgs/local/lib/python3.10/dist-packages/lslidar_msgs/msg/__init__.py'...
[7.496s] Compiling '/home/wheeltec/wheeltec_ros2/install/lslidar_msgs/local/lib/python3.10/dist-packages/lslidar_msgs/msg/_lslidar_information.py'...
[7.496s] Compiling '/home/wheeltec/wheeltec_ros2/install/lslidar_msgs/local/lib/python3.10/dist-packages/lslidar_msgs/msg/_lslidar_packet.py'...
[7.496s] Listing '/home/wheeltec/wheeltec_ros2/install/lslidar_msgs/local/lib/python3.10/dist-packages/lslidar_msgs/srv'...
[7.496s] Compiling '/home/wheeltec/wheeltec_ros2/install/lslidar_msgs/local/lib/python3.10/dist-packages/lslidar_msgs/srv/__init__.py'...
[7.496s] Compiling '/home/wheeltec/wheeltec_ros2/install/lslidar_msgs/local/lib/python3.10/dist-packages/lslidar_msgs/srv/_angle_distortion_correction.py'...
[7.496s] Compiling '/home/wheeltec/wheeltec_ros2/install/lslidar_msgs/local/lib/python3.10/dist-packages/lslidar_msgs/srv/_frame_rate.py'...
[7.497s] Compiling '/home/wheeltec/wheeltec_ros2/install/lslidar_msgs/local/lib/python3.10/dist-packages/lslidar_msgs/srv/_invalid_data.py'...
[7.497s] Compiling '/home/wheeltec/wheeltec_ros2/install/lslidar_msgs/local/lib/python3.10/dist-packages/lslidar_msgs/srv/_ip_and_port.py'...
[7.497s] Compiling '/home/wheeltec/wheeltec_ros2/install/lslidar_msgs/local/lib/python3.10/dist-packages/lslidar_msgs/srv/_motor_control.py'...
[7.497s] Compiling '/home/wheeltec/wheeltec_ros2/install/lslidar_msgs/local/lib/python3.10/dist-packages/lslidar_msgs/srv/_motor_speed.py'...
[7.497s] Compiling '/home/wheeltec/wheeltec_ros2/install/lslidar_msgs/local/lib/python3.10/dist-packages/lslidar_msgs/srv/_power_control.py'...
[7.497s] Compiling '/home/wheeltec/wheeltec_ros2/install/lslidar_msgs/local/lib/python3.10/dist-packages/lslidar_msgs/srv/_rfd_removal.py'...
[7.497s] Compiling '/home/wheeltec/wheeltec_ros2/install/lslidar_msgs/local/lib/python3.10/dist-packages/lslidar_msgs/srv/_standby_mode.py'...
[7.497s] Compiling '/home/wheeltec/wheeltec_ros2/install/lslidar_msgs/local/lib/python3.10/dist-packages/lslidar_msgs/srv/_tail_removal.py'...
[7.497s] Compiling '/home/wheeltec/wheeltec_ros2/install/lslidar_msgs/local/lib/python3.10/dist-packages/lslidar_msgs/srv/_time_mode.py'...
[7.510s] -- Installing: /home/wheeltec/wheeltec_ros2/install/lslidar_msgs/lib/liblslidar_msgs__rosidl_generator_py.so
[7.510s] -- Set runtime path of "/home/wheeltec/wheeltec_ros2/install/lslidar_msgs/lib/liblslidar_msgs__rosidl_generator_py.so" to ""
[7.511s] -- Installing: /home/wheeltec/wheeltec_ros2/install/lslidar_msgs/share/lslidar_msgs/cmake/export_lslidar_msgs__rosidl_generator_cExport.cmake
[7.511s] -- Installing: /home/wheeltec/wheeltec_ros2/install/lslidar_msgs/share/lslidar_msgs/cmake/export_lslidar_msgs__rosidl_generator_cExport-noconfig.cmake
[7.511s] -- Installing: /home/wheeltec/wheeltec_ros2/install/lslidar_msgs/share/lslidar_msgs/cmake/export_lslidar_msgs__rosidl_typesupport_fastrtps_cExport.cmake
[7.511s] -- Installing: /home/wheeltec/wheeltec_ros2/install/lslidar_msgs/share/lslidar_msgs/cmake/export_lslidar_msgs__rosidl_typesupport_fastrtps_cExport-noconfig.cmake
[7.511s] -- Installing: /home/wheeltec/wheeltec_ros2/install/lslidar_msgs/share/lslidar_msgs/cmake/lslidar_msgs__rosidl_typesupport_introspection_cExport.cmake
[7.512s] -- Installing: /home/wheeltec/wheeltec_ros2/install/lslidar_msgs/share/lslidar_msgs/cmake/lslidar_msgs__rosidl_typesupport_introspection_cExport-noconfig.cmake
[7.512s] -- Installing: /home/wheeltec/wheeltec_ros2/install/lslidar_msgs/share/lslidar_msgs/cmake/lslidar_msgs__rosidl_typesupport_cExport.cmake
[7.512s] -- Installing: /home/wheeltec/wheeltec_ros2/install/lslidar_msgs/share/lslidar_msgs/cmake/lslidar_msgs__rosidl_typesupport_cExport-noconfig.cmake
[7.513s] -- Installing: /home/wheeltec/wheeltec_ros2/install/lslidar_msgs/share/lslidar_msgs/cmake/export_lslidar_msgs__rosidl_generator_cppExport.cmake
[7.513s] -- Installing: /home/wheeltec/wheeltec_ros2/install/lslidar_msgs/share/lslidar_msgs/cmake/export_lslidar_msgs__rosidl_typesupport_fastrtps_cppExport.cmake
[7.513s] -- Installing: /home/wheeltec/wheeltec_ros2/install/lslidar_msgs/share/lslidar_msgs/cmake/export_lslidar_msgs__rosidl_typesupport_fastrtps_cppExport-noconfig.cmake
[7.514s] -- Installing: /home/wheeltec/wheeltec_ros2/install/lslidar_msgs/share/lslidar_msgs/cmake/lslidar_msgs__rosidl_typesupport_introspection_cppExport.cmake
[7.514s] -- Installing: /home/wheeltec/wheeltec_ros2/install/lslidar_msgs/share/lslidar_msgs/cmake/lslidar_msgs__rosidl_typesupport_introspection_cppExport-noconfig.cmake
[7.514s] -- Installing: /home/wheeltec/wheeltec_ros2/install/lslidar_msgs/share/lslidar_msgs/cmake/lslidar_msgs__rosidl_typesupport_cppExport.cmake
[7.514s] -- Installing: /home/wheeltec/wheeltec_ros2/install/lslidar_msgs/share/lslidar_msgs/cmake/lslidar_msgs__rosidl_typesupport_cppExport-noconfig.cmake
[7.515s] -- Installing: /home/wheeltec/wheeltec_ros2/install/lslidar_msgs/share/lslidar_msgs/cmake/export_lslidar_msgs__rosidl_generator_pyExport.cmake
[7.515s] -- Installing: /home/wheeltec/wheeltec_ros2/install/lslidar_msgs/share/lslidar_msgs/cmake/export_lslidar_msgs__rosidl_generator_pyExport-noconfig.cmake
[7.521s] Invoked command in '/home/wheeltec/wheeltec_ros2/build/lslidar_msgs' returned '0': CMAKE_PREFIX_PATH=${CMAKE_PREFIX_PATH}:/home/wheeltec/wheeltec_ros2/install/auto_recharge_ros2:/home/wheeltec/autoware/install/autoware_wheeltec_interface:/home/wheeltec/autoware/install/ad_api_visualizers:/opt/ros/humble /usr/bin/cmake --install /home/wheeltec/wheeltec_ros2/build/lslidar_msgs
