[0.121s] Invoking command in '/home/wheeltec/wheeltec_ros2/build/wheeltec_slam_toolbox': CMAKE_PREFIX_PATH=${CMAKE_PREFIX_PATH}:/home/wheeltec/wheeltec_ros2/install/wheeltec_robot_keyboard:/home/wheeltec/wheeltec_ros2/install/wheeltec_dual_rtk_driver:/home/wheeltec/wheeltec_ros2/install/ultralytics_ros2:/home/wheeltec/wheeltec_ros2/install/tf2_tools:/home/wheeltec/wheeltec_ros2/install/nav2_waypoint_cycle:/home/wheeltec/wheeltec_ros2/install/nav2_simple_commander:/home/wheeltec/wheeltec_ros2/install/auto_recharge_ros2:/home/wheeltec/autoware/install/autoware_wheeltec_interface:/home/wheeltec/autoware/install/ad_api_visualizers:/opt/ros/humble /usr/bin/cmake --build /home/wheeltec/wheeltec_ros2/build/wheeltec_slam_toolbox -- -j6 -l6
[0.338s] [35m[1mConsolidate compiler generated dependencies of target talker[0m
[0.401s] [100%] Built target talker
[0.532s] Invoked command in '/home/wheeltec/wheeltec_ros2/build/wheeltec_slam_toolbox' returned '0': CMAKE_PREFIX_PATH=${CMAKE_PREFIX_PATH}:/home/wheeltec/wheeltec_ros2/install/wheeltec_robot_keyboard:/home/wheeltec/wheeltec_ros2/install/wheeltec_dual_rtk_driver:/home/wheeltec/wheeltec_ros2/install/ultralytics_ros2:/home/wheeltec/wheeltec_ros2/install/tf2_tools:/home/wheeltec/wheeltec_ros2/install/nav2_waypoint_cycle:/home/wheeltec/wheeltec_ros2/install/nav2_simple_commander:/home/wheeltec/wheeltec_ros2/install/auto_recharge_ros2:/home/wheeltec/autoware/install/autoware_wheeltec_interface:/home/wheeltec/autoware/install/ad_api_visualizers:/opt/ros/humble /usr/bin/cmake --build /home/wheeltec/wheeltec_ros2/build/wheeltec_slam_toolbox -- -j6 -l6
[0.541s] Invoking command in '/home/wheeltec/wheeltec_ros2/build/wheeltec_slam_toolbox': CMAKE_PREFIX_PATH=${CMAKE_PREFIX_PATH}:/home/wheeltec/wheeltec_ros2/install/wheeltec_robot_keyboard:/home/wheeltec/wheeltec_ros2/install/wheeltec_dual_rtk_driver:/home/wheeltec/wheeltec_ros2/install/ultralytics_ros2:/home/wheeltec/wheeltec_ros2/install/tf2_tools:/home/wheeltec/wheeltec_ros2/install/nav2_waypoint_cycle:/home/wheeltec/wheeltec_ros2/install/nav2_simple_commander:/home/wheeltec/wheeltec_ros2/install/auto_recharge_ros2:/home/wheeltec/autoware/install/autoware_wheeltec_interface:/home/wheeltec/autoware/install/ad_api_visualizers:/opt/ros/humble /usr/bin/cmake --install /home/wheeltec/wheeltec_ros2/build/wheeltec_slam_toolbox
[0.559s] -- Install configuration: ""
[0.574s] -- Execute custom install script
[0.574s] -- Up-to-date symlink: /home/wheeltec/wheeltec_ros2/install/wheeltec_slam_toolbox/lib/wheeltec_slam_toolbox/talker
[0.575s] -- Up-to-date symlink: /home/wheeltec/wheeltec_ros2/install/wheeltec_slam_toolbox/share/wheeltec_slam_toolbox/config/mapper_params_online_async.yaml
[0.575s] -- Up-to-date symlink: /home/wheeltec/wheeltec_ros2/install/wheeltec_slam_toolbox/share/wheeltec_slam_toolbox/config/mapper_params_online_sync.yaml
[0.576s] -- Up-to-date symlink: /home/wheeltec/wheeltec_ros2/install/wheeltec_slam_toolbox/share/wheeltec_slam_toolbox/launch/online_async_launch.py
[0.584s] -- Up-to-date symlink: /home/wheeltec/wheeltec_ros2/install/wheeltec_slam_toolbox/share/wheeltec_slam_toolbox/launch/online_sync.launch.py
[0.593s] -- Up-to-date symlink: /home/wheeltec/wheeltec_ros2/install/wheeltec_slam_toolbox/share/ament_index/resource_index/package_run_dependencies/wheeltec_slam_toolbox
[0.594s] -- Up-to-date symlink: /home/wheeltec/wheeltec_ros2/install/wheeltec_slam_toolbox/share/ament_index/resource_index/parent_prefix_path/wheeltec_slam_toolbox
[0.598s] -- Up-to-date symlink: /home/wheeltec/wheeltec_ros2/install/wheeltec_slam_toolbox/share/wheeltec_slam_toolbox/environment/ament_prefix_path.sh
[0.600s] -- Up-to-date symlink: /home/wheeltec/wheeltec_ros2/install/wheeltec_slam_toolbox/share/wheeltec_slam_toolbox/environment/ament_prefix_path.dsv
[0.600s] -- Up-to-date symlink: /home/wheeltec/wheeltec_ros2/install/wheeltec_slam_toolbox/share/wheeltec_slam_toolbox/environment/path.sh
[0.605s] -- Up-to-date symlink: /home/wheeltec/wheeltec_ros2/install/wheeltec_slam_toolbox/share/wheeltec_slam_toolbox/environment/path.dsv
[0.605s] -- Up-to-date symlink: /home/wheeltec/wheeltec_ros2/install/wheeltec_slam_toolbox/share/wheeltec_slam_toolbox/local_setup.bash
[0.606s] -- Up-to-date symlink: /home/wheeltec/wheeltec_ros2/install/wheeltec_slam_toolbox/share/wheeltec_slam_toolbox/local_setup.sh
[0.607s] -- Up-to-date symlink: /home/wheeltec/wheeltec_ros2/install/wheeltec_slam_toolbox/share/wheeltec_slam_toolbox/local_setup.zsh
[0.607s] -- Up-to-date symlink: /home/wheeltec/wheeltec_ros2/install/wheeltec_slam_toolbox/share/wheeltec_slam_toolbox/local_setup.dsv
[0.607s] -- Symlinking: /home/wheeltec/wheeltec_ros2/install/wheeltec_slam_toolbox/share/wheeltec_slam_toolbox/package.dsv
[0.654s] -- Up-to-date symlink: /home/wheeltec/wheeltec_ros2/install/wheeltec_slam_toolbox/share/ament_index/resource_index/packages/wheeltec_slam_toolbox
[0.655s] -- Up-to-date symlink: /home/wheeltec/wheeltec_ros2/install/wheeltec_slam_toolbox/share/wheeltec_slam_toolbox/cmake/wheeltec_slam_toolboxConfig.cmake
[0.655s] -- Up-to-date symlink: /home/wheeltec/wheeltec_ros2/install/wheeltec_slam_toolbox/share/wheeltec_slam_toolbox/cmake/wheeltec_slam_toolboxConfig-version.cmake
[0.655s] -- Up-to-date symlink: /home/wheeltec/wheeltec_ros2/install/wheeltec_slam_toolbox/share/wheeltec_slam_toolbox/package.xml
[0.675s] Invoked command in '/home/wheeltec/wheeltec_ros2/build/wheeltec_slam_toolbox' returned '0': CMAKE_PREFIX_PATH=${CMAKE_PREFIX_PATH}:/home/wheeltec/wheeltec_ros2/install/wheeltec_robot_keyboard:/home/wheeltec/wheeltec_ros2/install/wheeltec_dual_rtk_driver:/home/wheeltec/wheeltec_ros2/install/ultralytics_ros2:/home/wheeltec/wheeltec_ros2/install/tf2_tools:/home/wheeltec/wheeltec_ros2/install/nav2_waypoint_cycle:/home/wheeltec/wheeltec_ros2/install/nav2_simple_commander:/home/wheeltec/wheeltec_ros2/install/auto_recharge_ros2:/home/wheeltec/autoware/install/autoware_wheeltec_interface:/home/wheeltec/autoware/install/ad_api_visualizers:/opt/ros/humble /usr/bin/cmake --install /home/wheeltec/wheeltec_ros2/build/wheeltec_slam_toolbox
