[0.113s] Invoking command in '/home/wheeltec/wheeltec_ros2/build/wheeltec_mic_aiui': CMAKE_PREFIX_PATH=${CMAKE_PREFIX_PATH}:/home/wheeltec/wheeltec_ros2/install/auto_recharge_ros2:/home/wheeltec/autoware/install/autoware_wheeltec_interface:/home/wheeltec/autoware/install/ad_api_visualizers:/opt/ros/humble /usr/bin/cmake /home/wheeltec/wheeltec_ros2/src/wheeltec_mic_aiui -DAMENT_CMAKE_SYMLINK_INSTALL=1 -DCMAKE_INSTALL_PREFIX=/home/wheeltec/wheeltec_ros2/install/wheeltec_mic_aiui
[0.659s] -- The C compiler identification is GNU 11.4.0
[0.659s] -- The CXX compiler identification is GNU 11.4.0
[0.659s] -- Detecting C compiler ABI info
[0.659s] -- Detecting C compiler ABI info - done
[0.659s] -- Check for working C compiler: /usr/bin/cc - skipped
[0.659s] -- Detecting C compile features
[0.659s] -- Detecting C compile features - done
[0.659s] -- Detecting CXX compiler ABI info
[0.851s] -- Detecting CXX compiler ABI info - done
[0.861s] -- Check for working CXX compiler: /usr/bin/c++ - skipped
[0.862s] -- Detecting CXX compile features
[0.864s] -- Detecting CXX compile features - done
[0.922s] -- Found ament_cmake: 1.3.7 (/home/wheeltec/autoware/install/ament_cmake/share/ament_cmake/cmake)
[1.930s] -- Found Python3: /usr/bin/python3.10 (found version "3.10.12") found components: Interpreter 
[2.167s] -- Override CMake install command with custom implementation using symlinks instead of copying resources
[3.151s] -- Found geometry_msgs: 4.2.4 (/opt/ros/humble/share/geometry_msgs/cmake)
[3.899s] -- Found rosidl_generator_c: 3.1.6 (/opt/ros/humble/share/rosidl_generator_c/cmake)
[4.134s] -- Found rosidl_adapter: 3.1.6 (/opt/ros/humble/share/rosidl_adapter/cmake)
[4.343s] -- Found rosidl_generator_cpp: 3.1.6 (/opt/ros/humble/share/rosidl_generator_cpp/cmake)
[4.604s] -- Using all available rosidl_typesupport_c: rosidl_typesupport_fastrtps_c;rosidl_typesupport_introspection_c
[4.858s] -- Using all available rosidl_typesupport_cpp: rosidl_typesupport_fastrtps_cpp;rosidl_typesupport_introspection_cpp
[5.155s] -- Found nav2_msgs: 1.1.17 (/opt/ros/humble/share/nav2_msgs/cmake)
[5.488s] -- Found rosidl_default_generators: 1.2.0 (/opt/ros/humble/share/rosidl_default_generators/cmake)
[5.795s] -- Found rclcpp: 16.0.11 (/opt/ros/humble/share/rclcpp/cmake)
[6.434s] -- Found rmw_implementation_cmake: 6.1.2 (/opt/ros/humble/share/rmw_implementation_cmake/cmake)
[6.565s] -- Found rmw_fastrtps_cpp: 6.2.7 (/opt/ros/humble/share/rmw_fastrtps_cpp/cmake)
[7.321s] -- Found OpenSSL: /usr/lib/aarch64-linux-gnu/libcrypto.so (found version "3.0.2")  
[7.548s] -- Found FastRTPS: /opt/ros/humble/include  
[7.826s] -- Using RMW implementation 'rmw_fastrtps_cpp' as default
[8.015s] -- Looking for pthread.h
[8.247s] -- Looking for pthread.h - found
[8.247s] -- Performing Test CMAKE_HAVE_LIBC_PTHREAD
[8.529s] -- Performing Test CMAKE_HAVE_LIBC_PTHREAD - Success
[8.531s] -- Found Threads: TRUE  
[9.027s] -- Found rclcpp_action: 16.0.11 (/opt/ros/humble/share/rclcpp_action/cmake)
[9.197s] -- Found serial: 1.2.1 (/home/wheeltec/wheeltec_ros2/install/serial/share/serial/cmake)
[9.211s] -- Found ollama_ros_msgs: 0.0.0 (/home/wheeltec/wheeltec_ros2/install/ollama_ros_msgs/share/ollama_ros_msgs/cmake)
[9.427s] [31mCMake Error at CMakeLists.txt:31 (find_package):
[9.427s]   By not providing "Findwheeltec_mic_msg.cmake" in CMAKE_MODULE_PATH this
[9.427s]   project has asked CMake to find a package configuration file provided by
[9.428s]   "wheeltec_mic_msg", but CMake did not find one.
[9.428s] 
[9.428s]   Could not find a package configuration file provided by "wheeltec_mic_msg"
[9.428s]   with any of the following names:
[9.428s] 
[9.428s]     wheeltec_mic_msgConfig.cmake
[9.428s]     wheeltec_mic_msg-config.cmake
[9.428s] 
[9.428s]   Add the installation prefix of "wheeltec_mic_msg" to CMAKE_PREFIX_PATH or
[9.428s]   set "wheeltec_mic_msg_DIR" to a directory containing one of the above
[9.429s]   files.  If "wheeltec_mic_msg" provides a separate development package or
[9.429s]   SDK, be sure it has been installed.
[9.429s] 
[9.429s] [0m
[9.429s] -- Configuring incomplete, errors occurred!
[9.429s] See also "/home/wheeltec/wheeltec_ros2/build/wheeltec_mic_aiui/CMakeFiles/CMakeOutput.log".
[9.499s] Invoked command in '/home/wheeltec/wheeltec_ros2/build/wheeltec_mic_aiui' returned '1': CMAKE_PREFIX_PATH=${CMAKE_PREFIX_PATH}:/home/wheeltec/wheeltec_ros2/install/auto_recharge_ros2:/home/wheeltec/autoware/install/autoware_wheeltec_interface:/home/wheeltec/autoware/install/ad_api_visualizers:/opt/ros/humble /usr/bin/cmake /home/wheeltec/wheeltec_ros2/src/wheeltec_mic_aiui -DAMENT_CMAKE_SYMLINK_INSTALL=1 -DCMAKE_INSTALL_PREFIX=/home/wheeltec/wheeltec_ros2/install/wheeltec_mic_aiui
