[0.355s] Invoking command in '/home/wheeltec/wheeltec_ros2/build/ollama_ros_msgs': CMAKE_PREFIX_PATH=${CMAKE_PREFIX_PATH}:/home/wheeltec/wheeltec_ros2/install/simple_follower_ros2:/home/wheeltec/wheeltec_ros2/install/wheeltec_robot_keyboard:/home/wheeltec/wheeltec_ros2/install/wheeltec_dual_rtk_driver:/home/wheeltec/wheeltec_ros2/install/ultralytics_ros2:/home/wheeltec/wheeltec_ros2/install/tf2_tools:/home/wheeltec/wheeltec_ros2/install/ollama_ros_chat:/home/wheeltec/wheeltec_ros2/install/nmea_navsat_driver:/home/wheeltec/wheeltec_ros2/install/nav2_waypoint_cycle:/home/wheeltec/wheeltec_ros2/install/nav2_simple_commander:/home/wheeltec/wheeltec_ros2/install/largemodel:/home/wheeltec/wheeltec_ros2/install/auto_recharge_ros2:/home/wheeltec/autoware/install/autoware_wheeltec_interface:/home/wheeltec/autoware/install/ad_api_visualizers:/opt/ros/humble /usr/bin/cmake --build /home/wheeltec/wheeltec_ros2/build/ollama_ros_msgs -- -j6 -l6
[0.981s] [  9%] Built target ollama_ros_msgs__rosidl_generator_c
[1.002s] [ 12%] Built target ollama_ros_msgs__cpp
[1.294s] [ 12%] Built target ament_cmake_python_symlink_ollama_ros_msgs
[1.599s] [ 22%] Built target ollama_ros_msgs__rosidl_typesupport_cpp
[1.617s] [ 32%] Built target ollama_ros_msgs__rosidl_typesupport_fastrtps_c
[1.633s] [ 41%] Built target ollama_ros_msgs__rosidl_typesupport_c
[1.712s] [ 51%] Built target ollama_ros_msgs__rosidl_typesupport_introspection_c
[1.783s] [ 61%] Built target ollama_ros_msgs__rosidl_typesupport_fastrtps_cpp
[1.886s] [ 70%] Built target ollama_ros_msgs__rosidl_typesupport_introspection_cpp
[2.276s] [ 70%] Built target ollama_ros_msgs
[2.688s] [ 74%] Built target ollama_ros_msgs__py
[3.184s] [ 80%] Built target ollama_ros_msgs__rosidl_generator_py
[3.289s] running egg_info
[3.289s] writing ollama_ros_msgs.egg-info/PKG-INFO
[3.290s] writing dependency_links to ollama_ros_msgs.egg-info/dependency_links.txt
[3.291s] writing top-level names to ollama_ros_msgs.egg-info/top_level.txt
[3.305s] reading manifest file 'ollama_ros_msgs.egg-info/SOURCES.txt'
[3.306s] writing manifest file 'ollama_ros_msgs.egg-info/SOURCES.txt'
[3.510s] [ 87%] Built target ollama_ros_msgs__rosidl_typesupport_c__pyext
[3.619s] [ 87%] Built target ament_cmake_python_build_ollama_ros_msgs_egg
[3.634s] [ 93%] Built target ollama_ros_msgs__rosidl_typesupport_introspection_c__pyext
[3.693s] [100%] Built target ollama_ros_msgs__rosidl_typesupport_fastrtps_c__pyext
[3.864s] Invoked command in '/home/wheeltec/wheeltec_ros2/build/ollama_ros_msgs' returned '0': CMAKE_PREFIX_PATH=${CMAKE_PREFIX_PATH}:/home/wheeltec/wheeltec_ros2/install/simple_follower_ros2:/home/wheeltec/wheeltec_ros2/install/wheeltec_robot_keyboard:/home/wheeltec/wheeltec_ros2/install/wheeltec_dual_rtk_driver:/home/wheeltec/wheeltec_ros2/install/ultralytics_ros2:/home/wheeltec/wheeltec_ros2/install/tf2_tools:/home/wheeltec/wheeltec_ros2/install/ollama_ros_chat:/home/wheeltec/wheeltec_ros2/install/nmea_navsat_driver:/home/wheeltec/wheeltec_ros2/install/nav2_waypoint_cycle:/home/wheeltec/wheeltec_ros2/install/nav2_simple_commander:/home/wheeltec/wheeltec_ros2/install/largemodel:/home/wheeltec/wheeltec_ros2/install/auto_recharge_ros2:/home/wheeltec/autoware/install/autoware_wheeltec_interface:/home/wheeltec/autoware/install/ad_api_visualizers:/opt/ros/humble /usr/bin/cmake --build /home/wheeltec/wheeltec_ros2/build/ollama_ros_msgs -- -j6 -l6
[3.866s] Invoking command in '/home/wheeltec/wheeltec_ros2/build/ollama_ros_msgs': CMAKE_PREFIX_PATH=${CMAKE_PREFIX_PATH}:/home/wheeltec/wheeltec_ros2/install/simple_follower_ros2:/home/wheeltec/wheeltec_ros2/install/wheeltec_robot_keyboard:/home/wheeltec/wheeltec_ros2/install/wheeltec_dual_rtk_driver:/home/wheeltec/wheeltec_ros2/install/ultralytics_ros2:/home/wheeltec/wheeltec_ros2/install/tf2_tools:/home/wheeltec/wheeltec_ros2/install/ollama_ros_chat:/home/wheeltec/wheeltec_ros2/install/nmea_navsat_driver:/home/wheeltec/wheeltec_ros2/install/nav2_waypoint_cycle:/home/wheeltec/wheeltec_ros2/install/nav2_simple_commander:/home/wheeltec/wheeltec_ros2/install/largemodel:/home/wheeltec/wheeltec_ros2/install/auto_recharge_ros2:/home/wheeltec/autoware/install/autoware_wheeltec_interface:/home/wheeltec/autoware/install/ad_api_visualizers:/opt/ros/humble /usr/bin/cmake --install /home/wheeltec/wheeltec_ros2/build/ollama_ros_msgs
[3.984s] -- Install configuration: ""
[3.984s] -- Execute custom install script
[3.984s] -- Up-to-date symlink: /home/wheeltec/wheeltec_ros2/install/ollama_ros_msgs/share/ament_index/resource_index/rosidl_interfaces/ollama_ros_msgs
[3.984s] -- Up-to-date symlink: /home/wheeltec/wheeltec_ros2/install/ollama_ros_msgs/include/ollama_ros_msgs/ollama_ros_msgs/msg/rosidl_generator_c__visibility_control.h
[3.984s] -- Up-to-date symlink: /home/wheeltec/wheeltec_ros2/install/ollama_ros_msgs/include/ollama_ros_msgs/ollama_ros_msgs/srv/chat.h
[3.984s] -- Up-to-date symlink: /home/wheeltec/wheeltec_ros2/install/ollama_ros_msgs/include/ollama_ros_msgs/ollama_ros_msgs/srv/detail/chat__functions.h
[3.984s] -- Up-to-date symlink: /home/wheeltec/wheeltec_ros2/install/ollama_ros_msgs/include/ollama_ros_msgs/ollama_ros_msgs/srv/detail/chat__struct.h
[3.984s] -- Up-to-date symlink: /home/wheeltec/wheeltec_ros2/install/ollama_ros_msgs/include/ollama_ros_msgs/ollama_ros_msgs/srv/detail/chat__type_support.h
[3.985s] -- Up-to-date symlink: /home/wheeltec/wheeltec_ros2/install/ollama_ros_msgs/share/ollama_ros_msgs/environment/library_path.sh
[3.985s] -- Up-to-date symlink: /home/wheeltec/wheeltec_ros2/install/ollama_ros_msgs/share/ollama_ros_msgs/environment/library_path.dsv
[3.985s] -- Up-to-date symlink: /home/wheeltec/wheeltec_ros2/install/ollama_ros_msgs/include/ollama_ros_msgs/ollama_ros_msgs/msg/rosidl_typesupport_fastrtps_c__visibility_control.h
[3.985s] -- Up-to-date symlink: /home/wheeltec/wheeltec_ros2/install/ollama_ros_msgs/include/ollama_ros_msgs/ollama_ros_msgs/srv/detail/chat__rosidl_typesupport_fastrtps_c.h
[3.985s] -- Up-to-date symlink: /home/wheeltec/wheeltec_ros2/install/ollama_ros_msgs/include/ollama_ros_msgs/ollama_ros_msgs/msg/rosidl_typesupport_introspection_c__visibility_control.h
[3.985s] -- Up-to-date symlink: /home/wheeltec/wheeltec_ros2/install/ollama_ros_msgs/include/ollama_ros_msgs/ollama_ros_msgs/srv/detail/chat__rosidl_typesupport_introspection_c.h
[3.985s] -- Up-to-date symlink: /home/wheeltec/wheeltec_ros2/install/ollama_ros_msgs/include/ollama_ros_msgs/ollama_ros_msgs/msg/rosidl_generator_cpp__visibility_control.hpp
[3.985s] -- Up-to-date symlink: /home/wheeltec/wheeltec_ros2/install/ollama_ros_msgs/include/ollama_ros_msgs/ollama_ros_msgs/srv/chat.hpp
[3.985s] -- Up-to-date symlink: /home/wheeltec/wheeltec_ros2/install/ollama_ros_msgs/include/ollama_ros_msgs/ollama_ros_msgs/srv/detail/chat__builder.hpp
[3.985s] -- Up-to-date symlink: /home/wheeltec/wheeltec_ros2/install/ollama_ros_msgs/include/ollama_ros_msgs/ollama_ros_msgs/srv/detail/chat__struct.hpp
[3.985s] -- Up-to-date symlink: /home/wheeltec/wheeltec_ros2/install/ollama_ros_msgs/include/ollama_ros_msgs/ollama_ros_msgs/srv/detail/chat__traits.hpp
[3.986s] -- Up-to-date symlink: /home/wheeltec/wheeltec_ros2/install/ollama_ros_msgs/include/ollama_ros_msgs/ollama_ros_msgs/srv/detail/chat__type_support.hpp
[3.986s] -- Up-to-date symlink: /home/wheeltec/wheeltec_ros2/install/ollama_ros_msgs/include/ollama_ros_msgs/ollama_ros_msgs/msg/rosidl_typesupport_fastrtps_cpp__visibility_control.h
[3.986s] -- Up-to-date symlink: /home/wheeltec/wheeltec_ros2/install/ollama_ros_msgs/include/ollama_ros_msgs/ollama_ros_msgs/srv/detail/chat__rosidl_typesupport_fastrtps_cpp.hpp
[3.986s] -- Up-to-date symlink: /home/wheeltec/wheeltec_ros2/install/ollama_ros_msgs/include/ollama_ros_msgs/ollama_ros_msgs/srv/detail/chat__rosidl_typesupport_introspection_cpp.hpp
[3.986s] -- Up-to-date symlink: /home/wheeltec/wheeltec_ros2/install/ollama_ros_msgs/share/ollama_ros_msgs/environment/pythonpath.sh
[3.986s] -- Up-to-date symlink: /home/wheeltec/wheeltec_ros2/install/ollama_ros_msgs/share/ollama_ros_msgs/environment/pythonpath.dsv
[3.986s] -- Up-to-date symlink: /home/wheeltec/wheeltec_ros2/install/ollama_ros_msgs/local/lib/python3.10/dist-packages/ollama_ros_msgs-0.0.0-py3.10.egg-info/PKG-INFO
[3.986s] -- Up-to-date symlink: /home/wheeltec/wheeltec_ros2/install/ollama_ros_msgs/local/lib/python3.10/dist-packages/ollama_ros_msgs-0.0.0-py3.10.egg-info/SOURCES.txt
[3.986s] -- Up-to-date symlink: /home/wheeltec/wheeltec_ros2/install/ollama_ros_msgs/local/lib/python3.10/dist-packages/ollama_ros_msgs-0.0.0-py3.10.egg-info/dependency_links.txt
[3.986s] -- Up-to-date symlink: /home/wheeltec/wheeltec_ros2/install/ollama_ros_msgs/local/lib/python3.10/dist-packages/ollama_ros_msgs-0.0.0-py3.10.egg-info/top_level.txt
[3.986s] -- Up-to-date symlink: /home/wheeltec/wheeltec_ros2/install/ollama_ros_msgs/local/lib/python3.10/dist-packages/ollama_ros_msgs/__init__.py
[3.987s] -- Up-to-date symlink: /home/wheeltec/wheeltec_ros2/install/ollama_ros_msgs/local/lib/python3.10/dist-packages/ollama_ros_msgs/_ollama_ros_msgs_s.ep.rosidl_typesupport_c.c
[3.987s] -- Up-to-date symlink: /home/wheeltec/wheeltec_ros2/install/ollama_ros_msgs/local/lib/python3.10/dist-packages/ollama_ros_msgs/_ollama_ros_msgs_s.ep.rosidl_typesupport_fastrtps_c.c
[3.987s] -- Up-to-date symlink: /home/wheeltec/wheeltec_ros2/install/ollama_ros_msgs/local/lib/python3.10/dist-packages/ollama_ros_msgs/_ollama_ros_msgs_s.ep.rosidl_typesupport_introspection_c.c
[3.987s] -- Up-to-date symlink: /home/wheeltec/wheeltec_ros2/install/ollama_ros_msgs/local/lib/python3.10/dist-packages/ollama_ros_msgs/libollama_ros_msgs__rosidl_generator_py.so
[3.987s] -- Up-to-date symlink: /home/wheeltec/wheeltec_ros2/install/ollama_ros_msgs/local/lib/python3.10/dist-packages/ollama_ros_msgs/ollama_ros_msgs_s__rosidl_typesupport_c.cpython-310-aarch64-linux-gnu.so
[3.987s] -- Up-to-date symlink: /home/wheeltec/wheeltec_ros2/install/ollama_ros_msgs/local/lib/python3.10/dist-packages/ollama_ros_msgs/ollama_ros_msgs_s__rosidl_typesupport_fastrtps_c.cpython-310-aarch64-linux-gnu.so
[3.987s] -- Up-to-date symlink: /home/wheeltec/wheeltec_ros2/install/ollama_ros_msgs/local/lib/python3.10/dist-packages/ollama_ros_msgs/ollama_ros_msgs_s__rosidl_typesupport_introspection_c.cpython-310-aarch64-linux-gnu.so
[3.987s] -- Up-to-date symlink: /home/wheeltec/wheeltec_ros2/install/ollama_ros_msgs/local/lib/python3.10/dist-packages/ollama_ros_msgs/srv/__init__.py
[3.987s] -- Up-to-date symlink: /home/wheeltec/wheeltec_ros2/install/ollama_ros_msgs/local/lib/python3.10/dist-packages/ollama_ros_msgs/srv/_chat.py
[3.987s] -- Up-to-date symlink: /home/wheeltec/wheeltec_ros2/install/ollama_ros_msgs/local/lib/python3.10/dist-packages/ollama_ros_msgs/srv/_chat_s.c
[3.987s] -- Up-to-date symlink: /home/wheeltec/wheeltec_ros2/install/ollama_ros_msgs/local/lib/python3.10/dist-packages/ollama_ros_msgs/ollama_ros_msgs_s__rosidl_typesupport_fastrtps_c.cpython-310-aarch64-linux-gnu.so
[3.988s] -- Up-to-date symlink: /home/wheeltec/wheeltec_ros2/install/ollama_ros_msgs/local/lib/python3.10/dist-packages/ollama_ros_msgs/ollama_ros_msgs_s__rosidl_typesupport_introspection_c.cpython-310-aarch64-linux-gnu.so
[3.988s] -- Up-to-date symlink: /home/wheeltec/wheeltec_ros2/install/ollama_ros_msgs/local/lib/python3.10/dist-packages/ollama_ros_msgs/ollama_ros_msgs_s__rosidl_typesupport_c.cpython-310-aarch64-linux-gnu.so
[3.988s] -- Up-to-date symlink: /home/wheeltec/wheeltec_ros2/install/ollama_ros_msgs/share/ollama_ros_msgs/srv/Chat.idl
[3.988s] -- Up-to-date symlink: /home/wheeltec/wheeltec_ros2/install/ollama_ros_msgs/share/ollama_ros_msgs/srv/Chat.srv
[3.988s] -- Up-to-date symlink: /home/wheeltec/wheeltec_ros2/install/ollama_ros_msgs/share/ollama_ros_msgs/srv/Chat_Request.msg
[3.988s] -- Up-to-date symlink: /home/wheeltec/wheeltec_ros2/install/ollama_ros_msgs/share/ollama_ros_msgs/srv/Chat_Response.msg
[3.988s] -- Up-to-date symlink: /home/wheeltec/wheeltec_ros2/install/ollama_ros_msgs/share/ament_index/resource_index/package_run_dependencies/ollama_ros_msgs
[3.988s] -- Up-to-date symlink: /home/wheeltec/wheeltec_ros2/install/ollama_ros_msgs/share/ament_index/resource_index/parent_prefix_path/ollama_ros_msgs
[3.988s] -- Up-to-date symlink: /home/wheeltec/wheeltec_ros2/install/ollama_ros_msgs/share/ollama_ros_msgs/environment/ament_prefix_path.sh
[3.988s] -- Up-to-date symlink: /home/wheeltec/wheeltec_ros2/install/ollama_ros_msgs/share/ollama_ros_msgs/environment/ament_prefix_path.dsv
[3.988s] -- Up-to-date symlink: /home/wheeltec/wheeltec_ros2/install/ollama_ros_msgs/share/ollama_ros_msgs/environment/path.sh
[3.989s] -- Up-to-date symlink: /home/wheeltec/wheeltec_ros2/install/ollama_ros_msgs/share/ollama_ros_msgs/environment/path.dsv
[3.989s] -- Up-to-date symlink: /home/wheeltec/wheeltec_ros2/install/ollama_ros_msgs/share/ollama_ros_msgs/local_setup.bash
[3.989s] -- Up-to-date symlink: /home/wheeltec/wheeltec_ros2/install/ollama_ros_msgs/share/ollama_ros_msgs/local_setup.sh
[3.989s] -- Up-to-date symlink: /home/wheeltec/wheeltec_ros2/install/ollama_ros_msgs/share/ollama_ros_msgs/local_setup.zsh
[3.989s] -- Up-to-date symlink: /home/wheeltec/wheeltec_ros2/install/ollama_ros_msgs/share/ollama_ros_msgs/local_setup.dsv
[3.989s] -- Symlinking: /home/wheeltec/wheeltec_ros2/install/ollama_ros_msgs/share/ollama_ros_msgs/package.dsv
[4.069s] -- Up-to-date symlink: /home/wheeltec/wheeltec_ros2/install/ollama_ros_msgs/share/ament_index/resource_index/packages/ollama_ros_msgs
[4.069s] -- Up-to-date symlink: /home/wheeltec/wheeltec_ros2/install/ollama_ros_msgs/share/ollama_ros_msgs/cmake/rosidl_cmake-extras.cmake
[4.069s] -- Up-to-date symlink: /home/wheeltec/wheeltec_ros2/install/ollama_ros_msgs/share/ollama_ros_msgs/cmake/ament_cmake_export_include_directories-extras.cmake
[4.069s] -- Up-to-date symlink: /home/wheeltec/wheeltec_ros2/install/ollama_ros_msgs/share/ollama_ros_msgs/cmake/ament_cmake_export_libraries-extras.cmake
[4.070s] -- Up-to-date symlink: /home/wheeltec/wheeltec_ros2/install/ollama_ros_msgs/share/ollama_ros_msgs/cmake/ament_cmake_export_targets-extras.cmake
[4.070s] -- Up-to-date symlink: /home/wheeltec/wheeltec_ros2/install/ollama_ros_msgs/share/ollama_ros_msgs/cmake/rosidl_cmake_export_typesupport_targets-extras.cmake
[4.070s] -- Up-to-date symlink: /home/wheeltec/wheeltec_ros2/install/ollama_ros_msgs/share/ollama_ros_msgs/cmake/ament_cmake_export_dependencies-extras.cmake
[4.070s] -- Up-to-date symlink: /home/wheeltec/wheeltec_ros2/install/ollama_ros_msgs/share/ollama_ros_msgs/cmake/rosidl_cmake_export_typesupport_libraries-extras.cmake
[4.070s] -- Up-to-date symlink: /home/wheeltec/wheeltec_ros2/install/ollama_ros_msgs/share/ollama_ros_msgs/cmake/ollama_ros_msgsConfig.cmake
[4.071s] -- Up-to-date symlink: /home/wheeltec/wheeltec_ros2/install/ollama_ros_msgs/share/ollama_ros_msgs/cmake/ollama_ros_msgsConfig-version.cmake
[4.072s] -- Up-to-date symlink: /home/wheeltec/wheeltec_ros2/install/ollama_ros_msgs/share/ollama_ros_msgs/package.xml
[4.072s] -- Up-to-date: /home/wheeltec/wheeltec_ros2/install/ollama_ros_msgs/lib/libollama_ros_msgs__rosidl_generator_c.so
[4.072s] -- Up-to-date: /home/wheeltec/wheeltec_ros2/install/ollama_ros_msgs/lib/libollama_ros_msgs__rosidl_typesupport_fastrtps_c.so
[4.073s] -- Up-to-date: /home/wheeltec/wheeltec_ros2/install/ollama_ros_msgs/lib/libollama_ros_msgs__rosidl_typesupport_introspection_c.so
[4.074s] -- Up-to-date: /home/wheeltec/wheeltec_ros2/install/ollama_ros_msgs/lib/libollama_ros_msgs__rosidl_typesupport_c.so
[4.075s] -- Up-to-date: /home/wheeltec/wheeltec_ros2/install/ollama_ros_msgs/lib/libollama_ros_msgs__rosidl_typesupport_fastrtps_cpp.so
[4.075s] -- Up-to-date: /home/wheeltec/wheeltec_ros2/install/ollama_ros_msgs/lib/libollama_ros_msgs__rosidl_typesupport_introspection_cpp.so
[4.075s] -- Up-to-date: /home/wheeltec/wheeltec_ros2/install/ollama_ros_msgs/lib/libollama_ros_msgs__rosidl_typesupport_cpp.so
[4.418s] Listing '/home/wheeltec/wheeltec_ros2/install/ollama_ros_msgs/local/lib/python3.10/dist-packages/ollama_ros_msgs'...
[4.418s] Listing '/home/wheeltec/wheeltec_ros2/install/ollama_ros_msgs/local/lib/python3.10/dist-packages/ollama_ros_msgs/srv'...
[4.445s] -- Up-to-date: /home/wheeltec/wheeltec_ros2/install/ollama_ros_msgs/lib/libollama_ros_msgs__rosidl_generator_py.so
[4.445s] -- Up-to-date: /home/wheeltec/wheeltec_ros2/install/ollama_ros_msgs/share/ollama_ros_msgs/cmake/export_ollama_ros_msgs__rosidl_generator_cExport.cmake
[4.445s] -- Up-to-date: /home/wheeltec/wheeltec_ros2/install/ollama_ros_msgs/share/ollama_ros_msgs/cmake/export_ollama_ros_msgs__rosidl_generator_cExport-noconfig.cmake
[4.445s] -- Up-to-date: /home/wheeltec/wheeltec_ros2/install/ollama_ros_msgs/share/ollama_ros_msgs/cmake/export_ollama_ros_msgs__rosidl_typesupport_fastrtps_cExport.cmake
[4.446s] -- Up-to-date: /home/wheeltec/wheeltec_ros2/install/ollama_ros_msgs/share/ollama_ros_msgs/cmake/export_ollama_ros_msgs__rosidl_typesupport_fastrtps_cExport-noconfig.cmake
[4.446s] -- Up-to-date: /home/wheeltec/wheeltec_ros2/install/ollama_ros_msgs/share/ollama_ros_msgs/cmake/ollama_ros_msgs__rosidl_typesupport_introspection_cExport.cmake
[4.446s] -- Up-to-date: /home/wheeltec/wheeltec_ros2/install/ollama_ros_msgs/share/ollama_ros_msgs/cmake/ollama_ros_msgs__rosidl_typesupport_introspection_cExport-noconfig.cmake
[4.446s] -- Up-to-date: /home/wheeltec/wheeltec_ros2/install/ollama_ros_msgs/share/ollama_ros_msgs/cmake/ollama_ros_msgs__rosidl_typesupport_cExport.cmake
[4.446s] -- Up-to-date: /home/wheeltec/wheeltec_ros2/install/ollama_ros_msgs/share/ollama_ros_msgs/cmake/ollama_ros_msgs__rosidl_typesupport_cExport-noconfig.cmake
[4.446s] -- Up-to-date: /home/wheeltec/wheeltec_ros2/install/ollama_ros_msgs/share/ollama_ros_msgs/cmake/export_ollama_ros_msgs__rosidl_generator_cppExport.cmake
[4.446s] -- Up-to-date: /home/wheeltec/wheeltec_ros2/install/ollama_ros_msgs/share/ollama_ros_msgs/cmake/export_ollama_ros_msgs__rosidl_typesupport_fastrtps_cppExport.cmake
[4.446s] -- Up-to-date: /home/wheeltec/wheeltec_ros2/install/ollama_ros_msgs/share/ollama_ros_msgs/cmake/export_ollama_ros_msgs__rosidl_typesupport_fastrtps_cppExport-noconfig.cmake
[4.446s] -- Up-to-date: /home/wheeltec/wheeltec_ros2/install/ollama_ros_msgs/share/ollama_ros_msgs/cmake/ollama_ros_msgs__rosidl_typesupport_introspection_cppExport.cmake
[4.446s] -- Up-to-date: /home/wheeltec/wheeltec_ros2/install/ollama_ros_msgs/share/ollama_ros_msgs/cmake/ollama_ros_msgs__rosidl_typesupport_introspection_cppExport-noconfig.cmake
[4.447s] -- Up-to-date: /home/wheeltec/wheeltec_ros2/install/ollama_ros_msgs/share/ollama_ros_msgs/cmake/ollama_ros_msgs__rosidl_typesupport_cppExport.cmake
[4.447s] -- Up-to-date: /home/wheeltec/wheeltec_ros2/install/ollama_ros_msgs/share/ollama_ros_msgs/cmake/ollama_ros_msgs__rosidl_typesupport_cppExport-noconfig.cmake
[4.447s] -- Up-to-date: /home/wheeltec/wheeltec_ros2/install/ollama_ros_msgs/share/ollama_ros_msgs/cmake/export_ollama_ros_msgs__rosidl_generator_pyExport.cmake
[4.447s] -- Up-to-date: /home/wheeltec/wheeltec_ros2/install/ollama_ros_msgs/share/ollama_ros_msgs/cmake/export_ollama_ros_msgs__rosidl_generator_pyExport-noconfig.cmake
[4.457s] Invoked command in '/home/wheeltec/wheeltec_ros2/build/ollama_ros_msgs' returned '0': CMAKE_PREFIX_PATH=${CMAKE_PREFIX_PATH}:/home/wheeltec/wheeltec_ros2/install/simple_follower_ros2:/home/wheeltec/wheeltec_ros2/install/wheeltec_robot_keyboard:/home/wheeltec/wheeltec_ros2/install/wheeltec_dual_rtk_driver:/home/wheeltec/wheeltec_ros2/install/ultralytics_ros2:/home/wheeltec/wheeltec_ros2/install/tf2_tools:/home/wheeltec/wheeltec_ros2/install/ollama_ros_chat:/home/wheeltec/wheeltec_ros2/install/nmea_navsat_driver:/home/wheeltec/wheeltec_ros2/install/nav2_waypoint_cycle:/home/wheeltec/wheeltec_ros2/install/nav2_simple_commander:/home/wheeltec/wheeltec_ros2/install/largemodel:/home/wheeltec/wheeltec_ros2/install/auto_recharge_ros2:/home/wheeltec/autoware/install/autoware_wheeltec_interface:/home/wheeltec/autoware/install/ad_api_visualizers:/opt/ros/humble /usr/bin/cmake --install /home/wheeltec/wheeltec_ros2/build/ollama_ros_msgs
