gmake: Warning: File 'Makefile' has modification time 1766048347 s in the future
gmake[1]: Warning: File 'CMakeFiles/Makefile2' has modification time 1766048347 s in the future
gmake[2]: Warning: File 'CMakeFiles/yesense_interface__cpp.dir/progress.make' has modification time 1766048346 s in the future
gmake[2]: warning:  Clock skew detected.  Your build may be incomplete.
gmake[2]: Warning: File 'CMakeFiles/yesense_interface__cpp.dir/progress.make' has modification time 1766048346 s in the future
gmake[2]: warning:  Clock skew detected.  Your build may be incomplete.
gmake[2]: Warning: File 'CMakeFiles/ament_cmake_python_symlink_yesense_interface.dir/progress.make' has modification time 1766048346 s in the future
gmake[2]: warning:  Clock skew detected.  Your build may be incomplete.
gmake[2]: Warning: File 'CMakeFiles/ament_cmake_python_symlink_yesense_interface.dir/progress.make' has modification time 1766048346 s in the future
gmake[2]: warning:  Clock skew detected.  Your build may be incomplete.
gmake[2]: Warning: File 'CMakeFiles/yesense_interface__rosidl_typesupport_introspection_cpp.dir/flags.make' has modification time 1766048346 s in the future
gmake[2]: warning:  Clock skew detected.  Your build may be incomplete.
gmake[2]: Warning: File 'CMakeFiles/yesense_interface__rosidl_typesupport_introspection_cpp.dir/flags.make' has modification time 1766048346 s in the future
gmake[2]: warning:  Clock skew detected.  Your build may be incomplete.
gmake[2]: Warning: File 'CMakeFiles/ament_cmake_python_build_yesense_interface_egg.dir/progress.make' has modification time 1766048346 s in the future
gmake[2]: warning:  Clock skew detected.  Your build may be incomplete.
gmake[2]: Warning: File 'CMakeFiles/ament_cmake_python_build_yesense_interface_egg.dir/progress.make' has modification time 1766048345 s in the future
gmake[2]: warning:  Clock skew detected.  Your build may be incomplete.
gmake[2]: Warning: File 'CMakeFiles/yesense_interface__rosidl_typesupport_fastrtps_cpp.dir/flags.make' has modification time 1766048344 s in the future
gmake[2]: warning:  Clock skew detected.  Your build may be incomplete.
gmake[2]: Warning: File 'CMakeFiles/yesense_interface__rosidl_typesupport_fastrtps_cpp.dir/flags.make' has modification time 1766048344 s in the future
gmake[2]: warning:  Clock skew detected.  Your build may be incomplete.
gmake[2]: Warning: File 'CMakeFiles/yesense_interface__rosidl_typesupport_cpp.dir/flags.make' has modification time 1766048344 s in the future
gmake[2]: warning:  Clock skew detected.  Your build may be incomplete.
gmake[2]: Warning: File 'CMakeFiles/yesense_interface__rosidl_typesupport_cpp.dir/flags.make' has modification time 1766048344 s in the future
gmake[2]: warning:  Clock skew detected.  Your build may be incomplete.
gmake[2]: Warning: File 'CMakeFiles/yesense_interface__rosidl_generator_c.dir/flags.make' has modification time 1766048343 s in the future
gmake[2]: warning:  Clock skew detected.  Your build may be incomplete.
gmake[2]: Warning: File 'CMakeFiles/yesense_interface__rosidl_generator_c.dir/flags.make' has modification time 1766048343 s in the future
gmake[2]: warning:  Clock skew detected.  Your build may be incomplete.
gmake[2]: Warning: File 'CMakeFiles/yesense_interface__rosidl_typesupport_introspection_c.dir/flags.make' has modification time 1766048343 s in the future
gmake[2]: warning:  Clock skew detected.  Your build may be incomplete.
gmake[2]: Warning: File 'CMakeFiles/yesense_interface__rosidl_typesupport_introspection_c.dir/flags.make' has modification time 1766048343 s in the future
gmake[2]: warning:  Clock skew detected.  Your build may be incomplete.
gmake[2]: Warning: File 'CMakeFiles/yesense_interface__rosidl_typesupport_fastrtps_c.dir/flags.make' has modification time 1766048343 s in the future
gmake[2]: warning:  Clock skew detected.  Your build may be incomplete.
gmake[2]: Warning: File 'CMakeFiles/yesense_interface__rosidl_typesupport_fastrtps_c.dir/flags.make' has modification time 1766048343 s in the future
gmake[2]: warning:  Clock skew detected.  Your build may be incomplete.
gmake[2]: Warning: File 'CMakeFiles/yesense_interface__rosidl_typesupport_c.dir/flags.make' has modification time 1766048343 s in the future
gmake[2]: warning:  Clock skew detected.  Your build may be incomplete.
gmake[2]: Warning: File 'CMakeFiles/yesense_interface__rosidl_typesupport_c.dir/flags.make' has modification time 1766048343 s in the future
gmake[2]: warning:  Clock skew detected.  Your build may be incomplete.
gmake[2]: Warning: File 'CMakeFiles/yesense_interface.dir/progress.make' has modification time 1766048342 s in the future
gmake[2]: warning:  Clock skew detected.  Your build may be incomplete.
gmake[2]: Warning: File 'CMakeFiles/yesense_interface.dir/progress.make' has modification time 1766048342 s in the future
gmake[2]: warning:  Clock skew detected.  Your build may be incomplete.
gmake[2]: Warning: File 'yesense_interface__py/CMakeFiles/yesense_interface__py.dir/progress.make' has modification time 1766048342 s in the future
gmake[2]: warning:  Clock skew detected.  Your build may be incomplete.
gmake[2]: Warning: File 'yesense_interface__py/CMakeFiles/yesense_interface__py.dir/progress.make' has modification time 1766048342 s in the future
gmake[2]: warning:  Clock skew detected.  Your build may be incomplete.
gmake[2]: Warning: File 'CMakeFiles/yesense_interface__rosidl_generator_py.dir/flags.make' has modification time 1766048342 s in the future
gmake[2]: warning:  Clock skew detected.  Your build may be incomplete.
gmake[2]: Warning: File 'CMakeFiles/yesense_interface__rosidl_generator_py.dir/flags.make' has modification time 1766048342 s in the future
gmake[2]: warning:  Clock skew detected.  Your build may be incomplete.
gmake[2]: Warning: File 'CMakeFiles/yesense_interface__rosidl_typesupport_fastrtps_c__pyext.dir/flags.make' has modification time 1766048341 s in the future
gmake[2]: warning:  Clock skew detected.  Your build may be incomplete.
gmake[2]: Warning: File 'CMakeFiles/yesense_interface__rosidl_typesupport_fastrtps_c__pyext.dir/flags.make' has modification time 1766048341 s in the future
gmake[2]: warning:  Clock skew detected.  Your build may be incomplete.
gmake[2]: Warning: File 'CMakeFiles/yesense_interface__rosidl_typesupport_c__pyext.dir/flags.make' has modification time 1766048341 s in the future
gmake[2]: warning:  Clock skew detected.  Your build may be incomplete.
gmake[2]: Warning: File 'CMakeFiles/yesense_interface__rosidl_typesupport_c__pyext.dir/flags.make' has modification time 1766048341 s in the future
gmake[2]: warning:  Clock skew detected.  Your build may be incomplete.
gmake[2]: Warning: File 'CMakeFiles/yesense_interface__rosidl_typesupport_introspection_c__pyext.dir/flags.make' has modification time 1766048341 s in the future
gmake[2]: warning:  Clock skew detected.  Your build may be incomplete.
gmake[2]: Warning: File 'CMakeFiles/yesense_interface__rosidl_typesupport_introspection_c__pyext.dir/flags.make' has modification time 1766048341 s in the future
gmake[2]: warning:  Clock skew detected.  Your build may be incomplete.
gmake[1]: warning:  Clock skew detected.  Your build may be incomplete.
gmake: warning:  Clock skew detected.  Your build may be incomplete.
