[1.020s] Invoking command in '/home/wheeltec/wheeltec_ros2/build/wheeltec_gps_driver': CMAKE_PREFIX_PATH=${CMAKE_PREFIX_PATH}:/home/wheeltec/wheeltec_ros2/install/simple_follower_ros2:/home/wheeltec/wheeltec_ros2/install/wheeltec_robot_keyboard:/home/wheeltec/wheeltec_ros2/install/wheeltec_dual_rtk_driver:/home/wheeltec/wheeltec_ros2/install/ultralytics_ros2:/home/wheeltec/wheeltec_ros2/install/tf2_tools:/home/wheeltec/wheeltec_ros2/install/ollama_ros_chat:/home/wheeltec/wheeltec_ros2/install/nmea_navsat_driver:/home/wheeltec/wheeltec_ros2/install/nav2_waypoint_cycle:/home/wheeltec/wheeltec_ros2/install/nav2_simple_commander:/home/wheeltec/wheeltec_ros2/install/largemodel:/home/wheeltec/wheeltec_ros2/install/auto_recharge_ros2:/home/wheeltec/autoware/install/autoware_wheeltec_interface:/home/wheeltec/autoware/install/ad_api_visualizers:/opt/ros/humble /usr/bin/cmake --build /home/wheeltec/wheeltec_ros2/build/wheeltec_gps_driver -- -j6 -l6
[1.535s] [100%] Built target gps_path
[2.570s] Invoked command in '/home/wheeltec/wheeltec_ros2/build/wheeltec_gps_driver' returned '0': CMAKE_PREFIX_PATH=${CMAKE_PREFIX_PATH}:/home/wheeltec/wheeltec_ros2/install/simple_follower_ros2:/home/wheeltec/wheeltec_ros2/install/wheeltec_robot_keyboard:/home/wheeltec/wheeltec_ros2/install/wheeltec_dual_rtk_driver:/home/wheeltec/wheeltec_ros2/install/ultralytics_ros2:/home/wheeltec/wheeltec_ros2/install/tf2_tools:/home/wheeltec/wheeltec_ros2/install/ollama_ros_chat:/home/wheeltec/wheeltec_ros2/install/nmea_navsat_driver:/home/wheeltec/wheeltec_ros2/install/nav2_waypoint_cycle:/home/wheeltec/wheeltec_ros2/install/nav2_simple_commander:/home/wheeltec/wheeltec_ros2/install/largemodel:/home/wheeltec/wheeltec_ros2/install/auto_recharge_ros2:/home/wheeltec/autoware/install/autoware_wheeltec_interface:/home/wheeltec/autoware/install/ad_api_visualizers:/opt/ros/humble /usr/bin/cmake --build /home/wheeltec/wheeltec_ros2/build/wheeltec_gps_driver -- -j6 -l6
[2.577s] Invoking command in '/home/wheeltec/wheeltec_ros2/build/wheeltec_gps_driver': CMAKE_PREFIX_PATH=${CMAKE_PREFIX_PATH}:/home/wheeltec/wheeltec_ros2/install/simple_follower_ros2:/home/wheeltec/wheeltec_ros2/install/wheeltec_robot_keyboard:/home/wheeltec/wheeltec_ros2/install/wheeltec_dual_rtk_driver:/home/wheeltec/wheeltec_ros2/install/ultralytics_ros2:/home/wheeltec/wheeltec_ros2/install/tf2_tools:/home/wheeltec/wheeltec_ros2/install/ollama_ros_chat:/home/wheeltec/wheeltec_ros2/install/nmea_navsat_driver:/home/wheeltec/wheeltec_ros2/install/nav2_waypoint_cycle:/home/wheeltec/wheeltec_ros2/install/nav2_simple_commander:/home/wheeltec/wheeltec_ros2/install/largemodel:/home/wheeltec/wheeltec_ros2/install/auto_recharge_ros2:/home/wheeltec/autoware/install/autoware_wheeltec_interface:/home/wheeltec/autoware/install/ad_api_visualizers:/opt/ros/humble /usr/bin/cmake --install /home/wheeltec/wheeltec_ros2/build/wheeltec_gps_driver
[2.654s] -- Install configuration: ""
[2.655s] -- Execute custom install script
[2.656s] -- Up-to-date symlink: /home/wheeltec/wheeltec_ros2/install/wheeltec_gps_driver/lib/wheeltec_gps_driver/gps_path
[2.658s] -- Up-to-date symlink: /home/wheeltec/wheeltec_ros2/install/wheeltec_gps_driver/share/wheeltec_gps_driver/launch/nmea_gps_path.launch.py
[2.658s] -- Up-to-date symlink: /home/wheeltec/wheeltec_ros2/install/wheeltec_gps_driver/share/wheeltec_gps_driver/launch/nmea_gps_path_dualrtk.launch.py
[2.658s] -- Up-to-date symlink: /home/wheeltec/wheeltec_ros2/install/wheeltec_gps_driver/share/wheeltec_gps_driver/launch/ublox_gps_path.launch.py
[2.658s] -- Up-to-date symlink: /home/wheeltec/wheeltec_ros2/install/wheeltec_gps_driver/share/wheeltec_gps_driver/launch/unicore_gps_path_dualrtk.launch.py
[2.659s] -- Up-to-date symlink: /home/wheeltec/wheeltec_ros2/install/wheeltec_gps_driver/share/wheeltec_gps_driver/launch/wheeltec_dual_rtk_driver_nmea.launch.py
[2.659s] -- Up-to-date symlink: /home/wheeltec/wheeltec_ros2/install/wheeltec_gps_driver/share/wheeltec_gps_driver/launch/wheeltec_dual_rtk_driver_unicore.launch.py
[2.659s] -- Up-to-date symlink: /home/wheeltec/wheeltec_ros2/install/wheeltec_gps_driver/share/wheeltec_gps_driver/launch/wheeltec_nmea_driver.launch.py
[2.659s] -- Up-to-date symlink: /home/wheeltec/wheeltec_ros2/install/wheeltec_gps_driver/share/wheeltec_gps_driver/launch/wheeltec_ublox_driver.launch.py
[2.661s] -- Up-to-date symlink: /home/wheeltec/wheeltec_ros2/install/wheeltec_gps_driver/share/wheeltec_gps_driver/config/nmea_serial_driver.yaml
[2.662s] -- Up-to-date symlink: /home/wheeltec/wheeltec_ros2/install/wheeltec_gps_driver/share/wheeltec_gps_driver/config/path.rviz
[2.662s] -- Up-to-date symlink: /home/wheeltec/wheeltec_ros2/install/wheeltec_gps_driver/share/wheeltec_gps_driver/config/ublox_serial_driver.yaml
[2.662s] -- Up-to-date symlink: /home/wheeltec/wheeltec_ros2/install/wheeltec_gps_driver/share/wheeltec_gps_driver/config/wheeltec_dual_rtk_nmea_serial_driver.yaml
[2.662s] -- Up-to-date symlink: /home/wheeltec/wheeltec_ros2/install/wheeltec_gps_driver/share/ament_index/resource_index/package_run_dependencies/wheeltec_gps_driver
[2.662s] -- Up-to-date symlink: /home/wheeltec/wheeltec_ros2/install/wheeltec_gps_driver/share/ament_index/resource_index/parent_prefix_path/wheeltec_gps_driver
[2.663s] -- Up-to-date symlink: /home/wheeltec/wheeltec_ros2/install/wheeltec_gps_driver/share/wheeltec_gps_driver/environment/ament_prefix_path.sh
[2.663s] -- Up-to-date symlink: /home/wheeltec/wheeltec_ros2/install/wheeltec_gps_driver/share/wheeltec_gps_driver/environment/ament_prefix_path.dsv
[2.663s] -- Up-to-date symlink: /home/wheeltec/wheeltec_ros2/install/wheeltec_gps_driver/share/wheeltec_gps_driver/environment/path.sh
[2.663s] -- Up-to-date symlink: /home/wheeltec/wheeltec_ros2/install/wheeltec_gps_driver/share/wheeltec_gps_driver/environment/path.dsv
[2.663s] -- Up-to-date symlink: /home/wheeltec/wheeltec_ros2/install/wheeltec_gps_driver/share/wheeltec_gps_driver/local_setup.bash
[2.664s] -- Up-to-date symlink: /home/wheeltec/wheeltec_ros2/install/wheeltec_gps_driver/share/wheeltec_gps_driver/local_setup.sh
[2.665s] -- Up-to-date symlink: /home/wheeltec/wheeltec_ros2/install/wheeltec_gps_driver/share/wheeltec_gps_driver/local_setup.zsh
[2.666s] -- Up-to-date symlink: /home/wheeltec/wheeltec_ros2/install/wheeltec_gps_driver/share/wheeltec_gps_driver/local_setup.dsv
[2.666s] -- Symlinking: /home/wheeltec/wheeltec_ros2/install/wheeltec_gps_driver/share/wheeltec_gps_driver/package.dsv
[2.746s] -- Up-to-date symlink: /home/wheeltec/wheeltec_ros2/install/wheeltec_gps_driver/share/ament_index/resource_index/packages/wheeltec_gps_driver
[2.746s] -- Up-to-date symlink: /home/wheeltec/wheeltec_ros2/install/wheeltec_gps_driver/share/wheeltec_gps_driver/cmake/wheeltec_gps_driverConfig.cmake
[2.746s] -- Up-to-date symlink: /home/wheeltec/wheeltec_ros2/install/wheeltec_gps_driver/share/wheeltec_gps_driver/cmake/wheeltec_gps_driverConfig-version.cmake
[2.746s] -- Up-to-date symlink: /home/wheeltec/wheeltec_ros2/install/wheeltec_gps_driver/share/wheeltec_gps_driver/package.xml
[2.840s] Invoked command in '/home/wheeltec/wheeltec_ros2/build/wheeltec_gps_driver' returned '0': CMAKE_PREFIX_PATH=${CMAKE_PREFIX_PATH}:/home/wheeltec/wheeltec_ros2/install/simple_follower_ros2:/home/wheeltec/wheeltec_ros2/install/wheeltec_robot_keyboard:/home/wheeltec/wheeltec_ros2/install/wheeltec_dual_rtk_driver:/home/wheeltec/wheeltec_ros2/install/ultralytics_ros2:/home/wheeltec/wheeltec_ros2/install/tf2_tools:/home/wheeltec/wheeltec_ros2/install/ollama_ros_chat:/home/wheeltec/wheeltec_ros2/install/nmea_navsat_driver:/home/wheeltec/wheeltec_ros2/install/nav2_waypoint_cycle:/home/wheeltec/wheeltec_ros2/install/nav2_simple_commander:/home/wheeltec/wheeltec_ros2/install/largemodel:/home/wheeltec/wheeltec_ros2/install/auto_recharge_ros2:/home/wheeltec/autoware/install/autoware_wheeltec_interface:/home/wheeltec/autoware/install/ad_api_visualizers:/opt/ros/humble /usr/bin/cmake --install /home/wheeltec/wheeltec_ros2/build/wheeltec_gps_driver
