gmake: Warning: File 'Makefile' has modification time 1766048714 s in the future
gmake[1]: Warning: File 'CMakeFiles/Makefile2' has modification time 1766048714 s in the future
gmake[2]: Warning: File 'gtest/CMakeFiles/gtest_main.dir/flags.make' has modification time 1766048714 s in the future
gmake[2]: Warning: File 'src/CMakeFiles/nav2_util_core.dir/flags.make' has modification time 1766048713 s in the future
gmake[2]: Warning: File 'gtest/CMakeFiles/gtest.dir/flags.make' has modification time 1766048714 s in the future
gmake[2]: warning:  Clock skew detected.  Your build may be incomplete.
gmake[2]: Warning: File 'src/CMakeFiles/nav2_util_core.dir/flags.make' has modification time 1766048713 s in the future
gmake[2]: warning:  Clock skew detected.  Your build may be incomplete.
gmake[2]: warning:  Clock skew detected.  Your build may be incomplete.
gmake[2]: Warning: File 'gtest/CMakeFiles/gtest.dir/flags.make' has modification time 1766048713 s in the future
gmake[2]: warning:  Clock skew detected.  Your build may be incomplete.
gmake[2]: warning:  Clock skew detected.  Your build may be incomplete.
gmake[2]: Warning: File 'gtest/CMakeFiles/gtest_main.dir/flags.make' has modification time 1766048713 s in the future
gmake[2]: warning:  Clock skew detected.  Your build may be incomplete.
gmake[2]: Warning: File 'src/CMakeFiles/lifecycle_bringup.dir/flags.make' has modification time 1766048713 s in the future
gmake[2]: Warning: File 'test/CMakeFiles/test_execution_timer.dir/flags.make' has modification time 1766048713 s in the future
gmake[2]: Warning: File 'test/CMakeFiles/test_node_utils.dir/flags.make' has modification time 1766048713 s in the future
gmake[2]: Warning: File 'test/CMakeFiles/test_string_utils.dir/flags.make' has modification time 1766048713 s in the future
gmake[2]: Warning: File 'test/CMakeFiles/test_service_client.dir/flags.make' has modification time 1766048713 s in the future
gmake[2]: Warning: File 'test/CMakeFiles/test_lifecycle_utils.dir/flags.make' has modification time 1766048713 s in the future
gmake[2]: warning:  Clock skew detected.  Your build may be incomplete.
gmake[2]: Warning: File 'src/CMakeFiles/lifecycle_bringup.dir/flags.make' has modification time 1766048713 s in the future
gmake[2]: warning:  Clock skew detected.  Your build may be incomplete.
gmake[2]: warning:  Clock skew detected.  Your build may be incomplete.
gmake[2]: warning:  Clock skew detected.  Your build may be incomplete.
gmake[2]: warning:  Clock skew detected.  Your build may be incomplete.
gmake[2]: warning:  Clock skew detected.  Your build may be incomplete.
gmake[2]: Warning: File 'test/CMakeFiles/test_string_utils.dir/flags.make' has modification time 1766048713 s in the future
gmake[2]: warning:  Clock skew detected.  Your build may be incomplete.
gmake[2]: Warning: File 'test/CMakeFiles/test_execution_timer.dir/flags.make' has modification time 1766048713 s in the future
gmake[2]: warning:  Clock skew detected.  Your build may be incomplete.
gmake[2]: Warning: File 'test/CMakeFiles/test_service_client.dir/flags.make' has modification time 1766048713 s in the future
gmake[2]: Warning: File 'test/CMakeFiles/test_node_utils.dir/flags.make' has modification time 1766048713 s in the future
gmake[2]: warning:  Clock skew detected.  Your build may be incomplete.
gmake[2]: warning:  Clock skew detected.  Your build may be incomplete.
gmake[2]: warning:  Clock skew detected.  Your build may be incomplete.
gmake[2]: Warning: File 'test/CMakeFiles/test_actions.dir/flags.make' has modification time 1766048713 s in the future
gmake[2]: Warning: File 'test/CMakeFiles/test_lifecycle_utils.dir/flags.make' has modification time 1766048713 s in the future
gmake[2]: warning:  Clock skew detected.  Your build may be incomplete.
gmake[2]: Warning: File 'test/CMakeFiles/test_lifecycle_node.dir/flags.make' has modification time 1766048713 s in the future
gmake[2]: Warning: File 'test/CMakeFiles/test_lifecycle_cli_node.dir/flags.make' has modification time 1766048713 s in the future
gmake[2]: Warning: File 'test/CMakeFiles/test_geometry_utils.dir/flags.make' has modification time 1766048713 s in the future
gmake[2]: Warning: File 'test/CMakeFiles/test_odometry_utils.dir/flags.make' has modification time 1766048713 s in the future
gmake[2]: warning:  Clock skew detected.  Your build may be incomplete.
gmake[2]: Warning: File 'test/CMakeFiles/test_robot_utils.dir/flags.make' has modification time 1766048713 s in the future
gmake[2]: Warning: File 'test/CMakeFiles/test_actions.dir/flags.make' has modification time 1766048712 s in the future
gmake[2]: warning:  Clock skew detected.  Your build may be incomplete.
gmake[2]: warning:  Clock skew detected.  Your build may be incomplete.
gmake[2]: warning:  Clock skew detected.  Your build may be incomplete.
gmake[2]: Warning: File 'test/CMakeFiles/test_odometry_utils.dir/flags.make' has modification time 1766048712 s in the future
gmake[2]: warning:  Clock skew detected.  Your build may be incomplete.
gmake[2]: warning:  Clock skew detected.  Your build may be incomplete.
gmake[2]: warning:  Clock skew detected.  Your build may be incomplete.
gmake[2]: Warning: File 'test/CMakeFiles/test_lifecycle_cli_node.dir/flags.make' has modification time 1766048712 s in the future
gmake[2]: warning:  Clock skew detected.  Your build may be incomplete.
gmake[2]: Warning: File 'test/CMakeFiles/test_geometry_utils.dir/flags.make' has modification time 1766048712 s in the future
gmake[2]: warning:  Clock skew detected.  Your build may be incomplete.
gmake[2]: Warning: File 'test/CMakeFiles/test_lifecycle_node.dir/flags.make' has modification time 1766048712 s in the future
gmake[2]: warning:  Clock skew detected.  Your build may be incomplete.
gmake[2]: warning:  Clock skew detected.  Your build may be incomplete.
gmake[2]: Warning: File 'test/CMakeFiles/test_robot_utils.dir/flags.make' has modification time 1766048712 s in the future
gmake[2]: warning:  Clock skew detected.  Your build may be incomplete.
gmake[1]: warning:  Clock skew detected.  Your build may be incomplete.
gmake: warning:  Clock skew detected.  Your build may be incomplete.
