[0.120s] Invoking command in '/home/wheeltec/wheeltec_ros2/build/orb_slam2_ros': CMAKE_PREFIX_PATH=${CMAKE_PREFIX_PATH}:/home/wheeltec/wheeltec_ros2/install/simple_follower_ros2:/home/wheeltec/wheeltec_ros2/install/wheeltec_robot_keyboard:/home/wheeltec/wheeltec_ros2/install/wheeltec_dual_rtk_driver:/home/wheeltec/wheeltec_ros2/install/ultralytics_ros2:/home/wheeltec/wheeltec_ros2/install/tf2_tools:/home/wheeltec/wheeltec_ros2/install/ollama_ros_chat:/home/wheeltec/wheeltec_ros2/install/nmea_navsat_driver:/home/wheeltec/wheeltec_ros2/install/nav2_waypoint_cycle:/home/wheeltec/wheeltec_ros2/install/nav2_simple_commander:/home/wheeltec/wheeltec_ros2/install/largemodel:/home/wheeltec/wheeltec_ros2/install/auto_recharge_ros2:/home/wheeltec/autoware/install/autoware_wheeltec_interface:/home/wheeltec/autoware/install/ad_api_visualizers:/opt/ros/humble /usr/bin/cmake --build /home/wheeltec/wheeltec_ros2/build/orb_slam2_ros -- -j6 -l6
[0.662s] [  1%] Built target orb_slam2_ros__cpp
[0.958s] [ 31%] Built target g2o
[1.180s] [ 35%] Built target orb_slam2_ros__rosidl_typesupport_fastrtps_cpp
[1.401s] [ 39%] Built target orb_slam2_ros__rosidl_typesupport_introspection_cpp
[1.629s] [ 43%] Built target orb_slam2_ros__rosidl_typesupport_cpp
[1.890s] [ 51%] Built target DBoW2
[2.212s] [ 51%] Built target ament_cmake_python_symlink_orb_slam2_ros
[2.530s] [ 70%] Built target orb_slam2_ros_core
[3.382s] running egg_info
[3.383s] writing orb_slam2_ros.egg-info/PKG-INFO
[3.384s] writing dependency_links to orb_slam2_ros.egg-info/dependency_links.txt
[3.384s] writing top-level names to orb_slam2_ros.egg-info/top_level.txt
[3.395s] reading manifest file 'orb_slam2_ros.egg-info/SOURCES.txt'
[3.396s] writing manifest file 'orb_slam2_ros.egg-info/SOURCES.txt'
[3.546s] [ 70%] Built target ament_cmake_python_build_orb_slam2_ros_egg
[3.742s] [ 74%] Built target orb_slam2_ros__rosidl_generator_c
[3.941s] [ 78%] Built target orb_slam2_ros__rosidl_typesupport_fastrtps_c
[4.147s] [ 82%] Built target orb_slam2_ros__rosidl_typesupport_c
[4.380s] [ 86%] Built target orb_slam2_ros__rosidl_typesupport_introspection_c
[4.661s] [ 86%] Built target orb_slam2_ros
[4.923s] [ 87%] Built target orb_slam2_ros__py
[5.231s] [ 90%] Built target orb_slam2_ros_rgbd
[5.475s] [ 93%] Built target orb_slam2_ros__rosidl_generator_py
[5.690s] [ 95%] Built target orb_slam2_ros__rosidl_typesupport_fastrtps_c__pyext
[5.949s] [ 97%] Built target orb_slam2_ros__rosidl_typesupport_c__pyext
[6.180s] [100%] Built target orb_slam2_ros__rosidl_typesupport_introspection_c__pyext
[6.677s] Invoked command in '/home/wheeltec/wheeltec_ros2/build/orb_slam2_ros' returned '0': CMAKE_PREFIX_PATH=${CMAKE_PREFIX_PATH}:/home/wheeltec/wheeltec_ros2/install/simple_follower_ros2:/home/wheeltec/wheeltec_ros2/install/wheeltec_robot_keyboard:/home/wheeltec/wheeltec_ros2/install/wheeltec_dual_rtk_driver:/home/wheeltec/wheeltec_ros2/install/ultralytics_ros2:/home/wheeltec/wheeltec_ros2/install/tf2_tools:/home/wheeltec/wheeltec_ros2/install/ollama_ros_chat:/home/wheeltec/wheeltec_ros2/install/nmea_navsat_driver:/home/wheeltec/wheeltec_ros2/install/nav2_waypoint_cycle:/home/wheeltec/wheeltec_ros2/install/nav2_simple_commander:/home/wheeltec/wheeltec_ros2/install/largemodel:/home/wheeltec/wheeltec_ros2/install/auto_recharge_ros2:/home/wheeltec/autoware/install/autoware_wheeltec_interface:/home/wheeltec/autoware/install/ad_api_visualizers:/opt/ros/humble /usr/bin/cmake --build /home/wheeltec/wheeltec_ros2/build/orb_slam2_ros -- -j6 -l6
[6.736s] Invoking command in '/home/wheeltec/wheeltec_ros2/build/orb_slam2_ros': CMAKE_PREFIX_PATH=${CMAKE_PREFIX_PATH}:/home/wheeltec/wheeltec_ros2/install/simple_follower_ros2:/home/wheeltec/wheeltec_ros2/install/wheeltec_robot_keyboard:/home/wheeltec/wheeltec_ros2/install/wheeltec_dual_rtk_driver:/home/wheeltec/wheeltec_ros2/install/ultralytics_ros2:/home/wheeltec/wheeltec_ros2/install/tf2_tools:/home/wheeltec/wheeltec_ros2/install/ollama_ros_chat:/home/wheeltec/wheeltec_ros2/install/nmea_navsat_driver:/home/wheeltec/wheeltec_ros2/install/nav2_waypoint_cycle:/home/wheeltec/wheeltec_ros2/install/nav2_simple_commander:/home/wheeltec/wheeltec_ros2/install/largemodel:/home/wheeltec/wheeltec_ros2/install/auto_recharge_ros2:/home/wheeltec/autoware/install/autoware_wheeltec_interface:/home/wheeltec/autoware/install/ad_api_visualizers:/opt/ros/humble /usr/bin/cmake --install /home/wheeltec/wheeltec_ros2/build/orb_slam2_ros
[6.812s] -- Install configuration: "Release"
[6.813s] -- Execute custom install script
[6.814s] -- Up-to-date symlink: /home/wheeltec/wheeltec_ros2/install/orb_slam2_ros/share/ament_index/resource_index/rosidl_interfaces/orb_slam2_ros
[6.820s] -- Up-to-date symlink: /home/wheeltec/wheeltec_ros2/install/orb_slam2_ros/include/orb_slam2_ros/orb_slam2_ros/msg/rosidl_generator_c__visibility_control.h
[6.824s] -- Up-to-date symlink: /home/wheeltec/wheeltec_ros2/install/orb_slam2_ros/include/orb_slam2_ros/orb_slam2_ros/srv/detail/save_cloud__functions.h
[6.825s] -- Up-to-date symlink: /home/wheeltec/wheeltec_ros2/install/orb_slam2_ros/include/orb_slam2_ros/orb_slam2_ros/srv/detail/save_cloud__struct.h
[6.826s] -- Up-to-date symlink: /home/wheeltec/wheeltec_ros2/install/orb_slam2_ros/include/orb_slam2_ros/orb_slam2_ros/srv/detail/save_cloud__type_support.h
[6.827s] -- Up-to-date symlink: /home/wheeltec/wheeltec_ros2/install/orb_slam2_ros/include/orb_slam2_ros/orb_slam2_ros/srv/detail/save_map__functions.h
[6.828s] -- Up-to-date symlink: /home/wheeltec/wheeltec_ros2/install/orb_slam2_ros/include/orb_slam2_ros/orb_slam2_ros/srv/detail/save_map__struct.h
[6.829s] -- Up-to-date symlink: /home/wheeltec/wheeltec_ros2/install/orb_slam2_ros/include/orb_slam2_ros/orb_slam2_ros/srv/detail/save_map__type_support.h
[6.829s] -- Up-to-date symlink: /home/wheeltec/wheeltec_ros2/install/orb_slam2_ros/include/orb_slam2_ros/orb_slam2_ros/srv/save_cloud.h
[6.829s] -- Up-to-date symlink: /home/wheeltec/wheeltec_ros2/install/orb_slam2_ros/include/orb_slam2_ros/orb_slam2_ros/srv/save_map.h
[6.830s] -- Up-to-date symlink: /home/wheeltec/wheeltec_ros2/install/orb_slam2_ros/share/orb_slam2_ros/environment/library_path.sh
[6.830s] -- Up-to-date symlink: /home/wheeltec/wheeltec_ros2/install/orb_slam2_ros/share/orb_slam2_ros/environment/library_path.dsv
[6.831s] -- Up-to-date symlink: /home/wheeltec/wheeltec_ros2/install/orb_slam2_ros/include/orb_slam2_ros/orb_slam2_ros/msg/rosidl_typesupport_fastrtps_c__visibility_control.h
[6.831s] -- Up-to-date symlink: /home/wheeltec/wheeltec_ros2/install/orb_slam2_ros/include/orb_slam2_ros/orb_slam2_ros/srv/detail/save_cloud__rosidl_typesupport_fastrtps_c.h
[6.831s] -- Up-to-date symlink: /home/wheeltec/wheeltec_ros2/install/orb_slam2_ros/include/orb_slam2_ros/orb_slam2_ros/srv/detail/save_map__rosidl_typesupport_fastrtps_c.h
[6.832s] -- Up-to-date symlink: /home/wheeltec/wheeltec_ros2/install/orb_slam2_ros/include/orb_slam2_ros/orb_slam2_ros/msg/rosidl_generator_cpp__visibility_control.hpp
[6.833s] -- Up-to-date symlink: /home/wheeltec/wheeltec_ros2/install/orb_slam2_ros/include/orb_slam2_ros/orb_slam2_ros/srv/detail/save_cloud__builder.hpp
[6.833s] -- Up-to-date symlink: /home/wheeltec/wheeltec_ros2/install/orb_slam2_ros/include/orb_slam2_ros/orb_slam2_ros/srv/detail/save_cloud__struct.hpp
[6.833s] -- Up-to-date symlink: /home/wheeltec/wheeltec_ros2/install/orb_slam2_ros/include/orb_slam2_ros/orb_slam2_ros/srv/detail/save_cloud__traits.hpp
[6.834s] -- Up-to-date symlink: /home/wheeltec/wheeltec_ros2/install/orb_slam2_ros/include/orb_slam2_ros/orb_slam2_ros/srv/detail/save_cloud__type_support.hpp
[6.834s] -- Up-to-date symlink: /home/wheeltec/wheeltec_ros2/install/orb_slam2_ros/include/orb_slam2_ros/orb_slam2_ros/srv/detail/save_map__builder.hpp
[6.835s] -- Up-to-date symlink: /home/wheeltec/wheeltec_ros2/install/orb_slam2_ros/include/orb_slam2_ros/orb_slam2_ros/srv/detail/save_map__struct.hpp
[6.835s] -- Up-to-date symlink: /home/wheeltec/wheeltec_ros2/install/orb_slam2_ros/include/orb_slam2_ros/orb_slam2_ros/srv/detail/save_map__traits.hpp
[6.837s] -- Up-to-date symlink: /home/wheeltec/wheeltec_ros2/install/orb_slam2_ros/include/orb_slam2_ros/orb_slam2_ros/srv/detail/save_map__type_support.hpp
[6.838s] -- Up-to-date symlink: /home/wheeltec/wheeltec_ros2/install/orb_slam2_ros/include/orb_slam2_ros/orb_slam2_ros/srv/save_cloud.hpp
[6.838s] -- Up-to-date symlink: /home/wheeltec/wheeltec_ros2/install/orb_slam2_ros/include/orb_slam2_ros/orb_slam2_ros/srv/save_map.hpp
[6.838s] -- Up-to-date symlink: /home/wheeltec/wheeltec_ros2/install/orb_slam2_ros/include/orb_slam2_ros/orb_slam2_ros/msg/rosidl_typesupport_fastrtps_cpp__visibility_control.h
[6.838s] -- Up-to-date symlink: /home/wheeltec/wheeltec_ros2/install/orb_slam2_ros/include/orb_slam2_ros/orb_slam2_ros/srv/detail/save_cloud__rosidl_typesupport_fastrtps_cpp.hpp
[6.838s] -- Up-to-date symlink: /home/wheeltec/wheeltec_ros2/install/orb_slam2_ros/include/orb_slam2_ros/orb_slam2_ros/srv/detail/save_map__rosidl_typesupport_fastrtps_cpp.hpp
[6.839s] -- Up-to-date symlink: /home/wheeltec/wheeltec_ros2/install/orb_slam2_ros/include/orb_slam2_ros/orb_slam2_ros/msg/rosidl_typesupport_introspection_c__visibility_control.h
[6.840s] -- Up-to-date symlink: /home/wheeltec/wheeltec_ros2/install/orb_slam2_ros/include/orb_slam2_ros/orb_slam2_ros/srv/detail/save_cloud__rosidl_typesupport_introspection_c.h
[6.841s] -- Up-to-date symlink: /home/wheeltec/wheeltec_ros2/install/orb_slam2_ros/include/orb_slam2_ros/orb_slam2_ros/srv/detail/save_map__rosidl_typesupport_introspection_c.h
[6.841s] -- Up-to-date symlink: /home/wheeltec/wheeltec_ros2/install/orb_slam2_ros/include/orb_slam2_ros/orb_slam2_ros/srv/detail/save_cloud__rosidl_typesupport_introspection_cpp.hpp
[6.842s] -- Up-to-date symlink: /home/wheeltec/wheeltec_ros2/install/orb_slam2_ros/include/orb_slam2_ros/orb_slam2_ros/srv/detail/save_map__rosidl_typesupport_introspection_cpp.hpp
[6.843s] -- Up-to-date symlink: /home/wheeltec/wheeltec_ros2/install/orb_slam2_ros/share/orb_slam2_ros/environment/pythonpath.sh
[6.843s] -- Up-to-date symlink: /home/wheeltec/wheeltec_ros2/install/orb_slam2_ros/share/orb_slam2_ros/environment/pythonpath.dsv
[6.844s] -- Up-to-date symlink: /home/wheeltec/wheeltec_ros2/install/orb_slam2_ros/local/lib/python3.10/dist-packages/orb_slam2_ros-1.1.0-py3.10.egg-info/PKG-INFO
[6.844s] -- Up-to-date symlink: /home/wheeltec/wheeltec_ros2/install/orb_slam2_ros/local/lib/python3.10/dist-packages/orb_slam2_ros-1.1.0-py3.10.egg-info/SOURCES.txt
[6.844s] -- Up-to-date symlink: /home/wheeltec/wheeltec_ros2/install/orb_slam2_ros/local/lib/python3.10/dist-packages/orb_slam2_ros-1.1.0-py3.10.egg-info/dependency_links.txt
[6.845s] -- Up-to-date symlink: /home/wheeltec/wheeltec_ros2/install/orb_slam2_ros/local/lib/python3.10/dist-packages/orb_slam2_ros-1.1.0-py3.10.egg-info/top_level.txt
[6.846s] -- Up-to-date symlink: /home/wheeltec/wheeltec_ros2/install/orb_slam2_ros/local/lib/python3.10/dist-packages/orb_slam2_ros/__init__.py
[6.847s] -- Up-to-date symlink: /home/wheeltec/wheeltec_ros2/install/orb_slam2_ros/local/lib/python3.10/dist-packages/orb_slam2_ros/_orb_slam2_ros_s.ep.rosidl_typesupport_c.c
[6.847s] -- Up-to-date symlink: /home/wheeltec/wheeltec_ros2/install/orb_slam2_ros/local/lib/python3.10/dist-packages/orb_slam2_ros/_orb_slam2_ros_s.ep.rosidl_typesupport_fastrtps_c.c
[6.848s] -- Up-to-date symlink: /home/wheeltec/wheeltec_ros2/install/orb_slam2_ros/local/lib/python3.10/dist-packages/orb_slam2_ros/_orb_slam2_ros_s.ep.rosidl_typesupport_introspection_c.c
[6.848s] -- Up-to-date symlink: /home/wheeltec/wheeltec_ros2/install/orb_slam2_ros/local/lib/python3.10/dist-packages/orb_slam2_ros/liborb_slam2_ros__rosidl_generator_py.so
[6.849s] -- Up-to-date symlink: /home/wheeltec/wheeltec_ros2/install/orb_slam2_ros/local/lib/python3.10/dist-packages/orb_slam2_ros/orb_slam2_ros_s__rosidl_typesupport_c.cpython-310-aarch64-linux-gnu.so
[6.849s] -- Up-to-date symlink: /home/wheeltec/wheeltec_ros2/install/orb_slam2_ros/local/lib/python3.10/dist-packages/orb_slam2_ros/orb_slam2_ros_s__rosidl_typesupport_fastrtps_c.cpython-310-aarch64-linux-gnu.so
[6.850s] -- Up-to-date symlink: /home/wheeltec/wheeltec_ros2/install/orb_slam2_ros/local/lib/python3.10/dist-packages/orb_slam2_ros/orb_slam2_ros_s__rosidl_typesupport_introspection_c.cpython-310-aarch64-linux-gnu.so
[6.850s] -- Up-to-date symlink: /home/wheeltec/wheeltec_ros2/install/orb_slam2_ros/local/lib/python3.10/dist-packages/orb_slam2_ros/srv/__init__.py
[6.851s] -- Up-to-date symlink: /home/wheeltec/wheeltec_ros2/install/orb_slam2_ros/local/lib/python3.10/dist-packages/orb_slam2_ros/srv/_save_cloud.py
[6.851s] -- Up-to-date symlink: /home/wheeltec/wheeltec_ros2/install/orb_slam2_ros/local/lib/python3.10/dist-packages/orb_slam2_ros/srv/_save_cloud_s.c
[6.852s] -- Up-to-date symlink: /home/wheeltec/wheeltec_ros2/install/orb_slam2_ros/local/lib/python3.10/dist-packages/orb_slam2_ros/srv/_save_map.py
[6.852s] -- Up-to-date symlink: /home/wheeltec/wheeltec_ros2/install/orb_slam2_ros/local/lib/python3.10/dist-packages/orb_slam2_ros/srv/_save_map_s.c
[6.853s] -- Up-to-date symlink: /home/wheeltec/wheeltec_ros2/install/orb_slam2_ros/local/lib/python3.10/dist-packages/orb_slam2_ros/orb_slam2_ros_s__rosidl_typesupport_fastrtps_c.cpython-310-aarch64-linux-gnu.so
[6.853s] -- Up-to-date symlink: /home/wheeltec/wheeltec_ros2/install/orb_slam2_ros/local/lib/python3.10/dist-packages/orb_slam2_ros/orb_slam2_ros_s__rosidl_typesupport_introspection_c.cpython-310-aarch64-linux-gnu.so
[6.854s] -- Up-to-date symlink: /home/wheeltec/wheeltec_ros2/install/orb_slam2_ros/local/lib/python3.10/dist-packages/orb_slam2_ros/orb_slam2_ros_s__rosidl_typesupport_c.cpython-310-aarch64-linux-gnu.so
[6.855s] -- Up-to-date symlink: /home/wheeltec/wheeltec_ros2/install/orb_slam2_ros/share/orb_slam2_ros/srv/SaveMap.idl
[6.855s] -- Up-to-date symlink: /home/wheeltec/wheeltec_ros2/install/orb_slam2_ros/share/orb_slam2_ros/srv/SaveCloud.idl
[6.856s] -- Up-to-date symlink: /home/wheeltec/wheeltec_ros2/install/orb_slam2_ros/share/orb_slam2_ros/srv/SaveMap.srv
[6.856s] -- Up-to-date symlink: /home/wheeltec/wheeltec_ros2/install/orb_slam2_ros/share/orb_slam2_ros/srv/SaveMap_Request.msg
[6.857s] -- Up-to-date symlink: /home/wheeltec/wheeltec_ros2/install/orb_slam2_ros/share/orb_slam2_ros/srv/SaveMap_Response.msg
[6.857s] -- Up-to-date symlink: /home/wheeltec/wheeltec_ros2/install/orb_slam2_ros/share/orb_slam2_ros/srv/SaveCloud.srv
[6.858s] -- Up-to-date symlink: /home/wheeltec/wheeltec_ros2/install/orb_slam2_ros/share/orb_slam2_ros/srv/SaveCloud_Request.msg
[6.859s] -- Up-to-date symlink: /home/wheeltec/wheeltec_ros2/install/orb_slam2_ros/share/orb_slam2_ros/srv/SaveCloud_Response.msg
[6.859s] -- Up-to-date symlink: /home/wheeltec/wheeltec_ros2/install/orb_slam2_ros/lib/orb_slam2_ros/orb_slam2_ros_rgbd
[6.860s] -- Up-to-date symlink: /home/wheeltec/wheeltec_ros2/install/orb_slam2_ros/lib/liborb_slam2_ros_core.so
[6.861s] -- Up-to-date symlink: /home/wheeltec/wheeltec_ros2/install/orb_slam2_ros/lib/libDBoW2.so
[6.861s] -- Up-to-date symlink: /home/wheeltec/wheeltec_ros2/install/orb_slam2_ros/lib/libg2o.so
[6.862s] -- Up-to-date symlink: /home/wheeltec/wheeltec_ros2/install/orb_slam2_ros/share/orb_slam2_ros/ros/launch/orb_slam2_Astra_rgbd_launch.py
[6.863s] -- Up-to-date symlink: /home/wheeltec/wheeltec_ros2/install/orb_slam2_ros/share/orb_slam2_ros/ros/launch/orb_slam2_Gemini_rgb_launch.py
[6.863s] -- Up-to-date symlink: /home/wheeltec/wheeltec_ros2/install/orb_slam2_ros/share/orb_slam2_ros/ros/launch/orb_slam2_d435_mono_launch.py
[6.863s] -- Up-to-date symlink: /home/wheeltec/wheeltec_ros2/install/orb_slam2_ros/share/orb_slam2_ros/ros/launch/orb_slam2_d435_rgbd_launch.py
[6.863s] -- Up-to-date symlink: /home/wheeltec/wheeltec_ros2/install/orb_slam2_ros/share/orb_slam2_ros/ros/launch/orb_slam2_t265_mono_launch.py
[6.864s] -- Up-to-date symlink: /home/wheeltec/wheeltec_ros2/install/orb_slam2_ros/share/orb_slam2_ros/ros/launch/orb_slam2_t265_stereo_launch.py
[6.865s] -- Up-to-date symlink: /home/wheeltec/wheeltec_ros2/install/orb_slam2_ros/share/orb_slam2_ros/ros/config/octomap_server.yaml
[6.866s] -- Up-to-date symlink: /home/wheeltec/wheeltec_ros2/install/orb_slam2_ros/share/orb_slam2_ros/ros/config/params_Astra_rgbd.yaml
[6.866s] -- Up-to-date symlink: /home/wheeltec/wheeltec_ros2/install/orb_slam2_ros/share/orb_slam2_ros/ros/config/params_Gemini_rgbd.yaml
[6.866s] -- Up-to-date symlink: /home/wheeltec/wheeltec_ros2/install/orb_slam2_ros/share/orb_slam2_ros/ros/config/params_d435_mono.yaml
[6.867s] -- Up-to-date symlink: /home/wheeltec/wheeltec_ros2/install/orb_slam2_ros/share/orb_slam2_ros/ros/config/params_d435_rgbd.yaml
[6.867s] -- Up-to-date symlink: /home/wheeltec/wheeltec_ros2/install/orb_slam2_ros/share/orb_slam2_ros/ros/config/params_t265_mono.yaml
[6.867s] -- Up-to-date symlink: /home/wheeltec/wheeltec_ros2/install/orb_slam2_ros/share/orb_slam2_ros/ros/config/params_t265_stereo.yaml
[6.868s] -- Up-to-date symlink: /home/wheeltec/wheeltec_ros2/install/orb_slam2_ros/share/orb_slam2_ros/ros/config/rviz_config.rviz
[6.869s] -- Up-to-date symlink: /home/wheeltec/wheeltec_ros2/install/orb_slam2_ros/share/orb_slam2_ros/orb_slam2/Vocabulary/ORBvoc.txt.bin
[6.870s] -- Up-to-date symlink: /home/wheeltec/wheeltec_ros2/install/orb_slam2_ros/share/orb_slam2_ros/orb_slam2/Vocabulary/ORBvoc.txt.tar.gz
[6.871s] -- Up-to-date symlink: /home/wheeltec/wheeltec_ros2/install/orb_slam2_ros/share/ament_index/resource_index/package_run_dependencies/orb_slam2_ros
[6.875s] -- Up-to-date symlink: /home/wheeltec/wheeltec_ros2/install/orb_slam2_ros/share/ament_index/resource_index/parent_prefix_path/orb_slam2_ros
[6.876s] -- Up-to-date symlink: /home/wheeltec/wheeltec_ros2/install/orb_slam2_ros/share/orb_slam2_ros/environment/ament_prefix_path.sh
[6.876s] -- Up-to-date symlink: /home/wheeltec/wheeltec_ros2/install/orb_slam2_ros/share/orb_slam2_ros/environment/ament_prefix_path.dsv
[6.876s] -- Up-to-date symlink: /home/wheeltec/wheeltec_ros2/install/orb_slam2_ros/share/orb_slam2_ros/environment/path.sh
[6.876s] -- Up-to-date symlink: /home/wheeltec/wheeltec_ros2/install/orb_slam2_ros/share/orb_slam2_ros/environment/path.dsv
[6.876s] -- Up-to-date symlink: /home/wheeltec/wheeltec_ros2/install/orb_slam2_ros/share/orb_slam2_ros/local_setup.bash
[6.877s] -- Up-to-date symlink: /home/wheeltec/wheeltec_ros2/install/orb_slam2_ros/share/orb_slam2_ros/local_setup.sh
[6.877s] -- Up-to-date symlink: /home/wheeltec/wheeltec_ros2/install/orb_slam2_ros/share/orb_slam2_ros/local_setup.zsh
[6.877s] -- Up-to-date symlink: /home/wheeltec/wheeltec_ros2/install/orb_slam2_ros/share/orb_slam2_ros/local_setup.dsv
[6.877s] -- Symlinking: /home/wheeltec/wheeltec_ros2/install/orb_slam2_ros/share/orb_slam2_ros/package.dsv
[6.967s] -- Up-to-date symlink: /home/wheeltec/wheeltec_ros2/install/orb_slam2_ros/share/ament_index/resource_index/packages/orb_slam2_ros
[6.969s] -- Up-to-date symlink: /home/wheeltec/wheeltec_ros2/install/orb_slam2_ros/share/orb_slam2_ros/cmake/rosidl_cmake-extras.cmake
[6.969s] -- Up-to-date symlink: /home/wheeltec/wheeltec_ros2/install/orb_slam2_ros/share/orb_slam2_ros/cmake/ament_cmake_export_dependencies-extras.cmake
[6.969s] -- Up-to-date symlink: /home/wheeltec/wheeltec_ros2/install/orb_slam2_ros/share/orb_slam2_ros/cmake/ament_cmake_export_include_directories-extras.cmake
[6.970s] -- Up-to-date symlink: /home/wheeltec/wheeltec_ros2/install/orb_slam2_ros/share/orb_slam2_ros/cmake/ament_cmake_export_libraries-extras.cmake
[6.970s] -- Up-to-date symlink: /home/wheeltec/wheeltec_ros2/install/orb_slam2_ros/share/orb_slam2_ros/cmake/ament_cmake_export_targets-extras.cmake
[6.971s] -- Up-to-date symlink: /home/wheeltec/wheeltec_ros2/install/orb_slam2_ros/share/orb_slam2_ros/cmake/rosidl_cmake_export_typesupport_targets-extras.cmake
[6.971s] -- Up-to-date symlink: /home/wheeltec/wheeltec_ros2/install/orb_slam2_ros/share/orb_slam2_ros/cmake/rosidl_cmake_export_typesupport_libraries-extras.cmake
[6.972s] -- Up-to-date symlink: /home/wheeltec/wheeltec_ros2/install/orb_slam2_ros/share/orb_slam2_ros/cmake/orb_slam2_rosConfig.cmake
[6.972s] -- Up-to-date symlink: /home/wheeltec/wheeltec_ros2/install/orb_slam2_ros/share/orb_slam2_ros/cmake/orb_slam2_rosConfig-version.cmake
[6.973s] -- Up-to-date symlink: /home/wheeltec/wheeltec_ros2/install/orb_slam2_ros/share/orb_slam2_ros/package.xml
[6.973s] -- Up-to-date: /home/wheeltec/wheeltec_ros2/install/orb_slam2_ros/lib/liborb_slam2_ros__rosidl_generator_c.so
[6.974s] -- Up-to-date: /home/wheeltec/wheeltec_ros2/install/orb_slam2_ros/lib/liborb_slam2_ros__rosidl_typesupport_fastrtps_c.so
[6.975s] -- Up-to-date: /home/wheeltec/wheeltec_ros2/install/orb_slam2_ros/lib/liborb_slam2_ros__rosidl_typesupport_fastrtps_cpp.so
[6.976s] -- Up-to-date: /home/wheeltec/wheeltec_ros2/install/orb_slam2_ros/lib/liborb_slam2_ros__rosidl_typesupport_introspection_c.so
[6.977s] -- Up-to-date: /home/wheeltec/wheeltec_ros2/install/orb_slam2_ros/lib/liborb_slam2_ros__rosidl_typesupport_c.so
[6.978s] -- Up-to-date: /home/wheeltec/wheeltec_ros2/install/orb_slam2_ros/lib/liborb_slam2_ros__rosidl_typesupport_introspection_cpp.so
[6.979s] -- Up-to-date: /home/wheeltec/wheeltec_ros2/install/orb_slam2_ros/lib/liborb_slam2_ros__rosidl_typesupport_cpp.so
[7.163s] Listing '/home/wheeltec/wheeltec_ros2/install/orb_slam2_ros/local/lib/python3.10/dist-packages/orb_slam2_ros'...
[7.163s] Listing '/home/wheeltec/wheeltec_ros2/install/orb_slam2_ros/local/lib/python3.10/dist-packages/orb_slam2_ros/srv'...
[7.184s] -- Up-to-date: /home/wheeltec/wheeltec_ros2/install/orb_slam2_ros/lib/liborb_slam2_ros__rosidl_generator_py.so
[7.186s] -- Up-to-date: /home/wheeltec/wheeltec_ros2/install/orb_slam2_ros/share/orb_slam2_ros/cmake/export_orb_slam2_ros__rosidl_generator_cExport.cmake
[7.187s] -- Up-to-date: /home/wheeltec/wheeltec_ros2/install/orb_slam2_ros/share/orb_slam2_ros/cmake/export_orb_slam2_ros__rosidl_generator_cExport-release.cmake
[7.187s] -- Up-to-date: /home/wheeltec/wheeltec_ros2/install/orb_slam2_ros/share/orb_slam2_ros/cmake/export_orb_slam2_ros__rosidl_typesupport_fastrtps_cExport.cmake
[7.187s] -- Up-to-date: /home/wheeltec/wheeltec_ros2/install/orb_slam2_ros/share/orb_slam2_ros/cmake/export_orb_slam2_ros__rosidl_typesupport_fastrtps_cExport-release.cmake
[7.189s] -- Up-to-date: /home/wheeltec/wheeltec_ros2/install/orb_slam2_ros/share/orb_slam2_ros/cmake/export_orb_slam2_ros__rosidl_generator_cppExport.cmake
[7.189s] -- Up-to-date: /home/wheeltec/wheeltec_ros2/install/orb_slam2_ros/share/orb_slam2_ros/cmake/export_orb_slam2_ros__rosidl_typesupport_fastrtps_cppExport.cmake
[7.189s] -- Up-to-date: /home/wheeltec/wheeltec_ros2/install/orb_slam2_ros/share/orb_slam2_ros/cmake/export_orb_slam2_ros__rosidl_typesupport_fastrtps_cppExport-release.cmake
[7.201s] -- Up-to-date: /home/wheeltec/wheeltec_ros2/install/orb_slam2_ros/share/orb_slam2_ros/cmake/orb_slam2_ros__rosidl_typesupport_introspection_cExport.cmake
[7.203s] -- Up-to-date: /home/wheeltec/wheeltec_ros2/install/orb_slam2_ros/share/orb_slam2_ros/cmake/orb_slam2_ros__rosidl_typesupport_introspection_cExport-release.cmake
[7.206s] -- Up-to-date: /home/wheeltec/wheeltec_ros2/install/orb_slam2_ros/share/orb_slam2_ros/cmake/orb_slam2_ros__rosidl_typesupport_cExport.cmake
[7.207s] -- Up-to-date: /home/wheeltec/wheeltec_ros2/install/orb_slam2_ros/share/orb_slam2_ros/cmake/orb_slam2_ros__rosidl_typesupport_cExport-release.cmake
[7.211s] -- Up-to-date: /home/wheeltec/wheeltec_ros2/install/orb_slam2_ros/share/orb_slam2_ros/cmake/orb_slam2_ros__rosidl_typesupport_introspection_cppExport.cmake
[7.211s] -- Up-to-date: /home/wheeltec/wheeltec_ros2/install/orb_slam2_ros/share/orb_slam2_ros/cmake/orb_slam2_ros__rosidl_typesupport_introspection_cppExport-release.cmake
[7.214s] -- Up-to-date: /home/wheeltec/wheeltec_ros2/install/orb_slam2_ros/share/orb_slam2_ros/cmake/orb_slam2_ros__rosidl_typesupport_cppExport.cmake
[7.215s] -- Up-to-date: /home/wheeltec/wheeltec_ros2/install/orb_slam2_ros/share/orb_slam2_ros/cmake/orb_slam2_ros__rosidl_typesupport_cppExport-release.cmake
[7.216s] -- Up-to-date: /home/wheeltec/wheeltec_ros2/install/orb_slam2_ros/share/orb_slam2_ros/cmake/export_orb_slam2_ros__rosidl_generator_pyExport.cmake
[7.217s] -- Up-to-date: /home/wheeltec/wheeltec_ros2/install/orb_slam2_ros/share/orb_slam2_ros/cmake/export_orb_slam2_ros__rosidl_generator_pyExport-release.cmake
[7.280s] Invoked command in '/home/wheeltec/wheeltec_ros2/build/orb_slam2_ros' returned '0': CMAKE_PREFIX_PATH=${CMAKE_PREFIX_PATH}:/home/wheeltec/wheeltec_ros2/install/simple_follower_ros2:/home/wheeltec/wheeltec_ros2/install/wheeltec_robot_keyboard:/home/wheeltec/wheeltec_ros2/install/wheeltec_dual_rtk_driver:/home/wheeltec/wheeltec_ros2/install/ultralytics_ros2:/home/wheeltec/wheeltec_ros2/install/tf2_tools:/home/wheeltec/wheeltec_ros2/install/ollama_ros_chat:/home/wheeltec/wheeltec_ros2/install/nmea_navsat_driver:/home/wheeltec/wheeltec_ros2/install/nav2_waypoint_cycle:/home/wheeltec/wheeltec_ros2/install/nav2_simple_commander:/home/wheeltec/wheeltec_ros2/install/largemodel:/home/wheeltec/wheeltec_ros2/install/auto_recharge_ros2:/home/wheeltec/autoware/install/autoware_wheeltec_interface:/home/wheeltec/autoware/install/ad_api_visualizers:/opt/ros/humble /usr/bin/cmake --install /home/wheeltec/wheeltec_ros2/build/orb_slam2_ros
