[0.256s] Invoking command in '/home/wheeltec/wheeltec_ros2/build/serial': CMAKE_PREFIX_PATH=${CMAKE_PREFIX_PATH}:/home/wheeltec/wheeltec_ros2/install/wheeltec_robot_keyboard:/home/wheeltec/wheeltec_ros2/install/wheeltec_dual_rtk_driver:/home/wheeltec/wheeltec_ros2/install/ultralytics_ros2:/home/wheeltec/wheeltec_ros2/install/tf2_tools:/home/wheeltec/wheeltec_ros2/install/nav2_waypoint_cycle:/home/wheeltec/wheeltec_ros2/install/nav2_simple_commander:/home/wheeltec/wheeltec_ros2/install/auto_recharge_ros2:/home/wheeltec/autoware/install/autoware_wheeltec_interface:/home/wheeltec/autoware/install/ad_api_visualizers:/opt/ros/humble /usr/bin/cmake --build /home/wheeltec/wheeltec_ros2/build/serial -- -j6 -l6
[0.489s] [100%] Built target serial
[0.690s] Invoked command in '/home/wheeltec/wheeltec_ros2/build/serial' returned '0': CMAKE_PREFIX_PATH=${CMAKE_PREFIX_PATH}:/home/wheeltec/wheeltec_ros2/install/wheeltec_robot_keyboard:/home/wheeltec/wheeltec_ros2/install/wheeltec_dual_rtk_driver:/home/wheeltec/wheeltec_ros2/install/ultralytics_ros2:/home/wheeltec/wheeltec_ros2/install/tf2_tools:/home/wheeltec/wheeltec_ros2/install/nav2_waypoint_cycle:/home/wheeltec/wheeltec_ros2/install/nav2_simple_commander:/home/wheeltec/wheeltec_ros2/install/auto_recharge_ros2:/home/wheeltec/autoware/install/autoware_wheeltec_interface:/home/wheeltec/autoware/install/ad_api_visualizers:/opt/ros/humble /usr/bin/cmake --build /home/wheeltec/wheeltec_ros2/build/serial -- -j6 -l6
[0.697s] Invoking command in '/home/wheeltec/wheeltec_ros2/build/serial': CMAKE_PREFIX_PATH=${CMAKE_PREFIX_PATH}:/home/wheeltec/wheeltec_ros2/install/wheeltec_robot_keyboard:/home/wheeltec/wheeltec_ros2/install/wheeltec_dual_rtk_driver:/home/wheeltec/wheeltec_ros2/install/ultralytics_ros2:/home/wheeltec/wheeltec_ros2/install/tf2_tools:/home/wheeltec/wheeltec_ros2/install/nav2_waypoint_cycle:/home/wheeltec/wheeltec_ros2/install/nav2_simple_commander:/home/wheeltec/wheeltec_ros2/install/auto_recharge_ros2:/home/wheeltec/autoware/install/autoware_wheeltec_interface:/home/wheeltec/autoware/install/ad_api_visualizers:/opt/ros/humble /usr/bin/cmake --install /home/wheeltec/wheeltec_ros2/build/serial
[0.837s] -- Install configuration: ""
[0.838s] -- Execute custom install script
[0.838s] -- Up-to-date symlink: /home/wheeltec/wheeltec_ros2/install/serial/lib/libserial.a
[0.838s] -- Up-to-date symlink: /home/wheeltec/wheeltec_ros2/install/serial/share/serial/environment/library_path.sh
[0.838s] -- Up-to-date symlink: /home/wheeltec/wheeltec_ros2/install/serial/share/serial/environment/library_path.dsv
[0.838s] -- Up-to-date symlink: /home/wheeltec/wheeltec_ros2/install/serial/include/serial/impl/unix.h
[0.838s] -- Up-to-date symlink: /home/wheeltec/wheeltec_ros2/install/serial/include/serial/impl/win.h
[0.838s] -- Up-to-date symlink: /home/wheeltec/wheeltec_ros2/install/serial/include/serial/serial.h
[0.838s] -- Up-to-date symlink: /home/wheeltec/wheeltec_ros2/install/serial/include/serial/v8stdint.h
[0.838s] -- Up-to-date symlink: /home/wheeltec/wheeltec_ros2/install/serial/share/ament_index/resource_index/package_run_dependencies/serial
[0.838s] -- Up-to-date symlink: /home/wheeltec/wheeltec_ros2/install/serial/share/ament_index/resource_index/parent_prefix_path/serial
[0.839s] -- Up-to-date symlink: /home/wheeltec/wheeltec_ros2/install/serial/share/serial/environment/ament_prefix_path.sh
[0.839s] -- Up-to-date symlink: /home/wheeltec/wheeltec_ros2/install/serial/share/serial/environment/ament_prefix_path.dsv
[0.839s] -- Up-to-date symlink: /home/wheeltec/wheeltec_ros2/install/serial/share/serial/environment/path.sh
[0.839s] -- Up-to-date symlink: /home/wheeltec/wheeltec_ros2/install/serial/share/serial/environment/path.dsv
[0.839s] -- Up-to-date symlink: /home/wheeltec/wheeltec_ros2/install/serial/share/serial/local_setup.bash
[0.839s] -- Up-to-date symlink: /home/wheeltec/wheeltec_ros2/install/serial/share/serial/local_setup.sh
[0.839s] -- Up-to-date symlink: /home/wheeltec/wheeltec_ros2/install/serial/share/serial/local_setup.zsh
[0.839s] -- Up-to-date symlink: /home/wheeltec/wheeltec_ros2/install/serial/share/serial/local_setup.dsv
[0.839s] -- Symlinking: /home/wheeltec/wheeltec_ros2/install/serial/share/serial/package.dsv
[0.839s] -- Up-to-date symlink: /home/wheeltec/wheeltec_ros2/install/serial/share/ament_index/resource_index/packages/serial
[0.840s] -- Up-to-date symlink: /home/wheeltec/wheeltec_ros2/install/serial/share/serial/cmake/ament_cmake_export_include_directories-extras.cmake
[0.840s] -- Up-to-date symlink: /home/wheeltec/wheeltec_ros2/install/serial/share/serial/cmake/ament_cmake_export_libraries-extras.cmake
[0.840s] -- Up-to-date symlink: /home/wheeltec/wheeltec_ros2/install/serial/share/serial/cmake/ament_cmake_export_dependencies-extras.cmake
[0.840s] -- Up-to-date symlink: /home/wheeltec/wheeltec_ros2/install/serial/share/serial/cmake/serialConfig.cmake
[0.840s] -- Up-to-date symlink: /home/wheeltec/wheeltec_ros2/install/serial/share/serial/cmake/serialConfig-version.cmake
[0.840s] -- Up-to-date symlink: /home/wheeltec/wheeltec_ros2/install/serial/share/serial/package.xml
[0.845s] Invoked command in '/home/wheeltec/wheeltec_ros2/build/serial' returned '0': CMAKE_PREFIX_PATH=${CMAKE_PREFIX_PATH}:/home/wheeltec/wheeltec_ros2/install/wheeltec_robot_keyboard:/home/wheeltec/wheeltec_ros2/install/wheeltec_dual_rtk_driver:/home/wheeltec/wheeltec_ros2/install/ultralytics_ros2:/home/wheeltec/wheeltec_ros2/install/tf2_tools:/home/wheeltec/wheeltec_ros2/install/nav2_waypoint_cycle:/home/wheeltec/wheeltec_ros2/install/nav2_simple_commander:/home/wheeltec/wheeltec_ros2/install/auto_recharge_ros2:/home/wheeltec/autoware/install/autoware_wheeltec_interface:/home/wheeltec/autoware/install/ad_api_visualizers:/opt/ros/humble /usr/bin/cmake --install /home/wheeltec/wheeltec_ros2/build/serial
