[0.295s] Invoking command in '/home/wheeltec/wheeltec_ros2/build/nav_2d_msgs': CMAKE_PREFIX_PATH=${CMAKE_PREFIX_PATH}:/home/wheeltec/autoware/install/autoware_wheeltec_interface:/home/wheeltec/autoware/install/ad_api_visualizers:/opt/ros/humble /usr/bin/cmake /home/wheeltec/wheeltec_ros2/src/navigation2-humble/nav2_dwb_controller/nav_2d_msgs -DAMENT_CMAKE_SYMLINK_INSTALL=1 -DCMAKE_INSTALL_PREFIX=/home/wheeltec/wheeltec_ros2/install/nav_2d_msgs
[0.738s] -- The C compiler identification is GNU 11.4.0
[0.951s] -- The CXX compiler identification is GNU 11.4.0
[0.979s] -- Detecting C compiler ABI info
[1.348s] -- Detecting C compiler ABI info - done
[1.357s] -- Check for working C compiler: /usr/bin/cc - skipped
[1.377s] -- Detecting C compile features
[1.379s] -- Detecting C compile features - done
[1.394s] -- Detecting CXX compiler ABI info
[1.834s] -- Detecting CXX compiler ABI info - done
[1.848s] -- Check for working CXX compiler: /usr/bin/c++ - skipped
[1.848s] -- Detecting CXX compile features
[1.849s] -- Detecting CXX compile features - done
[1.945s] -- Found geometry_msgs: 4.2.4 (/opt/ros/humble/share/geometry_msgs/cmake)
[2.912s] -- Found Python3: /usr/bin/python3.10 (found version "3.10.12") found components: Interpreter 
[3.127s] -- Override CMake install command with custom implementation using symlinks instead of copying resources
[4.466s] -- Found rosidl_generator_c: 3.1.6 (/opt/ros/humble/share/rosidl_generator_c/cmake)
[4.570s] -- Found rosidl_adapter: 3.1.6 (/opt/ros/humble/share/rosidl_adapter/cmake)
[4.683s] -- Found rosidl_generator_cpp: 3.1.6 (/opt/ros/humble/share/rosidl_generator_cpp/cmake)
[4.873s] -- Using all available rosidl_typesupport_c: rosidl_typesupport_fastrtps_c;rosidl_typesupport_introspection_c
[5.134s] -- Using all available rosidl_typesupport_cpp: rosidl_typesupport_fastrtps_cpp;rosidl_typesupport_introspection_cpp
[5.410s] -- Found rosidl_default_generators: 1.2.0 (/opt/ros/humble/share/rosidl_default_generators/cmake)
[6.882s] -- Found ament_cmake_ros: 0.10.0 (/opt/ros/humble/share/ament_cmake_ros/cmake)
[8.410s] -- Using all available rosidl_typesupport_c: rosidl_typesupport_fastrtps_c;rosidl_typesupport_introspection_c
[8.954s] -- Using all available rosidl_typesupport_cpp: rosidl_typesupport_fastrtps_cpp;rosidl_typesupport_introspection_cpp
[9.082s] -- Found PythonInterp: /usr/bin/python3 (found suitable version "3.10.12", minimum required is "3.6") 
[9.136s] -- Found python_cmake_module: 0.10.0 (/opt/ros/humble/share/python_cmake_module/cmake)
[9.260s] -- Found PythonLibs: /usr/lib/aarch64-linux-gnu/libpython3.10.so (found suitable version "3.10.12", minimum required is "3.5") 
[9.264s] -- Using PYTHON_EXECUTABLE: /usr/bin/python3
[9.264s] -- Using PYTHON_INCLUDE_DIRS: /usr/include/python3.10
[9.264s] -- Using PYTHON_LIBRARIES: /usr/lib/aarch64-linux-gnu/libpython3.10.so
[9.343s] -- Found PythonExtra: .so  
[10.600s] -- Configuring done
[10.684s] -- Generating done
[10.706s] -- Build files have been written to: /home/wheeltec/wheeltec_ros2/build/nav_2d_msgs
[10.740s] Invoked command in '/home/wheeltec/wheeltec_ros2/build/nav_2d_msgs' returned '0': CMAKE_PREFIX_PATH=${CMAKE_PREFIX_PATH}:/home/wheeltec/autoware/install/autoware_wheeltec_interface:/home/wheeltec/autoware/install/ad_api_visualizers:/opt/ros/humble /usr/bin/cmake /home/wheeltec/wheeltec_ros2/src/navigation2-humble/nav2_dwb_controller/nav_2d_msgs -DAMENT_CMAKE_SYMLINK_INSTALL=1 -DCMAKE_INSTALL_PREFIX=/home/wheeltec/wheeltec_ros2/install/nav_2d_msgs
[10.741s] Invoking command in '/home/wheeltec/wheeltec_ros2/build/nav_2d_msgs': CMAKE_PREFIX_PATH=${CMAKE_PREFIX_PATH}:/home/wheeltec/autoware/install/autoware_wheeltec_interface:/home/wheeltec/autoware/install/ad_api_visualizers:/opt/ros/humble /usr/bin/cmake --build /home/wheeltec/wheeltec_ros2/build/nav_2d_msgs -- -j6 -l6
[24.479s] [  1%] [34m[1mGenerating C code for ROS interfaces[0m
[24.479s] [  2%] [34m[1mGenerating C++ code for ROS interfaces[0m
[24.479s] [  2%] Built target ament_cmake_python_symlink_nav_2d_msgs
[24.480s] running egg_info
[24.480s] creating nav_2d_msgs.egg-info
[24.480s] writing nav_2d_msgs.egg-info/PKG-INFO
[24.480s] writing dependency_links to nav_2d_msgs.egg-info/dependency_links.txt
[24.480s] writing top-level names to nav_2d_msgs.egg-info/top_level.txt
[24.480s] writing manifest file 'nav_2d_msgs.egg-info/SOURCES.txt'
[24.480s] reading manifest file 'nav_2d_msgs.egg-info/SOURCES.txt'
[24.480s] writing manifest file 'nav_2d_msgs.egg-info/SOURCES.txt'
[24.480s] [  2%] Built target ament_cmake_python_build_nav_2d_msgs_egg
[24.480s] [  4%] [32mBuilding C object CMakeFiles/nav_2d_msgs__rosidl_generator_c.dir/rosidl_generator_c/nav_2d_msgs/msg/detail/twist2_d__functions.c.o[0m
[24.481s] [  5%] [32mBuilding C object CMakeFiles/nav_2d_msgs__rosidl_generator_c.dir/rosidl_generator_c/nav_2d_msgs/msg/detail/pose2_d32__functions.c.o[0m
[24.481s] [  7%] [32mBuilding C object CMakeFiles/nav_2d_msgs__rosidl_generator_c.dir/rosidl_generator_c/nav_2d_msgs/msg/detail/path2_d__functions.c.o[0m
[24.481s] [  8%] [32mBuilding C object CMakeFiles/nav_2d_msgs__rosidl_generator_c.dir/rosidl_generator_c/nav_2d_msgs/msg/detail/twist2_d32__functions.c.o[0m
[24.481s] [  9%] [32mBuilding C object CMakeFiles/nav_2d_msgs__rosidl_generator_c.dir/rosidl_generator_c/nav_2d_msgs/msg/detail/pose2_d_stamped__functions.c.o[0m
[24.481s] [  9%] Built target nav_2d_msgs__cpp
[24.481s] [ 11%] [34m[1mGenerating C++ type support for eProsima Fast-RTPS[0m
[24.481s] [ 12%] [32mBuilding C object CMakeFiles/nav_2d_msgs__rosidl_generator_c.dir/rosidl_generator_c/nav_2d_msgs/msg/detail/twist2_d_stamped__functions.c.o[0m
[24.481s] [ 14%] [34m[1mGenerating C++ type support dispatch for ROS interfaces[0m
[24.481s] [ 15%] [34m[1mGenerating C++ introspection for ROS interfaces[0m
[24.481s] [ 16%] [32m[1mLinking C shared library libnav_2d_msgs__rosidl_generator_c.so[0m
[24.482s] [ 16%] Built target nav_2d_msgs__rosidl_generator_c
[24.482s] [ 18%] [34m[1mGenerating C type support dispatch for ROS interfaces[0m
[24.482s] [ 19%] [34m[1mGenerating C introspection for ROS interfaces[0m
[24.482s] [ 21%] [34m[1mGenerating C type support for eProsima Fast-RTPS[0m
[24.482s] [ 22%] [32mBuilding CXX object CMakeFiles/nav_2d_msgs__rosidl_typesupport_cpp.dir/rosidl_typesupport_cpp/nav_2d_msgs/msg/path2_d__type_support.cpp.o[0m
[24.482s] [ 23%] [32mBuilding CXX object CMakeFiles/nav_2d_msgs__rosidl_typesupport_c.dir/rosidl_typesupport_c/nav_2d_msgs/msg/path2_d__type_support.cpp.o[0m
[24.482s] [ 25%] [32mBuilding CXX object CMakeFiles/nav_2d_msgs__rosidl_typesupport_fastrtps_cpp.dir/rosidl_typesupport_fastrtps_cpp/nav_2d_msgs/msg/detail/dds_fastrtps/path2_d__type_support.cpp.o[0m
[24.482s] [ 26%] [32mBuilding CXX object CMakeFiles/nav_2d_msgs__rosidl_typesupport_introspection_cpp.dir/rosidl_typesupport_introspection_cpp/nav_2d_msgs/msg/detail/path2_d__type_support.cpp.o[0m
[24.482s] [ 28%] [32mBuilding CXX object CMakeFiles/nav_2d_msgs__rosidl_typesupport_cpp.dir/rosidl_typesupport_cpp/nav_2d_msgs/msg/pose2_d32__type_support.cpp.o[0m
[24.482s] [ 29%] [32mBuilding CXX object CMakeFiles/nav_2d_msgs__rosidl_typesupport_c.dir/rosidl_typesupport_c/nav_2d_msgs/msg/pose2_d32__type_support.cpp.o[0m
[24.482s] [ 30%] [32mBuilding CXX object CMakeFiles/nav_2d_msgs__rosidl_typesupport_c.dir/rosidl_typesupport_c/nav_2d_msgs/msg/pose2_d_stamped__type_support.cpp.o[0m
[24.483s] [ 32%] [32mBuilding CXX object CMakeFiles/nav_2d_msgs__rosidl_typesupport_c.dir/rosidl_typesupport_c/nav_2d_msgs/msg/twist2_d__type_support.cpp.o[0m
[24.483s] [ 33%] [32mBuilding C object CMakeFiles/nav_2d_msgs__rosidl_typesupport_introspection_c.dir/rosidl_typesupport_introspection_c/nav_2d_msgs/msg/detail/path2_d__type_support.c.o[0m
[24.483s] [ 35%] [32mBuilding CXX object CMakeFiles/nav_2d_msgs__rosidl_typesupport_c.dir/rosidl_typesupport_c/nav_2d_msgs/msg/twist2_d32__type_support.cpp.o[0m
[24.483s] [ 36%] [32mBuilding C object CMakeFiles/nav_2d_msgs__rosidl_typesupport_introspection_c.dir/rosidl_typesupport_introspection_c/nav_2d_msgs/msg/detail/pose2_d32__type_support.c.o[0m
[24.492s] [ 38%] [32mBuilding CXX object CMakeFiles/nav_2d_msgs__rosidl_typesupport_fastrtps_c.dir/rosidl_typesupport_fastrtps_c/nav_2d_msgs/msg/detail/path2_d__type_support_c.cpp.o[0m
[24.493s] [ 39%] [32mBuilding CXX object CMakeFiles/nav_2d_msgs__rosidl_typesupport_c.dir/rosidl_typesupport_c/nav_2d_msgs/msg/twist2_d_stamped__type_support.cpp.o[0m
[24.493s] [ 40%] [32mBuilding CXX object CMakeFiles/nav_2d_msgs__rosidl_typesupport_cpp.dir/rosidl_typesupport_cpp/nav_2d_msgs/msg/pose2_d_stamped__type_support.cpp.o[0m
[24.493s] [ 42%] [32mBuilding C object CMakeFiles/nav_2d_msgs__rosidl_typesupport_introspection_c.dir/rosidl_typesupport_introspection_c/nav_2d_msgs/msg/detail/pose2_d_stamped__type_support.c.o[0m
[24.709s] [ 43%] [32mBuilding CXX object CMakeFiles/nav_2d_msgs__rosidl_typesupport_fastrtps_cpp.dir/rosidl_typesupport_fastrtps_cpp/nav_2d_msgs/msg/detail/dds_fastrtps/pose2_d32__type_support.cpp.o[0m
[24.729s] [ 45%] [32mBuilding CXX object CMakeFiles/nav_2d_msgs__rosidl_typesupport_introspection_cpp.dir/rosidl_typesupport_introspection_cpp/nav_2d_msgs/msg/detail/pose2_d32__type_support.cpp.o[0m
[24.754s] [ 46%] [32m[1mLinking CXX shared library libnav_2d_msgs__rosidl_typesupport_c.so[0m
[24.964s] [ 47%] [32mBuilding C object CMakeFiles/nav_2d_msgs__rosidl_typesupport_introspection_c.dir/rosidl_typesupport_introspection_c/nav_2d_msgs/msg/detail/twist2_d__type_support.c.o[0m
[25.330s] [ 47%] Built target nav_2d_msgs__rosidl_typesupport_c
[25.476s] [ 49%] [32mBuilding C object CMakeFiles/nav_2d_msgs__rosidl_typesupport_introspection_c.dir/rosidl_typesupport_introspection_c/nav_2d_msgs/msg/detail/twist2_d32__type_support.c.o[0m
[25.531s] [ 50%] [32mBuilding C object CMakeFiles/nav_2d_msgs__rosidl_typesupport_introspection_c.dir/rosidl_typesupport_introspection_c/nav_2d_msgs/msg/detail/twist2_d_stamped__type_support.c.o[0m
[26.020s] [ 52%] [32mBuilding CXX object CMakeFiles/nav_2d_msgs__rosidl_typesupport_introspection_cpp.dir/rosidl_typesupport_introspection_cpp/nav_2d_msgs/msg/detail/pose2_d_stamped__type_support.cpp.o[0m
[26.122s] [ 53%] [32m[1mLinking C shared library libnav_2d_msgs__rosidl_typesupport_introspection_c.so[0m
[26.179s] [ 54%] [32mBuilding CXX object CMakeFiles/nav_2d_msgs__rosidl_typesupport_fastrtps_c.dir/rosidl_typesupport_fastrtps_c/nav_2d_msgs/msg/detail/pose2_d32__type_support_c.cpp.o[0m
[26.331s] [ 56%] [32mBuilding CXX object CMakeFiles/nav_2d_msgs__rosidl_typesupport_cpp.dir/rosidl_typesupport_cpp/nav_2d_msgs/msg/twist2_d__type_support.cpp.o[0m
[26.833s] [ 56%] Built target nav_2d_msgs__rosidl_typesupport_introspection_c
[27.077s] [ 57%] [32mBuilding CXX object CMakeFiles/nav_2d_msgs__rosidl_typesupport_introspection_cpp.dir/rosidl_typesupport_introspection_cpp/nav_2d_msgs/msg/detail/twist2_d__type_support.cpp.o[0m
[27.111s] [ 59%] [32mBuilding CXX object CMakeFiles/nav_2d_msgs__rosidl_typesupport_introspection_cpp.dir/rosidl_typesupport_introspection_cpp/nav_2d_msgs/msg/detail/twist2_d32__type_support.cpp.o[0m
[27.849s] [ 60%] [32mBuilding CXX object CMakeFiles/nav_2d_msgs__rosidl_typesupport_fastrtps_cpp.dir/rosidl_typesupport_fastrtps_cpp/nav_2d_msgs/msg/detail/dds_fastrtps/pose2_d_stamped__type_support.cpp.o[0m
[28.281s] [ 61%] [32mBuilding CXX object CMakeFiles/nav_2d_msgs__rosidl_typesupport_cpp.dir/rosidl_typesupport_cpp/nav_2d_msgs/msg/twist2_d32__type_support.cpp.o[0m
[28.716s] [ 63%] [32mBuilding CXX object CMakeFiles/nav_2d_msgs__rosidl_typesupport_fastrtps_c.dir/rosidl_typesupport_fastrtps_c/nav_2d_msgs/msg/detail/pose2_d_stamped__type_support_c.cpp.o[0m
[29.722s] [ 64%] [32mBuilding CXX object CMakeFiles/nav_2d_msgs__rosidl_typesupport_introspection_cpp.dir/rosidl_typesupport_introspection_cpp/nav_2d_msgs/msg/detail/twist2_d_stamped__type_support.cpp.o[0m
[29.895s] [ 66%] [32mBuilding CXX object CMakeFiles/nav_2d_msgs__rosidl_typesupport_cpp.dir/rosidl_typesupport_cpp/nav_2d_msgs/msg/twist2_d_stamped__type_support.cpp.o[0m
[30.392s] [ 67%] [32mBuilding CXX object CMakeFiles/nav_2d_msgs__rosidl_typesupport_fastrtps_cpp.dir/rosidl_typesupport_fastrtps_cpp/nav_2d_msgs/msg/detail/dds_fastrtps/twist2_d__type_support.cpp.o[0m
[30.723s] [ 69%] [32mBuilding CXX object CMakeFiles/nav_2d_msgs__rosidl_typesupport_fastrtps_c.dir/rosidl_typesupport_fastrtps_c/nav_2d_msgs/msg/detail/twist2_d32__type_support_c.cpp.o[0m
[31.230s] [ 70%] [32m[1mLinking CXX shared library libnav_2d_msgs__rosidl_typesupport_cpp.so[0m
[31.747s] [ 70%] Built target nav_2d_msgs__rosidl_typesupport_cpp
[31.890s] [ 71%] [32m[1mLinking CXX shared library libnav_2d_msgs__rosidl_typesupport_introspection_cpp.so[0m
[32.351s] [ 73%] [32mBuilding CXX object CMakeFiles/nav_2d_msgs__rosidl_typesupport_fastrtps_cpp.dir/rosidl_typesupport_fastrtps_cpp/nav_2d_msgs/msg/detail/dds_fastrtps/twist2_d32__type_support.cpp.o[0m
[32.458s] [ 74%] [32mBuilding CXX object CMakeFiles/nav_2d_msgs__rosidl_typesupport_fastrtps_c.dir/rosidl_typesupport_fastrtps_c/nav_2d_msgs/msg/detail/twist2_d_stamped__type_support_c.cpp.o[0m
[32.595s] [ 74%] Built target nav_2d_msgs__rosidl_typesupport_introspection_cpp
[33.666s] [ 76%] [32mBuilding CXX object CMakeFiles/nav_2d_msgs__rosidl_typesupport_fastrtps_c.dir/rosidl_typesupport_fastrtps_c/nav_2d_msgs/msg/detail/twist2_d__type_support_c.cpp.o[0m
[33.949s] [ 77%] [32mBuilding CXX object CMakeFiles/nav_2d_msgs__rosidl_typesupport_fastrtps_cpp.dir/rosidl_typesupport_fastrtps_cpp/nav_2d_msgs/msg/detail/dds_fastrtps/twist2_d_stamped__type_support.cpp.o[0m
[34.619s] [ 78%] [32m[1mLinking CXX shared library libnav_2d_msgs__rosidl_typesupport_fastrtps_c.so[0m
[35.122s] [ 78%] Built target nav_2d_msgs__rosidl_typesupport_fastrtps_c
[35.295s] [ 80%] [32m[1mLinking CXX shared library libnav_2d_msgs__rosidl_typesupport_fastrtps_cpp.so[0m
[35.783s] [ 80%] Built target nav_2d_msgs__rosidl_typesupport_fastrtps_cpp
[36.070s] [ 80%] Built target nav_2d_msgs
[36.372s] [ 81%] [34m[1mGenerating Python code for ROS interfaces[0m
[39.362s] [ 81%] Built target nav_2d_msgs__py
[39.604s] [ 83%] [32mBuilding C object CMakeFiles/nav_2d_msgs__rosidl_generator_py.dir/rosidl_generator_py/nav_2d_msgs/msg/_path2_d_s.c.o[0m
[39.897s] [ 84%] [32mBuilding C object CMakeFiles/nav_2d_msgs__rosidl_generator_py.dir/rosidl_generator_py/nav_2d_msgs/msg/_twist2_d_stamped_s.c.o[0m
[40.193s] [ 85%] [32mBuilding C object CMakeFiles/nav_2d_msgs__rosidl_generator_py.dir/rosidl_generator_py/nav_2d_msgs/msg/_twist2_d32_s.c.o[0m
[40.482s] [ 87%] [32mBuilding C object CMakeFiles/nav_2d_msgs__rosidl_generator_py.dir/rosidl_generator_py/nav_2d_msgs/msg/_twist2_d_s.c.o[0m
[40.753s] [ 88%] [32mBuilding C object CMakeFiles/nav_2d_msgs__rosidl_generator_py.dir/rosidl_generator_py/nav_2d_msgs/msg/_pose2_d_stamped_s.c.o[0m
[41.036s] [ 90%] [32mBuilding C object CMakeFiles/nav_2d_msgs__rosidl_generator_py.dir/rosidl_generator_py/nav_2d_msgs/msg/_pose2_d32_s.c.o[0m
[41.312s] [ 91%] [32m[1mLinking C shared library rosidl_generator_py/nav_2d_msgs/libnav_2d_msgs__rosidl_generator_py.so[0m
[41.576s] [ 91%] Built target nav_2d_msgs__rosidl_generator_py
[41.751s] [ 92%] [32mBuilding C object CMakeFiles/nav_2d_msgs__rosidl_typesupport_fastrtps_c__pyext.dir/rosidl_generator_py/nav_2d_msgs/_nav_2d_msgs_s.ep.rosidl_typesupport_fastrtps_c.c.o[0m
[42.041s] [ 94%] [32m[1mLinking C shared library rosidl_generator_py/nav_2d_msgs/nav_2d_msgs_s__rosidl_typesupport_fastrtps_c.cpython-310-aarch64-linux-gnu.so[0m
[42.243s] [ 94%] Built target nav_2d_msgs__rosidl_typesupport_fastrtps_c__pyext
[42.426s] [ 95%] [32mBuilding C object CMakeFiles/nav_2d_msgs__rosidl_typesupport_c__pyext.dir/rosidl_generator_py/nav_2d_msgs/_nav_2d_msgs_s.ep.rosidl_typesupport_c.c.o[0m
[42.729s] [ 97%] [32m[1mLinking C shared library rosidl_generator_py/nav_2d_msgs/nav_2d_msgs_s__rosidl_typesupport_c.cpython-310-aarch64-linux-gnu.so[0m
[42.958s] [ 97%] Built target nav_2d_msgs__rosidl_typesupport_c__pyext
[43.149s] [ 98%] [32mBuilding C object CMakeFiles/nav_2d_msgs__rosidl_typesupport_introspection_c__pyext.dir/rosidl_generator_py/nav_2d_msgs/_nav_2d_msgs_s.ep.rosidl_typesupport_introspection_c.c.o[0m
[43.449s] [100%] [32m[1mLinking C shared library rosidl_generator_py/nav_2d_msgs/nav_2d_msgs_s__rosidl_typesupport_introspection_c.cpython-310-aarch64-linux-gnu.so[0m
[43.662s] [100%] Built target nav_2d_msgs__rosidl_typesupport_introspection_c__pyext
[43.754s] Invoked command in '/home/wheeltec/wheeltec_ros2/build/nav_2d_msgs' returned '0': CMAKE_PREFIX_PATH=${CMAKE_PREFIX_PATH}:/home/wheeltec/autoware/install/autoware_wheeltec_interface:/home/wheeltec/autoware/install/ad_api_visualizers:/opt/ros/humble /usr/bin/cmake --build /home/wheeltec/wheeltec_ros2/build/nav_2d_msgs -- -j6 -l6
[43.756s] Invoking command in '/home/wheeltec/wheeltec_ros2/build/nav_2d_msgs': CMAKE_PREFIX_PATH=${CMAKE_PREFIX_PATH}:/home/wheeltec/autoware/install/autoware_wheeltec_interface:/home/wheeltec/autoware/install/ad_api_visualizers:/opt/ros/humble /usr/bin/cmake --install /home/wheeltec/wheeltec_ros2/build/nav_2d_msgs
[43.849s] -- Install configuration: ""
[43.849s] -- Execute custom install script
[43.850s] -- Symlinking: /home/wheeltec/wheeltec_ros2/install/nav_2d_msgs/share/ament_index/resource_index/rosidl_interfaces/nav_2d_msgs
[43.938s] -- Symlinking: /home/wheeltec/wheeltec_ros2/install/nav_2d_msgs/include/nav_2d_msgs/nav_2d_msgs/msg/detail/path2_d__functions.h
[44.002s] -- Symlinking: /home/wheeltec/wheeltec_ros2/install/nav_2d_msgs/include/nav_2d_msgs/nav_2d_msgs/msg/detail/path2_d__struct.h
[44.062s] -- Symlinking: /home/wheeltec/wheeltec_ros2/install/nav_2d_msgs/include/nav_2d_msgs/nav_2d_msgs/msg/detail/path2_d__type_support.h
[44.129s] -- Symlinking: /home/wheeltec/wheeltec_ros2/install/nav_2d_msgs/include/nav_2d_msgs/nav_2d_msgs/msg/detail/pose2_d32__functions.h
[44.195s] -- Symlinking: /home/wheeltec/wheeltec_ros2/install/nav_2d_msgs/include/nav_2d_msgs/nav_2d_msgs/msg/detail/pose2_d32__struct.h
[44.261s] -- Symlinking: /home/wheeltec/wheeltec_ros2/install/nav_2d_msgs/include/nav_2d_msgs/nav_2d_msgs/msg/detail/pose2_d32__type_support.h
[44.334s] -- Symlinking: /home/wheeltec/wheeltec_ros2/install/nav_2d_msgs/include/nav_2d_msgs/nav_2d_msgs/msg/detail/pose2_d_stamped__functions.h
[44.412s] -- Symlinking: /home/wheeltec/wheeltec_ros2/install/nav_2d_msgs/include/nav_2d_msgs/nav_2d_msgs/msg/detail/pose2_d_stamped__struct.h
[44.493s] -- Symlinking: /home/wheeltec/wheeltec_ros2/install/nav_2d_msgs/include/nav_2d_msgs/nav_2d_msgs/msg/detail/pose2_d_stamped__type_support.h
[44.566s] -- Symlinking: /home/wheeltec/wheeltec_ros2/install/nav_2d_msgs/include/nav_2d_msgs/nav_2d_msgs/msg/detail/twist2_d32__functions.h
[44.644s] -- Symlinking: /home/wheeltec/wheeltec_ros2/install/nav_2d_msgs/include/nav_2d_msgs/nav_2d_msgs/msg/detail/twist2_d32__struct.h
[44.713s] -- Symlinking: /home/wheeltec/wheeltec_ros2/install/nav_2d_msgs/include/nav_2d_msgs/nav_2d_msgs/msg/detail/twist2_d32__type_support.h
[44.790s] -- Symlinking: /home/wheeltec/wheeltec_ros2/install/nav_2d_msgs/include/nav_2d_msgs/nav_2d_msgs/msg/detail/twist2_d__functions.h
[44.871s] -- Symlinking: /home/wheeltec/wheeltec_ros2/install/nav_2d_msgs/include/nav_2d_msgs/nav_2d_msgs/msg/detail/twist2_d__struct.h
[44.953s] -- Symlinking: /home/wheeltec/wheeltec_ros2/install/nav_2d_msgs/include/nav_2d_msgs/nav_2d_msgs/msg/detail/twist2_d__type_support.h
[45.029s] -- Symlinking: /home/wheeltec/wheeltec_ros2/install/nav_2d_msgs/include/nav_2d_msgs/nav_2d_msgs/msg/detail/twist2_d_stamped__functions.h
[45.096s] -- Symlinking: /home/wheeltec/wheeltec_ros2/install/nav_2d_msgs/include/nav_2d_msgs/nav_2d_msgs/msg/detail/twist2_d_stamped__struct.h
[45.166s] -- Symlinking: /home/wheeltec/wheeltec_ros2/install/nav_2d_msgs/include/nav_2d_msgs/nav_2d_msgs/msg/detail/twist2_d_stamped__type_support.h
[45.235s] -- Symlinking: /home/wheeltec/wheeltec_ros2/install/nav_2d_msgs/include/nav_2d_msgs/nav_2d_msgs/msg/path2_d.h
[45.298s] -- Symlinking: /home/wheeltec/wheeltec_ros2/install/nav_2d_msgs/include/nav_2d_msgs/nav_2d_msgs/msg/pose2_d32.h
[45.373s] -- Symlinking: /home/wheeltec/wheeltec_ros2/install/nav_2d_msgs/include/nav_2d_msgs/nav_2d_msgs/msg/pose2_d_stamped.h
[45.437s] -- Symlinking: /home/wheeltec/wheeltec_ros2/install/nav_2d_msgs/include/nav_2d_msgs/nav_2d_msgs/msg/rosidl_generator_c__visibility_control.h
[45.506s] -- Symlinking: /home/wheeltec/wheeltec_ros2/install/nav_2d_msgs/include/nav_2d_msgs/nav_2d_msgs/msg/twist2_d.h
[45.571s] -- Symlinking: /home/wheeltec/wheeltec_ros2/install/nav_2d_msgs/include/nav_2d_msgs/nav_2d_msgs/msg/twist2_d32.h
[45.638s] -- Symlinking: /home/wheeltec/wheeltec_ros2/install/nav_2d_msgs/include/nav_2d_msgs/nav_2d_msgs/msg/twist2_d_stamped.h
[45.707s] -- Symlinking: /home/wheeltec/wheeltec_ros2/install/nav_2d_msgs/share/nav_2d_msgs/environment/library_path.sh
[45.788s] -- Symlinking: /home/wheeltec/wheeltec_ros2/install/nav_2d_msgs/share/nav_2d_msgs/environment/library_path.dsv
[45.883s] -- Symlinking: /home/wheeltec/wheeltec_ros2/install/nav_2d_msgs/include/nav_2d_msgs/nav_2d_msgs/msg/detail/path2_d__rosidl_typesupport_fastrtps_c.h
[45.952s] -- Symlinking: /home/wheeltec/wheeltec_ros2/install/nav_2d_msgs/include/nav_2d_msgs/nav_2d_msgs/msg/detail/pose2_d32__rosidl_typesupport_fastrtps_c.h
[46.023s] -- Symlinking: /home/wheeltec/wheeltec_ros2/install/nav_2d_msgs/include/nav_2d_msgs/nav_2d_msgs/msg/detail/pose2_d_stamped__rosidl_typesupport_fastrtps_c.h
[46.101s] -- Symlinking: /home/wheeltec/wheeltec_ros2/install/nav_2d_msgs/include/nav_2d_msgs/nav_2d_msgs/msg/detail/twist2_d32__rosidl_typesupport_fastrtps_c.h
[46.174s] -- Symlinking: /home/wheeltec/wheeltec_ros2/install/nav_2d_msgs/include/nav_2d_msgs/nav_2d_msgs/msg/detail/twist2_d__rosidl_typesupport_fastrtps_c.h
[46.242s] -- Symlinking: /home/wheeltec/wheeltec_ros2/install/nav_2d_msgs/include/nav_2d_msgs/nav_2d_msgs/msg/detail/twist2_d_stamped__rosidl_typesupport_fastrtps_c.h
[46.318s] -- Symlinking: /home/wheeltec/wheeltec_ros2/install/nav_2d_msgs/include/nav_2d_msgs/nav_2d_msgs/msg/rosidl_typesupport_fastrtps_c__visibility_control.h
[46.411s] -- Symlinking: /home/wheeltec/wheeltec_ros2/install/nav_2d_msgs/include/nav_2d_msgs/nav_2d_msgs/msg/detail/path2_d__builder.hpp
[46.541s] -- Symlinking: /home/wheeltec/wheeltec_ros2/install/nav_2d_msgs/include/nav_2d_msgs/nav_2d_msgs/msg/detail/path2_d__struct.hpp
[46.607s] -- Symlinking: /home/wheeltec/wheeltec_ros2/install/nav_2d_msgs/include/nav_2d_msgs/nav_2d_msgs/msg/detail/path2_d__traits.hpp
[46.682s] -- Symlinking: /home/wheeltec/wheeltec_ros2/install/nav_2d_msgs/include/nav_2d_msgs/nav_2d_msgs/msg/detail/path2_d__type_support.hpp
[46.744s] -- Symlinking: /home/wheeltec/wheeltec_ros2/install/nav_2d_msgs/include/nav_2d_msgs/nav_2d_msgs/msg/detail/pose2_d32__builder.hpp
[46.821s] -- Symlinking: /home/wheeltec/wheeltec_ros2/install/nav_2d_msgs/include/nav_2d_msgs/nav_2d_msgs/msg/detail/pose2_d32__struct.hpp
[46.949s] -- Symlinking: /home/wheeltec/wheeltec_ros2/install/nav_2d_msgs/include/nav_2d_msgs/nav_2d_msgs/msg/detail/pose2_d32__traits.hpp
[47.020s] -- Symlinking: /home/wheeltec/wheeltec_ros2/install/nav_2d_msgs/include/nav_2d_msgs/nav_2d_msgs/msg/detail/pose2_d32__type_support.hpp
[47.083s] -- Symlinking: /home/wheeltec/wheeltec_ros2/install/nav_2d_msgs/include/nav_2d_msgs/nav_2d_msgs/msg/detail/pose2_d_stamped__builder.hpp
[47.159s] -- Symlinking: /home/wheeltec/wheeltec_ros2/install/nav_2d_msgs/include/nav_2d_msgs/nav_2d_msgs/msg/detail/pose2_d_stamped__struct.hpp
[47.229s] -- Symlinking: /home/wheeltec/wheeltec_ros2/install/nav_2d_msgs/include/nav_2d_msgs/nav_2d_msgs/msg/detail/pose2_d_stamped__traits.hpp
[47.294s] -- Symlinking: /home/wheeltec/wheeltec_ros2/install/nav_2d_msgs/include/nav_2d_msgs/nav_2d_msgs/msg/detail/pose2_d_stamped__type_support.hpp
[47.357s] -- Symlinking: /home/wheeltec/wheeltec_ros2/install/nav_2d_msgs/include/nav_2d_msgs/nav_2d_msgs/msg/detail/twist2_d32__builder.hpp
[47.422s] -- Symlinking: /home/wheeltec/wheeltec_ros2/install/nav_2d_msgs/include/nav_2d_msgs/nav_2d_msgs/msg/detail/twist2_d32__struct.hpp
[47.483s] -- Symlinking: /home/wheeltec/wheeltec_ros2/install/nav_2d_msgs/include/nav_2d_msgs/nav_2d_msgs/msg/detail/twist2_d32__traits.hpp
[47.548s] -- Symlinking: /home/wheeltec/wheeltec_ros2/install/nav_2d_msgs/include/nav_2d_msgs/nav_2d_msgs/msg/detail/twist2_d32__type_support.hpp
[47.614s] -- Symlinking: /home/wheeltec/wheeltec_ros2/install/nav_2d_msgs/include/nav_2d_msgs/nav_2d_msgs/msg/detail/twist2_d__builder.hpp
[47.676s] -- Symlinking: /home/wheeltec/wheeltec_ros2/install/nav_2d_msgs/include/nav_2d_msgs/nav_2d_msgs/msg/detail/twist2_d__struct.hpp
[47.751s] -- Symlinking: /home/wheeltec/wheeltec_ros2/install/nav_2d_msgs/include/nav_2d_msgs/nav_2d_msgs/msg/detail/twist2_d__traits.hpp
[47.815s] -- Symlinking: /home/wheeltec/wheeltec_ros2/install/nav_2d_msgs/include/nav_2d_msgs/nav_2d_msgs/msg/detail/twist2_d__type_support.hpp
[47.887s] -- Symlinking: /home/wheeltec/wheeltec_ros2/install/nav_2d_msgs/include/nav_2d_msgs/nav_2d_msgs/msg/detail/twist2_d_stamped__builder.hpp
[47.966s] -- Symlinking: /home/wheeltec/wheeltec_ros2/install/nav_2d_msgs/include/nav_2d_msgs/nav_2d_msgs/msg/detail/twist2_d_stamped__struct.hpp
[48.028s] -- Symlinking: /home/wheeltec/wheeltec_ros2/install/nav_2d_msgs/include/nav_2d_msgs/nav_2d_msgs/msg/detail/twist2_d_stamped__traits.hpp
[48.100s] -- Symlinking: /home/wheeltec/wheeltec_ros2/install/nav_2d_msgs/include/nav_2d_msgs/nav_2d_msgs/msg/detail/twist2_d_stamped__type_support.hpp
[48.178s] -- Symlinking: /home/wheeltec/wheeltec_ros2/install/nav_2d_msgs/include/nav_2d_msgs/nav_2d_msgs/msg/path2_d.hpp
[48.243s] -- Symlinking: /home/wheeltec/wheeltec_ros2/install/nav_2d_msgs/include/nav_2d_msgs/nav_2d_msgs/msg/pose2_d32.hpp
[48.305s] -- Symlinking: /home/wheeltec/wheeltec_ros2/install/nav_2d_msgs/include/nav_2d_msgs/nav_2d_msgs/msg/pose2_d_stamped.hpp
[48.371s] -- Symlinking: /home/wheeltec/wheeltec_ros2/install/nav_2d_msgs/include/nav_2d_msgs/nav_2d_msgs/msg/rosidl_generator_cpp__visibility_control.hpp
[48.444s] -- Symlinking: /home/wheeltec/wheeltec_ros2/install/nav_2d_msgs/include/nav_2d_msgs/nav_2d_msgs/msg/twist2_d.hpp
[48.516s] -- Symlinking: /home/wheeltec/wheeltec_ros2/install/nav_2d_msgs/include/nav_2d_msgs/nav_2d_msgs/msg/twist2_d32.hpp
[48.589s] -- Symlinking: /home/wheeltec/wheeltec_ros2/install/nav_2d_msgs/include/nav_2d_msgs/nav_2d_msgs/msg/twist2_d_stamped.hpp
[48.650s] -- Symlinking: /home/wheeltec/wheeltec_ros2/install/nav_2d_msgs/include/nav_2d_msgs/nav_2d_msgs/msg/detail/path2_d__rosidl_typesupport_fastrtps_cpp.hpp
[48.712s] -- Symlinking: /home/wheeltec/wheeltec_ros2/install/nav_2d_msgs/include/nav_2d_msgs/nav_2d_msgs/msg/detail/pose2_d32__rosidl_typesupport_fastrtps_cpp.hpp
[48.776s] -- Symlinking: /home/wheeltec/wheeltec_ros2/install/nav_2d_msgs/include/nav_2d_msgs/nav_2d_msgs/msg/detail/pose2_d_stamped__rosidl_typesupport_fastrtps_cpp.hpp
[48.843s] -- Symlinking: /home/wheeltec/wheeltec_ros2/install/nav_2d_msgs/include/nav_2d_msgs/nav_2d_msgs/msg/detail/twist2_d32__rosidl_typesupport_fastrtps_cpp.hpp
[48.956s] -- Symlinking: /home/wheeltec/wheeltec_ros2/install/nav_2d_msgs/include/nav_2d_msgs/nav_2d_msgs/msg/detail/twist2_d__rosidl_typesupport_fastrtps_cpp.hpp
[49.029s] -- Symlinking: /home/wheeltec/wheeltec_ros2/install/nav_2d_msgs/include/nav_2d_msgs/nav_2d_msgs/msg/detail/twist2_d_stamped__rosidl_typesupport_fastrtps_cpp.hpp
[49.122s] -- Symlinking: /home/wheeltec/wheeltec_ros2/install/nav_2d_msgs/include/nav_2d_msgs/nav_2d_msgs/msg/rosidl_typesupport_fastrtps_cpp__visibility_control.h
[49.205s] -- Symlinking: /home/wheeltec/wheeltec_ros2/install/nav_2d_msgs/include/nav_2d_msgs/nav_2d_msgs/msg/detail/path2_d__rosidl_typesupport_introspection_c.h
[49.284s] -- Symlinking: /home/wheeltec/wheeltec_ros2/install/nav_2d_msgs/include/nav_2d_msgs/nav_2d_msgs/msg/detail/pose2_d32__rosidl_typesupport_introspection_c.h
[49.348s] -- Symlinking: /home/wheeltec/wheeltec_ros2/install/nav_2d_msgs/include/nav_2d_msgs/nav_2d_msgs/msg/detail/pose2_d_stamped__rosidl_typesupport_introspection_c.h
[49.409s] -- Symlinking: /home/wheeltec/wheeltec_ros2/install/nav_2d_msgs/include/nav_2d_msgs/nav_2d_msgs/msg/detail/twist2_d32__rosidl_typesupport_introspection_c.h
[49.474s] -- Symlinking: /home/wheeltec/wheeltec_ros2/install/nav_2d_msgs/include/nav_2d_msgs/nav_2d_msgs/msg/detail/twist2_d__rosidl_typesupport_introspection_c.h
[49.564s] -- Symlinking: /home/wheeltec/wheeltec_ros2/install/nav_2d_msgs/include/nav_2d_msgs/nav_2d_msgs/msg/detail/twist2_d_stamped__rosidl_typesupport_introspection_c.h
[49.634s] -- Symlinking: /home/wheeltec/wheeltec_ros2/install/nav_2d_msgs/include/nav_2d_msgs/nav_2d_msgs/msg/rosidl_typesupport_introspection_c__visibility_control.h
[49.700s] -- Symlinking: /home/wheeltec/wheeltec_ros2/install/nav_2d_msgs/include/nav_2d_msgs/nav_2d_msgs/msg/detail/path2_d__rosidl_typesupport_introspection_cpp.hpp
[49.781s] -- Symlinking: /home/wheeltec/wheeltec_ros2/install/nav_2d_msgs/include/nav_2d_msgs/nav_2d_msgs/msg/detail/pose2_d32__rosidl_typesupport_introspection_cpp.hpp
[49.856s] -- Symlinking: /home/wheeltec/wheeltec_ros2/install/nav_2d_msgs/include/nav_2d_msgs/nav_2d_msgs/msg/detail/pose2_d_stamped__rosidl_typesupport_introspection_cpp.hpp
[49.930s] -- Symlinking: /home/wheeltec/wheeltec_ros2/install/nav_2d_msgs/include/nav_2d_msgs/nav_2d_msgs/msg/detail/twist2_d32__rosidl_typesupport_introspection_cpp.hpp
[50.001s] -- Symlinking: /home/wheeltec/wheeltec_ros2/install/nav_2d_msgs/include/nav_2d_msgs/nav_2d_msgs/msg/detail/twist2_d__rosidl_typesupport_introspection_cpp.hpp
[50.075s] -- Symlinking: /home/wheeltec/wheeltec_ros2/install/nav_2d_msgs/include/nav_2d_msgs/nav_2d_msgs/msg/detail/twist2_d_stamped__rosidl_typesupport_introspection_cpp.hpp
[50.143s] -- Symlinking: /home/wheeltec/wheeltec_ros2/install/nav_2d_msgs/share/nav_2d_msgs/environment/pythonpath.sh
[50.209s] -- Symlinking: /home/wheeltec/wheeltec_ros2/install/nav_2d_msgs/share/nav_2d_msgs/environment/pythonpath.dsv
[50.271s] -- Symlinking: /home/wheeltec/wheeltec_ros2/install/nav_2d_msgs/local/lib/python3.10/dist-packages/nav_2d_msgs-1.1.6-py3.10.egg-info/PKG-INFO
[50.335s] -- Symlinking: /home/wheeltec/wheeltec_ros2/install/nav_2d_msgs/local/lib/python3.10/dist-packages/nav_2d_msgs-1.1.6-py3.10.egg-info/SOURCES.txt
[50.411s] -- Symlinking: /home/wheeltec/wheeltec_ros2/install/nav_2d_msgs/local/lib/python3.10/dist-packages/nav_2d_msgs-1.1.6-py3.10.egg-info/dependency_links.txt
[50.496s] -- Symlinking: /home/wheeltec/wheeltec_ros2/install/nav_2d_msgs/local/lib/python3.10/dist-packages/nav_2d_msgs-1.1.6-py3.10.egg-info/top_level.txt
[50.576s] -- Symlinking: /home/wheeltec/wheeltec_ros2/install/nav_2d_msgs/local/lib/python3.10/dist-packages/nav_2d_msgs/__init__.py
[50.635s] -- Symlinking: /home/wheeltec/wheeltec_ros2/install/nav_2d_msgs/local/lib/python3.10/dist-packages/nav_2d_msgs/_nav_2d_msgs_s.ep.rosidl_typesupport_c.c
[50.699s] -- Symlinking: /home/wheeltec/wheeltec_ros2/install/nav_2d_msgs/local/lib/python3.10/dist-packages/nav_2d_msgs/_nav_2d_msgs_s.ep.rosidl_typesupport_fastrtps_c.c
[50.767s] -- Symlinking: /home/wheeltec/wheeltec_ros2/install/nav_2d_msgs/local/lib/python3.10/dist-packages/nav_2d_msgs/_nav_2d_msgs_s.ep.rosidl_typesupport_introspection_c.c
[50.829s] -- Symlinking: /home/wheeltec/wheeltec_ros2/install/nav_2d_msgs/local/lib/python3.10/dist-packages/nav_2d_msgs/libnav_2d_msgs__rosidl_generator_py.so
[50.899s] -- Symlinking: /home/wheeltec/wheeltec_ros2/install/nav_2d_msgs/local/lib/python3.10/dist-packages/nav_2d_msgs/msg/__init__.py
[50.973s] -- Symlinking: /home/wheeltec/wheeltec_ros2/install/nav_2d_msgs/local/lib/python3.10/dist-packages/nav_2d_msgs/msg/_path2_d.py
[51.038s] -- Symlinking: /home/wheeltec/wheeltec_ros2/install/nav_2d_msgs/local/lib/python3.10/dist-packages/nav_2d_msgs/msg/_path2_d_s.c
[51.111s] -- Symlinking: /home/wheeltec/wheeltec_ros2/install/nav_2d_msgs/local/lib/python3.10/dist-packages/nav_2d_msgs/msg/_pose2_d32.py
[51.190s] -- Symlinking: /home/wheeltec/wheeltec_ros2/install/nav_2d_msgs/local/lib/python3.10/dist-packages/nav_2d_msgs/msg/_pose2_d32_s.c
[51.255s] -- Symlinking: /home/wheeltec/wheeltec_ros2/install/nav_2d_msgs/local/lib/python3.10/dist-packages/nav_2d_msgs/msg/_pose2_d_stamped.py
[51.327s] -- Symlinking: /home/wheeltec/wheeltec_ros2/install/nav_2d_msgs/local/lib/python3.10/dist-packages/nav_2d_msgs/msg/_pose2_d_stamped_s.c
[51.395s] -- Symlinking: /home/wheeltec/wheeltec_ros2/install/nav_2d_msgs/local/lib/python3.10/dist-packages/nav_2d_msgs/msg/_twist2_d.py
[51.478s] -- Symlinking: /home/wheeltec/wheeltec_ros2/install/nav_2d_msgs/local/lib/python3.10/dist-packages/nav_2d_msgs/msg/_twist2_d32.py
[51.548s] -- Symlinking: /home/wheeltec/wheeltec_ros2/install/nav_2d_msgs/local/lib/python3.10/dist-packages/nav_2d_msgs/msg/_twist2_d32_s.c
[51.642s] -- Symlinking: /home/wheeltec/wheeltec_ros2/install/nav_2d_msgs/local/lib/python3.10/dist-packages/nav_2d_msgs/msg/_twist2_d_s.c
[51.725s] -- Symlinking: /home/wheeltec/wheeltec_ros2/install/nav_2d_msgs/local/lib/python3.10/dist-packages/nav_2d_msgs/msg/_twist2_d_stamped.py
[51.801s] -- Symlinking: /home/wheeltec/wheeltec_ros2/install/nav_2d_msgs/local/lib/python3.10/dist-packages/nav_2d_msgs/msg/_twist2_d_stamped_s.c
[51.873s] -- Symlinking: /home/wheeltec/wheeltec_ros2/install/nav_2d_msgs/local/lib/python3.10/dist-packages/nav_2d_msgs/nav_2d_msgs_s__rosidl_typesupport_c.cpython-310-aarch64-linux-gnu.so
[51.949s] -- Symlinking: /home/wheeltec/wheeltec_ros2/install/nav_2d_msgs/local/lib/python3.10/dist-packages/nav_2d_msgs/nav_2d_msgs_s__rosidl_typesupport_fastrtps_c.cpython-310-aarch64-linux-gnu.so
[52.024s] -- Symlinking: /home/wheeltec/wheeltec_ros2/install/nav_2d_msgs/local/lib/python3.10/dist-packages/nav_2d_msgs/nav_2d_msgs_s__rosidl_typesupport_introspection_c.cpython-310-aarch64-linux-gnu.so
[52.095s] -- Up-to-date symlink: /home/wheeltec/wheeltec_ros2/install/nav_2d_msgs/local/lib/python3.10/dist-packages/nav_2d_msgs/nav_2d_msgs_s__rosidl_typesupport_fastrtps_c.cpython-310-aarch64-linux-gnu.so
[52.095s] -- Up-to-date symlink: /home/wheeltec/wheeltec_ros2/install/nav_2d_msgs/local/lib/python3.10/dist-packages/nav_2d_msgs/nav_2d_msgs_s__rosidl_typesupport_introspection_c.cpython-310-aarch64-linux-gnu.so
[52.095s] -- Up-to-date symlink: /home/wheeltec/wheeltec_ros2/install/nav_2d_msgs/local/lib/python3.10/dist-packages/nav_2d_msgs/nav_2d_msgs_s__rosidl_typesupport_c.cpython-310-aarch64-linux-gnu.so
[52.096s] -- Symlinking: /home/wheeltec/wheeltec_ros2/install/nav_2d_msgs/share/nav_2d_msgs/msg/Path2D.idl
[52.166s] -- Symlinking: /home/wheeltec/wheeltec_ros2/install/nav_2d_msgs/share/nav_2d_msgs/msg/Pose2D32.idl
[52.235s] -- Symlinking: /home/wheeltec/wheeltec_ros2/install/nav_2d_msgs/share/nav_2d_msgs/msg/Pose2DStamped.idl
[52.301s] -- Symlinking: /home/wheeltec/wheeltec_ros2/install/nav_2d_msgs/share/nav_2d_msgs/msg/Twist2D.idl
[52.370s] -- Symlinking: /home/wheeltec/wheeltec_ros2/install/nav_2d_msgs/share/nav_2d_msgs/msg/Twist2D32.idl
[52.440s] -- Symlinking: /home/wheeltec/wheeltec_ros2/install/nav_2d_msgs/share/nav_2d_msgs/msg/Twist2DStamped.idl
[52.518s] -- Symlinking: /home/wheeltec/wheeltec_ros2/install/nav_2d_msgs/share/nav_2d_msgs/msg/Path2D.msg
[52.590s] -- Symlinking: /home/wheeltec/wheeltec_ros2/install/nav_2d_msgs/share/nav_2d_msgs/msg/Pose2D32.msg
[52.664s] -- Symlinking: /home/wheeltec/wheeltec_ros2/install/nav_2d_msgs/share/nav_2d_msgs/msg/Pose2DStamped.msg
[52.736s] -- Symlinking: /home/wheeltec/wheeltec_ros2/install/nav_2d_msgs/share/nav_2d_msgs/msg/Twist2D.msg
[52.802s] -- Symlinking: /home/wheeltec/wheeltec_ros2/install/nav_2d_msgs/share/nav_2d_msgs/msg/Twist2D32.msg
[52.879s] -- Symlinking: /home/wheeltec/wheeltec_ros2/install/nav_2d_msgs/share/nav_2d_msgs/msg/Twist2DStamped.msg
[52.958s] -- Symlinking: /home/wheeltec/wheeltec_ros2/install/nav_2d_msgs/share/ament_index/resource_index/package_run_dependencies/nav_2d_msgs
[53.029s] -- Symlinking: /home/wheeltec/wheeltec_ros2/install/nav_2d_msgs/share/ament_index/resource_index/parent_prefix_path/nav_2d_msgs
[53.104s] -- Symlinking: /home/wheeltec/wheeltec_ros2/install/nav_2d_msgs/share/nav_2d_msgs/environment/ament_prefix_path.sh
[53.183s] -- Symlinking: /home/wheeltec/wheeltec_ros2/install/nav_2d_msgs/share/nav_2d_msgs/environment/ament_prefix_path.dsv
[53.260s] -- Symlinking: /home/wheeltec/wheeltec_ros2/install/nav_2d_msgs/share/nav_2d_msgs/environment/path.sh
[53.325s] -- Symlinking: /home/wheeltec/wheeltec_ros2/install/nav_2d_msgs/share/nav_2d_msgs/environment/path.dsv
[53.406s] -- Symlinking: /home/wheeltec/wheeltec_ros2/install/nav_2d_msgs/share/nav_2d_msgs/local_setup.bash
[53.492s] -- Symlinking: /home/wheeltec/wheeltec_ros2/install/nav_2d_msgs/share/nav_2d_msgs/local_setup.sh
[53.582s] -- Symlinking: /home/wheeltec/wheeltec_ros2/install/nav_2d_msgs/share/nav_2d_msgs/local_setup.zsh
[53.663s] -- Symlinking: /home/wheeltec/wheeltec_ros2/install/nav_2d_msgs/share/nav_2d_msgs/local_setup.dsv
[53.721s] -- Symlinking: /home/wheeltec/wheeltec_ros2/install/nav_2d_msgs/share/nav_2d_msgs/package.dsv
[53.786s] -- Symlinking: /home/wheeltec/wheeltec_ros2/install/nav_2d_msgs/share/ament_index/resource_index/packages/nav_2d_msgs
[53.850s] -- Symlinking: /home/wheeltec/wheeltec_ros2/install/nav_2d_msgs/share/nav_2d_msgs/cmake/rosidl_cmake-extras.cmake
[53.911s] -- Symlinking: /home/wheeltec/wheeltec_ros2/install/nav_2d_msgs/share/nav_2d_msgs/cmake/ament_cmake_export_dependencies-extras.cmake
[53.974s] -- Symlinking: /home/wheeltec/wheeltec_ros2/install/nav_2d_msgs/share/nav_2d_msgs/cmake/ament_cmake_export_include_directories-extras.cmake
[54.057s] -- Symlinking: /home/wheeltec/wheeltec_ros2/install/nav_2d_msgs/share/nav_2d_msgs/cmake/ament_cmake_export_libraries-extras.cmake
[54.135s] -- Symlinking: /home/wheeltec/wheeltec_ros2/install/nav_2d_msgs/share/nav_2d_msgs/cmake/ament_cmake_export_targets-extras.cmake
[54.242s] -- Symlinking: /home/wheeltec/wheeltec_ros2/install/nav_2d_msgs/share/nav_2d_msgs/cmake/rosidl_cmake_export_typesupport_targets-extras.cmake
[54.336s] -- Symlinking: /home/wheeltec/wheeltec_ros2/install/nav_2d_msgs/share/nav_2d_msgs/cmake/rosidl_cmake_export_typesupport_libraries-extras.cmake
[54.396s] -- Symlinking: /home/wheeltec/wheeltec_ros2/install/nav_2d_msgs/share/nav_2d_msgs/cmake/nav_2d_msgsConfig.cmake
[54.472s] -- Symlinking: /home/wheeltec/wheeltec_ros2/install/nav_2d_msgs/share/nav_2d_msgs/cmake/nav_2d_msgsConfig-version.cmake
[54.531s] -- Symlinking: /home/wheeltec/wheeltec_ros2/install/nav_2d_msgs/share/nav_2d_msgs/package.xml
[54.606s] -- Installing: /home/wheeltec/wheeltec_ros2/install/nav_2d_msgs/lib/libnav_2d_msgs__rosidl_generator_c.so
[54.606s] -- Set runtime path of "/home/wheeltec/wheeltec_ros2/install/nav_2d_msgs/lib/libnav_2d_msgs__rosidl_generator_c.so" to ""
[54.606s] -- Installing: /home/wheeltec/wheeltec_ros2/install/nav_2d_msgs/lib/libnav_2d_msgs__rosidl_typesupport_fastrtps_c.so
[54.607s] -- Set runtime path of "/home/wheeltec/wheeltec_ros2/install/nav_2d_msgs/lib/libnav_2d_msgs__rosidl_typesupport_fastrtps_c.so" to ""
[54.607s] -- Installing: /home/wheeltec/wheeltec_ros2/install/nav_2d_msgs/lib/libnav_2d_msgs__rosidl_typesupport_fastrtps_cpp.so
[54.607s] -- Set runtime path of "/home/wheeltec/wheeltec_ros2/install/nav_2d_msgs/lib/libnav_2d_msgs__rosidl_typesupport_fastrtps_cpp.so" to ""
[54.607s] -- Installing: /home/wheeltec/wheeltec_ros2/install/nav_2d_msgs/lib/libnav_2d_msgs__rosidl_typesupport_introspection_c.so
[54.607s] -- Set runtime path of "/home/wheeltec/wheeltec_ros2/install/nav_2d_msgs/lib/libnav_2d_msgs__rosidl_typesupport_introspection_c.so" to ""
[54.607s] -- Installing: /home/wheeltec/wheeltec_ros2/install/nav_2d_msgs/lib/libnav_2d_msgs__rosidl_typesupport_c.so
[54.607s] -- Set runtime path of "/home/wheeltec/wheeltec_ros2/install/nav_2d_msgs/lib/libnav_2d_msgs__rosidl_typesupport_c.so" to ""
[54.607s] -- Installing: /home/wheeltec/wheeltec_ros2/install/nav_2d_msgs/lib/libnav_2d_msgs__rosidl_typesupport_introspection_cpp.so
[54.609s] -- Set runtime path of "/home/wheeltec/wheeltec_ros2/install/nav_2d_msgs/lib/libnav_2d_msgs__rosidl_typesupport_introspection_cpp.so" to ""
[54.609s] -- Installing: /home/wheeltec/wheeltec_ros2/install/nav_2d_msgs/lib/libnav_2d_msgs__rosidl_typesupport_cpp.so
[54.610s] -- Set runtime path of "/home/wheeltec/wheeltec_ros2/install/nav_2d_msgs/lib/libnav_2d_msgs__rosidl_typesupport_cpp.so" to ""
[54.749s] Listing '/home/wheeltec/wheeltec_ros2/install/nav_2d_msgs/local/lib/python3.10/dist-packages/nav_2d_msgs'...
[54.750s] Compiling '/home/wheeltec/wheeltec_ros2/install/nav_2d_msgs/local/lib/python3.10/dist-packages/nav_2d_msgs/__init__.py'...
[54.750s] Listing '/home/wheeltec/wheeltec_ros2/install/nav_2d_msgs/local/lib/python3.10/dist-packages/nav_2d_msgs/msg'...
[54.750s] Compiling '/home/wheeltec/wheeltec_ros2/install/nav_2d_msgs/local/lib/python3.10/dist-packages/nav_2d_msgs/msg/__init__.py'...
[54.750s] Compiling '/home/wheeltec/wheeltec_ros2/install/nav_2d_msgs/local/lib/python3.10/dist-packages/nav_2d_msgs/msg/_path2_d.py'...
[54.750s] Compiling '/home/wheeltec/wheeltec_ros2/install/nav_2d_msgs/local/lib/python3.10/dist-packages/nav_2d_msgs/msg/_pose2_d32.py'...
[54.750s] Compiling '/home/wheeltec/wheeltec_ros2/install/nav_2d_msgs/local/lib/python3.10/dist-packages/nav_2d_msgs/msg/_pose2_d_stamped.py'...
[54.750s] Compiling '/home/wheeltec/wheeltec_ros2/install/nav_2d_msgs/local/lib/python3.10/dist-packages/nav_2d_msgs/msg/_twist2_d.py'...
[54.750s] Compiling '/home/wheeltec/wheeltec_ros2/install/nav_2d_msgs/local/lib/python3.10/dist-packages/nav_2d_msgs/msg/_twist2_d32.py'...
[54.750s] Compiling '/home/wheeltec/wheeltec_ros2/install/nav_2d_msgs/local/lib/python3.10/dist-packages/nav_2d_msgs/msg/_twist2_d_stamped.py'...
[54.762s] -- Installing: /home/wheeltec/wheeltec_ros2/install/nav_2d_msgs/lib/libnav_2d_msgs__rosidl_generator_py.so
[54.762s] -- Set runtime path of "/home/wheeltec/wheeltec_ros2/install/nav_2d_msgs/lib/libnav_2d_msgs__rosidl_generator_py.so" to ""
[54.762s] -- Installing: /home/wheeltec/wheeltec_ros2/install/nav_2d_msgs/share/nav_2d_msgs/cmake/export_nav_2d_msgs__rosidl_generator_cExport.cmake
[54.763s] -- Installing: /home/wheeltec/wheeltec_ros2/install/nav_2d_msgs/share/nav_2d_msgs/cmake/export_nav_2d_msgs__rosidl_generator_cExport-noconfig.cmake
[54.763s] -- Installing: /home/wheeltec/wheeltec_ros2/install/nav_2d_msgs/share/nav_2d_msgs/cmake/export_nav_2d_msgs__rosidl_typesupport_fastrtps_cExport.cmake
[54.763s] -- Installing: /home/wheeltec/wheeltec_ros2/install/nav_2d_msgs/share/nav_2d_msgs/cmake/export_nav_2d_msgs__rosidl_typesupport_fastrtps_cExport-noconfig.cmake
[54.763s] -- Installing: /home/wheeltec/wheeltec_ros2/install/nav_2d_msgs/share/nav_2d_msgs/cmake/export_nav_2d_msgs__rosidl_generator_cppExport.cmake
[54.764s] -- Installing: /home/wheeltec/wheeltec_ros2/install/nav_2d_msgs/share/nav_2d_msgs/cmake/export_nav_2d_msgs__rosidl_typesupport_fastrtps_cppExport.cmake
[54.764s] -- Installing: /home/wheeltec/wheeltec_ros2/install/nav_2d_msgs/share/nav_2d_msgs/cmake/export_nav_2d_msgs__rosidl_typesupport_fastrtps_cppExport-noconfig.cmake
[54.764s] -- Installing: /home/wheeltec/wheeltec_ros2/install/nav_2d_msgs/share/nav_2d_msgs/cmake/nav_2d_msgs__rosidl_typesupport_introspection_cExport.cmake
[54.764s] -- Installing: /home/wheeltec/wheeltec_ros2/install/nav_2d_msgs/share/nav_2d_msgs/cmake/nav_2d_msgs__rosidl_typesupport_introspection_cExport-noconfig.cmake
[54.764s] -- Installing: /home/wheeltec/wheeltec_ros2/install/nav_2d_msgs/share/nav_2d_msgs/cmake/nav_2d_msgs__rosidl_typesupport_cExport.cmake
[54.765s] -- Installing: /home/wheeltec/wheeltec_ros2/install/nav_2d_msgs/share/nav_2d_msgs/cmake/nav_2d_msgs__rosidl_typesupport_cExport-noconfig.cmake
[54.765s] -- Installing: /home/wheeltec/wheeltec_ros2/install/nav_2d_msgs/share/nav_2d_msgs/cmake/nav_2d_msgs__rosidl_typesupport_introspection_cppExport.cmake
[54.765s] -- Installing: /home/wheeltec/wheeltec_ros2/install/nav_2d_msgs/share/nav_2d_msgs/cmake/nav_2d_msgs__rosidl_typesupport_introspection_cppExport-noconfig.cmake
[54.765s] -- Installing: /home/wheeltec/wheeltec_ros2/install/nav_2d_msgs/share/nav_2d_msgs/cmake/nav_2d_msgs__rosidl_typesupport_cppExport.cmake
[54.766s] -- Installing: /home/wheeltec/wheeltec_ros2/install/nav_2d_msgs/share/nav_2d_msgs/cmake/nav_2d_msgs__rosidl_typesupport_cppExport-noconfig.cmake
[54.766s] -- Installing: /home/wheeltec/wheeltec_ros2/install/nav_2d_msgs/share/nav_2d_msgs/cmake/export_nav_2d_msgs__rosidl_generator_pyExport.cmake
[54.766s] -- Installing: /home/wheeltec/wheeltec_ros2/install/nav_2d_msgs/share/nav_2d_msgs/cmake/export_nav_2d_msgs__rosidl_generator_pyExport-noconfig.cmake
[54.785s] Invoked command in '/home/wheeltec/wheeltec_ros2/build/nav_2d_msgs' returned '0': CMAKE_PREFIX_PATH=${CMAKE_PREFIX_PATH}:/home/wheeltec/autoware/install/autoware_wheeltec_interface:/home/wheeltec/autoware/install/ad_api_visualizers:/opt/ros/humble /usr/bin/cmake --install /home/wheeltec/wheeltec_ros2/build/nav_2d_msgs
