gmake: Warning: File 'Makefile' has modification time 1766050025 s in the future
gmake[1]: Warning: File 'CMakeFiles/Makefile2' has modification time 1766050025 s in the future
gmake[2]: Warning: File 'CMakeFiles/costmap_queue.dir/flags.make' has modification time 1766050025 s in the future
gmake[2]: warning:  Clock skew detected.  Your build may be incomplete.
gmake[2]: Warning: File 'CMakeFiles/costmap_queue.dir/flags.make' has modification time 1766050025 s in the future
gmake[2]: warning:  Clock skew detected.  Your build may be incomplete.
[ 27%] Built target costmap_queue
gmake[2]: Warning: File 'gtest/CMakeFiles/gtest.dir/flags.make' has modification time 1766050025 s in the future
gmake[2]: warning:  Clock skew detected.  Your build may be incomplete.
gmake[2]: Warning: File 'gtest/CMakeFiles/gtest.dir/flags.make' has modification time 1766050024 s in the future
gmake[2]: warning:  Clock skew detected.  Your build may be incomplete.
[ 45%] Built target gtest
gmake[2]: Warning: File 'gtest/CMakeFiles/gtest_main.dir/flags.make' has modification time 1766050024 s in the future
gmake[2]: warning:  Clock skew detected.  Your build may be incomplete.
gmake[2]: Warning: File 'gtest/CMakeFiles/gtest_main.dir/flags.make' has modification time 1766050024 s in the future
gmake[2]: warning:  Clock skew detected.  Your build may be incomplete.
[ 63%] Built target gtest_main
gmake[2]: Warning: File 'CMakeFiles/mbq_test.dir/flags.make' has modification time 1766050024 s in the future
gmake[2]: warning:  Clock skew detected.  Your build may be incomplete.
gmake[2]: Warning: File 'CMakeFiles/mbq_test.dir/flags.make' has modification time 1766050024 s in the future
gmake[2]: warning:  Clock skew detected.  Your build may be incomplete.
[ 81%] Built target mbq_test
gmake[2]: Warning: File 'CMakeFiles/utest.dir/flags.make' has modification time 1766050024 s in the future
gmake[2]: warning:  Clock skew detected.  Your build may be incomplete.
gmake[2]: Warning: File 'CMakeFiles/utest.dir/flags.make' has modification time 1766050024 s in the future
gmake[2]: warning:  Clock skew detected.  Your build may be incomplete.
[100%] Built target utest
gmake[1]: warning:  Clock skew detected.  Your build may be incomplete.
gmake: warning:  Clock skew detected.  Your build may be incomplete.
-- Install configuration: "Release"
-- Execute custom install script
-- Up-to-date symlink: /home/wheeltec/wheeltec_ros2/install/costmap_queue/lib/libcostmap_queue.a
-- Up-to-date symlink: /home/wheeltec/wheeltec_ros2/install/costmap_queue/include//costmap_queue/costmap_queue.hpp
-- Up-to-date symlink: /home/wheeltec/wheeltec_ros2/install/costmap_queue/include//costmap_queue/limited_costmap_queue.hpp
-- Up-to-date symlink: /home/wheeltec/wheeltec_ros2/install/costmap_queue/include//costmap_queue/map_based_queue.hpp
-- Up-to-date symlink: /home/wheeltec/wheeltec_ros2/install/costmap_queue/share/costmap_queue/environment/library_path.sh
-- Up-to-date symlink: /home/wheeltec/wheeltec_ros2/install/costmap_queue/share/costmap_queue/environment/library_path.dsv
-- Up-to-date symlink: /home/wheeltec/wheeltec_ros2/install/costmap_queue/share/ament_index/resource_index/package_run_dependencies/costmap_queue
-- Up-to-date symlink: /home/wheeltec/wheeltec_ros2/install/costmap_queue/share/ament_index/resource_index/parent_prefix_path/costmap_queue
-- Up-to-date symlink: /home/wheeltec/wheeltec_ros2/install/costmap_queue/share/costmap_queue/environment/ament_prefix_path.sh
-- Up-to-date symlink: /home/wheeltec/wheeltec_ros2/install/costmap_queue/share/costmap_queue/environment/ament_prefix_path.dsv
-- Up-to-date symlink: /home/wheeltec/wheeltec_ros2/install/costmap_queue/share/costmap_queue/environment/path.sh
-- Up-to-date symlink: /home/wheeltec/wheeltec_ros2/install/costmap_queue/share/costmap_queue/environment/path.dsv
-- Up-to-date symlink: /home/wheeltec/wheeltec_ros2/install/costmap_queue/share/costmap_queue/local_setup.bash
-- Up-to-date symlink: /home/wheeltec/wheeltec_ros2/install/costmap_queue/share/costmap_queue/local_setup.sh
-- Up-to-date symlink: /home/wheeltec/wheeltec_ros2/install/costmap_queue/share/costmap_queue/local_setup.zsh
-- Up-to-date symlink: /home/wheeltec/wheeltec_ros2/install/costmap_queue/share/costmap_queue/local_setup.dsv
-- Symlinking: /home/wheeltec/wheeltec_ros2/install/costmap_queue/share/costmap_queue/package.dsv
-- Up-to-date symlink: /home/wheeltec/wheeltec_ros2/install/costmap_queue/share/ament_index/resource_index/packages/costmap_queue
-- Up-to-date symlink: /home/wheeltec/wheeltec_ros2/install/costmap_queue/share/costmap_queue/cmake/ament_cmake_export_include_directories-extras.cmake
-- Up-to-date symlink: /home/wheeltec/wheeltec_ros2/install/costmap_queue/share/costmap_queue/cmake/ament_cmake_export_libraries-extras.cmake
-- Up-to-date symlink: /home/wheeltec/wheeltec_ros2/install/costmap_queue/share/costmap_queue/cmake/costmap_queueConfig.cmake
-- Up-to-date symlink: /home/wheeltec/wheeltec_ros2/install/costmap_queue/share/costmap_queue/cmake/costmap_queueConfig-version.cmake
-- Up-to-date symlink: /home/wheeltec/wheeltec_ros2/install/costmap_queue/share/costmap_queue/package.xml
