[0.285s] Invoking command in '/home/wheeltec/wheeltec_ros2/build/hipnuc_imu': CMAKE_PREFIX_PATH=${CMAKE_PREFIX_PATH}:/home/wheeltec/wheeltec_ros2/install/wheeltec_robot_keyboard:/home/wheeltec/wheeltec_ros2/install/wheeltec_dual_rtk_driver:/home/wheeltec/wheeltec_ros2/install/ultralytics_ros2:/home/wheeltec/wheeltec_ros2/install/tf2_tools:/home/wheeltec/wheeltec_ros2/install/nav2_waypoint_cycle:/home/wheeltec/wheeltec_ros2/install/nav2_simple_commander:/home/wheeltec/wheeltec_ros2/install/auto_recharge_ros2:/home/wheeltec/autoware/install/autoware_wheeltec_interface:/home/wheeltec/autoware/install/ad_api_visualizers:/opt/ros/humble /usr/bin/cmake --build /home/wheeltec/wheeltec_ros2/build/hipnuc_imu -- -j6 -l6
[0.672s] [ 60%] Built target talker
[0.696s] [100%] Built target listener
[0.840s] Invoked command in '/home/wheeltec/wheeltec_ros2/build/hipnuc_imu' returned '0': CMAKE_PREFIX_PATH=${CMAKE_PREFIX_PATH}:/home/wheeltec/wheeltec_ros2/install/wheeltec_robot_keyboard:/home/wheeltec/wheeltec_ros2/install/wheeltec_dual_rtk_driver:/home/wheeltec/wheeltec_ros2/install/ultralytics_ros2:/home/wheeltec/wheeltec_ros2/install/tf2_tools:/home/wheeltec/wheeltec_ros2/install/nav2_waypoint_cycle:/home/wheeltec/wheeltec_ros2/install/nav2_simple_commander:/home/wheeltec/wheeltec_ros2/install/auto_recharge_ros2:/home/wheeltec/autoware/install/autoware_wheeltec_interface:/home/wheeltec/autoware/install/ad_api_visualizers:/opt/ros/humble /usr/bin/cmake --build /home/wheeltec/wheeltec_ros2/build/hipnuc_imu -- -j6 -l6
[0.851s] Invoking command in '/home/wheeltec/wheeltec_ros2/build/hipnuc_imu': CMAKE_PREFIX_PATH=${CMAKE_PREFIX_PATH}:/home/wheeltec/wheeltec_ros2/install/wheeltec_robot_keyboard:/home/wheeltec/wheeltec_ros2/install/wheeltec_dual_rtk_driver:/home/wheeltec/wheeltec_ros2/install/ultralytics_ros2:/home/wheeltec/wheeltec_ros2/install/tf2_tools:/home/wheeltec/wheeltec_ros2/install/nav2_waypoint_cycle:/home/wheeltec/wheeltec_ros2/install/nav2_simple_commander:/home/wheeltec/wheeltec_ros2/install/auto_recharge_ros2:/home/wheeltec/autoware/install/autoware_wheeltec_interface:/home/wheeltec/autoware/install/ad_api_visualizers:/opt/ros/humble /usr/bin/cmake --install /home/wheeltec/wheeltec_ros2/build/hipnuc_imu
[0.906s] -- Install configuration: ""
[0.907s] -- Execute custom install script
[0.912s] -- Up-to-date symlink: /home/wheeltec/wheeltec_ros2/install/hipnuc_imu/lib/hipnuc_imu/talker
[0.913s] -- Up-to-date symlink: /home/wheeltec/wheeltec_ros2/install/hipnuc_imu/lib/hipnuc_imu/listener
[0.913s] -- Up-to-date symlink: /home/wheeltec/wheeltec_ros2/install/hipnuc_imu/share/hipnuc_imu/launch/imu_spec_msg.launch.py
[0.913s] -- Up-to-date symlink: /home/wheeltec/wheeltec_ros2/install/hipnuc_imu/share/hipnuc_imu/config/hipnuc_config.yaml
[0.914s] -- Up-to-date symlink: /home/wheeltec/wheeltec_ros2/install/hipnuc_imu/share/ament_index/resource_index/package_run_dependencies/hipnuc_imu
[0.914s] -- Up-to-date symlink: /home/wheeltec/wheeltec_ros2/install/hipnuc_imu/share/ament_index/resource_index/parent_prefix_path/hipnuc_imu
[0.914s] -- Up-to-date symlink: /home/wheeltec/wheeltec_ros2/install/hipnuc_imu/share/hipnuc_imu/environment/ament_prefix_path.sh
[0.914s] -- Up-to-date symlink: /home/wheeltec/wheeltec_ros2/install/hipnuc_imu/share/hipnuc_imu/environment/ament_prefix_path.dsv
[0.915s] -- Up-to-date symlink: /home/wheeltec/wheeltec_ros2/install/hipnuc_imu/share/hipnuc_imu/environment/path.sh
[0.915s] -- Up-to-date symlink: /home/wheeltec/wheeltec_ros2/install/hipnuc_imu/share/hipnuc_imu/environment/path.dsv
[0.915s] -- Up-to-date symlink: /home/wheeltec/wheeltec_ros2/install/hipnuc_imu/share/hipnuc_imu/local_setup.bash
[0.916s] -- Up-to-date symlink: /home/wheeltec/wheeltec_ros2/install/hipnuc_imu/share/hipnuc_imu/local_setup.sh
[0.916s] -- Up-to-date symlink: /home/wheeltec/wheeltec_ros2/install/hipnuc_imu/share/hipnuc_imu/local_setup.zsh
[0.916s] -- Up-to-date symlink: /home/wheeltec/wheeltec_ros2/install/hipnuc_imu/share/hipnuc_imu/local_setup.dsv
[0.916s] -- Symlinking: /home/wheeltec/wheeltec_ros2/install/hipnuc_imu/share/hipnuc_imu/package.dsv
[0.970s] -- Up-to-date symlink: /home/wheeltec/wheeltec_ros2/install/hipnuc_imu/share/ament_index/resource_index/packages/hipnuc_imu
[0.971s] -- Up-to-date symlink: /home/wheeltec/wheeltec_ros2/install/hipnuc_imu/share/hipnuc_imu/cmake/hipnuc_imuConfig.cmake
[0.971s] -- Up-to-date symlink: /home/wheeltec/wheeltec_ros2/install/hipnuc_imu/share/hipnuc_imu/cmake/hipnuc_imuConfig-version.cmake
[0.971s] -- Up-to-date symlink: /home/wheeltec/wheeltec_ros2/install/hipnuc_imu/share/hipnuc_imu/package.xml
[1.146s] Invoked command in '/home/wheeltec/wheeltec_ros2/build/hipnuc_imu' returned '0': CMAKE_PREFIX_PATH=${CMAKE_PREFIX_PATH}:/home/wheeltec/wheeltec_ros2/install/wheeltec_robot_keyboard:/home/wheeltec/wheeltec_ros2/install/wheeltec_dual_rtk_driver:/home/wheeltec/wheeltec_ros2/install/ultralytics_ros2:/home/wheeltec/wheeltec_ros2/install/tf2_tools:/home/wheeltec/wheeltec_ros2/install/nav2_waypoint_cycle:/home/wheeltec/wheeltec_ros2/install/nav2_simple_commander:/home/wheeltec/wheeltec_ros2/install/auto_recharge_ros2:/home/wheeltec/autoware/install/autoware_wheeltec_interface:/home/wheeltec/autoware/install/ad_api_visualizers:/opt/ros/humble /usr/bin/cmake --install /home/wheeltec/wheeltec_ros2/build/hipnuc_imu
