[0.182s] Invoking command in '/home/wheeltec/wheeltec_ros2/build/wheeltec_mic_msg': CMAKE_PREFIX_PATH=${CMAKE_PREFIX_PATH}:/home/wheeltec/wheeltec_ros2/install/auto_recharge_ros2:/home/wheeltec/autoware/install/autoware_wheeltec_interface:/home/wheeltec/autoware/install/ad_api_visualizers:/opt/ros/humble /usr/bin/cmake --build /home/wheeltec/wheeltec_ros2/build/wheeltec_mic_msg -- -j6 -l6
[0.278s] [35m[1mConsolidate compiler generated dependencies of target wheeltec_mic_msg__rosidl_generator_c[0m
[0.298s] [  1%] Built target wheeltec_mic_msg__cpp
[0.304s] [ 12%] Built target wheeltec_mic_msg__rosidl_generator_c
[0.330s] [ 12%] Built target ament_cmake_python_symlink_wheeltec_mic_msg
[0.334s] [35m[1mConsolidate compiler generated dependencies of target wheeltec_mic_msg__rosidl_typesupport_cpp[0m
[0.340s] [35m[1mConsolidate compiler generated dependencies of target wheeltec_mic_msg__rosidl_typesupport_introspection_c[0m
[0.348s] [35m[1mConsolidate compiler generated dependencies of target wheeltec_mic_msg__rosidl_typesupport_fastrtps_cpp[0m
[0.376s] [35m[1mConsolidate compiler generated dependencies of target wheeltec_mic_msg__rosidl_typesupport_c[0m
[0.376s] [ 24%] Built target wheeltec_mic_msg__rosidl_typesupport_introspection_c
[0.385s] [35m[1mConsolidate compiler generated dependencies of target wheeltec_mic_msg__rosidl_typesupport_fastrtps_c[0m
[0.416s] [ 35%] Built target wheeltec_mic_msg__rosidl_typesupport_cpp
[0.417s] [35m[1mConsolidate compiler generated dependencies of target wheeltec_mic_msg__rosidl_typesupport_introspection_cpp[0m
[0.431s] [ 46%] Built target wheeltec_mic_msg__rosidl_typesupport_fastrtps_cpp
[0.434s] [ 58%] Built target wheeltec_mic_msg__rosidl_typesupport_c
[0.440s] [ 69%] Built target wheeltec_mic_msg__rosidl_typesupport_fastrtps_c
[0.494s] [ 81%] Built target wheeltec_mic_msg__rosidl_typesupport_introspection_cpp
[0.609s] [ 81%] Built target wheeltec_mic_msg
[0.689s] [ 82%] Built target wheeltec_mic_msg__py
[0.713s] [35m[1mConsolidate compiler generated dependencies of target wheeltec_mic_msg__rosidl_generator_py[0m
[0.743s] [ 92%] Built target wheeltec_mic_msg__rosidl_generator_py
[0.771s] [35m[1mConsolidate compiler generated dependencies of target wheeltec_mic_msg__rosidl_typesupport_fastrtps_c__pyext[0m
[0.778s] [35m[1mConsolidate compiler generated dependencies of target wheeltec_mic_msg__rosidl_typesupport_introspection_c__pyext[0m
[0.790s] [35m[1mConsolidate compiler generated dependencies of target wheeltec_mic_msg__rosidl_typesupport_c__pyext[0m
[0.804s] [ 94%] Built target wheeltec_mic_msg__rosidl_typesupport_fastrtps_c__pyext
[0.846s] [ 97%] Built target wheeltec_mic_msg__rosidl_typesupport_introspection_c__pyext
[0.854s] [100%] Built target wheeltec_mic_msg__rosidl_typesupport_c__pyext
[1.230s] running egg_info
[1.232s] writing wheeltec_mic_msg.egg-info/PKG-INFO
[1.232s] writing dependency_links to wheeltec_mic_msg.egg-info/dependency_links.txt
[1.233s] writing top-level names to wheeltec_mic_msg.egg-info/top_level.txt
[1.244s] reading manifest file 'wheeltec_mic_msg.egg-info/SOURCES.txt'
[1.246s] writing manifest file 'wheeltec_mic_msg.egg-info/SOURCES.txt'
[1.322s] [100%] Built target ament_cmake_python_build_wheeltec_mic_msg_egg
[1.381s] Invoked command in '/home/wheeltec/wheeltec_ros2/build/wheeltec_mic_msg' returned '0': CMAKE_PREFIX_PATH=${CMAKE_PREFIX_PATH}:/home/wheeltec/wheeltec_ros2/install/auto_recharge_ros2:/home/wheeltec/autoware/install/autoware_wheeltec_interface:/home/wheeltec/autoware/install/ad_api_visualizers:/opt/ros/humble /usr/bin/cmake --build /home/wheeltec/wheeltec_ros2/build/wheeltec_mic_msg -- -j6 -l6
[1.385s] Invoking command in '/home/wheeltec/wheeltec_ros2/build/wheeltec_mic_msg': CMAKE_PREFIX_PATH=${CMAKE_PREFIX_PATH}:/home/wheeltec/wheeltec_ros2/install/auto_recharge_ros2:/home/wheeltec/autoware/install/autoware_wheeltec_interface:/home/wheeltec/autoware/install/ad_api_visualizers:/opt/ros/humble /usr/bin/cmake --install /home/wheeltec/wheeltec_ros2/build/wheeltec_mic_msg
[1.387s] -- Install configuration: ""
[1.391s] -- Execute custom install script
[1.391s] -- Up-to-date symlink: /home/wheeltec/wheeltec_ros2/install/wheeltec_mic_msg/share/ament_index/resource_index/rosidl_interfaces/wheeltec_mic_msg
[1.391s] -- Up-to-date symlink: /home/wheeltec/wheeltec_ros2/install/wheeltec_mic_msg/include/wheeltec_mic_msg/wheeltec_mic_msg/msg/detail/motion_control__functions.h
[1.392s] -- Up-to-date symlink: /home/wheeltec/wheeltec_ros2/install/wheeltec_mic_msg/include/wheeltec_mic_msg/wheeltec_mic_msg/msg/detail/motion_control__struct.h
[1.392s] -- Up-to-date symlink: /home/wheeltec/wheeltec_ros2/install/wheeltec_mic_msg/include/wheeltec_mic_msg/wheeltec_mic_msg/msg/detail/motion_control__type_support.h
[1.392s] -- Up-to-date symlink: /home/wheeltec/wheeltec_ros2/install/wheeltec_mic_msg/include/wheeltec_mic_msg/wheeltec_mic_msg/msg/detail/pcm_msg__functions.h
[1.392s] -- Up-to-date symlink: /home/wheeltec/wheeltec_ros2/install/wheeltec_mic_msg/include/wheeltec_mic_msg/wheeltec_mic_msg/msg/detail/pcm_msg__struct.h
[1.392s] -- Up-to-date symlink: /home/wheeltec/wheeltec_ros2/install/wheeltec_mic_msg/include/wheeltec_mic_msg/wheeltec_mic_msg/msg/detail/pcm_msg__type_support.h
[1.392s] -- Up-to-date symlink: /home/wheeltec/wheeltec_ros2/install/wheeltec_mic_msg/include/wheeltec_mic_msg/wheeltec_mic_msg/msg/motion_control.h
[1.393s] -- Up-to-date symlink: /home/wheeltec/wheeltec_ros2/install/wheeltec_mic_msg/include/wheeltec_mic_msg/wheeltec_mic_msg/msg/pcm_msg.h
[1.394s] -- Up-to-date symlink: /home/wheeltec/wheeltec_ros2/install/wheeltec_mic_msg/include/wheeltec_mic_msg/wheeltec_mic_msg/msg/rosidl_generator_c__visibility_control.h
[1.394s] -- Up-to-date symlink: /home/wheeltec/wheeltec_ros2/install/wheeltec_mic_msg/include/wheeltec_mic_msg/wheeltec_mic_msg/srv/detail/get_device_type__functions.h
[1.394s] -- Up-to-date symlink: /home/wheeltec/wheeltec_ros2/install/wheeltec_mic_msg/include/wheeltec_mic_msg/wheeltec_mic_msg/srv/detail/get_device_type__struct.h
[1.394s] -- Up-to-date symlink: /home/wheeltec/wheeltec_ros2/install/wheeltec_mic_msg/include/wheeltec_mic_msg/wheeltec_mic_msg/srv/detail/get_device_type__type_support.h
[1.394s] -- Up-to-date symlink: /home/wheeltec/wheeltec_ros2/install/wheeltec_mic_msg/include/wheeltec_mic_msg/wheeltec_mic_msg/srv/detail/get_offline_result__functions.h
[1.394s] -- Up-to-date symlink: /home/wheeltec/wheeltec_ros2/install/wheeltec_mic_msg/include/wheeltec_mic_msg/wheeltec_mic_msg/srv/detail/get_offline_result__struct.h
[1.394s] -- Up-to-date symlink: /home/wheeltec/wheeltec_ros2/install/wheeltec_mic_msg/include/wheeltec_mic_msg/wheeltec_mic_msg/srv/detail/get_offline_result__type_support.h
[1.396s] -- Up-to-date symlink: /home/wheeltec/wheeltec_ros2/install/wheeltec_mic_msg/include/wheeltec_mic_msg/wheeltec_mic_msg/srv/detail/set_awake_word__functions.h
[1.396s] -- Up-to-date symlink: /home/wheeltec/wheeltec_ros2/install/wheeltec_mic_msg/include/wheeltec_mic_msg/wheeltec_mic_msg/srv/detail/set_awake_word__struct.h
[1.397s] -- Up-to-date symlink: /home/wheeltec/wheeltec_ros2/install/wheeltec_mic_msg/include/wheeltec_mic_msg/wheeltec_mic_msg/srv/detail/set_awake_word__type_support.h
[1.400s] -- Up-to-date symlink: /home/wheeltec/wheeltec_ros2/install/wheeltec_mic_msg/include/wheeltec_mic_msg/wheeltec_mic_msg/srv/detail/set_major_mic__functions.h
[1.400s] -- Up-to-date symlink: /home/wheeltec/wheeltec_ros2/install/wheeltec_mic_msg/include/wheeltec_mic_msg/wheeltec_mic_msg/srv/detail/set_major_mic__struct.h
[1.401s] -- Up-to-date symlink: /home/wheeltec/wheeltec_ros2/install/wheeltec_mic_msg/include/wheeltec_mic_msg/wheeltec_mic_msg/srv/detail/set_major_mic__type_support.h
[1.401s] -- Up-to-date symlink: /home/wheeltec/wheeltec_ros2/install/wheeltec_mic_msg/include/wheeltec_mic_msg/wheeltec_mic_msg/srv/detail/switch_mic__functions.h
[1.402s] -- Up-to-date symlink: /home/wheeltec/wheeltec_ros2/install/wheeltec_mic_msg/include/wheeltec_mic_msg/wheeltec_mic_msg/srv/detail/switch_mic__struct.h
[1.403s] -- Up-to-date symlink: /home/wheeltec/wheeltec_ros2/install/wheeltec_mic_msg/include/wheeltec_mic_msg/wheeltec_mic_msg/srv/detail/switch_mic__type_support.h
[1.403s] -- Up-to-date symlink: /home/wheeltec/wheeltec_ros2/install/wheeltec_mic_msg/include/wheeltec_mic_msg/wheeltec_mic_msg/srv/get_device_type.h
[1.403s] -- Up-to-date symlink: /home/wheeltec/wheeltec_ros2/install/wheeltec_mic_msg/include/wheeltec_mic_msg/wheeltec_mic_msg/srv/get_offline_result.h
[1.404s] -- Up-to-date symlink: /home/wheeltec/wheeltec_ros2/install/wheeltec_mic_msg/include/wheeltec_mic_msg/wheeltec_mic_msg/srv/set_awake_word.h
[1.404s] -- Up-to-date symlink: /home/wheeltec/wheeltec_ros2/install/wheeltec_mic_msg/include/wheeltec_mic_msg/wheeltec_mic_msg/srv/set_major_mic.h
[1.405s] -- Up-to-date symlink: /home/wheeltec/wheeltec_ros2/install/wheeltec_mic_msg/include/wheeltec_mic_msg/wheeltec_mic_msg/srv/switch_mic.h
[1.405s] -- Up-to-date symlink: /home/wheeltec/wheeltec_ros2/install/wheeltec_mic_msg/share/wheeltec_mic_msg/environment/library_path.sh
[1.406s] -- Up-to-date symlink: /home/wheeltec/wheeltec_ros2/install/wheeltec_mic_msg/share/wheeltec_mic_msg/environment/library_path.dsv
[1.406s] -- Up-to-date symlink: /home/wheeltec/wheeltec_ros2/install/wheeltec_mic_msg/include/wheeltec_mic_msg/wheeltec_mic_msg/msg/detail/motion_control__rosidl_typesupport_fastrtps_c.h
[1.407s] -- Up-to-date symlink: /home/wheeltec/wheeltec_ros2/install/wheeltec_mic_msg/include/wheeltec_mic_msg/wheeltec_mic_msg/msg/detail/pcm_msg__rosidl_typesupport_fastrtps_c.h
[1.407s] -- Up-to-date symlink: /home/wheeltec/wheeltec_ros2/install/wheeltec_mic_msg/include/wheeltec_mic_msg/wheeltec_mic_msg/msg/rosidl_typesupport_fastrtps_c__visibility_control.h
[1.408s] -- Up-to-date symlink: /home/wheeltec/wheeltec_ros2/install/wheeltec_mic_msg/include/wheeltec_mic_msg/wheeltec_mic_msg/srv/detail/get_device_type__rosidl_typesupport_fastrtps_c.h
[1.408s] -- Up-to-date symlink: /home/wheeltec/wheeltec_ros2/install/wheeltec_mic_msg/include/wheeltec_mic_msg/wheeltec_mic_msg/srv/detail/get_offline_result__rosidl_typesupport_fastrtps_c.h
[1.408s] -- Up-to-date symlink: /home/wheeltec/wheeltec_ros2/install/wheeltec_mic_msg/include/wheeltec_mic_msg/wheeltec_mic_msg/srv/detail/set_awake_word__rosidl_typesupport_fastrtps_c.h
[1.409s] -- Up-to-date symlink: /home/wheeltec/wheeltec_ros2/install/wheeltec_mic_msg/include/wheeltec_mic_msg/wheeltec_mic_msg/srv/detail/set_major_mic__rosidl_typesupport_fastrtps_c.h
[1.409s] -- Up-to-date symlink: /home/wheeltec/wheeltec_ros2/install/wheeltec_mic_msg/include/wheeltec_mic_msg/wheeltec_mic_msg/srv/detail/switch_mic__rosidl_typesupport_fastrtps_c.h
[1.409s] -- Up-to-date symlink: /home/wheeltec/wheeltec_ros2/install/wheeltec_mic_msg/include/wheeltec_mic_msg/wheeltec_mic_msg/msg/detail/motion_control__builder.hpp
[1.410s] -- Up-to-date symlink: /home/wheeltec/wheeltec_ros2/install/wheeltec_mic_msg/include/wheeltec_mic_msg/wheeltec_mic_msg/msg/detail/motion_control__struct.hpp
[1.410s] -- Up-to-date symlink: /home/wheeltec/wheeltec_ros2/install/wheeltec_mic_msg/include/wheeltec_mic_msg/wheeltec_mic_msg/msg/detail/motion_control__traits.hpp
[1.412s] -- Up-to-date symlink: /home/wheeltec/wheeltec_ros2/install/wheeltec_mic_msg/include/wheeltec_mic_msg/wheeltec_mic_msg/msg/detail/motion_control__type_support.hpp
[1.412s] -- Up-to-date symlink: /home/wheeltec/wheeltec_ros2/install/wheeltec_mic_msg/include/wheeltec_mic_msg/wheeltec_mic_msg/msg/detail/pcm_msg__builder.hpp
[1.413s] -- Up-to-date symlink: /home/wheeltec/wheeltec_ros2/install/wheeltec_mic_msg/include/wheeltec_mic_msg/wheeltec_mic_msg/msg/detail/pcm_msg__struct.hpp
[1.413s] -- Up-to-date symlink: /home/wheeltec/wheeltec_ros2/install/wheeltec_mic_msg/include/wheeltec_mic_msg/wheeltec_mic_msg/msg/detail/pcm_msg__traits.hpp
[1.413s] -- Up-to-date symlink: /home/wheeltec/wheeltec_ros2/install/wheeltec_mic_msg/include/wheeltec_mic_msg/wheeltec_mic_msg/msg/detail/pcm_msg__type_support.hpp
[1.413s] -- Up-to-date symlink: /home/wheeltec/wheeltec_ros2/install/wheeltec_mic_msg/include/wheeltec_mic_msg/wheeltec_mic_msg/msg/motion_control.hpp
[1.413s] -- Up-to-date symlink: /home/wheeltec/wheeltec_ros2/install/wheeltec_mic_msg/include/wheeltec_mic_msg/wheeltec_mic_msg/msg/pcm_msg.hpp
[1.413s] -- Up-to-date symlink: /home/wheeltec/wheeltec_ros2/install/wheeltec_mic_msg/include/wheeltec_mic_msg/wheeltec_mic_msg/msg/rosidl_generator_cpp__visibility_control.hpp
[1.413s] -- Up-to-date symlink: /home/wheeltec/wheeltec_ros2/install/wheeltec_mic_msg/include/wheeltec_mic_msg/wheeltec_mic_msg/srv/detail/get_device_type__builder.hpp
[1.413s] -- Up-to-date symlink: /home/wheeltec/wheeltec_ros2/install/wheeltec_mic_msg/include/wheeltec_mic_msg/wheeltec_mic_msg/srv/detail/get_device_type__struct.hpp
[1.414s] -- Up-to-date symlink: /home/wheeltec/wheeltec_ros2/install/wheeltec_mic_msg/include/wheeltec_mic_msg/wheeltec_mic_msg/srv/detail/get_device_type__traits.hpp
[1.414s] -- Up-to-date symlink: /home/wheeltec/wheeltec_ros2/install/wheeltec_mic_msg/include/wheeltec_mic_msg/wheeltec_mic_msg/srv/detail/get_device_type__type_support.hpp
[1.414s] -- Up-to-date symlink: /home/wheeltec/wheeltec_ros2/install/wheeltec_mic_msg/include/wheeltec_mic_msg/wheeltec_mic_msg/srv/detail/get_offline_result__builder.hpp
[1.414s] -- Up-to-date symlink: /home/wheeltec/wheeltec_ros2/install/wheeltec_mic_msg/include/wheeltec_mic_msg/wheeltec_mic_msg/srv/detail/get_offline_result__struct.hpp
[1.415s] -- Up-to-date symlink: /home/wheeltec/wheeltec_ros2/install/wheeltec_mic_msg/include/wheeltec_mic_msg/wheeltec_mic_msg/srv/detail/get_offline_result__traits.hpp
[1.415s] -- Up-to-date symlink: /home/wheeltec/wheeltec_ros2/install/wheeltec_mic_msg/include/wheeltec_mic_msg/wheeltec_mic_msg/srv/detail/get_offline_result__type_support.hpp
[1.416s] -- Up-to-date symlink: /home/wheeltec/wheeltec_ros2/install/wheeltec_mic_msg/include/wheeltec_mic_msg/wheeltec_mic_msg/srv/detail/set_awake_word__builder.hpp
[1.416s] -- Up-to-date symlink: /home/wheeltec/wheeltec_ros2/install/wheeltec_mic_msg/include/wheeltec_mic_msg/wheeltec_mic_msg/srv/detail/set_awake_word__struct.hpp
[1.416s] -- Up-to-date symlink: /home/wheeltec/wheeltec_ros2/install/wheeltec_mic_msg/include/wheeltec_mic_msg/wheeltec_mic_msg/srv/detail/set_awake_word__traits.hpp
[1.416s] -- Up-to-date symlink: /home/wheeltec/wheeltec_ros2/install/wheeltec_mic_msg/include/wheeltec_mic_msg/wheeltec_mic_msg/srv/detail/set_awake_word__type_support.hpp
[1.417s] -- Up-to-date symlink: /home/wheeltec/wheeltec_ros2/install/wheeltec_mic_msg/include/wheeltec_mic_msg/wheeltec_mic_msg/srv/detail/set_major_mic__builder.hpp
[1.417s] -- Up-to-date symlink: /home/wheeltec/wheeltec_ros2/install/wheeltec_mic_msg/include/wheeltec_mic_msg/wheeltec_mic_msg/srv/detail/set_major_mic__struct.hpp
[1.417s] -- Up-to-date symlink: /home/wheeltec/wheeltec_ros2/install/wheeltec_mic_msg/include/wheeltec_mic_msg/wheeltec_mic_msg/srv/detail/set_major_mic__traits.hpp
[1.417s] -- Up-to-date symlink: /home/wheeltec/wheeltec_ros2/install/wheeltec_mic_msg/include/wheeltec_mic_msg/wheeltec_mic_msg/srv/detail/set_major_mic__type_support.hpp
[1.417s] -- Up-to-date symlink: /home/wheeltec/wheeltec_ros2/install/wheeltec_mic_msg/include/wheeltec_mic_msg/wheeltec_mic_msg/srv/detail/switch_mic__builder.hpp
[1.417s] -- Up-to-date symlink: /home/wheeltec/wheeltec_ros2/install/wheeltec_mic_msg/include/wheeltec_mic_msg/wheeltec_mic_msg/srv/detail/switch_mic__struct.hpp
[1.417s] -- Up-to-date symlink: /home/wheeltec/wheeltec_ros2/install/wheeltec_mic_msg/include/wheeltec_mic_msg/wheeltec_mic_msg/srv/detail/switch_mic__traits.hpp
[1.418s] -- Up-to-date symlink: /home/wheeltec/wheeltec_ros2/install/wheeltec_mic_msg/include/wheeltec_mic_msg/wheeltec_mic_msg/srv/detail/switch_mic__type_support.hpp
[1.418s] -- Up-to-date symlink: /home/wheeltec/wheeltec_ros2/install/wheeltec_mic_msg/include/wheeltec_mic_msg/wheeltec_mic_msg/srv/get_device_type.hpp
[1.418s] -- Up-to-date symlink: /home/wheeltec/wheeltec_ros2/install/wheeltec_mic_msg/include/wheeltec_mic_msg/wheeltec_mic_msg/srv/get_offline_result.hpp
[1.418s] -- Up-to-date symlink: /home/wheeltec/wheeltec_ros2/install/wheeltec_mic_msg/include/wheeltec_mic_msg/wheeltec_mic_msg/srv/set_awake_word.hpp
[1.418s] -- Up-to-date symlink: /home/wheeltec/wheeltec_ros2/install/wheeltec_mic_msg/include/wheeltec_mic_msg/wheeltec_mic_msg/srv/set_major_mic.hpp
[1.419s] -- Up-to-date symlink: /home/wheeltec/wheeltec_ros2/install/wheeltec_mic_msg/include/wheeltec_mic_msg/wheeltec_mic_msg/srv/switch_mic.hpp
[1.419s] -- Up-to-date symlink: /home/wheeltec/wheeltec_ros2/install/wheeltec_mic_msg/include/wheeltec_mic_msg/wheeltec_mic_msg/msg/detail/motion_control__rosidl_typesupport_fastrtps_cpp.hpp
[1.419s] -- Up-to-date symlink: /home/wheeltec/wheeltec_ros2/install/wheeltec_mic_msg/include/wheeltec_mic_msg/wheeltec_mic_msg/msg/detail/pcm_msg__rosidl_typesupport_fastrtps_cpp.hpp
[1.420s] -- Up-to-date symlink: /home/wheeltec/wheeltec_ros2/install/wheeltec_mic_msg/include/wheeltec_mic_msg/wheeltec_mic_msg/msg/rosidl_typesupport_fastrtps_cpp__visibility_control.h
[1.421s] -- Up-to-date symlink: /home/wheeltec/wheeltec_ros2/install/wheeltec_mic_msg/include/wheeltec_mic_msg/wheeltec_mic_msg/srv/detail/get_device_type__rosidl_typesupport_fastrtps_cpp.hpp
[1.421s] -- Up-to-date symlink: /home/wheeltec/wheeltec_ros2/install/wheeltec_mic_msg/include/wheeltec_mic_msg/wheeltec_mic_msg/srv/detail/get_offline_result__rosidl_typesupport_fastrtps_cpp.hpp
[1.422s] -- Up-to-date symlink: /home/wheeltec/wheeltec_ros2/install/wheeltec_mic_msg/include/wheeltec_mic_msg/wheeltec_mic_msg/srv/detail/set_awake_word__rosidl_typesupport_fastrtps_cpp.hpp
[1.422s] -- Up-to-date symlink: /home/wheeltec/wheeltec_ros2/install/wheeltec_mic_msg/include/wheeltec_mic_msg/wheeltec_mic_msg/srv/detail/set_major_mic__rosidl_typesupport_fastrtps_cpp.hpp
[1.422s] -- Up-to-date symlink: /home/wheeltec/wheeltec_ros2/install/wheeltec_mic_msg/include/wheeltec_mic_msg/wheeltec_mic_msg/srv/detail/switch_mic__rosidl_typesupport_fastrtps_cpp.hpp
[1.423s] -- Up-to-date symlink: /home/wheeltec/wheeltec_ros2/install/wheeltec_mic_msg/include/wheeltec_mic_msg/wheeltec_mic_msg/msg/detail/motion_control__rosidl_typesupport_introspection_c.h
[1.423s] -- Up-to-date symlink: /home/wheeltec/wheeltec_ros2/install/wheeltec_mic_msg/include/wheeltec_mic_msg/wheeltec_mic_msg/msg/detail/pcm_msg__rosidl_typesupport_introspection_c.h
[1.423s] -- Up-to-date symlink: /home/wheeltec/wheeltec_ros2/install/wheeltec_mic_msg/include/wheeltec_mic_msg/wheeltec_mic_msg/msg/rosidl_typesupport_introspection_c__visibility_control.h
[1.423s] -- Up-to-date symlink: /home/wheeltec/wheeltec_ros2/install/wheeltec_mic_msg/include/wheeltec_mic_msg/wheeltec_mic_msg/srv/detail/get_device_type__rosidl_typesupport_introspection_c.h
[1.424s] -- Up-to-date symlink: /home/wheeltec/wheeltec_ros2/install/wheeltec_mic_msg/include/wheeltec_mic_msg/wheeltec_mic_msg/srv/detail/get_offline_result__rosidl_typesupport_introspection_c.h
[1.424s] -- Up-to-date symlink: /home/wheeltec/wheeltec_ros2/install/wheeltec_mic_msg/include/wheeltec_mic_msg/wheeltec_mic_msg/srv/detail/set_awake_word__rosidl_typesupport_introspection_c.h
[1.424s] -- Up-to-date symlink: /home/wheeltec/wheeltec_ros2/install/wheeltec_mic_msg/include/wheeltec_mic_msg/wheeltec_mic_msg/srv/detail/set_major_mic__rosidl_typesupport_introspection_c.h
[1.424s] -- Up-to-date symlink: /home/wheeltec/wheeltec_ros2/install/wheeltec_mic_msg/include/wheeltec_mic_msg/wheeltec_mic_msg/srv/detail/switch_mic__rosidl_typesupport_introspection_c.h
[1.425s] -- Up-to-date symlink: /home/wheeltec/wheeltec_ros2/install/wheeltec_mic_msg/include/wheeltec_mic_msg/wheeltec_mic_msg/msg/detail/motion_control__rosidl_typesupport_introspection_cpp.hpp
[1.425s] -- Up-to-date symlink: /home/wheeltec/wheeltec_ros2/install/wheeltec_mic_msg/include/wheeltec_mic_msg/wheeltec_mic_msg/msg/detail/pcm_msg__rosidl_typesupport_introspection_cpp.hpp
[1.425s] -- Up-to-date symlink: /home/wheeltec/wheeltec_ros2/install/wheeltec_mic_msg/include/wheeltec_mic_msg/wheeltec_mic_msg/srv/detail/get_device_type__rosidl_typesupport_introspection_cpp.hpp
[1.426s] -- Up-to-date symlink: /home/wheeltec/wheeltec_ros2/install/wheeltec_mic_msg/include/wheeltec_mic_msg/wheeltec_mic_msg/srv/detail/get_offline_result__rosidl_typesupport_introspection_cpp.hpp
[1.426s] -- Up-to-date symlink: /home/wheeltec/wheeltec_ros2/install/wheeltec_mic_msg/include/wheeltec_mic_msg/wheeltec_mic_msg/srv/detail/set_awake_word__rosidl_typesupport_introspection_cpp.hpp
[1.428s] -- Up-to-date symlink: /home/wheeltec/wheeltec_ros2/install/wheeltec_mic_msg/include/wheeltec_mic_msg/wheeltec_mic_msg/srv/detail/set_major_mic__rosidl_typesupport_introspection_cpp.hpp
[1.428s] -- Up-to-date symlink: /home/wheeltec/wheeltec_ros2/install/wheeltec_mic_msg/include/wheeltec_mic_msg/wheeltec_mic_msg/srv/detail/switch_mic__rosidl_typesupport_introspection_cpp.hpp
[1.428s] -- Up-to-date symlink: /home/wheeltec/wheeltec_ros2/install/wheeltec_mic_msg/share/wheeltec_mic_msg/environment/pythonpath.sh
[1.429s] -- Up-to-date symlink: /home/wheeltec/wheeltec_ros2/install/wheeltec_mic_msg/share/wheeltec_mic_msg/environment/pythonpath.dsv
[1.429s] -- Up-to-date symlink: /home/wheeltec/wheeltec_ros2/install/wheeltec_mic_msg/local/lib/python3.10/dist-packages/wheeltec_mic_msg-0.0.0-py3.10.egg-info/PKG-INFO
[1.429s] -- Up-to-date symlink: /home/wheeltec/wheeltec_ros2/install/wheeltec_mic_msg/local/lib/python3.10/dist-packages/wheeltec_mic_msg-0.0.0-py3.10.egg-info/SOURCES.txt
[1.429s] -- Up-to-date symlink: /home/wheeltec/wheeltec_ros2/install/wheeltec_mic_msg/local/lib/python3.10/dist-packages/wheeltec_mic_msg-0.0.0-py3.10.egg-info/dependency_links.txt
[1.430s] -- Up-to-date symlink: /home/wheeltec/wheeltec_ros2/install/wheeltec_mic_msg/local/lib/python3.10/dist-packages/wheeltec_mic_msg-0.0.0-py3.10.egg-info/top_level.txt
[1.430s] -- Up-to-date symlink: /home/wheeltec/wheeltec_ros2/install/wheeltec_mic_msg/local/lib/python3.10/dist-packages/wheeltec_mic_msg/__init__.py
[1.430s] -- Up-to-date symlink: /home/wheeltec/wheeltec_ros2/install/wheeltec_mic_msg/local/lib/python3.10/dist-packages/wheeltec_mic_msg/_wheeltec_mic_msg_s.ep.rosidl_typesupport_c.c
[1.430s] -- Up-to-date symlink: /home/wheeltec/wheeltec_ros2/install/wheeltec_mic_msg/local/lib/python3.10/dist-packages/wheeltec_mic_msg/_wheeltec_mic_msg_s.ep.rosidl_typesupport_fastrtps_c.c
[1.434s] -- Up-to-date symlink: /home/wheeltec/wheeltec_ros2/install/wheeltec_mic_msg/local/lib/python3.10/dist-packages/wheeltec_mic_msg/_wheeltec_mic_msg_s.ep.rosidl_typesupport_introspection_c.c
[1.434s] -- Up-to-date symlink: /home/wheeltec/wheeltec_ros2/install/wheeltec_mic_msg/local/lib/python3.10/dist-packages/wheeltec_mic_msg/libwheeltec_mic_msg__rosidl_generator_py.so
[1.434s] -- Up-to-date symlink: /home/wheeltec/wheeltec_ros2/install/wheeltec_mic_msg/local/lib/python3.10/dist-packages/wheeltec_mic_msg/msg/__init__.py
[1.434s] -- Up-to-date symlink: /home/wheeltec/wheeltec_ros2/install/wheeltec_mic_msg/local/lib/python3.10/dist-packages/wheeltec_mic_msg/msg/_motion_control.py
[1.435s] -- Up-to-date symlink: /home/wheeltec/wheeltec_ros2/install/wheeltec_mic_msg/local/lib/python3.10/dist-packages/wheeltec_mic_msg/msg/_motion_control_s.c
[1.435s] -- Up-to-date symlink: /home/wheeltec/wheeltec_ros2/install/wheeltec_mic_msg/local/lib/python3.10/dist-packages/wheeltec_mic_msg/msg/_pcm_msg.py
[1.435s] -- Up-to-date symlink: /home/wheeltec/wheeltec_ros2/install/wheeltec_mic_msg/local/lib/python3.10/dist-packages/wheeltec_mic_msg/msg/_pcm_msg_s.c
[1.435s] -- Up-to-date symlink: /home/wheeltec/wheeltec_ros2/install/wheeltec_mic_msg/local/lib/python3.10/dist-packages/wheeltec_mic_msg/srv/__init__.py
[1.435s] -- Up-to-date symlink: /home/wheeltec/wheeltec_ros2/install/wheeltec_mic_msg/local/lib/python3.10/dist-packages/wheeltec_mic_msg/srv/_get_device_type.py
[1.435s] -- Up-to-date symlink: /home/wheeltec/wheeltec_ros2/install/wheeltec_mic_msg/local/lib/python3.10/dist-packages/wheeltec_mic_msg/srv/_get_device_type_s.c
[1.435s] -- Up-to-date symlink: /home/wheeltec/wheeltec_ros2/install/wheeltec_mic_msg/local/lib/python3.10/dist-packages/wheeltec_mic_msg/srv/_get_offline_result.py
[1.435s] -- Up-to-date symlink: /home/wheeltec/wheeltec_ros2/install/wheeltec_mic_msg/local/lib/python3.10/dist-packages/wheeltec_mic_msg/srv/_get_offline_result_s.c
[1.435s] -- Up-to-date symlink: /home/wheeltec/wheeltec_ros2/install/wheeltec_mic_msg/local/lib/python3.10/dist-packages/wheeltec_mic_msg/srv/_set_awake_word.py
[1.435s] -- Up-to-date symlink: /home/wheeltec/wheeltec_ros2/install/wheeltec_mic_msg/local/lib/python3.10/dist-packages/wheeltec_mic_msg/srv/_set_awake_word_s.c
[1.436s] -- Up-to-date symlink: /home/wheeltec/wheeltec_ros2/install/wheeltec_mic_msg/local/lib/python3.10/dist-packages/wheeltec_mic_msg/srv/_set_major_mic.py
[1.436s] -- Up-to-date symlink: /home/wheeltec/wheeltec_ros2/install/wheeltec_mic_msg/local/lib/python3.10/dist-packages/wheeltec_mic_msg/srv/_set_major_mic_s.c
[1.436s] -- Up-to-date symlink: /home/wheeltec/wheeltec_ros2/install/wheeltec_mic_msg/local/lib/python3.10/dist-packages/wheeltec_mic_msg/srv/_switch_mic.py
[1.437s] -- Up-to-date symlink: /home/wheeltec/wheeltec_ros2/install/wheeltec_mic_msg/local/lib/python3.10/dist-packages/wheeltec_mic_msg/srv/_switch_mic_s.c
[1.437s] -- Up-to-date symlink: /home/wheeltec/wheeltec_ros2/install/wheeltec_mic_msg/local/lib/python3.10/dist-packages/wheeltec_mic_msg/wheeltec_mic_msg_s__rosidl_typesupport_c.cpython-310-aarch64-linux-gnu.so
[1.438s] -- Up-to-date symlink: /home/wheeltec/wheeltec_ros2/install/wheeltec_mic_msg/local/lib/python3.10/dist-packages/wheeltec_mic_msg/wheeltec_mic_msg_s__rosidl_typesupport_fastrtps_c.cpython-310-aarch64-linux-gnu.so
[1.438s] -- Up-to-date symlink: /home/wheeltec/wheeltec_ros2/install/wheeltec_mic_msg/local/lib/python3.10/dist-packages/wheeltec_mic_msg/wheeltec_mic_msg_s__rosidl_typesupport_introspection_c.cpython-310-aarch64-linux-gnu.so
[1.438s] -- Up-to-date symlink: /home/wheeltec/wheeltec_ros2/install/wheeltec_mic_msg/local/lib/python3.10/dist-packages/wheeltec_mic_msg/wheeltec_mic_msg_s__rosidl_typesupport_fastrtps_c.cpython-310-aarch64-linux-gnu.so
[1.438s] -- Up-to-date symlink: /home/wheeltec/wheeltec_ros2/install/wheeltec_mic_msg/local/lib/python3.10/dist-packages/wheeltec_mic_msg/wheeltec_mic_msg_s__rosidl_typesupport_introspection_c.cpython-310-aarch64-linux-gnu.so
[1.439s] -- Up-to-date symlink: /home/wheeltec/wheeltec_ros2/install/wheeltec_mic_msg/local/lib/python3.10/dist-packages/wheeltec_mic_msg/wheeltec_mic_msg_s__rosidl_typesupport_c.cpython-310-aarch64-linux-gnu.so
[1.439s] -- Up-to-date symlink: /home/wheeltec/wheeltec_ros2/install/wheeltec_mic_msg/share/wheeltec_mic_msg/msg/PcmMsg.idl
[1.439s] -- Up-to-date symlink: /home/wheeltec/wheeltec_ros2/install/wheeltec_mic_msg/share/wheeltec_mic_msg/msg/MotionControl.idl
[1.440s] -- Up-to-date symlink: /home/wheeltec/wheeltec_ros2/install/wheeltec_mic_msg/share/wheeltec_mic_msg/srv/GetDeviceType.idl
[1.440s] -- Up-to-date symlink: /home/wheeltec/wheeltec_ros2/install/wheeltec_mic_msg/share/wheeltec_mic_msg/srv/GetOfflineResult.idl
[1.440s] -- Up-to-date symlink: /home/wheeltec/wheeltec_ros2/install/wheeltec_mic_msg/share/wheeltec_mic_msg/srv/SetAwakeWord.idl
[1.441s] -- Up-to-date symlink: /home/wheeltec/wheeltec_ros2/install/wheeltec_mic_msg/share/wheeltec_mic_msg/srv/SetMajorMic.idl
[1.443s] -- Up-to-date symlink: /home/wheeltec/wheeltec_ros2/install/wheeltec_mic_msg/share/wheeltec_mic_msg/srv/SwitchMic.idl
[1.445s] -- Up-to-date symlink: /home/wheeltec/wheeltec_ros2/install/wheeltec_mic_msg/share/wheeltec_mic_msg/msg/PcmMsg.msg
[1.445s] -- Up-to-date symlink: /home/wheeltec/wheeltec_ros2/install/wheeltec_mic_msg/share/wheeltec_mic_msg/msg/MotionControl.msg
[1.446s] -- Up-to-date symlink: /home/wheeltec/wheeltec_ros2/install/wheeltec_mic_msg/share/wheeltec_mic_msg/srv/GetDeviceType.srv
[1.446s] -- Up-to-date symlink: /home/wheeltec/wheeltec_ros2/install/wheeltec_mic_msg/share/wheeltec_mic_msg/srv/GetDeviceType_Request.msg
[1.451s] -- Up-to-date symlink: /home/wheeltec/wheeltec_ros2/install/wheeltec_mic_msg/share/wheeltec_mic_msg/srv/GetDeviceType_Response.msg
[1.452s] -- Up-to-date symlink: /home/wheeltec/wheeltec_ros2/install/wheeltec_mic_msg/share/wheeltec_mic_msg/srv/GetOfflineResult.srv
[1.452s] -- Up-to-date symlink: /home/wheeltec/wheeltec_ros2/install/wheeltec_mic_msg/share/wheeltec_mic_msg/srv/GetOfflineResult_Request.msg
[1.452s] -- Up-to-date symlink: /home/wheeltec/wheeltec_ros2/install/wheeltec_mic_msg/share/wheeltec_mic_msg/srv/GetOfflineResult_Response.msg
[1.452s] -- Up-to-date symlink: /home/wheeltec/wheeltec_ros2/install/wheeltec_mic_msg/share/wheeltec_mic_msg/srv/SetAwakeWord.srv
[1.452s] -- Up-to-date symlink: /home/wheeltec/wheeltec_ros2/install/wheeltec_mic_msg/share/wheeltec_mic_msg/srv/SetAwakeWord_Request.msg
[1.453s] -- Up-to-date symlink: /home/wheeltec/wheeltec_ros2/install/wheeltec_mic_msg/share/wheeltec_mic_msg/srv/SetAwakeWord_Response.msg
[1.453s] -- Up-to-date symlink: /home/wheeltec/wheeltec_ros2/install/wheeltec_mic_msg/share/wheeltec_mic_msg/srv/SetMajorMic.srv
[1.453s] -- Up-to-date symlink: /home/wheeltec/wheeltec_ros2/install/wheeltec_mic_msg/share/wheeltec_mic_msg/srv/SetMajorMic_Request.msg
[1.453s] -- Up-to-date symlink: /home/wheeltec/wheeltec_ros2/install/wheeltec_mic_msg/share/wheeltec_mic_msg/srv/SetMajorMic_Response.msg
[1.453s] -- Up-to-date symlink: /home/wheeltec/wheeltec_ros2/install/wheeltec_mic_msg/share/wheeltec_mic_msg/srv/SwitchMic.srv
[1.453s] -- Up-to-date symlink: /home/wheeltec/wheeltec_ros2/install/wheeltec_mic_msg/share/wheeltec_mic_msg/srv/SwitchMic_Request.msg
[1.454s] -- Up-to-date symlink: /home/wheeltec/wheeltec_ros2/install/wheeltec_mic_msg/share/wheeltec_mic_msg/srv/SwitchMic_Response.msg
[1.454s] -- Up-to-date symlink: /home/wheeltec/wheeltec_ros2/install/wheeltec_mic_msg/share/ament_index/resource_index/package_run_dependencies/wheeltec_mic_msg
[1.454s] -- Up-to-date symlink: /home/wheeltec/wheeltec_ros2/install/wheeltec_mic_msg/share/ament_index/resource_index/parent_prefix_path/wheeltec_mic_msg
[1.454s] -- Up-to-date symlink: /home/wheeltec/wheeltec_ros2/install/wheeltec_mic_msg/share/wheeltec_mic_msg/environment/ament_prefix_path.sh
[1.455s] -- Up-to-date symlink: /home/wheeltec/wheeltec_ros2/install/wheeltec_mic_msg/share/wheeltec_mic_msg/environment/ament_prefix_path.dsv
[1.455s] -- Up-to-date symlink: /home/wheeltec/wheeltec_ros2/install/wheeltec_mic_msg/share/wheeltec_mic_msg/environment/path.sh
[1.455s] -- Up-to-date symlink: /home/wheeltec/wheeltec_ros2/install/wheeltec_mic_msg/share/wheeltec_mic_msg/environment/path.dsv
[1.455s] -- Up-to-date symlink: /home/wheeltec/wheeltec_ros2/install/wheeltec_mic_msg/share/wheeltec_mic_msg/local_setup.bash
[1.455s] -- Up-to-date symlink: /home/wheeltec/wheeltec_ros2/install/wheeltec_mic_msg/share/wheeltec_mic_msg/local_setup.sh
[1.455s] -- Up-to-date symlink: /home/wheeltec/wheeltec_ros2/install/wheeltec_mic_msg/share/wheeltec_mic_msg/local_setup.zsh
[1.455s] -- Up-to-date symlink: /home/wheeltec/wheeltec_ros2/install/wheeltec_mic_msg/share/wheeltec_mic_msg/local_setup.dsv
[1.456s] -- Up-to-date symlink: /home/wheeltec/wheeltec_ros2/install/wheeltec_mic_msg/share/wheeltec_mic_msg/package.dsv
[1.456s] -- Up-to-date symlink: /home/wheeltec/wheeltec_ros2/install/wheeltec_mic_msg/share/ament_index/resource_index/packages/wheeltec_mic_msg
[1.465s] -- Up-to-date symlink: /home/wheeltec/wheeltec_ros2/install/wheeltec_mic_msg/share/wheeltec_mic_msg/cmake/rosidl_cmake-extras.cmake
[1.468s] -- Up-to-date symlink: /home/wheeltec/wheeltec_ros2/install/wheeltec_mic_msg/share/wheeltec_mic_msg/cmake/ament_cmake_export_dependencies-extras.cmake
[1.468s] -- Up-to-date symlink: /home/wheeltec/wheeltec_ros2/install/wheeltec_mic_msg/share/wheeltec_mic_msg/cmake/ament_cmake_export_include_directories-extras.cmake
[1.468s] -- Up-to-date symlink: /home/wheeltec/wheeltec_ros2/install/wheeltec_mic_msg/share/wheeltec_mic_msg/cmake/ament_cmake_export_libraries-extras.cmake
[1.469s] -- Up-to-date symlink: /home/wheeltec/wheeltec_ros2/install/wheeltec_mic_msg/share/wheeltec_mic_msg/cmake/ament_cmake_export_targets-extras.cmake
[1.469s] -- Up-to-date symlink: /home/wheeltec/wheeltec_ros2/install/wheeltec_mic_msg/share/wheeltec_mic_msg/cmake/rosidl_cmake_export_typesupport_targets-extras.cmake
[1.469s] -- Up-to-date symlink: /home/wheeltec/wheeltec_ros2/install/wheeltec_mic_msg/share/wheeltec_mic_msg/cmake/rosidl_cmake_export_typesupport_libraries-extras.cmake
[1.469s] -- Up-to-date symlink: /home/wheeltec/wheeltec_ros2/install/wheeltec_mic_msg/share/wheeltec_mic_msg/cmake/wheeltec_mic_msgConfig.cmake
[1.470s] -- Up-to-date symlink: /home/wheeltec/wheeltec_ros2/install/wheeltec_mic_msg/share/wheeltec_mic_msg/cmake/wheeltec_mic_msgConfig-version.cmake
[1.470s] -- Up-to-date symlink: /home/wheeltec/wheeltec_ros2/install/wheeltec_mic_msg/share/wheeltec_mic_msg/package.xml
[1.470s] -- Up-to-date: /home/wheeltec/wheeltec_ros2/install/wheeltec_mic_msg/lib/libwheeltec_mic_msg__rosidl_generator_c.so
[1.470s] -- Up-to-date: /home/wheeltec/wheeltec_ros2/install/wheeltec_mic_msg/lib/libwheeltec_mic_msg__rosidl_typesupport_fastrtps_c.so
[1.470s] -- Up-to-date: /home/wheeltec/wheeltec_ros2/install/wheeltec_mic_msg/lib/libwheeltec_mic_msg__rosidl_typesupport_fastrtps_cpp.so
[1.470s] -- Up-to-date: /home/wheeltec/wheeltec_ros2/install/wheeltec_mic_msg/lib/libwheeltec_mic_msg__rosidl_typesupport_introspection_c.so
[1.471s] -- Up-to-date: /home/wheeltec/wheeltec_ros2/install/wheeltec_mic_msg/lib/libwheeltec_mic_msg__rosidl_typesupport_c.so
[1.471s] -- Up-to-date: /home/wheeltec/wheeltec_ros2/install/wheeltec_mic_msg/lib/libwheeltec_mic_msg__rosidl_typesupport_introspection_cpp.so
[1.471s] -- Up-to-date: /home/wheeltec/wheeltec_ros2/install/wheeltec_mic_msg/lib/libwheeltec_mic_msg__rosidl_typesupport_cpp.so
[1.567s] Listing '/home/wheeltec/wheeltec_ros2/install/wheeltec_mic_msg/local/lib/python3.10/dist-packages/wheeltec_mic_msg'...
[1.567s] Listing '/home/wheeltec/wheeltec_ros2/install/wheeltec_mic_msg/local/lib/python3.10/dist-packages/wheeltec_mic_msg/msg'...
[1.567s] Listing '/home/wheeltec/wheeltec_ros2/install/wheeltec_mic_msg/local/lib/python3.10/dist-packages/wheeltec_mic_msg/srv'...
[1.582s] -- Up-to-date: /home/wheeltec/wheeltec_ros2/install/wheeltec_mic_msg/lib/libwheeltec_mic_msg__rosidl_generator_py.so
[1.583s] -- Up-to-date: /home/wheeltec/wheeltec_ros2/install/wheeltec_mic_msg/share/wheeltec_mic_msg/cmake/export_wheeltec_mic_msg__rosidl_generator_cExport.cmake
[1.583s] -- Up-to-date: /home/wheeltec/wheeltec_ros2/install/wheeltec_mic_msg/share/wheeltec_mic_msg/cmake/export_wheeltec_mic_msg__rosidl_generator_cExport-noconfig.cmake
[1.583s] -- Up-to-date: /home/wheeltec/wheeltec_ros2/install/wheeltec_mic_msg/share/wheeltec_mic_msg/cmake/export_wheeltec_mic_msg__rosidl_typesupport_fastrtps_cExport.cmake
[1.583s] -- Up-to-date: /home/wheeltec/wheeltec_ros2/install/wheeltec_mic_msg/share/wheeltec_mic_msg/cmake/export_wheeltec_mic_msg__rosidl_typesupport_fastrtps_cExport-noconfig.cmake
[1.584s] -- Up-to-date: /home/wheeltec/wheeltec_ros2/install/wheeltec_mic_msg/share/wheeltec_mic_msg/cmake/export_wheeltec_mic_msg__rosidl_generator_cppExport.cmake
[1.584s] -- Up-to-date: /home/wheeltec/wheeltec_ros2/install/wheeltec_mic_msg/share/wheeltec_mic_msg/cmake/export_wheeltec_mic_msg__rosidl_typesupport_fastrtps_cppExport.cmake
[1.584s] -- Up-to-date: /home/wheeltec/wheeltec_ros2/install/wheeltec_mic_msg/share/wheeltec_mic_msg/cmake/export_wheeltec_mic_msg__rosidl_typesupport_fastrtps_cppExport-noconfig.cmake
[1.584s] -- Up-to-date: /home/wheeltec/wheeltec_ros2/install/wheeltec_mic_msg/share/wheeltec_mic_msg/cmake/wheeltec_mic_msg__rosidl_typesupport_introspection_cExport.cmake
[1.584s] -- Up-to-date: /home/wheeltec/wheeltec_ros2/install/wheeltec_mic_msg/share/wheeltec_mic_msg/cmake/wheeltec_mic_msg__rosidl_typesupport_introspection_cExport-noconfig.cmake
[1.584s] -- Up-to-date: /home/wheeltec/wheeltec_ros2/install/wheeltec_mic_msg/share/wheeltec_mic_msg/cmake/wheeltec_mic_msg__rosidl_typesupport_cExport.cmake
[1.584s] -- Up-to-date: /home/wheeltec/wheeltec_ros2/install/wheeltec_mic_msg/share/wheeltec_mic_msg/cmake/wheeltec_mic_msg__rosidl_typesupport_cExport-noconfig.cmake
[1.584s] -- Up-to-date: /home/wheeltec/wheeltec_ros2/install/wheeltec_mic_msg/share/wheeltec_mic_msg/cmake/wheeltec_mic_msg__rosidl_typesupport_introspection_cppExport.cmake
[1.584s] -- Up-to-date: /home/wheeltec/wheeltec_ros2/install/wheeltec_mic_msg/share/wheeltec_mic_msg/cmake/wheeltec_mic_msg__rosidl_typesupport_introspection_cppExport-noconfig.cmake
[1.585s] -- Up-to-date: /home/wheeltec/wheeltec_ros2/install/wheeltec_mic_msg/share/wheeltec_mic_msg/cmake/wheeltec_mic_msg__rosidl_typesupport_cppExport.cmake
[1.585s] -- Up-to-date: /home/wheeltec/wheeltec_ros2/install/wheeltec_mic_msg/share/wheeltec_mic_msg/cmake/wheeltec_mic_msg__rosidl_typesupport_cppExport-noconfig.cmake
[1.585s] -- Up-to-date: /home/wheeltec/wheeltec_ros2/install/wheeltec_mic_msg/share/wheeltec_mic_msg/cmake/export_wheeltec_mic_msg__rosidl_generator_pyExport.cmake
[1.585s] -- Up-to-date: /home/wheeltec/wheeltec_ros2/install/wheeltec_mic_msg/share/wheeltec_mic_msg/cmake/export_wheeltec_mic_msg__rosidl_generator_pyExport-noconfig.cmake
[2.374s] Invoked command in '/home/wheeltec/wheeltec_ros2/build/wheeltec_mic_msg' returned '0': CMAKE_PREFIX_PATH=${CMAKE_PREFIX_PATH}:/home/wheeltec/wheeltec_ros2/install/auto_recharge_ros2:/home/wheeltec/autoware/install/autoware_wheeltec_interface:/home/wheeltec/autoware/install/ad_api_visualizers:/opt/ros/humble /usr/bin/cmake --install /home/wheeltec/wheeltec_ros2/build/wheeltec_mic_msg
