gmake: Warning: File 'Makefile' has modification time 1766048941 s in the future
gmake[1]: Warning: File 'CMakeFiles/Makefile2' has modification time 1766048940 s in the future
gmake[2]: Warning: File 'gtest/CMakeFiles/gtest_main.dir/flags.make' has modification time 1766048940 s in the future
gmake[2]: Warning: File 'CMakeFiles/nav2_lifecycle_manager_core.dir/flags.make' has modification time 1766048940 s in the future
gmake[2]: Warning: File 'gtest/CMakeFiles/gtest.dir/flags.make' has modification time 1766048940 s in the future
gmake[2]: warning:  Clock skew detected.  Your build may be incomplete.
gmake[2]: warning:  Clock skew detected.  Your build may be incomplete.
gmake[2]: warning:  Clock skew detected.  Your build may be incomplete.
gmake[2]: Warning: File 'CMakeFiles/nav2_lifecycle_manager_core.dir/flags.make' has modification time 1766048940 s in the future
gmake[2]: Warning: File 'gtest/CMakeFiles/gtest.dir/flags.make' has modification time 1766048940 s in the future
gmake[2]: warning:  Clock skew detected.  Your build may be incomplete.
gmake[2]: Warning: File 'gtest/CMakeFiles/gtest_main.dir/flags.make' has modification time 1766048940 s in the future
gmake[2]: warning:  Clock skew detected.  Your build may be incomplete.
gmake[2]: warning:  Clock skew detected.  Your build may be incomplete.
gmake[2]: Warning: File 'CMakeFiles/lifecycle_manager.dir/flags.make' has modification time 1766048939 s in the future
gmake[2]: Warning: File 'test/CMakeFiles/test_lifecycle_gtest.dir/flags.make' has modification time 1766048939 s in the future
gmake[2]: Warning: File 'test/CMakeFiles/test_bond_gtest.dir/flags.make' has modification time 1766048939 s in the future
gmake[2]: warning:  Clock skew detected.  Your build may be incomplete.
gmake[2]: Warning: File 'CMakeFiles/lifecycle_manager.dir/flags.make' has modification time 1766048939 s in the future
gmake[2]: warning:  Clock skew detected.  Your build may be incomplete.
gmake[2]: warning:  Clock skew detected.  Your build may be incomplete.
gmake[2]: warning:  Clock skew detected.  Your build may be incomplete.
gmake[2]: Warning: File 'test/CMakeFiles/test_lifecycle_gtest.dir/flags.make' has modification time 1766048939 s in the future
gmake[2]: warning:  Clock skew detected.  Your build may be incomplete.
gmake[2]: Warning: File 'test/CMakeFiles/test_bond_gtest.dir/flags.make' has modification time 1766048939 s in the future
gmake[2]: warning:  Clock skew detected.  Your build may be incomplete.
gmake[1]: warning:  Clock skew detected.  Your build may be incomplete.
gmake: warning:  Clock skew detected.  Your build may be incomplete.
