gmake: Warning: File 'Makefile' has modification time 1766048941 s in the future
gmake[1]: Warning: File 'CMakeFiles/Makefile2' has modification time 1766048940 s in the future
gmake[2]: Warning: File 'gtest/CMakeFiles/gtest_main.dir/flags.make' has modification time 1766048940 s in the future
gmake[2]: Warning: File 'CMakeFiles/nav2_lifecycle_manager_core.dir/flags.make' has modification time 1766048940 s in the future
gmake[2]: Warning: File 'gtest/CMakeFiles/gtest.dir/flags.make' has modification time 1766048940 s in the future
gmake[2]: warning:  Clock skew detected.  Your build may be incomplete.
gmake[2]: warning:  Clock skew detected.  Your build may be incomplete.
gmake[2]: warning:  Clock skew detected.  Your build may be incomplete.
gmake[2]: Warning: File 'CMakeFiles/nav2_lifecycle_manager_core.dir/flags.make' has modification time 1766048940 s in the future
gmake[2]: Warning: File 'gtest/CMakeFiles/gtest.dir/flags.make' has modification time 1766048940 s in the future
gmake[2]: warning:  Clock skew detected.  Your build may be incomplete.
gmake[2]: Warning: File 'gtest/CMakeFiles/gtest_main.dir/flags.make' has modification time 1766048940 s in the future
gmake[2]: warning:  Clock skew detected.  Your build may be incomplete.
gmake[2]: warning:  Clock skew detected.  Your build may be incomplete.
[ 15%] Built target gtest
[ 38%] Built target nav2_lifecycle_manager_core
gmake[2]: Warning: File 'CMakeFiles/lifecycle_manager.dir/flags.make' has modification time 1766048939 s in the future
[ 53%] Built target gtest_main
gmake[2]: Warning: File 'test/CMakeFiles/test_lifecycle_gtest.dir/flags.make' has modification time 1766048939 s in the future
gmake[2]: Warning: File 'test/CMakeFiles/test_bond_gtest.dir/flags.make' has modification time 1766048939 s in the future
gmake[2]: warning:  Clock skew detected.  Your build may be incomplete.
gmake[2]: Warning: File 'CMakeFiles/lifecycle_manager.dir/flags.make' has modification time 1766048939 s in the future
gmake[2]: warning:  Clock skew detected.  Your build may be incomplete.
gmake[2]: warning:  Clock skew detected.  Your build may be incomplete.
gmake[2]: warning:  Clock skew detected.  Your build may be incomplete.
gmake[2]: Warning: File 'test/CMakeFiles/test_lifecycle_gtest.dir/flags.make' has modification time 1766048939 s in the future
gmake[2]: warning:  Clock skew detected.  Your build may be incomplete.
gmake[2]: Warning: File 'test/CMakeFiles/test_bond_gtest.dir/flags.make' has modification time 1766048939 s in the future
gmake[2]: warning:  Clock skew detected.  Your build may be incomplete.
[ 69%] Built target lifecycle_manager
[ 84%] Built target test_bond_gtest
[100%] Built target test_lifecycle_gtest
gmake[1]: warning:  Clock skew detected.  Your build may be incomplete.
gmake: warning:  Clock skew detected.  Your build may be incomplete.
-- Install configuration: "Release"
-- Execute custom install script
-- Up-to-date symlink: /home/wheeltec/wheeltec_ros2/install/nav2_lifecycle_manager/lib/libnav2_lifecycle_manager_core.so
-- Up-to-date symlink: /home/wheeltec/wheeltec_ros2/install/nav2_lifecycle_manager/lib/nav2_lifecycle_manager/lifecycle_manager
-- Up-to-date symlink: /home/wheeltec/wheeltec_ros2/install/nav2_lifecycle_manager/include//nav2_lifecycle_manager/lifecycle_manager.hpp
-- Up-to-date symlink: /home/wheeltec/wheeltec_ros2/install/nav2_lifecycle_manager/include//nav2_lifecycle_manager/lifecycle_manager_client.hpp
-- Up-to-date symlink: /home/wheeltec/wheeltec_ros2/install/nav2_lifecycle_manager/share/nav2_lifecycle_manager/environment/library_path.sh
-- Up-to-date symlink: /home/wheeltec/wheeltec_ros2/install/nav2_lifecycle_manager/share/nav2_lifecycle_manager/environment/library_path.dsv
-- Up-to-date symlink: /home/wheeltec/wheeltec_ros2/install/nav2_lifecycle_manager/share/ament_index/resource_index/package_run_dependencies/nav2_lifecycle_manager
-- Up-to-date symlink: /home/wheeltec/wheeltec_ros2/install/nav2_lifecycle_manager/share/ament_index/resource_index/parent_prefix_path/nav2_lifecycle_manager
-- Up-to-date symlink: /home/wheeltec/wheeltec_ros2/install/nav2_lifecycle_manager/share/nav2_lifecycle_manager/environment/ament_prefix_path.sh
-- Up-to-date symlink: /home/wheeltec/wheeltec_ros2/install/nav2_lifecycle_manager/share/nav2_lifecycle_manager/environment/ament_prefix_path.dsv
-- Up-to-date symlink: /home/wheeltec/wheeltec_ros2/install/nav2_lifecycle_manager/share/nav2_lifecycle_manager/environment/path.sh
-- Up-to-date symlink: /home/wheeltec/wheeltec_ros2/install/nav2_lifecycle_manager/share/nav2_lifecycle_manager/environment/path.dsv
-- Up-to-date symlink: /home/wheeltec/wheeltec_ros2/install/nav2_lifecycle_manager/share/nav2_lifecycle_manager/local_setup.bash
-- Up-to-date symlink: /home/wheeltec/wheeltec_ros2/install/nav2_lifecycle_manager/share/nav2_lifecycle_manager/local_setup.sh
-- Up-to-date symlink: /home/wheeltec/wheeltec_ros2/install/nav2_lifecycle_manager/share/nav2_lifecycle_manager/local_setup.zsh
-- Up-to-date symlink: /home/wheeltec/wheeltec_ros2/install/nav2_lifecycle_manager/share/nav2_lifecycle_manager/local_setup.dsv
-- Symlinking: /home/wheeltec/wheeltec_ros2/install/nav2_lifecycle_manager/share/nav2_lifecycle_manager/package.dsv
-- Up-to-date symlink: /home/wheeltec/wheeltec_ros2/install/nav2_lifecycle_manager/share/ament_index/resource_index/packages/nav2_lifecycle_manager
-- Up-to-date symlink: /home/wheeltec/wheeltec_ros2/install/nav2_lifecycle_manager/share/ament_index/resource_index/rclcpp_components/nav2_lifecycle_manager
-- Up-to-date symlink: /home/wheeltec/wheeltec_ros2/install/nav2_lifecycle_manager/share/nav2_lifecycle_manager/cmake/ament_cmake_export_include_directories-extras.cmake
-- Up-to-date symlink: /home/wheeltec/wheeltec_ros2/install/nav2_lifecycle_manager/share/nav2_lifecycle_manager/cmake/ament_cmake_export_libraries-extras.cmake
-- Up-to-date symlink: /home/wheeltec/wheeltec_ros2/install/nav2_lifecycle_manager/share/nav2_lifecycle_manager/cmake/ament_cmake_export_dependencies-extras.cmake
-- Up-to-date symlink: /home/wheeltec/wheeltec_ros2/install/nav2_lifecycle_manager/share/nav2_lifecycle_manager/cmake/nav2_lifecycle_managerConfig.cmake
-- Up-to-date symlink: /home/wheeltec/wheeltec_ros2/install/nav2_lifecycle_manager/share/nav2_lifecycle_manager/cmake/nav2_lifecycle_managerConfig-version.cmake
-- Up-to-date symlink: /home/wheeltec/wheeltec_ros2/install/nav2_lifecycle_manager/share/nav2_lifecycle_manager/package.xml
