[1.093s] Invoking command in '/home/wheeltec/wheeltec_ros2/build/wheeltec_joy': CMAKE_PREFIX_PATH=${CMAKE_PREFIX_PATH}:/home/wheeltec/wheeltec_ros2/install/simple_follower_ros2:/home/wheeltec/wheeltec_ros2/install/wheeltec_robot_keyboard:/home/wheeltec/wheeltec_ros2/install/wheeltec_dual_rtk_driver:/home/wheeltec/wheeltec_ros2/install/ultralytics_ros2:/home/wheeltec/wheeltec_ros2/install/tf2_tools:/home/wheeltec/wheeltec_ros2/install/ollama_ros_chat:/home/wheeltec/wheeltec_ros2/install/nmea_navsat_driver:/home/wheeltec/wheeltec_ros2/install/nav2_waypoint_cycle:/home/wheeltec/wheeltec_ros2/install/nav2_simple_commander:/home/wheeltec/wheeltec_ros2/install/auto_recharge_ros2:/home/wheeltec/autoware/install/autoware_wheeltec_interface:/home/wheeltec/autoware/install/ad_api_visualizers:/opt/ros/humble /usr/bin/cmake --build /home/wheeltec/wheeltec_ros2/build/wheeltec_joy -- -j6 -l6
[1.568s] [100%] Built target wheeltec_joy
[1.648s] Invoked command in '/home/wheeltec/wheeltec_ros2/build/wheeltec_joy' returned '0': CMAKE_PREFIX_PATH=${CMAKE_PREFIX_PATH}:/home/wheeltec/wheeltec_ros2/install/simple_follower_ros2:/home/wheeltec/wheeltec_ros2/install/wheeltec_robot_keyboard:/home/wheeltec/wheeltec_ros2/install/wheeltec_dual_rtk_driver:/home/wheeltec/wheeltec_ros2/install/ultralytics_ros2:/home/wheeltec/wheeltec_ros2/install/tf2_tools:/home/wheeltec/wheeltec_ros2/install/ollama_ros_chat:/home/wheeltec/wheeltec_ros2/install/nmea_navsat_driver:/home/wheeltec/wheeltec_ros2/install/nav2_waypoint_cycle:/home/wheeltec/wheeltec_ros2/install/nav2_simple_commander:/home/wheeltec/wheeltec_ros2/install/auto_recharge_ros2:/home/wheeltec/autoware/install/autoware_wheeltec_interface:/home/wheeltec/autoware/install/ad_api_visualizers:/opt/ros/humble /usr/bin/cmake --build /home/wheeltec/wheeltec_ros2/build/wheeltec_joy -- -j6 -l6
[1.659s] Invoking command in '/home/wheeltec/wheeltec_ros2/build/wheeltec_joy': CMAKE_PREFIX_PATH=${CMAKE_PREFIX_PATH}:/home/wheeltec/wheeltec_ros2/install/simple_follower_ros2:/home/wheeltec/wheeltec_ros2/install/wheeltec_robot_keyboard:/home/wheeltec/wheeltec_ros2/install/wheeltec_dual_rtk_driver:/home/wheeltec/wheeltec_ros2/install/ultralytics_ros2:/home/wheeltec/wheeltec_ros2/install/tf2_tools:/home/wheeltec/wheeltec_ros2/install/ollama_ros_chat:/home/wheeltec/wheeltec_ros2/install/nmea_navsat_driver:/home/wheeltec/wheeltec_ros2/install/nav2_waypoint_cycle:/home/wheeltec/wheeltec_ros2/install/nav2_simple_commander:/home/wheeltec/wheeltec_ros2/install/auto_recharge_ros2:/home/wheeltec/autoware/install/autoware_wheeltec_interface:/home/wheeltec/autoware/install/ad_api_visualizers:/opt/ros/humble /usr/bin/cmake --install /home/wheeltec/wheeltec_ros2/build/wheeltec_joy
[1.733s] -- Install configuration: ""
[1.734s] -- Execute custom install script
[1.737s] -- Up-to-date symlink: /home/wheeltec/wheeltec_ros2/install/wheeltec_joy/lib/wheeltec_joy/wheeltec_joy
[1.738s] -- Up-to-date symlink: /home/wheeltec/wheeltec_ros2/install/wheeltec_joy/share/wheeltec_joy/launch/only_joy.launch.py
[1.738s] -- Up-to-date symlink: /home/wheeltec/wheeltec_ros2/install/wheeltec_joy/share/wheeltec_joy/launch/wheeltec_joy.launch.py
[1.738s] -- Up-to-date symlink: /home/wheeltec/wheeltec_ros2/install/wheeltec_joy/share/ament_index/resource_index/package_run_dependencies/wheeltec_joy
[1.738s] -- Up-to-date symlink: /home/wheeltec/wheeltec_ros2/install/wheeltec_joy/share/ament_index/resource_index/parent_prefix_path/wheeltec_joy
[1.738s] -- Up-to-date symlink: /home/wheeltec/wheeltec_ros2/install/wheeltec_joy/share/wheeltec_joy/environment/ament_prefix_path.sh
[1.738s] -- Up-to-date symlink: /home/wheeltec/wheeltec_ros2/install/wheeltec_joy/share/wheeltec_joy/environment/ament_prefix_path.dsv
[1.739s] -- Up-to-date symlink: /home/wheeltec/wheeltec_ros2/install/wheeltec_joy/share/wheeltec_joy/environment/path.sh
[1.739s] -- Up-to-date symlink: /home/wheeltec/wheeltec_ros2/install/wheeltec_joy/share/wheeltec_joy/environment/path.dsv
[1.745s] -- Up-to-date symlink: /home/wheeltec/wheeltec_ros2/install/wheeltec_joy/share/wheeltec_joy/local_setup.bash
[1.745s] -- Up-to-date symlink: /home/wheeltec/wheeltec_ros2/install/wheeltec_joy/share/wheeltec_joy/local_setup.sh
[1.745s] -- Up-to-date symlink: /home/wheeltec/wheeltec_ros2/install/wheeltec_joy/share/wheeltec_joy/local_setup.zsh
[1.745s] -- Up-to-date symlink: /home/wheeltec/wheeltec_ros2/install/wheeltec_joy/share/wheeltec_joy/local_setup.dsv
[1.745s] -- Symlinking: /home/wheeltec/wheeltec_ros2/install/wheeltec_joy/share/wheeltec_joy/package.dsv
[1.821s] -- Up-to-date symlink: /home/wheeltec/wheeltec_ros2/install/wheeltec_joy/share/ament_index/resource_index/packages/wheeltec_joy
[1.821s] -- Up-to-date symlink: /home/wheeltec/wheeltec_ros2/install/wheeltec_joy/share/wheeltec_joy/cmake/wheeltec_joyConfig.cmake
[1.822s] -- Up-to-date symlink: /home/wheeltec/wheeltec_ros2/install/wheeltec_joy/share/wheeltec_joy/cmake/wheeltec_joyConfig-version.cmake
[1.822s] -- Up-to-date symlink: /home/wheeltec/wheeltec_ros2/install/wheeltec_joy/share/wheeltec_joy/package.xml
[1.860s] Invoked command in '/home/wheeltec/wheeltec_ros2/build/wheeltec_joy' returned '0': CMAKE_PREFIX_PATH=${CMAKE_PREFIX_PATH}:/home/wheeltec/wheeltec_ros2/install/simple_follower_ros2:/home/wheeltec/wheeltec_ros2/install/wheeltec_robot_keyboard:/home/wheeltec/wheeltec_ros2/install/wheeltec_dual_rtk_driver:/home/wheeltec/wheeltec_ros2/install/ultralytics_ros2:/home/wheeltec/wheeltec_ros2/install/tf2_tools:/home/wheeltec/wheeltec_ros2/install/ollama_ros_chat:/home/wheeltec/wheeltec_ros2/install/nmea_navsat_driver:/home/wheeltec/wheeltec_ros2/install/nav2_waypoint_cycle:/home/wheeltec/wheeltec_ros2/install/nav2_simple_commander:/home/wheeltec/wheeltec_ros2/install/auto_recharge_ros2:/home/wheeltec/autoware/install/autoware_wheeltec_interface:/home/wheeltec/autoware/install/ad_api_visualizers:/opt/ros/humble /usr/bin/cmake --install /home/wheeltec/wheeltec_ros2/build/wheeltec_joy
