[0.076s] Invoking command in '/home/wheeltec/wheeltec_ros2/build/cloud_msgs': CMAKE_PREFIX_PATH=${CMAKE_PREFIX_PATH}:/home/wheeltec/wheeltec_ros2/install/auto_recharge_ros2:/home/wheeltec/autoware/install/autoware_wheeltec_interface:/home/wheeltec/autoware/install/ad_api_visualizers:/opt/ros/humble /usr/bin/cmake --build /home/wheeltec/wheeltec_ros2/build/cloud_msgs -- -j6 -l6
[0.183s] [35m[1mConsolidate compiler generated dependencies of target cloud_msgs__rosidl_generator_c[0m
[0.205s] [  3%] Built target cloud_msgs__cpp
[0.220s] [ 12%] Built target cloud_msgs__rosidl_generator_c
[0.229s] [35m[1mConsolidate compiler generated dependencies of target cloud_msgs__rosidl_typesupport_cpp[0m
[0.239s] [35m[1mConsolidate compiler generated dependencies of target cloud_msgs__rosidl_typesupport_fastrtps_cpp[0m
[0.246s] [35m[1mConsolidate compiler generated dependencies of target cloud_msgs__rosidl_typesupport_introspection_cpp[0m
[0.261s] [35m[1mConsolidate compiler generated dependencies of target cloud_msgs__rosidl_typesupport_introspection_c[0m
[0.261s] [ 12%] Built target ament_cmake_python_symlink_cloud_msgs
[0.264s] [35m[1mConsolidate compiler generated dependencies of target cloud_msgs__rosidl_typesupport_c[0m
[0.267s] [ 22%] Built target cloud_msgs__rosidl_typesupport_cpp
[0.285s] [ 32%] Built target cloud_msgs__rosidl_typesupport_fastrtps_cpp
[0.287s] [ 41%] Built target cloud_msgs__rosidl_typesupport_introspection_cpp
[0.304s] [35m[1mConsolidate compiler generated dependencies of target cloud_msgs__rosidl_typesupport_fastrtps_c[0m
[0.305s] [ 51%] Built target cloud_msgs__rosidl_typesupport_introspection_c
[0.313s] [ 61%] Built target cloud_msgs__rosidl_typesupport_c
[0.359s] [ 70%] Built target cloud_msgs__rosidl_typesupport_fastrtps_c
[0.419s] [ 70%] Built target cloud_msgs
[0.488s] [ 74%] Built target cloud_msgs__py
[0.542s] [35m[1mConsolidate compiler generated dependencies of target cloud_msgs__rosidl_generator_py[0m
[0.610s] [ 80%] Built target cloud_msgs__rosidl_generator_py
[0.630s] [35m[1mConsolidate compiler generated dependencies of target cloud_msgs__rosidl_typesupport_introspection_c__pyext[0m
[0.639s] [35m[1mConsolidate compiler generated dependencies of target cloud_msgs__rosidl_typesupport_c__pyext[0m
[0.640s] [35m[1mConsolidate compiler generated dependencies of target cloud_msgs__rosidl_typesupport_fastrtps_c__pyext[0m
[0.686s] [ 87%] Built target cloud_msgs__rosidl_typesupport_introspection_c__pyext
[0.686s] [ 93%] Built target cloud_msgs__rosidl_typesupport_fastrtps_c__pyext
[0.703s] [100%] Built target cloud_msgs__rosidl_typesupport_c__pyext
[1.122s] running egg_info
[1.123s] writing cloud_msgs.egg-info/PKG-INFO
[1.123s] writing dependency_links to cloud_msgs.egg-info/dependency_links.txt
[1.124s] writing top-level names to cloud_msgs.egg-info/top_level.txt
[1.138s] reading manifest file 'cloud_msgs.egg-info/SOURCES.txt'
[1.139s] writing manifest file 'cloud_msgs.egg-info/SOURCES.txt'
[1.234s] [100%] Built target ament_cmake_python_build_cloud_msgs_egg
[1.294s] Invoked command in '/home/wheeltec/wheeltec_ros2/build/cloud_msgs' returned '0': CMAKE_PREFIX_PATH=${CMAKE_PREFIX_PATH}:/home/wheeltec/wheeltec_ros2/install/auto_recharge_ros2:/home/wheeltec/autoware/install/autoware_wheeltec_interface:/home/wheeltec/autoware/install/ad_api_visualizers:/opt/ros/humble /usr/bin/cmake --build /home/wheeltec/wheeltec_ros2/build/cloud_msgs -- -j6 -l6
[1.295s] Invoking command in '/home/wheeltec/wheeltec_ros2/build/cloud_msgs': CMAKE_PREFIX_PATH=${CMAKE_PREFIX_PATH}:/home/wheeltec/wheeltec_ros2/install/auto_recharge_ros2:/home/wheeltec/autoware/install/autoware_wheeltec_interface:/home/wheeltec/autoware/install/ad_api_visualizers:/opt/ros/humble /usr/bin/cmake --install /home/wheeltec/wheeltec_ros2/build/cloud_msgs
[1.305s] -- Install configuration: ""
[1.305s] -- Execute custom install script
[1.305s] -- Up-to-date symlink: /home/wheeltec/wheeltec_ros2/install/cloud_msgs/share/ament_index/resource_index/rosidl_interfaces/cloud_msgs
[1.306s] -- Up-to-date symlink: /home/wheeltec/wheeltec_ros2/install/cloud_msgs/include/cloud_msgs/cloud_msgs/msg/cloud_info.h
[1.306s] -- Up-to-date symlink: /home/wheeltec/wheeltec_ros2/install/cloud_msgs/include/cloud_msgs/cloud_msgs/msg/detail/cloud_info__functions.h
[1.308s] -- Up-to-date symlink: /home/wheeltec/wheeltec_ros2/install/cloud_msgs/include/cloud_msgs/cloud_msgs/msg/detail/cloud_info__struct.h
[1.308s] -- Up-to-date symlink: /home/wheeltec/wheeltec_ros2/install/cloud_msgs/include/cloud_msgs/cloud_msgs/msg/detail/cloud_info__type_support.h
[1.308s] -- Up-to-date symlink: /home/wheeltec/wheeltec_ros2/install/cloud_msgs/include/cloud_msgs/cloud_msgs/msg/rosidl_generator_c__visibility_control.h
[1.308s] -- Up-to-date symlink: /home/wheeltec/wheeltec_ros2/install/cloud_msgs/share/cloud_msgs/environment/library_path.sh
[1.309s] -- Up-to-date symlink: /home/wheeltec/wheeltec_ros2/install/cloud_msgs/share/cloud_msgs/environment/library_path.dsv
[1.309s] -- Up-to-date symlink: /home/wheeltec/wheeltec_ros2/install/cloud_msgs/include/cloud_msgs/cloud_msgs/msg/detail/cloud_info__rosidl_typesupport_fastrtps_c.h
[1.309s] -- Up-to-date symlink: /home/wheeltec/wheeltec_ros2/install/cloud_msgs/include/cloud_msgs/cloud_msgs/msg/rosidl_typesupport_fastrtps_c__visibility_control.h
[1.309s] -- Up-to-date symlink: /home/wheeltec/wheeltec_ros2/install/cloud_msgs/include/cloud_msgs/cloud_msgs/msg/cloud_info.hpp
[1.309s] -- Up-to-date symlink: /home/wheeltec/wheeltec_ros2/install/cloud_msgs/include/cloud_msgs/cloud_msgs/msg/detail/cloud_info__builder.hpp
[1.309s] -- Up-to-date symlink: /home/wheeltec/wheeltec_ros2/install/cloud_msgs/include/cloud_msgs/cloud_msgs/msg/detail/cloud_info__struct.hpp
[1.309s] -- Up-to-date symlink: /home/wheeltec/wheeltec_ros2/install/cloud_msgs/include/cloud_msgs/cloud_msgs/msg/detail/cloud_info__traits.hpp
[1.309s] -- Up-to-date symlink: /home/wheeltec/wheeltec_ros2/install/cloud_msgs/include/cloud_msgs/cloud_msgs/msg/detail/cloud_info__type_support.hpp
[1.309s] -- Up-to-date symlink: /home/wheeltec/wheeltec_ros2/install/cloud_msgs/include/cloud_msgs/cloud_msgs/msg/rosidl_generator_cpp__visibility_control.hpp
[1.310s] -- Up-to-date symlink: /home/wheeltec/wheeltec_ros2/install/cloud_msgs/include/cloud_msgs/cloud_msgs/msg/detail/cloud_info__rosidl_typesupport_fastrtps_cpp.hpp
[1.310s] -- Up-to-date symlink: /home/wheeltec/wheeltec_ros2/install/cloud_msgs/include/cloud_msgs/cloud_msgs/msg/rosidl_typesupport_fastrtps_cpp__visibility_control.h
[1.310s] -- Up-to-date symlink: /home/wheeltec/wheeltec_ros2/install/cloud_msgs/include/cloud_msgs/cloud_msgs/msg/detail/cloud_info__rosidl_typesupport_introspection_c.h
[1.310s] -- Up-to-date symlink: /home/wheeltec/wheeltec_ros2/install/cloud_msgs/include/cloud_msgs/cloud_msgs/msg/rosidl_typesupport_introspection_c__visibility_control.h
[1.311s] -- Up-to-date symlink: /home/wheeltec/wheeltec_ros2/install/cloud_msgs/include/cloud_msgs/cloud_msgs/msg/detail/cloud_info__rosidl_typesupport_introspection_cpp.hpp
[1.312s] -- Up-to-date symlink: /home/wheeltec/wheeltec_ros2/install/cloud_msgs/share/cloud_msgs/environment/pythonpath.sh
[1.312s] -- Up-to-date symlink: /home/wheeltec/wheeltec_ros2/install/cloud_msgs/share/cloud_msgs/environment/pythonpath.dsv
[1.312s] -- Up-to-date symlink: /home/wheeltec/wheeltec_ros2/install/cloud_msgs/local/lib/python3.10/dist-packages/cloud_msgs-1.0.0-py3.10.egg-info/PKG-INFO
[1.312s] -- Up-to-date symlink: /home/wheeltec/wheeltec_ros2/install/cloud_msgs/local/lib/python3.10/dist-packages/cloud_msgs-1.0.0-py3.10.egg-info/SOURCES.txt
[1.312s] -- Up-to-date symlink: /home/wheeltec/wheeltec_ros2/install/cloud_msgs/local/lib/python3.10/dist-packages/cloud_msgs-1.0.0-py3.10.egg-info/dependency_links.txt
[1.312s] -- Up-to-date symlink: /home/wheeltec/wheeltec_ros2/install/cloud_msgs/local/lib/python3.10/dist-packages/cloud_msgs-1.0.0-py3.10.egg-info/top_level.txt
[1.313s] -- Up-to-date symlink: /home/wheeltec/wheeltec_ros2/install/cloud_msgs/local/lib/python3.10/dist-packages/cloud_msgs/__init__.py
[1.313s] -- Up-to-date symlink: /home/wheeltec/wheeltec_ros2/install/cloud_msgs/local/lib/python3.10/dist-packages/cloud_msgs/_cloud_msgs_s.ep.rosidl_typesupport_c.c
[1.313s] -- Up-to-date symlink: /home/wheeltec/wheeltec_ros2/install/cloud_msgs/local/lib/python3.10/dist-packages/cloud_msgs/_cloud_msgs_s.ep.rosidl_typesupport_fastrtps_c.c
[1.314s] -- Up-to-date symlink: /home/wheeltec/wheeltec_ros2/install/cloud_msgs/local/lib/python3.10/dist-packages/cloud_msgs/_cloud_msgs_s.ep.rosidl_typesupport_introspection_c.c
[1.314s] -- Up-to-date symlink: /home/wheeltec/wheeltec_ros2/install/cloud_msgs/local/lib/python3.10/dist-packages/cloud_msgs/cloud_msgs_s__rosidl_typesupport_c.cpython-310-aarch64-linux-gnu.so
[1.315s] -- Up-to-date symlink: /home/wheeltec/wheeltec_ros2/install/cloud_msgs/local/lib/python3.10/dist-packages/cloud_msgs/cloud_msgs_s__rosidl_typesupport_fastrtps_c.cpython-310-aarch64-linux-gnu.so
[1.315s] -- Up-to-date symlink: /home/wheeltec/wheeltec_ros2/install/cloud_msgs/local/lib/python3.10/dist-packages/cloud_msgs/cloud_msgs_s__rosidl_typesupport_introspection_c.cpython-310-aarch64-linux-gnu.so
[1.315s] -- Up-to-date symlink: /home/wheeltec/wheeltec_ros2/install/cloud_msgs/local/lib/python3.10/dist-packages/cloud_msgs/libcloud_msgs__rosidl_generator_py.so
[1.315s] -- Up-to-date symlink: /home/wheeltec/wheeltec_ros2/install/cloud_msgs/local/lib/python3.10/dist-packages/cloud_msgs/msg/__init__.py
[1.315s] -- Up-to-date symlink: /home/wheeltec/wheeltec_ros2/install/cloud_msgs/local/lib/python3.10/dist-packages/cloud_msgs/msg/_cloud_info.py
[1.315s] -- Up-to-date symlink: /home/wheeltec/wheeltec_ros2/install/cloud_msgs/local/lib/python3.10/dist-packages/cloud_msgs/msg/_cloud_info_s.c
[1.316s] -- Up-to-date symlink: /home/wheeltec/wheeltec_ros2/install/cloud_msgs/local/lib/python3.10/dist-packages/cloud_msgs/cloud_msgs_s__rosidl_typesupport_fastrtps_c.cpython-310-aarch64-linux-gnu.so
[1.316s] -- Up-to-date symlink: /home/wheeltec/wheeltec_ros2/install/cloud_msgs/local/lib/python3.10/dist-packages/cloud_msgs/cloud_msgs_s__rosidl_typesupport_introspection_c.cpython-310-aarch64-linux-gnu.so
[1.316s] -- Up-to-date symlink: /home/wheeltec/wheeltec_ros2/install/cloud_msgs/local/lib/python3.10/dist-packages/cloud_msgs/cloud_msgs_s__rosidl_typesupport_c.cpython-310-aarch64-linux-gnu.so
[1.316s] -- Up-to-date symlink: /home/wheeltec/wheeltec_ros2/install/cloud_msgs/share/cloud_msgs/msg/CloudInfo.idl
[1.317s] -- Up-to-date symlink: /home/wheeltec/wheeltec_ros2/install/cloud_msgs/share/cloud_msgs/msg/CloudInfo.msg
[1.317s] -- Up-to-date symlink: /home/wheeltec/wheeltec_ros2/install/cloud_msgs/share/ament_index/resource_index/package_run_dependencies/cloud_msgs
[1.317s] -- Up-to-date symlink: /home/wheeltec/wheeltec_ros2/install/cloud_msgs/share/ament_index/resource_index/parent_prefix_path/cloud_msgs
[1.317s] -- Up-to-date symlink: /home/wheeltec/wheeltec_ros2/install/cloud_msgs/share/cloud_msgs/environment/ament_prefix_path.sh
[1.318s] -- Up-to-date symlink: /home/wheeltec/wheeltec_ros2/install/cloud_msgs/share/cloud_msgs/environment/ament_prefix_path.dsv
[1.318s] -- Up-to-date symlink: /home/wheeltec/wheeltec_ros2/install/cloud_msgs/share/cloud_msgs/environment/path.sh
[1.318s] -- Up-to-date symlink: /home/wheeltec/wheeltec_ros2/install/cloud_msgs/share/cloud_msgs/environment/path.dsv
[1.318s] -- Up-to-date symlink: /home/wheeltec/wheeltec_ros2/install/cloud_msgs/share/cloud_msgs/local_setup.bash
[1.318s] -- Up-to-date symlink: /home/wheeltec/wheeltec_ros2/install/cloud_msgs/share/cloud_msgs/local_setup.sh
[1.319s] -- Up-to-date symlink: /home/wheeltec/wheeltec_ros2/install/cloud_msgs/share/cloud_msgs/local_setup.zsh
[1.319s] -- Up-to-date symlink: /home/wheeltec/wheeltec_ros2/install/cloud_msgs/share/cloud_msgs/local_setup.dsv
[1.319s] -- Symlinking: /home/wheeltec/wheeltec_ros2/install/cloud_msgs/share/cloud_msgs/package.dsv
[1.335s] -- Up-to-date symlink: /home/wheeltec/wheeltec_ros2/install/cloud_msgs/share/ament_index/resource_index/packages/cloud_msgs
[1.336s] -- Up-to-date symlink: /home/wheeltec/wheeltec_ros2/install/cloud_msgs/share/cloud_msgs/cmake/rosidl_cmake-extras.cmake
[1.336s] -- Up-to-date symlink: /home/wheeltec/wheeltec_ros2/install/cloud_msgs/share/cloud_msgs/cmake/ament_cmake_export_dependencies-extras.cmake
[1.336s] -- Up-to-date symlink: /home/wheeltec/wheeltec_ros2/install/cloud_msgs/share/cloud_msgs/cmake/ament_cmake_export_include_directories-extras.cmake
[1.336s] -- Up-to-date symlink: /home/wheeltec/wheeltec_ros2/install/cloud_msgs/share/cloud_msgs/cmake/ament_cmake_export_libraries-extras.cmake
[1.336s] -- Up-to-date symlink: /home/wheeltec/wheeltec_ros2/install/cloud_msgs/share/cloud_msgs/cmake/ament_cmake_export_targets-extras.cmake
[1.337s] -- Up-to-date symlink: /home/wheeltec/wheeltec_ros2/install/cloud_msgs/share/cloud_msgs/cmake/rosidl_cmake_export_typesupport_targets-extras.cmake
[1.337s] -- Up-to-date symlink: /home/wheeltec/wheeltec_ros2/install/cloud_msgs/share/cloud_msgs/cmake/rosidl_cmake_export_typesupport_libraries-extras.cmake
[1.337s] -- Up-to-date symlink: /home/wheeltec/wheeltec_ros2/install/cloud_msgs/share/cloud_msgs/cmake/cloud_msgsConfig.cmake
[1.337s] -- Up-to-date symlink: /home/wheeltec/wheeltec_ros2/install/cloud_msgs/share/cloud_msgs/cmake/cloud_msgsConfig-version.cmake
[1.337s] -- Up-to-date symlink: /home/wheeltec/wheeltec_ros2/install/cloud_msgs/share/cloud_msgs/package.xml
[1.341s] -- Up-to-date: /home/wheeltec/wheeltec_ros2/install/cloud_msgs/lib/libcloud_msgs__rosidl_generator_c.so
[1.341s] -- Up-to-date: /home/wheeltec/wheeltec_ros2/install/cloud_msgs/lib/libcloud_msgs__rosidl_typesupport_fastrtps_c.so
[1.341s] -- Up-to-date: /home/wheeltec/wheeltec_ros2/install/cloud_msgs/lib/libcloud_msgs__rosidl_typesupport_fastrtps_cpp.so
[1.341s] -- Up-to-date: /home/wheeltec/wheeltec_ros2/install/cloud_msgs/lib/libcloud_msgs__rosidl_typesupport_introspection_c.so
[1.341s] -- Up-to-date: /home/wheeltec/wheeltec_ros2/install/cloud_msgs/lib/libcloud_msgs__rosidl_typesupport_c.so
[1.341s] -- Up-to-date: /home/wheeltec/wheeltec_ros2/install/cloud_msgs/lib/libcloud_msgs__rosidl_typesupport_introspection_cpp.so
[1.341s] -- Up-to-date: /home/wheeltec/wheeltec_ros2/install/cloud_msgs/lib/libcloud_msgs__rosidl_typesupport_cpp.so
[1.472s] Listing '/home/wheeltec/wheeltec_ros2/install/cloud_msgs/local/lib/python3.10/dist-packages/cloud_msgs'...
[1.473s] Listing '/home/wheeltec/wheeltec_ros2/install/cloud_msgs/local/lib/python3.10/dist-packages/cloud_msgs/msg'...
[1.486s] -- Up-to-date: /home/wheeltec/wheeltec_ros2/install/cloud_msgs/lib/libcloud_msgs__rosidl_generator_py.so
[1.487s] -- Up-to-date: /home/wheeltec/wheeltec_ros2/install/cloud_msgs/share/cloud_msgs/cmake/export_cloud_msgs__rosidl_generator_cExport.cmake
[1.487s] -- Up-to-date: /home/wheeltec/wheeltec_ros2/install/cloud_msgs/share/cloud_msgs/cmake/export_cloud_msgs__rosidl_generator_cExport-noconfig.cmake
[1.487s] -- Up-to-date: /home/wheeltec/wheeltec_ros2/install/cloud_msgs/share/cloud_msgs/cmake/export_cloud_msgs__rosidl_typesupport_fastrtps_cExport.cmake
[1.487s] -- Up-to-date: /home/wheeltec/wheeltec_ros2/install/cloud_msgs/share/cloud_msgs/cmake/export_cloud_msgs__rosidl_typesupport_fastrtps_cExport-noconfig.cmake
[1.487s] -- Up-to-date: /home/wheeltec/wheeltec_ros2/install/cloud_msgs/share/cloud_msgs/cmake/export_cloud_msgs__rosidl_generator_cppExport.cmake
[1.487s] -- Up-to-date: /home/wheeltec/wheeltec_ros2/install/cloud_msgs/share/cloud_msgs/cmake/export_cloud_msgs__rosidl_typesupport_fastrtps_cppExport.cmake
[1.487s] -- Up-to-date: /home/wheeltec/wheeltec_ros2/install/cloud_msgs/share/cloud_msgs/cmake/export_cloud_msgs__rosidl_typesupport_fastrtps_cppExport-noconfig.cmake
[1.487s] -- Up-to-date: /home/wheeltec/wheeltec_ros2/install/cloud_msgs/share/cloud_msgs/cmake/cloud_msgs__rosidl_typesupport_introspection_cExport.cmake
[1.487s] -- Up-to-date: /home/wheeltec/wheeltec_ros2/install/cloud_msgs/share/cloud_msgs/cmake/cloud_msgs__rosidl_typesupport_introspection_cExport-noconfig.cmake
[1.488s] -- Up-to-date: /home/wheeltec/wheeltec_ros2/install/cloud_msgs/share/cloud_msgs/cmake/cloud_msgs__rosidl_typesupport_cExport.cmake
[1.488s] -- Up-to-date: /home/wheeltec/wheeltec_ros2/install/cloud_msgs/share/cloud_msgs/cmake/cloud_msgs__rosidl_typesupport_cExport-noconfig.cmake
[1.488s] -- Up-to-date: /home/wheeltec/wheeltec_ros2/install/cloud_msgs/share/cloud_msgs/cmake/cloud_msgs__rosidl_typesupport_introspection_cppExport.cmake
[1.488s] -- Up-to-date: /home/wheeltec/wheeltec_ros2/install/cloud_msgs/share/cloud_msgs/cmake/cloud_msgs__rosidl_typesupport_introspection_cppExport-noconfig.cmake
[1.488s] -- Up-to-date: /home/wheeltec/wheeltec_ros2/install/cloud_msgs/share/cloud_msgs/cmake/cloud_msgs__rosidl_typesupport_cppExport.cmake
[1.488s] -- Up-to-date: /home/wheeltec/wheeltec_ros2/install/cloud_msgs/share/cloud_msgs/cmake/cloud_msgs__rosidl_typesupport_cppExport-noconfig.cmake
[1.488s] -- Up-to-date: /home/wheeltec/wheeltec_ros2/install/cloud_msgs/share/cloud_msgs/cmake/export_cloud_msgs__rosidl_generator_pyExport.cmake
[1.488s] -- Up-to-date: /home/wheeltec/wheeltec_ros2/install/cloud_msgs/share/cloud_msgs/cmake/export_cloud_msgs__rosidl_generator_pyExport-noconfig.cmake
[1.497s] Invoked command in '/home/wheeltec/wheeltec_ros2/build/cloud_msgs' returned '0': CMAKE_PREFIX_PATH=${CMAKE_PREFIX_PATH}:/home/wheeltec/wheeltec_ros2/install/auto_recharge_ros2:/home/wheeltec/autoware/install/autoware_wheeltec_interface:/home/wheeltec/autoware/install/ad_api_visualizers:/opt/ros/humble /usr/bin/cmake --install /home/wheeltec/wheeltec_ros2/build/cloud_msgs
