gmake: Warning: File 'Makefile' has modification time 1766048318 s in the future
gmake[1]: Warning: File 'CMakeFiles/Makefile2' has modification time 1766048317 s in the future
gmake[2]: Warning: File 'sensor/sensor_base/CMakeFiles/sensor_base.dir/flags.make' has modification time 1766048317 s in the future
gmake[2]: Warning: File 'utils/CMakeFiles/utils.dir/flags.make' has modification time 1766048317 s in the future
gmake[2]: warning:  Clock skew detected.  Your build may be incomplete.
gmake[2]: warning:  Clock skew detected.  Your build may be incomplete.
gmake[2]: Warning: File 'sensor/sensor_base/CMakeFiles/sensor_base.dir/flags.make' has modification time 1766048317 s in the future
gmake[2]: warning:  Clock skew detected.  Your build may be incomplete.
gmake[2]: Warning: File 'utils/CMakeFiles/utils.dir/flags.make' has modification time 1766048317 s in the future
gmake[2]: warning:  Clock skew detected.  Your build may be incomplete.
gmake[2]: Warning: File 'sensor/sensor_range/CMakeFiles/sensor_range.dir/flags.make' has modification time 1766048316 s in the future
gmake[2]: Warning: File 'sensor/sensor_odometry/CMakeFiles/sensor_odometry.dir/flags.make' has modification time 1766048316 s in the future
gmake[2]: warning:  Clock skew detected.  Your build may be incomplete.
gmake[2]: Warning: File 'sensor/sensor_odometry/CMakeFiles/sensor_odometry.dir/flags.make' has modification time 1766048316 s in the future
gmake[2]: warning:  Clock skew detected.  Your build may be incomplete.
gmake[2]: warning:  Clock skew detected.  Your build may be incomplete.
gmake[2]: Warning: File 'sensor/sensor_range/CMakeFiles/sensor_range.dir/flags.make' has modification time 1766048316 s in the future
gmake[2]: warning:  Clock skew detected.  Your build may be incomplete.
gmake[2]: Warning: File 'scanmatcher/CMakeFiles/scanmatcher.dir/flags.make' has modification time 1766048316 s in the future
gmake[2]: warning:  Clock skew detected.  Your build may be incomplete.
gmake[2]: Warning: File 'scanmatcher/CMakeFiles/scanmatcher.dir/flags.make' has modification time 1766048316 s in the future
gmake[2]: warning:  Clock skew detected.  Your build may be incomplete.
gmake[2]: Warning: File 'gridfastslam/CMakeFiles/gridfastslam.dir/flags.make' has modification time 1766048316 s in the future
gmake[2]: warning:  Clock skew detected.  Your build may be incomplete.
gmake[2]: Warning: File 'gridfastslam/CMakeFiles/gridfastslam.dir/flags.make' has modification time 1766048315 s in the future
gmake[2]: warning:  Clock skew detected.  Your build may be incomplete.
gmake[1]: warning:  Clock skew detected.  Your build may be incomplete.
gmake: warning:  Clock skew detected.  Your build may be incomplete.
