[0.345s] Invoking command in '/home/wheeltec/wheeltec_ros2/build/openslam_gmapping': CMAKE_PREFIX_PATH=${CMAKE_PREFIX_PATH}:/home/wheeltec/wheeltec_ros2/install/simple_follower_ros2:/home/wheeltec/wheeltec_ros2/install/wheeltec_robot_keyboard:/home/wheeltec/wheeltec_ros2/install/wheeltec_dual_rtk_driver:/home/wheeltec/wheeltec_ros2/install/ultralytics_ros2:/home/wheeltec/wheeltec_ros2/install/tf2_tools:/home/wheeltec/wheeltec_ros2/install/ollama_ros_chat:/home/wheeltec/wheeltec_ros2/install/nmea_navsat_driver:/home/wheeltec/wheeltec_ros2/install/nav2_waypoint_cycle:/home/wheeltec/wheeltec_ros2/install/nav2_simple_commander:/home/wheeltec/wheeltec_ros2/install/largemodel:/home/wheeltec/wheeltec_ros2/install/auto_recharge_ros2:/home/wheeltec/autoware/install/autoware_wheeltec_interface:/home/wheeltec/autoware/install/autoware_multi_point:/home/wheeltec/autoware/install/ad_api_visualizers:/opt/ros/humble /usr/bin/cmake --build /home/wheeltec/wheeltec_ros2/build/openslam_gmapping -- -j6 -l6
[0.665s] gmake: Warning: File 'Makefile' has modification time 1766048318 s in the future
[1.329s] gmake[1]: Warning: File 'CMakeFiles/Makefile2' has modification time 1766048317 s in the future
[1.408s] gmake[2]: Warning: File 'sensor/sensor_base/CMakeFiles/sensor_base.dir/flags.make' has modification time 1766048317 s in the future
[1.424s] gmake[2]: Warning: File 'utils/CMakeFiles/utils.dir/flags.make' has modification time 1766048317 s in the future
[1.784s] gmake[2]: warning:  Clock skew detected.  Your build may be incomplete.
[1.840s] gmake[2]: warning:  Clock skew detected.  Your build may be incomplete.
[1.843s] gmake[2]: Warning: File 'sensor/sensor_base/CMakeFiles/sensor_base.dir/flags.make' has modification time 1766048317 s in the future
[1.861s] gmake[2]: warning:  Clock skew detected.  Your build may be incomplete.
[1.905s] gmake[2]: Warning: File 'utils/CMakeFiles/utils.dir/flags.make' has modification time 1766048317 s in the future
[1.917s] gmake[2]: warning:  Clock skew detected.  Your build may be incomplete.
[2.192s] [ 13%] Built target sensor_base
[2.246s] [ 27%] Built target utils
[2.279s] gmake[2]: Warning: File 'sensor/sensor_range/CMakeFiles/sensor_range.dir/flags.make' has modification time 1766048316 s in the future
[2.294s] gmake[2]: Warning: File 'sensor/sensor_odometry/CMakeFiles/sensor_odometry.dir/flags.make' has modification time 1766048316 s in the future
[2.556s] gmake[2]: warning:  Clock skew detected.  Your build may be incomplete.
[2.591s] gmake[2]: Warning: File 'sensor/sensor_odometry/CMakeFiles/sensor_odometry.dir/flags.make' has modification time 1766048316 s in the future
[2.597s] gmake[2]: warning:  Clock skew detected.  Your build may be incomplete.
[2.661s] gmake[2]: warning:  Clock skew detected.  Your build may be incomplete.
[2.715s] gmake[2]: Warning: File 'sensor/sensor_range/CMakeFiles/sensor_range.dir/flags.make' has modification time 1766048316 s in the future
[2.717s] gmake[2]: warning:  Clock skew detected.  Your build may be incomplete.
[2.805s] [ 40%] Built target sensor_odometry
[2.886s] [ 54%] Built target sensor_range
[2.917s] gmake[2]: Warning: File 'scanmatcher/CMakeFiles/scanmatcher.dir/flags.make' has modification time 1766048316 s in the future
[3.021s] gmake[2]: warning:  Clock skew detected.  Your build may be incomplete.
[3.042s] gmake[2]: Warning: File 'scanmatcher/CMakeFiles/scanmatcher.dir/flags.make' has modification time 1766048316 s in the future
[3.043s] gmake[2]: warning:  Clock skew detected.  Your build may be incomplete.
[3.147s] [ 77%] Built target scanmatcher
[3.168s] gmake[2]: Warning: File 'gridfastslam/CMakeFiles/gridfastslam.dir/flags.make' has modification time 1766048316 s in the future
[3.273s] gmake[2]: warning:  Clock skew detected.  Your build may be incomplete.
[3.293s] gmake[2]: Warning: File 'gridfastslam/CMakeFiles/gridfastslam.dir/flags.make' has modification time 1766048315 s in the future
[3.294s] gmake[2]: warning:  Clock skew detected.  Your build may be incomplete.
[3.397s] [100%] Built target gridfastslam
[3.399s] gmake[1]: warning:  Clock skew detected.  Your build may be incomplete.
[3.511s] gmake: warning:  Clock skew detected.  Your build may be incomplete.
[3.523s] Invoked command in '/home/wheeltec/wheeltec_ros2/build/openslam_gmapping' returned '0': CMAKE_PREFIX_PATH=${CMAKE_PREFIX_PATH}:/home/wheeltec/wheeltec_ros2/install/simple_follower_ros2:/home/wheeltec/wheeltec_ros2/install/wheeltec_robot_keyboard:/home/wheeltec/wheeltec_ros2/install/wheeltec_dual_rtk_driver:/home/wheeltec/wheeltec_ros2/install/ultralytics_ros2:/home/wheeltec/wheeltec_ros2/install/tf2_tools:/home/wheeltec/wheeltec_ros2/install/ollama_ros_chat:/home/wheeltec/wheeltec_ros2/install/nmea_navsat_driver:/home/wheeltec/wheeltec_ros2/install/nav2_waypoint_cycle:/home/wheeltec/wheeltec_ros2/install/nav2_simple_commander:/home/wheeltec/wheeltec_ros2/install/largemodel:/home/wheeltec/wheeltec_ros2/install/auto_recharge_ros2:/home/wheeltec/autoware/install/autoware_wheeltec_interface:/home/wheeltec/autoware/install/autoware_multi_point:/home/wheeltec/autoware/install/ad_api_visualizers:/opt/ros/humble /usr/bin/cmake --build /home/wheeltec/wheeltec_ros2/build/openslam_gmapping -- -j6 -l6
[3.528s] Invoking command in '/home/wheeltec/wheeltec_ros2/build/openslam_gmapping': CMAKE_PREFIX_PATH=${CMAKE_PREFIX_PATH}:/home/wheeltec/wheeltec_ros2/install/simple_follower_ros2:/home/wheeltec/wheeltec_ros2/install/wheeltec_robot_keyboard:/home/wheeltec/wheeltec_ros2/install/wheeltec_dual_rtk_driver:/home/wheeltec/wheeltec_ros2/install/ultralytics_ros2:/home/wheeltec/wheeltec_ros2/install/tf2_tools:/home/wheeltec/wheeltec_ros2/install/ollama_ros_chat:/home/wheeltec/wheeltec_ros2/install/nmea_navsat_driver:/home/wheeltec/wheeltec_ros2/install/nav2_waypoint_cycle:/home/wheeltec/wheeltec_ros2/install/nav2_simple_commander:/home/wheeltec/wheeltec_ros2/install/largemodel:/home/wheeltec/wheeltec_ros2/install/auto_recharge_ros2:/home/wheeltec/autoware/install/autoware_wheeltec_interface:/home/wheeltec/autoware/install/autoware_multi_point:/home/wheeltec/autoware/install/ad_api_visualizers:/opt/ros/humble /usr/bin/cmake --install /home/wheeltec/wheeltec_ros2/build/openslam_gmapping
[3.637s] -- Install configuration: ""
[3.646s] -- Execute custom install script
[3.647s] -- Up-to-date symlink: /home/wheeltec/wheeltec_ros2/install/openslam_gmapping/lib/libgridfastslam.a
[3.649s] -- Up-to-date symlink: /home/wheeltec/wheeltec_ros2/install/openslam_gmapping/lib/libscanmatcher.a
[3.650s] -- Up-to-date symlink: /home/wheeltec/wheeltec_ros2/install/openslam_gmapping/lib/libsensor_base.a
[3.650s] -- Up-to-date symlink: /home/wheeltec/wheeltec_ros2/install/openslam_gmapping/share/openslam_gmapping/environment/library_path.sh
[3.650s] -- Up-to-date symlink: /home/wheeltec/wheeltec_ros2/install/openslam_gmapping/share/openslam_gmapping/environment/library_path.dsv
[3.651s] -- Up-to-date symlink: /home/wheeltec/wheeltec_ros2/install/openslam_gmapping/share/openslam_gmapping/environment/library_path.sh
[3.651s] -- Up-to-date symlink: /home/wheeltec/wheeltec_ros2/install/openslam_gmapping/share/openslam_gmapping/environment/library_path.dsv
[3.652s] -- Up-to-date symlink: /home/wheeltec/wheeltec_ros2/install/openslam_gmapping/lib/libsensor_odometry.a
[3.653s] -- Up-to-date symlink: /home/wheeltec/wheeltec_ros2/install/openslam_gmapping/lib/libsensor_range.a
[3.654s] -- Up-to-date symlink: /home/wheeltec/wheeltec_ros2/install/openslam_gmapping/lib/libutils.a
[3.654s] -- Up-to-date symlink: /home/wheeltec/wheeltec_ros2/install/openslam_gmapping/share/openslam_gmapping/environment/library_path.sh
[3.654s] -- Up-to-date symlink: /home/wheeltec/wheeltec_ros2/install/openslam_gmapping/share/openslam_gmapping/environment/library_path.dsv
[3.655s] -- Up-to-date symlink: /home/wheeltec/wheeltec_ros2/install/openslam_gmapping/share/openslam_gmapping/environment/library_path.sh
[3.655s] -- Up-to-date symlink: /home/wheeltec/wheeltec_ros2/install/openslam_gmapping/share/openslam_gmapping/environment/library_path.dsv
[3.656s] -- Up-to-date symlink: /home/wheeltec/wheeltec_ros2/install/openslam_gmapping/include//gmapping/grid/accessstate.h
[3.657s] -- Up-to-date symlink: /home/wheeltec/wheeltec_ros2/install/openslam_gmapping/include//gmapping/grid/array2d.h
[3.657s] -- Up-to-date symlink: /home/wheeltec/wheeltec_ros2/install/openslam_gmapping/include//gmapping/grid/harray2d.h
[3.657s] -- Up-to-date symlink: /home/wheeltec/wheeltec_ros2/install/openslam_gmapping/include//gmapping/grid/map.h
[3.657s] -- Up-to-date symlink: /home/wheeltec/wheeltec_ros2/install/openslam_gmapping/include//gmapping/gridfastslam/gridslamprocessor.h
[3.658s] -- Up-to-date symlink: /home/wheeltec/wheeltec_ros2/install/openslam_gmapping/include//gmapping/gridfastslam/gridslamprocessor.hxx
[3.658s] -- Up-to-date symlink: /home/wheeltec/wheeltec_ros2/install/openslam_gmapping/include//gmapping/gridfastslam/motionmodel.h
[3.658s] -- Up-to-date symlink: /home/wheeltec/wheeltec_ros2/install/openslam_gmapping/include//gmapping/log/configuration.h
[3.659s] -- Up-to-date symlink: /home/wheeltec/wheeltec_ros2/install/openslam_gmapping/include//gmapping/log/sensorlog.h
[3.659s] -- Up-to-date symlink: /home/wheeltec/wheeltec_ros2/install/openslam_gmapping/include//gmapping/particlefilter/particlefilter.h
[3.659s] -- Up-to-date symlink: /home/wheeltec/wheeltec_ros2/install/openslam_gmapping/include//gmapping/scanmatcher/icp.h
[3.659s] -- Up-to-date symlink: /home/wheeltec/wheeltec_ros2/install/openslam_gmapping/include//gmapping/scanmatcher/scanmatcher.h
[3.660s] -- Up-to-date symlink: /home/wheeltec/wheeltec_ros2/install/openslam_gmapping/include//gmapping/scanmatcher/smmap.h
[3.660s] -- Up-to-date symlink: /home/wheeltec/wheeltec_ros2/install/openslam_gmapping/include//gmapping/sensor/sensor_base/sensor.h
[3.660s] -- Up-to-date symlink: /home/wheeltec/wheeltec_ros2/install/openslam_gmapping/include//gmapping/sensor/sensor_base/sensorreading.h
[3.660s] -- Up-to-date symlink: /home/wheeltec/wheeltec_ros2/install/openslam_gmapping/include//gmapping/sensor/sensor_odometry/odometryreading.h
[3.661s] -- Up-to-date symlink: /home/wheeltec/wheeltec_ros2/install/openslam_gmapping/include//gmapping/sensor/sensor_odometry/odometrysensor.h
[3.661s] -- Up-to-date symlink: /home/wheeltec/wheeltec_ros2/install/openslam_gmapping/include//gmapping/sensor/sensor_range/rangereading.h
[3.661s] -- Up-to-date symlink: /home/wheeltec/wheeltec_ros2/install/openslam_gmapping/include//gmapping/sensor/sensor_range/rangesensor.h
[3.661s] -- Up-to-date symlink: /home/wheeltec/wheeltec_ros2/install/openslam_gmapping/include//gmapping/utils/autoptr.h
[3.662s] -- Up-to-date symlink: /home/wheeltec/wheeltec_ros2/install/openslam_gmapping/include//gmapping/utils/commandline.h
[3.662s] -- Up-to-date symlink: /home/wheeltec/wheeltec_ros2/install/openslam_gmapping/include//gmapping/utils/gvalues.h
[3.662s] -- Up-to-date symlink: /home/wheeltec/wheeltec_ros2/install/openslam_gmapping/include//gmapping/utils/macro_params.h
[3.662s] -- Up-to-date symlink: /home/wheeltec/wheeltec_ros2/install/openslam_gmapping/include//gmapping/utils/point.h
[3.663s] -- Up-to-date symlink: /home/wheeltec/wheeltec_ros2/install/openslam_gmapping/include//gmapping/utils/stat.h
[3.663s] -- Up-to-date symlink: /home/wheeltec/wheeltec_ros2/install/openslam_gmapping/share/ament_index/resource_index/package_run_dependencies/openslam_gmapping
[3.664s] -- Up-to-date symlink: /home/wheeltec/wheeltec_ros2/install/openslam_gmapping/share/ament_index/resource_index/parent_prefix_path/openslam_gmapping
[3.665s] -- Up-to-date symlink: /home/wheeltec/wheeltec_ros2/install/openslam_gmapping/share/openslam_gmapping/environment/ament_prefix_path.sh
[3.666s] -- Up-to-date symlink: /home/wheeltec/wheeltec_ros2/install/openslam_gmapping/share/openslam_gmapping/environment/ament_prefix_path.dsv
[3.667s] -- Up-to-date symlink: /home/wheeltec/wheeltec_ros2/install/openslam_gmapping/share/openslam_gmapping/environment/path.sh
[3.668s] -- Up-to-date symlink: /home/wheeltec/wheeltec_ros2/install/openslam_gmapping/share/openslam_gmapping/environment/path.dsv
[3.668s] -- Up-to-date symlink: /home/wheeltec/wheeltec_ros2/install/openslam_gmapping/share/openslam_gmapping/local_setup.bash
[3.669s] -- Up-to-date symlink: /home/wheeltec/wheeltec_ros2/install/openslam_gmapping/share/openslam_gmapping/local_setup.sh
[3.670s] -- Up-to-date symlink: /home/wheeltec/wheeltec_ros2/install/openslam_gmapping/share/openslam_gmapping/local_setup.zsh
[3.680s] -- Up-to-date symlink: /home/wheeltec/wheeltec_ros2/install/openslam_gmapping/share/openslam_gmapping/local_setup.dsv
[3.680s] -- Symlinking: /home/wheeltec/wheeltec_ros2/install/openslam_gmapping/share/openslam_gmapping/package.dsv
[3.824s] -- Up-to-date symlink: /home/wheeltec/wheeltec_ros2/install/openslam_gmapping/share/ament_index/resource_index/packages/openslam_gmapping
[3.826s] -- Up-to-date symlink: /home/wheeltec/wheeltec_ros2/install/openslam_gmapping/share/openslam_gmapping/cmake/ament_cmake_export_libraries-extras.cmake
[3.826s] -- Up-to-date symlink: /home/wheeltec/wheeltec_ros2/install/openslam_gmapping/share/openslam_gmapping/cmake/ament_cmake_export_include_directories-extras.cmake
[3.826s] -- Up-to-date symlink: /home/wheeltec/wheeltec_ros2/install/openslam_gmapping/share/openslam_gmapping/cmake/openslam_gmappingConfig.cmake
[3.826s] -- Up-to-date symlink: /home/wheeltec/wheeltec_ros2/install/openslam_gmapping/share/openslam_gmapping/cmake/openslam_gmappingConfig-version.cmake
[3.826s] -- Up-to-date symlink: /home/wheeltec/wheeltec_ros2/install/openslam_gmapping/share/openslam_gmapping/package.xml
[3.836s] Invoked command in '/home/wheeltec/wheeltec_ros2/build/openslam_gmapping' returned '0': CMAKE_PREFIX_PATH=${CMAKE_PREFIX_PATH}:/home/wheeltec/wheeltec_ros2/install/simple_follower_ros2:/home/wheeltec/wheeltec_ros2/install/wheeltec_robot_keyboard:/home/wheeltec/wheeltec_ros2/install/wheeltec_dual_rtk_driver:/home/wheeltec/wheeltec_ros2/install/ultralytics_ros2:/home/wheeltec/wheeltec_ros2/install/tf2_tools:/home/wheeltec/wheeltec_ros2/install/ollama_ros_chat:/home/wheeltec/wheeltec_ros2/install/nmea_navsat_driver:/home/wheeltec/wheeltec_ros2/install/nav2_waypoint_cycle:/home/wheeltec/wheeltec_ros2/install/nav2_simple_commander:/home/wheeltec/wheeltec_ros2/install/largemodel:/home/wheeltec/wheeltec_ros2/install/auto_recharge_ros2:/home/wheeltec/autoware/install/autoware_wheeltec_interface:/home/wheeltec/autoware/install/autoware_multi_point:/home/wheeltec/autoware/install/ad_api_visualizers:/opt/ros/humble /usr/bin/cmake --install /home/wheeltec/wheeltec_ros2/build/openslam_gmapping
