[0.131s] Invoking command in '/home/wheeltec/wheeltec_ros2/build/ackermann_msgs': CMAKE_PREFIX_PATH=${CMAKE_PREFIX_PATH}:/home/wheeltec/wheeltec_ros2/install/auto_recharge_ros2:/home/wheeltec/autoware/install/autoware_wheeltec_interface:/home/wheeltec/autoware/install/ad_api_visualizers:/opt/ros/humble /usr/bin/cmake --build /home/wheeltec/wheeltec_ros2/build/ackermann_msgs -- -j6 -l6
[0.242s] [35m[1mConsolidate compiler generated dependencies of target ackermann_msgs__rosidl_generator_c[0m
[0.284s] [ 10%] Built target ackermann_msgs__rosidl_generator_c
[0.311s] [ 12%] Built target ackermann_msgs__cpp
[0.313s] [ 12%] Built target ament_cmake_python_symlink_ackermann_msgs
[0.341s] [35m[1mConsolidate compiler generated dependencies of target ackermann_msgs__rosidl_typesupport_fastrtps_c[0m
[0.366s] [35m[1mConsolidate compiler generated dependencies of target ackermann_msgs__rosidl_typesupport_introspection_c[0m
[0.378s] [35m[1mConsolidate compiler generated dependencies of target ackermann_msgs__rosidl_typesupport_c[0m
[0.393s] [35m[1mConsolidate compiler generated dependencies of target ackermann_msgs__rosidl_typesupport_fastrtps_cpp[0m
[0.398s] [35m[1mConsolidate compiler generated dependencies of target ackermann_msgs__rosidl_typesupport_cpp[0m
[0.408s] [35m[1mConsolidate compiler generated dependencies of target ackermann_msgs__rosidl_typesupport_introspection_cpp[0m
[0.424s] [ 23%] Built target ackermann_msgs__rosidl_typesupport_introspection_c
[0.455s] [ 33%] Built target ackermann_msgs__rosidl_typesupport_fastrtps_c
[0.461s] [ 43%] Built target ackermann_msgs__rosidl_typesupport_cpp
[0.472s] [ 53%] Built target ackermann_msgs__rosidl_typesupport_c
[0.480s] [ 64%] Built target ackermann_msgs__rosidl_typesupport_fastrtps_cpp
[0.491s] [ 74%] Built target ackermann_msgs__rosidl_typesupport_introspection_cpp
[0.570s] [ 74%] Built target ackermann_msgs
[0.670s] [ 76%] Built target ackermann_msgs__py
[0.704s] [35m[1mConsolidate compiler generated dependencies of target ackermann_msgs__rosidl_generator_py[0m
[0.762s] [ 84%] Built target ackermann_msgs__rosidl_generator_py
[0.813s] [35m[1mConsolidate compiler generated dependencies of target ackermann_msgs__rosidl_typesupport_fastrtps_c__pyext[0m
[0.837s] [35m[1mConsolidate compiler generated dependencies of target ackermann_msgs__rosidl_typesupport_introspection_c__pyext[0m
[0.845s] [35m[1mConsolidate compiler generated dependencies of target ackermann_msgs__rosidl_typesupport_c__pyext[0m
[0.856s] [ 89%] Built target ackermann_msgs__rosidl_typesupport_fastrtps_c__pyext
[0.903s] [ 94%] Built target ackermann_msgs__rosidl_typesupport_introspection_c__pyext
[0.911s] [100%] Built target ackermann_msgs__rosidl_typesupport_c__pyext
[1.620s] running egg_info
[1.622s] writing ackermann_msgs.egg-info/PKG-INFO
[1.623s] writing dependency_links to ackermann_msgs.egg-info/dependency_links.txt
[1.624s] writing top-level names to ackermann_msgs.egg-info/top_level.txt
[1.636s] reading manifest file 'ackermann_msgs.egg-info/SOURCES.txt'
[1.639s] writing manifest file 'ackermann_msgs.egg-info/SOURCES.txt'
[1.737s] [100%] Built target ament_cmake_python_build_ackermann_msgs_egg
[1.936s] Invoked command in '/home/wheeltec/wheeltec_ros2/build/ackermann_msgs' returned '0': CMAKE_PREFIX_PATH=${CMAKE_PREFIX_PATH}:/home/wheeltec/wheeltec_ros2/install/auto_recharge_ros2:/home/wheeltec/autoware/install/autoware_wheeltec_interface:/home/wheeltec/autoware/install/ad_api_visualizers:/opt/ros/humble /usr/bin/cmake --build /home/wheeltec/wheeltec_ros2/build/ackermann_msgs -- -j6 -l6
[1.945s] Invoking command in '/home/wheeltec/wheeltec_ros2/build/ackermann_msgs': CMAKE_PREFIX_PATH=${CMAKE_PREFIX_PATH}:/home/wheeltec/wheeltec_ros2/install/auto_recharge_ros2:/home/wheeltec/autoware/install/autoware_wheeltec_interface:/home/wheeltec/autoware/install/ad_api_visualizers:/opt/ros/humble /usr/bin/cmake --install /home/wheeltec/wheeltec_ros2/build/ackermann_msgs
[1.998s] -- Install configuration: ""
[1.999s] -- Execute custom install script
[1.999s] -- Up-to-date symlink: /home/wheeltec/wheeltec_ros2/install/ackermann_msgs/share/ament_index/resource_index/rosidl_interfaces/ackermann_msgs
[1.999s] -- Up-to-date symlink: /home/wheeltec/wheeltec_ros2/install/ackermann_msgs/include/ackermann_msgs/ackermann_msgs/msg/ackermann_drive.h
[1.999s] -- Up-to-date symlink: /home/wheeltec/wheeltec_ros2/install/ackermann_msgs/include/ackermann_msgs/ackermann_msgs/msg/ackermann_drive_stamped.h
[1.999s] -- Up-to-date symlink: /home/wheeltec/wheeltec_ros2/install/ackermann_msgs/include/ackermann_msgs/ackermann_msgs/msg/detail/ackermann_drive__functions.h
[1.999s] -- Up-to-date symlink: /home/wheeltec/wheeltec_ros2/install/ackermann_msgs/include/ackermann_msgs/ackermann_msgs/msg/detail/ackermann_drive__struct.h
[1.999s] -- Up-to-date symlink: /home/wheeltec/wheeltec_ros2/install/ackermann_msgs/include/ackermann_msgs/ackermann_msgs/msg/detail/ackermann_drive__type_support.h
[2.000s] -- Up-to-date symlink: /home/wheeltec/wheeltec_ros2/install/ackermann_msgs/include/ackermann_msgs/ackermann_msgs/msg/detail/ackermann_drive_stamped__functions.h
[2.000s] -- Up-to-date symlink: /home/wheeltec/wheeltec_ros2/install/ackermann_msgs/include/ackermann_msgs/ackermann_msgs/msg/detail/ackermann_drive_stamped__struct.h
[2.000s] -- Up-to-date symlink: /home/wheeltec/wheeltec_ros2/install/ackermann_msgs/include/ackermann_msgs/ackermann_msgs/msg/detail/ackermann_drive_stamped__type_support.h
[2.000s] -- Up-to-date symlink: /home/wheeltec/wheeltec_ros2/install/ackermann_msgs/include/ackermann_msgs/ackermann_msgs/msg/rosidl_generator_c__visibility_control.h
[2.000s] -- Up-to-date symlink: /home/wheeltec/wheeltec_ros2/install/ackermann_msgs/share/ackermann_msgs/environment/library_path.sh
[2.000s] -- Up-to-date symlink: /home/wheeltec/wheeltec_ros2/install/ackermann_msgs/share/ackermann_msgs/environment/library_path.dsv
[2.000s] -- Up-to-date symlink: /home/wheeltec/wheeltec_ros2/install/ackermann_msgs/include/ackermann_msgs/ackermann_msgs/msg/detail/ackermann_drive__rosidl_typesupport_fastrtps_c.h
[2.000s] -- Up-to-date symlink: /home/wheeltec/wheeltec_ros2/install/ackermann_msgs/include/ackermann_msgs/ackermann_msgs/msg/detail/ackermann_drive_stamped__rosidl_typesupport_fastrtps_c.h
[2.001s] -- Up-to-date symlink: /home/wheeltec/wheeltec_ros2/install/ackermann_msgs/include/ackermann_msgs/ackermann_msgs/msg/rosidl_typesupport_fastrtps_c__visibility_control.h
[2.001s] -- Up-to-date symlink: /home/wheeltec/wheeltec_ros2/install/ackermann_msgs/include/ackermann_msgs/ackermann_msgs/msg/detail/ackermann_drive__rosidl_typesupport_introspection_c.h
[2.001s] -- Up-to-date symlink: /home/wheeltec/wheeltec_ros2/install/ackermann_msgs/include/ackermann_msgs/ackermann_msgs/msg/detail/ackermann_drive_stamped__rosidl_typesupport_introspection_c.h
[2.001s] -- Up-to-date symlink: /home/wheeltec/wheeltec_ros2/install/ackermann_msgs/include/ackermann_msgs/ackermann_msgs/msg/rosidl_typesupport_introspection_c__visibility_control.h
[2.001s] -- Up-to-date symlink: /home/wheeltec/wheeltec_ros2/install/ackermann_msgs/include/ackermann_msgs/ackermann_msgs/msg/ackermann_drive.hpp
[2.001s] -- Up-to-date symlink: /home/wheeltec/wheeltec_ros2/install/ackermann_msgs/include/ackermann_msgs/ackermann_msgs/msg/ackermann_drive_stamped.hpp
[2.005s] -- Up-to-date symlink: /home/wheeltec/wheeltec_ros2/install/ackermann_msgs/include/ackermann_msgs/ackermann_msgs/msg/detail/ackermann_drive__builder.hpp
[2.005s] -- Up-to-date symlink: /home/wheeltec/wheeltec_ros2/install/ackermann_msgs/include/ackermann_msgs/ackermann_msgs/msg/detail/ackermann_drive__struct.hpp
[2.005s] -- Up-to-date symlink: /home/wheeltec/wheeltec_ros2/install/ackermann_msgs/include/ackermann_msgs/ackermann_msgs/msg/detail/ackermann_drive__traits.hpp
[2.005s] -- Up-to-date symlink: /home/wheeltec/wheeltec_ros2/install/ackermann_msgs/include/ackermann_msgs/ackermann_msgs/msg/detail/ackermann_drive__type_support.hpp
[2.006s] -- Up-to-date symlink: /home/wheeltec/wheeltec_ros2/install/ackermann_msgs/include/ackermann_msgs/ackermann_msgs/msg/detail/ackermann_drive_stamped__builder.hpp
[2.006s] -- Up-to-date symlink: /home/wheeltec/wheeltec_ros2/install/ackermann_msgs/include/ackermann_msgs/ackermann_msgs/msg/detail/ackermann_drive_stamped__struct.hpp
[2.006s] -- Up-to-date symlink: /home/wheeltec/wheeltec_ros2/install/ackermann_msgs/include/ackermann_msgs/ackermann_msgs/msg/detail/ackermann_drive_stamped__traits.hpp
[2.006s] -- Up-to-date symlink: /home/wheeltec/wheeltec_ros2/install/ackermann_msgs/include/ackermann_msgs/ackermann_msgs/msg/detail/ackermann_drive_stamped__type_support.hpp
[2.006s] -- Up-to-date symlink: /home/wheeltec/wheeltec_ros2/install/ackermann_msgs/include/ackermann_msgs/ackermann_msgs/msg/rosidl_generator_cpp__visibility_control.hpp
[2.006s] -- Up-to-date symlink: /home/wheeltec/wheeltec_ros2/install/ackermann_msgs/include/ackermann_msgs/ackermann_msgs/msg/detail/ackermann_drive__rosidl_typesupport_fastrtps_cpp.hpp
[2.006s] -- Up-to-date symlink: /home/wheeltec/wheeltec_ros2/install/ackermann_msgs/include/ackermann_msgs/ackermann_msgs/msg/detail/ackermann_drive_stamped__rosidl_typesupport_fastrtps_cpp.hpp
[2.006s] -- Up-to-date symlink: /home/wheeltec/wheeltec_ros2/install/ackermann_msgs/include/ackermann_msgs/ackermann_msgs/msg/rosidl_typesupport_fastrtps_cpp__visibility_control.h
[2.006s] -- Up-to-date symlink: /home/wheeltec/wheeltec_ros2/install/ackermann_msgs/include/ackermann_msgs/ackermann_msgs/msg/detail/ackermann_drive__rosidl_typesupport_introspection_cpp.hpp
[2.007s] -- Up-to-date symlink: /home/wheeltec/wheeltec_ros2/install/ackermann_msgs/include/ackermann_msgs/ackermann_msgs/msg/detail/ackermann_drive_stamped__rosidl_typesupport_introspection_cpp.hpp
[2.007s] -- Up-to-date symlink: /home/wheeltec/wheeltec_ros2/install/ackermann_msgs/share/ackermann_msgs/environment/pythonpath.sh
[2.007s] -- Up-to-date symlink: /home/wheeltec/wheeltec_ros2/install/ackermann_msgs/share/ackermann_msgs/environment/pythonpath.dsv
[2.007s] -- Up-to-date symlink: /home/wheeltec/wheeltec_ros2/install/ackermann_msgs/local/lib/python3.10/dist-packages/ackermann_msgs-2.0.2-py3.10.egg-info/PKG-INFO
[2.007s] -- Up-to-date symlink: /home/wheeltec/wheeltec_ros2/install/ackermann_msgs/local/lib/python3.10/dist-packages/ackermann_msgs-2.0.2-py3.10.egg-info/SOURCES.txt
[2.007s] -- Up-to-date symlink: /home/wheeltec/wheeltec_ros2/install/ackermann_msgs/local/lib/python3.10/dist-packages/ackermann_msgs-2.0.2-py3.10.egg-info/dependency_links.txt
[2.007s] -- Up-to-date symlink: /home/wheeltec/wheeltec_ros2/install/ackermann_msgs/local/lib/python3.10/dist-packages/ackermann_msgs-2.0.2-py3.10.egg-info/top_level.txt
[2.007s] -- Up-to-date symlink: /home/wheeltec/wheeltec_ros2/install/ackermann_msgs/local/lib/python3.10/dist-packages/ackermann_msgs/__init__.py
[2.008s] -- Up-to-date symlink: /home/wheeltec/wheeltec_ros2/install/ackermann_msgs/local/lib/python3.10/dist-packages/ackermann_msgs/_ackermann_msgs_s.ep.rosidl_typesupport_c.c
[2.008s] -- Up-to-date symlink: /home/wheeltec/wheeltec_ros2/install/ackermann_msgs/local/lib/python3.10/dist-packages/ackermann_msgs/_ackermann_msgs_s.ep.rosidl_typesupport_fastrtps_c.c
[2.008s] -- Up-to-date symlink: /home/wheeltec/wheeltec_ros2/install/ackermann_msgs/local/lib/python3.10/dist-packages/ackermann_msgs/_ackermann_msgs_s.ep.rosidl_typesupport_introspection_c.c
[2.008s] -- Up-to-date symlink: /home/wheeltec/wheeltec_ros2/install/ackermann_msgs/local/lib/python3.10/dist-packages/ackermann_msgs/ackermann_msgs_s__rosidl_typesupport_c.cpython-310-aarch64-linux-gnu.so
[2.008s] -- Up-to-date symlink: /home/wheeltec/wheeltec_ros2/install/ackermann_msgs/local/lib/python3.10/dist-packages/ackermann_msgs/ackermann_msgs_s__rosidl_typesupport_fastrtps_c.cpython-310-aarch64-linux-gnu.so
[2.008s] -- Up-to-date symlink: /home/wheeltec/wheeltec_ros2/install/ackermann_msgs/local/lib/python3.10/dist-packages/ackermann_msgs/ackermann_msgs_s__rosidl_typesupport_introspection_c.cpython-310-aarch64-linux-gnu.so
[2.008s] -- Up-to-date symlink: /home/wheeltec/wheeltec_ros2/install/ackermann_msgs/local/lib/python3.10/dist-packages/ackermann_msgs/libackermann_msgs__rosidl_generator_py.so
[2.008s] -- Up-to-date symlink: /home/wheeltec/wheeltec_ros2/install/ackermann_msgs/local/lib/python3.10/dist-packages/ackermann_msgs/msg/__init__.py
[2.009s] -- Up-to-date symlink: /home/wheeltec/wheeltec_ros2/install/ackermann_msgs/local/lib/python3.10/dist-packages/ackermann_msgs/msg/_ackermann_drive.py
[2.009s] -- Up-to-date symlink: /home/wheeltec/wheeltec_ros2/install/ackermann_msgs/local/lib/python3.10/dist-packages/ackermann_msgs/msg/_ackermann_drive_s.c
[2.009s] -- Up-to-date symlink: /home/wheeltec/wheeltec_ros2/install/ackermann_msgs/local/lib/python3.10/dist-packages/ackermann_msgs/msg/_ackermann_drive_stamped.py
[2.009s] -- Up-to-date symlink: /home/wheeltec/wheeltec_ros2/install/ackermann_msgs/local/lib/python3.10/dist-packages/ackermann_msgs/msg/_ackermann_drive_stamped_s.c
[2.018s] -- Up-to-date symlink: /home/wheeltec/wheeltec_ros2/install/ackermann_msgs/local/lib/python3.10/dist-packages/ackermann_msgs/ackermann_msgs_s__rosidl_typesupport_fastrtps_c.cpython-310-aarch64-linux-gnu.so
[2.018s] -- Up-to-date symlink: /home/wheeltec/wheeltec_ros2/install/ackermann_msgs/local/lib/python3.10/dist-packages/ackermann_msgs/ackermann_msgs_s__rosidl_typesupport_introspection_c.cpython-310-aarch64-linux-gnu.so
[2.018s] -- Up-to-date symlink: /home/wheeltec/wheeltec_ros2/install/ackermann_msgs/local/lib/python3.10/dist-packages/ackermann_msgs/ackermann_msgs_s__rosidl_typesupport_c.cpython-310-aarch64-linux-gnu.so
[2.019s] -- Up-to-date symlink: /home/wheeltec/wheeltec_ros2/install/ackermann_msgs/share/ackermann_msgs/msg/AckermannDrive.idl
[2.019s] -- Up-to-date symlink: /home/wheeltec/wheeltec_ros2/install/ackermann_msgs/share/ackermann_msgs/msg/AckermannDriveStamped.idl
[2.019s] -- Up-to-date symlink: /home/wheeltec/wheeltec_ros2/install/ackermann_msgs/share/ackermann_msgs/msg/AckermannDrive.msg
[2.019s] -- Up-to-date symlink: /home/wheeltec/wheeltec_ros2/install/ackermann_msgs/share/ackermann_msgs/msg/AckermannDriveStamped.msg
[2.030s] -- Up-to-date symlink: /home/wheeltec/wheeltec_ros2/install/ackermann_msgs/share/ament_index/resource_index/package_run_dependencies/ackermann_msgs
[2.030s] -- Up-to-date symlink: /home/wheeltec/wheeltec_ros2/install/ackermann_msgs/share/ament_index/resource_index/parent_prefix_path/ackermann_msgs
[2.030s] -- Up-to-date symlink: /home/wheeltec/wheeltec_ros2/install/ackermann_msgs/share/ackermann_msgs/environment/ament_prefix_path.sh
[2.030s] -- Up-to-date symlink: /home/wheeltec/wheeltec_ros2/install/ackermann_msgs/share/ackermann_msgs/environment/ament_prefix_path.dsv
[2.030s] -- Up-to-date symlink: /home/wheeltec/wheeltec_ros2/install/ackermann_msgs/share/ackermann_msgs/environment/path.sh
[2.031s] -- Up-to-date symlink: /home/wheeltec/wheeltec_ros2/install/ackermann_msgs/share/ackermann_msgs/environment/path.dsv
[2.031s] -- Up-to-date symlink: /home/wheeltec/wheeltec_ros2/install/ackermann_msgs/share/ackermann_msgs/local_setup.bash
[2.031s] -- Up-to-date symlink: /home/wheeltec/wheeltec_ros2/install/ackermann_msgs/share/ackermann_msgs/local_setup.sh
[2.031s] -- Up-to-date symlink: /home/wheeltec/wheeltec_ros2/install/ackermann_msgs/share/ackermann_msgs/local_setup.zsh
[2.031s] -- Up-to-date symlink: /home/wheeltec/wheeltec_ros2/install/ackermann_msgs/share/ackermann_msgs/local_setup.dsv
[2.031s] -- Symlinking: /home/wheeltec/wheeltec_ros2/install/ackermann_msgs/share/ackermann_msgs/package.dsv
[2.032s] -- Up-to-date symlink: /home/wheeltec/wheeltec_ros2/install/ackermann_msgs/share/ament_index/resource_index/packages/ackermann_msgs
[2.032s] -- Up-to-date symlink: /home/wheeltec/wheeltec_ros2/install/ackermann_msgs/share/ackermann_msgs/cmake/rosidl_cmake-extras.cmake
[2.032s] -- Up-to-date symlink: /home/wheeltec/wheeltec_ros2/install/ackermann_msgs/share/ackermann_msgs/cmake/ament_cmake_export_dependencies-extras.cmake
[2.032s] -- Up-to-date symlink: /home/wheeltec/wheeltec_ros2/install/ackermann_msgs/share/ackermann_msgs/cmake/ament_cmake_export_include_directories-extras.cmake
[2.032s] -- Up-to-date symlink: /home/wheeltec/wheeltec_ros2/install/ackermann_msgs/share/ackermann_msgs/cmake/ament_cmake_export_libraries-extras.cmake
[2.032s] -- Up-to-date symlink: /home/wheeltec/wheeltec_ros2/install/ackermann_msgs/share/ackermann_msgs/cmake/ament_cmake_export_targets-extras.cmake
[2.032s] -- Up-to-date symlink: /home/wheeltec/wheeltec_ros2/install/ackermann_msgs/share/ackermann_msgs/cmake/rosidl_cmake_export_typesupport_targets-extras.cmake
[2.032s] -- Up-to-date symlink: /home/wheeltec/wheeltec_ros2/install/ackermann_msgs/share/ackermann_msgs/cmake/rosidl_cmake_export_typesupport_libraries-extras.cmake
[2.033s] -- Up-to-date symlink: /home/wheeltec/wheeltec_ros2/install/ackermann_msgs/share/ackermann_msgs/cmake/ackermann_msgsConfig.cmake
[2.033s] -- Up-to-date symlink: /home/wheeltec/wheeltec_ros2/install/ackermann_msgs/share/ackermann_msgs/cmake/ackermann_msgsConfig-version.cmake
[2.033s] -- Up-to-date symlink: /home/wheeltec/wheeltec_ros2/install/ackermann_msgs/share/ackermann_msgs/package.xml
[2.033s] -- Up-to-date: /home/wheeltec/wheeltec_ros2/install/ackermann_msgs/lib/libackermann_msgs__rosidl_generator_c.so
[2.033s] -- Up-to-date: /home/wheeltec/wheeltec_ros2/install/ackermann_msgs/lib/libackermann_msgs__rosidl_typesupport_fastrtps_c.so
[2.033s] -- Up-to-date: /home/wheeltec/wheeltec_ros2/install/ackermann_msgs/lib/libackermann_msgs__rosidl_typesupport_introspection_c.so
[2.033s] -- Up-to-date: /home/wheeltec/wheeltec_ros2/install/ackermann_msgs/lib/libackermann_msgs__rosidl_typesupport_c.so
[2.033s] -- Up-to-date: /home/wheeltec/wheeltec_ros2/install/ackermann_msgs/lib/libackermann_msgs__rosidl_typesupport_fastrtps_cpp.so
[2.033s] -- Up-to-date: /home/wheeltec/wheeltec_ros2/install/ackermann_msgs/lib/libackermann_msgs__rosidl_typesupport_introspection_cpp.so
[2.033s] -- Up-to-date: /home/wheeltec/wheeltec_ros2/install/ackermann_msgs/lib/libackermann_msgs__rosidl_typesupport_cpp.so
[2.152s] Listing '/home/wheeltec/wheeltec_ros2/install/ackermann_msgs/local/lib/python3.10/dist-packages/ackermann_msgs'...
[2.152s] Listing '/home/wheeltec/wheeltec_ros2/install/ackermann_msgs/local/lib/python3.10/dist-packages/ackermann_msgs/msg'...
[2.186s] -- Up-to-date: /home/wheeltec/wheeltec_ros2/install/ackermann_msgs/lib/libackermann_msgs__rosidl_generator_py.so
[2.187s] -- Up-to-date: /home/wheeltec/wheeltec_ros2/install/ackermann_msgs/share/ackermann_msgs/cmake/export_ackermann_msgs__rosidl_generator_cExport.cmake
[2.187s] -- Up-to-date: /home/wheeltec/wheeltec_ros2/install/ackermann_msgs/share/ackermann_msgs/cmake/export_ackermann_msgs__rosidl_generator_cExport-noconfig.cmake
[2.187s] -- Up-to-date: /home/wheeltec/wheeltec_ros2/install/ackermann_msgs/share/ackermann_msgs/cmake/export_ackermann_msgs__rosidl_typesupport_fastrtps_cExport.cmake
[2.187s] -- Up-to-date: /home/wheeltec/wheeltec_ros2/install/ackermann_msgs/share/ackermann_msgs/cmake/export_ackermann_msgs__rosidl_typesupport_fastrtps_cExport-noconfig.cmake
[2.187s] -- Up-to-date: /home/wheeltec/wheeltec_ros2/install/ackermann_msgs/share/ackermann_msgs/cmake/ackermann_msgs__rosidl_typesupport_introspection_cExport.cmake
[2.187s] -- Up-to-date: /home/wheeltec/wheeltec_ros2/install/ackermann_msgs/share/ackermann_msgs/cmake/ackermann_msgs__rosidl_typesupport_introspection_cExport-noconfig.cmake
[2.187s] -- Up-to-date: /home/wheeltec/wheeltec_ros2/install/ackermann_msgs/share/ackermann_msgs/cmake/ackermann_msgs__rosidl_typesupport_cExport.cmake
[2.188s] -- Up-to-date: /home/wheeltec/wheeltec_ros2/install/ackermann_msgs/share/ackermann_msgs/cmake/ackermann_msgs__rosidl_typesupport_cExport-noconfig.cmake
[2.188s] -- Up-to-date: /home/wheeltec/wheeltec_ros2/install/ackermann_msgs/share/ackermann_msgs/cmake/export_ackermann_msgs__rosidl_generator_cppExport.cmake
[2.188s] -- Up-to-date: /home/wheeltec/wheeltec_ros2/install/ackermann_msgs/share/ackermann_msgs/cmake/export_ackermann_msgs__rosidl_typesupport_fastrtps_cppExport.cmake
[2.188s] -- Up-to-date: /home/wheeltec/wheeltec_ros2/install/ackermann_msgs/share/ackermann_msgs/cmake/export_ackermann_msgs__rosidl_typesupport_fastrtps_cppExport-noconfig.cmake
[2.188s] -- Up-to-date: /home/wheeltec/wheeltec_ros2/install/ackermann_msgs/share/ackermann_msgs/cmake/ackermann_msgs__rosidl_typesupport_introspection_cppExport.cmake
[2.188s] -- Up-to-date: /home/wheeltec/wheeltec_ros2/install/ackermann_msgs/share/ackermann_msgs/cmake/ackermann_msgs__rosidl_typesupport_introspection_cppExport-noconfig.cmake
[2.188s] -- Up-to-date: /home/wheeltec/wheeltec_ros2/install/ackermann_msgs/share/ackermann_msgs/cmake/ackermann_msgs__rosidl_typesupport_cppExport.cmake
[2.188s] -- Up-to-date: /home/wheeltec/wheeltec_ros2/install/ackermann_msgs/share/ackermann_msgs/cmake/ackermann_msgs__rosidl_typesupport_cppExport-noconfig.cmake
[2.188s] -- Up-to-date: /home/wheeltec/wheeltec_ros2/install/ackermann_msgs/share/ackermann_msgs/cmake/export_ackermann_msgs__rosidl_generator_pyExport.cmake
[2.188s] -- Up-to-date: /home/wheeltec/wheeltec_ros2/install/ackermann_msgs/share/ackermann_msgs/cmake/export_ackermann_msgs__rosidl_generator_pyExport-noconfig.cmake
[2.358s] Invoked command in '/home/wheeltec/wheeltec_ros2/build/ackermann_msgs' returned '0': CMAKE_PREFIX_PATH=${CMAKE_PREFIX_PATH}:/home/wheeltec/wheeltec_ros2/install/auto_recharge_ros2:/home/wheeltec/autoware/install/autoware_wheeltec_interface:/home/wheeltec/autoware/install/ad_api_visualizers:/opt/ros/humble /usr/bin/cmake --install /home/wheeltec/wheeltec_ros2/build/ackermann_msgs
