[0.258s] Invoking command in '/home/wheeltec/wheeltec_ros2/build/nmea_msgs': CMAKE_PREFIX_PATH=${CMAKE_PREFIX_PATH}:/home/wheeltec/wheeltec_ros2/install/simple_follower_ros2:/home/wheeltec/wheeltec_ros2/install/wheeltec_robot_keyboard:/home/wheeltec/wheeltec_ros2/install/wheeltec_dual_rtk_driver:/home/wheeltec/wheeltec_ros2/install/ultralytics_ros2:/home/wheeltec/wheeltec_ros2/install/tf2_tools:/home/wheeltec/wheeltec_ros2/install/ollama_ros_chat:/home/wheeltec/wheeltec_ros2/install/nmea_navsat_driver:/home/wheeltec/wheeltec_ros2/install/nav2_waypoint_cycle:/home/wheeltec/wheeltec_ros2/install/nav2_simple_commander:/home/wheeltec/wheeltec_ros2/install/auto_recharge_ros2:/home/wheeltec/autoware/install/autoware_wheeltec_interface:/home/wheeltec/autoware/install/ad_api_visualizers:/opt/ros/humble /usr/bin/cmake --build /home/wheeltec/wheeltec_ros2/build/nmea_msgs -- -j6 -l6
[1.691s] [  1%] Built target nmea_msgs__cpp
[1.921s] [  1%] Built target ament_cmake_python_symlink_nmea_msgs
[2.082s] [ 12%] Built target nmea_msgs__rosidl_generator_c
[2.376s] [ 24%] Built target nmea_msgs__rosidl_typesupport_fastrtps_cpp
[2.415s] [ 35%] Built target nmea_msgs__rosidl_typesupport_introspection_cpp
[2.521s] [ 46%] Built target nmea_msgs__rosidl_typesupport_cpp
[2.635s] [ 58%] Built target nmea_msgs__rosidl_typesupport_fastrtps_c
[2.674s] [ 69%] Built target nmea_msgs__rosidl_typesupport_introspection_c
[2.925s] [ 81%] Built target nmea_msgs__rosidl_typesupport_c
[3.342s] [ 81%] Built target nmea_msgs
[3.598s] [ 82%] Built target nmea_msgs__py
[3.598s] running egg_info
[3.600s] writing nmea_msgs.egg-info/PKG-INFO
[3.601s] writing dependency_links to nmea_msgs.egg-info/dependency_links.txt
[3.601s] writing top-level names to nmea_msgs.egg-info/top_level.txt
[3.625s] reading manifest file 'nmea_msgs.egg-info/SOURCES.txt'
[3.637s] writing manifest file 'nmea_msgs.egg-info/SOURCES.txt'
[3.968s] [ 82%] Built target ament_cmake_python_build_nmea_msgs_egg
[4.072s] [ 92%] Built target nmea_msgs__rosidl_generator_py
[4.726s] [ 94%] Built target nmea_msgs__rosidl_typesupport_introspection_c__pyext
[4.759s] [ 97%] Built target nmea_msgs__rosidl_typesupport_c__pyext
[4.794s] [100%] Built target nmea_msgs__rosidl_typesupport_fastrtps_c__pyext
[5.110s] Invoked command in '/home/wheeltec/wheeltec_ros2/build/nmea_msgs' returned '0': CMAKE_PREFIX_PATH=${CMAKE_PREFIX_PATH}:/home/wheeltec/wheeltec_ros2/install/simple_follower_ros2:/home/wheeltec/wheeltec_ros2/install/wheeltec_robot_keyboard:/home/wheeltec/wheeltec_ros2/install/wheeltec_dual_rtk_driver:/home/wheeltec/wheeltec_ros2/install/ultralytics_ros2:/home/wheeltec/wheeltec_ros2/install/tf2_tools:/home/wheeltec/wheeltec_ros2/install/ollama_ros_chat:/home/wheeltec/wheeltec_ros2/install/nmea_navsat_driver:/home/wheeltec/wheeltec_ros2/install/nav2_waypoint_cycle:/home/wheeltec/wheeltec_ros2/install/nav2_simple_commander:/home/wheeltec/wheeltec_ros2/install/auto_recharge_ros2:/home/wheeltec/autoware/install/autoware_wheeltec_interface:/home/wheeltec/autoware/install/ad_api_visualizers:/opt/ros/humble /usr/bin/cmake --build /home/wheeltec/wheeltec_ros2/build/nmea_msgs -- -j6 -l6
[5.117s] Invoking command in '/home/wheeltec/wheeltec_ros2/build/nmea_msgs': CMAKE_PREFIX_PATH=${CMAKE_PREFIX_PATH}:/home/wheeltec/wheeltec_ros2/install/simple_follower_ros2:/home/wheeltec/wheeltec_ros2/install/wheeltec_robot_keyboard:/home/wheeltec/wheeltec_ros2/install/wheeltec_dual_rtk_driver:/home/wheeltec/wheeltec_ros2/install/ultralytics_ros2:/home/wheeltec/wheeltec_ros2/install/tf2_tools:/home/wheeltec/wheeltec_ros2/install/ollama_ros_chat:/home/wheeltec/wheeltec_ros2/install/nmea_navsat_driver:/home/wheeltec/wheeltec_ros2/install/nav2_waypoint_cycle:/home/wheeltec/wheeltec_ros2/install/nav2_simple_commander:/home/wheeltec/wheeltec_ros2/install/auto_recharge_ros2:/home/wheeltec/autoware/install/autoware_wheeltec_interface:/home/wheeltec/autoware/install/ad_api_visualizers:/opt/ros/humble /usr/bin/cmake --install /home/wheeltec/wheeltec_ros2/build/nmea_msgs
[5.202s] -- Install configuration: ""
[5.203s] -- Execute custom install script
[5.203s] -- Up-to-date symlink: /home/wheeltec/wheeltec_ros2/install/nmea_msgs/share/ament_index/resource_index/rosidl_interfaces/nmea_msgs
[5.205s] -- Up-to-date symlink: /home/wheeltec/wheeltec_ros2/install/nmea_msgs/include/nmea_msgs/nmea_msgs/msg/detail/gpgga__functions.h
[5.206s] -- Up-to-date symlink: /home/wheeltec/wheeltec_ros2/install/nmea_msgs/include/nmea_msgs/nmea_msgs/msg/detail/gpgga__struct.h
[5.206s] -- Up-to-date symlink: /home/wheeltec/wheeltec_ros2/install/nmea_msgs/include/nmea_msgs/nmea_msgs/msg/detail/gpgga__type_support.h
[5.206s] -- Up-to-date symlink: /home/wheeltec/wheeltec_ros2/install/nmea_msgs/include/nmea_msgs/nmea_msgs/msg/detail/gpgsa__functions.h
[5.207s] -- Up-to-date symlink: /home/wheeltec/wheeltec_ros2/install/nmea_msgs/include/nmea_msgs/nmea_msgs/msg/detail/gpgsa__struct.h
[5.207s] -- Up-to-date symlink: /home/wheeltec/wheeltec_ros2/install/nmea_msgs/include/nmea_msgs/nmea_msgs/msg/detail/gpgsa__type_support.h
[5.207s] -- Up-to-date symlink: /home/wheeltec/wheeltec_ros2/install/nmea_msgs/include/nmea_msgs/nmea_msgs/msg/detail/gpgst__functions.h
[5.208s] -- Up-to-date symlink: /home/wheeltec/wheeltec_ros2/install/nmea_msgs/include/nmea_msgs/nmea_msgs/msg/detail/gpgst__struct.h
[5.209s] -- Up-to-date symlink: /home/wheeltec/wheeltec_ros2/install/nmea_msgs/include/nmea_msgs/nmea_msgs/msg/detail/gpgst__type_support.h
[5.209s] -- Up-to-date symlink: /home/wheeltec/wheeltec_ros2/install/nmea_msgs/include/nmea_msgs/nmea_msgs/msg/detail/gpgsv__functions.h
[5.210s] -- Up-to-date symlink: /home/wheeltec/wheeltec_ros2/install/nmea_msgs/include/nmea_msgs/nmea_msgs/msg/detail/gpgsv__struct.h
[5.210s] -- Up-to-date symlink: /home/wheeltec/wheeltec_ros2/install/nmea_msgs/include/nmea_msgs/nmea_msgs/msg/detail/gpgsv__type_support.h
[5.210s] -- Up-to-date symlink: /home/wheeltec/wheeltec_ros2/install/nmea_msgs/include/nmea_msgs/nmea_msgs/msg/detail/gpgsv_satellite__functions.h
[5.210s] -- Up-to-date symlink: /home/wheeltec/wheeltec_ros2/install/nmea_msgs/include/nmea_msgs/nmea_msgs/msg/detail/gpgsv_satellite__struct.h
[5.211s] -- Up-to-date symlink: /home/wheeltec/wheeltec_ros2/install/nmea_msgs/include/nmea_msgs/nmea_msgs/msg/detail/gpgsv_satellite__type_support.h
[5.211s] -- Up-to-date symlink: /home/wheeltec/wheeltec_ros2/install/nmea_msgs/include/nmea_msgs/nmea_msgs/msg/detail/gprmc__functions.h
[5.211s] -- Up-to-date symlink: /home/wheeltec/wheeltec_ros2/install/nmea_msgs/include/nmea_msgs/nmea_msgs/msg/detail/gprmc__struct.h
[5.212s] -- Up-to-date symlink: /home/wheeltec/wheeltec_ros2/install/nmea_msgs/include/nmea_msgs/nmea_msgs/msg/detail/gprmc__type_support.h
[5.212s] -- Up-to-date symlink: /home/wheeltec/wheeltec_ros2/install/nmea_msgs/include/nmea_msgs/nmea_msgs/msg/detail/sentence__functions.h
[5.212s] -- Up-to-date symlink: /home/wheeltec/wheeltec_ros2/install/nmea_msgs/include/nmea_msgs/nmea_msgs/msg/detail/sentence__struct.h
[5.213s] -- Up-to-date symlink: /home/wheeltec/wheeltec_ros2/install/nmea_msgs/include/nmea_msgs/nmea_msgs/msg/detail/sentence__type_support.h
[5.213s] -- Up-to-date symlink: /home/wheeltec/wheeltec_ros2/install/nmea_msgs/include/nmea_msgs/nmea_msgs/msg/gpgga.h
[5.213s] -- Up-to-date symlink: /home/wheeltec/wheeltec_ros2/install/nmea_msgs/include/nmea_msgs/nmea_msgs/msg/gpgsa.h
[5.213s] -- Up-to-date symlink: /home/wheeltec/wheeltec_ros2/install/nmea_msgs/include/nmea_msgs/nmea_msgs/msg/gpgst.h
[5.214s] -- Up-to-date symlink: /home/wheeltec/wheeltec_ros2/install/nmea_msgs/include/nmea_msgs/nmea_msgs/msg/gpgsv.h
[5.214s] -- Up-to-date symlink: /home/wheeltec/wheeltec_ros2/install/nmea_msgs/include/nmea_msgs/nmea_msgs/msg/gpgsv_satellite.h
[5.214s] -- Up-to-date symlink: /home/wheeltec/wheeltec_ros2/install/nmea_msgs/include/nmea_msgs/nmea_msgs/msg/gprmc.h
[5.215s] -- Up-to-date symlink: /home/wheeltec/wheeltec_ros2/install/nmea_msgs/include/nmea_msgs/nmea_msgs/msg/rosidl_generator_c__visibility_control.h
[5.215s] -- Up-to-date symlink: /home/wheeltec/wheeltec_ros2/install/nmea_msgs/include/nmea_msgs/nmea_msgs/msg/sentence.h
[5.215s] -- Up-to-date symlink: /home/wheeltec/wheeltec_ros2/install/nmea_msgs/share/nmea_msgs/environment/library_path.sh
[5.216s] -- Up-to-date symlink: /home/wheeltec/wheeltec_ros2/install/nmea_msgs/share/nmea_msgs/environment/library_path.dsv
[5.217s] -- Up-to-date symlink: /home/wheeltec/wheeltec_ros2/install/nmea_msgs/include/nmea_msgs/nmea_msgs/msg/detail/gpgga__rosidl_typesupport_fastrtps_c.h
[5.217s] -- Up-to-date symlink: /home/wheeltec/wheeltec_ros2/install/nmea_msgs/include/nmea_msgs/nmea_msgs/msg/detail/gpgsa__rosidl_typesupport_fastrtps_c.h
[5.218s] -- Up-to-date symlink: /home/wheeltec/wheeltec_ros2/install/nmea_msgs/include/nmea_msgs/nmea_msgs/msg/detail/gpgst__rosidl_typesupport_fastrtps_c.h
[5.218s] -- Up-to-date symlink: /home/wheeltec/wheeltec_ros2/install/nmea_msgs/include/nmea_msgs/nmea_msgs/msg/detail/gpgsv__rosidl_typesupport_fastrtps_c.h
[5.218s] -- Up-to-date symlink: /home/wheeltec/wheeltec_ros2/install/nmea_msgs/include/nmea_msgs/nmea_msgs/msg/detail/gpgsv_satellite__rosidl_typesupport_fastrtps_c.h
[5.219s] -- Up-to-date symlink: /home/wheeltec/wheeltec_ros2/install/nmea_msgs/include/nmea_msgs/nmea_msgs/msg/detail/gprmc__rosidl_typesupport_fastrtps_c.h
[5.219s] -- Up-to-date symlink: /home/wheeltec/wheeltec_ros2/install/nmea_msgs/include/nmea_msgs/nmea_msgs/msg/detail/sentence__rosidl_typesupport_fastrtps_c.h
[5.219s] -- Up-to-date symlink: /home/wheeltec/wheeltec_ros2/install/nmea_msgs/include/nmea_msgs/nmea_msgs/msg/rosidl_typesupport_fastrtps_c__visibility_control.h
[5.220s] -- Up-to-date symlink: /home/wheeltec/wheeltec_ros2/install/nmea_msgs/include/nmea_msgs/nmea_msgs/msg/detail/gpgga__rosidl_typesupport_introspection_c.h
[5.220s] -- Up-to-date symlink: /home/wheeltec/wheeltec_ros2/install/nmea_msgs/include/nmea_msgs/nmea_msgs/msg/detail/gpgsa__rosidl_typesupport_introspection_c.h
[5.221s] -- Up-to-date symlink: /home/wheeltec/wheeltec_ros2/install/nmea_msgs/include/nmea_msgs/nmea_msgs/msg/detail/gpgst__rosidl_typesupport_introspection_c.h
[5.221s] -- Up-to-date symlink: /home/wheeltec/wheeltec_ros2/install/nmea_msgs/include/nmea_msgs/nmea_msgs/msg/detail/gpgsv__rosidl_typesupport_introspection_c.h
[5.221s] -- Up-to-date symlink: /home/wheeltec/wheeltec_ros2/install/nmea_msgs/include/nmea_msgs/nmea_msgs/msg/detail/gpgsv_satellite__rosidl_typesupport_introspection_c.h
[5.222s] -- Up-to-date symlink: /home/wheeltec/wheeltec_ros2/install/nmea_msgs/include/nmea_msgs/nmea_msgs/msg/detail/gprmc__rosidl_typesupport_introspection_c.h
[5.222s] -- Up-to-date symlink: /home/wheeltec/wheeltec_ros2/install/nmea_msgs/include/nmea_msgs/nmea_msgs/msg/detail/sentence__rosidl_typesupport_introspection_c.h
[5.222s] -- Up-to-date symlink: /home/wheeltec/wheeltec_ros2/install/nmea_msgs/include/nmea_msgs/nmea_msgs/msg/rosidl_typesupport_introspection_c__visibility_control.h
[5.223s] -- Up-to-date symlink: /home/wheeltec/wheeltec_ros2/install/nmea_msgs/include/nmea_msgs/nmea_msgs/msg/detail/gpgga__builder.hpp
[5.224s] -- Up-to-date symlink: /home/wheeltec/wheeltec_ros2/install/nmea_msgs/include/nmea_msgs/nmea_msgs/msg/detail/gpgga__struct.hpp
[5.224s] -- Up-to-date symlink: /home/wheeltec/wheeltec_ros2/install/nmea_msgs/include/nmea_msgs/nmea_msgs/msg/detail/gpgga__traits.hpp
[5.224s] -- Up-to-date symlink: /home/wheeltec/wheeltec_ros2/install/nmea_msgs/include/nmea_msgs/nmea_msgs/msg/detail/gpgga__type_support.hpp
[5.224s] -- Up-to-date symlink: /home/wheeltec/wheeltec_ros2/install/nmea_msgs/include/nmea_msgs/nmea_msgs/msg/detail/gpgsa__builder.hpp
[5.225s] -- Up-to-date symlink: /home/wheeltec/wheeltec_ros2/install/nmea_msgs/include/nmea_msgs/nmea_msgs/msg/detail/gpgsa__struct.hpp
[5.225s] -- Up-to-date symlink: /home/wheeltec/wheeltec_ros2/install/nmea_msgs/include/nmea_msgs/nmea_msgs/msg/detail/gpgsa__traits.hpp
[5.225s] -- Up-to-date symlink: /home/wheeltec/wheeltec_ros2/install/nmea_msgs/include/nmea_msgs/nmea_msgs/msg/detail/gpgsa__type_support.hpp
[5.226s] -- Up-to-date symlink: /home/wheeltec/wheeltec_ros2/install/nmea_msgs/include/nmea_msgs/nmea_msgs/msg/detail/gpgst__builder.hpp
[5.226s] -- Up-to-date symlink: /home/wheeltec/wheeltec_ros2/install/nmea_msgs/include/nmea_msgs/nmea_msgs/msg/detail/gpgst__struct.hpp
[5.226s] -- Up-to-date symlink: /home/wheeltec/wheeltec_ros2/install/nmea_msgs/include/nmea_msgs/nmea_msgs/msg/detail/gpgst__traits.hpp
[5.227s] -- Up-to-date symlink: /home/wheeltec/wheeltec_ros2/install/nmea_msgs/include/nmea_msgs/nmea_msgs/msg/detail/gpgst__type_support.hpp
[5.227s] -- Up-to-date symlink: /home/wheeltec/wheeltec_ros2/install/nmea_msgs/include/nmea_msgs/nmea_msgs/msg/detail/gpgsv__builder.hpp
[5.227s] -- Up-to-date symlink: /home/wheeltec/wheeltec_ros2/install/nmea_msgs/include/nmea_msgs/nmea_msgs/msg/detail/gpgsv__struct.hpp
[5.228s] -- Up-to-date symlink: /home/wheeltec/wheeltec_ros2/install/nmea_msgs/include/nmea_msgs/nmea_msgs/msg/detail/gpgsv__traits.hpp
[5.228s] -- Up-to-date symlink: /home/wheeltec/wheeltec_ros2/install/nmea_msgs/include/nmea_msgs/nmea_msgs/msg/detail/gpgsv__type_support.hpp
[5.229s] -- Up-to-date symlink: /home/wheeltec/wheeltec_ros2/install/nmea_msgs/include/nmea_msgs/nmea_msgs/msg/detail/gpgsv_satellite__builder.hpp
[5.231s] -- Up-to-date symlink: /home/wheeltec/wheeltec_ros2/install/nmea_msgs/include/nmea_msgs/nmea_msgs/msg/detail/gpgsv_satellite__struct.hpp
[5.233s] -- Up-to-date symlink: /home/wheeltec/wheeltec_ros2/install/nmea_msgs/include/nmea_msgs/nmea_msgs/msg/detail/gpgsv_satellite__traits.hpp
[5.235s] -- Up-to-date symlink: /home/wheeltec/wheeltec_ros2/install/nmea_msgs/include/nmea_msgs/nmea_msgs/msg/detail/gpgsv_satellite__type_support.hpp
[5.236s] -- Up-to-date symlink: /home/wheeltec/wheeltec_ros2/install/nmea_msgs/include/nmea_msgs/nmea_msgs/msg/detail/gprmc__builder.hpp
[5.238s] -- Up-to-date symlink: /home/wheeltec/wheeltec_ros2/install/nmea_msgs/include/nmea_msgs/nmea_msgs/msg/detail/gprmc__struct.hpp
[5.240s] -- Up-to-date symlink: /home/wheeltec/wheeltec_ros2/install/nmea_msgs/include/nmea_msgs/nmea_msgs/msg/detail/gprmc__traits.hpp
[5.241s] -- Up-to-date symlink: /home/wheeltec/wheeltec_ros2/install/nmea_msgs/include/nmea_msgs/nmea_msgs/msg/detail/gprmc__type_support.hpp
[5.244s] -- Up-to-date symlink: /home/wheeltec/wheeltec_ros2/install/nmea_msgs/include/nmea_msgs/nmea_msgs/msg/detail/sentence__builder.hpp
[5.245s] -- Up-to-date symlink: /home/wheeltec/wheeltec_ros2/install/nmea_msgs/include/nmea_msgs/nmea_msgs/msg/detail/sentence__struct.hpp
[5.245s] -- Up-to-date symlink: /home/wheeltec/wheeltec_ros2/install/nmea_msgs/include/nmea_msgs/nmea_msgs/msg/detail/sentence__traits.hpp
[5.246s] -- Up-to-date symlink: /home/wheeltec/wheeltec_ros2/install/nmea_msgs/include/nmea_msgs/nmea_msgs/msg/detail/sentence__type_support.hpp
[5.246s] -- Up-to-date symlink: /home/wheeltec/wheeltec_ros2/install/nmea_msgs/include/nmea_msgs/nmea_msgs/msg/gpgga.hpp
[5.247s] -- Up-to-date symlink: /home/wheeltec/wheeltec_ros2/install/nmea_msgs/include/nmea_msgs/nmea_msgs/msg/gpgsa.hpp
[5.249s] -- Up-to-date symlink: /home/wheeltec/wheeltec_ros2/install/nmea_msgs/include/nmea_msgs/nmea_msgs/msg/gpgst.hpp
[5.249s] -- Up-to-date symlink: /home/wheeltec/wheeltec_ros2/install/nmea_msgs/include/nmea_msgs/nmea_msgs/msg/gpgsv.hpp
[5.250s] -- Up-to-date symlink: /home/wheeltec/wheeltec_ros2/install/nmea_msgs/include/nmea_msgs/nmea_msgs/msg/gpgsv_satellite.hpp
[5.250s] -- Up-to-date symlink: /home/wheeltec/wheeltec_ros2/install/nmea_msgs/include/nmea_msgs/nmea_msgs/msg/gprmc.hpp
[5.251s] -- Up-to-date symlink: /home/wheeltec/wheeltec_ros2/install/nmea_msgs/include/nmea_msgs/nmea_msgs/msg/rosidl_generator_cpp__visibility_control.hpp
[5.251s] -- Up-to-date symlink: /home/wheeltec/wheeltec_ros2/install/nmea_msgs/include/nmea_msgs/nmea_msgs/msg/sentence.hpp
[5.253s] -- Up-to-date symlink: /home/wheeltec/wheeltec_ros2/install/nmea_msgs/include/nmea_msgs/nmea_msgs/msg/detail/gpgga__rosidl_typesupport_fastrtps_cpp.hpp
[5.253s] -- Up-to-date symlink: /home/wheeltec/wheeltec_ros2/install/nmea_msgs/include/nmea_msgs/nmea_msgs/msg/detail/gpgsa__rosidl_typesupport_fastrtps_cpp.hpp
[5.254s] -- Up-to-date symlink: /home/wheeltec/wheeltec_ros2/install/nmea_msgs/include/nmea_msgs/nmea_msgs/msg/detail/gpgst__rosidl_typesupport_fastrtps_cpp.hpp
[5.255s] -- Up-to-date symlink: /home/wheeltec/wheeltec_ros2/install/nmea_msgs/include/nmea_msgs/nmea_msgs/msg/detail/gpgsv__rosidl_typesupport_fastrtps_cpp.hpp
[5.255s] -- Up-to-date symlink: /home/wheeltec/wheeltec_ros2/install/nmea_msgs/include/nmea_msgs/nmea_msgs/msg/detail/gpgsv_satellite__rosidl_typesupport_fastrtps_cpp.hpp
[5.256s] -- Up-to-date symlink: /home/wheeltec/wheeltec_ros2/install/nmea_msgs/include/nmea_msgs/nmea_msgs/msg/detail/gprmc__rosidl_typesupport_fastrtps_cpp.hpp
[5.256s] -- Up-to-date symlink: /home/wheeltec/wheeltec_ros2/install/nmea_msgs/include/nmea_msgs/nmea_msgs/msg/detail/sentence__rosidl_typesupport_fastrtps_cpp.hpp
[5.257s] -- Up-to-date symlink: /home/wheeltec/wheeltec_ros2/install/nmea_msgs/include/nmea_msgs/nmea_msgs/msg/rosidl_typesupport_fastrtps_cpp__visibility_control.h
[5.258s] -- Up-to-date symlink: /home/wheeltec/wheeltec_ros2/install/nmea_msgs/include/nmea_msgs/nmea_msgs/msg/detail/gpgga__rosidl_typesupport_introspection_cpp.hpp
[5.260s] -- Up-to-date symlink: /home/wheeltec/wheeltec_ros2/install/nmea_msgs/include/nmea_msgs/nmea_msgs/msg/detail/gpgsa__rosidl_typesupport_introspection_cpp.hpp
[5.260s] -- Up-to-date symlink: /home/wheeltec/wheeltec_ros2/install/nmea_msgs/include/nmea_msgs/nmea_msgs/msg/detail/gpgst__rosidl_typesupport_introspection_cpp.hpp
[5.269s] -- Up-to-date symlink: /home/wheeltec/wheeltec_ros2/install/nmea_msgs/include/nmea_msgs/nmea_msgs/msg/detail/gpgsv__rosidl_typesupport_introspection_cpp.hpp
[5.270s] -- Up-to-date symlink: /home/wheeltec/wheeltec_ros2/install/nmea_msgs/include/nmea_msgs/nmea_msgs/msg/detail/gpgsv_satellite__rosidl_typesupport_introspection_cpp.hpp
[5.271s] -- Up-to-date symlink: /home/wheeltec/wheeltec_ros2/install/nmea_msgs/include/nmea_msgs/nmea_msgs/msg/detail/gprmc__rosidl_typesupport_introspection_cpp.hpp
[5.271s] -- Up-to-date symlink: /home/wheeltec/wheeltec_ros2/install/nmea_msgs/include/nmea_msgs/nmea_msgs/msg/detail/sentence__rosidl_typesupport_introspection_cpp.hpp
[5.272s] -- Up-to-date symlink: /home/wheeltec/wheeltec_ros2/install/nmea_msgs/share/nmea_msgs/environment/pythonpath.sh
[5.272s] -- Up-to-date symlink: /home/wheeltec/wheeltec_ros2/install/nmea_msgs/share/nmea_msgs/environment/pythonpath.dsv
[5.273s] -- Up-to-date symlink: /home/wheeltec/wheeltec_ros2/install/nmea_msgs/local/lib/python3.10/dist-packages/nmea_msgs-2.0.0-py3.10.egg-info/PKG-INFO
[5.274s] -- Up-to-date symlink: /home/wheeltec/wheeltec_ros2/install/nmea_msgs/local/lib/python3.10/dist-packages/nmea_msgs-2.0.0-py3.10.egg-info/SOURCES.txt
[5.274s] -- Up-to-date symlink: /home/wheeltec/wheeltec_ros2/install/nmea_msgs/local/lib/python3.10/dist-packages/nmea_msgs-2.0.0-py3.10.egg-info/dependency_links.txt
[5.275s] -- Up-to-date symlink: /home/wheeltec/wheeltec_ros2/install/nmea_msgs/local/lib/python3.10/dist-packages/nmea_msgs-2.0.0-py3.10.egg-info/top_level.txt
[5.278s] -- Up-to-date symlink: /home/wheeltec/wheeltec_ros2/install/nmea_msgs/local/lib/python3.10/dist-packages/nmea_msgs/__init__.py
[5.279s] -- Up-to-date symlink: /home/wheeltec/wheeltec_ros2/install/nmea_msgs/local/lib/python3.10/dist-packages/nmea_msgs/_nmea_msgs_s.ep.rosidl_typesupport_c.c
[5.280s] -- Up-to-date symlink: /home/wheeltec/wheeltec_ros2/install/nmea_msgs/local/lib/python3.10/dist-packages/nmea_msgs/_nmea_msgs_s.ep.rosidl_typesupport_fastrtps_c.c
[5.280s] -- Up-to-date symlink: /home/wheeltec/wheeltec_ros2/install/nmea_msgs/local/lib/python3.10/dist-packages/nmea_msgs/_nmea_msgs_s.ep.rosidl_typesupport_introspection_c.c
[5.281s] -- Up-to-date symlink: /home/wheeltec/wheeltec_ros2/install/nmea_msgs/local/lib/python3.10/dist-packages/nmea_msgs/libnmea_msgs__rosidl_generator_py.so
[5.282s] -- Up-to-date symlink: /home/wheeltec/wheeltec_ros2/install/nmea_msgs/local/lib/python3.10/dist-packages/nmea_msgs/msg/__init__.py
[5.283s] -- Up-to-date symlink: /home/wheeltec/wheeltec_ros2/install/nmea_msgs/local/lib/python3.10/dist-packages/nmea_msgs/msg/_gpgga.py
[5.283s] -- Up-to-date symlink: /home/wheeltec/wheeltec_ros2/install/nmea_msgs/local/lib/python3.10/dist-packages/nmea_msgs/msg/_gpgga_s.c
[5.284s] -- Up-to-date symlink: /home/wheeltec/wheeltec_ros2/install/nmea_msgs/local/lib/python3.10/dist-packages/nmea_msgs/msg/_gpgsa.py
[5.285s] -- Up-to-date symlink: /home/wheeltec/wheeltec_ros2/install/nmea_msgs/local/lib/python3.10/dist-packages/nmea_msgs/msg/_gpgsa_s.c
[5.285s] -- Up-to-date symlink: /home/wheeltec/wheeltec_ros2/install/nmea_msgs/local/lib/python3.10/dist-packages/nmea_msgs/msg/_gpgst.py
[5.286s] -- Up-to-date symlink: /home/wheeltec/wheeltec_ros2/install/nmea_msgs/local/lib/python3.10/dist-packages/nmea_msgs/msg/_gpgst_s.c
[5.287s] -- Up-to-date symlink: /home/wheeltec/wheeltec_ros2/install/nmea_msgs/local/lib/python3.10/dist-packages/nmea_msgs/msg/_gpgsv.py
[5.288s] -- Up-to-date symlink: /home/wheeltec/wheeltec_ros2/install/nmea_msgs/local/lib/python3.10/dist-packages/nmea_msgs/msg/_gpgsv_s.c
[5.288s] -- Up-to-date symlink: /home/wheeltec/wheeltec_ros2/install/nmea_msgs/local/lib/python3.10/dist-packages/nmea_msgs/msg/_gpgsv_satellite.py
[5.289s] -- Up-to-date symlink: /home/wheeltec/wheeltec_ros2/install/nmea_msgs/local/lib/python3.10/dist-packages/nmea_msgs/msg/_gpgsv_satellite_s.c
[5.290s] -- Up-to-date symlink: /home/wheeltec/wheeltec_ros2/install/nmea_msgs/local/lib/python3.10/dist-packages/nmea_msgs/msg/_gprmc.py
[5.290s] -- Up-to-date symlink: /home/wheeltec/wheeltec_ros2/install/nmea_msgs/local/lib/python3.10/dist-packages/nmea_msgs/msg/_gprmc_s.c
[5.291s] -- Up-to-date symlink: /home/wheeltec/wheeltec_ros2/install/nmea_msgs/local/lib/python3.10/dist-packages/nmea_msgs/msg/_sentence.py
[5.291s] -- Up-to-date symlink: /home/wheeltec/wheeltec_ros2/install/nmea_msgs/local/lib/python3.10/dist-packages/nmea_msgs/msg/_sentence_s.c
[5.293s] -- Up-to-date symlink: /home/wheeltec/wheeltec_ros2/install/nmea_msgs/local/lib/python3.10/dist-packages/nmea_msgs/nmea_msgs_s__rosidl_typesupport_c.cpython-310-aarch64-linux-gnu.so
[5.293s] -- Up-to-date symlink: /home/wheeltec/wheeltec_ros2/install/nmea_msgs/local/lib/python3.10/dist-packages/nmea_msgs/nmea_msgs_s__rosidl_typesupport_fastrtps_c.cpython-310-aarch64-linux-gnu.so
[5.294s] -- Up-to-date symlink: /home/wheeltec/wheeltec_ros2/install/nmea_msgs/local/lib/python3.10/dist-packages/nmea_msgs/nmea_msgs_s__rosidl_typesupport_introspection_c.cpython-310-aarch64-linux-gnu.so
[5.295s] -- Up-to-date symlink: /home/wheeltec/wheeltec_ros2/install/nmea_msgs/local/lib/python3.10/dist-packages/nmea_msgs/nmea_msgs_s__rosidl_typesupport_fastrtps_c.cpython-310-aarch64-linux-gnu.so
[5.297s] -- Up-to-date symlink: /home/wheeltec/wheeltec_ros2/install/nmea_msgs/local/lib/python3.10/dist-packages/nmea_msgs/nmea_msgs_s__rosidl_typesupport_introspection_c.cpython-310-aarch64-linux-gnu.so
[5.297s] -- Up-to-date symlink: /home/wheeltec/wheeltec_ros2/install/nmea_msgs/local/lib/python3.10/dist-packages/nmea_msgs/nmea_msgs_s__rosidl_typesupport_c.cpython-310-aarch64-linux-gnu.so
[5.298s] -- Up-to-date symlink: /home/wheeltec/wheeltec_ros2/install/nmea_msgs/share/nmea_msgs/msg/Sentence.idl
[5.299s] -- Up-to-date symlink: /home/wheeltec/wheeltec_ros2/install/nmea_msgs/share/nmea_msgs/msg/Gpgga.idl
[5.300s] -- Up-to-date symlink: /home/wheeltec/wheeltec_ros2/install/nmea_msgs/share/nmea_msgs/msg/Gpgsa.idl
[5.300s] -- Up-to-date symlink: /home/wheeltec/wheeltec_ros2/install/nmea_msgs/share/nmea_msgs/msg/Gpgst.idl
[5.301s] -- Up-to-date symlink: /home/wheeltec/wheeltec_ros2/install/nmea_msgs/share/nmea_msgs/msg/Gpgsv.idl
[5.301s] -- Up-to-date symlink: /home/wheeltec/wheeltec_ros2/install/nmea_msgs/share/nmea_msgs/msg/GpgsvSatellite.idl
[5.302s] -- Up-to-date symlink: /home/wheeltec/wheeltec_ros2/install/nmea_msgs/share/nmea_msgs/msg/Gprmc.idl
[5.303s] -- Up-to-date symlink: /home/wheeltec/wheeltec_ros2/install/nmea_msgs/share/nmea_msgs/msg/Sentence.msg
[5.305s] -- Up-to-date symlink: /home/wheeltec/wheeltec_ros2/install/nmea_msgs/share/nmea_msgs/msg/Gpgga.msg
[5.306s] -- Up-to-date symlink: /home/wheeltec/wheeltec_ros2/install/nmea_msgs/share/nmea_msgs/msg/Gpgsa.msg
[5.306s] -- Up-to-date symlink: /home/wheeltec/wheeltec_ros2/install/nmea_msgs/share/nmea_msgs/msg/Gpgst.msg
[5.307s] -- Up-to-date symlink: /home/wheeltec/wheeltec_ros2/install/nmea_msgs/share/nmea_msgs/msg/Gpgsv.msg
[5.307s] -- Up-to-date symlink: /home/wheeltec/wheeltec_ros2/install/nmea_msgs/share/nmea_msgs/msg/GpgsvSatellite.msg
[5.308s] -- Up-to-date symlink: /home/wheeltec/wheeltec_ros2/install/nmea_msgs/share/nmea_msgs/msg/Gprmc.msg
[5.308s] -- Up-to-date symlink: /home/wheeltec/wheeltec_ros2/install/nmea_msgs/share/ament_index/resource_index/package_run_dependencies/nmea_msgs
[5.309s] -- Up-to-date symlink: /home/wheeltec/wheeltec_ros2/install/nmea_msgs/share/ament_index/resource_index/parent_prefix_path/nmea_msgs
[5.310s] -- Up-to-date symlink: /home/wheeltec/wheeltec_ros2/install/nmea_msgs/share/nmea_msgs/environment/ament_prefix_path.sh
[5.311s] -- Up-to-date symlink: /home/wheeltec/wheeltec_ros2/install/nmea_msgs/share/nmea_msgs/environment/ament_prefix_path.dsv
[5.311s] -- Up-to-date symlink: /home/wheeltec/wheeltec_ros2/install/nmea_msgs/share/nmea_msgs/environment/path.sh
[5.312s] -- Up-to-date symlink: /home/wheeltec/wheeltec_ros2/install/nmea_msgs/share/nmea_msgs/environment/path.dsv
[5.312s] -- Up-to-date symlink: /home/wheeltec/wheeltec_ros2/install/nmea_msgs/share/nmea_msgs/local_setup.bash
[5.313s] -- Up-to-date symlink: /home/wheeltec/wheeltec_ros2/install/nmea_msgs/share/nmea_msgs/local_setup.sh
[5.314s] -- Up-to-date symlink: /home/wheeltec/wheeltec_ros2/install/nmea_msgs/share/nmea_msgs/local_setup.zsh
[5.314s] -- Up-to-date symlink: /home/wheeltec/wheeltec_ros2/install/nmea_msgs/share/nmea_msgs/local_setup.dsv
[5.314s] -- Symlinking: /home/wheeltec/wheeltec_ros2/install/nmea_msgs/share/nmea_msgs/package.dsv
[5.410s] -- Up-to-date symlink: /home/wheeltec/wheeltec_ros2/install/nmea_msgs/share/ament_index/resource_index/packages/nmea_msgs
[5.410s] -- Up-to-date symlink: /home/wheeltec/wheeltec_ros2/install/nmea_msgs/share/nmea_msgs/cmake/rosidl_cmake-extras.cmake
[5.411s] -- Up-to-date symlink: /home/wheeltec/wheeltec_ros2/install/nmea_msgs/share/nmea_msgs/cmake/ament_cmake_export_dependencies-extras.cmake
[5.411s] -- Up-to-date symlink: /home/wheeltec/wheeltec_ros2/install/nmea_msgs/share/nmea_msgs/cmake/ament_cmake_export_include_directories-extras.cmake
[5.412s] -- Up-to-date symlink: /home/wheeltec/wheeltec_ros2/install/nmea_msgs/share/nmea_msgs/cmake/ament_cmake_export_libraries-extras.cmake
[5.412s] -- Up-to-date symlink: /home/wheeltec/wheeltec_ros2/install/nmea_msgs/share/nmea_msgs/cmake/ament_cmake_export_targets-extras.cmake
[5.413s] -- Up-to-date symlink: /home/wheeltec/wheeltec_ros2/install/nmea_msgs/share/nmea_msgs/cmake/rosidl_cmake_export_typesupport_targets-extras.cmake
[5.413s] -- Up-to-date symlink: /home/wheeltec/wheeltec_ros2/install/nmea_msgs/share/nmea_msgs/cmake/rosidl_cmake_export_typesupport_libraries-extras.cmake
[5.413s] -- Up-to-date symlink: /home/wheeltec/wheeltec_ros2/install/nmea_msgs/share/nmea_msgs/cmake/nmea_msgsConfig.cmake
[5.414s] -- Up-to-date symlink: /home/wheeltec/wheeltec_ros2/install/nmea_msgs/share/nmea_msgs/cmake/nmea_msgsConfig-version.cmake
[5.414s] -- Up-to-date symlink: /home/wheeltec/wheeltec_ros2/install/nmea_msgs/share/nmea_msgs/package.xml
[5.416s] -- Up-to-date: /home/wheeltec/wheeltec_ros2/install/nmea_msgs/lib/libnmea_msgs__rosidl_generator_c.so
[5.417s] -- Up-to-date: /home/wheeltec/wheeltec_ros2/install/nmea_msgs/lib/libnmea_msgs__rosidl_typesupport_fastrtps_c.so
[5.417s] -- Up-to-date: /home/wheeltec/wheeltec_ros2/install/nmea_msgs/lib/libnmea_msgs__rosidl_typesupport_introspection_c.so
[5.418s] -- Up-to-date: /home/wheeltec/wheeltec_ros2/install/nmea_msgs/lib/libnmea_msgs__rosidl_typesupport_c.so
[5.419s] -- Up-to-date: /home/wheeltec/wheeltec_ros2/install/nmea_msgs/lib/libnmea_msgs__rosidl_typesupport_fastrtps_cpp.so
[5.420s] -- Up-to-date: /home/wheeltec/wheeltec_ros2/install/nmea_msgs/lib/libnmea_msgs__rosidl_typesupport_introspection_cpp.so
[5.421s] -- Up-to-date: /home/wheeltec/wheeltec_ros2/install/nmea_msgs/lib/libnmea_msgs__rosidl_typesupport_cpp.so
[5.694s] Listing '/home/wheeltec/wheeltec_ros2/install/nmea_msgs/local/lib/python3.10/dist-packages/nmea_msgs'...
[5.694s] Listing '/home/wheeltec/wheeltec_ros2/install/nmea_msgs/local/lib/python3.10/dist-packages/nmea_msgs/msg'...
[5.730s] -- Up-to-date: /home/wheeltec/wheeltec_ros2/install/nmea_msgs/lib/libnmea_msgs__rosidl_generator_py.so
[5.738s] -- Up-to-date: /home/wheeltec/wheeltec_ros2/install/nmea_msgs/share/nmea_msgs/cmake/export_nmea_msgs__rosidl_generator_cExport.cmake
[5.739s] -- Up-to-date: /home/wheeltec/wheeltec_ros2/install/nmea_msgs/share/nmea_msgs/cmake/export_nmea_msgs__rosidl_generator_cExport-noconfig.cmake
[5.739s] -- Up-to-date: /home/wheeltec/wheeltec_ros2/install/nmea_msgs/share/nmea_msgs/cmake/export_nmea_msgs__rosidl_typesupport_fastrtps_cExport.cmake
[5.739s] -- Up-to-date: /home/wheeltec/wheeltec_ros2/install/nmea_msgs/share/nmea_msgs/cmake/export_nmea_msgs__rosidl_typesupport_fastrtps_cExport-noconfig.cmake
[5.739s] -- Up-to-date: /home/wheeltec/wheeltec_ros2/install/nmea_msgs/share/nmea_msgs/cmake/nmea_msgs__rosidl_typesupport_introspection_cExport.cmake
[5.739s] -- Up-to-date: /home/wheeltec/wheeltec_ros2/install/nmea_msgs/share/nmea_msgs/cmake/nmea_msgs__rosidl_typesupport_introspection_cExport-noconfig.cmake
[5.739s] -- Up-to-date: /home/wheeltec/wheeltec_ros2/install/nmea_msgs/share/nmea_msgs/cmake/nmea_msgs__rosidl_typesupport_cExport.cmake
[5.739s] -- Up-to-date: /home/wheeltec/wheeltec_ros2/install/nmea_msgs/share/nmea_msgs/cmake/nmea_msgs__rosidl_typesupport_cExport-noconfig.cmake
[5.739s] -- Up-to-date: /home/wheeltec/wheeltec_ros2/install/nmea_msgs/share/nmea_msgs/cmake/export_nmea_msgs__rosidl_generator_cppExport.cmake
[5.739s] -- Up-to-date: /home/wheeltec/wheeltec_ros2/install/nmea_msgs/share/nmea_msgs/cmake/export_nmea_msgs__rosidl_typesupport_fastrtps_cppExport.cmake
[5.739s] -- Up-to-date: /home/wheeltec/wheeltec_ros2/install/nmea_msgs/share/nmea_msgs/cmake/export_nmea_msgs__rosidl_typesupport_fastrtps_cppExport-noconfig.cmake
[5.741s] -- Up-to-date: /home/wheeltec/wheeltec_ros2/install/nmea_msgs/share/nmea_msgs/cmake/nmea_msgs__rosidl_typesupport_introspection_cppExport.cmake
[5.741s] -- Up-to-date: /home/wheeltec/wheeltec_ros2/install/nmea_msgs/share/nmea_msgs/cmake/nmea_msgs__rosidl_typesupport_introspection_cppExport-noconfig.cmake
[5.741s] -- Up-to-date: /home/wheeltec/wheeltec_ros2/install/nmea_msgs/share/nmea_msgs/cmake/nmea_msgs__rosidl_typesupport_cppExport.cmake
[5.741s] -- Up-to-date: /home/wheeltec/wheeltec_ros2/install/nmea_msgs/share/nmea_msgs/cmake/nmea_msgs__rosidl_typesupport_cppExport-noconfig.cmake
[5.741s] -- Up-to-date: /home/wheeltec/wheeltec_ros2/install/nmea_msgs/share/nmea_msgs/cmake/export_nmea_msgs__rosidl_generator_pyExport.cmake
[5.741s] -- Up-to-date: /home/wheeltec/wheeltec_ros2/install/nmea_msgs/share/nmea_msgs/cmake/export_nmea_msgs__rosidl_generator_pyExport-noconfig.cmake
[5.993s] Invoked command in '/home/wheeltec/wheeltec_ros2/build/nmea_msgs' returned '0': CMAKE_PREFIX_PATH=${CMAKE_PREFIX_PATH}:/home/wheeltec/wheeltec_ros2/install/simple_follower_ros2:/home/wheeltec/wheeltec_ros2/install/wheeltec_robot_keyboard:/home/wheeltec/wheeltec_ros2/install/wheeltec_dual_rtk_driver:/home/wheeltec/wheeltec_ros2/install/ultralytics_ros2:/home/wheeltec/wheeltec_ros2/install/tf2_tools:/home/wheeltec/wheeltec_ros2/install/ollama_ros_chat:/home/wheeltec/wheeltec_ros2/install/nmea_navsat_driver:/home/wheeltec/wheeltec_ros2/install/nav2_waypoint_cycle:/home/wheeltec/wheeltec_ros2/install/nav2_simple_commander:/home/wheeltec/wheeltec_ros2/install/auto_recharge_ros2:/home/wheeltec/autoware/install/autoware_wheeltec_interface:/home/wheeltec/autoware/install/ad_api_visualizers:/opt/ros/humble /usr/bin/cmake --install /home/wheeltec/wheeltec_ros2/build/nmea_msgs
