[0.250s] Invoking command in '/home/wheeltec/wheeltec_ros2/build/wheeltec_joy': CMAKE_PREFIX_PATH=${CMAKE_PREFIX_PATH}:/home/wheeltec/wheeltec_ros2/install/simple_follower_ros2:/home/wheeltec/wheeltec_ros2/install/wheeltec_robot_keyboard:/home/wheeltec/wheeltec_ros2/install/wheeltec_dual_rtk_driver:/home/wheeltec/wheeltec_ros2/install/ultralytics_ros2:/home/wheeltec/wheeltec_ros2/install/tf2_tools:/home/wheeltec/wheeltec_ros2/install/ollama_ros_chat:/home/wheeltec/wheeltec_ros2/install/nmea_navsat_driver:/home/wheeltec/wheeltec_ros2/install/nav2_waypoint_cycle:/home/wheeltec/wheeltec_ros2/install/nav2_simple_commander:/home/wheeltec/wheeltec_ros2/install/largemodel:/home/wheeltec/wheeltec_ros2/install/auto_recharge_ros2:/home/wheeltec/autoware/install/autoware_wheeltec_interface:/home/wheeltec/autoware/install/ad_api_visualizers:/opt/ros/humble /usr/bin/cmake --build /home/wheeltec/wheeltec_ros2/build/wheeltec_joy -- -j6 -l6
[0.722s] [100%] Built target wheeltec_joy
[1.466s] Invoked command in '/home/wheeltec/wheeltec_ros2/build/wheeltec_joy' returned '0': CMAKE_PREFIX_PATH=${CMAKE_PREFIX_PATH}:/home/wheeltec/wheeltec_ros2/install/simple_follower_ros2:/home/wheeltec/wheeltec_ros2/install/wheeltec_robot_keyboard:/home/wheeltec/wheeltec_ros2/install/wheeltec_dual_rtk_driver:/home/wheeltec/wheeltec_ros2/install/ultralytics_ros2:/home/wheeltec/wheeltec_ros2/install/tf2_tools:/home/wheeltec/wheeltec_ros2/install/ollama_ros_chat:/home/wheeltec/wheeltec_ros2/install/nmea_navsat_driver:/home/wheeltec/wheeltec_ros2/install/nav2_waypoint_cycle:/home/wheeltec/wheeltec_ros2/install/nav2_simple_commander:/home/wheeltec/wheeltec_ros2/install/largemodel:/home/wheeltec/wheeltec_ros2/install/auto_recharge_ros2:/home/wheeltec/autoware/install/autoware_wheeltec_interface:/home/wheeltec/autoware/install/ad_api_visualizers:/opt/ros/humble /usr/bin/cmake --build /home/wheeltec/wheeltec_ros2/build/wheeltec_joy -- -j6 -l6
[1.469s] Invoking command in '/home/wheeltec/wheeltec_ros2/build/wheeltec_joy': CMAKE_PREFIX_PATH=${CMAKE_PREFIX_PATH}:/home/wheeltec/wheeltec_ros2/install/simple_follower_ros2:/home/wheeltec/wheeltec_ros2/install/wheeltec_robot_keyboard:/home/wheeltec/wheeltec_ros2/install/wheeltec_dual_rtk_driver:/home/wheeltec/wheeltec_ros2/install/ultralytics_ros2:/home/wheeltec/wheeltec_ros2/install/tf2_tools:/home/wheeltec/wheeltec_ros2/install/ollama_ros_chat:/home/wheeltec/wheeltec_ros2/install/nmea_navsat_driver:/home/wheeltec/wheeltec_ros2/install/nav2_waypoint_cycle:/home/wheeltec/wheeltec_ros2/install/nav2_simple_commander:/home/wheeltec/wheeltec_ros2/install/largemodel:/home/wheeltec/wheeltec_ros2/install/auto_recharge_ros2:/home/wheeltec/autoware/install/autoware_wheeltec_interface:/home/wheeltec/autoware/install/ad_api_visualizers:/opt/ros/humble /usr/bin/cmake --install /home/wheeltec/wheeltec_ros2/build/wheeltec_joy
[1.552s] -- Install configuration: ""
[1.553s] -- Execute custom install script
[1.553s] -- Up-to-date symlink: /home/wheeltec/wheeltec_ros2/install/wheeltec_joy/lib/wheeltec_joy/wheeltec_joy
[1.554s] -- Up-to-date symlink: /home/wheeltec/wheeltec_ros2/install/wheeltec_joy/share/wheeltec_joy/launch/only_joy.launch.py
[1.555s] -- Up-to-date symlink: /home/wheeltec/wheeltec_ros2/install/wheeltec_joy/share/wheeltec_joy/launch/wheeltec_joy.launch.py
[1.557s] -- Up-to-date symlink: /home/wheeltec/wheeltec_ros2/install/wheeltec_joy/share/ament_index/resource_index/package_run_dependencies/wheeltec_joy
[1.557s] -- Up-to-date symlink: /home/wheeltec/wheeltec_ros2/install/wheeltec_joy/share/ament_index/resource_index/parent_prefix_path/wheeltec_joy
[1.557s] -- Up-to-date symlink: /home/wheeltec/wheeltec_ros2/install/wheeltec_joy/share/wheeltec_joy/environment/ament_prefix_path.sh
[1.557s] -- Up-to-date symlink: /home/wheeltec/wheeltec_ros2/install/wheeltec_joy/share/wheeltec_joy/environment/ament_prefix_path.dsv
[1.557s] -- Up-to-date symlink: /home/wheeltec/wheeltec_ros2/install/wheeltec_joy/share/wheeltec_joy/environment/path.sh
[1.557s] -- Up-to-date symlink: /home/wheeltec/wheeltec_ros2/install/wheeltec_joy/share/wheeltec_joy/environment/path.dsv
[1.558s] -- Up-to-date symlink: /home/wheeltec/wheeltec_ros2/install/wheeltec_joy/share/wheeltec_joy/local_setup.bash
[1.558s] -- Up-to-date symlink: /home/wheeltec/wheeltec_ros2/install/wheeltec_joy/share/wheeltec_joy/local_setup.sh
[1.558s] -- Up-to-date symlink: /home/wheeltec/wheeltec_ros2/install/wheeltec_joy/share/wheeltec_joy/local_setup.zsh
[1.558s] -- Up-to-date symlink: /home/wheeltec/wheeltec_ros2/install/wheeltec_joy/share/wheeltec_joy/local_setup.dsv
[1.558s] -- Symlinking: /home/wheeltec/wheeltec_ros2/install/wheeltec_joy/share/wheeltec_joy/package.dsv
[1.632s] -- Up-to-date symlink: /home/wheeltec/wheeltec_ros2/install/wheeltec_joy/share/ament_index/resource_index/packages/wheeltec_joy
[1.633s] -- Up-to-date symlink: /home/wheeltec/wheeltec_ros2/install/wheeltec_joy/share/wheeltec_joy/cmake/wheeltec_joyConfig.cmake
[1.633s] -- Up-to-date symlink: /home/wheeltec/wheeltec_ros2/install/wheeltec_joy/share/wheeltec_joy/cmake/wheeltec_joyConfig-version.cmake
[1.633s] -- Up-to-date symlink: /home/wheeltec/wheeltec_ros2/install/wheeltec_joy/share/wheeltec_joy/package.xml
[1.638s] Invoked command in '/home/wheeltec/wheeltec_ros2/build/wheeltec_joy' returned '0': CMAKE_PREFIX_PATH=${CMAKE_PREFIX_PATH}:/home/wheeltec/wheeltec_ros2/install/simple_follower_ros2:/home/wheeltec/wheeltec_ros2/install/wheeltec_robot_keyboard:/home/wheeltec/wheeltec_ros2/install/wheeltec_dual_rtk_driver:/home/wheeltec/wheeltec_ros2/install/ultralytics_ros2:/home/wheeltec/wheeltec_ros2/install/tf2_tools:/home/wheeltec/wheeltec_ros2/install/ollama_ros_chat:/home/wheeltec/wheeltec_ros2/install/nmea_navsat_driver:/home/wheeltec/wheeltec_ros2/install/nav2_waypoint_cycle:/home/wheeltec/wheeltec_ros2/install/nav2_simple_commander:/home/wheeltec/wheeltec_ros2/install/largemodel:/home/wheeltec/wheeltec_ros2/install/auto_recharge_ros2:/home/wheeltec/autoware/install/autoware_wheeltec_interface:/home/wheeltec/autoware/install/ad_api_visualizers:/opt/ros/humble /usr/bin/cmake --install /home/wheeltec/wheeltec_ros2/build/wheeltec_joy
