[0.426s] Invoking command in '/home/wheeltec/wheeltec_ros2/build/wheeltec_robot_kcf': CMAKE_PREFIX_PATH=${CMAKE_PREFIX_PATH}:/home/wheeltec/wheeltec_ros2/install/wheeltec_robot_keyboard:/home/wheeltec/wheeltec_ros2/install/wheeltec_dual_rtk_driver:/home/wheeltec/wheeltec_ros2/install/ultralytics_ros2:/home/wheeltec/wheeltec_ros2/install/tf2_tools:/home/wheeltec/wheeltec_ros2/install/nav2_waypoint_cycle:/home/wheeltec/wheeltec_ros2/install/nav2_simple_commander:/home/wheeltec/wheeltec_ros2/install/auto_recharge_ros2:/home/wheeltec/autoware/install/autoware_wheeltec_interface:/home/wheeltec/autoware/install/ad_api_visualizers:/opt/ros/humble /usr/bin/cmake --build /home/wheeltec/wheeltec_ros2/build/wheeltec_robot_kcf -- -j6 -l6
[0.889s] [100%] Built target run_tracker_node
[2.370s] Invoked command in '/home/wheeltec/wheeltec_ros2/build/wheeltec_robot_kcf' returned '0': CMAKE_PREFIX_PATH=${CMAKE_PREFIX_PATH}:/home/wheeltec/wheeltec_ros2/install/wheeltec_robot_keyboard:/home/wheeltec/wheeltec_ros2/install/wheeltec_dual_rtk_driver:/home/wheeltec/wheeltec_ros2/install/ultralytics_ros2:/home/wheeltec/wheeltec_ros2/install/tf2_tools:/home/wheeltec/wheeltec_ros2/install/nav2_waypoint_cycle:/home/wheeltec/wheeltec_ros2/install/nav2_simple_commander:/home/wheeltec/wheeltec_ros2/install/auto_recharge_ros2:/home/wheeltec/autoware/install/autoware_wheeltec_interface:/home/wheeltec/autoware/install/ad_api_visualizers:/opt/ros/humble /usr/bin/cmake --build /home/wheeltec/wheeltec_ros2/build/wheeltec_robot_kcf -- -j6 -l6
[2.391s] Invoking command in '/home/wheeltec/wheeltec_ros2/build/wheeltec_robot_kcf': CMAKE_PREFIX_PATH=${CMAKE_PREFIX_PATH}:/home/wheeltec/wheeltec_ros2/install/wheeltec_robot_keyboard:/home/wheeltec/wheeltec_ros2/install/wheeltec_dual_rtk_driver:/home/wheeltec/wheeltec_ros2/install/ultralytics_ros2:/home/wheeltec/wheeltec_ros2/install/tf2_tools:/home/wheeltec/wheeltec_ros2/install/nav2_waypoint_cycle:/home/wheeltec/wheeltec_ros2/install/nav2_simple_commander:/home/wheeltec/wheeltec_ros2/install/auto_recharge_ros2:/home/wheeltec/autoware/install/autoware_wheeltec_interface:/home/wheeltec/autoware/install/ad_api_visualizers:/opt/ros/humble /usr/bin/cmake --install /home/wheeltec/wheeltec_ros2/build/wheeltec_robot_kcf
[2.436s] -- Install configuration: ""
[2.436s] -- Execute custom install script
[2.443s] -- Up-to-date symlink: /home/wheeltec/wheeltec_ros2/install/wheeltec_robot_kcf/lib/wheeltec_robot_kcf/run_tracker_node
[2.443s] -- Up-to-date symlink: /home/wheeltec/wheeltec_ros2/install/wheeltec_robot_kcf/share/wheeltec_robot_kcf/launch/wheeltec_robot_kcf.launch.py
[2.444s] -- Up-to-date symlink: /home/wheeltec/wheeltec_ros2/install/wheeltec_robot_kcf/share/ament_index/resource_index/package_run_dependencies/wheeltec_robot_kcf
[2.444s] -- Up-to-date symlink: /home/wheeltec/wheeltec_ros2/install/wheeltec_robot_kcf/share/ament_index/resource_index/parent_prefix_path/wheeltec_robot_kcf
[2.444s] -- Up-to-date symlink: /home/wheeltec/wheeltec_ros2/install/wheeltec_robot_kcf/share/wheeltec_robot_kcf/environment/ament_prefix_path.sh
[2.444s] -- Up-to-date symlink: /home/wheeltec/wheeltec_ros2/install/wheeltec_robot_kcf/share/wheeltec_robot_kcf/environment/ament_prefix_path.dsv
[2.445s] -- Up-to-date symlink: /home/wheeltec/wheeltec_ros2/install/wheeltec_robot_kcf/share/wheeltec_robot_kcf/environment/path.sh
[2.445s] -- Up-to-date symlink: /home/wheeltec/wheeltec_ros2/install/wheeltec_robot_kcf/share/wheeltec_robot_kcf/environment/path.dsv
[2.445s] -- Up-to-date symlink: /home/wheeltec/wheeltec_ros2/install/wheeltec_robot_kcf/share/wheeltec_robot_kcf/local_setup.bash
[2.446s] -- Up-to-date symlink: /home/wheeltec/wheeltec_ros2/install/wheeltec_robot_kcf/share/wheeltec_robot_kcf/local_setup.sh
[2.446s] -- Up-to-date symlink: /home/wheeltec/wheeltec_ros2/install/wheeltec_robot_kcf/share/wheeltec_robot_kcf/local_setup.zsh
[2.447s] -- Up-to-date symlink: /home/wheeltec/wheeltec_ros2/install/wheeltec_robot_kcf/share/wheeltec_robot_kcf/local_setup.dsv
[2.447s] -- Symlinking: /home/wheeltec/wheeltec_ros2/install/wheeltec_robot_kcf/share/wheeltec_robot_kcf/package.dsv
[2.492s] -- Up-to-date symlink: /home/wheeltec/wheeltec_ros2/install/wheeltec_robot_kcf/share/ament_index/resource_index/packages/wheeltec_robot_kcf
[2.492s] -- Up-to-date symlink: /home/wheeltec/wheeltec_ros2/install/wheeltec_robot_kcf/share/wheeltec_robot_kcf/cmake/wheeltec_robot_kcfConfig.cmake
[2.493s] -- Up-to-date symlink: /home/wheeltec/wheeltec_ros2/install/wheeltec_robot_kcf/share/wheeltec_robot_kcf/cmake/wheeltec_robot_kcfConfig-version.cmake
[2.493s] -- Up-to-date symlink: /home/wheeltec/wheeltec_ros2/install/wheeltec_robot_kcf/share/wheeltec_robot_kcf/package.xml
[2.668s] Invoked command in '/home/wheeltec/wheeltec_ros2/build/wheeltec_robot_kcf' returned '0': CMAKE_PREFIX_PATH=${CMAKE_PREFIX_PATH}:/home/wheeltec/wheeltec_ros2/install/wheeltec_robot_keyboard:/home/wheeltec/wheeltec_ros2/install/wheeltec_dual_rtk_driver:/home/wheeltec/wheeltec_ros2/install/ultralytics_ros2:/home/wheeltec/wheeltec_ros2/install/tf2_tools:/home/wheeltec/wheeltec_ros2/install/nav2_waypoint_cycle:/home/wheeltec/wheeltec_ros2/install/nav2_simple_commander:/home/wheeltec/wheeltec_ros2/install/auto_recharge_ros2:/home/wheeltec/autoware/install/autoware_wheeltec_interface:/home/wheeltec/autoware/install/ad_api_visualizers:/opt/ros/humble /usr/bin/cmake --install /home/wheeltec/wheeltec_ros2/build/wheeltec_robot_kcf
