[0.122s] Invoking command in '/home/wheeltec/wheeltec_ros2/build/wheeltec_rrt_msg': CMAKE_PREFIX_PATH=${CMAKE_PREFIX_PATH}:/home/wheeltec/wheeltec_ros2/install/simple_follower_ros2:/home/wheeltec/wheeltec_ros2/install/wheeltec_robot_keyboard:/home/wheeltec/wheeltec_ros2/install/wheeltec_dual_rtk_driver:/home/wheeltec/wheeltec_ros2/install/ultralytics_ros2:/home/wheeltec/wheeltec_ros2/install/tf2_tools:/home/wheeltec/wheeltec_ros2/install/ollama_ros_chat:/home/wheeltec/wheeltec_ros2/install/nmea_navsat_driver:/home/wheeltec/wheeltec_ros2/install/nav2_waypoint_cycle:/home/wheeltec/wheeltec_ros2/install/nav2_simple_commander:/home/wheeltec/wheeltec_ros2/install/largemodel:/home/wheeltec/wheeltec_ros2/install/auto_recharge_ros2:/home/wheeltec/autoware/install/autoware_wheeltec_interface:/home/wheeltec/autoware/install/ad_api_visualizers:/opt/ros/humble /usr/bin/cmake --build /home/wheeltec/wheeltec_ros2/build/wheeltec_rrt_msg -- -j6 -l6
[0.624s] [  1%] Built target wheeltec_rrt_msg__cpp
[1.010s] [  1%] Built target ament_cmake_python_symlink_wheeltec_rrt_msg
[1.356s] [ 12%] Built target wheeltec_rrt_msg__rosidl_typesupport_introspection_cpp
[2.239s] running egg_info
[2.240s] writing wheeltec_rrt_msg.egg-info/PKG-INFO
[2.241s] writing dependency_links to wheeltec_rrt_msg.egg-info/dependency_links.txt
[2.241s] writing top-level names to wheeltec_rrt_msg.egg-info/top_level.txt
[2.253s] reading manifest file 'wheeltec_rrt_msg.egg-info/SOURCES.txt'
[2.253s] writing manifest file 'wheeltec_rrt_msg.egg-info/SOURCES.txt'
[2.387s] [ 12%] Built target ament_cmake_python_build_wheeltec_rrt_msg_egg
[2.635s] [ 23%] Built target wheeltec_rrt_msg__rosidl_typesupport_fastrtps_cpp
[2.842s] [ 34%] Built target wheeltec_rrt_msg__rosidl_typesupport_cpp
[3.066s] [ 46%] Built target wheeltec_rrt_msg__rosidl_generator_c
[3.307s] [ 57%] Built target wheeltec_rrt_msg__rosidl_typesupport_fastrtps_c
[3.513s] [ 68%] Built target wheeltec_rrt_msg__rosidl_typesupport_c
[3.756s] [ 79%] Built target wheeltec_rrt_msg__rosidl_typesupport_introspection_c
[3.962s] [ 79%] Built target wheeltec_rrt_msg
[4.192s] [ 80%] Built target wheeltec_rrt_msg__py
[4.394s] [ 90%] Built target wheeltec_rrt_msg__rosidl_generator_py
[4.671s] [ 93%] Built target wheeltec_rrt_msg__rosidl_typesupport_fastrtps_c__pyext
[4.945s] [ 96%] Built target wheeltec_rrt_msg__rosidl_typesupport_c__pyext
[5.160s] [100%] Built target wheeltec_rrt_msg__rosidl_typesupport_introspection_c__pyext
[5.276s] Invoked command in '/home/wheeltec/wheeltec_ros2/build/wheeltec_rrt_msg' returned '0': CMAKE_PREFIX_PATH=${CMAKE_PREFIX_PATH}:/home/wheeltec/wheeltec_ros2/install/simple_follower_ros2:/home/wheeltec/wheeltec_ros2/install/wheeltec_robot_keyboard:/home/wheeltec/wheeltec_ros2/install/wheeltec_dual_rtk_driver:/home/wheeltec/wheeltec_ros2/install/ultralytics_ros2:/home/wheeltec/wheeltec_ros2/install/tf2_tools:/home/wheeltec/wheeltec_ros2/install/ollama_ros_chat:/home/wheeltec/wheeltec_ros2/install/nmea_navsat_driver:/home/wheeltec/wheeltec_ros2/install/nav2_waypoint_cycle:/home/wheeltec/wheeltec_ros2/install/nav2_simple_commander:/home/wheeltec/wheeltec_ros2/install/largemodel:/home/wheeltec/wheeltec_ros2/install/auto_recharge_ros2:/home/wheeltec/autoware/install/autoware_wheeltec_interface:/home/wheeltec/autoware/install/ad_api_visualizers:/opt/ros/humble /usr/bin/cmake --build /home/wheeltec/wheeltec_ros2/build/wheeltec_rrt_msg -- -j6 -l6
[5.281s] Invoking command in '/home/wheeltec/wheeltec_ros2/build/wheeltec_rrt_msg': CMAKE_PREFIX_PATH=${CMAKE_PREFIX_PATH}:/home/wheeltec/wheeltec_ros2/install/simple_follower_ros2:/home/wheeltec/wheeltec_ros2/install/wheeltec_robot_keyboard:/home/wheeltec/wheeltec_ros2/install/wheeltec_dual_rtk_driver:/home/wheeltec/wheeltec_ros2/install/ultralytics_ros2:/home/wheeltec/wheeltec_ros2/install/tf2_tools:/home/wheeltec/wheeltec_ros2/install/ollama_ros_chat:/home/wheeltec/wheeltec_ros2/install/nmea_navsat_driver:/home/wheeltec/wheeltec_ros2/install/nav2_waypoint_cycle:/home/wheeltec/wheeltec_ros2/install/nav2_simple_commander:/home/wheeltec/wheeltec_ros2/install/largemodel:/home/wheeltec/wheeltec_ros2/install/auto_recharge_ros2:/home/wheeltec/autoware/install/autoware_wheeltec_interface:/home/wheeltec/autoware/install/ad_api_visualizers:/opt/ros/humble /usr/bin/cmake --install /home/wheeltec/wheeltec_ros2/build/wheeltec_rrt_msg
[5.360s] -- Install configuration: ""
[5.362s] -- Execute custom install script
[5.371s] -- Up-to-date symlink: /home/wheeltec/wheeltec_ros2/install/wheeltec_rrt_msg/share/ament_index/resource_index/rosidl_interfaces/wheeltec_rrt_msg
[5.373s] -- Up-to-date symlink: /home/wheeltec/wheeltec_ros2/install/wheeltec_rrt_msg/include/wheeltec_rrt_msg/wheeltec_rrt_msg/action/change_position.h
[5.373s] -- Up-to-date symlink: /home/wheeltec/wheeltec_ros2/install/wheeltec_rrt_msg/include/wheeltec_rrt_msg/wheeltec_rrt_msg/action/detail/change_position__functions.h
[5.373s] -- Up-to-date symlink: /home/wheeltec/wheeltec_ros2/install/wheeltec_rrt_msg/include/wheeltec_rrt_msg/wheeltec_rrt_msg/action/detail/change_position__struct.h
[5.374s] -- Up-to-date symlink: /home/wheeltec/wheeltec_ros2/install/wheeltec_rrt_msg/include/wheeltec_rrt_msg/wheeltec_rrt_msg/action/detail/change_position__type_support.h
[5.374s] -- Up-to-date symlink: /home/wheeltec/wheeltec_ros2/install/wheeltec_rrt_msg/include/wheeltec_rrt_msg/wheeltec_rrt_msg/action/detail/find_coloured_box__functions.h
[5.374s] -- Up-to-date symlink: /home/wheeltec/wheeltec_ros2/install/wheeltec_rrt_msg/include/wheeltec_rrt_msg/wheeltec_rrt_msg/action/detail/find_coloured_box__struct.h
[5.375s] -- Up-to-date symlink: /home/wheeltec/wheeltec_ros2/install/wheeltec_rrt_msg/include/wheeltec_rrt_msg/wheeltec_rrt_msg/action/detail/find_coloured_box__type_support.h
[5.375s] -- Up-to-date symlink: /home/wheeltec/wheeltec_ros2/install/wheeltec_rrt_msg/include/wheeltec_rrt_msg/wheeltec_rrt_msg/action/detail/pick_coloured_box__functions.h
[5.375s] -- Up-to-date symlink: /home/wheeltec/wheeltec_ros2/install/wheeltec_rrt_msg/include/wheeltec_rrt_msg/wheeltec_rrt_msg/action/detail/pick_coloured_box__struct.h
[5.376s] -- Up-to-date symlink: /home/wheeltec/wheeltec_ros2/install/wheeltec_rrt_msg/include/wheeltec_rrt_msg/wheeltec_rrt_msg/action/detail/pick_coloured_box__type_support.h
[5.376s] -- Up-to-date symlink: /home/wheeltec/wheeltec_ros2/install/wheeltec_rrt_msg/include/wheeltec_rrt_msg/wheeltec_rrt_msg/action/find_coloured_box.h
[5.376s] -- Up-to-date symlink: /home/wheeltec/wheeltec_ros2/install/wheeltec_rrt_msg/include/wheeltec_rrt_msg/wheeltec_rrt_msg/action/pick_coloured_box.h
[5.376s] -- Up-to-date symlink: /home/wheeltec/wheeltec_ros2/install/wheeltec_rrt_msg/include/wheeltec_rrt_msg/wheeltec_rrt_msg/msg/detail/point_array__functions.h
[5.380s] -- Up-to-date symlink: /home/wheeltec/wheeltec_ros2/install/wheeltec_rrt_msg/include/wheeltec_rrt_msg/wheeltec_rrt_msg/msg/detail/point_array__struct.h
[5.382s] -- Up-to-date symlink: /home/wheeltec/wheeltec_ros2/install/wheeltec_rrt_msg/include/wheeltec_rrt_msg/wheeltec_rrt_msg/msg/detail/point_array__type_support.h
[5.382s] -- Up-to-date symlink: /home/wheeltec/wheeltec_ros2/install/wheeltec_rrt_msg/include/wheeltec_rrt_msg/wheeltec_rrt_msg/msg/point_array.h
[5.382s] -- Up-to-date symlink: /home/wheeltec/wheeltec_ros2/install/wheeltec_rrt_msg/include/wheeltec_rrt_msg/wheeltec_rrt_msg/msg/rosidl_generator_c__visibility_control.h
[5.383s] -- Up-to-date symlink: /home/wheeltec/wheeltec_ros2/install/wheeltec_rrt_msg/include/wheeltec_rrt_msg/wheeltec_rrt_msg/srv/delete_shape.h
[5.383s] -- Up-to-date symlink: /home/wheeltec/wheeltec_ros2/install/wheeltec_rrt_msg/include/wheeltec_rrt_msg/wheeltec_rrt_msg/srv/detail/delete_shape__functions.h
[5.386s] -- Up-to-date symlink: /home/wheeltec/wheeltec_ros2/install/wheeltec_rrt_msg/include/wheeltec_rrt_msg/wheeltec_rrt_msg/srv/detail/delete_shape__struct.h
[5.386s] -- Up-to-date symlink: /home/wheeltec/wheeltec_ros2/install/wheeltec_rrt_msg/include/wheeltec_rrt_msg/wheeltec_rrt_msg/srv/detail/delete_shape__type_support.h
[5.386s] -- Up-to-date symlink: /home/wheeltec/wheeltec_ros2/install/wheeltec_rrt_msg/share/wheeltec_rrt_msg/environment/library_path.sh
[5.387s] -- Up-to-date symlink: /home/wheeltec/wheeltec_ros2/install/wheeltec_rrt_msg/share/wheeltec_rrt_msg/environment/library_path.dsv
[5.388s] -- Up-to-date symlink: /home/wheeltec/wheeltec_ros2/install/wheeltec_rrt_msg/include/wheeltec_rrt_msg/wheeltec_rrt_msg/action/detail/change_position__rosidl_typesupport_fastrtps_c.h
[5.389s] -- Up-to-date symlink: /home/wheeltec/wheeltec_ros2/install/wheeltec_rrt_msg/include/wheeltec_rrt_msg/wheeltec_rrt_msg/action/detail/find_coloured_box__rosidl_typesupport_fastrtps_c.h
[5.389s] -- Up-to-date symlink: /home/wheeltec/wheeltec_ros2/install/wheeltec_rrt_msg/include/wheeltec_rrt_msg/wheeltec_rrt_msg/action/detail/pick_coloured_box__rosidl_typesupport_fastrtps_c.h
[5.389s] -- Up-to-date symlink: /home/wheeltec/wheeltec_ros2/install/wheeltec_rrt_msg/include/wheeltec_rrt_msg/wheeltec_rrt_msg/msg/detail/point_array__rosidl_typesupport_fastrtps_c.h
[5.390s] -- Up-to-date symlink: /home/wheeltec/wheeltec_ros2/install/wheeltec_rrt_msg/include/wheeltec_rrt_msg/wheeltec_rrt_msg/msg/rosidl_typesupport_fastrtps_c__visibility_control.h
[5.390s] -- Up-to-date symlink: /home/wheeltec/wheeltec_ros2/install/wheeltec_rrt_msg/include/wheeltec_rrt_msg/wheeltec_rrt_msg/srv/detail/delete_shape__rosidl_typesupport_fastrtps_c.h
[5.391s] -- Up-to-date symlink: /home/wheeltec/wheeltec_ros2/install/wheeltec_rrt_msg/include/wheeltec_rrt_msg/wheeltec_rrt_msg/action/detail/change_position__rosidl_typesupport_introspection_c.h
[5.391s] -- Up-to-date symlink: /home/wheeltec/wheeltec_ros2/install/wheeltec_rrt_msg/include/wheeltec_rrt_msg/wheeltec_rrt_msg/action/detail/find_coloured_box__rosidl_typesupport_introspection_c.h
[5.392s] -- Up-to-date symlink: /home/wheeltec/wheeltec_ros2/install/wheeltec_rrt_msg/include/wheeltec_rrt_msg/wheeltec_rrt_msg/action/detail/pick_coloured_box__rosidl_typesupport_introspection_c.h
[5.392s] -- Up-to-date symlink: /home/wheeltec/wheeltec_ros2/install/wheeltec_rrt_msg/include/wheeltec_rrt_msg/wheeltec_rrt_msg/msg/detail/point_array__rosidl_typesupport_introspection_c.h
[5.393s] -- Up-to-date symlink: /home/wheeltec/wheeltec_ros2/install/wheeltec_rrt_msg/include/wheeltec_rrt_msg/wheeltec_rrt_msg/msg/rosidl_typesupport_introspection_c__visibility_control.h
[5.393s] -- Up-to-date symlink: /home/wheeltec/wheeltec_ros2/install/wheeltec_rrt_msg/include/wheeltec_rrt_msg/wheeltec_rrt_msg/srv/detail/delete_shape__rosidl_typesupport_introspection_c.h
[5.393s] -- Up-to-date symlink: /home/wheeltec/wheeltec_ros2/install/wheeltec_rrt_msg/include/wheeltec_rrt_msg/wheeltec_rrt_msg/action/change_position.hpp
[5.397s] -- Up-to-date symlink: /home/wheeltec/wheeltec_ros2/install/wheeltec_rrt_msg/include/wheeltec_rrt_msg/wheeltec_rrt_msg/action/detail/change_position__builder.hpp
[5.398s] -- Up-to-date symlink: /home/wheeltec/wheeltec_ros2/install/wheeltec_rrt_msg/include/wheeltec_rrt_msg/wheeltec_rrt_msg/action/detail/change_position__struct.hpp
[5.399s] -- Up-to-date symlink: /home/wheeltec/wheeltec_ros2/install/wheeltec_rrt_msg/include/wheeltec_rrt_msg/wheeltec_rrt_msg/action/detail/change_position__traits.hpp
[5.401s] -- Up-to-date symlink: /home/wheeltec/wheeltec_ros2/install/wheeltec_rrt_msg/include/wheeltec_rrt_msg/wheeltec_rrt_msg/action/detail/change_position__type_support.hpp
[5.401s] -- Up-to-date symlink: /home/wheeltec/wheeltec_ros2/install/wheeltec_rrt_msg/include/wheeltec_rrt_msg/wheeltec_rrt_msg/action/detail/find_coloured_box__builder.hpp
[5.402s] -- Up-to-date symlink: /home/wheeltec/wheeltec_ros2/install/wheeltec_rrt_msg/include/wheeltec_rrt_msg/wheeltec_rrt_msg/action/detail/find_coloured_box__struct.hpp
[5.402s] -- Up-to-date symlink: /home/wheeltec/wheeltec_ros2/install/wheeltec_rrt_msg/include/wheeltec_rrt_msg/wheeltec_rrt_msg/action/detail/find_coloured_box__traits.hpp
[5.402s] -- Up-to-date symlink: /home/wheeltec/wheeltec_ros2/install/wheeltec_rrt_msg/include/wheeltec_rrt_msg/wheeltec_rrt_msg/action/detail/find_coloured_box__type_support.hpp
[5.402s] -- Up-to-date symlink: /home/wheeltec/wheeltec_ros2/install/wheeltec_rrt_msg/include/wheeltec_rrt_msg/wheeltec_rrt_msg/action/detail/pick_coloured_box__builder.hpp
[5.403s] -- Up-to-date symlink: /home/wheeltec/wheeltec_ros2/install/wheeltec_rrt_msg/include/wheeltec_rrt_msg/wheeltec_rrt_msg/action/detail/pick_coloured_box__struct.hpp
[5.403s] -- Up-to-date symlink: /home/wheeltec/wheeltec_ros2/install/wheeltec_rrt_msg/include/wheeltec_rrt_msg/wheeltec_rrt_msg/action/detail/pick_coloured_box__traits.hpp
[5.403s] -- Up-to-date symlink: /home/wheeltec/wheeltec_ros2/install/wheeltec_rrt_msg/include/wheeltec_rrt_msg/wheeltec_rrt_msg/action/detail/pick_coloured_box__type_support.hpp
[5.404s] -- Up-to-date symlink: /home/wheeltec/wheeltec_ros2/install/wheeltec_rrt_msg/include/wheeltec_rrt_msg/wheeltec_rrt_msg/action/find_coloured_box.hpp
[5.404s] -- Up-to-date symlink: /home/wheeltec/wheeltec_ros2/install/wheeltec_rrt_msg/include/wheeltec_rrt_msg/wheeltec_rrt_msg/action/pick_coloured_box.hpp
[5.404s] -- Up-to-date symlink: /home/wheeltec/wheeltec_ros2/install/wheeltec_rrt_msg/include/wheeltec_rrt_msg/wheeltec_rrt_msg/msg/detail/point_array__builder.hpp
[5.405s] -- Up-to-date symlink: /home/wheeltec/wheeltec_ros2/install/wheeltec_rrt_msg/include/wheeltec_rrt_msg/wheeltec_rrt_msg/msg/detail/point_array__struct.hpp
[5.405s] -- Up-to-date symlink: /home/wheeltec/wheeltec_ros2/install/wheeltec_rrt_msg/include/wheeltec_rrt_msg/wheeltec_rrt_msg/msg/detail/point_array__traits.hpp
[5.405s] -- Up-to-date symlink: /home/wheeltec/wheeltec_ros2/install/wheeltec_rrt_msg/include/wheeltec_rrt_msg/wheeltec_rrt_msg/msg/detail/point_array__type_support.hpp
[5.405s] -- Up-to-date symlink: /home/wheeltec/wheeltec_ros2/install/wheeltec_rrt_msg/include/wheeltec_rrt_msg/wheeltec_rrt_msg/msg/point_array.hpp
[5.406s] -- Up-to-date symlink: /home/wheeltec/wheeltec_ros2/install/wheeltec_rrt_msg/include/wheeltec_rrt_msg/wheeltec_rrt_msg/msg/rosidl_generator_cpp__visibility_control.hpp
[5.406s] -- Up-to-date symlink: /home/wheeltec/wheeltec_ros2/install/wheeltec_rrt_msg/include/wheeltec_rrt_msg/wheeltec_rrt_msg/srv/delete_shape.hpp
[5.406s] -- Up-to-date symlink: /home/wheeltec/wheeltec_ros2/install/wheeltec_rrt_msg/include/wheeltec_rrt_msg/wheeltec_rrt_msg/srv/detail/delete_shape__builder.hpp
[5.406s] -- Up-to-date symlink: /home/wheeltec/wheeltec_ros2/install/wheeltec_rrt_msg/include/wheeltec_rrt_msg/wheeltec_rrt_msg/srv/detail/delete_shape__struct.hpp
[5.407s] -- Up-to-date symlink: /home/wheeltec/wheeltec_ros2/install/wheeltec_rrt_msg/include/wheeltec_rrt_msg/wheeltec_rrt_msg/srv/detail/delete_shape__traits.hpp
[5.407s] -- Up-to-date symlink: /home/wheeltec/wheeltec_ros2/install/wheeltec_rrt_msg/include/wheeltec_rrt_msg/wheeltec_rrt_msg/srv/detail/delete_shape__type_support.hpp
[5.408s] -- Up-to-date symlink: /home/wheeltec/wheeltec_ros2/install/wheeltec_rrt_msg/include/wheeltec_rrt_msg/wheeltec_rrt_msg/action/detail/change_position__rosidl_typesupport_fastrtps_cpp.hpp
[5.408s] -- Up-to-date symlink: /home/wheeltec/wheeltec_ros2/install/wheeltec_rrt_msg/include/wheeltec_rrt_msg/wheeltec_rrt_msg/action/detail/find_coloured_box__rosidl_typesupport_fastrtps_cpp.hpp
[5.409s] -- Up-to-date symlink: /home/wheeltec/wheeltec_ros2/install/wheeltec_rrt_msg/include/wheeltec_rrt_msg/wheeltec_rrt_msg/action/detail/pick_coloured_box__rosidl_typesupport_fastrtps_cpp.hpp
[5.409s] -- Up-to-date symlink: /home/wheeltec/wheeltec_ros2/install/wheeltec_rrt_msg/include/wheeltec_rrt_msg/wheeltec_rrt_msg/msg/detail/point_array__rosidl_typesupport_fastrtps_cpp.hpp
[5.409s] -- Up-to-date symlink: /home/wheeltec/wheeltec_ros2/install/wheeltec_rrt_msg/include/wheeltec_rrt_msg/wheeltec_rrt_msg/msg/rosidl_typesupport_fastrtps_cpp__visibility_control.h
[5.409s] -- Up-to-date symlink: /home/wheeltec/wheeltec_ros2/install/wheeltec_rrt_msg/include/wheeltec_rrt_msg/wheeltec_rrt_msg/srv/detail/delete_shape__rosidl_typesupport_fastrtps_cpp.hpp
[5.418s] -- Up-to-date symlink: /home/wheeltec/wheeltec_ros2/install/wheeltec_rrt_msg/include/wheeltec_rrt_msg/wheeltec_rrt_msg/action/detail/change_position__rosidl_typesupport_introspection_cpp.hpp
[5.418s] -- Up-to-date symlink: /home/wheeltec/wheeltec_ros2/install/wheeltec_rrt_msg/include/wheeltec_rrt_msg/wheeltec_rrt_msg/action/detail/find_coloured_box__rosidl_typesupport_introspection_cpp.hpp
[5.419s] -- Up-to-date symlink: /home/wheeltec/wheeltec_ros2/install/wheeltec_rrt_msg/include/wheeltec_rrt_msg/wheeltec_rrt_msg/action/detail/pick_coloured_box__rosidl_typesupport_introspection_cpp.hpp
[5.419s] -- Up-to-date symlink: /home/wheeltec/wheeltec_ros2/install/wheeltec_rrt_msg/include/wheeltec_rrt_msg/wheeltec_rrt_msg/msg/detail/point_array__rosidl_typesupport_introspection_cpp.hpp
[5.419s] -- Up-to-date symlink: /home/wheeltec/wheeltec_ros2/install/wheeltec_rrt_msg/include/wheeltec_rrt_msg/wheeltec_rrt_msg/srv/detail/delete_shape__rosidl_typesupport_introspection_cpp.hpp
[5.421s] -- Up-to-date symlink: /home/wheeltec/wheeltec_ros2/install/wheeltec_rrt_msg/share/wheeltec_rrt_msg/environment/pythonpath.sh
[5.421s] -- Up-to-date symlink: /home/wheeltec/wheeltec_ros2/install/wheeltec_rrt_msg/share/wheeltec_rrt_msg/environment/pythonpath.dsv
[5.421s] -- Up-to-date symlink: /home/wheeltec/wheeltec_ros2/install/wheeltec_rrt_msg/local/lib/python3.10/dist-packages/wheeltec_rrt_msg-0.0.0-py3.10.egg-info/PKG-INFO
[5.421s] -- Up-to-date symlink: /home/wheeltec/wheeltec_ros2/install/wheeltec_rrt_msg/local/lib/python3.10/dist-packages/wheeltec_rrt_msg-0.0.0-py3.10.egg-info/SOURCES.txt
[5.421s] -- Up-to-date symlink: /home/wheeltec/wheeltec_ros2/install/wheeltec_rrt_msg/local/lib/python3.10/dist-packages/wheeltec_rrt_msg-0.0.0-py3.10.egg-info/dependency_links.txt
[5.422s] -- Up-to-date symlink: /home/wheeltec/wheeltec_ros2/install/wheeltec_rrt_msg/local/lib/python3.10/dist-packages/wheeltec_rrt_msg-0.0.0-py3.10.egg-info/top_level.txt
[5.423s] -- Up-to-date symlink: /home/wheeltec/wheeltec_ros2/install/wheeltec_rrt_msg/local/lib/python3.10/dist-packages/wheeltec_rrt_msg/__init__.py
[5.423s] -- Up-to-date symlink: /home/wheeltec/wheeltec_ros2/install/wheeltec_rrt_msg/local/lib/python3.10/dist-packages/wheeltec_rrt_msg/_wheeltec_rrt_msg_s.ep.rosidl_typesupport_c.c
[5.423s] -- Up-to-date symlink: /home/wheeltec/wheeltec_ros2/install/wheeltec_rrt_msg/local/lib/python3.10/dist-packages/wheeltec_rrt_msg/_wheeltec_rrt_msg_s.ep.rosidl_typesupport_fastrtps_c.c
[5.424s] -- Up-to-date symlink: /home/wheeltec/wheeltec_ros2/install/wheeltec_rrt_msg/local/lib/python3.10/dist-packages/wheeltec_rrt_msg/_wheeltec_rrt_msg_s.ep.rosidl_typesupport_introspection_c.c
[5.424s] -- Up-to-date symlink: /home/wheeltec/wheeltec_ros2/install/wheeltec_rrt_msg/local/lib/python3.10/dist-packages/wheeltec_rrt_msg/action/__init__.py
[5.425s] -- Up-to-date symlink: /home/wheeltec/wheeltec_ros2/install/wheeltec_rrt_msg/local/lib/python3.10/dist-packages/wheeltec_rrt_msg/action/_change_position.py
[5.425s] -- Up-to-date symlink: /home/wheeltec/wheeltec_ros2/install/wheeltec_rrt_msg/local/lib/python3.10/dist-packages/wheeltec_rrt_msg/action/_change_position_s.c
[5.425s] -- Up-to-date symlink: /home/wheeltec/wheeltec_ros2/install/wheeltec_rrt_msg/local/lib/python3.10/dist-packages/wheeltec_rrt_msg/action/_find_coloured_box.py
[5.426s] -- Up-to-date symlink: /home/wheeltec/wheeltec_ros2/install/wheeltec_rrt_msg/local/lib/python3.10/dist-packages/wheeltec_rrt_msg/action/_find_coloured_box_s.c
[5.426s] -- Up-to-date symlink: /home/wheeltec/wheeltec_ros2/install/wheeltec_rrt_msg/local/lib/python3.10/dist-packages/wheeltec_rrt_msg/action/_pick_coloured_box.py
[5.426s] -- Up-to-date symlink: /home/wheeltec/wheeltec_ros2/install/wheeltec_rrt_msg/local/lib/python3.10/dist-packages/wheeltec_rrt_msg/action/_pick_coloured_box_s.c
[5.426s] -- Up-to-date symlink: /home/wheeltec/wheeltec_ros2/install/wheeltec_rrt_msg/local/lib/python3.10/dist-packages/wheeltec_rrt_msg/libwheeltec_rrt_msg__rosidl_generator_py.so
[5.435s] -- Up-to-date symlink: /home/wheeltec/wheeltec_ros2/install/wheeltec_rrt_msg/local/lib/python3.10/dist-packages/wheeltec_rrt_msg/msg/__init__.py
[5.435s] -- Up-to-date symlink: /home/wheeltec/wheeltec_ros2/install/wheeltec_rrt_msg/local/lib/python3.10/dist-packages/wheeltec_rrt_msg/msg/_point_array.py
[5.435s] -- Up-to-date symlink: /home/wheeltec/wheeltec_ros2/install/wheeltec_rrt_msg/local/lib/python3.10/dist-packages/wheeltec_rrt_msg/msg/_point_array_s.c
[5.436s] -- Up-to-date symlink: /home/wheeltec/wheeltec_ros2/install/wheeltec_rrt_msg/local/lib/python3.10/dist-packages/wheeltec_rrt_msg/srv/__init__.py
[5.436s] -- Up-to-date symlink: /home/wheeltec/wheeltec_ros2/install/wheeltec_rrt_msg/local/lib/python3.10/dist-packages/wheeltec_rrt_msg/srv/_delete_shape.py
[5.436s] -- Up-to-date symlink: /home/wheeltec/wheeltec_ros2/install/wheeltec_rrt_msg/local/lib/python3.10/dist-packages/wheeltec_rrt_msg/srv/_delete_shape_s.c
[5.436s] -- Up-to-date symlink: /home/wheeltec/wheeltec_ros2/install/wheeltec_rrt_msg/local/lib/python3.10/dist-packages/wheeltec_rrt_msg/wheeltec_rrt_msg_s__rosidl_typesupport_c.cpython-310-aarch64-linux-gnu.so
[5.437s] -- Up-to-date symlink: /home/wheeltec/wheeltec_ros2/install/wheeltec_rrt_msg/local/lib/python3.10/dist-packages/wheeltec_rrt_msg/wheeltec_rrt_msg_s__rosidl_typesupport_fastrtps_c.cpython-310-aarch64-linux-gnu.so
[5.437s] -- Up-to-date symlink: /home/wheeltec/wheeltec_ros2/install/wheeltec_rrt_msg/local/lib/python3.10/dist-packages/wheeltec_rrt_msg/wheeltec_rrt_msg_s__rosidl_typesupport_introspection_c.cpython-310-aarch64-linux-gnu.so
[5.438s] -- Up-to-date symlink: /home/wheeltec/wheeltec_ros2/install/wheeltec_rrt_msg/local/lib/python3.10/dist-packages/wheeltec_rrt_msg/wheeltec_rrt_msg_s__rosidl_typesupport_fastrtps_c.cpython-310-aarch64-linux-gnu.so
[5.438s] -- Up-to-date symlink: /home/wheeltec/wheeltec_ros2/install/wheeltec_rrt_msg/local/lib/python3.10/dist-packages/wheeltec_rrt_msg/wheeltec_rrt_msg_s__rosidl_typesupport_introspection_c.cpython-310-aarch64-linux-gnu.so
[5.439s] -- Up-to-date symlink: /home/wheeltec/wheeltec_ros2/install/wheeltec_rrt_msg/local/lib/python3.10/dist-packages/wheeltec_rrt_msg/wheeltec_rrt_msg_s__rosidl_typesupport_c.cpython-310-aarch64-linux-gnu.so
[5.439s] -- Up-to-date symlink: /home/wheeltec/wheeltec_ros2/install/wheeltec_rrt_msg/share/wheeltec_rrt_msg/action/ChangePosition.idl
[5.439s] -- Up-to-date symlink: /home/wheeltec/wheeltec_ros2/install/wheeltec_rrt_msg/share/wheeltec_rrt_msg/action/FindColouredBox.idl
[5.440s] -- Up-to-date symlink: /home/wheeltec/wheeltec_ros2/install/wheeltec_rrt_msg/share/wheeltec_rrt_msg/action/PickColouredBox.idl
[5.440s] -- Up-to-date symlink: /home/wheeltec/wheeltec_ros2/install/wheeltec_rrt_msg/share/wheeltec_rrt_msg/srv/DeleteShape.idl
[5.441s] -- Up-to-date symlink: /home/wheeltec/wheeltec_ros2/install/wheeltec_rrt_msg/share/wheeltec_rrt_msg/msg/PointArray.idl
[5.441s] -- Up-to-date symlink: /home/wheeltec/wheeltec_ros2/install/wheeltec_rrt_msg/share/wheeltec_rrt_msg/action/ChangePosition.action
[5.441s] -- Up-to-date symlink: /home/wheeltec/wheeltec_ros2/install/wheeltec_rrt_msg/share/wheeltec_rrt_msg/action/FindColouredBox.action
[5.442s] -- Up-to-date symlink: /home/wheeltec/wheeltec_ros2/install/wheeltec_rrt_msg/share/wheeltec_rrt_msg/action/PickColouredBox.action
[5.442s] -- Up-to-date symlink: /home/wheeltec/wheeltec_ros2/install/wheeltec_rrt_msg/share/wheeltec_rrt_msg/srv/DeleteShape.srv
[5.442s] -- Up-to-date symlink: /home/wheeltec/wheeltec_ros2/install/wheeltec_rrt_msg/share/wheeltec_rrt_msg/srv/DeleteShape_Request.msg
[5.443s] -- Up-to-date symlink: /home/wheeltec/wheeltec_ros2/install/wheeltec_rrt_msg/share/wheeltec_rrt_msg/srv/DeleteShape_Response.msg
[5.443s] -- Up-to-date symlink: /home/wheeltec/wheeltec_ros2/install/wheeltec_rrt_msg/share/wheeltec_rrt_msg/msg/PointArray.msg
[5.443s] -- Up-to-date symlink: /home/wheeltec/wheeltec_ros2/install/wheeltec_rrt_msg/share/ament_index/resource_index/package_run_dependencies/wheeltec_rrt_msg
[5.446s] -- Up-to-date symlink: /home/wheeltec/wheeltec_ros2/install/wheeltec_rrt_msg/share/ament_index/resource_index/parent_prefix_path/wheeltec_rrt_msg
[5.447s] -- Up-to-date symlink: /home/wheeltec/wheeltec_ros2/install/wheeltec_rrt_msg/share/wheeltec_rrt_msg/environment/ament_prefix_path.sh
[5.447s] -- Up-to-date symlink: /home/wheeltec/wheeltec_ros2/install/wheeltec_rrt_msg/share/wheeltec_rrt_msg/environment/ament_prefix_path.dsv
[5.449s] -- Up-to-date symlink: /home/wheeltec/wheeltec_ros2/install/wheeltec_rrt_msg/share/wheeltec_rrt_msg/environment/path.sh
[5.449s] -- Up-to-date symlink: /home/wheeltec/wheeltec_ros2/install/wheeltec_rrt_msg/share/wheeltec_rrt_msg/environment/path.dsv
[5.449s] -- Up-to-date symlink: /home/wheeltec/wheeltec_ros2/install/wheeltec_rrt_msg/share/wheeltec_rrt_msg/local_setup.bash
[5.449s] -- Up-to-date symlink: /home/wheeltec/wheeltec_ros2/install/wheeltec_rrt_msg/share/wheeltec_rrt_msg/local_setup.sh
[5.449s] -- Up-to-date symlink: /home/wheeltec/wheeltec_ros2/install/wheeltec_rrt_msg/share/wheeltec_rrt_msg/local_setup.zsh
[5.449s] -- Up-to-date symlink: /home/wheeltec/wheeltec_ros2/install/wheeltec_rrt_msg/share/wheeltec_rrt_msg/local_setup.dsv
[5.450s] -- Symlinking: /home/wheeltec/wheeltec_ros2/install/wheeltec_rrt_msg/share/wheeltec_rrt_msg/package.dsv
[5.551s] -- Up-to-date symlink: /home/wheeltec/wheeltec_ros2/install/wheeltec_rrt_msg/share/ament_index/resource_index/packages/wheeltec_rrt_msg
[5.552s] -- Up-to-date symlink: /home/wheeltec/wheeltec_ros2/install/wheeltec_rrt_msg/share/wheeltec_rrt_msg/cmake/rosidl_cmake-extras.cmake
[5.552s] -- Up-to-date symlink: /home/wheeltec/wheeltec_ros2/install/wheeltec_rrt_msg/share/wheeltec_rrt_msg/cmake/ament_cmake_export_dependencies-extras.cmake
[5.552s] -- Up-to-date symlink: /home/wheeltec/wheeltec_ros2/install/wheeltec_rrt_msg/share/wheeltec_rrt_msg/cmake/ament_cmake_export_include_directories-extras.cmake
[5.552s] -- Up-to-date symlink: /home/wheeltec/wheeltec_ros2/install/wheeltec_rrt_msg/share/wheeltec_rrt_msg/cmake/ament_cmake_export_libraries-extras.cmake
[5.552s] -- Up-to-date symlink: /home/wheeltec/wheeltec_ros2/install/wheeltec_rrt_msg/share/wheeltec_rrt_msg/cmake/ament_cmake_export_targets-extras.cmake
[5.552s] -- Up-to-date symlink: /home/wheeltec/wheeltec_ros2/install/wheeltec_rrt_msg/share/wheeltec_rrt_msg/cmake/rosidl_cmake_export_typesupport_targets-extras.cmake
[5.553s] -- Up-to-date symlink: /home/wheeltec/wheeltec_ros2/install/wheeltec_rrt_msg/share/wheeltec_rrt_msg/cmake/rosidl_cmake_export_typesupport_libraries-extras.cmake
[5.553s] -- Up-to-date symlink: /home/wheeltec/wheeltec_ros2/install/wheeltec_rrt_msg/share/wheeltec_rrt_msg/cmake/wheeltec_rrt_msgConfig.cmake
[5.553s] -- Up-to-date symlink: /home/wheeltec/wheeltec_ros2/install/wheeltec_rrt_msg/share/wheeltec_rrt_msg/cmake/wheeltec_rrt_msgConfig-version.cmake
[5.553s] -- Up-to-date symlink: /home/wheeltec/wheeltec_ros2/install/wheeltec_rrt_msg/share/wheeltec_rrt_msg/package.xml
[5.555s] -- Up-to-date: /home/wheeltec/wheeltec_ros2/install/wheeltec_rrt_msg/lib/libwheeltec_rrt_msg__rosidl_generator_c.so
[5.556s] -- Up-to-date: /home/wheeltec/wheeltec_ros2/install/wheeltec_rrt_msg/lib/libwheeltec_rrt_msg__rosidl_typesupport_fastrtps_c.so
[5.557s] -- Up-to-date: /home/wheeltec/wheeltec_ros2/install/wheeltec_rrt_msg/lib/libwheeltec_rrt_msg__rosidl_typesupport_introspection_c.so
[5.558s] -- Up-to-date: /home/wheeltec/wheeltec_ros2/install/wheeltec_rrt_msg/lib/libwheeltec_rrt_msg__rosidl_typesupport_c.so
[5.559s] -- Up-to-date: /home/wheeltec/wheeltec_ros2/install/wheeltec_rrt_msg/lib/libwheeltec_rrt_msg__rosidl_typesupport_fastrtps_cpp.so
[5.560s] -- Up-to-date: /home/wheeltec/wheeltec_ros2/install/wheeltec_rrt_msg/lib/libwheeltec_rrt_msg__rosidl_typesupport_introspection_cpp.so
[5.566s] -- Up-to-date: /home/wheeltec/wheeltec_ros2/install/wheeltec_rrt_msg/lib/libwheeltec_rrt_msg__rosidl_typesupport_cpp.so
[5.766s] Listing '/home/wheeltec/wheeltec_ros2/install/wheeltec_rrt_msg/local/lib/python3.10/dist-packages/wheeltec_rrt_msg'...
[5.766s] Listing '/home/wheeltec/wheeltec_ros2/install/wheeltec_rrt_msg/local/lib/python3.10/dist-packages/wheeltec_rrt_msg/action'...
[5.766s] Listing '/home/wheeltec/wheeltec_ros2/install/wheeltec_rrt_msg/local/lib/python3.10/dist-packages/wheeltec_rrt_msg/msg'...
[5.766s] Listing '/home/wheeltec/wheeltec_ros2/install/wheeltec_rrt_msg/local/lib/python3.10/dist-packages/wheeltec_rrt_msg/srv'...
[5.775s] -- Up-to-date: /home/wheeltec/wheeltec_ros2/install/wheeltec_rrt_msg/lib/libwheeltec_rrt_msg__rosidl_generator_py.so
[5.777s] -- Up-to-date: /home/wheeltec/wheeltec_ros2/install/wheeltec_rrt_msg/share/wheeltec_rrt_msg/cmake/export_wheeltec_rrt_msg__rosidl_generator_cExport.cmake
[5.777s] -- Up-to-date: /home/wheeltec/wheeltec_ros2/install/wheeltec_rrt_msg/share/wheeltec_rrt_msg/cmake/export_wheeltec_rrt_msg__rosidl_generator_cExport-noconfig.cmake
[5.778s] -- Up-to-date: /home/wheeltec/wheeltec_ros2/install/wheeltec_rrt_msg/share/wheeltec_rrt_msg/cmake/export_wheeltec_rrt_msg__rosidl_typesupport_fastrtps_cExport.cmake
[5.778s] -- Up-to-date: /home/wheeltec/wheeltec_ros2/install/wheeltec_rrt_msg/share/wheeltec_rrt_msg/cmake/export_wheeltec_rrt_msg__rosidl_typesupport_fastrtps_cExport-noconfig.cmake
[5.779s] -- Up-to-date: /home/wheeltec/wheeltec_ros2/install/wheeltec_rrt_msg/share/wheeltec_rrt_msg/cmake/wheeltec_rrt_msg__rosidl_typesupport_introspection_cExport.cmake
[5.779s] -- Up-to-date: /home/wheeltec/wheeltec_ros2/install/wheeltec_rrt_msg/share/wheeltec_rrt_msg/cmake/wheeltec_rrt_msg__rosidl_typesupport_introspection_cExport-noconfig.cmake
[5.780s] -- Up-to-date: /home/wheeltec/wheeltec_ros2/install/wheeltec_rrt_msg/share/wheeltec_rrt_msg/cmake/wheeltec_rrt_msg__rosidl_typesupport_cExport.cmake
[5.780s] -- Up-to-date: /home/wheeltec/wheeltec_ros2/install/wheeltec_rrt_msg/share/wheeltec_rrt_msg/cmake/wheeltec_rrt_msg__rosidl_typesupport_cExport-noconfig.cmake
[5.780s] -- Up-to-date: /home/wheeltec/wheeltec_ros2/install/wheeltec_rrt_msg/share/wheeltec_rrt_msg/cmake/export_wheeltec_rrt_msg__rosidl_generator_cppExport.cmake
[5.781s] -- Up-to-date: /home/wheeltec/wheeltec_ros2/install/wheeltec_rrt_msg/share/wheeltec_rrt_msg/cmake/export_wheeltec_rrt_msg__rosidl_typesupport_fastrtps_cppExport.cmake
[5.781s] -- Up-to-date: /home/wheeltec/wheeltec_ros2/install/wheeltec_rrt_msg/share/wheeltec_rrt_msg/cmake/export_wheeltec_rrt_msg__rosidl_typesupport_fastrtps_cppExport-noconfig.cmake
[5.782s] -- Up-to-date: /home/wheeltec/wheeltec_ros2/install/wheeltec_rrt_msg/share/wheeltec_rrt_msg/cmake/wheeltec_rrt_msg__rosidl_typesupport_introspection_cppExport.cmake
[5.782s] -- Up-to-date: /home/wheeltec/wheeltec_ros2/install/wheeltec_rrt_msg/share/wheeltec_rrt_msg/cmake/wheeltec_rrt_msg__rosidl_typesupport_introspection_cppExport-noconfig.cmake
[5.783s] -- Up-to-date: /home/wheeltec/wheeltec_ros2/install/wheeltec_rrt_msg/share/wheeltec_rrt_msg/cmake/wheeltec_rrt_msg__rosidl_typesupport_cppExport.cmake
[5.783s] -- Up-to-date: /home/wheeltec/wheeltec_ros2/install/wheeltec_rrt_msg/share/wheeltec_rrt_msg/cmake/wheeltec_rrt_msg__rosidl_typesupport_cppExport-noconfig.cmake
[5.784s] -- Up-to-date: /home/wheeltec/wheeltec_ros2/install/wheeltec_rrt_msg/share/wheeltec_rrt_msg/cmake/export_wheeltec_rrt_msg__rosidl_generator_pyExport.cmake
[5.784s] -- Up-to-date: /home/wheeltec/wheeltec_ros2/install/wheeltec_rrt_msg/share/wheeltec_rrt_msg/cmake/export_wheeltec_rrt_msg__rosidl_generator_pyExport-noconfig.cmake
[5.790s] Invoked command in '/home/wheeltec/wheeltec_ros2/build/wheeltec_rrt_msg' returned '0': CMAKE_PREFIX_PATH=${CMAKE_PREFIX_PATH}:/home/wheeltec/wheeltec_ros2/install/simple_follower_ros2:/home/wheeltec/wheeltec_ros2/install/wheeltec_robot_keyboard:/home/wheeltec/wheeltec_ros2/install/wheeltec_dual_rtk_driver:/home/wheeltec/wheeltec_ros2/install/ultralytics_ros2:/home/wheeltec/wheeltec_ros2/install/tf2_tools:/home/wheeltec/wheeltec_ros2/install/ollama_ros_chat:/home/wheeltec/wheeltec_ros2/install/nmea_navsat_driver:/home/wheeltec/wheeltec_ros2/install/nav2_waypoint_cycle:/home/wheeltec/wheeltec_ros2/install/nav2_simple_commander:/home/wheeltec/wheeltec_ros2/install/largemodel:/home/wheeltec/wheeltec_ros2/install/auto_recharge_ros2:/home/wheeltec/autoware/install/autoware_wheeltec_interface:/home/wheeltec/autoware/install/ad_api_visualizers:/opt/ros/humble /usr/bin/cmake --install /home/wheeltec/wheeltec_ros2/build/wheeltec_rrt_msg
