[0.167s] Invoking command in '/home/wheeltec/wheeltec_ros2/build/wheeltec_slam_toolbox': CMAKE_PREFIX_PATH=${CMAKE_PREFIX_PATH}:/home/wheeltec/wheeltec_ros2/install/wheeltec_robot_keyboard:/home/wheeltec/wheeltec_ros2/install/wheeltec_dual_rtk_driver:/home/wheeltec/wheeltec_ros2/install/ultralytics_ros2:/home/wheeltec/wheeltec_ros2/install/tf2_tools:/home/wheeltec/wheeltec_ros2/install/nav2_waypoint_cycle:/home/wheeltec/wheeltec_ros2/install/nav2_simple_commander:/home/wheeltec/wheeltec_ros2/install/auto_recharge_ros2:/home/wheeltec/autoware/install/autoware_wheeltec_interface:/home/wheeltec/autoware/install/ad_api_visualizers:/opt/ros/humble /usr/bin/cmake /home/wheeltec/wheeltec_ros2/src/wheeltec_robot_slam/wheeltec_slam_toolbox -DAMENT_CMAKE_SYMLINK_INSTALL=1 -DCMAKE_INSTALL_PREFIX=/home/wheeltec/wheeltec_ros2/install/wheeltec_slam_toolbox
[0.708s] -- The C compiler identification is GNU 11.4.0
[0.761s] -- The CXX compiler identification is GNU 11.4.0
[0.781s] -- Detecting C compiler ABI info
[1.150s] -- Detecting C compiler ABI info - done
[1.160s] -- Check for working C compiler: /usr/bin/cc - skipped
[1.160s] -- Detecting C compile features
[1.161s] -- Detecting C compile features - done
[1.178s] -- Detecting CXX compiler ABI info
[1.654s] -- Detecting CXX compiler ABI info - done
[1.661s] -- Check for working CXX compiler: /usr/bin/c++ - skipped
[1.667s] -- Detecting CXX compile features
[1.667s] -- Detecting CXX compile features - done
[1.787s] -- Found ament_cmake: 1.3.7 (/home/wheeltec/autoware/install/ament_cmake/share/ament_cmake/cmake)
[3.959s] -- Found Python3: /usr/bin/python3.10 (found version "3.10.12") found components: Interpreter 
[4.414s] -- Override CMake install command with custom implementation using symlinks instead of copying resources
[5.303s] -- Found rclcpp: 16.0.11 (/opt/ros/humble/share/rclcpp/cmake)
[6.210s] -- Found rosidl_generator_c: 3.1.6 (/opt/ros/humble/share/rosidl_generator_c/cmake)
[6.349s] -- Found rosidl_adapter: 3.1.6 (/opt/ros/humble/share/rosidl_adapter/cmake)
[6.494s] -- Found rosidl_generator_cpp: 3.1.6 (/opt/ros/humble/share/rosidl_generator_cpp/cmake)
[6.712s] -- Using all available rosidl_typesupport_c: rosidl_typesupport_fastrtps_c;rosidl_typesupport_introspection_c
[7.122s] -- Using all available rosidl_typesupport_cpp: rosidl_typesupport_fastrtps_cpp;rosidl_typesupport_introspection_cpp
[8.142s] -- Found rmw_implementation_cmake: 6.1.2 (/opt/ros/humble/share/rmw_implementation_cmake/cmake)
[8.300s] -- Found rmw_fastrtps_cpp: 6.2.7 (/opt/ros/humble/share/rmw_fastrtps_cpp/cmake)
[9.208s] -- Found OpenSSL: /usr/lib/aarch64-linux-gnu/libcrypto.so (found version "3.0.2")  
[9.458s] -- Found FastRTPS: /opt/ros/humble/include  
[9.907s] -- Using RMW implementation 'rmw_fastrtps_cpp' as default
[10.119s] -- Looking for pthread.h
[10.361s] -- Looking for pthread.h - found
[10.362s] -- Performing Test CMAKE_HAVE_LIBC_PTHREAD
[10.670s] -- Performing Test CMAKE_HAVE_LIBC_PTHREAD - Success
[10.670s] -- Found Threads: TRUE  
[11.307s] -- Found ament_lint_auto: 0.12.11 (/opt/ros/humble/share/ament_lint_auto/cmake)
[12.475s] -- Added test 'copyright' to check source files copyright and LICENSE
[12.504s] -- Added test 'cppcheck' to perform static code analysis on C / C++ code
[12.504s] -- Configured cppcheck include dirs: 
[12.504s] -- Configured cppcheck exclude dirs and/or files: 
[12.523s] -- Added test 'cpplint' to check C / C++ code against the Google style
[12.524s] -- Configured cpplint exclude dirs and/or files: 
[12.540s] -- Added test 'flake8' to check Python code syntax and style conventions
[12.554s] -- Added test 'lint_cmake' to check CMake code style
[12.569s] -- Added test 'pep257' to check Python code against some of the docstring style conventions in PEP 257
[12.584s] -- Added test 'uncrustify' to check C / C++ code style
[12.584s] -- Configured uncrustify additional arguments: 
[12.598s] -- Added test 'xmllint' to check XML markup files
[12.627s] -- Configuring done
[12.655s] -- Generating done
[12.662s] -- Build files have been written to: /home/wheeltec/wheeltec_ros2/build/wheeltec_slam_toolbox
[12.711s] Invoked command in '/home/wheeltec/wheeltec_ros2/build/wheeltec_slam_toolbox' returned '0': CMAKE_PREFIX_PATH=${CMAKE_PREFIX_PATH}:/home/wheeltec/wheeltec_ros2/install/wheeltec_robot_keyboard:/home/wheeltec/wheeltec_ros2/install/wheeltec_dual_rtk_driver:/home/wheeltec/wheeltec_ros2/install/ultralytics_ros2:/home/wheeltec/wheeltec_ros2/install/tf2_tools:/home/wheeltec/wheeltec_ros2/install/nav2_waypoint_cycle:/home/wheeltec/wheeltec_ros2/install/nav2_simple_commander:/home/wheeltec/wheeltec_ros2/install/auto_recharge_ros2:/home/wheeltec/autoware/install/autoware_wheeltec_interface:/home/wheeltec/autoware/install/ad_api_visualizers:/opt/ros/humble /usr/bin/cmake /home/wheeltec/wheeltec_ros2/src/wheeltec_robot_slam/wheeltec_slam_toolbox -DAMENT_CMAKE_SYMLINK_INSTALL=1 -DCMAKE_INSTALL_PREFIX=/home/wheeltec/wheeltec_ros2/install/wheeltec_slam_toolbox
[12.713s] Invoking command in '/home/wheeltec/wheeltec_ros2/build/wheeltec_slam_toolbox': CMAKE_PREFIX_PATH=${CMAKE_PREFIX_PATH}:/home/wheeltec/wheeltec_ros2/install/wheeltec_robot_keyboard:/home/wheeltec/wheeltec_ros2/install/wheeltec_dual_rtk_driver:/home/wheeltec/wheeltec_ros2/install/ultralytics_ros2:/home/wheeltec/wheeltec_ros2/install/tf2_tools:/home/wheeltec/wheeltec_ros2/install/nav2_waypoint_cycle:/home/wheeltec/wheeltec_ros2/install/nav2_simple_commander:/home/wheeltec/wheeltec_ros2/install/auto_recharge_ros2:/home/wheeltec/autoware/install/autoware_wheeltec_interface:/home/wheeltec/autoware/install/ad_api_visualizers:/opt/ros/humble /usr/bin/cmake --build /home/wheeltec/wheeltec_ros2/build/wheeltec_slam_toolbox -- -j6 -l6
[19.669s] [ 50%] [32mBuilding CXX object CMakeFiles/talker.dir/src/publisher_member_function.cpp.o[0m
[24.720s] [100%] [32m[1mLinking CXX executable talker[0m
[25.125s] [100%] Built target talker
[25.159s] Invoked command in '/home/wheeltec/wheeltec_ros2/build/wheeltec_slam_toolbox' returned '0': CMAKE_PREFIX_PATH=${CMAKE_PREFIX_PATH}:/home/wheeltec/wheeltec_ros2/install/wheeltec_robot_keyboard:/home/wheeltec/wheeltec_ros2/install/wheeltec_dual_rtk_driver:/home/wheeltec/wheeltec_ros2/install/ultralytics_ros2:/home/wheeltec/wheeltec_ros2/install/tf2_tools:/home/wheeltec/wheeltec_ros2/install/nav2_waypoint_cycle:/home/wheeltec/wheeltec_ros2/install/nav2_simple_commander:/home/wheeltec/wheeltec_ros2/install/auto_recharge_ros2:/home/wheeltec/autoware/install/autoware_wheeltec_interface:/home/wheeltec/autoware/install/ad_api_visualizers:/opt/ros/humble /usr/bin/cmake --build /home/wheeltec/wheeltec_ros2/build/wheeltec_slam_toolbox -- -j6 -l6
[25.160s] Invoking command in '/home/wheeltec/wheeltec_ros2/build/wheeltec_slam_toolbox': CMAKE_PREFIX_PATH=${CMAKE_PREFIX_PATH}:/home/wheeltec/wheeltec_ros2/install/wheeltec_robot_keyboard:/home/wheeltec/wheeltec_ros2/install/wheeltec_dual_rtk_driver:/home/wheeltec/wheeltec_ros2/install/ultralytics_ros2:/home/wheeltec/wheeltec_ros2/install/tf2_tools:/home/wheeltec/wheeltec_ros2/install/nav2_waypoint_cycle:/home/wheeltec/wheeltec_ros2/install/nav2_simple_commander:/home/wheeltec/wheeltec_ros2/install/auto_recharge_ros2:/home/wheeltec/autoware/install/autoware_wheeltec_interface:/home/wheeltec/autoware/install/ad_api_visualizers:/opt/ros/humble /usr/bin/cmake --install /home/wheeltec/wheeltec_ros2/build/wheeltec_slam_toolbox
[31.872s] -- Install configuration: ""
[31.873s] -- Execute custom install script
[31.873s] -- Symlinking: /home/wheeltec/wheeltec_ros2/install/wheeltec_slam_toolbox/lib/wheeltec_slam_toolbox/talker
[31.873s] -- Symlinking: /home/wheeltec/wheeltec_ros2/install/wheeltec_slam_toolbox/share/wheeltec_slam_toolbox/config/mapper_params_online_async.yaml
[31.873s] -- Symlinking: /home/wheeltec/wheeltec_ros2/install/wheeltec_slam_toolbox/share/wheeltec_slam_toolbox/config/mapper_params_online_sync.yaml
[31.873s] -- Symlinking: /home/wheeltec/wheeltec_ros2/install/wheeltec_slam_toolbox/share/wheeltec_slam_toolbox/launch/online_async_launch.py
[31.873s] -- Symlinking: /home/wheeltec/wheeltec_ros2/install/wheeltec_slam_toolbox/share/wheeltec_slam_toolbox/launch/online_sync.launch.py
[31.873s] -- Symlinking: /home/wheeltec/wheeltec_ros2/install/wheeltec_slam_toolbox/share/ament_index/resource_index/package_run_dependencies/wheeltec_slam_toolbox
[31.873s] -- Symlinking: /home/wheeltec/wheeltec_ros2/install/wheeltec_slam_toolbox/share/ament_index/resource_index/parent_prefix_path/wheeltec_slam_toolbox
[31.874s] -- Symlinking: /home/wheeltec/wheeltec_ros2/install/wheeltec_slam_toolbox/share/wheeltec_slam_toolbox/environment/ament_prefix_path.sh
[31.874s] -- Symlinking: /home/wheeltec/wheeltec_ros2/install/wheeltec_slam_toolbox/share/wheeltec_slam_toolbox/environment/ament_prefix_path.dsv
[31.874s] -- Symlinking: /home/wheeltec/wheeltec_ros2/install/wheeltec_slam_toolbox/share/wheeltec_slam_toolbox/environment/path.sh
[31.874s] -- Symlinking: /home/wheeltec/wheeltec_ros2/install/wheeltec_slam_toolbox/share/wheeltec_slam_toolbox/environment/path.dsv
[31.874s] -- Symlinking: /home/wheeltec/wheeltec_ros2/install/wheeltec_slam_toolbox/share/wheeltec_slam_toolbox/local_setup.bash
[31.874s] -- Symlinking: /home/wheeltec/wheeltec_ros2/install/wheeltec_slam_toolbox/share/wheeltec_slam_toolbox/local_setup.sh
[31.874s] -- Symlinking: /home/wheeltec/wheeltec_ros2/install/wheeltec_slam_toolbox/share/wheeltec_slam_toolbox/local_setup.zsh
[31.874s] -- Symlinking: /home/wheeltec/wheeltec_ros2/install/wheeltec_slam_toolbox/share/wheeltec_slam_toolbox/local_setup.dsv
[31.874s] -- Symlinking: /home/wheeltec/wheeltec_ros2/install/wheeltec_slam_toolbox/share/wheeltec_slam_toolbox/package.dsv
[31.874s] -- Symlinking: /home/wheeltec/wheeltec_ros2/install/wheeltec_slam_toolbox/share/ament_index/resource_index/packages/wheeltec_slam_toolbox
[31.874s] -- Symlinking: /home/wheeltec/wheeltec_ros2/install/wheeltec_slam_toolbox/share/wheeltec_slam_toolbox/cmake/wheeltec_slam_toolboxConfig.cmake
[31.875s] -- Symlinking: /home/wheeltec/wheeltec_ros2/install/wheeltec_slam_toolbox/share/wheeltec_slam_toolbox/cmake/wheeltec_slam_toolboxConfig-version.cmake
[31.875s] -- Symlinking: /home/wheeltec/wheeltec_ros2/install/wheeltec_slam_toolbox/share/wheeltec_slam_toolbox/package.xml
[31.902s] Invoked command in '/home/wheeltec/wheeltec_ros2/build/wheeltec_slam_toolbox' returned '0': CMAKE_PREFIX_PATH=${CMAKE_PREFIX_PATH}:/home/wheeltec/wheeltec_ros2/install/wheeltec_robot_keyboard:/home/wheeltec/wheeltec_ros2/install/wheeltec_dual_rtk_driver:/home/wheeltec/wheeltec_ros2/install/ultralytics_ros2:/home/wheeltec/wheeltec_ros2/install/tf2_tools:/home/wheeltec/wheeltec_ros2/install/nav2_waypoint_cycle:/home/wheeltec/wheeltec_ros2/install/nav2_simple_commander:/home/wheeltec/wheeltec_ros2/install/auto_recharge_ros2:/home/wheeltec/autoware/install/autoware_wheeltec_interface:/home/wheeltec/autoware/install/ad_api_visualizers:/opt/ros/humble /usr/bin/cmake --install /home/wheeltec/wheeltec_ros2/build/wheeltec_slam_toolbox
