[0.250s] Invoking command in '/home/wheeltec/wheeltec_ros2/build/aruco_msgs': CMAKE_PREFIX_PATH=${CMAKE_PREFIX_PATH}:/home/wheeltec/wheeltec_ros2/install/wheeltec_dual_rtk_driver:/home/wheeltec/wheeltec_ros2/install/ultralytics_ros2:/home/wheeltec/wheeltec_ros2/install/tf2_tools:/home/wheeltec/wheeltec_ros2/install/nav2_waypoint_cycle:/home/wheeltec/wheeltec_ros2/install/nav2_simple_commander:/home/wheeltec/wheeltec_ros2/install/auto_recharge_ros2:/home/wheeltec/autoware/install/autoware_wheeltec_interface:/home/wheeltec/autoware/install/ad_api_visualizers:/opt/ros/humble /usr/bin/cmake --build /home/wheeltec/wheeltec_ros2/build/aruco_msgs -- -j6 -l6
[0.451s] [ 10%] Built target aruco_msgs__rosidl_generator_c
[0.452s] [ 12%] Built target aruco_msgs__cpp
[0.515s] [ 12%] Built target ament_cmake_python_symlink_aruco_msgs
[0.573s] [ 23%] Built target aruco_msgs__rosidl_typesupport_fastrtps_c
[0.603s] [ 33%] Built target aruco_msgs__rosidl_typesupport_fastrtps_cpp
[0.606s] [ 43%] Built target aruco_msgs__rosidl_typesupport_c
[0.612s] [ 53%] Built target aruco_msgs__rosidl_typesupport_introspection_c
[0.637s] [ 64%] Built target aruco_msgs__rosidl_typesupport_introspection_cpp
[0.672s] [ 74%] Built target aruco_msgs__rosidl_typesupport_cpp
[0.759s] [ 74%] Built target aruco_msgs
[0.856s] [ 76%] Built target aruco_msgs__py
[0.911s] [ 84%] Built target aruco_msgs__rosidl_generator_py
[1.040s] [ 89%] Built target aruco_msgs__rosidl_typesupport_fastrtps_c__pyext
[1.045s] [ 94%] Built target aruco_msgs__rosidl_typesupport_c__pyext
[1.108s] [100%] Built target aruco_msgs__rosidl_typesupport_introspection_c__pyext
[1.645s] running egg_info
[1.647s] writing aruco_msgs.egg-info/PKG-INFO
[1.649s] writing dependency_links to aruco_msgs.egg-info/dependency_links.txt
[1.650s] writing top-level names to aruco_msgs.egg-info/top_level.txt
[1.659s] reading manifest file 'aruco_msgs.egg-info/SOURCES.txt'
[1.660s] writing manifest file 'aruco_msgs.egg-info/SOURCES.txt'
[1.822s] [100%] Built target ament_cmake_python_build_aruco_msgs_egg
[1.942s] Invoked command in '/home/wheeltec/wheeltec_ros2/build/aruco_msgs' returned '0': CMAKE_PREFIX_PATH=${CMAKE_PREFIX_PATH}:/home/wheeltec/wheeltec_ros2/install/wheeltec_dual_rtk_driver:/home/wheeltec/wheeltec_ros2/install/ultralytics_ros2:/home/wheeltec/wheeltec_ros2/install/tf2_tools:/home/wheeltec/wheeltec_ros2/install/nav2_waypoint_cycle:/home/wheeltec/wheeltec_ros2/install/nav2_simple_commander:/home/wheeltec/wheeltec_ros2/install/auto_recharge_ros2:/home/wheeltec/autoware/install/autoware_wheeltec_interface:/home/wheeltec/autoware/install/ad_api_visualizers:/opt/ros/humble /usr/bin/cmake --build /home/wheeltec/wheeltec_ros2/build/aruco_msgs -- -j6 -l6
[1.955s] Invoking command in '/home/wheeltec/wheeltec_ros2/build/aruco_msgs': CMAKE_PREFIX_PATH=${CMAKE_PREFIX_PATH}:/home/wheeltec/wheeltec_ros2/install/wheeltec_dual_rtk_driver:/home/wheeltec/wheeltec_ros2/install/ultralytics_ros2:/home/wheeltec/wheeltec_ros2/install/tf2_tools:/home/wheeltec/wheeltec_ros2/install/nav2_waypoint_cycle:/home/wheeltec/wheeltec_ros2/install/nav2_simple_commander:/home/wheeltec/wheeltec_ros2/install/auto_recharge_ros2:/home/wheeltec/autoware/install/autoware_wheeltec_interface:/home/wheeltec/autoware/install/ad_api_visualizers:/opt/ros/humble /usr/bin/cmake --install /home/wheeltec/wheeltec_ros2/build/aruco_msgs
[1.987s] -- Install configuration: ""
[1.988s] -- Execute custom install script
[1.993s] -- Up-to-date symlink: /home/wheeltec/wheeltec_ros2/install/aruco_msgs/share/ament_index/resource_index/rosidl_interfaces/aruco_msgs
[1.995s] -- Up-to-date symlink: /home/wheeltec/wheeltec_ros2/install/aruco_msgs/include/aruco_msgs/aruco_msgs/msg/detail/marker__functions.h
[1.995s] -- Up-to-date symlink: /home/wheeltec/wheeltec_ros2/install/aruco_msgs/include/aruco_msgs/aruco_msgs/msg/detail/marker__struct.h
[1.995s] -- Up-to-date symlink: /home/wheeltec/wheeltec_ros2/install/aruco_msgs/include/aruco_msgs/aruco_msgs/msg/detail/marker__type_support.h
[1.995s] -- Up-to-date symlink: /home/wheeltec/wheeltec_ros2/install/aruco_msgs/include/aruco_msgs/aruco_msgs/msg/detail/marker_array__functions.h
[1.996s] -- Up-to-date symlink: /home/wheeltec/wheeltec_ros2/install/aruco_msgs/include/aruco_msgs/aruco_msgs/msg/detail/marker_array__struct.h
[1.996s] -- Up-to-date symlink: /home/wheeltec/wheeltec_ros2/install/aruco_msgs/include/aruco_msgs/aruco_msgs/msg/detail/marker_array__type_support.h
[1.996s] -- Up-to-date symlink: /home/wheeltec/wheeltec_ros2/install/aruco_msgs/include/aruco_msgs/aruco_msgs/msg/marker.h
[1.996s] -- Up-to-date symlink: /home/wheeltec/wheeltec_ros2/install/aruco_msgs/include/aruco_msgs/aruco_msgs/msg/marker_array.h
[1.997s] -- Up-to-date symlink: /home/wheeltec/wheeltec_ros2/install/aruco_msgs/include/aruco_msgs/aruco_msgs/msg/rosidl_generator_c__visibility_control.h
[1.997s] -- Up-to-date symlink: /home/wheeltec/wheeltec_ros2/install/aruco_msgs/share/aruco_msgs/environment/library_path.sh
[1.998s] -- Up-to-date symlink: /home/wheeltec/wheeltec_ros2/install/aruco_msgs/share/aruco_msgs/environment/library_path.dsv
[2.003s] -- Up-to-date symlink: /home/wheeltec/wheeltec_ros2/install/aruco_msgs/include/aruco_msgs/aruco_msgs/msg/detail/marker__rosidl_typesupport_fastrtps_c.h
[2.003s] -- Up-to-date symlink: /home/wheeltec/wheeltec_ros2/install/aruco_msgs/include/aruco_msgs/aruco_msgs/msg/detail/marker_array__rosidl_typesupport_fastrtps_c.h
[2.004s] -- Up-to-date symlink: /home/wheeltec/wheeltec_ros2/install/aruco_msgs/include/aruco_msgs/aruco_msgs/msg/rosidl_typesupport_fastrtps_c__visibility_control.h
[2.004s] -- Up-to-date symlink: /home/wheeltec/wheeltec_ros2/install/aruco_msgs/include/aruco_msgs/aruco_msgs/msg/detail/marker__builder.hpp
[2.005s] -- Up-to-date symlink: /home/wheeltec/wheeltec_ros2/install/aruco_msgs/include/aruco_msgs/aruco_msgs/msg/detail/marker__struct.hpp
[2.006s] -- Up-to-date symlink: /home/wheeltec/wheeltec_ros2/install/aruco_msgs/include/aruco_msgs/aruco_msgs/msg/detail/marker__traits.hpp
[2.006s] -- Up-to-date symlink: /home/wheeltec/wheeltec_ros2/install/aruco_msgs/include/aruco_msgs/aruco_msgs/msg/detail/marker__type_support.hpp
[2.010s] -- Up-to-date symlink: /home/wheeltec/wheeltec_ros2/install/aruco_msgs/include/aruco_msgs/aruco_msgs/msg/detail/marker_array__builder.hpp
[2.010s] -- Up-to-date symlink: /home/wheeltec/wheeltec_ros2/install/aruco_msgs/include/aruco_msgs/aruco_msgs/msg/detail/marker_array__struct.hpp
[2.011s] -- Up-to-date symlink: /home/wheeltec/wheeltec_ros2/install/aruco_msgs/include/aruco_msgs/aruco_msgs/msg/detail/marker_array__traits.hpp
[2.011s] -- Up-to-date symlink: /home/wheeltec/wheeltec_ros2/install/aruco_msgs/include/aruco_msgs/aruco_msgs/msg/detail/marker_array__type_support.hpp
[2.011s] -- Up-to-date symlink: /home/wheeltec/wheeltec_ros2/install/aruco_msgs/include/aruco_msgs/aruco_msgs/msg/marker.hpp
[2.012s] -- Up-to-date symlink: /home/wheeltec/wheeltec_ros2/install/aruco_msgs/include/aruco_msgs/aruco_msgs/msg/marker_array.hpp
[2.012s] -- Up-to-date symlink: /home/wheeltec/wheeltec_ros2/install/aruco_msgs/include/aruco_msgs/aruco_msgs/msg/rosidl_generator_cpp__visibility_control.hpp
[2.013s] -- Up-to-date symlink: /home/wheeltec/wheeltec_ros2/install/aruco_msgs/include/aruco_msgs/aruco_msgs/msg/detail/marker__rosidl_typesupport_fastrtps_cpp.hpp
[2.013s] -- Up-to-date symlink: /home/wheeltec/wheeltec_ros2/install/aruco_msgs/include/aruco_msgs/aruco_msgs/msg/detail/marker_array__rosidl_typesupport_fastrtps_cpp.hpp
[2.014s] -- Up-to-date symlink: /home/wheeltec/wheeltec_ros2/install/aruco_msgs/include/aruco_msgs/aruco_msgs/msg/rosidl_typesupport_fastrtps_cpp__visibility_control.h
[2.031s] -- Up-to-date symlink: /home/wheeltec/wheeltec_ros2/install/aruco_msgs/include/aruco_msgs/aruco_msgs/msg/detail/marker__rosidl_typesupport_introspection_c.h
[2.034s] -- Up-to-date symlink: /home/wheeltec/wheeltec_ros2/install/aruco_msgs/include/aruco_msgs/aruco_msgs/msg/detail/marker_array__rosidl_typesupport_introspection_c.h
[2.034s] -- Up-to-date symlink: /home/wheeltec/wheeltec_ros2/install/aruco_msgs/include/aruco_msgs/aruco_msgs/msg/rosidl_typesupport_introspection_c__visibility_control.h
[2.035s] -- Up-to-date symlink: /home/wheeltec/wheeltec_ros2/install/aruco_msgs/include/aruco_msgs/aruco_msgs/msg/detail/marker__rosidl_typesupport_introspection_cpp.hpp
[2.035s] -- Up-to-date symlink: /home/wheeltec/wheeltec_ros2/install/aruco_msgs/include/aruco_msgs/aruco_msgs/msg/detail/marker_array__rosidl_typesupport_introspection_cpp.hpp
[2.035s] -- Up-to-date symlink: /home/wheeltec/wheeltec_ros2/install/aruco_msgs/share/aruco_msgs/environment/pythonpath.sh
[2.035s] -- Up-to-date symlink: /home/wheeltec/wheeltec_ros2/install/aruco_msgs/share/aruco_msgs/environment/pythonpath.dsv
[2.035s] -- Up-to-date symlink: /home/wheeltec/wheeltec_ros2/install/aruco_msgs/local/lib/python3.10/dist-packages/aruco_msgs-5.0.5-py3.10.egg-info/PKG-INFO
[2.040s] -- Up-to-date symlink: /home/wheeltec/wheeltec_ros2/install/aruco_msgs/local/lib/python3.10/dist-packages/aruco_msgs-5.0.5-py3.10.egg-info/SOURCES.txt
[2.040s] -- Up-to-date symlink: /home/wheeltec/wheeltec_ros2/install/aruco_msgs/local/lib/python3.10/dist-packages/aruco_msgs-5.0.5-py3.10.egg-info/dependency_links.txt
[2.040s] -- Up-to-date symlink: /home/wheeltec/wheeltec_ros2/install/aruco_msgs/local/lib/python3.10/dist-packages/aruco_msgs-5.0.5-py3.10.egg-info/top_level.txt
[2.040s] -- Up-to-date symlink: /home/wheeltec/wheeltec_ros2/install/aruco_msgs/local/lib/python3.10/dist-packages/aruco_msgs/__init__.py
[2.040s] -- Up-to-date symlink: /home/wheeltec/wheeltec_ros2/install/aruco_msgs/local/lib/python3.10/dist-packages/aruco_msgs/_aruco_msgs_s.ep.rosidl_typesupport_c.c
[2.041s] -- Up-to-date symlink: /home/wheeltec/wheeltec_ros2/install/aruco_msgs/local/lib/python3.10/dist-packages/aruco_msgs/_aruco_msgs_s.ep.rosidl_typesupport_fastrtps_c.c
[2.041s] -- Up-to-date symlink: /home/wheeltec/wheeltec_ros2/install/aruco_msgs/local/lib/python3.10/dist-packages/aruco_msgs/_aruco_msgs_s.ep.rosidl_typesupport_introspection_c.c
[2.041s] -- Up-to-date symlink: /home/wheeltec/wheeltec_ros2/install/aruco_msgs/local/lib/python3.10/dist-packages/aruco_msgs/aruco_msgs_s__rosidl_typesupport_c.cpython-310-aarch64-linux-gnu.so
[2.041s] -- Up-to-date symlink: /home/wheeltec/wheeltec_ros2/install/aruco_msgs/local/lib/python3.10/dist-packages/aruco_msgs/aruco_msgs_s__rosidl_typesupport_fastrtps_c.cpython-310-aarch64-linux-gnu.so
[2.041s] -- Up-to-date symlink: /home/wheeltec/wheeltec_ros2/install/aruco_msgs/local/lib/python3.10/dist-packages/aruco_msgs/aruco_msgs_s__rosidl_typesupport_introspection_c.cpython-310-aarch64-linux-gnu.so
[2.041s] -- Up-to-date symlink: /home/wheeltec/wheeltec_ros2/install/aruco_msgs/local/lib/python3.10/dist-packages/aruco_msgs/libaruco_msgs__rosidl_generator_py.so
[2.041s] -- Up-to-date symlink: /home/wheeltec/wheeltec_ros2/install/aruco_msgs/local/lib/python3.10/dist-packages/aruco_msgs/msg/__init__.py
[2.041s] -- Up-to-date symlink: /home/wheeltec/wheeltec_ros2/install/aruco_msgs/local/lib/python3.10/dist-packages/aruco_msgs/msg/_marker.py
[2.042s] -- Up-to-date symlink: /home/wheeltec/wheeltec_ros2/install/aruco_msgs/local/lib/python3.10/dist-packages/aruco_msgs/msg/_marker_array.py
[2.042s] -- Up-to-date symlink: /home/wheeltec/wheeltec_ros2/install/aruco_msgs/local/lib/python3.10/dist-packages/aruco_msgs/msg/_marker_array_s.c
[2.042s] -- Up-to-date symlink: /home/wheeltec/wheeltec_ros2/install/aruco_msgs/local/lib/python3.10/dist-packages/aruco_msgs/msg/_marker_s.c
[2.042s] -- Up-to-date symlink: /home/wheeltec/wheeltec_ros2/install/aruco_msgs/local/lib/python3.10/dist-packages/aruco_msgs/aruco_msgs_s__rosidl_typesupport_fastrtps_c.cpython-310-aarch64-linux-gnu.so
[2.042s] -- Up-to-date symlink: /home/wheeltec/wheeltec_ros2/install/aruco_msgs/local/lib/python3.10/dist-packages/aruco_msgs/aruco_msgs_s__rosidl_typesupport_introspection_c.cpython-310-aarch64-linux-gnu.so
[2.043s] -- Up-to-date symlink: /home/wheeltec/wheeltec_ros2/install/aruco_msgs/local/lib/python3.10/dist-packages/aruco_msgs/aruco_msgs_s__rosidl_typesupport_c.cpython-310-aarch64-linux-gnu.so
[2.043s] -- Up-to-date symlink: /home/wheeltec/wheeltec_ros2/install/aruco_msgs/share/aruco_msgs/msg/Marker.idl
[2.043s] -- Up-to-date symlink: /home/wheeltec/wheeltec_ros2/install/aruco_msgs/share/aruco_msgs/msg/MarkerArray.idl
[2.044s] -- Up-to-date symlink: /home/wheeltec/wheeltec_ros2/install/aruco_msgs/share/aruco_msgs/msg/Marker.msg
[2.061s] -- Up-to-date symlink: /home/wheeltec/wheeltec_ros2/install/aruco_msgs/share/aruco_msgs/msg/MarkerArray.msg
[2.061s] -- Up-to-date symlink: /home/wheeltec/wheeltec_ros2/install/aruco_msgs/share/ament_index/resource_index/package_run_dependencies/aruco_msgs
[2.061s] -- Up-to-date symlink: /home/wheeltec/wheeltec_ros2/install/aruco_msgs/share/ament_index/resource_index/parent_prefix_path/aruco_msgs
[2.061s] -- Up-to-date symlink: /home/wheeltec/wheeltec_ros2/install/aruco_msgs/share/aruco_msgs/environment/ament_prefix_path.sh
[2.062s] -- Up-to-date symlink: /home/wheeltec/wheeltec_ros2/install/aruco_msgs/share/aruco_msgs/environment/ament_prefix_path.dsv
[2.062s] -- Up-to-date symlink: /home/wheeltec/wheeltec_ros2/install/aruco_msgs/share/aruco_msgs/environment/path.sh
[2.062s] -- Up-to-date symlink: /home/wheeltec/wheeltec_ros2/install/aruco_msgs/share/aruco_msgs/environment/path.dsv
[2.062s] -- Up-to-date symlink: /home/wheeltec/wheeltec_ros2/install/aruco_msgs/share/aruco_msgs/local_setup.bash
[2.062s] -- Up-to-date symlink: /home/wheeltec/wheeltec_ros2/install/aruco_msgs/share/aruco_msgs/local_setup.sh
[2.062s] -- Up-to-date symlink: /home/wheeltec/wheeltec_ros2/install/aruco_msgs/share/aruco_msgs/local_setup.zsh
[2.062s] -- Up-to-date symlink: /home/wheeltec/wheeltec_ros2/install/aruco_msgs/share/aruco_msgs/local_setup.dsv
[2.062s] -- Symlinking: /home/wheeltec/wheeltec_ros2/install/aruco_msgs/share/aruco_msgs/package.dsv
[2.071s] -- Up-to-date symlink: /home/wheeltec/wheeltec_ros2/install/aruco_msgs/share/ament_index/resource_index/packages/aruco_msgs
[2.072s] -- Up-to-date symlink: /home/wheeltec/wheeltec_ros2/install/aruco_msgs/share/aruco_msgs/cmake/rosidl_cmake-extras.cmake
[2.072s] -- Up-to-date symlink: /home/wheeltec/wheeltec_ros2/install/aruco_msgs/share/aruco_msgs/cmake/ament_cmake_export_dependencies-extras.cmake
[2.073s] -- Up-to-date symlink: /home/wheeltec/wheeltec_ros2/install/aruco_msgs/share/aruco_msgs/cmake/ament_cmake_export_include_directories-extras.cmake
[2.073s] -- Up-to-date symlink: /home/wheeltec/wheeltec_ros2/install/aruco_msgs/share/aruco_msgs/cmake/ament_cmake_export_libraries-extras.cmake
[2.074s] -- Up-to-date symlink: /home/wheeltec/wheeltec_ros2/install/aruco_msgs/share/aruco_msgs/cmake/ament_cmake_export_targets-extras.cmake
[2.074s] -- Up-to-date symlink: /home/wheeltec/wheeltec_ros2/install/aruco_msgs/share/aruco_msgs/cmake/rosidl_cmake_export_typesupport_targets-extras.cmake
[2.074s] -- Up-to-date symlink: /home/wheeltec/wheeltec_ros2/install/aruco_msgs/share/aruco_msgs/cmake/rosidl_cmake_export_typesupport_libraries-extras.cmake
[2.075s] -- Up-to-date symlink: /home/wheeltec/wheeltec_ros2/install/aruco_msgs/share/aruco_msgs/cmake/aruco_msgsConfig.cmake
[2.075s] -- Up-to-date symlink: /home/wheeltec/wheeltec_ros2/install/aruco_msgs/share/aruco_msgs/cmake/aruco_msgsConfig-version.cmake
[2.076s] -- Up-to-date symlink: /home/wheeltec/wheeltec_ros2/install/aruco_msgs/share/aruco_msgs/package.xml
[2.077s] -- Up-to-date: /home/wheeltec/wheeltec_ros2/install/aruco_msgs/lib/libaruco_msgs__rosidl_generator_c.so
[2.077s] -- Up-to-date: /home/wheeltec/wheeltec_ros2/install/aruco_msgs/lib/libaruco_msgs__rosidl_typesupport_fastrtps_c.so
[2.078s] -- Up-to-date: /home/wheeltec/wheeltec_ros2/install/aruco_msgs/lib/libaruco_msgs__rosidl_typesupport_fastrtps_cpp.so
[2.079s] -- Up-to-date: /home/wheeltec/wheeltec_ros2/install/aruco_msgs/lib/libaruco_msgs__rosidl_typesupport_introspection_c.so
[2.079s] -- Up-to-date: /home/wheeltec/wheeltec_ros2/install/aruco_msgs/lib/libaruco_msgs__rosidl_typesupport_c.so
[2.080s] -- Up-to-date: /home/wheeltec/wheeltec_ros2/install/aruco_msgs/lib/libaruco_msgs__rosidl_typesupport_introspection_cpp.so
[2.081s] -- Up-to-date: /home/wheeltec/wheeltec_ros2/install/aruco_msgs/lib/libaruco_msgs__rosidl_typesupport_cpp.so
[2.233s] Listing '/home/wheeltec/wheeltec_ros2/install/aruco_msgs/local/lib/python3.10/dist-packages/aruco_msgs'...
[2.233s] Listing '/home/wheeltec/wheeltec_ros2/install/aruco_msgs/local/lib/python3.10/dist-packages/aruco_msgs/msg'...
[2.269s] -- Up-to-date: /home/wheeltec/wheeltec_ros2/install/aruco_msgs/lib/libaruco_msgs__rosidl_generator_py.so
[2.272s] -- Up-to-date: /home/wheeltec/wheeltec_ros2/install/aruco_msgs/share/aruco_msgs/cmake/export_aruco_msgs__rosidl_generator_cExport.cmake
[2.272s] -- Up-to-date: /home/wheeltec/wheeltec_ros2/install/aruco_msgs/share/aruco_msgs/cmake/export_aruco_msgs__rosidl_generator_cExport-noconfig.cmake
[2.275s] -- Up-to-date: /home/wheeltec/wheeltec_ros2/install/aruco_msgs/share/aruco_msgs/cmake/export_aruco_msgs__rosidl_typesupport_fastrtps_cExport.cmake
[2.275s] -- Up-to-date: /home/wheeltec/wheeltec_ros2/install/aruco_msgs/share/aruco_msgs/cmake/export_aruco_msgs__rosidl_typesupport_fastrtps_cExport-noconfig.cmake
[2.275s] -- Up-to-date: /home/wheeltec/wheeltec_ros2/install/aruco_msgs/share/aruco_msgs/cmake/export_aruco_msgs__rosidl_generator_cppExport.cmake
[2.275s] -- Up-to-date: /home/wheeltec/wheeltec_ros2/install/aruco_msgs/share/aruco_msgs/cmake/export_aruco_msgs__rosidl_typesupport_fastrtps_cppExport.cmake
[2.276s] -- Up-to-date: /home/wheeltec/wheeltec_ros2/install/aruco_msgs/share/aruco_msgs/cmake/export_aruco_msgs__rosidl_typesupport_fastrtps_cppExport-noconfig.cmake
[2.276s] -- Up-to-date: /home/wheeltec/wheeltec_ros2/install/aruco_msgs/share/aruco_msgs/cmake/aruco_msgs__rosidl_typesupport_introspection_cExport.cmake
[2.276s] -- Up-to-date: /home/wheeltec/wheeltec_ros2/install/aruco_msgs/share/aruco_msgs/cmake/aruco_msgs__rosidl_typesupport_introspection_cExport-noconfig.cmake
[2.277s] -- Up-to-date: /home/wheeltec/wheeltec_ros2/install/aruco_msgs/share/aruco_msgs/cmake/aruco_msgs__rosidl_typesupport_cExport.cmake
[2.277s] -- Up-to-date: /home/wheeltec/wheeltec_ros2/install/aruco_msgs/share/aruco_msgs/cmake/aruco_msgs__rosidl_typesupport_cExport-noconfig.cmake
[2.277s] -- Up-to-date: /home/wheeltec/wheeltec_ros2/install/aruco_msgs/share/aruco_msgs/cmake/aruco_msgs__rosidl_typesupport_introspection_cppExport.cmake
[2.278s] -- Up-to-date: /home/wheeltec/wheeltec_ros2/install/aruco_msgs/share/aruco_msgs/cmake/aruco_msgs__rosidl_typesupport_introspection_cppExport-noconfig.cmake
[2.278s] -- Up-to-date: /home/wheeltec/wheeltec_ros2/install/aruco_msgs/share/aruco_msgs/cmake/aruco_msgs__rosidl_typesupport_cppExport.cmake
[2.278s] -- Up-to-date: /home/wheeltec/wheeltec_ros2/install/aruco_msgs/share/aruco_msgs/cmake/aruco_msgs__rosidl_typesupport_cppExport-noconfig.cmake
[2.279s] -- Up-to-date: /home/wheeltec/wheeltec_ros2/install/aruco_msgs/share/aruco_msgs/cmake/export_aruco_msgs__rosidl_generator_pyExport.cmake
[2.279s] -- Up-to-date: /home/wheeltec/wheeltec_ros2/install/aruco_msgs/share/aruco_msgs/cmake/export_aruco_msgs__rosidl_generator_pyExport-noconfig.cmake
[2.290s] Invoked command in '/home/wheeltec/wheeltec_ros2/build/aruco_msgs' returned '0': CMAKE_PREFIX_PATH=${CMAKE_PREFIX_PATH}:/home/wheeltec/wheeltec_ros2/install/wheeltec_dual_rtk_driver:/home/wheeltec/wheeltec_ros2/install/ultralytics_ros2:/home/wheeltec/wheeltec_ros2/install/tf2_tools:/home/wheeltec/wheeltec_ros2/install/nav2_waypoint_cycle:/home/wheeltec/wheeltec_ros2/install/nav2_simple_commander:/home/wheeltec/wheeltec_ros2/install/auto_recharge_ros2:/home/wheeltec/autoware/install/autoware_wheeltec_interface:/home/wheeltec/autoware/install/ad_api_visualizers:/opt/ros/humble /usr/bin/cmake --install /home/wheeltec/wheeltec_ros2/build/aruco_msgs
