[0.243s] Invoking command in '/home/wheeltec/wheeltec_ros2/build/lio_sam': CMAKE_PREFIX_PATH=${CMAKE_PREFIX_PATH}:/home/wheeltec/wheeltec_ros2/install/wheeltec_robot_keyboard:/home/wheeltec/wheeltec_ros2/install/wheeltec_dual_rtk_driver:/home/wheeltec/wheeltec_ros2/install/ultralytics_ros2:/home/wheeltec/wheeltec_ros2/install/tf2_tools:/home/wheeltec/wheeltec_ros2/install/nav2_waypoint_cycle:/home/wheeltec/wheeltec_ros2/install/nav2_simple_commander:/home/wheeltec/wheeltec_ros2/install/auto_recharge_ros2:/home/wheeltec/autoware/install/autoware_wheeltec_interface:/home/wheeltec/autoware/install/ad_api_visualizers:/opt/ros/humble /usr/bin/cmake --build /home/wheeltec/wheeltec_ros2/build/lio_sam -- -j6 -l6
[0.646s] [  2%] Built target lio_sam__cpp
[0.859s] [  2%] Built target ament_cmake_python_symlink_lio_sam
[1.020s] [ 10%] Built target lio_sam__rosidl_typesupport_introspection_cpp
[2.512s] running egg_info
[2.525s] writing lio_sam.egg-info/PKG-INFO
[2.525s] writing dependency_links to lio_sam.egg-info/dependency_links.txt
[2.526s] writing top-level names to lio_sam.egg-info/top_level.txt
[2.553s] reading manifest file 'lio_sam.egg-info/SOURCES.txt'
[2.568s] writing manifest file 'lio_sam.egg-info/SOURCES.txt'
[2.787s] [ 10%] Built target ament_cmake_python_build_lio_sam_egg
[2.951s] [ 18%] Built target lio_sam__rosidl_typesupport_fastrtps_cpp
[3.116s] [ 26%] Built target lio_sam__rosidl_typesupport_cpp
[3.271s] [ 34%] Built target lio_sam__rosidl_generator_c
[3.512s] [ 38%] Built target lio_sam_simpleGpsOdom
[3.703s] [ 46%] Built target lio_sam__rosidl_typesupport_fastrtps_c
[3.859s] [ 55%] Built target lio_sam__rosidl_typesupport_introspection_c
[4.002s] [ 63%] Built target lio_sam__rosidl_typesupport_c
[4.236s] [ 67%] Built target lio_sam_mapOptimization
[4.403s] [ 67%] Built target lio_sam
[4.607s] [ 71%] Built target lio_sam_imuPreintegration
[4.744s] [ 73%] Built target lio_sam__py
[4.874s] [ 77%] Built target lio_sam_imageProjection
[5.049s] [ 83%] Built target lio_sam__rosidl_generator_py
[5.259s] [ 87%] Built target lio_sam_featureExtraction
[5.441s] [ 91%] Built target lio_sam__rosidl_typesupport_c__pyext
[5.586s] [ 95%] Built target lio_sam__rosidl_typesupport_introspection_c__pyext
[5.756s] [100%] Built target lio_sam__rosidl_typesupport_fastrtps_c__pyext
[6.545s] Invoked command in '/home/wheeltec/wheeltec_ros2/build/lio_sam' returned '0': CMAKE_PREFIX_PATH=${CMAKE_PREFIX_PATH}:/home/wheeltec/wheeltec_ros2/install/wheeltec_robot_keyboard:/home/wheeltec/wheeltec_ros2/install/wheeltec_dual_rtk_driver:/home/wheeltec/wheeltec_ros2/install/ultralytics_ros2:/home/wheeltec/wheeltec_ros2/install/tf2_tools:/home/wheeltec/wheeltec_ros2/install/nav2_waypoint_cycle:/home/wheeltec/wheeltec_ros2/install/nav2_simple_commander:/home/wheeltec/wheeltec_ros2/install/auto_recharge_ros2:/home/wheeltec/autoware/install/autoware_wheeltec_interface:/home/wheeltec/autoware/install/ad_api_visualizers:/opt/ros/humble /usr/bin/cmake --build /home/wheeltec/wheeltec_ros2/build/lio_sam -- -j6 -l6
[6.559s] Invoking command in '/home/wheeltec/wheeltec_ros2/build/lio_sam': CMAKE_PREFIX_PATH=${CMAKE_PREFIX_PATH}:/home/wheeltec/wheeltec_ros2/install/wheeltec_robot_keyboard:/home/wheeltec/wheeltec_ros2/install/wheeltec_dual_rtk_driver:/home/wheeltec/wheeltec_ros2/install/ultralytics_ros2:/home/wheeltec/wheeltec_ros2/install/tf2_tools:/home/wheeltec/wheeltec_ros2/install/nav2_waypoint_cycle:/home/wheeltec/wheeltec_ros2/install/nav2_simple_commander:/home/wheeltec/wheeltec_ros2/install/auto_recharge_ros2:/home/wheeltec/autoware/install/autoware_wheeltec_interface:/home/wheeltec/autoware/install/ad_api_visualizers:/opt/ros/humble /usr/bin/cmake --install /home/wheeltec/wheeltec_ros2/build/lio_sam
[6.594s] -- Install configuration: "Release"
[6.599s] -- Execute custom install script
[6.600s] -- Up-to-date symlink: /home/wheeltec/wheeltec_ros2/install/lio_sam/share/ament_index/resource_index/rosidl_interfaces/lio_sam
[6.602s] -- Up-to-date symlink: /home/wheeltec/wheeltec_ros2/install/lio_sam/include/lio_sam/lio_sam/msg/cloud_info.h
[6.608s] -- Up-to-date symlink: /home/wheeltec/wheeltec_ros2/install/lio_sam/include/lio_sam/lio_sam/msg/detail/cloud_info__functions.h
[6.611s] -- Up-to-date symlink: /home/wheeltec/wheeltec_ros2/install/lio_sam/include/lio_sam/lio_sam/msg/detail/cloud_info__struct.h
[6.611s] -- Up-to-date symlink: /home/wheeltec/wheeltec_ros2/install/lio_sam/include/lio_sam/lio_sam/msg/detail/cloud_info__type_support.h
[6.611s] -- Up-to-date symlink: /home/wheeltec/wheeltec_ros2/install/lio_sam/include/lio_sam/lio_sam/msg/rosidl_generator_c__visibility_control.h
[6.611s] -- Up-to-date symlink: /home/wheeltec/wheeltec_ros2/install/lio_sam/include/lio_sam/lio_sam/srv/detail/save_map__functions.h
[6.611s] -- Up-to-date symlink: /home/wheeltec/wheeltec_ros2/install/lio_sam/include/lio_sam/lio_sam/srv/detail/save_map__struct.h
[6.611s] -- Up-to-date symlink: /home/wheeltec/wheeltec_ros2/install/lio_sam/include/lio_sam/lio_sam/srv/detail/save_map__type_support.h
[6.612s] -- Up-to-date symlink: /home/wheeltec/wheeltec_ros2/install/lio_sam/include/lio_sam/lio_sam/srv/save_map.h
[6.637s] -- Up-to-date symlink: /home/wheeltec/wheeltec_ros2/install/lio_sam/share/lio_sam/environment/library_path.sh
[6.637s] -- Up-to-date symlink: /home/wheeltec/wheeltec_ros2/install/lio_sam/share/lio_sam/environment/library_path.dsv
[6.640s] -- Up-to-date symlink: /home/wheeltec/wheeltec_ros2/install/lio_sam/include/lio_sam/lio_sam/msg/detail/cloud_info__rosidl_typesupport_fastrtps_c.h
[6.640s] -- Up-to-date symlink: /home/wheeltec/wheeltec_ros2/install/lio_sam/include/lio_sam/lio_sam/msg/rosidl_typesupport_fastrtps_c__visibility_control.h
[6.640s] -- Up-to-date symlink: /home/wheeltec/wheeltec_ros2/install/lio_sam/include/lio_sam/lio_sam/srv/detail/save_map__rosidl_typesupport_fastrtps_c.h
[6.640s] -- Up-to-date symlink: /home/wheeltec/wheeltec_ros2/install/lio_sam/include/lio_sam/lio_sam/msg/detail/cloud_info__rosidl_typesupport_introspection_c.h
[6.640s] -- Up-to-date symlink: /home/wheeltec/wheeltec_ros2/install/lio_sam/include/lio_sam/lio_sam/msg/rosidl_typesupport_introspection_c__visibility_control.h
[6.641s] -- Up-to-date symlink: /home/wheeltec/wheeltec_ros2/install/lio_sam/include/lio_sam/lio_sam/srv/detail/save_map__rosidl_typesupport_introspection_c.h
[6.641s] -- Up-to-date symlink: /home/wheeltec/wheeltec_ros2/install/lio_sam/include/lio_sam/lio_sam/msg/cloud_info.hpp
[6.641s] -- Up-to-date symlink: /home/wheeltec/wheeltec_ros2/install/lio_sam/include/lio_sam/lio_sam/msg/detail/cloud_info__builder.hpp
[6.641s] -- Up-to-date symlink: /home/wheeltec/wheeltec_ros2/install/lio_sam/include/lio_sam/lio_sam/msg/detail/cloud_info__struct.hpp
[6.641s] -- Up-to-date symlink: /home/wheeltec/wheeltec_ros2/install/lio_sam/include/lio_sam/lio_sam/msg/detail/cloud_info__traits.hpp
[6.641s] -- Up-to-date symlink: /home/wheeltec/wheeltec_ros2/install/lio_sam/include/lio_sam/lio_sam/msg/detail/cloud_info__type_support.hpp
[6.641s] -- Up-to-date symlink: /home/wheeltec/wheeltec_ros2/install/lio_sam/include/lio_sam/lio_sam/msg/rosidl_generator_cpp__visibility_control.hpp
[6.641s] -- Up-to-date symlink: /home/wheeltec/wheeltec_ros2/install/lio_sam/include/lio_sam/lio_sam/srv/detail/save_map__builder.hpp
[6.641s] -- Up-to-date symlink: /home/wheeltec/wheeltec_ros2/install/lio_sam/include/lio_sam/lio_sam/srv/detail/save_map__struct.hpp
[6.641s] -- Up-to-date symlink: /home/wheeltec/wheeltec_ros2/install/lio_sam/include/lio_sam/lio_sam/srv/detail/save_map__traits.hpp
[6.641s] -- Up-to-date symlink: /home/wheeltec/wheeltec_ros2/install/lio_sam/include/lio_sam/lio_sam/srv/detail/save_map__type_support.hpp
[6.642s] -- Up-to-date symlink: /home/wheeltec/wheeltec_ros2/install/lio_sam/include/lio_sam/lio_sam/srv/save_map.hpp
[6.642s] -- Up-to-date symlink: /home/wheeltec/wheeltec_ros2/install/lio_sam/include/lio_sam/lio_sam/msg/detail/cloud_info__rosidl_typesupport_fastrtps_cpp.hpp
[6.642s] -- Up-to-date symlink: /home/wheeltec/wheeltec_ros2/install/lio_sam/include/lio_sam/lio_sam/msg/rosidl_typesupport_fastrtps_cpp__visibility_control.h
[6.642s] -- Up-to-date symlink: /home/wheeltec/wheeltec_ros2/install/lio_sam/include/lio_sam/lio_sam/srv/detail/save_map__rosidl_typesupport_fastrtps_cpp.hpp
[6.642s] -- Up-to-date symlink: /home/wheeltec/wheeltec_ros2/install/lio_sam/include/lio_sam/lio_sam/msg/detail/cloud_info__rosidl_typesupport_introspection_cpp.hpp
[6.642s] -- Up-to-date symlink: /home/wheeltec/wheeltec_ros2/install/lio_sam/include/lio_sam/lio_sam/srv/detail/save_map__rosidl_typesupport_introspection_cpp.hpp
[6.642s] -- Up-to-date symlink: /home/wheeltec/wheeltec_ros2/install/lio_sam/share/lio_sam/environment/pythonpath.sh
[6.642s] -- Up-to-date symlink: /home/wheeltec/wheeltec_ros2/install/lio_sam/share/lio_sam/environment/pythonpath.dsv
[6.642s] -- Up-to-date symlink: /home/wheeltec/wheeltec_ros2/install/lio_sam/local/lib/python3.10/dist-packages/lio_sam-1.0.0-py3.10.egg-info/PKG-INFO
[6.642s] -- Up-to-date symlink: /home/wheeltec/wheeltec_ros2/install/lio_sam/local/lib/python3.10/dist-packages/lio_sam-1.0.0-py3.10.egg-info/SOURCES.txt
[6.643s] -- Up-to-date symlink: /home/wheeltec/wheeltec_ros2/install/lio_sam/local/lib/python3.10/dist-packages/lio_sam-1.0.0-py3.10.egg-info/dependency_links.txt
[6.643s] -- Up-to-date symlink: /home/wheeltec/wheeltec_ros2/install/lio_sam/local/lib/python3.10/dist-packages/lio_sam-1.0.0-py3.10.egg-info/top_level.txt
[6.644s] -- Up-to-date symlink: /home/wheeltec/wheeltec_ros2/install/lio_sam/local/lib/python3.10/dist-packages/lio_sam/__init__.py
[6.644s] -- Up-to-date symlink: /home/wheeltec/wheeltec_ros2/install/lio_sam/local/lib/python3.10/dist-packages/lio_sam/_lio_sam_s.ep.rosidl_typesupport_c.c
[6.644s] -- Up-to-date symlink: /home/wheeltec/wheeltec_ros2/install/lio_sam/local/lib/python3.10/dist-packages/lio_sam/_lio_sam_s.ep.rosidl_typesupport_fastrtps_c.c
[6.644s] -- Up-to-date symlink: /home/wheeltec/wheeltec_ros2/install/lio_sam/local/lib/python3.10/dist-packages/lio_sam/_lio_sam_s.ep.rosidl_typesupport_introspection_c.c
[6.644s] -- Up-to-date symlink: /home/wheeltec/wheeltec_ros2/install/lio_sam/local/lib/python3.10/dist-packages/lio_sam/liblio_sam__rosidl_generator_py.so
[6.645s] -- Up-to-date symlink: /home/wheeltec/wheeltec_ros2/install/lio_sam/local/lib/python3.10/dist-packages/lio_sam/lio_sam_s__rosidl_typesupport_c.cpython-310-aarch64-linux-gnu.so
[6.645s] -- Up-to-date symlink: /home/wheeltec/wheeltec_ros2/install/lio_sam/local/lib/python3.10/dist-packages/lio_sam/lio_sam_s__rosidl_typesupport_fastrtps_c.cpython-310-aarch64-linux-gnu.so
[6.645s] -- Up-to-date symlink: /home/wheeltec/wheeltec_ros2/install/lio_sam/local/lib/python3.10/dist-packages/lio_sam/lio_sam_s__rosidl_typesupport_introspection_c.cpython-310-aarch64-linux-gnu.so
[6.645s] -- Up-to-date symlink: /home/wheeltec/wheeltec_ros2/install/lio_sam/local/lib/python3.10/dist-packages/lio_sam/msg/__init__.py
[6.645s] -- Up-to-date symlink: /home/wheeltec/wheeltec_ros2/install/lio_sam/local/lib/python3.10/dist-packages/lio_sam/msg/_cloud_info.py
[6.645s] -- Up-to-date symlink: /home/wheeltec/wheeltec_ros2/install/lio_sam/local/lib/python3.10/dist-packages/lio_sam/msg/_cloud_info_s.c
[6.645s] -- Up-to-date symlink: /home/wheeltec/wheeltec_ros2/install/lio_sam/local/lib/python3.10/dist-packages/lio_sam/srv/__init__.py
[6.645s] -- Up-to-date symlink: /home/wheeltec/wheeltec_ros2/install/lio_sam/local/lib/python3.10/dist-packages/lio_sam/srv/_save_map.py
[6.645s] -- Up-to-date symlink: /home/wheeltec/wheeltec_ros2/install/lio_sam/local/lib/python3.10/dist-packages/lio_sam/srv/_save_map_s.c
[6.646s] -- Up-to-date symlink: /home/wheeltec/wheeltec_ros2/install/lio_sam/local/lib/python3.10/dist-packages/lio_sam/lio_sam_s__rosidl_typesupport_fastrtps_c.cpython-310-aarch64-linux-gnu.so
[6.646s] -- Up-to-date symlink: /home/wheeltec/wheeltec_ros2/install/lio_sam/local/lib/python3.10/dist-packages/lio_sam/lio_sam_s__rosidl_typesupport_introspection_c.cpython-310-aarch64-linux-gnu.so
[6.646s] -- Up-to-date symlink: /home/wheeltec/wheeltec_ros2/install/lio_sam/local/lib/python3.10/dist-packages/lio_sam/lio_sam_s__rosidl_typesupport_c.cpython-310-aarch64-linux-gnu.so
[6.646s] -- Up-to-date symlink: /home/wheeltec/wheeltec_ros2/install/lio_sam/share/lio_sam/msg/CloudInfo.idl
[6.646s] -- Up-to-date symlink: /home/wheeltec/wheeltec_ros2/install/lio_sam/share/lio_sam/srv/SaveMap.idl
[6.646s] -- Up-to-date symlink: /home/wheeltec/wheeltec_ros2/install/lio_sam/share/lio_sam/msg/CloudInfo.msg
[6.649s] -- Up-to-date symlink: /home/wheeltec/wheeltec_ros2/install/lio_sam/share/lio_sam/srv/SaveMap.srv
[6.649s] -- Up-to-date symlink: /home/wheeltec/wheeltec_ros2/install/lio_sam/share/lio_sam/srv/SaveMap_Request.msg
[6.652s] -- Up-to-date symlink: /home/wheeltec/wheeltec_ros2/install/lio_sam/share/lio_sam/srv/SaveMap_Response.msg
[6.653s] -- Up-to-date symlink: /home/wheeltec/wheeltec_ros2/install/lio_sam/share/lio_sam//launch/include/turn_on_wheeltec_robot_lio.launch.py
[6.653s] -- Up-to-date symlink: /home/wheeltec/wheeltec_ros2/install/lio_sam/share/lio_sam//launch/include/wheeltec_sensors_liosam_g70.launch.py
[6.653s] -- Up-to-date symlink: /home/wheeltec/wheeltec_ros2/install/lio_sam/share/lio_sam//launch/include/wheeltec_sensors_liosam_g90.launch.py
[6.653s] -- Up-to-date symlink: /home/wheeltec/wheeltec_ros2/install/lio_sam/share/lio_sam//launch/run.launch.py
[6.653s] -- Up-to-date symlink: /home/wheeltec/wheeltec_ros2/install/lio_sam/share/lio_sam//launch/run_gnss.launch.py
[6.653s] -- Up-to-date symlink: /home/wheeltec/wheeltec_ros2/install/lio_sam/share/lio_sam//launch/run_offline.launch.py
[6.656s] -- Up-to-date symlink: /home/wheeltec/wheeltec_ros2/install/lio_sam/share/lio_sam//launch/run_offline_gnss.launch.py
[6.657s] -- Up-to-date symlink: /home/wheeltec/wheeltec_ros2/install/lio_sam/share/lio_sam//launch/run_usegnss.launch.py
[6.680s] -- Up-to-date symlink: /home/wheeltec/wheeltec_ros2/install/lio_sam/share/lio_sam//config/doc/demo.gif
[6.680s] -- Up-to-date symlink: /home/wheeltec/wheeltec_ros2/install/lio_sam/share/lio_sam//config/doc/device-boat.png
[6.680s] -- Up-to-date symlink: /home/wheeltec/wheeltec_ros2/install/lio_sam/share/lio_sam//config/doc/device-hand-2.png
[6.681s] -- Up-to-date symlink: /home/wheeltec/wheeltec_ros2/install/lio_sam/share/lio_sam//config/doc/device-hand.png
[6.681s] -- Up-to-date symlink: /home/wheeltec/wheeltec_ros2/install/lio_sam/share/lio_sam//config/doc/device-jackal.png
[6.681s] -- Up-to-date symlink: /home/wheeltec/wheeltec_ros2/install/lio_sam/share/lio_sam//config/doc/gps-demo.gif
[6.689s] -- Up-to-date symlink: /home/wheeltec/wheeltec_ros2/install/lio_sam/share/lio_sam//config/doc/imu-debug.gif
[6.690s] -- Up-to-date symlink: /home/wheeltec/wheeltec_ros2/install/lio_sam/share/lio_sam//config/doc/imu-transform.png
[6.690s] -- Up-to-date symlink: /home/wheeltec/wheeltec_ros2/install/lio_sam/share/lio_sam//config/doc/kitti-demo.gif
[6.690s] -- Up-to-date symlink: /home/wheeltec/wheeltec_ros2/install/lio_sam/share/lio_sam//config/doc/kitti-map.png
[6.690s] -- Up-to-date symlink: /home/wheeltec/wheeltec_ros2/install/lio_sam/share/lio_sam//config/doc/kitti2bag/README.md
[6.690s] -- Up-to-date symlink: /home/wheeltec/wheeltec_ros2/install/lio_sam/share/lio_sam//config/doc/kitti2bag/kitti2bag.py
[6.690s] -- Up-to-date symlink: /home/wheeltec/wheeltec_ros2/install/lio_sam/share/lio_sam//config/doc/loop-closure-2.gif
[6.690s] -- Up-to-date symlink: /home/wheeltec/wheeltec_ros2/install/lio_sam/share/lio_sam//config/doc/loop-closure.gif
[6.690s] -- Up-to-date symlink: /home/wheeltec/wheeltec_ros2/install/lio_sam/share/lio_sam//config/doc/ouster-demo.gif
[6.690s] -- Up-to-date symlink: /home/wheeltec/wheeltec_ros2/install/lio_sam/share/lio_sam//config/doc/ouster-device.jpg
[6.691s] -- Up-to-date symlink: /home/wheeltec/wheeltec_ros2/install/lio_sam/share/lio_sam//config/doc/paper.pdf
[6.691s] -- Up-to-date symlink: /home/wheeltec/wheeltec_ros2/install/lio_sam/share/lio_sam//config/doc/system.png
[6.691s] -- Up-to-date symlink: /home/wheeltec/wheeltec_ros2/install/lio_sam/share/lio_sam//config/params.yaml
[6.691s] -- Up-to-date symlink: /home/wheeltec/wheeltec_ros2/install/lio_sam/share/lio_sam//config/robot.urdf.xacro
[6.691s] -- Up-to-date symlink: /home/wheeltec/wheeltec_ros2/install/lio_sam/share/lio_sam//config/rviz2.rviz
[6.691s] -- Up-to-date symlink: /home/wheeltec/wheeltec_ros2/install/lio_sam/share/lio_sam//config/wheeltec_params.yaml
[6.691s] -- Up-to-date symlink: /home/wheeltec/wheeltec_ros2/install/lio_sam/lib/lio_sam/lio_sam_imageProjection
[6.691s] -- Up-to-date symlink: /home/wheeltec/wheeltec_ros2/install/lio_sam/lib/lio_sam/lio_sam_imuPreintegration
[6.691s] -- Up-to-date symlink: /home/wheeltec/wheeltec_ros2/install/lio_sam/lib/lio_sam/lio_sam_featureExtraction
[6.691s] -- Up-to-date symlink: /home/wheeltec/wheeltec_ros2/install/lio_sam/lib/lio_sam/lio_sam_mapOptimization
[6.691s] -- Up-to-date symlink: /home/wheeltec/wheeltec_ros2/install/lio_sam/lib/lio_sam/lio_sam_simpleGpsOdom
[6.692s] -- Up-to-date symlink: /home/wheeltec/wheeltec_ros2/install/lio_sam/include/lio_sam/gpsTools.hpp
[6.692s] -- Up-to-date symlink: /home/wheeltec/wheeltec_ros2/install/lio_sam/include/lio_sam/utility.hpp
[6.692s] -- Up-to-date symlink: /home/wheeltec/wheeltec_ros2/install/lio_sam/share/ament_index/resource_index/package_run_dependencies/lio_sam
[6.692s] -- Up-to-date symlink: /home/wheeltec/wheeltec_ros2/install/lio_sam/share/ament_index/resource_index/parent_prefix_path/lio_sam
[6.692s] -- Up-to-date symlink: /home/wheeltec/wheeltec_ros2/install/lio_sam/share/lio_sam/environment/ament_prefix_path.sh
[6.692s] -- Up-to-date symlink: /home/wheeltec/wheeltec_ros2/install/lio_sam/share/lio_sam/environment/ament_prefix_path.dsv
[6.692s] -- Up-to-date symlink: /home/wheeltec/wheeltec_ros2/install/lio_sam/share/lio_sam/environment/path.sh
[6.692s] -- Up-to-date symlink: /home/wheeltec/wheeltec_ros2/install/lio_sam/share/lio_sam/environment/path.dsv
[6.692s] -- Up-to-date symlink: /home/wheeltec/wheeltec_ros2/install/lio_sam/share/lio_sam/local_setup.bash
[6.692s] -- Up-to-date symlink: /home/wheeltec/wheeltec_ros2/install/lio_sam/share/lio_sam/local_setup.sh
[6.693s] -- Up-to-date symlink: /home/wheeltec/wheeltec_ros2/install/lio_sam/share/lio_sam/local_setup.zsh
[6.693s] -- Up-to-date symlink: /home/wheeltec/wheeltec_ros2/install/lio_sam/share/lio_sam/local_setup.dsv
[6.693s] -- Symlinking: /home/wheeltec/wheeltec_ros2/install/lio_sam/share/lio_sam/package.dsv
[6.740s] -- Up-to-date symlink: /home/wheeltec/wheeltec_ros2/install/lio_sam/share/ament_index/resource_index/packages/lio_sam
[6.741s] -- Up-to-date symlink: /home/wheeltec/wheeltec_ros2/install/lio_sam/share/lio_sam/cmake/rosidl_cmake-extras.cmake
[6.741s] -- Up-to-date symlink: /home/wheeltec/wheeltec_ros2/install/lio_sam/share/lio_sam/cmake/ament_cmake_export_dependencies-extras.cmake
[6.741s] -- Up-to-date symlink: /home/wheeltec/wheeltec_ros2/install/lio_sam/share/lio_sam/cmake/ament_cmake_export_include_directories-extras.cmake
[6.741s] -- Up-to-date symlink: /home/wheeltec/wheeltec_ros2/install/lio_sam/share/lio_sam/cmake/ament_cmake_export_libraries-extras.cmake
[6.741s] -- Up-to-date symlink: /home/wheeltec/wheeltec_ros2/install/lio_sam/share/lio_sam/cmake/ament_cmake_export_targets-extras.cmake
[6.741s] -- Up-to-date symlink: /home/wheeltec/wheeltec_ros2/install/lio_sam/share/lio_sam/cmake/rosidl_cmake_export_typesupport_targets-extras.cmake
[6.742s] -- Up-to-date symlink: /home/wheeltec/wheeltec_ros2/install/lio_sam/share/lio_sam/cmake/rosidl_cmake_export_typesupport_libraries-extras.cmake
[6.742s] -- Up-to-date symlink: /home/wheeltec/wheeltec_ros2/install/lio_sam/share/lio_sam/cmake/lio_samConfig.cmake
[6.742s] -- Up-to-date symlink: /home/wheeltec/wheeltec_ros2/install/lio_sam/share/lio_sam/cmake/lio_samConfig-version.cmake
[6.742s] -- Up-to-date symlink: /home/wheeltec/wheeltec_ros2/install/lio_sam/share/lio_sam/package.xml
[6.742s] -- Up-to-date: /home/wheeltec/wheeltec_ros2/install/lio_sam/lib/liblio_sam__rosidl_generator_c.so
[6.743s] -- Up-to-date: /home/wheeltec/wheeltec_ros2/install/lio_sam/lib/liblio_sam__rosidl_typesupport_fastrtps_c.so
[6.744s] -- Up-to-date: /home/wheeltec/wheeltec_ros2/install/lio_sam/lib/liblio_sam__rosidl_typesupport_introspection_c.so
[6.744s] -- Up-to-date: /home/wheeltec/wheeltec_ros2/install/lio_sam/lib/liblio_sam__rosidl_typesupport_c.so
[6.745s] -- Up-to-date: /home/wheeltec/wheeltec_ros2/install/lio_sam/lib/liblio_sam__rosidl_typesupport_fastrtps_cpp.so
[6.746s] -- Up-to-date: /home/wheeltec/wheeltec_ros2/install/lio_sam/lib/liblio_sam__rosidl_typesupport_introspection_cpp.so
[6.747s] -- Up-to-date: /home/wheeltec/wheeltec_ros2/install/lio_sam/lib/liblio_sam__rosidl_typesupport_cpp.so
[7.080s] Listing '/home/wheeltec/wheeltec_ros2/install/lio_sam/local/lib/python3.10/dist-packages/lio_sam'...
[7.080s] Listing '/home/wheeltec/wheeltec_ros2/install/lio_sam/local/lib/python3.10/dist-packages/lio_sam/msg'...
[7.080s] Listing '/home/wheeltec/wheeltec_ros2/install/lio_sam/local/lib/python3.10/dist-packages/lio_sam/srv'...
[7.104s] -- Up-to-date: /home/wheeltec/wheeltec_ros2/install/lio_sam/lib/liblio_sam__rosidl_generator_py.so
[7.106s] -- Up-to-date: /home/wheeltec/wheeltec_ros2/install/lio_sam/share/lio_sam/cmake/export_lio_sam__rosidl_generator_cExport.cmake
[7.106s] -- Up-to-date: /home/wheeltec/wheeltec_ros2/install/lio_sam/share/lio_sam/cmake/export_lio_sam__rosidl_generator_cExport-release.cmake
[7.118s] -- Up-to-date: /home/wheeltec/wheeltec_ros2/install/lio_sam/share/lio_sam/cmake/export_lio_sam__rosidl_typesupport_fastrtps_cExport.cmake
[7.119s] -- Up-to-date: /home/wheeltec/wheeltec_ros2/install/lio_sam/share/lio_sam/cmake/export_lio_sam__rosidl_typesupport_fastrtps_cExport-release.cmake
[7.120s] -- Up-to-date: /home/wheeltec/wheeltec_ros2/install/lio_sam/share/lio_sam/cmake/lio_sam__rosidl_typesupport_introspection_cExport.cmake
[7.120s] -- Up-to-date: /home/wheeltec/wheeltec_ros2/install/lio_sam/share/lio_sam/cmake/lio_sam__rosidl_typesupport_introspection_cExport-release.cmake
[7.120s] -- Up-to-date: /home/wheeltec/wheeltec_ros2/install/lio_sam/share/lio_sam/cmake/lio_sam__rosidl_typesupport_cExport.cmake
[7.120s] -- Up-to-date: /home/wheeltec/wheeltec_ros2/install/lio_sam/share/lio_sam/cmake/lio_sam__rosidl_typesupport_cExport-release.cmake
[7.120s] -- Up-to-date: /home/wheeltec/wheeltec_ros2/install/lio_sam/share/lio_sam/cmake/export_lio_sam__rosidl_generator_cppExport.cmake
[7.120s] -- Up-to-date: /home/wheeltec/wheeltec_ros2/install/lio_sam/share/lio_sam/cmake/export_lio_sam__rosidl_typesupport_fastrtps_cppExport.cmake
[7.120s] -- Up-to-date: /home/wheeltec/wheeltec_ros2/install/lio_sam/share/lio_sam/cmake/export_lio_sam__rosidl_typesupport_fastrtps_cppExport-release.cmake
[7.120s] -- Up-to-date: /home/wheeltec/wheeltec_ros2/install/lio_sam/share/lio_sam/cmake/lio_sam__rosidl_typesupport_introspection_cppExport.cmake
[7.120s] -- Up-to-date: /home/wheeltec/wheeltec_ros2/install/lio_sam/share/lio_sam/cmake/lio_sam__rosidl_typesupport_introspection_cppExport-release.cmake
[7.121s] -- Up-to-date: /home/wheeltec/wheeltec_ros2/install/lio_sam/share/lio_sam/cmake/lio_sam__rosidl_typesupport_cppExport.cmake
[7.121s] -- Up-to-date: /home/wheeltec/wheeltec_ros2/install/lio_sam/share/lio_sam/cmake/lio_sam__rosidl_typesupport_cppExport-release.cmake
[7.121s] -- Up-to-date: /home/wheeltec/wheeltec_ros2/install/lio_sam/share/lio_sam/cmake/export_lio_sam__rosidl_generator_pyExport.cmake
[7.121s] -- Up-to-date: /home/wheeltec/wheeltec_ros2/install/lio_sam/share/lio_sam/cmake/export_lio_sam__rosidl_generator_pyExport-release.cmake
[7.130s] Invoked command in '/home/wheeltec/wheeltec_ros2/build/lio_sam' returned '0': CMAKE_PREFIX_PATH=${CMAKE_PREFIX_PATH}:/home/wheeltec/wheeltec_ros2/install/wheeltec_robot_keyboard:/home/wheeltec/wheeltec_ros2/install/wheeltec_dual_rtk_driver:/home/wheeltec/wheeltec_ros2/install/ultralytics_ros2:/home/wheeltec/wheeltec_ros2/install/tf2_tools:/home/wheeltec/wheeltec_ros2/install/nav2_waypoint_cycle:/home/wheeltec/wheeltec_ros2/install/nav2_simple_commander:/home/wheeltec/wheeltec_ros2/install/auto_recharge_ros2:/home/wheeltec/autoware/install/autoware_wheeltec_interface:/home/wheeltec/autoware/install/ad_api_visualizers:/opt/ros/humble /usr/bin/cmake --install /home/wheeltec/wheeltec_ros2/build/lio_sam
