gmake: Warning: File 'Makefile' has modification time 1766048710 s in the future
gmake[1]: Warning: File 'CMakeFiles/Makefile2' has modification time 1766048710 s in the future
gmake[2]: Warning: File 'CMakeFiles/laserscan_to_pointcloud.dir/flags.make' has modification time 1766048710 s in the future
gmake[2]: warning:  Clock skew detected.  Your build may be incomplete.
gmake[2]: Warning: File 'CMakeFiles/laserscan_to_pointcloud.dir/flags.make' has modification time 1766048709 s in the future
gmake[2]: warning:  Clock skew detected.  Your build may be incomplete.
[ 20%] Built target laserscan_to_pointcloud
gmake[2]: Warning: File 'CMakeFiles/pointcloud_to_laserscan_node.dir/flags.make' has modification time 1766048709 s in the future
gmake[2]: warning:  Clock skew detected.  Your build may be incomplete.
gmake[2]: Warning: File 'CMakeFiles/pointcloud_to_laserscan_node.dir/flags.make' has modification time 1766048709 s in the future
gmake[2]: warning:  Clock skew detected.  Your build may be incomplete.
[ 40%] Built target pointcloud_to_laserscan_node
gmake[2]: Warning: File 'CMakeFiles/pointcloud_to_laserscan.dir/flags.make' has modification time 1766048709 s in the future
gmake[2]: warning:  Clock skew detected.  Your build may be incomplete.
gmake[2]: Warning: File 'CMakeFiles/pointcloud_to_laserscan.dir/flags.make' has modification time 1766048709 s in the future
gmake[2]: warning:  Clock skew detected.  Your build may be incomplete.
[ 60%] Built target pointcloud_to_laserscan
gmake[2]: Warning: File 'CMakeFiles/laserscan_to_pointcloud_node.dir/flags.make' has modification time 1766048709 s in the future
gmake[2]: warning:  Clock skew detected.  Your build may be incomplete.
gmake[2]: Warning: File 'CMakeFiles/laserscan_to_pointcloud_node.dir/flags.make' has modification time 1766048708 s in the future
gmake[2]: warning:  Clock skew detected.  Your build may be incomplete.
[ 80%] Built target laserscan_to_pointcloud_node
gmake[2]: Warning: File 'CMakeFiles/dummy_pointcloud_publisher.dir/flags.make' has modification time 1766048708 s in the future
gmake[2]: warning:  Clock skew detected.  Your build may be incomplete.
gmake[2]: Warning: File 'CMakeFiles/dummy_pointcloud_publisher.dir/flags.make' has modification time 1766048708 s in the future
gmake[2]: warning:  Clock skew detected.  Your build may be incomplete.
[100%] Built target dummy_pointcloud_publisher
gmake[1]: warning:  Clock skew detected.  Your build may be incomplete.
gmake: warning:  Clock skew detected.  Your build may be incomplete.
