[0.176s] Invoking command in '/home/wheeltec/wheeltec_ros2/build/wheeltec_rviz2': CMAKE_PREFIX_PATH=${CMAKE_PREFIX_PATH}:/home/wheeltec/wheeltec_ros2/install/wheeltec_robot_keyboard:/home/wheeltec/wheeltec_ros2/install/wheeltec_dual_rtk_driver:/home/wheeltec/wheeltec_ros2/install/ultralytics_ros2:/home/wheeltec/wheeltec_ros2/install/tf2_tools:/home/wheeltec/wheeltec_ros2/install/nav2_waypoint_cycle:/home/wheeltec/wheeltec_ros2/install/nav2_simple_commander:/home/wheeltec/wheeltec_ros2/install/auto_recharge_ros2:/home/wheeltec/autoware/install/autoware_wheeltec_interface:/home/wheeltec/autoware/install/ad_api_visualizers:/opt/ros/humble /usr/bin/cmake /home/wheeltec/wheeltec_ros2/src/wheeltec_rviz2 -DAMENT_CMAKE_SYMLINK_INSTALL=1 -DCMAKE_INSTALL_PREFIX=/home/wheeltec/wheeltec_ros2/install/wheeltec_rviz2
[2.070s] -- The C compiler identification is GNU 11.4.0
[2.071s] -- The CXX compiler identification is GNU 11.4.0
[2.071s] -- Detecting C compiler ABI info
[2.071s] -- Detecting C compiler ABI info - done
[2.071s] -- Check for working C compiler: /usr/bin/cc - skipped
[2.071s] -- Detecting C compile features
[2.071s] -- Detecting C compile features - done
[2.071s] -- Detecting CXX compiler ABI info
[2.071s] -- Detecting CXX compiler ABI info - done
[2.071s] -- Check for working CXX compiler: /usr/bin/c++ - skipped
[2.071s] -- Detecting CXX compile features
[2.072s] -- Detecting CXX compile features - done
[2.072s] -- Found ament_cmake: 1.3.7 (/home/wheeltec/autoware/install/ament_cmake/share/ament_cmake/cmake)
[3.517s] -- Found Python3: /usr/bin/python3.10 (found version "3.10.12") found components: Interpreter 
[3.928s] -- Override CMake install command with custom implementation using symlinks instead of copying resources
[5.123s] -- Found ament_lint_auto: 0.12.11 (/opt/ros/humble/share/ament_lint_auto/cmake)
[6.527s] -- Added test 'copyright' to check source files copyright and LICENSE
[6.577s] -- Added test 'flake8' to check Python code syntax and style conventions
[6.599s] -- Added test 'lint_cmake' to check CMake code style
[6.630s] -- Added test 'pep257' to check Python code against some of the docstring style conventions in PEP 257
[6.659s] -- Added test 'xmllint' to check XML markup files
[6.718s] -- Configuring done
[6.732s] -- Generating done
[6.739s] -- Build files have been written to: /home/wheeltec/wheeltec_ros2/build/wheeltec_rviz2
[6.772s] Invoked command in '/home/wheeltec/wheeltec_ros2/build/wheeltec_rviz2' returned '0': CMAKE_PREFIX_PATH=${CMAKE_PREFIX_PATH}:/home/wheeltec/wheeltec_ros2/install/wheeltec_robot_keyboard:/home/wheeltec/wheeltec_ros2/install/wheeltec_dual_rtk_driver:/home/wheeltec/wheeltec_ros2/install/ultralytics_ros2:/home/wheeltec/wheeltec_ros2/install/tf2_tools:/home/wheeltec/wheeltec_ros2/install/nav2_waypoint_cycle:/home/wheeltec/wheeltec_ros2/install/nav2_simple_commander:/home/wheeltec/wheeltec_ros2/install/auto_recharge_ros2:/home/wheeltec/autoware/install/autoware_wheeltec_interface:/home/wheeltec/autoware/install/ad_api_visualizers:/opt/ros/humble /usr/bin/cmake /home/wheeltec/wheeltec_ros2/src/wheeltec_rviz2 -DAMENT_CMAKE_SYMLINK_INSTALL=1 -DCMAKE_INSTALL_PREFIX=/home/wheeltec/wheeltec_ros2/install/wheeltec_rviz2
[6.774s] Invoking command in '/home/wheeltec/wheeltec_ros2/build/wheeltec_rviz2': CMAKE_PREFIX_PATH=${CMAKE_PREFIX_PATH}:/home/wheeltec/wheeltec_ros2/install/wheeltec_robot_keyboard:/home/wheeltec/wheeltec_ros2/install/wheeltec_dual_rtk_driver:/home/wheeltec/wheeltec_ros2/install/ultralytics_ros2:/home/wheeltec/wheeltec_ros2/install/tf2_tools:/home/wheeltec/wheeltec_ros2/install/nav2_waypoint_cycle:/home/wheeltec/wheeltec_ros2/install/nav2_simple_commander:/home/wheeltec/wheeltec_ros2/install/auto_recharge_ros2:/home/wheeltec/autoware/install/autoware_wheeltec_interface:/home/wheeltec/autoware/install/ad_api_visualizers:/opt/ros/humble /usr/bin/cmake --build /home/wheeltec/wheeltec_ros2/build/wheeltec_rviz2 -- -j6 -l6
[13.123s] Invoked command in '/home/wheeltec/wheeltec_ros2/build/wheeltec_rviz2' returned '0': CMAKE_PREFIX_PATH=${CMAKE_PREFIX_PATH}:/home/wheeltec/wheeltec_ros2/install/wheeltec_robot_keyboard:/home/wheeltec/wheeltec_ros2/install/wheeltec_dual_rtk_driver:/home/wheeltec/wheeltec_ros2/install/ultralytics_ros2:/home/wheeltec/wheeltec_ros2/install/tf2_tools:/home/wheeltec/wheeltec_ros2/install/nav2_waypoint_cycle:/home/wheeltec/wheeltec_ros2/install/nav2_simple_commander:/home/wheeltec/wheeltec_ros2/install/auto_recharge_ros2:/home/wheeltec/autoware/install/autoware_wheeltec_interface:/home/wheeltec/autoware/install/ad_api_visualizers:/opt/ros/humble /usr/bin/cmake --build /home/wheeltec/wheeltec_ros2/build/wheeltec_rviz2 -- -j6 -l6
[13.125s] Invoking command in '/home/wheeltec/wheeltec_ros2/build/wheeltec_rviz2': CMAKE_PREFIX_PATH=${CMAKE_PREFIX_PATH}:/home/wheeltec/wheeltec_ros2/install/wheeltec_robot_keyboard:/home/wheeltec/wheeltec_ros2/install/wheeltec_dual_rtk_driver:/home/wheeltec/wheeltec_ros2/install/ultralytics_ros2:/home/wheeltec/wheeltec_ros2/install/tf2_tools:/home/wheeltec/wheeltec_ros2/install/nav2_waypoint_cycle:/home/wheeltec/wheeltec_ros2/install/nav2_simple_commander:/home/wheeltec/wheeltec_ros2/install/auto_recharge_ros2:/home/wheeltec/autoware/install/autoware_wheeltec_interface:/home/wheeltec/autoware/install/ad_api_visualizers:/opt/ros/humble /usr/bin/cmake --install /home/wheeltec/wheeltec_ros2/build/wheeltec_rviz2
[13.160s] -- Install configuration: ""
[13.160s] -- Execute custom install script
[13.163s] -- Symlinking: /home/wheeltec/wheeltec_ros2/install/wheeltec_rviz2/share/wheeltec_rviz2/launch/wheeltec_rtabmapviz.launch.py
[13.204s] -- Symlinking: /home/wheeltec/wheeltec_ros2/install/wheeltec_rviz2/share/wheeltec_rviz2/launch/wheeltec_rviz.launch.py
[13.246s] -- Symlinking: /home/wheeltec/wheeltec_ros2/install/wheeltec_rviz2/share/wheeltec_rviz2/rviz/carto_3d.rviz
[13.267s] -- Symlinking: /home/wheeltec/wheeltec_ros2/install/wheeltec_rviz2/share/wheeltec_rviz2/rviz/lego_loam.rviz
[13.297s] -- Symlinking: /home/wheeltec/wheeltec_ros2/install/wheeltec_rviz2/share/wheeltec_rviz2/rviz/lio-sam.rviz
[13.318s] -- Symlinking: /home/wheeltec/wheeltec_ros2/install/wheeltec_rviz2/share/wheeltec_rviz2/rviz/orb_config.rviz
[13.351s] -- Symlinking: /home/wheeltec/wheeltec_ros2/install/wheeltec_rviz2/share/wheeltec_rviz2/rviz/wheeltec.rviz
[13.372s] -- Symlinking: /home/wheeltec/wheeltec_ros2/install/wheeltec_rviz2/share/ament_index/resource_index/package_run_dependencies/wheeltec_rviz2
[13.412s] -- Symlinking: /home/wheeltec/wheeltec_ros2/install/wheeltec_rviz2/share/ament_index/resource_index/parent_prefix_path/wheeltec_rviz2
[13.439s] -- Symlinking: /home/wheeltec/wheeltec_ros2/install/wheeltec_rviz2/share/wheeltec_rviz2/environment/ament_prefix_path.sh
[13.471s] -- Symlinking: /home/wheeltec/wheeltec_ros2/install/wheeltec_rviz2/share/wheeltec_rviz2/environment/ament_prefix_path.dsv
[13.503s] -- Symlinking: /home/wheeltec/wheeltec_ros2/install/wheeltec_rviz2/share/wheeltec_rviz2/environment/path.sh
[13.528s] -- Symlinking: /home/wheeltec/wheeltec_ros2/install/wheeltec_rviz2/share/wheeltec_rviz2/environment/path.dsv
[13.552s] -- Symlinking: /home/wheeltec/wheeltec_ros2/install/wheeltec_rviz2/share/wheeltec_rviz2/local_setup.bash
[13.581s] -- Symlinking: /home/wheeltec/wheeltec_ros2/install/wheeltec_rviz2/share/wheeltec_rviz2/local_setup.sh
[13.623s] -- Symlinking: /home/wheeltec/wheeltec_ros2/install/wheeltec_rviz2/share/wheeltec_rviz2/local_setup.zsh
[13.664s] -- Symlinking: /home/wheeltec/wheeltec_ros2/install/wheeltec_rviz2/share/wheeltec_rviz2/local_setup.dsv
[13.702s] -- Symlinking: /home/wheeltec/wheeltec_ros2/install/wheeltec_rviz2/share/wheeltec_rviz2/package.dsv
[13.739s] -- Symlinking: /home/wheeltec/wheeltec_ros2/install/wheeltec_rviz2/share/ament_index/resource_index/packages/wheeltec_rviz2
[13.770s] -- Symlinking: /home/wheeltec/wheeltec_ros2/install/wheeltec_rviz2/share/wheeltec_rviz2/cmake/wheeltec_rviz2Config.cmake
[13.812s] -- Symlinking: /home/wheeltec/wheeltec_ros2/install/wheeltec_rviz2/share/wheeltec_rviz2/cmake/wheeltec_rviz2Config-version.cmake
[13.843s] -- Symlinking: /home/wheeltec/wheeltec_ros2/install/wheeltec_rviz2/share/wheeltec_rviz2/package.xml
[13.866s] Invoked command in '/home/wheeltec/wheeltec_ros2/build/wheeltec_rviz2' returned '0': CMAKE_PREFIX_PATH=${CMAKE_PREFIX_PATH}:/home/wheeltec/wheeltec_ros2/install/wheeltec_robot_keyboard:/home/wheeltec/wheeltec_ros2/install/wheeltec_dual_rtk_driver:/home/wheeltec/wheeltec_ros2/install/ultralytics_ros2:/home/wheeltec/wheeltec_ros2/install/tf2_tools:/home/wheeltec/wheeltec_ros2/install/nav2_waypoint_cycle:/home/wheeltec/wheeltec_ros2/install/nav2_simple_commander:/home/wheeltec/wheeltec_ros2/install/auto_recharge_ros2:/home/wheeltec/autoware/install/autoware_wheeltec_interface:/home/wheeltec/autoware/install/ad_api_visualizers:/opt/ros/humble /usr/bin/cmake --install /home/wheeltec/wheeltec_ros2/build/wheeltec_rviz2
