[0.214s] Invoking command in '/home/wheeltec/wheeltec_ros2/build/orb_slam2_ros': CMAKE_PREFIX_PATH=${CMAKE_PREFIX_PATH}:/home/wheeltec/wheeltec_ros2/install/wheeltec_robot_keyboard:/home/wheeltec/wheeltec_ros2/install/wheeltec_dual_rtk_driver:/home/wheeltec/wheeltec_ros2/install/ultralytics_ros2:/home/wheeltec/wheeltec_ros2/install/tf2_tools:/home/wheeltec/wheeltec_ros2/install/nav2_waypoint_cycle:/home/wheeltec/wheeltec_ros2/install/nav2_simple_commander:/home/wheeltec/wheeltec_ros2/install/auto_recharge_ros2:/home/wheeltec/autoware/install/autoware_wheeltec_interface:/home/wheeltec/autoware/install/ad_api_visualizers:/opt/ros/humble /usr/bin/cmake --build /home/wheeltec/wheeltec_ros2/build/orb_slam2_ros -- -j6 -l6
[0.584s] [  1%] Built target orb_slam2_ros__cpp
[0.826s] [ 31%] Built target g2o
[0.995s] [ 35%] Built target orb_slam2_ros__rosidl_typesupport_fastrtps_cpp
[1.191s] [ 39%] Built target orb_slam2_ros__rosidl_typesupport_introspection_cpp
[1.359s] [ 43%] Built target orb_slam2_ros__rosidl_typesupport_cpp
[1.542s] [ 51%] Built target DBoW2
[1.749s] [ 51%] Built target ament_cmake_python_symlink_orb_slam2_ros
[2.100s] [ 70%] Built target orb_slam2_ros_core
[4.160s] running egg_info
[4.161s] writing orb_slam2_ros.egg-info/PKG-INFO
[4.173s] writing dependency_links to orb_slam2_ros.egg-info/dependency_links.txt
[4.175s] writing top-level names to orb_slam2_ros.egg-info/top_level.txt
[4.206s] reading manifest file 'orb_slam2_ros.egg-info/SOURCES.txt'
[4.213s] writing manifest file 'orb_slam2_ros.egg-info/SOURCES.txt'
[4.458s] [ 70%] Built target ament_cmake_python_build_orb_slam2_ros_egg
[4.637s] [ 74%] Built target orb_slam2_ros__rosidl_generator_c
[4.795s] [ 78%] Built target orb_slam2_ros__rosidl_typesupport_fastrtps_c
[4.974s] [ 82%] Built target orb_slam2_ros__rosidl_typesupport_c
[5.133s] [ 86%] Built target orb_slam2_ros__rosidl_typesupport_introspection_c
[5.304s] [ 86%] Built target orb_slam2_ros
[5.438s] [ 87%] Built target orb_slam2_ros__py
[5.686s] [ 90%] Built target orb_slam2_ros_rgbd
[5.836s] [ 93%] Built target orb_slam2_ros__rosidl_generator_py
[6.000s] [ 95%] Built target orb_slam2_ros__rosidl_typesupport_fastrtps_c__pyext
[6.110s] [ 97%] Built target orb_slam2_ros__rosidl_typesupport_c__pyext
[6.258s] [100%] Built target orb_slam2_ros__rosidl_typesupport_introspection_c__pyext
[7.451s] Invoked command in '/home/wheeltec/wheeltec_ros2/build/orb_slam2_ros' returned '0': CMAKE_PREFIX_PATH=${CMAKE_PREFIX_PATH}:/home/wheeltec/wheeltec_ros2/install/wheeltec_robot_keyboard:/home/wheeltec/wheeltec_ros2/install/wheeltec_dual_rtk_driver:/home/wheeltec/wheeltec_ros2/install/ultralytics_ros2:/home/wheeltec/wheeltec_ros2/install/tf2_tools:/home/wheeltec/wheeltec_ros2/install/nav2_waypoint_cycle:/home/wheeltec/wheeltec_ros2/install/nav2_simple_commander:/home/wheeltec/wheeltec_ros2/install/auto_recharge_ros2:/home/wheeltec/autoware/install/autoware_wheeltec_interface:/home/wheeltec/autoware/install/ad_api_visualizers:/opt/ros/humble /usr/bin/cmake --build /home/wheeltec/wheeltec_ros2/build/orb_slam2_ros -- -j6 -l6
[7.457s] Invoking command in '/home/wheeltec/wheeltec_ros2/build/orb_slam2_ros': CMAKE_PREFIX_PATH=${CMAKE_PREFIX_PATH}:/home/wheeltec/wheeltec_ros2/install/wheeltec_robot_keyboard:/home/wheeltec/wheeltec_ros2/install/wheeltec_dual_rtk_driver:/home/wheeltec/wheeltec_ros2/install/ultralytics_ros2:/home/wheeltec/wheeltec_ros2/install/tf2_tools:/home/wheeltec/wheeltec_ros2/install/nav2_waypoint_cycle:/home/wheeltec/wheeltec_ros2/install/nav2_simple_commander:/home/wheeltec/wheeltec_ros2/install/auto_recharge_ros2:/home/wheeltec/autoware/install/autoware_wheeltec_interface:/home/wheeltec/autoware/install/ad_api_visualizers:/opt/ros/humble /usr/bin/cmake --install /home/wheeltec/wheeltec_ros2/build/orb_slam2_ros
[7.652s] -- Install configuration: "Release"
[7.652s] -- Execute custom install script
[7.652s] -- Up-to-date symlink: /home/wheeltec/wheeltec_ros2/install/orb_slam2_ros/share/ament_index/resource_index/rosidl_interfaces/orb_slam2_ros
[7.652s] -- Up-to-date symlink: /home/wheeltec/wheeltec_ros2/install/orb_slam2_ros/include/orb_slam2_ros/orb_slam2_ros/msg/rosidl_generator_c__visibility_control.h
[7.654s] -- Up-to-date symlink: /home/wheeltec/wheeltec_ros2/install/orb_slam2_ros/include/orb_slam2_ros/orb_slam2_ros/srv/detail/save_cloud__functions.h
[7.655s] -- Up-to-date symlink: /home/wheeltec/wheeltec_ros2/install/orb_slam2_ros/include/orb_slam2_ros/orb_slam2_ros/srv/detail/save_cloud__struct.h
[7.655s] -- Up-to-date symlink: /home/wheeltec/wheeltec_ros2/install/orb_slam2_ros/include/orb_slam2_ros/orb_slam2_ros/srv/detail/save_cloud__type_support.h
[7.655s] -- Up-to-date symlink: /home/wheeltec/wheeltec_ros2/install/orb_slam2_ros/include/orb_slam2_ros/orb_slam2_ros/srv/detail/save_map__functions.h
[7.655s] -- Up-to-date symlink: /home/wheeltec/wheeltec_ros2/install/orb_slam2_ros/include/orb_slam2_ros/orb_slam2_ros/srv/detail/save_map__struct.h
[7.655s] -- Up-to-date symlink: /home/wheeltec/wheeltec_ros2/install/orb_slam2_ros/include/orb_slam2_ros/orb_slam2_ros/srv/detail/save_map__type_support.h
[7.656s] -- Up-to-date symlink: /home/wheeltec/wheeltec_ros2/install/orb_slam2_ros/include/orb_slam2_ros/orb_slam2_ros/srv/save_cloud.h
[7.657s] -- Up-to-date symlink: /home/wheeltec/wheeltec_ros2/install/orb_slam2_ros/include/orb_slam2_ros/orb_slam2_ros/srv/save_map.h
[7.665s] -- Up-to-date symlink: /home/wheeltec/wheeltec_ros2/install/orb_slam2_ros/share/orb_slam2_ros/environment/library_path.sh
[7.666s] -- Up-to-date symlink: /home/wheeltec/wheeltec_ros2/install/orb_slam2_ros/share/orb_slam2_ros/environment/library_path.dsv
[7.667s] -- Up-to-date symlink: /home/wheeltec/wheeltec_ros2/install/orb_slam2_ros/include/orb_slam2_ros/orb_slam2_ros/msg/rosidl_typesupport_fastrtps_c__visibility_control.h
[7.667s] -- Up-to-date symlink: /home/wheeltec/wheeltec_ros2/install/orb_slam2_ros/include/orb_slam2_ros/orb_slam2_ros/srv/detail/save_cloud__rosidl_typesupport_fastrtps_c.h
[7.667s] -- Up-to-date symlink: /home/wheeltec/wheeltec_ros2/install/orb_slam2_ros/include/orb_slam2_ros/orb_slam2_ros/srv/detail/save_map__rosidl_typesupport_fastrtps_c.h
[7.667s] -- Up-to-date symlink: /home/wheeltec/wheeltec_ros2/install/orb_slam2_ros/include/orb_slam2_ros/orb_slam2_ros/msg/rosidl_generator_cpp__visibility_control.hpp
[7.667s] -- Up-to-date symlink: /home/wheeltec/wheeltec_ros2/install/orb_slam2_ros/include/orb_slam2_ros/orb_slam2_ros/srv/detail/save_cloud__builder.hpp
[7.667s] -- Up-to-date symlink: /home/wheeltec/wheeltec_ros2/install/orb_slam2_ros/include/orb_slam2_ros/orb_slam2_ros/srv/detail/save_cloud__struct.hpp
[7.667s] -- Up-to-date symlink: /home/wheeltec/wheeltec_ros2/install/orb_slam2_ros/include/orb_slam2_ros/orb_slam2_ros/srv/detail/save_cloud__traits.hpp
[7.668s] -- Up-to-date symlink: /home/wheeltec/wheeltec_ros2/install/orb_slam2_ros/include/orb_slam2_ros/orb_slam2_ros/srv/detail/save_cloud__type_support.hpp
[7.668s] -- Up-to-date symlink: /home/wheeltec/wheeltec_ros2/install/orb_slam2_ros/include/orb_slam2_ros/orb_slam2_ros/srv/detail/save_map__builder.hpp
[7.668s] -- Up-to-date symlink: /home/wheeltec/wheeltec_ros2/install/orb_slam2_ros/include/orb_slam2_ros/orb_slam2_ros/srv/detail/save_map__struct.hpp
[7.668s] -- Up-to-date symlink: /home/wheeltec/wheeltec_ros2/install/orb_slam2_ros/include/orb_slam2_ros/orb_slam2_ros/srv/detail/save_map__traits.hpp
[7.668s] -- Up-to-date symlink: /home/wheeltec/wheeltec_ros2/install/orb_slam2_ros/include/orb_slam2_ros/orb_slam2_ros/srv/detail/save_map__type_support.hpp
[7.668s] -- Up-to-date symlink: /home/wheeltec/wheeltec_ros2/install/orb_slam2_ros/include/orb_slam2_ros/orb_slam2_ros/srv/save_cloud.hpp
[7.668s] -- Up-to-date symlink: /home/wheeltec/wheeltec_ros2/install/orb_slam2_ros/include/orb_slam2_ros/orb_slam2_ros/srv/save_map.hpp
[7.668s] -- Up-to-date symlink: /home/wheeltec/wheeltec_ros2/install/orb_slam2_ros/include/orb_slam2_ros/orb_slam2_ros/msg/rosidl_typesupport_fastrtps_cpp__visibility_control.h
[7.668s] -- Up-to-date symlink: /home/wheeltec/wheeltec_ros2/install/orb_slam2_ros/include/orb_slam2_ros/orb_slam2_ros/srv/detail/save_cloud__rosidl_typesupport_fastrtps_cpp.hpp
[7.668s] -- Up-to-date symlink: /home/wheeltec/wheeltec_ros2/install/orb_slam2_ros/include/orb_slam2_ros/orb_slam2_ros/srv/detail/save_map__rosidl_typesupport_fastrtps_cpp.hpp
[7.668s] -- Up-to-date symlink: /home/wheeltec/wheeltec_ros2/install/orb_slam2_ros/include/orb_slam2_ros/orb_slam2_ros/msg/rosidl_typesupport_introspection_c__visibility_control.h
[7.668s] -- Up-to-date symlink: /home/wheeltec/wheeltec_ros2/install/orb_slam2_ros/include/orb_slam2_ros/orb_slam2_ros/srv/detail/save_cloud__rosidl_typesupport_introspection_c.h
[7.669s] -- Up-to-date symlink: /home/wheeltec/wheeltec_ros2/install/orb_slam2_ros/include/orb_slam2_ros/orb_slam2_ros/srv/detail/save_map__rosidl_typesupport_introspection_c.h
[7.669s] -- Up-to-date symlink: /home/wheeltec/wheeltec_ros2/install/orb_slam2_ros/include/orb_slam2_ros/orb_slam2_ros/srv/detail/save_cloud__rosidl_typesupport_introspection_cpp.hpp
[7.669s] -- Up-to-date symlink: /home/wheeltec/wheeltec_ros2/install/orb_slam2_ros/include/orb_slam2_ros/orb_slam2_ros/srv/detail/save_map__rosidl_typesupport_introspection_cpp.hpp
[7.669s] -- Up-to-date symlink: /home/wheeltec/wheeltec_ros2/install/orb_slam2_ros/share/orb_slam2_ros/environment/pythonpath.sh
[7.669s] -- Up-to-date symlink: /home/wheeltec/wheeltec_ros2/install/orb_slam2_ros/share/orb_slam2_ros/environment/pythonpath.dsv
[7.669s] -- Up-to-date symlink: /home/wheeltec/wheeltec_ros2/install/orb_slam2_ros/local/lib/python3.10/dist-packages/orb_slam2_ros-1.1.0-py3.10.egg-info/PKG-INFO
[7.669s] -- Up-to-date symlink: /home/wheeltec/wheeltec_ros2/install/orb_slam2_ros/local/lib/python3.10/dist-packages/orb_slam2_ros-1.1.0-py3.10.egg-info/SOURCES.txt
[7.669s] -- Up-to-date symlink: /home/wheeltec/wheeltec_ros2/install/orb_slam2_ros/local/lib/python3.10/dist-packages/orb_slam2_ros-1.1.0-py3.10.egg-info/dependency_links.txt
[7.669s] -- Up-to-date symlink: /home/wheeltec/wheeltec_ros2/install/orb_slam2_ros/local/lib/python3.10/dist-packages/orb_slam2_ros-1.1.0-py3.10.egg-info/top_level.txt
[7.669s] -- Up-to-date symlink: /home/wheeltec/wheeltec_ros2/install/orb_slam2_ros/local/lib/python3.10/dist-packages/orb_slam2_ros/__init__.py
[7.670s] -- Up-to-date symlink: /home/wheeltec/wheeltec_ros2/install/orb_slam2_ros/local/lib/python3.10/dist-packages/orb_slam2_ros/_orb_slam2_ros_s.ep.rosidl_typesupport_c.c
[7.670s] -- Up-to-date symlink: /home/wheeltec/wheeltec_ros2/install/orb_slam2_ros/local/lib/python3.10/dist-packages/orb_slam2_ros/_orb_slam2_ros_s.ep.rosidl_typesupport_fastrtps_c.c
[7.670s] -- Up-to-date symlink: /home/wheeltec/wheeltec_ros2/install/orb_slam2_ros/local/lib/python3.10/dist-packages/orb_slam2_ros/_orb_slam2_ros_s.ep.rosidl_typesupport_introspection_c.c
[7.670s] -- Up-to-date symlink: /home/wheeltec/wheeltec_ros2/install/orb_slam2_ros/local/lib/python3.10/dist-packages/orb_slam2_ros/liborb_slam2_ros__rosidl_generator_py.so
[7.670s] -- Up-to-date symlink: /home/wheeltec/wheeltec_ros2/install/orb_slam2_ros/local/lib/python3.10/dist-packages/orb_slam2_ros/orb_slam2_ros_s__rosidl_typesupport_c.cpython-310-aarch64-linux-gnu.so
[7.670s] -- Up-to-date symlink: /home/wheeltec/wheeltec_ros2/install/orb_slam2_ros/local/lib/python3.10/dist-packages/orb_slam2_ros/orb_slam2_ros_s__rosidl_typesupport_fastrtps_c.cpython-310-aarch64-linux-gnu.so
[7.670s] -- Up-to-date symlink: /home/wheeltec/wheeltec_ros2/install/orb_slam2_ros/local/lib/python3.10/dist-packages/orb_slam2_ros/orb_slam2_ros_s__rosidl_typesupport_introspection_c.cpython-310-aarch64-linux-gnu.so
[7.670s] -- Up-to-date symlink: /home/wheeltec/wheeltec_ros2/install/orb_slam2_ros/local/lib/python3.10/dist-packages/orb_slam2_ros/srv/__init__.py
[7.671s] -- Up-to-date symlink: /home/wheeltec/wheeltec_ros2/install/orb_slam2_ros/local/lib/python3.10/dist-packages/orb_slam2_ros/srv/_save_cloud.py
[7.671s] -- Up-to-date symlink: /home/wheeltec/wheeltec_ros2/install/orb_slam2_ros/local/lib/python3.10/dist-packages/orb_slam2_ros/srv/_save_cloud_s.c
[7.671s] -- Up-to-date symlink: /home/wheeltec/wheeltec_ros2/install/orb_slam2_ros/local/lib/python3.10/dist-packages/orb_slam2_ros/srv/_save_map.py
[7.671s] -- Up-to-date symlink: /home/wheeltec/wheeltec_ros2/install/orb_slam2_ros/local/lib/python3.10/dist-packages/orb_slam2_ros/srv/_save_map_s.c
[7.671s] -- Up-to-date symlink: /home/wheeltec/wheeltec_ros2/install/orb_slam2_ros/local/lib/python3.10/dist-packages/orb_slam2_ros/orb_slam2_ros_s__rosidl_typesupport_fastrtps_c.cpython-310-aarch64-linux-gnu.so
[7.671s] -- Up-to-date symlink: /home/wheeltec/wheeltec_ros2/install/orb_slam2_ros/local/lib/python3.10/dist-packages/orb_slam2_ros/orb_slam2_ros_s__rosidl_typesupport_introspection_c.cpython-310-aarch64-linux-gnu.so
[7.671s] -- Up-to-date symlink: /home/wheeltec/wheeltec_ros2/install/orb_slam2_ros/local/lib/python3.10/dist-packages/orb_slam2_ros/orb_slam2_ros_s__rosidl_typesupport_c.cpython-310-aarch64-linux-gnu.so
[7.672s] -- Up-to-date symlink: /home/wheeltec/wheeltec_ros2/install/orb_slam2_ros/share/orb_slam2_ros/srv/SaveMap.idl
[7.672s] -- Up-to-date symlink: /home/wheeltec/wheeltec_ros2/install/orb_slam2_ros/share/orb_slam2_ros/srv/SaveCloud.idl
[7.673s] -- Up-to-date symlink: /home/wheeltec/wheeltec_ros2/install/orb_slam2_ros/share/orb_slam2_ros/srv/SaveMap.srv
[7.673s] -- Up-to-date symlink: /home/wheeltec/wheeltec_ros2/install/orb_slam2_ros/share/orb_slam2_ros/srv/SaveMap_Request.msg
[7.674s] -- Up-to-date symlink: /home/wheeltec/wheeltec_ros2/install/orb_slam2_ros/share/orb_slam2_ros/srv/SaveMap_Response.msg
[7.674s] -- Up-to-date symlink: /home/wheeltec/wheeltec_ros2/install/orb_slam2_ros/share/orb_slam2_ros/srv/SaveCloud.srv
[7.676s] -- Up-to-date symlink: /home/wheeltec/wheeltec_ros2/install/orb_slam2_ros/share/orb_slam2_ros/srv/SaveCloud_Request.msg
[7.676s] -- Up-to-date symlink: /home/wheeltec/wheeltec_ros2/install/orb_slam2_ros/share/orb_slam2_ros/srv/SaveCloud_Response.msg
[7.676s] -- Up-to-date symlink: /home/wheeltec/wheeltec_ros2/install/orb_slam2_ros/lib/orb_slam2_ros/orb_slam2_ros_rgbd
[7.685s] -- Up-to-date symlink: /home/wheeltec/wheeltec_ros2/install/orb_slam2_ros/lib/liborb_slam2_ros_core.so
[7.685s] -- Up-to-date symlink: /home/wheeltec/wheeltec_ros2/install/orb_slam2_ros/lib/libDBoW2.so
[7.686s] -- Up-to-date symlink: /home/wheeltec/wheeltec_ros2/install/orb_slam2_ros/lib/libg2o.so
[7.686s] -- Up-to-date symlink: /home/wheeltec/wheeltec_ros2/install/orb_slam2_ros/share/orb_slam2_ros/ros/launch/orb_slam2_Astra_rgbd_launch.py
[7.686s] -- Up-to-date symlink: /home/wheeltec/wheeltec_ros2/install/orb_slam2_ros/share/orb_slam2_ros/ros/launch/orb_slam2_Gemini_rgb_launch.py
[7.686s] -- Up-to-date symlink: /home/wheeltec/wheeltec_ros2/install/orb_slam2_ros/share/orb_slam2_ros/ros/launch/orb_slam2_d435_mono_launch.py
[7.686s] -- Up-to-date symlink: /home/wheeltec/wheeltec_ros2/install/orb_slam2_ros/share/orb_slam2_ros/ros/launch/orb_slam2_d435_rgbd_launch.py
[7.686s] -- Up-to-date symlink: /home/wheeltec/wheeltec_ros2/install/orb_slam2_ros/share/orb_slam2_ros/ros/launch/orb_slam2_t265_mono_launch.py
[7.686s] -- Up-to-date symlink: /home/wheeltec/wheeltec_ros2/install/orb_slam2_ros/share/orb_slam2_ros/ros/launch/orb_slam2_t265_stereo_launch.py
[7.686s] -- Up-to-date symlink: /home/wheeltec/wheeltec_ros2/install/orb_slam2_ros/share/orb_slam2_ros/ros/config/octomap_server.yaml
[7.686s] -- Up-to-date symlink: /home/wheeltec/wheeltec_ros2/install/orb_slam2_ros/share/orb_slam2_ros/ros/config/params_Astra_rgbd.yaml
[7.687s] -- Up-to-date symlink: /home/wheeltec/wheeltec_ros2/install/orb_slam2_ros/share/orb_slam2_ros/ros/config/params_Gemini_rgbd.yaml
[7.687s] -- Up-to-date symlink: /home/wheeltec/wheeltec_ros2/install/orb_slam2_ros/share/orb_slam2_ros/ros/config/params_d435_mono.yaml
[7.687s] -- Up-to-date symlink: /home/wheeltec/wheeltec_ros2/install/orb_slam2_ros/share/orb_slam2_ros/ros/config/params_d435_rgbd.yaml
[7.687s] -- Up-to-date symlink: /home/wheeltec/wheeltec_ros2/install/orb_slam2_ros/share/orb_slam2_ros/ros/config/params_t265_mono.yaml
[7.687s] -- Up-to-date symlink: /home/wheeltec/wheeltec_ros2/install/orb_slam2_ros/share/orb_slam2_ros/ros/config/params_t265_stereo.yaml
[7.687s] -- Up-to-date symlink: /home/wheeltec/wheeltec_ros2/install/orb_slam2_ros/share/orb_slam2_ros/ros/config/rviz_config.rviz
[7.687s] -- Up-to-date symlink: /home/wheeltec/wheeltec_ros2/install/orb_slam2_ros/share/orb_slam2_ros/orb_slam2/Vocabulary/ORBvoc.txt.bin
[7.687s] -- Up-to-date symlink: /home/wheeltec/wheeltec_ros2/install/orb_slam2_ros/share/orb_slam2_ros/orb_slam2/Vocabulary/ORBvoc.txt.tar.gz
[7.688s] -- Up-to-date symlink: /home/wheeltec/wheeltec_ros2/install/orb_slam2_ros/share/ament_index/resource_index/package_run_dependencies/orb_slam2_ros
[7.688s] -- Up-to-date symlink: /home/wheeltec/wheeltec_ros2/install/orb_slam2_ros/share/ament_index/resource_index/parent_prefix_path/orb_slam2_ros
[7.688s] -- Up-to-date symlink: /home/wheeltec/wheeltec_ros2/install/orb_slam2_ros/share/orb_slam2_ros/environment/ament_prefix_path.sh
[7.688s] -- Up-to-date symlink: /home/wheeltec/wheeltec_ros2/install/orb_slam2_ros/share/orb_slam2_ros/environment/ament_prefix_path.dsv
[7.688s] -- Up-to-date symlink: /home/wheeltec/wheeltec_ros2/install/orb_slam2_ros/share/orb_slam2_ros/environment/path.sh
[7.688s] -- Up-to-date symlink: /home/wheeltec/wheeltec_ros2/install/orb_slam2_ros/share/orb_slam2_ros/environment/path.dsv
[7.688s] -- Up-to-date symlink: /home/wheeltec/wheeltec_ros2/install/orb_slam2_ros/share/orb_slam2_ros/local_setup.bash
[7.688s] -- Up-to-date symlink: /home/wheeltec/wheeltec_ros2/install/orb_slam2_ros/share/orb_slam2_ros/local_setup.sh
[7.688s] -- Up-to-date symlink: /home/wheeltec/wheeltec_ros2/install/orb_slam2_ros/share/orb_slam2_ros/local_setup.zsh
[7.688s] -- Up-to-date symlink: /home/wheeltec/wheeltec_ros2/install/orb_slam2_ros/share/orb_slam2_ros/local_setup.dsv
[7.688s] -- Symlinking: /home/wheeltec/wheeltec_ros2/install/orb_slam2_ros/share/orb_slam2_ros/package.dsv
[7.689s] -- Up-to-date symlink: /home/wheeltec/wheeltec_ros2/install/orb_slam2_ros/share/ament_index/resource_index/packages/orb_slam2_ros
[7.689s] -- Up-to-date symlink: /home/wheeltec/wheeltec_ros2/install/orb_slam2_ros/share/orb_slam2_ros/cmake/rosidl_cmake-extras.cmake
[7.689s] -- Up-to-date symlink: /home/wheeltec/wheeltec_ros2/install/orb_slam2_ros/share/orb_slam2_ros/cmake/ament_cmake_export_dependencies-extras.cmake
[7.689s] -- Up-to-date symlink: /home/wheeltec/wheeltec_ros2/install/orb_slam2_ros/share/orb_slam2_ros/cmake/ament_cmake_export_include_directories-extras.cmake
[7.689s] -- Up-to-date symlink: /home/wheeltec/wheeltec_ros2/install/orb_slam2_ros/share/orb_slam2_ros/cmake/ament_cmake_export_libraries-extras.cmake
[7.689s] -- Up-to-date symlink: /home/wheeltec/wheeltec_ros2/install/orb_slam2_ros/share/orb_slam2_ros/cmake/ament_cmake_export_targets-extras.cmake
[7.689s] -- Up-to-date symlink: /home/wheeltec/wheeltec_ros2/install/orb_slam2_ros/share/orb_slam2_ros/cmake/rosidl_cmake_export_typesupport_targets-extras.cmake
[7.689s] -- Up-to-date symlink: /home/wheeltec/wheeltec_ros2/install/orb_slam2_ros/share/orb_slam2_ros/cmake/rosidl_cmake_export_typesupport_libraries-extras.cmake
[7.689s] -- Up-to-date symlink: /home/wheeltec/wheeltec_ros2/install/orb_slam2_ros/share/orb_slam2_ros/cmake/orb_slam2_rosConfig.cmake
[7.689s] -- Up-to-date symlink: /home/wheeltec/wheeltec_ros2/install/orb_slam2_ros/share/orb_slam2_ros/cmake/orb_slam2_rosConfig-version.cmake
[7.689s] -- Up-to-date symlink: /home/wheeltec/wheeltec_ros2/install/orb_slam2_ros/share/orb_slam2_ros/package.xml
[7.690s] -- Up-to-date: /home/wheeltec/wheeltec_ros2/install/orb_slam2_ros/lib/liborb_slam2_ros__rosidl_generator_c.so
[7.690s] -- Up-to-date: /home/wheeltec/wheeltec_ros2/install/orb_slam2_ros/lib/liborb_slam2_ros__rosidl_typesupport_fastrtps_c.so
[7.690s] -- Up-to-date: /home/wheeltec/wheeltec_ros2/install/orb_slam2_ros/lib/liborb_slam2_ros__rosidl_typesupport_fastrtps_cpp.so
[7.690s] -- Up-to-date: /home/wheeltec/wheeltec_ros2/install/orb_slam2_ros/lib/liborb_slam2_ros__rosidl_typesupport_introspection_c.so
[7.690s] -- Up-to-date: /home/wheeltec/wheeltec_ros2/install/orb_slam2_ros/lib/liborb_slam2_ros__rosidl_typesupport_c.so
[7.690s] -- Up-to-date: /home/wheeltec/wheeltec_ros2/install/orb_slam2_ros/lib/liborb_slam2_ros__rosidl_typesupport_introspection_cpp.so
[7.707s] -- Up-to-date: /home/wheeltec/wheeltec_ros2/install/orb_slam2_ros/lib/liborb_slam2_ros__rosidl_typesupport_cpp.so
[8.059s] Listing '/home/wheeltec/wheeltec_ros2/install/orb_slam2_ros/local/lib/python3.10/dist-packages/orb_slam2_ros'...
[8.059s] Listing '/home/wheeltec/wheeltec_ros2/install/orb_slam2_ros/local/lib/python3.10/dist-packages/orb_slam2_ros/srv'...
[8.080s] -- Up-to-date: /home/wheeltec/wheeltec_ros2/install/orb_slam2_ros/lib/liborb_slam2_ros__rosidl_generator_py.so
[8.081s] -- Up-to-date: /home/wheeltec/wheeltec_ros2/install/orb_slam2_ros/share/orb_slam2_ros/cmake/export_orb_slam2_ros__rosidl_generator_cExport.cmake
[8.081s] -- Up-to-date: /home/wheeltec/wheeltec_ros2/install/orb_slam2_ros/share/orb_slam2_ros/cmake/export_orb_slam2_ros__rosidl_generator_cExport-release.cmake
[8.082s] -- Up-to-date: /home/wheeltec/wheeltec_ros2/install/orb_slam2_ros/share/orb_slam2_ros/cmake/export_orb_slam2_ros__rosidl_typesupport_fastrtps_cExport.cmake
[8.082s] -- Up-to-date: /home/wheeltec/wheeltec_ros2/install/orb_slam2_ros/share/orb_slam2_ros/cmake/export_orb_slam2_ros__rosidl_typesupport_fastrtps_cExport-release.cmake
[8.083s] -- Up-to-date: /home/wheeltec/wheeltec_ros2/install/orb_slam2_ros/share/orb_slam2_ros/cmake/export_orb_slam2_ros__rosidl_generator_cppExport.cmake
[8.083s] -- Up-to-date: /home/wheeltec/wheeltec_ros2/install/orb_slam2_ros/share/orb_slam2_ros/cmake/export_orb_slam2_ros__rosidl_typesupport_fastrtps_cppExport.cmake
[8.084s] -- Up-to-date: /home/wheeltec/wheeltec_ros2/install/orb_slam2_ros/share/orb_slam2_ros/cmake/export_orb_slam2_ros__rosidl_typesupport_fastrtps_cppExport-release.cmake
[8.084s] -- Up-to-date: /home/wheeltec/wheeltec_ros2/install/orb_slam2_ros/share/orb_slam2_ros/cmake/orb_slam2_ros__rosidl_typesupport_introspection_cExport.cmake
[8.084s] -- Up-to-date: /home/wheeltec/wheeltec_ros2/install/orb_slam2_ros/share/orb_slam2_ros/cmake/orb_slam2_ros__rosidl_typesupport_introspection_cExport-release.cmake
[8.085s] -- Up-to-date: /home/wheeltec/wheeltec_ros2/install/orb_slam2_ros/share/orb_slam2_ros/cmake/orb_slam2_ros__rosidl_typesupport_cExport.cmake
[8.085s] -- Up-to-date: /home/wheeltec/wheeltec_ros2/install/orb_slam2_ros/share/orb_slam2_ros/cmake/orb_slam2_ros__rosidl_typesupport_cExport-release.cmake
[8.085s] -- Up-to-date: /home/wheeltec/wheeltec_ros2/install/orb_slam2_ros/share/orb_slam2_ros/cmake/orb_slam2_ros__rosidl_typesupport_introspection_cppExport.cmake
[8.086s] -- Up-to-date: /home/wheeltec/wheeltec_ros2/install/orb_slam2_ros/share/orb_slam2_ros/cmake/orb_slam2_ros__rosidl_typesupport_introspection_cppExport-release.cmake
[8.086s] -- Up-to-date: /home/wheeltec/wheeltec_ros2/install/orb_slam2_ros/share/orb_slam2_ros/cmake/orb_slam2_ros__rosidl_typesupport_cppExport.cmake
[8.086s] -- Up-to-date: /home/wheeltec/wheeltec_ros2/install/orb_slam2_ros/share/orb_slam2_ros/cmake/orb_slam2_ros__rosidl_typesupport_cppExport-release.cmake
[8.087s] -- Up-to-date: /home/wheeltec/wheeltec_ros2/install/orb_slam2_ros/share/orb_slam2_ros/cmake/export_orb_slam2_ros__rosidl_generator_pyExport.cmake
[8.087s] -- Up-to-date: /home/wheeltec/wheeltec_ros2/install/orb_slam2_ros/share/orb_slam2_ros/cmake/export_orb_slam2_ros__rosidl_generator_pyExport-release.cmake
[8.094s] Invoked command in '/home/wheeltec/wheeltec_ros2/build/orb_slam2_ros' returned '0': CMAKE_PREFIX_PATH=${CMAKE_PREFIX_PATH}:/home/wheeltec/wheeltec_ros2/install/wheeltec_robot_keyboard:/home/wheeltec/wheeltec_ros2/install/wheeltec_dual_rtk_driver:/home/wheeltec/wheeltec_ros2/install/ultralytics_ros2:/home/wheeltec/wheeltec_ros2/install/tf2_tools:/home/wheeltec/wheeltec_ros2/install/nav2_waypoint_cycle:/home/wheeltec/wheeltec_ros2/install/nav2_simple_commander:/home/wheeltec/wheeltec_ros2/install/auto_recharge_ros2:/home/wheeltec/autoware/install/autoware_wheeltec_interface:/home/wheeltec/autoware/install/ad_api_visualizers:/opt/ros/humble /usr/bin/cmake --install /home/wheeltec/wheeltec_ros2/build/orb_slam2_ros
