[0.174s] Invoking command in '/home/wheeltec/wheeltec_ros2/build/ublox_serialization': CMAKE_PREFIX_PATH=${CMAKE_PREFIX_PATH}:/home/wheeltec/autoware/install/autoware_wheeltec_interface:/home/wheeltec/autoware/install/ad_api_visualizers:/opt/ros/humble /usr/bin/cmake /home/wheeltec/wheeltec_ros2/src/wheeltec_gps/ublox-ros2/ublox_serialization -DAMENT_CMAKE_SYMLINK_INSTALL=1 -DCMAKE_INSTALL_PREFIX=/home/wheeltec/wheeltec_ros2/install/ublox_serialization
[0.592s] -- The C compiler identification is GNU 11.4.0
[0.819s] -- The CXX compiler identification is GNU 11.4.0
[0.840s] -- Detecting C compiler ABI info
[1.202s] -- Detecting C compiler ABI info - done
[1.212s] -- Check for working C compiler: /usr/bin/cc - skipped
[1.232s] -- Detecting C compile features
[1.247s] -- Detecting C compile features - done
[1.249s] -- Detecting CXX compiler ABI info
[1.667s] -- Detecting CXX compiler ABI info - done
[1.675s] -- Check for working CXX compiler: /usr/bin/c++ - skipped
[1.683s] -- Detecting CXX compile features
[1.683s] -- Detecting CXX compile features - done
[1.765s] -- Found ament_cmake: 1.3.7 (/home/wheeltec/autoware/install/ament_cmake/share/ament_cmake/cmake)
[2.664s] -- Found Python3: /usr/bin/python3.10 (found version "3.10.12") found components: Interpreter 
[2.880s] -- Override CMake install command with custom implementation using symlinks instead of copying resources
[3.768s] -- Configuring done
[3.775s] -- Generating done
[3.777s] -- Build files have been written to: /home/wheeltec/wheeltec_ros2/build/ublox_serialization
[3.789s] Invoked command in '/home/wheeltec/wheeltec_ros2/build/ublox_serialization' returned '0': CMAKE_PREFIX_PATH=${CMAKE_PREFIX_PATH}:/home/wheeltec/autoware/install/autoware_wheeltec_interface:/home/wheeltec/autoware/install/ad_api_visualizers:/opt/ros/humble /usr/bin/cmake /home/wheeltec/wheeltec_ros2/src/wheeltec_gps/ublox-ros2/ublox_serialization -DAMENT_CMAKE_SYMLINK_INSTALL=1 -DCMAKE_INSTALL_PREFIX=/home/wheeltec/wheeltec_ros2/install/ublox_serialization
[3.790s] Invoking command in '/home/wheeltec/wheeltec_ros2/build/ublox_serialization': CMAKE_PREFIX_PATH=${CMAKE_PREFIX_PATH}:/home/wheeltec/autoware/install/autoware_wheeltec_interface:/home/wheeltec/autoware/install/ad_api_visualizers:/opt/ros/humble /usr/bin/cmake --build /home/wheeltec/wheeltec_ros2/build/ublox_serialization -- -j6 -l6
[4.088s] Invoked command in '/home/wheeltec/wheeltec_ros2/build/ublox_serialization' returned '0': CMAKE_PREFIX_PATH=${CMAKE_PREFIX_PATH}:/home/wheeltec/autoware/install/autoware_wheeltec_interface:/home/wheeltec/autoware/install/ad_api_visualizers:/opt/ros/humble /usr/bin/cmake --build /home/wheeltec/wheeltec_ros2/build/ublox_serialization -- -j6 -l6
[4.089s] Invoking command in '/home/wheeltec/wheeltec_ros2/build/ublox_serialization': CMAKE_PREFIX_PATH=${CMAKE_PREFIX_PATH}:/home/wheeltec/autoware/install/autoware_wheeltec_interface:/home/wheeltec/autoware/install/ad_api_visualizers:/opt/ros/humble /usr/bin/cmake --install /home/wheeltec/wheeltec_ros2/build/ublox_serialization
[5.457s] -- Install configuration: ""
[5.458s] -- Execute custom install script
[5.458s] -- Symlinking: /home/wheeltec/wheeltec_ros2/install/ublox_serialization/include/ublox_serialization/ublox_serialization/checksum.hpp
[5.458s] -- Symlinking: /home/wheeltec/wheeltec_ros2/install/ublox_serialization/include/ublox_serialization/ublox_serialization/serialization.hpp
[5.458s] -- Symlinking: /home/wheeltec/wheeltec_ros2/install/ublox_serialization/share/ament_index/resource_index/package_run_dependencies/ublox_serialization
[5.458s] -- Symlinking: /home/wheeltec/wheeltec_ros2/install/ublox_serialization/share/ament_index/resource_index/parent_prefix_path/ublox_serialization
[5.458s] -- Symlinking: /home/wheeltec/wheeltec_ros2/install/ublox_serialization/share/ublox_serialization/environment/ament_prefix_path.sh
[5.458s] -- Symlinking: /home/wheeltec/wheeltec_ros2/install/ublox_serialization/share/ublox_serialization/environment/ament_prefix_path.dsv
[5.458s] -- Symlinking: /home/wheeltec/wheeltec_ros2/install/ublox_serialization/share/ublox_serialization/environment/path.sh
[5.459s] -- Symlinking: /home/wheeltec/wheeltec_ros2/install/ublox_serialization/share/ublox_serialization/environment/path.dsv
[5.459s] -- Symlinking: /home/wheeltec/wheeltec_ros2/install/ublox_serialization/share/ublox_serialization/local_setup.bash
[5.459s] -- Symlinking: /home/wheeltec/wheeltec_ros2/install/ublox_serialization/share/ublox_serialization/local_setup.sh
[5.459s] -- Symlinking: /home/wheeltec/wheeltec_ros2/install/ublox_serialization/share/ublox_serialization/local_setup.zsh
[5.459s] -- Symlinking: /home/wheeltec/wheeltec_ros2/install/ublox_serialization/share/ublox_serialization/local_setup.dsv
[5.459s] -- Symlinking: /home/wheeltec/wheeltec_ros2/install/ublox_serialization/share/ublox_serialization/package.dsv
[5.459s] -- Symlinking: /home/wheeltec/wheeltec_ros2/install/ublox_serialization/share/ament_index/resource_index/packages/ublox_serialization
[5.459s] -- Symlinking: /home/wheeltec/wheeltec_ros2/install/ublox_serialization/share/ublox_serialization/cmake/ament_cmake_export_include_directories-extras.cmake
[5.459s] -- Symlinking: /home/wheeltec/wheeltec_ros2/install/ublox_serialization/share/ublox_serialization/cmake/ament_cmake_export_targets-extras.cmake
[5.459s] -- Symlinking: /home/wheeltec/wheeltec_ros2/install/ublox_serialization/share/ublox_serialization/cmake/ublox_serializationConfig.cmake
[5.460s] -- Symlinking: /home/wheeltec/wheeltec_ros2/install/ublox_serialization/share/ublox_serialization/cmake/ublox_serializationConfig-version.cmake
[5.460s] -- Symlinking: /home/wheeltec/wheeltec_ros2/install/ublox_serialization/share/ublox_serialization/package.xml
[5.460s] -- Installing: /home/wheeltec/wheeltec_ros2/install/ublox_serialization/share/ublox_serialization/cmake/export_ublox_serializationExport.cmake
[5.464s] Invoked command in '/home/wheeltec/wheeltec_ros2/build/ublox_serialization' returned '0': CMAKE_PREFIX_PATH=${CMAKE_PREFIX_PATH}:/home/wheeltec/autoware/install/autoware_wheeltec_interface:/home/wheeltec/autoware/install/ad_api_visualizers:/opt/ros/humble /usr/bin/cmake --install /home/wheeltec/wheeltec_ros2/build/ublox_serialization
