[0.398s] Invoking command in '/home/wheeltec/wheeltec_ros2/build/wheeltec_robot_msg': CMAKE_PREFIX_PATH=${CMAKE_PREFIX_PATH}:/home/wheeltec/wheeltec_ros2/install/simple_follower_ros2:/home/wheeltec/wheeltec_ros2/install/wheeltec_robot_keyboard:/home/wheeltec/wheeltec_ros2/install/wheeltec_dual_rtk_driver:/home/wheeltec/wheeltec_ros2/install/ultralytics_ros2:/home/wheeltec/wheeltec_ros2/install/tf2_tools:/home/wheeltec/wheeltec_ros2/install/ollama_ros_chat:/home/wheeltec/wheeltec_ros2/install/nmea_navsat_driver:/home/wheeltec/wheeltec_ros2/install/nav2_waypoint_cycle:/home/wheeltec/wheeltec_ros2/install/nav2_simple_commander:/home/wheeltec/wheeltec_ros2/install/largemodel:/home/wheeltec/wheeltec_ros2/install/auto_recharge_ros2:/home/wheeltec/autoware/install/autoware_wheeltec_interface:/home/wheeltec/autoware/install/autoware_multi_point:/home/wheeltec/autoware/install/ad_api_visualizers:/opt/ros/humble /usr/bin/cmake --build /home/wheeltec/wheeltec_ros2/build/wheeltec_robot_msg -- -j6 -l6
[0.641s] gmake: Warning: File 'Makefile' has modification time 1766048170 s in the future
[1.139s] gmake[1]: Warning: File 'CMakeFiles/Makefile2' has modification time 1766048170 s in the future
[1.189s] gmake[2]: Warning: File 'CMakeFiles/wheeltec_robot_msg__cpp.dir/progress.make' has modification time 1766048170 s in the future
[1.192s] gmake[2]: Warning: File 'CMakeFiles/wheeltec_robot_msg__rosidl_generator_c.dir/flags.make' has modification time 1766048170 s in the future
[1.216s] gmake[2]: Warning: File 'CMakeFiles/ament_cmake_python_symlink_wheeltec_robot_msg.dir/progress.make' has modification time 1766048170 s in the future
[1.341s] gmake[2]: warning:  Clock skew detected.  Your build may be incomplete.
[1.377s] gmake[2]: Warning: File 'CMakeFiles/ament_cmake_python_symlink_wheeltec_robot_msg.dir/progress.make' has modification time 1766048169 s in the future
[1.423s] gmake[2]: warning:  Clock skew detected.  Your build may be incomplete.
[1.472s] gmake[2]: Warning: File 'CMakeFiles/wheeltec_robot_msg__cpp.dir/progress.make' has modification time 1766048169 s in the future
[1.485s] gmake[2]: warning:  Clock skew detected.  Your build may be incomplete.
[1.495s] gmake[2]: warning:  Clock skew detected.  Your build may be incomplete.
[1.514s] gmake[2]: warning:  Clock skew detected.  Your build may be incomplete.
[1.533s] gmake[2]: Warning: File 'CMakeFiles/wheeltec_robot_msg__rosidl_generator_c.dir/flags.make' has modification time 1766048169 s in the future
[1.533s] gmake[2]: warning:  Clock skew detected.  Your build may be incomplete.
[1.718s] [  2%] Built target wheeltec_robot_msg__cpp
[1.736s] [  2%] Built target ament_cmake_python_symlink_wheeltec_robot_msg
[1.773s] gmake[2]: Warning: File 'CMakeFiles/wheeltec_robot_msg__rosidl_typesupport_fastrtps_cpp.dir/flags.make' has modification time 1766048169 s in the future
[1.787s] gmake[2]: Warning: File 'CMakeFiles/wheeltec_robot_msg__rosidl_typesupport_introspection_cpp.dir/flags.make' has modification time 1766048169 s in the future
[1.799s] [ 12%] Built target wheeltec_robot_msg__rosidl_generator_c
[1.821s] gmake[2]: Warning: File 'CMakeFiles/ament_cmake_python_build_wheeltec_robot_msg_egg.dir/progress.make' has modification time 1766048169 s in the future
[1.837s] gmake[2]: Warning: File 'CMakeFiles/wheeltec_robot_msg__rosidl_typesupport_cpp.dir/flags.make' has modification time 1766048169 s in the future
[1.877s] gmake[2]: Warning: File 'CMakeFiles/wheeltec_robot_msg__rosidl_typesupport_fastrtps_c.dir/flags.make' has modification time 1766048169 s in the future
[1.884s] gmake[2]: Warning: File 'CMakeFiles/wheeltec_robot_msg__rosidl_typesupport_introspection_c.dir/flags.make' has modification time 1766048169 s in the future
[1.971s] gmake[2]: warning:  Clock skew detected.  Your build may be incomplete.
[2.016s] gmake[2]: Warning: File 'CMakeFiles/wheeltec_robot_msg__rosidl_typesupport_introspection_cpp.dir/flags.make' has modification time 1766048169 s in the future
[2.023s] gmake[2]: warning:  Clock skew detected.  Your build may be incomplete.
[2.056s] gmake[2]: warning:  Clock skew detected.  Your build may be incomplete.
[2.099s] gmake[2]: warning:  Clock skew detected.  Your build may be incomplete.
[2.107s] gmake[2]: Warning: File 'CMakeFiles/ament_cmake_python_build_wheeltec_robot_msg_egg.dir/progress.make' has modification time 1766048169 s in the future
[2.112s] gmake[2]: warning:  Clock skew detected.  Your build may be incomplete.
[2.160s] gmake[2]: Warning: File 'CMakeFiles/wheeltec_robot_msg__rosidl_typesupport_cpp.dir/flags.make' has modification time 1766048169 s in the future
[2.160s] gmake[2]: warning:  Clock skew detected.  Your build may be incomplete.
[2.227s] gmake[2]: Warning: File 'CMakeFiles/wheeltec_robot_msg__rosidl_typesupport_fastrtps_cpp.dir/flags.make' has modification time 1766048168 s in the future
[2.241s] gmake[2]: warning:  Clock skew detected.  Your build may be incomplete.
[2.288s] gmake[2]: warning:  Clock skew detected.  Your build may be incomplete.
[2.320s] gmake[2]: warning:  Clock skew detected.  Your build may be incomplete.
[2.361s] gmake[2]: Warning: File 'CMakeFiles/wheeltec_robot_msg__rosidl_typesupport_introspection_c.dir/flags.make' has modification time 1766048168 s in the future
[2.361s] gmake[2]: warning:  Clock skew detected.  Your build may be incomplete.
[2.372s] [ 23%] Built target wheeltec_robot_msg__rosidl_typesupport_introspection_cpp
[2.400s] gmake[2]: Warning: File 'CMakeFiles/wheeltec_robot_msg__rosidl_typesupport_fastrtps_c.dir/flags.make' has modification time 1766048168 s in the future
[2.402s] gmake[2]: warning:  Clock skew detected.  Your build may be incomplete.
[2.508s] gmake[2]: Warning: File 'CMakeFiles/wheeltec_robot_msg__rosidl_typesupport_c.dir/flags.make' has modification time 1766048168 s in the future
[2.556s] [ 33%] Built target wheeltec_robot_msg__rosidl_typesupport_cpp
[2.664s] [ 43%] Built target wheeltec_robot_msg__rosidl_typesupport_fastrtps_cpp
[2.741s] [ 53%] Built target wheeltec_robot_msg__rosidl_typesupport_fastrtps_c
[2.774s] [ 64%] Built target wheeltec_robot_msg__rosidl_typesupport_introspection_c
[2.894s] gmake[2]: warning:  Clock skew detected.  Your build may be incomplete.
[2.951s] gmake[2]: Warning: File 'CMakeFiles/wheeltec_robot_msg__rosidl_typesupport_c.dir/flags.make' has modification time 1766048168 s in the future
[2.952s] gmake[2]: warning:  Clock skew detected.  Your build may be incomplete.
[3.411s] [ 74%] Built target wheeltec_robot_msg__rosidl_typesupport_c
[3.498s] gmake[2]: Warning: File 'CMakeFiles/wheeltec_robot_msg.dir/progress.make' has modification time 1766048167 s in the future
[3.843s] gmake[2]: warning:  Clock skew detected.  Your build may be incomplete.
[3.888s] gmake[2]: Warning: File 'CMakeFiles/wheeltec_robot_msg.dir/progress.make' has modification time 1766048167 s in the future
[3.889s] gmake[2]: warning:  Clock skew detected.  Your build may be incomplete.
[4.126s] [ 74%] Built target wheeltec_robot_msg
[4.187s] gmake[2]: Warning: File 'wheeltec_robot_msg__py/CMakeFiles/wheeltec_robot_msg__py.dir/progress.make' has modification time 1766048167 s in the future
[4.363s] gmake[2]: warning:  Clock skew detected.  Your build may be incomplete.
[4.386s] gmake[2]: Warning: File 'wheeltec_robot_msg__py/CMakeFiles/wheeltec_robot_msg__py.dir/progress.make' has modification time 1766048166 s in the future
[4.387s] gmake[2]: warning:  Clock skew detected.  Your build may be incomplete.
[4.619s] [ 76%] Built target wheeltec_robot_msg__py
[4.690s] gmake[2]: Warning: File 'CMakeFiles/wheeltec_robot_msg__rosidl_generator_py.dir/flags.make' has modification time 1766048166 s in the future
[4.815s] running egg_info
[4.815s] writing wheeltec_robot_msg.egg-info/PKG-INFO
[4.815s] writing dependency_links to wheeltec_robot_msg.egg-info/dependency_links.txt
[4.816s] writing top-level names to wheeltec_robot_msg.egg-info/top_level.txt
[4.816s] reading manifest file 'wheeltec_robot_msg.egg-info/SOURCES.txt'
[4.817s] writing manifest file 'wheeltec_robot_msg.egg-info/SOURCES.txt'
[4.899s] gmake[2]: warning:  Clock skew detected.  Your build may be incomplete.
[4.964s] gmake[2]: Warning: File 'CMakeFiles/wheeltec_robot_msg__rosidl_generator_py.dir/flags.make' has modification time 1766048166 s in the future
[4.964s] gmake[2]: warning:  Clock skew detected.  Your build may be incomplete.
[4.984s] gmake[2]: warning:  Clock skew detected.  Your build may be incomplete.
[5.161s] [ 84%] Built target wheeltec_robot_msg__rosidl_generator_py
[5.200s] gmake[2]: Warning: File 'CMakeFiles/wheeltec_robot_msg__rosidl_typesupport_fastrtps_c__pyext.dir/flags.make' has modification time 1766048166 s in the future
[5.200s] gmake[2]: Warning: File 'CMakeFiles/wheeltec_robot_msg__rosidl_typesupport_introspection_c__pyext.dir/flags.make' has modification time 1766048166 s in the future
[5.209s] [ 84%] Built target ament_cmake_python_build_wheeltec_robot_msg_egg
[5.235s] gmake[2]: Warning: File 'CMakeFiles/wheeltec_robot_msg__rosidl_typesupport_c__pyext.dir/flags.make' has modification time 1766048166 s in the future
[5.350s] gmake[2]: warning:  Clock skew detected.  Your build may be incomplete.
[5.388s] gmake[2]: Warning: File 'CMakeFiles/wheeltec_robot_msg__rosidl_typesupport_c__pyext.dir/flags.make' has modification time 1766048165 s in the future
[5.400s] gmake[2]: warning:  Clock skew detected.  Your build may be incomplete.
[5.414s] gmake[2]: warning:  Clock skew detected.  Your build may be incomplete.
[5.450s] gmake[2]: warning:  Clock skew detected.  Your build may be incomplete.
[5.455s] gmake[2]: Warning: File 'CMakeFiles/wheeltec_robot_msg__rosidl_typesupport_fastrtps_c__pyext.dir/flags.make' has modification time 1766048165 s in the future
[5.475s] gmake[2]: warning:  Clock skew detected.  Your build may be incomplete.
[5.478s] gmake[2]: Warning: File 'CMakeFiles/wheeltec_robot_msg__rosidl_typesupport_introspection_c__pyext.dir/flags.make' has modification time 1766048165 s in the future
[5.489s] gmake[2]: warning:  Clock skew detected.  Your build may be incomplete.
[5.522s] [ 89%] Built target wheeltec_robot_msg__rosidl_typesupport_c__pyext
[5.627s] [ 94%] Built target wheeltec_robot_msg__rosidl_typesupport_introspection_c__pyext
[5.664s] [100%] Built target wheeltec_robot_msg__rosidl_typesupport_fastrtps_c__pyext
[5.673s] gmake[1]: warning:  Clock skew detected.  Your build may be incomplete.
[5.867s] gmake: warning:  Clock skew detected.  Your build may be incomplete.
[5.902s] Invoked command in '/home/wheeltec/wheeltec_ros2/build/wheeltec_robot_msg' returned '0': CMAKE_PREFIX_PATH=${CMAKE_PREFIX_PATH}:/home/wheeltec/wheeltec_ros2/install/simple_follower_ros2:/home/wheeltec/wheeltec_ros2/install/wheeltec_robot_keyboard:/home/wheeltec/wheeltec_ros2/install/wheeltec_dual_rtk_driver:/home/wheeltec/wheeltec_ros2/install/ultralytics_ros2:/home/wheeltec/wheeltec_ros2/install/tf2_tools:/home/wheeltec/wheeltec_ros2/install/ollama_ros_chat:/home/wheeltec/wheeltec_ros2/install/nmea_navsat_driver:/home/wheeltec/wheeltec_ros2/install/nav2_waypoint_cycle:/home/wheeltec/wheeltec_ros2/install/nav2_simple_commander:/home/wheeltec/wheeltec_ros2/install/largemodel:/home/wheeltec/wheeltec_ros2/install/auto_recharge_ros2:/home/wheeltec/autoware/install/autoware_wheeltec_interface:/home/wheeltec/autoware/install/autoware_multi_point:/home/wheeltec/autoware/install/ad_api_visualizers:/opt/ros/humble /usr/bin/cmake --build /home/wheeltec/wheeltec_ros2/build/wheeltec_robot_msg -- -j6 -l6
[5.911s] Invoking command in '/home/wheeltec/wheeltec_ros2/build/wheeltec_robot_msg': CMAKE_PREFIX_PATH=${CMAKE_PREFIX_PATH}:/home/wheeltec/wheeltec_ros2/install/simple_follower_ros2:/home/wheeltec/wheeltec_ros2/install/wheeltec_robot_keyboard:/home/wheeltec/wheeltec_ros2/install/wheeltec_dual_rtk_driver:/home/wheeltec/wheeltec_ros2/install/ultralytics_ros2:/home/wheeltec/wheeltec_ros2/install/tf2_tools:/home/wheeltec/wheeltec_ros2/install/ollama_ros_chat:/home/wheeltec/wheeltec_ros2/install/nmea_navsat_driver:/home/wheeltec/wheeltec_ros2/install/nav2_waypoint_cycle:/home/wheeltec/wheeltec_ros2/install/nav2_simple_commander:/home/wheeltec/wheeltec_ros2/install/largemodel:/home/wheeltec/wheeltec_ros2/install/auto_recharge_ros2:/home/wheeltec/autoware/install/autoware_wheeltec_interface:/home/wheeltec/autoware/install/autoware_multi_point:/home/wheeltec/autoware/install/ad_api_visualizers:/opt/ros/humble /usr/bin/cmake --install /home/wheeltec/wheeltec_ros2/build/wheeltec_robot_msg
[6.106s] -- Install configuration: ""
[6.107s] -- Execute custom install script
[6.107s] -- Up-to-date symlink: /home/wheeltec/wheeltec_ros2/install/wheeltec_robot_msg/share/ament_index/resource_index/rosidl_interfaces/wheeltec_robot_msg
[6.110s] -- Up-to-date symlink: /home/wheeltec/wheeltec_ros2/install/wheeltec_robot_msg/include/wheeltec_robot_msg/wheeltec_robot_msg/msg/data.h
[6.110s] -- Up-to-date symlink: /home/wheeltec/wheeltec_ros2/install/wheeltec_robot_msg/include/wheeltec_robot_msg/wheeltec_robot_msg/msg/detail/data__functions.h
[6.111s] -- Up-to-date symlink: /home/wheeltec/wheeltec_ros2/install/wheeltec_robot_msg/include/wheeltec_robot_msg/wheeltec_robot_msg/msg/detail/data__struct.h
[6.111s] -- Up-to-date symlink: /home/wheeltec/wheeltec_ros2/install/wheeltec_robot_msg/include/wheeltec_robot_msg/wheeltec_robot_msg/msg/detail/data__type_support.h
[6.111s] -- Up-to-date symlink: /home/wheeltec/wheeltec_ros2/install/wheeltec_robot_msg/include/wheeltec_robot_msg/wheeltec_robot_msg/msg/detail/supersonic__functions.h
[6.111s] -- Up-to-date symlink: /home/wheeltec/wheeltec_ros2/install/wheeltec_robot_msg/include/wheeltec_robot_msg/wheeltec_robot_msg/msg/detail/supersonic__struct.h
[6.111s] -- Up-to-date symlink: /home/wheeltec/wheeltec_ros2/install/wheeltec_robot_msg/include/wheeltec_robot_msg/wheeltec_robot_msg/msg/detail/supersonic__type_support.h
[6.111s] -- Up-to-date symlink: /home/wheeltec/wheeltec_ros2/install/wheeltec_robot_msg/include/wheeltec_robot_msg/wheeltec_robot_msg/msg/rosidl_generator_c__visibility_control.h
[6.112s] -- Up-to-date symlink: /home/wheeltec/wheeltec_ros2/install/wheeltec_robot_msg/include/wheeltec_robot_msg/wheeltec_robot_msg/msg/supersonic.h
[6.112s] -- Up-to-date symlink: /home/wheeltec/wheeltec_ros2/install/wheeltec_robot_msg/share/wheeltec_robot_msg/environment/library_path.sh
[6.112s] -- Up-to-date symlink: /home/wheeltec/wheeltec_ros2/install/wheeltec_robot_msg/share/wheeltec_robot_msg/environment/library_path.dsv
[6.112s] -- Up-to-date symlink: /home/wheeltec/wheeltec_ros2/install/wheeltec_robot_msg/include/wheeltec_robot_msg/wheeltec_robot_msg/msg/detail/data__rosidl_typesupport_fastrtps_c.h
[6.112s] -- Up-to-date symlink: /home/wheeltec/wheeltec_ros2/install/wheeltec_robot_msg/include/wheeltec_robot_msg/wheeltec_robot_msg/msg/detail/supersonic__rosidl_typesupport_fastrtps_c.h
[6.112s] -- Up-to-date symlink: /home/wheeltec/wheeltec_ros2/install/wheeltec_robot_msg/include/wheeltec_robot_msg/wheeltec_robot_msg/msg/rosidl_typesupport_fastrtps_c__visibility_control.h
[6.122s] -- Up-to-date symlink: /home/wheeltec/wheeltec_ros2/install/wheeltec_robot_msg/include/wheeltec_robot_msg/wheeltec_robot_msg/msg/detail/data__rosidl_typesupport_introspection_c.h
[6.122s] -- Up-to-date symlink: /home/wheeltec/wheeltec_ros2/install/wheeltec_robot_msg/include/wheeltec_robot_msg/wheeltec_robot_msg/msg/detail/supersonic__rosidl_typesupport_introspection_c.h
[6.122s] -- Up-to-date symlink: /home/wheeltec/wheeltec_ros2/install/wheeltec_robot_msg/include/wheeltec_robot_msg/wheeltec_robot_msg/msg/rosidl_typesupport_introspection_c__visibility_control.h
[6.123s] -- Up-to-date symlink: /home/wheeltec/wheeltec_ros2/install/wheeltec_robot_msg/include/wheeltec_robot_msg/wheeltec_robot_msg/msg/data.hpp
[6.123s] -- Up-to-date symlink: /home/wheeltec/wheeltec_ros2/install/wheeltec_robot_msg/include/wheeltec_robot_msg/wheeltec_robot_msg/msg/detail/data__builder.hpp
[6.123s] -- Up-to-date symlink: /home/wheeltec/wheeltec_ros2/install/wheeltec_robot_msg/include/wheeltec_robot_msg/wheeltec_robot_msg/msg/detail/data__struct.hpp
[6.123s] -- Up-to-date symlink: /home/wheeltec/wheeltec_ros2/install/wheeltec_robot_msg/include/wheeltec_robot_msg/wheeltec_robot_msg/msg/detail/data__traits.hpp
[6.123s] -- Up-to-date symlink: /home/wheeltec/wheeltec_ros2/install/wheeltec_robot_msg/include/wheeltec_robot_msg/wheeltec_robot_msg/msg/detail/data__type_support.hpp
[6.124s] -- Up-to-date symlink: /home/wheeltec/wheeltec_ros2/install/wheeltec_robot_msg/include/wheeltec_robot_msg/wheeltec_robot_msg/msg/detail/supersonic__builder.hpp
[6.124s] -- Up-to-date symlink: /home/wheeltec/wheeltec_ros2/install/wheeltec_robot_msg/include/wheeltec_robot_msg/wheeltec_robot_msg/msg/detail/supersonic__struct.hpp
[6.124s] -- Up-to-date symlink: /home/wheeltec/wheeltec_ros2/install/wheeltec_robot_msg/include/wheeltec_robot_msg/wheeltec_robot_msg/msg/detail/supersonic__traits.hpp
[6.124s] -- Up-to-date symlink: /home/wheeltec/wheeltec_ros2/install/wheeltec_robot_msg/include/wheeltec_robot_msg/wheeltec_robot_msg/msg/detail/supersonic__type_support.hpp
[6.125s] -- Up-to-date symlink: /home/wheeltec/wheeltec_ros2/install/wheeltec_robot_msg/include/wheeltec_robot_msg/wheeltec_robot_msg/msg/rosidl_generator_cpp__visibility_control.hpp
[6.125s] -- Up-to-date symlink: /home/wheeltec/wheeltec_ros2/install/wheeltec_robot_msg/include/wheeltec_robot_msg/wheeltec_robot_msg/msg/supersonic.hpp
[6.126s] -- Up-to-date symlink: /home/wheeltec/wheeltec_ros2/install/wheeltec_robot_msg/include/wheeltec_robot_msg/wheeltec_robot_msg/msg/detail/data__rosidl_typesupport_fastrtps_cpp.hpp
[6.126s] -- Up-to-date symlink: /home/wheeltec/wheeltec_ros2/install/wheeltec_robot_msg/include/wheeltec_robot_msg/wheeltec_robot_msg/msg/detail/supersonic__rosidl_typesupport_fastrtps_cpp.hpp
[6.127s] -- Up-to-date symlink: /home/wheeltec/wheeltec_ros2/install/wheeltec_robot_msg/include/wheeltec_robot_msg/wheeltec_robot_msg/msg/rosidl_typesupport_fastrtps_cpp__visibility_control.h
[6.128s] -- Up-to-date symlink: /home/wheeltec/wheeltec_ros2/install/wheeltec_robot_msg/include/wheeltec_robot_msg/wheeltec_robot_msg/msg/detail/data__rosidl_typesupport_introspection_cpp.hpp
[6.130s] -- Up-to-date symlink: /home/wheeltec/wheeltec_ros2/install/wheeltec_robot_msg/include/wheeltec_robot_msg/wheeltec_robot_msg/msg/detail/supersonic__rosidl_typesupport_introspection_cpp.hpp
[6.130s] -- Up-to-date symlink: /home/wheeltec/wheeltec_ros2/install/wheeltec_robot_msg/share/wheeltec_robot_msg/environment/pythonpath.sh
[6.130s] -- Up-to-date symlink: /home/wheeltec/wheeltec_ros2/install/wheeltec_robot_msg/share/wheeltec_robot_msg/environment/pythonpath.dsv
[6.137s] -- Up-to-date symlink: /home/wheeltec/wheeltec_ros2/install/wheeltec_robot_msg/local/lib/python3.10/dist-packages/wheeltec_robot_msg-0.0.0-py3.10.egg-info/PKG-INFO
[6.138s] -- Up-to-date symlink: /home/wheeltec/wheeltec_ros2/install/wheeltec_robot_msg/local/lib/python3.10/dist-packages/wheeltec_robot_msg-0.0.0-py3.10.egg-info/SOURCES.txt
[6.138s] -- Up-to-date symlink: /home/wheeltec/wheeltec_ros2/install/wheeltec_robot_msg/local/lib/python3.10/dist-packages/wheeltec_robot_msg-0.0.0-py3.10.egg-info/dependency_links.txt
[6.138s] -- Up-to-date symlink: /home/wheeltec/wheeltec_ros2/install/wheeltec_robot_msg/local/lib/python3.10/dist-packages/wheeltec_robot_msg-0.0.0-py3.10.egg-info/top_level.txt
[6.140s] -- Up-to-date symlink: /home/wheeltec/wheeltec_ros2/install/wheeltec_robot_msg/local/lib/python3.10/dist-packages/wheeltec_robot_msg/__init__.py
[6.140s] -- Up-to-date symlink: /home/wheeltec/wheeltec_ros2/install/wheeltec_robot_msg/local/lib/python3.10/dist-packages/wheeltec_robot_msg/_wheeltec_robot_msg_s.ep.rosidl_typesupport_c.c
[6.141s] -- Up-to-date symlink: /home/wheeltec/wheeltec_ros2/install/wheeltec_robot_msg/local/lib/python3.10/dist-packages/wheeltec_robot_msg/_wheeltec_robot_msg_s.ep.rosidl_typesupport_fastrtps_c.c
[6.142s] -- Up-to-date symlink: /home/wheeltec/wheeltec_ros2/install/wheeltec_robot_msg/local/lib/python3.10/dist-packages/wheeltec_robot_msg/_wheeltec_robot_msg_s.ep.rosidl_typesupport_introspection_c.c
[6.142s] -- Up-to-date symlink: /home/wheeltec/wheeltec_ros2/install/wheeltec_robot_msg/local/lib/python3.10/dist-packages/wheeltec_robot_msg/libwheeltec_robot_msg__rosidl_generator_py.so
[6.143s] -- Up-to-date symlink: /home/wheeltec/wheeltec_ros2/install/wheeltec_robot_msg/local/lib/python3.10/dist-packages/wheeltec_robot_msg/msg/__init__.py
[6.143s] -- Up-to-date symlink: /home/wheeltec/wheeltec_ros2/install/wheeltec_robot_msg/local/lib/python3.10/dist-packages/wheeltec_robot_msg/msg/_data.py
[6.143s] -- Up-to-date symlink: /home/wheeltec/wheeltec_ros2/install/wheeltec_robot_msg/local/lib/python3.10/dist-packages/wheeltec_robot_msg/msg/_data_s.c
[6.143s] -- Up-to-date symlink: /home/wheeltec/wheeltec_ros2/install/wheeltec_robot_msg/local/lib/python3.10/dist-packages/wheeltec_robot_msg/msg/_supersonic.py
[6.144s] -- Up-to-date symlink: /home/wheeltec/wheeltec_ros2/install/wheeltec_robot_msg/local/lib/python3.10/dist-packages/wheeltec_robot_msg/msg/_supersonic_s.c
[6.147s] -- Up-to-date symlink: /home/wheeltec/wheeltec_ros2/install/wheeltec_robot_msg/local/lib/python3.10/dist-packages/wheeltec_robot_msg/wheeltec_robot_msg_s__rosidl_typesupport_c.cpython-310-aarch64-linux-gnu.so
[6.148s] -- Up-to-date symlink: /home/wheeltec/wheeltec_ros2/install/wheeltec_robot_msg/local/lib/python3.10/dist-packages/wheeltec_robot_msg/wheeltec_robot_msg_s__rosidl_typesupport_fastrtps_c.cpython-310-aarch64-linux-gnu.so
[6.148s] -- Up-to-date symlink: /home/wheeltec/wheeltec_ros2/install/wheeltec_robot_msg/local/lib/python3.10/dist-packages/wheeltec_robot_msg/wheeltec_robot_msg_s__rosidl_typesupport_introspection_c.cpython-310-aarch64-linux-gnu.so
[6.151s] -- Up-to-date symlink: /home/wheeltec/wheeltec_ros2/install/wheeltec_robot_msg/local/lib/python3.10/dist-packages/wheeltec_robot_msg/wheeltec_robot_msg_s__rosidl_typesupport_fastrtps_c.cpython-310-aarch64-linux-gnu.so
[6.151s] -- Up-to-date symlink: /home/wheeltec/wheeltec_ros2/install/wheeltec_robot_msg/local/lib/python3.10/dist-packages/wheeltec_robot_msg/wheeltec_robot_msg_s__rosidl_typesupport_introspection_c.cpython-310-aarch64-linux-gnu.so
[6.154s] -- Up-to-date symlink: /home/wheeltec/wheeltec_ros2/install/wheeltec_robot_msg/local/lib/python3.10/dist-packages/wheeltec_robot_msg/wheeltec_robot_msg_s__rosidl_typesupport_c.cpython-310-aarch64-linux-gnu.so
[6.154s] -- Up-to-date symlink: /home/wheeltec/wheeltec_ros2/install/wheeltec_robot_msg/share/wheeltec_robot_msg/msg/Data.idl
[6.155s] -- Up-to-date symlink: /home/wheeltec/wheeltec_ros2/install/wheeltec_robot_msg/share/wheeltec_robot_msg/msg/Supersonic.idl
[6.155s] -- Up-to-date symlink: /home/wheeltec/wheeltec_ros2/install/wheeltec_robot_msg/share/wheeltec_robot_msg/msg/Data.msg
[6.155s] -- Up-to-date symlink: /home/wheeltec/wheeltec_ros2/install/wheeltec_robot_msg/share/wheeltec_robot_msg/msg/Supersonic.msg
[6.155s] -- Up-to-date symlink: /home/wheeltec/wheeltec_ros2/install/wheeltec_robot_msg/share/ament_index/resource_index/package_run_dependencies/wheeltec_robot_msg
[6.156s] -- Up-to-date symlink: /home/wheeltec/wheeltec_ros2/install/wheeltec_robot_msg/share/ament_index/resource_index/parent_prefix_path/wheeltec_robot_msg
[6.156s] -- Up-to-date symlink: /home/wheeltec/wheeltec_ros2/install/wheeltec_robot_msg/share/wheeltec_robot_msg/environment/ament_prefix_path.sh
[6.156s] -- Up-to-date symlink: /home/wheeltec/wheeltec_ros2/install/wheeltec_robot_msg/share/wheeltec_robot_msg/environment/ament_prefix_path.dsv
[6.158s] -- Up-to-date symlink: /home/wheeltec/wheeltec_ros2/install/wheeltec_robot_msg/share/wheeltec_robot_msg/environment/path.sh
[6.158s] -- Up-to-date symlink: /home/wheeltec/wheeltec_ros2/install/wheeltec_robot_msg/share/wheeltec_robot_msg/environment/path.dsv
[6.158s] -- Up-to-date symlink: /home/wheeltec/wheeltec_ros2/install/wheeltec_robot_msg/share/wheeltec_robot_msg/local_setup.bash
[6.158s] -- Up-to-date symlink: /home/wheeltec/wheeltec_ros2/install/wheeltec_robot_msg/share/wheeltec_robot_msg/local_setup.sh
[6.158s] -- Up-to-date symlink: /home/wheeltec/wheeltec_ros2/install/wheeltec_robot_msg/share/wheeltec_robot_msg/local_setup.zsh
[6.163s] -- Up-to-date symlink: /home/wheeltec/wheeltec_ros2/install/wheeltec_robot_msg/share/wheeltec_robot_msg/local_setup.dsv
[6.163s] -- Symlinking: /home/wheeltec/wheeltec_ros2/install/wheeltec_robot_msg/share/wheeltec_robot_msg/package.dsv
[6.286s] -- Up-to-date symlink: /home/wheeltec/wheeltec_ros2/install/wheeltec_robot_msg/share/ament_index/resource_index/packages/wheeltec_robot_msg
[6.287s] -- Up-to-date symlink: /home/wheeltec/wheeltec_ros2/install/wheeltec_robot_msg/share/wheeltec_robot_msg/cmake/rosidl_cmake-extras.cmake
[6.287s] -- Up-to-date symlink: /home/wheeltec/wheeltec_ros2/install/wheeltec_robot_msg/share/wheeltec_robot_msg/cmake/ament_cmake_export_dependencies-extras.cmake
[6.287s] -- Up-to-date symlink: /home/wheeltec/wheeltec_ros2/install/wheeltec_robot_msg/share/wheeltec_robot_msg/cmake/ament_cmake_export_include_directories-extras.cmake
[6.287s] -- Up-to-date symlink: /home/wheeltec/wheeltec_ros2/install/wheeltec_robot_msg/share/wheeltec_robot_msg/cmake/ament_cmake_export_libraries-extras.cmake
[6.288s] -- Up-to-date symlink: /home/wheeltec/wheeltec_ros2/install/wheeltec_robot_msg/share/wheeltec_robot_msg/cmake/ament_cmake_export_targets-extras.cmake
[6.288s] -- Up-to-date symlink: /home/wheeltec/wheeltec_ros2/install/wheeltec_robot_msg/share/wheeltec_robot_msg/cmake/rosidl_cmake_export_typesupport_targets-extras.cmake
[6.288s] -- Up-to-date symlink: /home/wheeltec/wheeltec_ros2/install/wheeltec_robot_msg/share/wheeltec_robot_msg/cmake/rosidl_cmake_export_typesupport_libraries-extras.cmake
[6.288s] -- Up-to-date symlink: /home/wheeltec/wheeltec_ros2/install/wheeltec_robot_msg/share/wheeltec_robot_msg/cmake/wheeltec_robot_msgConfig.cmake
[6.289s] -- Up-to-date symlink: /home/wheeltec/wheeltec_ros2/install/wheeltec_robot_msg/share/wheeltec_robot_msg/cmake/wheeltec_robot_msgConfig-version.cmake
[6.289s] -- Up-to-date symlink: /home/wheeltec/wheeltec_ros2/install/wheeltec_robot_msg/share/wheeltec_robot_msg/package.xml
[6.290s] -- Up-to-date: /home/wheeltec/wheeltec_ros2/install/wheeltec_robot_msg/lib/libwheeltec_robot_msg__rosidl_generator_c.so
[6.290s] -- Up-to-date: /home/wheeltec/wheeltec_ros2/install/wheeltec_robot_msg/lib/libwheeltec_robot_msg__rosidl_typesupport_fastrtps_c.so
[6.291s] -- Up-to-date: /home/wheeltec/wheeltec_ros2/install/wheeltec_robot_msg/lib/libwheeltec_robot_msg__rosidl_typesupport_introspection_c.so
[6.292s] -- Up-to-date: /home/wheeltec/wheeltec_ros2/install/wheeltec_robot_msg/lib/libwheeltec_robot_msg__rosidl_typesupport_c.so
[6.293s] -- Up-to-date: /home/wheeltec/wheeltec_ros2/install/wheeltec_robot_msg/lib/libwheeltec_robot_msg__rosidl_typesupport_fastrtps_cpp.so
[6.294s] -- Up-to-date: /home/wheeltec/wheeltec_ros2/install/wheeltec_robot_msg/lib/libwheeltec_robot_msg__rosidl_typesupport_introspection_cpp.so
[6.295s] -- Up-to-date: /home/wheeltec/wheeltec_ros2/install/wheeltec_robot_msg/lib/libwheeltec_robot_msg__rosidl_typesupport_cpp.so
[6.929s] Listing '/home/wheeltec/wheeltec_ros2/install/wheeltec_robot_msg/local/lib/python3.10/dist-packages/wheeltec_robot_msg'...
[6.930s] Listing '/home/wheeltec/wheeltec_ros2/install/wheeltec_robot_msg/local/lib/python3.10/dist-packages/wheeltec_robot_msg/msg'...
[6.976s] -- Up-to-date: /home/wheeltec/wheeltec_ros2/install/wheeltec_robot_msg/lib/libwheeltec_robot_msg__rosidl_generator_py.so
[6.977s] -- Up-to-date: /home/wheeltec/wheeltec_ros2/install/wheeltec_robot_msg/share/wheeltec_robot_msg/cmake/export_wheeltec_robot_msg__rosidl_generator_cExport.cmake
[6.978s] -- Up-to-date: /home/wheeltec/wheeltec_ros2/install/wheeltec_robot_msg/share/wheeltec_robot_msg/cmake/export_wheeltec_robot_msg__rosidl_generator_cExport-noconfig.cmake
[6.978s] -- Up-to-date: /home/wheeltec/wheeltec_ros2/install/wheeltec_robot_msg/share/wheeltec_robot_msg/cmake/export_wheeltec_robot_msg__rosidl_typesupport_fastrtps_cExport.cmake
[6.979s] -- Up-to-date: /home/wheeltec/wheeltec_ros2/install/wheeltec_robot_msg/share/wheeltec_robot_msg/cmake/export_wheeltec_robot_msg__rosidl_typesupport_fastrtps_cExport-noconfig.cmake
[6.980s] -- Up-to-date: /home/wheeltec/wheeltec_ros2/install/wheeltec_robot_msg/share/wheeltec_robot_msg/cmake/wheeltec_robot_msg__rosidl_typesupport_introspection_cExport.cmake
[6.980s] -- Up-to-date: /home/wheeltec/wheeltec_ros2/install/wheeltec_robot_msg/share/wheeltec_robot_msg/cmake/wheeltec_robot_msg__rosidl_typesupport_introspection_cExport-noconfig.cmake
[6.982s] -- Up-to-date: /home/wheeltec/wheeltec_ros2/install/wheeltec_robot_msg/share/wheeltec_robot_msg/cmake/wheeltec_robot_msg__rosidl_typesupport_cExport.cmake
[6.982s] -- Up-to-date: /home/wheeltec/wheeltec_ros2/install/wheeltec_robot_msg/share/wheeltec_robot_msg/cmake/wheeltec_robot_msg__rosidl_typesupport_cExport-noconfig.cmake
[6.984s] -- Up-to-date: /home/wheeltec/wheeltec_ros2/install/wheeltec_robot_msg/share/wheeltec_robot_msg/cmake/export_wheeltec_robot_msg__rosidl_generator_cppExport.cmake
[6.989s] -- Up-to-date: /home/wheeltec/wheeltec_ros2/install/wheeltec_robot_msg/share/wheeltec_robot_msg/cmake/export_wheeltec_robot_msg__rosidl_typesupport_fastrtps_cppExport.cmake
[6.990s] -- Up-to-date: /home/wheeltec/wheeltec_ros2/install/wheeltec_robot_msg/share/wheeltec_robot_msg/cmake/export_wheeltec_robot_msg__rosidl_typesupport_fastrtps_cppExport-noconfig.cmake
[6.991s] -- Up-to-date: /home/wheeltec/wheeltec_ros2/install/wheeltec_robot_msg/share/wheeltec_robot_msg/cmake/wheeltec_robot_msg__rosidl_typesupport_introspection_cppExport.cmake
[6.992s] -- Up-to-date: /home/wheeltec/wheeltec_ros2/install/wheeltec_robot_msg/share/wheeltec_robot_msg/cmake/wheeltec_robot_msg__rosidl_typesupport_introspection_cppExport-noconfig.cmake
[6.995s] -- Up-to-date: /home/wheeltec/wheeltec_ros2/install/wheeltec_robot_msg/share/wheeltec_robot_msg/cmake/wheeltec_robot_msg__rosidl_typesupport_cppExport.cmake
[6.995s] -- Up-to-date: /home/wheeltec/wheeltec_ros2/install/wheeltec_robot_msg/share/wheeltec_robot_msg/cmake/wheeltec_robot_msg__rosidl_typesupport_cppExport-noconfig.cmake
[6.997s] -- Up-to-date: /home/wheeltec/wheeltec_ros2/install/wheeltec_robot_msg/share/wheeltec_robot_msg/cmake/export_wheeltec_robot_msg__rosidl_generator_pyExport.cmake
[6.997s] -- Up-to-date: /home/wheeltec/wheeltec_ros2/install/wheeltec_robot_msg/share/wheeltec_robot_msg/cmake/export_wheeltec_robot_msg__rosidl_generator_pyExport-noconfig.cmake
[7.059s] Invoked command in '/home/wheeltec/wheeltec_ros2/build/wheeltec_robot_msg' returned '0': CMAKE_PREFIX_PATH=${CMAKE_PREFIX_PATH}:/home/wheeltec/wheeltec_ros2/install/simple_follower_ros2:/home/wheeltec/wheeltec_ros2/install/wheeltec_robot_keyboard:/home/wheeltec/wheeltec_ros2/install/wheeltec_dual_rtk_driver:/home/wheeltec/wheeltec_ros2/install/ultralytics_ros2:/home/wheeltec/wheeltec_ros2/install/tf2_tools:/home/wheeltec/wheeltec_ros2/install/ollama_ros_chat:/home/wheeltec/wheeltec_ros2/install/nmea_navsat_driver:/home/wheeltec/wheeltec_ros2/install/nav2_waypoint_cycle:/home/wheeltec/wheeltec_ros2/install/nav2_simple_commander:/home/wheeltec/wheeltec_ros2/install/largemodel:/home/wheeltec/wheeltec_ros2/install/auto_recharge_ros2:/home/wheeltec/autoware/install/autoware_wheeltec_interface:/home/wheeltec/autoware/install/autoware_multi_point:/home/wheeltec/autoware/install/ad_api_visualizers:/opt/ros/humble /usr/bin/cmake --install /home/wheeltec/wheeltec_ros2/build/wheeltec_robot_msg
